01|2021-09-26T12:06:00.9450000+01:00|377|The Epic of Alexander (Ultimate)|2bf5428b8c56879fc13732f92e5e1f78
40|2021-09-26T12:06:00.9450000+01:00|573|???|Liminal Space||2ab917614fc2812cac4cacd14addb211
02|2021-09-26T12:06:00.9450000+01:00|1068703b|Tomo Uchuu|8c9d0659ead632cdc13906b89521c414
03|2021-09-26T12:06:00.9450000+01:00|1068703b|Tomo Uchuu|26|50|0|27|Omega|0|0|95804|95804|10000|10000|0|0|99.297|113.567|0|-3.141593||18245e9c942bb162622c06d237e5fd4a
03|2021-09-26T12:06:00.9450000+01:00|1075a2e4|Niru Summers|15|50|0|50|Cerberus|0|0|137768|137768|10000|10000|0|0|100.225|115.185|0|-3.141593||2deef37a916018e711aa89c08e30e6ec
03|2021-09-26T12:06:00.9450000+01:00|10675739|Jasy Heavensong|21|50|0|50|Cerberus|0|0|86854|86854|10000|10000|0|0|98.412|115.508|0|-3.141593||444a9b1dc3d821423c095552821ed237
03|2021-09-26T12:06:00.9450000+01:00|10752d6c|Volkon Vysk|25|50|0|27|Omega|0|0|137202|137202|10000|10000|0|0|99.902|115.454|0|-3.141593||0e3cc10a98e8402547e1555137686fc5
03|2021-09-26T12:06:00.9450000+01:00|107629aa|Joeson Lmoa|17|50|0|50|Cerberus|0|0|95406|95406|10000|10000|0|0|100.568|116.52|0|-3.141593||d911b6020c099a5e669aa8f4b9c9fe5d
03|2021-09-26T12:06:00.9450000+01:00|107abeec|Greiyan Fletz|22|50|0|27|Omega|0|0|95870|95870|10000|10000|0|0|100.749|114.04|0|-3.141593||8f247b8c4311c8c8afe44a310156c2f4
03|2021-09-26T12:06:00.9450000+01:00|1057b8a2|Alex Knightfall|1c|50|0|47|Moogle|0|0|87053|87053|10000|10000|0|0|99.376|115.704|0|-3.141593||5aecd5d43237d7f8e12e50b2b69928af
03|2021-09-26T12:06:00.9450000+01:00|107401ec|Raesa Velan|19|50|0|50|Cerberus|0|0|86677|86677|10000|10000|0|0|101.015|113.646|0|-3.141593||8cd9c3627dddfa9e5922133cc187e6ff
03|2021-09-26T12:06:00.9450000+01:00|40011d74|Alexander Prime|0|1|0|0||9220|9020|44|44|0|10000|0|0|97.39545|108.3706|0|-4.792213E-05||7d2ea1d6d0ffe172f63f73591d22f821
03|2021-09-26T12:06:00.9450000+01:00|40011d6d|Alexander Prime|0|1|0|0||9220|9020|44|44|0|10000|0|0|97.39545|108.3706|0|-4.792213E-05||014e8dbad74b45d4b061b151f5278c5f
03|2021-09-26T12:06:00.9450000+01:00|40011d72|Alexander Prime|0|1|0|0||9220|9020|44|44|0|10000|0|0|97.39545|108.3706|0|-4.792213E-05||931b0c68ec678fb9d7e27ea0eb6fa6e6
03|2021-09-26T12:06:00.9450000+01:00|40011d6b|Alexander Prime|0|1|0|0||9220|9020|44|44|0|10000|0|0|97.39545|108.3706|0|-4.792213E-05||ad0f5b213bcf4226af352ad6ba33be4c
03|2021-09-26T12:06:00.9450000+01:00|40011d68|Alexander Prime|0|50|0|0||9220|11347|12214440|12214440|10000|10000|0|0|97.39545|108.3706|0|-4.792213E-05||78ad5c56b1e8886431f51fbd6fe14a21
03|2021-09-26T12:06:00.9450000+01:00|40011d77|Alexander Prime|0|1|0|0||9220|9020|44|44|0|10000|0|0|97.39545|108.3706|0|-4.792213E-05||b9f196ec2d9f38d625f3168806af786c
03|2021-09-26T12:06:00.9450000+01:00|40011d7a|Alexander Prime|0|1|0|0||9220|9020|44|44|0|10000|0|0|97.39545|108.3706|0|-4.792213E-05||23afe451d990e4f12a209ca96d2411a0
03|2021-09-26T12:06:00.9450000+01:00|40011d6a|Alexander Prime|0|1|0|0||9220|9020|44|44|0|10000|0|0|97.39545|108.3706|0|-4.792213E-05||cf4d909f60028fbb2f4f4df2e7d2730b
03|2021-09-26T12:06:00.9450000+01:00|40011d75|Alexander Prime|0|1|0|0||9220|9020|44|44|0|10000|0|0|97.39545|108.3706|0|-4.792213E-05||d1a4f170eab93add1ab4bed69caec0fd
03|2021-09-26T12:06:00.9450000+01:00|40011d76|Alexander Prime|0|1|0|0||9220|9020|44|44|0|10000|0|0|97.39545|108.3706|0|-4.792213E-05||25c184084835570637a241e0aff56c36
03|2021-09-26T12:06:00.9450000+01:00|40011d70|Alexander Prime|0|1|0|0||9220|9020|44|44|0|10000|0|0|97.39545|108.3706|0|-4.792213E-05||ea8f36ca870d6fb79411999fc4a72195
03|2021-09-26T12:06:00.9450000+01:00|40011d71|Alexander Prime|0|1|0|0||9220|9020|44|44|0|10000|0|0|97.39545|108.3706|0|-4.792213E-05||d62f2392b60a341dc10ef70cb93fdd5b
03|2021-09-26T12:06:00.9450000+01:00|40011d79|Alexander Prime|0|1|0|0||9220|9020|44|44|0|10000|0|0|97.39545|108.3706|0|-4.792213E-05||e20c0aeb5fbd9b99487ac512858e2a47
03|2021-09-26T12:06:00.9450000+01:00|40011d73|Alexander Prime|0|1|0|0||9220|9020|44|44|0|10000|0|0|97.39545|108.3706|0|-4.792213E-05||42481cf58b60eb0b2ec0a3e6dca3938c
03|2021-09-26T12:06:00.9450000+01:00|40011d78|Alexander Prime|0|1|0|0||9220|9020|44|44|0|10000|0|0|97.39545|108.3706|0|-4.792213E-05||2729c31f5e6e1823f86dd5534fadc944
03|2021-09-26T12:06:00.9450000+01:00|40011d6f|Alexander Prime|0|1|0|0||9220|9020|44|44|0|10000|0|0|97.39545|108.3706|0|-4.792213E-05||6b68f9eff66920d3989ab0a50fae19b6
03|2021-09-26T12:06:00.9450000+01:00|40011d6c|Alexander Prime|0|1|0|0||9220|9020|44|44|0|10000|0|0|97.39545|108.3706|0|-4.792213E-05||068059d0964c743809c52b0165023d8d
03|2021-09-26T12:06:00.9450000+01:00|40011d6e|Alexander Prime|0|1|0|0||9220|9020|44|44|0|10000|0|0|97.39545|108.3706|0|-4.792213E-05||b562e73159c6229bc2d099a48932e897
03|2021-09-26T12:06:00.9450000+01:00|40011d63|Alexander Prime|0|50|0|0||9220|11422|14800000|14800000|10000|10000|0|0|89.04372|97.10947|0|-4.792213E-05||ae1136e87ddb256a210905e086b15d1c
03|2021-09-26T12:06:00.9450000+01:00|40011d64|Cruise Chaser|0|50|0|0||9218|11421|14800000|14800000|10000|10000|0|0|87.20213|95.05042|0|-4.792213E-05||e5f4db57fd3a52bd25fd7f8adfb3ee5b
03|2021-09-26T12:06:00.9450000+01:00|40011d62|Perfect Alexander|0|50|0|0||9042|11423|14800000|14800000|10000|10000|0|0|87.78611|102.6487|0|-4.792213E-05||6909759580d2b8ed4fa442939970415e
03|2021-09-26T12:06:00.9450000+01:00|40011d65|Brute Justice|0|50|0|0||9216|11340|8329440|8329440|10000|10000|0|0|97|100|0|-4.792213E-05||5828d5495361324e959aa8204c0b00d5
03|2021-09-26T12:06:00.9450000+01:00|40011d67|Perfect Alexander|0|50|0|0||9042|11349|28938440|28938440|10000|10000|0|0|99.98219|96.24606|0|-4.792213E-05||1f98b60a11e1db4767134202efca4765
03|2021-09-26T12:06:00.9450000+01:00|40011d66|Cruise Chaser|0|50|0|0||9218|11342|8329440|8329440|10000|10000|0|0|103|100|0|-4.792213E-05||29be006cff4f296182f29344b3379af4
03|2021-09-26T12:06:00.9450000+01:00|40011d61|Alexander|0|50|0|0||9225|6358|148000|148000|0|10000|0|0|109.8293|88.83544|0|-4.792213E-05||dbc5e9ff598f012ed5fb068356555861
03|2021-09-26T12:06:00.9450000+01:00|40011d69|Living Liquid|0|50|0|0||9211|11335|12889320|12889320|10000|10000|0|0|100|85|0|-4.792213E-05||666e2bef7dcdd405ccddcdc35b7ba866
12|2021-09-26T12:06:00.9450000+01:00|38|305|4287|4466|291|272|340|4287|2817|3110|291|272|2395|380|380|0|380|40002E92CC9F80|c14d7e0e5618b2aebb4801059b263aee
11|2021-09-26T12:06:00.9450000+01:00|8|1075a2e4|10675739|10752d6c|1068703b|107629aa|107abeec|1057b8a2|107401ec|bdac15612dc9a72e6d1e44f219f80b9c
00|2021-09-26T12:05:58.0000000+01:00|0039||You have left the sanctuary.|969ab70f7fa0064f6fb81294f3405571
38|2021-09-26T12:06:01.9530000+01:00|10675739|Jasy Heavensong|00505021|86854|91340|10000|10000|0|0|98.412|115.508|0|-3.141593|DEAD|30|0|0A0168|41F00000|E0000000|0F016B|41F00000|E0000000||9bbc71a10ef6870a609909e1bffa3751
38|2021-09-26T12:06:01.9530000+01:00|1075A2E4|Niru Summers|00505015|137768|144887|10000|10000|0|0|100.225|115.185|0|-3.141593|DEAD|30|0|0A016D|41F00000|E0000000|0A0168|41F00000|E0000000||b43242ee0532724aefcfe1001bf92da7
38|2021-09-26T12:06:01.9530000+01:00|10752D6C|Volkon Vysk|00505025|137202|144321|10000|10000|0|0|99.902|115.454|0|-3.141593|DEAD|30|0|14016A|41F00000|E0000000|0A0168|41F00000|E0000000||d00e79c97ff9ae3f4161bc034aa0d2f3
12|2021-09-26T12:06:01.7420000+01:00|38|320|4501|4689|305|285|340|4501|2817|3110|305|285|2395|380|380|0|380|40002E92CC9F80|4439c5a7784347cf77d223b4fdd70541
38|2021-09-26T12:06:02.0420000+01:00|1068703B|Tomo Uchuu|00505026|95804|100732|10000|10000|0|0|99.297|113.567|0|-3.141593|DEAD|30|0|14016A|41F00000|E0000000|0A0168|41F00000|E0000000||c0f31f42d1f91fb8274b1355edfedfd3
38|2021-09-26T12:06:02.0870000+01:00|107629AA|Joeson Lmoa|00505017|95406|100313|10000|10000|0|0|100.568|116.52|0|-3.141593|DEAD|30|0|0A016D|41F00000|E0000000|0A0168|41F00000|E0000000||a8a62bfffda406f841f46d2cdb6800fb
38|2021-09-26T12:06:02.1310000+01:00|107ABEEC|Greiyan Fletz|00505022|95870|100798|10000|10000|0|0|100.749|114.04|0|-3.141593|DEAD|30|0|0|0|0|14016A|41F00000|E0000000|0A0168|41F00000|E0000000||9c89c8f41e149cc22a9e10c6c3cec672
38|2021-09-26T12:06:02.1770000+01:00|1057B8A2|Alex Knightfall|0050501C|87053|91539|10000|10000|0|0|99.376|115.704|0|-3.141593|DEAD|30|0|0A016D|41F00000|E0000000|1E016C|41F00000|E0000000||d6fcf84136b8cdcf0931d87bfa89e887
38|2021-09-26T12:06:02.2210000+01:00|107401EC|Raesa Velan|00505019|86677|91141|10000|10000|0|0|101.015|113.646|0|-3.141593|DEAD|30|0|0A016D|41F00000|E0000000|0A0168|41F00000|E0000000||1e1ab321d27a039614d0256edd270e13
39|2021-09-26T12:06:04.9330000+01:00|10675739|Jasy Heavensong|91340|91340|10000|10000|0|0|98.412|115.508|0|-3.141593||816ec03900bf42df481dcde075cc2659
39|2021-09-26T12:06:04.9330000+01:00|1075A2E4|Niru Summers|144887|144887|10000|10000|0|0|100.225|115.185|0|-3.141593||a8e1596d6a89fda3ba0019f552264c4a
39|2021-09-26T12:06:04.9330000+01:00|10752D6C|Volkon Vysk|144321|144321|10000|10000|0|0|99.902|115.454|0|-3.141593||b1c9ff0653899a0595ece159d4f38f6a
39|2021-09-26T12:06:05.0210000+01:00|1068703B|Tomo Uchuu|100732|100732|10000|10000|0|0|99.297|113.567|0|-3.141593||8e3d7169c84a8240bd5675ca7c4c3061
39|2021-09-26T12:06:05.0670000+01:00|107629AA|Joeson Lmoa|100313|100313|10000|10000|0|0|100.568|116.52|0|-3.141593||8f998330261b6717124125864d6005e5
39|2021-09-26T12:06:05.1100000+01:00|107ABEEC|Greiyan Fletz|100798|100798|10000|10000|0|0|100.749|114.04|0|-3.141593||d50d76e82c25e32de10d3e52068f97d5
39|2021-09-26T12:06:05.1560000+01:00|1057B8A2|Alex Knightfall|91539|91539|10000|10000|0|0|99.376|115.704|0|-3.141593||dd3fdae33078b0caa8f80f725795f728
39|2021-09-26T12:06:05.2000000+01:00|107401EC|Raesa Velan|91141|91141|10000|10000|0|0|101.015|113.646|0|-3.141593||616b0125430e1d7ad13207beb71ff068
20|2021-09-26T12:06:05.3780000+01:00|1057B8A2|Alex Knightfall|433F|Summon Eos|1057B8A2|Alex Knightfall|2.43|99.376|115.704|0|-3.141593||8a80c817bfa660142431dbbb23f7a998
21|2021-09-26T12:06:07.2990000+01:00|1057B8A2|Alex Knightfall|433F|Summon Eos|1057B8A2|Alex Knightfall|34|60000|1B|433F8000|0|0|0|0|0|0|0|0|0|0|0|0|91539|91539|10000|10000|0|1000|99.376|115.704|0|-3.141593|91539|91539|10000|10000|0|1000|99.376|115.704|0|-3.141593|00008AE4|0|f8c8aee3180f978359e9d4ba609a78cb
21|2021-09-26T12:06:07.8320000+01:00|1068703B|Tomo Uchuu|3E86|Closed Position|107ABEEC|Greiyan Fletz|E|7200000|EC000F|71F8000|0|0|0|0|0|0|0|0|0|0|0|0|100798|100798|10000|10000|0|1000|100.749|114.04|0|-3.141593|100732|100732|10000|10000|0|1000|99.297|113.567|0|1.25588|00008AE5|0|5f961b8f6c9e02787bb39f20b9ed3598
39|2021-09-26T12:06:07.9690000+01:00|1075A2E4|Niru Summers|144887|144887|10000|10000|0|0|100.225|115.185|0|-3.141593||28b0ed2dad585aed963fd3433ee8f79a
39|2021-09-26T12:06:07.9690000+01:00|10752D6C|Volkon Vysk|144321|144321|10000|10000|0|0|99.902|115.454|0|-3.141593||d0374c54432ac7b3268bf1b4f2354b5f
39|2021-09-26T12:06:08.1000000+01:00|107629AA|Joeson Lmoa|100313|100313|10000|10000|0|0|100.568|116.52|0|-3.141593||fec4e573843cdcc62bc963b6e0d2578b
39|2021-09-26T12:06:08.1900000+01:00|1057B8A2|Alex Knightfall|91539|91539|10000|10000|0|0|99.376|115.704|0|3.141593||7bbf6f0ba0fcbe573b7b07ec19248eda
39|2021-09-26T12:06:08.2370000+01:00|107401EC|Raesa Velan|91141|91141|10000|10000|0|0|101.015|113.646|0|-3.141593||d34258ad28f524218ea42e48b5edc64e
38|2021-09-26T12:06:08.3680000+01:00|40011DA6||00505000|86855|86855|10000|10000|0|0|||||6CE2|21|0||4817ca6fd59d52720bfee37fbd5eff68
03|2021-09-26T12:06:08.1940000+01:00|40011da6|Eos|0|50|1057b8a2|0||1398|1008|86855|86855|10000|10000|0|0|99.376|113.964|0|-4.792213E-05||a3e22a13ccc5a0f52a2cd7196b724f86
37|2021-09-26T12:06:08.4590000+01:00|107ABEEC|Greiyan Fletz|00008AE5|100798|100798|10000|10000|0||100.749|114.04|0|-3.141593|2200|0|0|01|45A0|0|42700000|1068703B||60ebc1ef6be0a6078dc64eb9ca6a33a5
26|2021-09-26T12:06:08.4590000+01:00|720|Dance Partner|60.00|1068703B|Tomo Uchuu|107ABEEC|Greiyan Fletz|00|100798|100732||79fa89d6820debdcdde604b3851bc63e
37|2021-09-26T12:06:08.4590000+01:00|1068703B|Tomo Uchuu|00008AE5|100732|100732|10000|10000|0||99.297|113.567|0|1.25588|2600|0|0|01|0200459F|0|42700000|1068703B||4dee33bf3fdf39a967f039c029d5d88b
26|2021-09-26T12:06:08.4590000+01:00|71f|Closed Position|60.00|1068703B|Tomo Uchuu|1068703B|Tomo Uchuu|00|100732|100732||873e2dd83e9b4d158ebf59c57b2bc263
28|2021-09-26T12:06:09.2170000+01:00|Add|0|1068703B|Tomo Uchuu|100|88|0|cb579e4bb6f272c3b173502d884d403f
28|2021-09-26T12:06:09.2170000+01:00|Add|1|1068703B|Tomo Uchuu|108|100|0|6a56fc441f922e38e4f1db6181e10373
28|2021-09-26T12:06:09.2170000+01:00|Add|2|1068703B|Tomo Uchuu|100|108|0|d13d94255b8346a5c5c0335130070b07
28|2021-09-26T12:06:09.2170000+01:00|Add|3|1068703B|Tomo Uchuu|88|100|0|9d8574db55d1b28c11520e96ebd2a0ad
28|2021-09-26T12:06:09.2170000+01:00|Add|4|1068703B|Tomo Uchuu|90|90|0|d8a3db1529f10c8fabd1d38962b65e54
28|2021-09-26T12:06:09.2170000+01:00|Add|5|1068703B|Tomo Uchuu|108|90|0|de3844f382b8616ab1c05f2aa9f9a279
28|2021-09-26T12:06:09.2170000+01:00|Add|6|1068703B|Tomo Uchuu|108|108|0|531230c6373e7e25dac1b37bda1154a7
28|2021-09-26T12:06:09.2170000+01:00|Add|7|1068703B|Tomo Uchuu|91|108|0|fe44c229b3af8fbc74bac58bff123be2
34|2021-09-26T12:06:09.3980000+01:00|40011DA6|Eos|40011DA6|Eos|01|90eeeee84b84184e08a9c733b9b6a5ab
21|2021-09-26T12:06:09.5310000+01:00|107401EC|Raesa Velan|20FBEE1|Item_Fbee1|107401EC|Raesa Velan|200000E|300000|0|0|0|0|0|0|0|0|0|0|0|0|0|0|91141|91141|10000|10000|0|1000|101.015|113.646|0|-3.141593|91141|91141|10000|10000|0|1000|101.015|113.646|0|-3.141593|00008AE6|0|567a58e85ecfe371cc42846e39560ab3
33|2021-09-26T12:06:09.6660000+01:00|80037586|4000000D|00|00|00|00|709fb8ccb823330772020717bf92f283
33|2021-09-26T12:06:09.6660000+01:00|80037586|40000001|1C20|00|00|00|459b770da5178817d678348f6fa9e7dd
33|2021-09-26T12:06:09.6660000+01:00|80037586|80000004|1C1F|00|00|00|541de08f23e0497af6849a1b16a5c204
37|2021-09-26T12:06:10.4260000+01:00|107401EC|Raesa Velan|00008AE6|91141|96887|10000|10000|0||101.2709|113.6339|0|3.141593|1900|0|0|01|02003EB0|2902|45160000|107401EC||40fab048923f596449de8da0610a696f
26|2021-09-26T12:06:10.4260000+01:00|30|Well Fed|2400.00|107401EC|Raesa Velan|107401EC|Raesa Velan|2902|91141|91141||72c9205556a90d7996cc809079f2aab8
38|2021-09-26T12:06:10.4260000+01:00|107401EC|Raesa Velan|00505019|91141|96887|10000|10000|0|0|101.2709|113.6339|0|3.141593|0|0|0|0A016D|41F00000|E0000000|0A0168|41F00000|E0000000|29020030|4515FF48|107401EC||7f278309f1913b944390ce7c287b1fc5
39|2021-09-26T12:06:10.9600000+01:00|1075A2E4|Niru Summers|144887|144887|10000|10000|0|0|100.225|115.185|0|-3.141593||13a7fe56a9a7bf2cc5e072918ee79b5a
39|2021-09-26T12:06:10.9600000+01:00|10752D6C|Volkon Vysk|144321|144321|10000|10000|0|0|99.902|115.454|0|-3.141593||dab1919aed61e4814edd6b697af43d31
21|2021-09-26T12:06:11.0940000+01:00|40011DA6|Eos|322|Embrace|107401EC|Raesa Velan|4|FB50000|1B|3228000|0|0|0|0|0|0|0|0|0|0|0|0|91141|96887|10000|10000|0|1000|99.54256|113.6339|1.258052|-3.114903|86855|86855|10000|10000|0|1000|99.35144|113.9391|0|0.840542|00008AE7|0|20a026e7fd98c4bc1c524fac349cb481
39|2021-09-26T12:06:11.0940000+01:00|107629AA|Joeson Lmoa|100313|100313|10000|10000|0|0|100.568|116.52|0|-3.141593||84eb7317f058873308bb24b2ad170584
39|2021-09-26T12:06:11.2260000+01:00|107401EC|Raesa Velan|96887|96887|10000|10000|0|0|99.66058|113.6197|0.1695809|-3.101367||7fb24a17e17c37c6feba225d23366a69
21|2021-09-26T12:06:12.8720000+01:00|107401EC|Raesa Velan|20FBEE1|Item_Fbee1|107401EC|Raesa Velan|200010E|300000|0|0|0|0|0|0|0|0|0|0|0|0|0|0|96887|96887|10000|10000|0|1000|99.45708|113.6264|0|-3.091354|96887|96887|10000|10000|0|1000|99.45708|113.6264|0|-3.091354|00008AE8|0|2416a141e60dc509187aaed86c8e0fec
37|2021-09-26T12:06:13.7650000+01:00|107401EC|Raesa Velan|00008AE8|96887|96887|10000|10000|0||101.0231|113.5257|0.4062388|-3.091354|1900|0|0|01|02003EB0|2902|4595E800|107401EC||052a7419dc45e09a3d9b5be52d3aaab2
26|2021-09-26T12:06:13.7650000+01:00|30|Well Fed|4797.00|107401EC|Raesa Velan|107401EC|Raesa Velan|2902|96887|96887||00f968763d019012219c65e49c5a17b5
38|2021-09-26T12:06:13.7650000+01:00|107401EC|Raesa Velan|00505019|96887|96887|10000|10000|0|0|101.0231|113.5257|0.4062388|-3.091354|DE36|30|0|0A016D|41F00000|E0000000|0A0168|41F00000|E0000000|29020030|4595E7A6|107401EC||13bf2f07cec86d8eb247ccc157e62cff
39|2021-09-26T12:06:13.9440000+01:00|1075A2E4|Niru Summers|144887|144887|10000|10000|0|0|100.1144|113.3287|0|-3.068344||348d2aad3a842bf420ca6c3aee18a37d
39|2021-09-26T12:06:13.9440000+01:00|10752D6C|Volkon Vysk|144321|144321|10000|10000|0|0|99.31264|114.5572|0|3.128937||3af55d8deb57683aadc7b0adf712bc00
39|2021-09-26T12:06:14.0770000+01:00|107629AA|Joeson Lmoa|100313|100313|10000|10000|0|0|97.94763|115.1903|0|-2.229435||7e6e2fef60cf830fc0f13685af4187ed
39|2021-09-26T12:06:14.2090000+01:00|107401EC|Raesa Velan|96887|96887|10000|10000|0|0|102.5111|113.4562|1.770741|-3.091354||fe0efb612622bf0e9632d6196b447591
39|2021-09-26T12:06:14.3440000+01:00|40011DA6|Eos|86855|86855|10000|10000|0|0|99.95096|103.4801|0|3.083812||b1d91d1c09dcd02c7f12f02b97ee940a
38|2021-09-26T12:06:14.4770000+01:00|10675739|Jasy Heavensong|00505021|91340|91340|10000|10000|0|0|100.5572|115.122|-0.001247603|2.333997|0|0|0|0A0168|41F00000|E0000000|0F016B|41F00000|E0000000|0391|0|10675739||7051cb46a34ed8030eb034e4ba40ec67
26|2021-09-26T12:06:14.4770000+01:00|391|Balance Drawn|9999.00|10675739|Jasy Heavensong|10675739|Jasy Heavensong|00|91340|91340||dc54a67801a9bffdd53da80c8a27da15
21|2021-09-26T12:06:14.4770000+01:00|10675739|Jasy Heavensong|E06|Draw|10675739|Jasy Heavensong|B|3200000|13D|AF8000|0|0|0|0|0|0|0|0|0|0|0|0|91340|91340|10000|10000|0|1000|100.5572|115.122|-0.001247603|2.333997|91340|91340|10000|10000|0|1000|100.5572|115.122|-0.001247603|2.333997|00008AE9|0|516422a5ce6052bb6828e8defed16c3f
39|2021-09-26T12:06:16.9710000+01:00|1075A2E4|Niru Summers|144887|144887|10000|10000|0|0|100.1144|113.3287|0|-3.068344||f1c3e4f7491853f968f58021399b223e
39|2021-09-26T12:06:16.9710000+01:00|10752D6C|Volkon Vysk|144321|144321|10000|10000|0|0|99.93127|113.0541|0|3.128937||912664d5bb99929467495b37c65a185c
39|2021-09-26T12:06:17.1030000+01:00|107629AA|Joeson Lmoa|100313|100313|10000|10000|0|0|96.69641|114.58|0|-2.460399||48078fa2d78c69814d91521bcc5c7c05
39|2021-09-26T12:06:17.2360000+01:00|107401EC|Raesa Velan|96887|96887|10000|10000|0|0|98.7221|113.6491|0.4847311|-3.091354||bd6ffbdc5261fd2cfeefbaeedb487259
39|2021-09-26T12:06:17.3710000+01:00|40011DA6|Eos|86855|86855|10000|10000|0|0|100.1449|100.0533|0|3.08493||5ae3bdb7d46bdff7b21ee16e0cb199c3
21|2021-09-26T12:06:18.6620000+01:00|10675739|Jasy Heavensong|20FBEDD|Item_Fbedd|10675739|Jasy Heavensong|FE00000E|300000|0|0|0|0|0|0|0|0|0|0|0|0|0|0|91340|91340|10000|10000|0|1000|100.7247|114.702|0|-3.093271|91340|91340|10000|10000|0|1000|100.7247|114.702|0|-3.093271|00008AEA|0|da8d6ae6cf827cf5947f0448e97fd848
21|2021-09-26T12:06:18.8850000+01:00|107629AA|Joeson Lmoa|20FBEDD|Item_Fbedd|107629AA|Joeson Lmoa|FE00000E|300000|0|0|0|0|0|0|0|0|0|0|0|0|0|0|100313|100313|10000|10000|0|1000|96.69641|114.58|0|-2.460399|100313|100313|10000|10000|0|1000|96.69641|114.58|0|-2.460399|00008AEB|0|6115ced84be8bc2c4ba4ea6394a2cee0
21|2021-09-26T12:06:19.0620000+01:00|107ABEEC|Greiyan Fletz|20FBEDD|Item_Fbedd|107ABEEC|Greiyan Fletz|FE00000E|300000|0|0|0|0|0|0|0|0|0|0|0|0|0|0|100798|100798|10000|10000|0|1000|102.0981|114.3053|0|1.675372|100798|100798|10000|10000|0|1000|102.0981|114.3053|0|1.675372|00008AEC|0|491973e20582d5df9b6a8d0e6cbdb7ba
37|2021-09-26T12:06:19.5530000+01:00|10675739|Jasy Heavensong|00008AEA|91340|97086|10000|10000|0||100.7247|114.702|0|-3.093271|2100|0|0|01|03003EB0|28FE|45160000|10675739||d2c6a19f25e4d9be861a32b96c783946
26|2021-09-26T12:06:19.5530000+01:00|30|Well Fed|2400.00|10675739|Jasy Heavensong|10675739|Jasy Heavensong|28FE|91340|91340||9b442055513f99622e80b58e044a7e61
38|2021-09-26T12:06:19.5530000+01:00|10675739|Jasy Heavensong|00505021|91340|97086|10000|10000|0|0|100.7247|114.702|0|-3.093271|0|0|0|0A0168|41F00000|E0000000|0F016B|41F00000|E0000000|0391|0|10675739|28FE0030|4515FF4C|10675739||23275b7459de9c6da841e80434687bd4
37|2021-09-26T12:06:19.7770000+01:00|107629AA|Joeson Lmoa|00008AEB|100313|106059|10000|10000|0||96.69641|114.58|0|-2.460399|1700|0|0|01|02003EB0|28FE|45160000|107629AA||7b6d5ca45540b4aa5be9ca68b69214f2
26|2021-09-26T12:06:19.7770000+01:00|30|Well Fed|2400.00|107629AA|Joeson Lmoa|107629AA|Joeson Lmoa|28FE|100313|100313||42727d5c534af347679427b4cfbacbdb
38|2021-09-26T12:06:19.7770000+01:00|107629AA|Joeson Lmoa|00505017|100313|106059|10000|10000|0|0|96.69641|114.58|0|-2.460399|0|0|0|0A016D|41F00000|E0000000|0A0168|41F00000|E0000000|28FE0030|4515FF44|107629AA||6069d3dde2c23ab83fe80dc19ba6b73b
37|2021-09-26T12:06:19.9550000+01:00|107ABEEC|Greiyan Fletz|00008AEC|100798|106544|10000|10000|0||102.0981|114.3053|0|1.675372|2200|0|0|01|03003EB0|28FE|45160000|107ABEEC||9a89b934e542f28eeaa5e1fdf1fdd99c
26|2021-09-26T12:06:19.9550000+01:00|30|Well Fed|2400.00|107ABEEC|Greiyan Fletz|107ABEEC|Greiyan Fletz|28FE|100798|100798||545fcf3c3796f1e87287c8dfe1c351ee
39|2021-09-26T12:06:19.9560000+01:00|10675739|Jasy Heavensong|97086|97086|10000|10000|0|0|100.7247|114.702|0|-3.093271||497e7e51a2ce61f32858d3aeec0c863f
39|2021-09-26T12:06:19.9560000+01:00|1075A2E4|Niru Summers|144887|144887|10000|10000|0|0|100.1144|113.3287|0|-3.068344||368ac99bddbe27c4eaccc2f9aac9062c
39|2021-09-26T12:06:19.9560000+01:00|10752D6C|Volkon Vysk|144321|144321|10000|10000|0|0|99.93127|113.0541|0|3.128937||7bd645b69dd3b62e70ba3c56601df4bb
38|2021-09-26T12:06:19.9560000+01:00|107ABEEC|Greiyan Fletz|00505022|100798|106544|10000|10000|0|0|102.0981|114.3053|0|1.675372|0|0|0|0720|42700000|1068703B|14016A|41F00000|E0000000|0A0168|41F00000|E0000000|28FE0030|4515FF48|107ABEEC||4219f2dcd5b79829b7754df3bb8a9f00
26|2021-09-26T12:06:19.9560000+01:00|720|Dance Partner|60.00|1068703B|Tomo Uchuu|107ABEEC|Greiyan Fletz|00|100798|100732||c02425b112ceba19cb317d2119932bb0
39|2021-09-26T12:06:20.0880000+01:00|107629AA|Joeson Lmoa|106059|106059|10000|10000|0|0|96.69641|114.58|0|-2.460399||7dcb54178561644fed801f375251d994
39|2021-09-26T12:06:20.1330000+01:00|107ABEEC|Greiyan Fletz|106544|106544|10000|10000|0|0|102.0981|114.3053|0|1.675372||e27e9ce66fee28a638f316dcc01bebee
39|2021-09-26T12:06:20.2220000+01:00|107401EC|Raesa Velan|96887|96887|10000|10000|0|0|100.146|113.5887|1.166146|-3.091354||204c3da067c6db68ab3480104b01fa77
39|2021-09-26T12:06:20.3550000+01:00|40011DA6|Eos|86855|86855|10000|10000|0|0|100.1449|100.0533|0|2.398936||d26ec2c80a17113796110cd8281b6759
21|2021-09-26T12:06:20.5330000+01:00|40011DA6|Eos|322|Embrace|10675739|Jasy Heavensong|4|10060000|1B|3228000|0|0|0|0|0|0|0|0|0|0|0|0|97086|97086|10000|10000|0|1000|100.7247|114.702|0|-3.093271|86855|86855|10000|10000|0|1000|100.1449|100.0533|0|1.68111|00008AED|0|b19b79a70fb6311e607c9a550e37edc3
39|2021-09-26T12:06:22.9380000+01:00|1075A2E4|Niru Summers|144887|144887|10000|10000|0|0|100.1144|113.3287|0|-3.068344||8586829ad01f705f936d570652ba1400
39|2021-09-26T12:06:22.9380000+01:00|10752D6C|Volkon Vysk|144321|144321|10000|10000|0|0|99.87024|113.0541|0|3.128937||021bec380dd91fd633f65e4cc8dfc5ec
39|2021-09-26T12:06:23.0720000+01:00|107629AA|Joeson Lmoa|106059|106059|10000|10000|0|0|97.02985|114.406|-0.001297705|2.403216||f33b28161c2b623b114a4fe0cdd1df60
39|2021-09-26T12:06:23.2050000+01:00|107401EC|Raesa Velan|96887|96887|10000|10000|0|0|98.5885|113.6644|0|-3.091354||6322682e1b6cdd22cfb8c4a5dc2427ef
39|2021-09-26T12:06:23.3390000+01:00|40011DA6|Eos|86855|86855|10000|10000|0|0|100.1449|100.0533|0|0.03887725||b24140a864583994ca000f70570c3cf2
39|2021-09-26T12:06:25.9660000+01:00|1075A2E4|Niru Summers|144887|144887|10000|10000|0|0|100.1144|113.3287|0|-3.068344||4e4d28b32ce59ede9532dc903a5f3099
39|2021-09-26T12:06:25.9660000+01:00|10752D6C|Volkon Vysk|144321|144321|10000|10000|0|0|99.87024|113.0541|0|3.128937||57f1b289ed79138f8a67769b4c6503ef
39|2021-09-26T12:06:26.0990000+01:00|107629AA|Joeson Lmoa|106059|106059|10000|10000|0|0|97.50851|113.9696|-0.0007012026|2.760889||c2e4a7319263586ffc8a1d0ae7e87e13
39|2021-09-26T12:06:26.2320000+01:00|107401EC|Raesa Velan|96887|96887|10000|10000|0|0|99.2641|113.6334|0|-3.091354||32641fe361f3c4e18575768305471f6b
39|2021-09-26T12:06:26.3660000+01:00|40011DA6|Eos|86855|86855|10000|10000|0|0|100.1449|100.0533|0|0.03887725||3543c42f561ef7d572cb125e3d53b4e3
39|2021-09-26T12:06:28.9520000+01:00|1075A2E4|Niru Summers|144887|144887|10000|10000|0|0|100.1144|113.3287|0|-3.068344||dca22ba5e1c9bc5524d3b36fc6a3a271
39|2021-09-26T12:06:28.9520000+01:00|10752D6C|Volkon Vysk|144321|144321|10000|10000|0|0|102.9739|113.3302|0|-0.6604244||06f66f55ff4c471bf482ed80ac9019aa
39|2021-09-26T12:06:29.0840000+01:00|107629AA|Joeson Lmoa|106059|106059|10000|10000|0|0|97.42883|113.5118|0|2.936036||cbc3053ac11261aa37b531d5362b0a8b
39|2021-09-26T12:06:29.2190000+01:00|107401EC|Raesa Velan|96887|96887|10000|10000|0|0|101.7644|113.4982|1.7819|-3.091354||9f8fd7fc1d3b217824d45fd6d7b57e85
39|2021-09-26T12:06:29.3530000+01:00|40011DA6|Eos|86855|86855|10000|10000|0|0|100.1449|100.0533|0|0.03887725||d864d649757e10a0a51ca42e51fdf8e8
21|2021-09-26T12:06:29.4420000+01:00|1068703B|Tomo Uchuu|20FBEDD|Item_Fbedd|1068703B|Tomo Uchuu|FE00000E|300000|0|0|0|0|0|0|0|0|0|0|0|0|0|0|100732|100732|10000|10000|0|1000|97.5641|111.8073|0|3.089233|100732|100732|10000|10000|0|1000|97.5641|111.8073|0|3.089233|00008AEE|0|b3cd27ffcf3b9c27a9bf42f07a808967
12|2021-09-26T12:06:29.9840000+01:00|38|320|4501|4949|305|285|340|4501|2817|3218|305|285|2574|380|380|0|380|40002E92CC9F80|8b00744d908ac76b930223eba6870d9e
37|2021-09-26T12:06:30.3350000+01:00|1068703B|Tomo Uchuu|00008AEE|100732|106478|10000|10000|0||97.5641|111.8073|0|3.089233|2600|0|0|01|03003EB0|28FE|45160000|1068703B||c0aadedd91e3385e5c01e67749f09540
26|2021-09-26T12:06:30.3350000+01:00|30|Well Fed|2400.00|1068703B|Tomo Uchuu|1068703B|Tomo Uchuu|28FE|100732|100732||68554316bd815bdd56f542e5eda3c993
38|2021-09-26T12:06:30.3350000+01:00|1068703B|Tomo Uchuu|00505026|100732|106478|10000|10000|0|0|97.5641|111.8073|0|3.089233|DB16|30|0|14016A|41F00000|E0000000|0A0168|41F00000|E0000000|071F|42700000|1068703B|28FE0030|4515FF44|1068703B||8373e1f77905379805cce109e2567d8a
26|2021-09-26T12:06:30.3350000+01:00|71f|Closed Position|60.00|1068703B|Tomo Uchuu|1068703B|Tomo Uchuu|00|100732|100732||b0890ab88293b04fdf98c2bafe1c314d
21|2021-09-26T12:06:30.6920000+01:00|40011DA6|Eos|322|Embrace|1068703B|Tomo Uchuu|10004|19720000|1B|3228000|0|0|0|0|0|0|0|0|0|0|0|0|100732|106478|10000|10000|0|1000|97.5641|111.8073|0|3.089233|86855|86855|10000|10000|0|1000|100.1449|100.0533|0|0.03135291|00008AEF|0|61fd98ed72c1131750ef099dd83caaf5
37|2021-09-26T12:06:31.3130000+01:00|1068703B|Tomo Uchuu|00008AEF|106478|106478|10000|10000|0||97.5641|111.8073|0|3.089233|2600|0|0|0||7197dc7e342a3797bd6e6c8e565170a5
39|2021-09-26T12:06:31.9370000+01:00|1075A2E4|Niru Summers|144887|144887|10000|10000|0|0|100.1144|113.3287|0|-3.068344||7750af26620c8fdc164c52d437a42728
39|2021-09-26T12:06:31.9370000+01:00|10752D6C|Volkon Vysk|144321|144321|10000|10000|0|0|102.9221|113.4813|0|-0.7037725||c84afecfcf71191a1ec449973853b479
39|2021-09-26T12:06:32.0700000+01:00|107629AA|Joeson Lmoa|106059|106059|10000|10000|0|0|97.42883|113.5118|0|2.936036||f7209eedb80172944c8456b71ffd6a95
39|2021-09-26T12:06:32.2040000+01:00|107401EC|Raesa Velan|96887|96887|10000|10000|0|0|97.88668|113.2638|1.504286|-3.116473||af46ae96bef05f3454f69cc4e4fabc02
39|2021-09-26T12:06:32.3380000+01:00|40011DA6|Eos|86855|86855|10000|10000|0|0|100.1449|100.0533|0|-0.2177808||9d894b314534ed8b541604896b0e8d82
39|2021-09-26T12:06:34.9650000+01:00|1075A2E4|Niru Summers|144887|144887|10000|10000|0|0|100.1144|113.3287|0|-3.068344||1891ce8641584aef79571581bc03ddcf
39|2021-09-26T12:06:34.9650000+01:00|10752D6C|Volkon Vysk|144321|144321|10000|10000|0|0|102.9221|113.4813|0|-0.7037725||7dc7442ca85808398cfd025dffbfddce
39|2021-09-26T12:06:35.0980000+01:00|107629AA|Joeson Lmoa|106059|106059|10000|10000|0|0|97.42883|113.5118|0|2.936036||f448f150f12d1cc14f6fb2e491015681
39|2021-09-26T12:06:35.2320000+01:00|107401EC|Raesa Velan|96887|96887|10000|10000|0|0|98.52225|113.263|1.664577|-3.135361||7a7d722729688cf8666dcac74e45a90d
39|2021-09-26T12:06:35.3650000+01:00|40011DA6|Eos|86855|86855|10000|10000|0|0|100.1449|100.0533|0|-0.2177808||ff7196081dec19ae2da1932f8c52c83e
39|2021-09-26T12:06:37.9450000+01:00|1075A2E4|Niru Summers|144887|144887|10000|10000|0|0|100.1144|113.3287|0|-3.068344||173a9466aaa4f840f2f89235ee86bb17
39|2021-09-26T12:06:37.9450000+01:00|10752D6C|Volkon Vysk|144321|144321|10000|10000|0|0|102.9221|113.4813|0|-0.7037725||b8a14b76ffee8c38c38d6ca71164c273
39|2021-09-26T12:06:38.0790000+01:00|107629AA|Joeson Lmoa|106059|106059|10000|10000|0|0|97.42883|113.5118|0|2.936036||55625da3da0e0f93b222e9e00b1fd573
39|2021-09-26T12:06:38.2120000+01:00|107401EC|Raesa Velan|96887|96887|10000|10000|0|0|100.123|113.2372|1.435701|-3.135361||849ec2edf263cb42957a50381493b245
39|2021-09-26T12:06:38.3450000+01:00|40011DA6|Eos|86855|86855|10000|10000|0|0|100.1449|100.0533|0|-0.2177808||3056f05428acaf856459f4e75b3c8a33
21|2021-09-26T12:06:39.6840000+01:00|10752D6C|Volkon Vysk|20FBEDC|Item_Fbedc|10752D6C|Volkon Vysk|FD00000E|300000|0|0|0|0|0|0|0|0|0|0|0|0|0|0|144321|144321|10000|10000|0|1000|102.9221|113.4813|0|-0.7037725|144321|144321|10000|10000|0|1000|102.9221|113.4813|0|-0.7037725|00008AF0|0|45248c95afc3ce536a488f9ad9bf824d
37|2021-09-26T12:06:40.5760000+01:00|10752D6C|Volkon Vysk|00008AF0|144321|152511|10000|10000|0||102.9221|113.4813|0|-0.7038684|2500|0|0|01|02001AB0|28FD|45160000|10752D6C||44f91f2422f0a4a6838060cf4821756b
26|2021-09-26T12:06:40.5760000+01:00|30|Well Fed|2400.00|10752D6C|Volkon Vysk|10752D6C|Volkon Vysk|28FD|144321|144321||5b7236136931480909b97a999589bc87
21|2021-09-26T12:06:40.5760000+01:00|1075A2E4|Niru Summers|30|Defiance|1075A2E4|Niru Summers|280E|5B0000|0|0|0|0|0|0|0|0|0|0|0|0|0|0|144887|144887|10000|10000|0|1000|100.1144|113.3287|0|-3.076685|144887|144887|10000|10000|0|1000|100.1144|113.3287|0|-3.076685|00008AF1|0|f938e4edb9815bd10a60af284aae33ee
38|2021-09-26T12:06:40.5760000+01:00|1075A2E4|Niru Summers|00505015|144887|144887|10000|10000|0|0|100.1144|113.3287|0|-3.076685|DB16|30|0|0A016D|41F00000|E0000000|0A0168|41F00000|E0000000|5B|80000000|1075A2E4||1a93eb1fb09ba6ecc096133c9fbd6d16
26|2021-09-26T12:06:40.5760000+01:00|5b|Defiance|9999.00|1075A2E4|Niru Summers|1075A2E4|Niru Summers|00|144887|144887||de80077a54d2e1683707685af0755979
38|2021-09-26T12:06:40.5760000+01:00|10752D6C|Volkon Vysk|00505025|144321|152511|10000|10000|0|0|102.9221|113.4813|0|-0.7038684|DB16|30|0|14016A|41F00000|E0000000|0A0168|41F00000|E0000000|28FD0030|4515FF4C|10752D6C||7b245b97356591bc55634d674a5ad1d9
21|2021-09-26T12:06:40.8870000+01:00|40011DA6|Eos|322|Embrace|10752D6C|Volkon Vysk|10004|19AF0000|1B|3228000|0|0|0|0|0|0|0|0|0|0|0|0|144321|152511|10000|10000|0|1000|102.9221|113.4813|0|-0.7038684|86855|86855|10000|10000|0|1000|100.1449|100.0533|0|-0.1890438|00008AF2|0|f9eae686a44359c03f8ba72210ed8a68
39|2021-09-26T12:06:40.9320000+01:00|1075A2E4|Niru Summers|144887|144887|10000|10000|0|0|100.1144|113.3287|0|-3.076685||55957f5802b24d6ae8bb25256f5727ff
39|2021-09-26T12:06:40.9320000+01:00|10752D6C|Volkon Vysk|152511|152511|10000|10000|0|0|102.9221|113.4813|0|-0.7038684||5fa9100122e89b1e47a74b987a116a6f
37|2021-09-26T12:06:40.9760000+01:00|1075A2E4|Niru Summers|00008AF1|144887|144887|10000|10000|0||100.1144|113.3287|0|-3.076685|1500|0|0|01|02001ADB|0|0|1075A2E4||cfa9f7fb5fe6cf1b7205d583af4b5520
38|2021-09-26T12:06:40.9760000+01:00|1075A2E4|Niru Summers|00505015|144887|144887|10000|10000|0|0|100.1144|113.3287|0|-3.076685|DB16|30|0|0A016D|41F00000|E0000000|0A0168|41F00000|E0000000|5B|0|1075A2E4||ea5cf6dc79abe37126723ddcf8f8710a
39|2021-09-26T12:06:41.1100000+01:00|107629AA|Joeson Lmoa|106059|106059|10000|10000|0|0|97.42883|113.5118|0|2.936036||0ad714ea2faf2d2cb1e2adbaea2a05de
39|2021-09-26T12:06:41.1990000+01:00|107401EC|Raesa Velan|96887|96887|10000|10000|0|0|101.9459|110.253|1.785278|-2.969104||4bf7098fbcf0bc4eeb510fcd2caea8ec
39|2021-09-26T12:06:41.3320000+01:00|40011DA6|Eos|86855|86855|10000|10000|0|0|100.1449|100.0533|0|0.09288118||e67d27fa99b977ccdf4d8d07a640aeee
21|2021-09-26T12:06:41.5090000+01:00|1057B8A2|Alex Knightfall|20FBEDD|Item_Fbedd|1057B8A2|Alex Knightfall|FE00000E|300000|0|0|0|0|0|0|0|0|0|0|0|0|0|0|91539|91539|10000|10000|0|1000|100.0533|111.2535|0|-3.091642|91539|91539|10000|10000|0|1000|100.0533|111.2535|0|-3.091642|00008AF3|0|826a359a082fc7d767b0469aa8e5978a
21|2021-09-26T12:06:41.5990000+01:00|1075A2E4|Niru Summers|20FBEDC|Item_Fbedc|1075A2E4|Niru Summers|FD00000E|300000|0|0|0|0|0|0|0|0|0|0|0|0|0|0|144887|144887|10000|10000|0|1000|100.1144|113.3287|0|-3.076685|144887|144887|10000|10000|0|1000|100.1144|113.3287|0|-3.076685|00008AF4|0|3f59ceeb475c5f90a989193675fe3162
37|2021-09-26T12:06:42.3990000+01:00|1057B8A2|Alex Knightfall|00008AF3|91539|97285|10000|10000|0||100.0533|111.2535|0|-3.091642|1C00|0|0|01|02001AB0|28FE|44E10000|1057B8A2||120dff46d66f22c9c2ba4598309df5b3
26|2021-09-26T12:06:42.3990000+01:00|30|Well Fed|1800.00|1057B8A2|Alex Knightfall|1057B8A2|Alex Knightfall|28FE|91539|91539||2d0a603f5a7c8814b784c34698f7d8d0
38|2021-09-26T12:06:42.3990000+01:00|1057B8A2|Alex Knightfall|0050501C|91539|97285|10000|10000|0|0|100.0533|111.2535|0|-3.091642|D7F7|30|0|0A016D|41F00000|E0000000|1E016C|41F00000|E0000000|28FE0030|44E0FE8F|1057B8A2||aac35d9c360f63178ed47fa81495e87e
38|2021-09-26T12:06:42.3990000+01:00|40011DA6|Eos|00505000|86855|92601|10000|10000|0|0|100.1449|100.0533|0|0.2026324|D7F7|30|0|28FE0030|44E0FE8F|1057B8A2||adcdd69251500782532ac15c8a1c7795
26|2021-09-26T12:06:42.3990000+01:00|30|Well Fed|1799.96|1057B8A2|Alex Knightfall|40011DA6|Eos|28FE|86855|91539||2d3218053708587b51faf292851acaa5
37|2021-09-26T12:06:42.4880000+01:00|1075A2E4|Niru Summers|00008AF4|144887|153077|10000|10000|0||100.1144|113.3287|0|-3.076685|1500|0|0|01|03001AB0|28FD|45160000|1075A2E4||9956d845515e4b9aaee5356388ba194a
26|2021-09-26T12:06:42.4880000+01:00|30|Well Fed|2400.00|1075A2E4|Niru Summers|1075A2E4|Niru Summers|28FD|144887|144887||fa0ec4191d06958b5ecf220bfca95f62
38|2021-09-26T12:06:42.4880000+01:00|1075A2E4|Niru Summers|00505015|144887|153077|10000|10000|0|0|100.1144|113.3287|0|-3.076685|D7F7|30|0|0A016D|41F00000|E0000000|0A0168|41F00000|E0000000|5B|0|1075A2E4|28FD0030|4515FF4C|1075A2E4||7fc96bf137b5b21910b5d8045352d5c5
39|2021-09-26T12:06:43.9570000+01:00|1075A2E4|Niru Summers|153077|153077|10000|10000|0|0|100.1144|113.3287|0|-3.076685||49f341d0271bb165269fba5c56821cc4
39|2021-09-26T12:06:43.9570000+01:00|10752D6C|Volkon Vysk|152511|152511|10000|10000|0|0|102.1752|113.6615|0|-2.064566||7a331816b33a417d433249b7697ea3ff
21|2021-09-26T12:06:44.0910000+01:00|40011DA6|Eos|322|Embrace|1057B8A2|Alex Knightfall|10004|1A4E0000|1B|3228000|0|0|0|0|0|0|0|0|0|0|0|0|91539|97285|10000|10000|0|1000|100.6046|109.6132|-0.01531982|-2.912861|86855|92601|10000|10000|0|1000|100.1449|100.0533|0|0.2026324|00008AF5|0|26fcca83cedced645fa358143b931b43
39|2021-09-26T12:06:44.0910000+01:00|107629AA|Joeson Lmoa|106059|106059|10000|10000|0|0|97.42883|113.5118|0|2.936036||b3257602248be91b95fdefe0eaf18c22
39|2021-09-26T12:06:44.1790000+01:00|1057B8A2|Alex Knightfall|97285|97285|10000|10000|0|0|100.6046|109.6132|-0.01531982|-2.912861||7127eaafe2d7843158bd243289e0d221
39|2021-09-26T12:06:44.2240000+01:00|107401EC|Raesa Velan|96887|96887|10000|10000|0|0|100.0097|106.7324|0|2.179775||192cf9512445e41ecf8188fb60ad0d1f
21|2021-09-26T12:06:44.2700000+01:00|1068703B|Tomo Uchuu|3E7D|Standard Step|1068703B|Tomo Uchuu|E|71A0000|0|0|0|0|0|0|0|0|0|0|0|0|0|0|106478|106478|10000|10000|0|1000|101.8773|111.7164|0|-3.03687|106478|106478|10000|10000|0|1000|101.8773|111.7164|0|-3.03687|00008AF6|0|e20f580d66dc38822ccc2d6a83c48da7
38|2021-09-26T12:06:44.2700000+01:00|1068703B|Tomo Uchuu|00505026|106478|106478|10000|10000|0|0|101.8773|111.7164|0|-3.03687|D7F7|30|0|14016A|41F00000|E0000000|0A0168|41F00000|E0000000|071F|42700000|1068703B|28FE0030|451520A8|1068703B|071A|C1700000|1068703B||5ea6e067e78cf1ec0320a75c0204c959
26|2021-09-26T12:06:44.2700000+01:00|71f|Closed Position|60.00|1068703B|Tomo Uchuu|1068703B|Tomo Uchuu|00|106478|106478||23bcb3cb9174ba10c8ec6b5bd70cdd25
26|2021-09-26T12:06:44.2700000+01:00|71a|Standard Step|15.00|1068703B|Tomo Uchuu|1068703B|Tomo Uchuu|00|106478|106478||52a6f3efb91a7e5e7e0d25d0334bfcf6
31|2021-09-26T12:06:44.2700000+01:00|1068703B|2000026|04|E0000000|00|291af67ac71197a764908d890606780a
39|2021-09-26T12:06:44.3580000+01:00|40011DA6|Eos|92601|92601|10000|10000|0|0|100.1449|100.0533|0|0.1190493||16d556285f3cd2c5a5ae757010e1d382
37|2021-09-26T12:06:44.9820000+01:00|1068703B|Tomo Uchuu|00008AF6|106478|106478|10000|10000|0||101.7052|111.7433|0|-3.041059|2600|0|0|01|0400219A|0|41700000|1068703B||678ade2acacb4a7301fd9c8ed8130169
38|2021-09-26T12:06:44.9820000+01:00|1068703B|Tomo Uchuu|00505026|106478|106478|10000|10000|0|0|101.7052|111.7433|0|-3.041059|D7F7|30|0|14016A|41F00000|E0000000|0A0168|41F00000|E0000000|071F|42700000|1068703B|28FE0030|45151544|1068703B|071A|416F47AE|1068703B||c9dcc24df53169676fd674379eb5ed62
21|2021-09-26T12:06:45.7850000+01:00|1068703B|Tomo Uchuu|3E80|Entrechat|1068703B|Tomo Uchuu|0|0|0|0|0|0|0|0|0|0|0|0|0|0|0|0|106478|106478|10000|10000|0|1000|101.9642|111.4754|0|-2.965661|106478|106478|10000|10000|0|1000|101.9642|111.4754|0|-2.965661|00008AF7|0|dd65d4d81a761374c96591442b1d2794
31|2021-09-26T12:06:45.7850000+01:00|1068703B|2000026|1000004|00|00|05be19ad0bf74b54fb5276c074993876
21|2021-09-26T12:06:46.7650000+01:00|1068703B|Tomo Uchuu|3E82|Pirouette|1068703B|Tomo Uchuu|0|0|0|0|0|0|0|0|0|0|0|0|0|0|0|0|106478|106478|10000|10000|0|1000|102.1161|111.4372|0|-2.875602|106478|106478|10000|10000|0|1000|102.1161|111.4372|0|-2.875602|00008AF8|0|458d3a304c0358db6ccc944609df1951
31|2021-09-26T12:06:46.7650000+01:00|1068703B|2000026|2000004|00|00|9eb43fc53aa7e923a3b457edc3c3cf00
39|2021-09-26T12:06:46.9420000+01:00|1075A2E4|Niru Summers|153077|153077|10000|10000|0|0|100.1144|113.3287|0|-3.076685||7af9039b99dc10cee3d1c910d34d87d6
39|2021-09-26T12:06:46.9420000+01:00|10752D6C|Volkon Vysk|152511|152511|10000|10000|0|0|99.93607|106.5936|-0.01531982|3.112255||70746cd5834386c2ef7b10e0e699ed1b
39|2021-09-26T12:06:47.0760000+01:00|107629AA|Joeson Lmoa|106059|106059|10000|10000|0|0|97.42883|113.5118|0|2.936036||f5b1bdca7b29dd8029b31fea392af995
39|2021-09-26T12:06:47.2100000+01:00|107401EC|Raesa Velan|96887|96887|10000|10000|0|0|101.4266|105.3329|0|3.135265||66055a1382022a657d948b7fb5798ebf
39|2021-09-26T12:06:47.3440000+01:00|40011DA6|Eos|92601|92601|10000|10000|0|0|100.1449|100.0533|0|-0.01088214||4a761d35354aaddae1828dab442ca1f8
22|2021-09-26T12:06:47.4790000+01:00|1068703B|Tomo Uchuu|1D85|Peloton|1068703B|Tomo Uchuu|1400000E|4AF0000|0|0|0|0|0|0|0|0|0|0|0|0|0|0|106478|106478|10000|10000|0|1000|102.0174|111.0752|0|-2.909112|106478|106478|10000|10000|0|1000|102.0174|111.0752|0|-2.909112|00008AF9|0|63b37b8fc565e9e8e45c1e08d81c3b35
22|2021-09-26T12:06:47.4790000+01:00|1068703B|Tomo Uchuu|1D85|Peloton|10675739|Jasy Heavensong|1400000E|4AF0000|0|0|0|0|0|0|0|0|0|0|0|0|0|0|97086|97086|10000|10000|0|1000|100.5688|110.9506|-0.001286382|-2.586096|106478|106478|10000|10000|0|1000|102.0174|111.0752|0|-2.909112|00008AF9|1|3254508973c507bad6732a305064c777
22|2021-09-26T12:06:47.4790000+01:00|1068703B|Tomo Uchuu|1D85|Peloton|1075A2E4|Niru Summers|1400000E|4AF0000|0|0|0|0|0|0|0|0|0|0|0|0|0|0|153077|153077|10000|10000|0|1000|100.1144|113.3287|0|-3.076685|106478|106478|10000|10000|0|1000|102.0174|111.0752|0|-2.909112|00008AF9|2|6ecc0c53bdf28430e99319de72ae0f25
22|2021-09-26T12:06:47.4790000+01:00|1068703B|Tomo Uchuu|1D85|Peloton|1057B8A2|Alex Knightfall|1400000E|4AF0000|0|0|0|0|0|0|0|0|0|0|0|0|0|0|97285|97285|10000|10000|0|1000|99.99231|108.3542|0|-3.073042|106478|106478|10000|10000|0|1000|102.0174|111.0752|0|-2.909112|00008AF9|3|49edea2f48e9f04977406a02670979a7
22|2021-09-26T12:06:47.4790000+01:00|1068703B|Tomo Uchuu|1D85|Peloton|107ABEEC|Greiyan Fletz|1400000E|4AF0000|0|0|0|0|0|0|0|0|0|0|0|0|0|0|106544|106544|10000|10000|0|1000|101.6708|114.8546|0|2.943035|106478|106478|10000|10000|0|1000|102.0174|111.0752|0|-2.909112|00008AF9|4|14832f28c650c0dfe8ffe8468cbae440
22|2021-09-26T12:06:47.4790000+01:00|1068703B|Tomo Uchuu|1D85|Peloton|107629AA|Joeson Lmoa|1400000E|4AF0000|0|0|0|0|0|0|0|0|0|0|0|0|0|0|106059|106059|10000|10000|0|1000|97.42883|113.5118|0|2.936036|106478|106478|10000|10000|0|1000|102.0174|111.0752|0|-2.909112|00008AF9|5|95ee719d5550a3fd18b4d8cddfc811ef
22|2021-09-26T12:06:47.4790000+01:00|1068703B|Tomo Uchuu|1D85|Peloton|107401EC|Raesa Velan|1400000E|4AF0000|0|0|0|0|0|0|0|0|0|0|0|0|0|0|96887|96887|10000|10000|0|1000|101.4266|105.3329|0|3.135265|106478|106478|10000|10000|0|1000|102.0174|111.0752|0|-2.909112|00008AF9|6|b2b1f18180757e79035a5610218c80ca
22|2021-09-26T12:06:47.4790000+01:00|1068703B|Tomo Uchuu|1D85|Peloton|10752D6C|Volkon Vysk|1400000E|4AF0000|0|0|0|0|0|0|0|0|0|0|0|0|0|0|152511|152511|10000|10000|0|1000|99.99873|104.7027|-0.002011742|3.112255|106478|106478|10000|10000|0|1000|102.0174|111.0752|0|-2.909112|00008AF9|7|4774de47532d97895cec19304a9a2aa0
37|2021-09-26T12:06:48.1040000+01:00|1068703B|Tomo Uchuu|00008AF9|106478|106478|10000|10000|0||102.0174|111.0752|0|-2.902829|2600|0|0|01|05001F2F|14|41F00000|1068703B||7314038bed631ceaa4ef5ae4a000e9c6
26|2021-09-26T12:06:48.1040000+01:00|4af|Peloton|30.00|1068703B|Tomo Uchuu|1068703B|Tomo Uchuu|14|106478|106478||cf09601967cc6a96ff54d024e60eea6b
37|2021-09-26T12:06:48.2380000+01:00|10675739|Jasy Heavensong|00008AF9|97086|97086|10000|10000|0||100.5111|110.3379|0|-3.101229|2101|0|0|01|04001F2F|14|41F00000|1068703B||6a142cb3cfeddc9118ea8b656055eff6
26|2021-09-26T12:06:48.2380000+01:00|4af|Peloton|30.00|1068703B|Tomo Uchuu|10675739|Jasy Heavensong|14|97086|106478||cf44d9e473de1e8ea639502d959a5646
37|2021-09-26T12:06:48.3720000+01:00|1075A2E4|Niru Summers|00008AF9|153077|153077|10000|10000|0||100.1144|113.3287|0|-3.076685|1502|0|0|01|04001F2F|14|41F00000|1068703B||30a5e9049af0dd53e1819bf0473d210e
26|2021-09-26T12:06:48.3720000+01:00|4af|Peloton|30.00|1068703B|Tomo Uchuu|1075A2E4|Niru Summers|14|153077|106478||49d393495e1d6f0b4b042b67a6892d0d
37|2021-09-26T12:06:48.5060000+01:00|1057B8A2|Alex Knightfall|00008AF9|97285|97285|10000|10000|0||99.99231|108.3542|0|-3.073042|1C03|0|0|01|03001F2F|14|41F00000|1068703B||41ed789e42be9b29b4c9e18cd061cc01
26|2021-09-26T12:06:48.5060000+01:00|4af|Peloton|30.00|1068703B|Tomo Uchuu|1057B8A2|Alex Knightfall|14|97285|106478||37cd9a3e3bf1f876a489666a692617e6
37|2021-09-26T12:06:48.6390000+01:00|107ABEEC|Greiyan Fletz|00008AF9|106544|106544|10000|10000|0||101.6708|114.8546|0|2.943035|2204|0|0|01|04001F2F|14|41F00000|1068703B||f0f75f76d874166374d9e7da1afc01b2
26|2021-09-26T12:06:48.6390000+01:00|4af|Peloton|30.00|1068703B|Tomo Uchuu|107ABEEC|Greiyan Fletz|14|106544|106478||1303cdd1045a834a4b3369fee77f0387
37|2021-09-26T12:06:48.7730000+01:00|107629AA|Joeson Lmoa|00008AF9|106059|106059|10000|10000|0||97.42883|113.5118|0|2.936036|1705|0|0|01|03001F2F|14|41F00000|1068703B||51cce94c14e72161e9e7b3b48c3aa5c8
26|2021-09-26T12:06:48.7730000+01:00|4af|Peloton|30.00|1068703B|Tomo Uchuu|107629AA|Joeson Lmoa|14|106059|106478||d0a67313759a0c8e5131449ade0b311c
22|2021-09-26T12:06:48.7740000+01:00|10675739|Jasy Heavensong|1D0F|Earthly Star|10675739|Jasy Heavensong|34|B0000|F|4C88000|0|0|0|0|0|0|0|0|0|0|0|0|97086|97086|10000|10000|0|1000|100.5111|110.3379|0|-3.101229|97086|97086|10000|10000|0|1000|100.5111|110.3379|0|-3.101229|00008AFA|0|0e87d165f8ab8c95cdd0e91a4f931b59
20|2021-09-26T12:06:48.8180000+01:00|1057B8A2|Alex Knightfall|BA|Succor|1057B8A2|Alex Knightfall|1.94|99.99231|108.3542|0|-3.073042||e283589730d3a33b669a2e1a184479e2
37|2021-09-26T12:06:48.9070000+01:00|107401EC|Raesa Velan|00008AF9|96887|96887|10000|10000|0||101.4266|105.3329|0|-2.860966|1906|0|0|01|03001F2F|14|41F00000|1068703B||be5c45f2e38fdee2198feeb3c98292c4
26|2021-09-26T12:06:48.9070000+01:00|4af|Peloton|30.00|1068703B|Tomo Uchuu|107401EC|Raesa Velan|14|96887|106478||c285ef25e54998006a9614543506ad43
21|2021-09-26T12:06:48.9520000+01:00|107401EC|Raesa Velan|DF6|Sharpcast|107401EC|Raesa Velan|E|3630000|0|0|0|0|0|0|0|0|0|0|0|0|0|0|96887|96887|10000|10000|0|1000|101.4266|105.3329|0|-2.860966|96887|96887|10000|10000|0|1000|101.4266|105.3329|0|-2.860966|00008AFB|0|46d7b6def308c8e1c8cf97d17fc60782
38|2021-09-26T12:06:48.9520000+01:00|107401EC|Raesa Velan|00505019|96887|96887|10000|10000|0|0|101.4266|105.3329|0|-2.860966|D7F7|30|0|0A016D|41F00000|E0000000|0A0168|41F00000|E0000000|29020030|4594CE96|107401EC|1404AF|41EF49BA|1068703B|0363|C1700000|107401EC||241a1c00958a6a26dc30ed2921473ff0
26|2021-09-26T12:06:48.9520000+01:00|363|Sharpcast|15.00|107401EC|Raesa Velan|107401EC|Raesa Velan|00|96887|96887||d99315479a74a1b43cec758abe190a9b
37|2021-09-26T12:06:49.0410000+01:00|10752D6C|Volkon Vysk|00008AF9|152511|152511|10000|10000|0||99.92374|103.5934|-0.00471452|3.112255|2507|0|0|01|03001F2F|14|41F00000|1068703B||b1d5a3e414b01a552401d3a1d00a3074
26|2021-09-26T12:06:49.0410000+01:00|4af|Peloton|30.00|1068703B|Tomo Uchuu|10752D6C|Volkon Vysk|14|152511|106478||9e56aab1d6766318ab781a139eb35a96
21|2021-09-26T12:06:49.3090000+01:00|107ABEEC|Greiyan Fletz|03|Sprint|107ABEEC|Greiyan Fletz|1E00000E|320000|0|0|0|0|0|0|0|0|0|0|0|0|0|0|106544|106544|10000|10000|0|1000|101.6708|114.8546|0|2.943035|106544|106544|10000|10000|0|1000|101.6708|114.8546|0|2.943035|00008AFC|0|fcb6db4ff6715c5a5c960fc938a422b5
37|2021-09-26T12:06:49.4420000+01:00|107ABEEC|Greiyan Fletz|00008AFC|106544|106544|10000|10000|0||101.6708|114.8546|0|2.943035|2200|0|0|01|05001AB2|1E|41A00000|107ABEEC||a8f2ed54394708fb909b2cb7b547f092
26|2021-09-26T12:06:49.4420000+01:00|32|Sprint|20.00|107ABEEC|Greiyan Fletz|107ABEEC|Greiyan Fletz|1E|106544|106544||267639106574bc15329a642f6bcba87b
37|2021-09-26T12:06:49.5760000+01:00|107401EC|Raesa Velan|00008AFB|96887|96887|10000|10000|0||101.4266|105.3329|0|-2.986312|1900|0|0|01|04001DE3|0|41700000|107401EC||5d8a28f76fc49652fa910cbeafff6eeb
37|2021-09-26T12:06:49.5760000+01:00|10675739|Jasy Heavensong|00008AFA|97086|97086|10000|10000|0||100.5111|110.3379|0|-3.096627|2100|0|0|01|05001F48|0|41200000|10675739||b3adbdd518e634435cbf0dc158d92b98
26|2021-09-26T12:06:49.5760000+01:00|4c8|Earthly Dominance|10.00|10675739|Jasy Heavensong|10675739|Jasy Heavensong|00|97086|97086||ed93eb68a19ac8570d47da4c2dfd4085
38|2021-09-26T12:06:49.5760000+01:00|107401EC|Raesa Velan|00505019|96887|96887|10000|10000|0|0|101.4266|105.3329|0|-2.986312|D7F7|30|0|0A016D|41F00000|E0000000|0A0168|41F00000|E0000000|29020030|4594C998|107401EC|1404AF|41EA49B9|1068703B|0363|416F47AE|107401EC||c7e96de75442b3d26c3eecbc545eb464
38|2021-09-26T12:06:49.6190000+01:00|40011DC3||00505000|92424|92424|10000|10000|0|0|||||DEAD|30|0|28FE0030|45141FA3|10675739||ebd4e06e03b43c0956ef4bba817bbfe8
38|2021-09-26T12:06:49.6220000+01:00|40011DC3||00505000|92424|92424|10000|10000|0|0|||||0|0|0|28FE0030|45141EEB|10675739||b4d612309fc651387d6fcab9f060e521
03|2021-09-26T12:06:49.3790000+01:00|40011dc3|Earthly Star|0|50|10675739|0||6565|7245|92424|92424|10000|10000|0|0|100.0739|100.0579|0|0.04501343||fcf8891e7071325b3b31ae6f27eb4c50
39|2021-09-26T12:06:49.9330000+01:00|1075A2E4|Niru Summers|153077|153077|10000|10000|0|0|100.1144|113.3287|0|-3.076685||eae1bd989b1f5177a615b47e16380646
39|2021-09-26T12:06:49.9330000+01:00|10752D6C|Volkon Vysk|152511|152511|10000|10000|0|0|99.90076|103.5934|0|3.112255||72b25cd5df2fb676683370372f88542a
39|2021-09-26T12:06:50.1110000+01:00|107629AA|Joeson Lmoa|106059|106059|10000|10000|0|0|97.42883|113.5118|0|2.936036||0ae6cb158843db63ed94f2f00921ce75
39|2021-09-26T12:06:50.2000000+01:00|107401EC|Raesa Velan|96887|96887|10000|10000|0|0|101.4266|105.3329|0|-2.998065||276bb1808d094dd530b4a90bb83bb130
22|2021-09-26T12:06:50.2450000+01:00|1057B8A2|Alex Knightfall|BA|Succor|1057B8A2|Alex Knightfall|4|1DB20000|1E0E|1290000|1B|BA8000|0|0|0|0|0|0|0|0|0|0|97285|97285|10000|10000|0|1000|99.99231|108.3542|0|-3.073042|97285|97285|10000|10000|0|1000|99.99231|108.3542|0|-3.073042|00008AFD|0|1f4634d93eaa808ba0fb19fccd3647c8
22|2021-09-26T12:06:50.2450000+01:00|1057B8A2|Alex Knightfall|BA|Succor|1068703B|Tomo Uchuu|4|1DE60000|5F0E|1290000|1B|BA8000|0|0|0|0|0|0|0|0|0|0|106478|106478|10000|10000|0|1000|101.705|107.5654|0|-3.015927|97285|97285|10000|10000|0|1000|99.99231|108.3542|0|-3.073042|00008AFD|1|4416e8d61f6de9172746745b1f5a34b6
22|2021-09-26T12:06:50.2450000+01:00|1057B8A2|Alex Knightfall|BA|Succor|10675739|Jasy Heavensong|4|1DBF0000|2E0E|1290000|1B|BA8000|0|0|0|0|0|0|0|0|0|0|97086|97086|10000|10000|0|1000|100.5111|110.3379|0|-3.096627|97285|97285|10000|10000|0|1000|99.99231|108.3542|0|-3.073042|00008AFD|2|8b1fa0066f01ccffe7cd1465e30dd8c9
22|2021-09-26T12:06:50.2450000+01:00|1057B8A2|Alex Knightfall|BA|Succor|107401EC|Raesa Velan|10004|309C0000|C30E|1290000|1B|BA8000|0|0|0|0|0|0|0|0|0|0|96887|96887|10000|10000|0|1000|101.4266|105.3329|0|-3.006253|97285|97285|10000|10000|0|1000|99.99231|108.3542|0|-3.073042|00008AFD|3|2e739acbc822b42f0b633c5321f53bc0
22|2021-09-26T12:06:50.2450000+01:00|1057B8A2|Alex Knightfall|BA|Succor|10752D6C|Volkon Vysk|4|1DB50000|220E|1290000|1B|BA8000|0|0|0|0|0|0|0|0|0|0|152511|152511|10000|10000|0|1000|99.90076|103.5934|0|3.112255|97285|97285|10000|10000|0|1000|99.99231|108.3542|0|-3.073042|00008AFD|4|8e061e05ea1c7f19852dd4c31c943db8
22|2021-09-26T12:06:50.2450000+01:00|1057B8A2|Alex Knightfall|BA|Succor|1075A2E4|Niru Summers|10004|31210000|690E|1290000|1B|BA8000|0|0|0|0|0|0|0|0|0|0|153077|153077|10000|10000|0|1000|100.1144|113.3287|0|-3.076685|97285|97285|10000|10000|0|1000|99.99231|108.3542|0|-3.073042|00008AFD|5|b3c5c41c70e8d0560c8699ac864399ab
22|2021-09-26T12:06:50.2450000+01:00|1057B8A2|Alex Knightfall|BA|Succor|107629AA|Joeson Lmoa|4|1DCC0000|3F0E|1290000|1B|BA8000|0|0|0|0|0|0|0|0|0|0|106059|106059|10000|10000|0|1000|97.42883|113.5118|0|2.936036|97285|97285|10000|10000|0|1000|99.99231|108.3542|0|-3.073042|00008AFD|6|14e72edc5b8a07f8f2cbdb5615ca00b6
22|2021-09-26T12:06:50.2450000+01:00|1057B8A2|Alex Knightfall|BA|Succor|107ABEEC|Greiyan Fletz|4|1D7E0000|DD0E|1290000|1B|BA8000|0|0|0|0|0|0|0|0|0|0|106544|106544|10000|10000|0|1000|101.6708|114.8546|0|2.943035|97285|97285|10000|10000|0|1000|99.99231|108.3542|0|-3.073042|00008AFD|7|ff476da7fe2ce724e81d72c1e155e3b0
39|2021-09-26T12:06:50.3330000+01:00|40011DA6|Eos|92601|92601|10000|10000|0|0|100.1449|100.0533|0|-0.01088214||582d5a9e86388390a3f941b82e74bd4f
37|2021-09-26T12:06:51.3560000+01:00|1057B8A2|Alex Knightfall|00008AFD|97285|97285|9000|10000|9||99.99231|108.3542|0|-3.073042|1C00|0|0|01|04001BA9|0|41F00000|1057B8A2||df67eb37ca703426daad35eb1642049b
26|2021-09-26T12:06:51.3560000+01:00|129|Galvanize|30.00|1057B8A2|Alex Knightfall|1057B8A2|Alex Knightfall|00|97285|97285||65733c1c98af93c5c7e94fd8e5e55081
38|2021-09-26T12:06:51.3560000+01:00|1057B8A2|Alex Knightfall|0050501C|97285|97285|9000|10000|9|0|99.99231|108.3542|0|-3.073042|DE54|30|0|0A016D|41F00000|E0000000|1E016C|41F00000|E0000000|28FE0030|44DFDFF3|1057B8A2|1404AF|41D8D704|1068703B|0129|41EFA5E3|1057B8A2||1acb5fb86d7afc515695e9e07fdf6e08
37|2021-09-26T12:06:51.4900000+01:00|1068703B|Tomo Uchuu|00008AFD|106478|106478|10000|10000|8||101.705|107.5654|0|-3.011738|2601|0|0|01|06001BA9|0|41F00000|1057B8A2||97d13e32a3be374af6d518eadbf4a31d
26|2021-09-26T12:06:51.4900000+01:00|129|Galvanize|30.00|1057B8A2|Alex Knightfall|1068703B|Tomo Uchuu|00|106478|97285||3a0356113d49e58b0ad66e5e21b30460
38|2021-09-26T12:06:51.4900000+01:00|1068703B|Tomo Uchuu|00505026|106478|106478|10000|10000|8|0|101.705|107.5654|0|-3.011738|DE54|30|0|14016A|41F00000|E0000000|0A0168|41F00000|E0000000|071F|42700000|1068703B|28FE0030|4514AD4C|1068703B|071A|410726FC|1068703B|1404AF|41D48D48|1068703B|0129|41EFA3D7|1057B8A2||6f8af3a7c6a85ad6d0c2296ed6a2d5fc
26|2021-09-26T12:06:51.4900000+01:00|71f|Closed Position|60.00|1068703B|Tomo Uchuu|1068703B|Tomo Uchuu|00|106478|106478||2ceae9d059390192da3814710251f9b1
37|2021-09-26T12:06:51.6240000+01:00|10675739|Jasy Heavensong|00008AFD|97086|97086|10000|10000|9||100.5111|110.3379|0|-3.096627|2102|0|0|01|06001BA9|0|41F00000|1057B8A2||532367eb011a17fd2b92e04820d9af71
26|2021-09-26T12:06:51.6240000+01:00|129|Galvanize|30.00|1057B8A2|Alex Knightfall|10675739|Jasy Heavensong|00|97086|97285||211bb3ab1db51b4ef279ee8990f833f3
38|2021-09-26T12:06:51.6240000+01:00|10675739|Jasy Heavensong|00505021|97086|97086|10000|10000|9|0|100.5111|110.3379|0|-3.096627|DE54|30|0|0A0168|41F00000|E0000000|0F016B|41F00000|E0000000|0391|0|10675739|28FE0030|4513FEEF|10675739|1404AF|41D49160|1068703B|04C8|40FD0E5E|10675739|0129|41EFA5E3|1057B8A2||4c0a3e1bfafa0d7042d45cd99a7934e9
21|2021-09-26T12:06:51.7130000+01:00|10675739|Jasy Heavensong|E14|Diurnal Sect|10675739|Jasy Heavensong|E|3470000|0|0|0|0|0|0|0|0|0|0|0|0|0|0|97086|97086|10000|10000|0|1000|100.5111|110.3379|0|-3.096627|97086|97086|10000|10000|0|1000|100.5111|110.3379|0|-3.096627|00008AFE|0|656ee8cc5abdac1bf8a75898d549b7b0
38|2021-09-26T12:06:51.7130000+01:00|10675739|Jasy Heavensong|00505021|97086|97086|10000|10000|9|0|100.5111|110.3379|0|-3.096627|DE54|30|0|0A0168|41F00000|E0000000|0F016B|41F00000|E0000000|0391|0|10675739|28FE0030|4513FD7F|10675739|1404AF|41D3D90E|1068703B|04C8|40FA2D16|10675739|0129|41EEED91|1057B8A2|0347|80000000|10675739||2a748deac5f35c7e4eb50dfe1e8a6b68
26|2021-09-26T12:06:51.7130000+01:00|347|Diurnal Sect|9999.00|10675739|Jasy Heavensong|10675739|Jasy Heavensong|00|97086|97086||9724955040cb9a439a986250bdd18d30
37|2021-09-26T12:06:51.7570000+01:00|107401EC|Raesa Velan|00008AFD|96887|96887|10000|10000|16||101.4266|105.3329|0|-3.013887|1903|0|0|01|05001BA9|0|41F00000|1057B8A2||d3196b303555e133d3f48eeebef7690e
26|2021-09-26T12:06:51.7570000+01:00|129|Galvanize|30.00|1057B8A2|Alex Knightfall|107401EC|Raesa Velan|00|96887|97285||6a3d16da988c0d09171d617962e017f2
38|2021-09-26T12:06:51.7570000+01:00|107401EC|Raesa Velan|00505019|96887|96887|10000|10000|16|0|101.4266|105.3329|0|-3.013887|DE54|30|0|0A016D|41F00000|E0000000|0A0168|41F00000|E0000000|29020030|4594B82C|107401EC|1404AF|41D8D703|1068703B|0363|414C6254|107401EC|0129|41EFA5E3|1057B8A2||0b1482d068ad4fc23d80337c22e099fe
37|2021-09-26T12:06:51.8910000+01:00|10752D6C|Volkon Vysk|00008AFD|152511|152511|10000|10000|6||99.90076|103.5934|0|3.112255|2504|0|0|01|04001BA9|0|41F00000|1057B8A2||aa3c8b3c52b7882e8b45a7620f35e5ad
26|2021-09-26T12:06:51.8910000+01:00|129|Galvanize|30.00|1057B8A2|Alex Knightfall|10752D6C|Volkon Vysk|00|152511|97285||332c0ecd069a0e5be1ca845a25c1471e
38|2021-09-26T12:06:51.8910000+01:00|10752D6C|Volkon Vysk|00505025|152511|152511|10000|10000|6|0|99.90076|103.5934|0|3.112255|DE54|30|0|14016A|41F00000|E0000000|0A0168|41F00000|E0000000|28FD0030|45154A88|10752D6C|1404AF|41D8D703|1068703B|0129|41EFA5E3|1057B8A2||71f85092bde63882acadb33d76aecfed
37|2021-09-26T12:06:52.0240000+01:00|1075A2E4|Niru Summers|00008AFD|153077|153077|10000|10000|10||100.1144|113.3287|0|-3.076685|1505|0|0|01|05001BA9|0|41F00000|1057B8A2||8dc72cf7324759a1554b0677cea8d3c2
26|2021-09-26T12:06:52.0240000+01:00|129|Galvanize|30.00|1057B8A2|Alex Knightfall|1075A2E4|Niru Summers|00|153077|97285||919367466d49d4e44b9a2802784689e9
38|2021-09-26T12:06:52.0240000+01:00|1075A2E4|Niru Summers|00505015|153077|153077|10000|10000|10|0|100.1144|113.3287|0|-3.076685|DE54|30|0|0A016D|41F00000|E0000000|0A0168|41F00000|E0000000|5B|0|1075A2E4|28FD0030|451566F4|1075A2E4|1404AF|41D26C82|1068703B|0129|41EFA5E3|1057B8A2||c2aee20cb0e8ae1748e7038f376b9782
37|2021-09-26T12:06:52.1580000+01:00|107629AA|Joeson Lmoa|00008AFD|106059|106059|10000|10000|8||97.67297|112.3827|0|2.981673|1706|0|0|01|04001BA9|0|41F00000|1057B8A2||6f341cde0aff1a4b9abcbb7a0fd1a7ca
26|2021-09-26T12:06:52.1580000+01:00|129|Galvanize|30.00|1057B8A2|Alex Knightfall|107629AA|Joeson Lmoa|00|106059|97285||7df69a343e4790c47d745e06980986c6
38|2021-09-26T12:06:52.1580000+01:00|107629AA|Joeson Lmoa|00505017|106059|106059|10000|10000|8|0|97.67297|112.3827|0|2.981673|DE54|30|0|0A016D|41F00000|E0000000|0A0168|41F00000|E0000000|28FE0030|4513F9F3|107629AA|1404AF|41D48F53|1068703B|0129|41EFA3D7|1057B8A2||769770ce021e58b5c9dd15e2adde65b7
37|2021-09-26T12:06:52.2920000+01:00|107ABEEC|Greiyan Fletz|00008AFD|106544|106544|10000|10000|8||101.6708|114.8546|0|-3.085506|2207|0|0|01|06001BA9|0|41F00000|1057B8A2||eec3c4c30d4d2424bab9a084493fc50f
26|2021-09-26T12:06:52.2920000+01:00|129|Galvanize|30.00|1057B8A2|Alex Knightfall|107ABEEC|Greiyan Fletz|00|106544|97285||bf8dc025f4fe5195c76ef1b31a362769
38|2021-09-26T12:06:52.2920000+01:00|107ABEEC|Greiyan Fletz|00505022|106544|106544|10000|10000|8|0|101.6708|114.8546|0|-3.085506|DC3F|30|0|0720|42700000|1068703B|14016A|41F00000|E0000000|0A0168|41F00000|E0000000|28FE0030|4513FAAF|107ABEEC|1404AF|41D26C82|1068703B|1E0032|4188D702|107ABEEC|0129|41EFA3D7|1057B8A2||d9d8142f9c11471def3534e243cd639d
26|2021-09-26T12:06:52.2920000+01:00|720|Dance Partner|60.00|1068703B|Tomo Uchuu|107ABEEC|Greiyan Fletz|00|106544|106478||717138898be1b43953058a1ca2093025
37|2021-09-26T12:06:52.3360000+01:00|10675739|Jasy Heavensong|00008AFE|97086|97086|10000|10000|9||100.5111|110.3379|0|-3.096627|2100|0|0|01|07001DC7|0|0|10675739||01b01d5015c43c7e06fe9bb5aeb41255
38|2021-09-26T12:06:52.3360000+01:00|10675739|Jasy Heavensong|00505021|97086|97086|10000|10000|9|0|100.5111|110.3379|0|-3.096627|DC3F|30|0|0A0168|41F00000|E0000000|0F016B|41F00000|E0000000|0391|0|10675739|28FE0030|4513F38B|10675739|1404AF|41CEDD24|1068703B|04C8|40E63D75|10675739|0129|41E9F1A7|1057B8A2|0347|0|10675739||5892359ffea800765fb71b5e132c188f
21|2021-09-26T12:06:52.6030000+01:00|10675739|Jasy Heavensong|40AC|Celestial Intersection|1075A2E4|Niru Summers|4|215F0000|BE0E|7610000|1B|40AC8000|0|0|0|0|0|0|0|0|0|0|153077|153077|10000|10000|0|1000|100.1144|113.3287|0|-3.076685|97086|97086|10000|10000|0|1000|100.5111|110.3379|0|-3.096627|00008AFF|0|76d585b0edf394a7e681398b8fc1f5b5
39|2021-09-26T12:06:52.9600000+01:00|1075A2E4|Niru Summers|153077|153077|10000|10000|0|0|100.1144|113.3287|0|-3.076685||798015176e2f030feb0366f6c8efa4c3
39|2021-09-26T12:06:52.9600000+01:00|10752D6C|Volkon Vysk|152511|152511|10000|10000|0|0|99.90076|103.5934|0|3.112255||40994c61fd0ed1fee1d16cd82cec0021
39|2021-09-26T12:06:53.0930000+01:00|107629AA|Joeson Lmoa|106059|106059|10000|10000|0|0|97.81916|112.0106|-0.00242652|2.629175||5c5cb24665ca9f9f3be4bdb2cb1fe8c5
39|2021-09-26T12:06:53.1830000+01:00|1057B8A2|Alex Knightfall|97285|97285|9600|10000|0|0|100.0228|108.1101|0|2.909862||62c1cfbe7a1e66b5863184ff06d9e3d5
37|2021-09-26T12:06:53.2270000+01:00|1075A2E4|Niru Summers|00008AFF|153077|153077|10000|10000|21||100.1144|113.3287|0|-3.076685|1500|0|0|01|060021E1|0|41F00000|10675739||6744fed7c893324183388bd23a01382f
26|2021-09-26T12:06:53.2270000+01:00|761|Nocturnal Intersection|30.00|10675739|Jasy Heavensong|1075A2E4|Niru Summers|00|153077|97086||6a9757976842df883d461ae4dfff5a5f
39|2021-09-26T12:06:53.2280000+01:00|107401EC|Raesa Velan|96887|96887|10000|10000|0|0|101.4266|105.3329|0|-3.013887||057d0ad1b5b1fd65d09fff76f9edcf59
38|2021-09-26T12:06:53.2280000+01:00|1075A2E4|Niru Summers|00505015|153077|153077|10000|10000|21|0|100.1144|113.3287|0|-3.076685|D7F7|30|0|0A016D|41F00000|E0000000|0A0168|41F00000|E0000000|5B|0|1075A2E4|28FD0030|451553B8|1075A2E4|1404AF|41C8CAB4|1068703B|0129|41E60415|1057B8A2|0761|41EFA3D7|10675739||c039e6533cef6e5f516153140a0c1d20
39|2021-09-26T12:06:53.3620000+01:00|40011DA6|Eos|92601|92601|10000|10000|0|0|100.1449|100.0533|0|-0.01088214||332e82b2f5760ce97a162939f1c47eb9
21|2021-09-26T12:06:53.8070000+01:00|1057B8A2|Alex Knightfall|20FBED9|Item_Fbed9|1057B8A2|Alex Knightfall|FA00000E|310000|0|0|0|0|0|0|0|0|0|0|0|0|0|0|97285|97285|9600|10000|0|1000|100.0228|108.1101|0|2.909862|97285|97285|9600|10000|0|1000|100.0228|108.1101|0|2.909862|00008B00|0|9c97031f16503ce233c18ded89f5d538
37|2021-09-26T12:06:54.6990000+01:00|1057B8A2|Alex Knightfall|00008B00|97285|97285|9600|10000|9||100.0228|108.1101|0|2.909862|1C00|0|0|01|05001AB1|28FA|41F00000|1057B8A2||92f803c3e12a7910111263d82ac08a8d
26|2021-09-26T12:06:54.6990000+01:00|31|Medicated|30.00|1057B8A2|Alex Knightfall|1057B8A2|Alex Knightfall|28FA|97285|97285||f23095ebe8fabf3649b90dd1fb7a7861
38|2021-09-26T12:06:54.6990000+01:00|1057B8A2|Alex Knightfall|0050501C|97285|97285|9600|10000|9|0|100.0228|108.1101|0|2.909862|DC3F|30|0|0A016D|41F00000|E0000000|1E016C|41F00000|E0000000|28FE0030|44DF74F7|1057B8A2|1404AF|41BE1885|1068703B|0129|41D4E764|1057B8A2|28FA0031|41EFA3D7|1057B8A2||ff67163c7716f4e6c4479ecd99fe2ea5
38|2021-09-26T12:06:54.6990000+01:00|40011DA6|Eos|00505000|92601|92601|10000|10000|0|0|100.1449|100.0533|0|-0.01088214|DC3F|30|0|28FE0030|44DF74F7|1057B8A2|28FA0031|41EFA3D7|1057B8A2||c319c7c2f9d43961877d49801db225ca
26|2021-09-26T12:06:54.6990000+01:00|31|Medicated|29.96|1057B8A2|Alex Knightfall|40011DA6|Eos|28FA|92601|97285||cddf7a29eaed5eff38c516e625548e70
20|2021-09-26T12:06:54.8330000+01:00|107401EC|Raesa Velan|9A|Blizzard III|40011D69|Living Liquid|3.27|101.3961|105.1804|0|-3.013887||2b2cff178fbf449d25c1e33a1bfe4640
39|2021-09-26T12:06:55.5910000+01:00|40011DC3|Earthly Star|92424|92424|10000|10000|0|0|100.0739|100.0579|0|0.04501343||5d6c78ac6334e3eb3078dd2bc92b7014
20|2021-09-26T12:06:55.6360000+01:00|1057B8A2|Alex Knightfall|409D|Broil III|40011D69|Living Liquid|2.43|100.0228|108.1101|0|2.909862||e141cb191641a803c6a70b374c502553
39|2021-09-26T12:06:55.9460000+01:00|1075A2E4|Niru Summers|153077|153077|10000|10000|0|0|100.1263|111.7477|-0.002451388|-3.134678||ac39d26f1c7c6a4c3081f8f1c309db11
39|2021-09-26T12:06:55.9460000+01:00|10752D6C|Volkon Vysk|152511|152511|10000|10000|0|0|99.90076|103.5934|0|3.112255||620c638228f04fb2ff1f64aa8341d35f
39|2021-09-26T12:06:56.0710000+01:00|107629AA|Joeson Lmoa|106059|106059|10000|10000|0|0|97.67297|111.1313|0|2.978125||cea1ca430cfd4acaaa04b737bf63edb7
39|2021-09-26T12:06:56.1690000+01:00|1057B8A2|Alex Knightfall|97285|97285|10000|10000|0|0|100.0228|108.1101|0|-3.140442||df71ce811d78aa478a47de029eb07278
39|2021-09-26T12:06:56.2140000+01:00|107401EC|Raesa Velan|96887|96887|10000|10000|0|0|101.3961|105.1804|0|-3.0717||ca7ae76fa2f1f2e0a3c5823b6fce4181
39|2021-09-26T12:06:56.3600000+01:00|40011DA6|Eos|92601|92601|10000|10000|0|0|100.1449|100.0533|0|-0.01088214||427aaa1ac8122dbfb9c821f2ce7386e1
20|2021-09-26T12:06:56.6160000+01:00|10675739|Jasy Heavensong|40AB|Malefic IV|40011D69|Living Liquid|1.43|100.5111|109.9106|0|-3.101229||dfbe6b19e873c2eedd60a76a7b867167
21|2021-09-26T12:06:57.4650000+01:00|10752D6C|Volkon Vysk|3F0F|Lightning Shot|40011D69|Living Liquid|710303|1C700000|1B|3F0F8000|0|0|0|0|0|0|0|0|0|0|0|0|12889320|12889320|10000|10000|0|1000|100|85|0|-4.792213E-05|152511|152511|10000|10000|0|1000|99.90076|103.5934|0|3.113247|00008B01|0|7f8e1de11210e2107b48641b612b3ed1
21|2021-09-26T12:06:57.5100000+01:00|10675739|Jasy Heavensong|40AB|Malefic IV|40011D69|Living Liquid|750003|3AC60000|1B|40AB8000|0|0|0|0|0|0|0|0|0|0|0|0|12889320|12889320|10000|10000|0|1000|100|85|0|-4.792213E-05|97086|97086|10000|10000|0|1000|100.5111|109.9106|0|-3.120788|00008B02|0|4caf91d23162c2df958d0197be8bf11c
21|2021-09-26T12:06:57.5540000+01:00|1057B8A2|Alex Knightfall|409D|Broil III|40011D69|Living Liquid|750103|78E60000|1B|409D8000|0|0|0|0|0|0|0|0|0|0|0|0|12889320|12889320|10000|10000|0|1000|100|85|0|-4.792213E-05|97285|97285|10000|10000|0|1000|100.0228|108.1101|0|-3.140442|00008B03|0|2a45ef22a663da99d032f370d4e56a06
21|2021-09-26T12:06:57.5990000+01:00|107401EC|Raesa Velan|9A|Blizzard III|40011D69|Living Liquid|250003|34EA0000|FD3D|438000|1B|9A8000|0|0|0|0|0|0|0|0|0|0|12889320|12889320|10000|10000|0|1000|100|85|0|-4.792213E-05|96887|96887|10000|10000|0|1000|101.3961|105.1804|0|-3.0717|00008B04|0|58ee32187452bb45e3ff0d91348131e6
21|2021-09-26T12:06:57.7770000+01:00|1075A2E4|Niru Summers|2E|Tomahawk|40011D69|Living Liquid|710003|E6A0000|1B|2E8000|0|0|0|0|0|0|0|0|0|0|0|0|12889320|12889320|10000|10000|0|1000|100|85|0|-4.792213E-05|153077|153077|10000|10000|0|1000|100.1496|104.7881|0|3.134937|00008B05|0|b96f3f3e6a8ba3ec2e6cf1a66d5d323d
00|2021-09-26T12:06:57.0000000+01:00|0039||Engage!|b4c3cc7f8842119895474dbc0dba792a
21|2021-09-26T12:06:57.9100000+01:00|107629AA|Joeson Lmoa|1CEF|Stormbite|40011D69|Living Liquid|320203|149B0000|28C4A60E|4B10000|F|7A8000|1B|1CEF8000|0|0|0|0|0|0|0|0|12889320|12889320|10000|10000|0|1000|100|85|0|-4.792213E-05|106059|106059|10000|10000|0|1000|97.67297|111.1313|0|2.978125|00008B06|0|8cf14539958e5810a37c8c629813a0d7
21|2021-09-26T12:06:57.9100000+01:00|107629AA|Joeson Lmoa|08|Shot|40011D69|Living Liquid|720003|EB90000|0|0|0|0|0|0|0|0|0|0|0|0|0|0|12889320|12889320|10000|10000|0|1000|100|85|0|-4.792213E-05|106059|106059|10000|10000|0|1000|97.67297|111.1313|0|2.978125|00008B07|0|e3b4e2cc6abd1b8c01ce4fc872e31760
38|2021-09-26T12:06:57.9100000+01:00|107629AA|Joeson Lmoa|00505017|106059|106059|10000|10000|8|0|97.67297|111.1313|0|2.978125|1972|30|0|0A016D|41F00000|E0000000|0A0168|41F00000|E0000000|28FE0030|45139E0B|107629AA|1404AF|41A68B32|1068703B|0129|41C19FB6|1057B8A2|7A|C1200000|107629AA||07b8c2f933b9fcaf75ce2eeac4a5199f
26|2021-09-26T12:06:57.9100000+01:00|7a|Straight Shot Ready|10.00|107629AA|Joeson Lmoa|107629AA|Joeson Lmoa|00|106059|106059||38d5dd820cff35167e43895f2ea52372
36|2021-09-26T12:06:58.1790000+01:00|0000|3|039d902205f9b9ad7dc260b6a657454b
37|2021-09-26T12:06:58.1790000+01:00|40011D69|Living Liquid|00008B01|12882040|12889320|10000|10000|0||100|85|0|-4.792213E-05||a5cd15017c13756e9ed2a12951ada3e7
37|2021-09-26T12:06:58.1790000+01:00|10752D6C|Volkon Vysk|00008B01|152511|152511|10000|10000|6||99.90076|103.5577|-0.001741553|3.137565|2500|0|0|01|03001A80|0|0|E0000000||5c144d8763039324c533265df57c8772
21|2021-09-26T12:06:58.1790000+01:00|1057B8A2|Alex Knightfall|409C|Biolysis|40011D69|Living Liquid|F9090E|7670000|1B|409C8000|0|0|0|0|0|0|0|0|0|0|0|0|12889320|12889320|10000|10000|0|1000|100|85|0|-4.792213E-05|97285|97285|9600|10000|0|1000|100.0228|108.1101|0|-3.137662|00008B08|0|daa97d05427ba88ba4c8fb70cd2357a0
38|2021-09-26T12:06:58.1810000+01:00|10752D6C|Volkon Vysk|00505025|152511|152511|10000|10000|6|0|99.90076|103.5577|-0.001741553|3.137565|DC3F|30|0|14016A|41F00000|E0000000|0A0168|41F00000|E0000000|28FD0030|4514E610|10752D6C|0|0|0|0129|41BD5806|1057B8A2||8dbfd19fd58497036068b50f1e30ed16
30|2021-09-26T12:06:58.1810000+01:00|4af|Peloton|0.00|1068703B|Tomo Uchuu|10752D6C|Volkon Vysk|14|152511|106478||dc36c65f47030387162877290989dd50
21|2021-09-26T12:06:58.2240000+01:00|107401EC|Raesa Velan|DF7|Enochian|107401EC|Raesa Velan|3D|DD8000|0|0|0|0|0|0|0|0|0|0|0|0|0|0|96887|96887|9200|10000|0|1000|101.3961|105.1804|0|-3.0717|96887|96887|9200|10000|0|1000|101.3961|105.1804|0|-3.0717|00008B09|0|e672301fda55cd695b7bc97051b51f64
21|2021-09-26T12:06:58.2240000+01:00|10752D6C|Volkon Vysk|3F24|Bloodfest|40011D69|Living Liquid|23D|ED8000|0|0|0|0|0|0|0|0|0|0|0|0|0|0|12889320|12889320|10000|10000|0|1000|100|85|0|-4.792213E-05|152511|152511|10000|10000|0|1000|99.90076|103.5577|-0.001741553|3.137565|00008B0A|0|53baadc2a10377ddd51f240e938bed48
37|2021-09-26T12:06:58.3580000+01:00|40011D69|Living Liquid|00008B03|12851090|12889320|10000|10000|0||100|85|0|-4.792213E-05||1be23fa6a6832eaf47a01c85726028c8
37|2021-09-26T12:06:58.3580000+01:00|1057B8A2|Alex Knightfall|00008B03|97285|97285|9200|10000|9||100.0074|106.4632|-0.001089268|-3.139483|1C00|0|0|01|03001A80|0|0|E0000000||80e0613d5d7f901addc9f23549289716
38|2021-09-26T12:06:58.3580000+01:00|1057B8A2|Alex Knightfall|0050501C|97285|97285|9200|10000|9|0|100.0074|106.4632|-0.001089268|-3.139483|9504|31|0|0A016D|41F00000|E0000000|1E016C|41F00000|E0000000|28FE0030|44DEFFE0|1057B8A2|0|0|0|0129|41B7A1BE|1057B8A2|28FA0031|41D25E31|1057B8A2||8dae732fe1c72403e36c3221d46c3ae4
30|2021-09-26T12:06:58.3580000+01:00|4af|Peloton|0.00|1068703B|Tomo Uchuu|1057B8A2|Alex Knightfall|14|97285|106478||85e138b308453f3c2cab10e85dc3101b
37|2021-09-26T12:06:58.4910000+01:00|40011D69|Living Liquid|00008B04|12837544|12889320|10000|10000|0||100|85|0|-4.792213E-05||46dbf87c92fd6af52b035af5097c8a35
37|2021-09-26T12:06:58.4910000+01:00|107401EC|Raesa Velan|00008B04|96887|96887|9200|10000|16||101.3961|105.1804|0|-3.0717|1900|0|0|01|03001A80|0|0|E0000000||01950d5f610a42cb9863487977fe79a3
37|2021-09-26T12:06:58.4910000+01:00|40011D69|Living Liquid|00008B05|12833854|12889320|10000|10000|0||100|85|0|-4.792213E-05||dbab52678af69b4b18f145419130eb77
37|2021-09-26T12:06:58.4910000+01:00|1075A2E4|Niru Summers|00008B05|153077|153077|10000|10000|21||100.1734|100.8716|-0.01531982|3.139879|1500|0|0|01|04001A80|0|0|E0000000||fdef94690b2be422a1f891c1913b80e5
38|2021-09-26T12:06:58.4910000+01:00|107401EC|Raesa Velan|00505019|96887|96887|9200|10000|16|0|101.3961|105.1804|0|-3.0717|9504|31|0|0A016D|41F00000|E0000000|0A0168|41F00000|E0000000|29020030|45948262|107401EC|0|0|0|0363|40C14FF3|107401EC|0129|41B9C8A9|1057B8A2||b74db4c17ccbc1c82f11e44fa647e290
30|2021-09-26T12:06:58.4910000+01:00|4af|Peloton|0.00|1068703B|Tomo Uchuu|107401EC|Raesa Velan|14|96887|106478||f02629f71485a901d02f2163fe65c72b
38|2021-09-26T12:06:58.4910000+01:00|1075A2E4|Niru Summers|00505015|153077|153077|10000|10000|21|0|100.1734|100.8716|-0.01531982|3.139879|9504|31|0|0A016D|41F00000|E0000000|0A0168|41F00000|E0000000|5B|0|1075A2E4|28FD0030|4514FFA4|1075A2E4|0|0|0|0129|41BBEB7B|1057B8A2|0761|41C58B3D|10675739||aeaa1ee5fa9a603ccdd1938b29a22feb
30|2021-09-26T12:06:58.4910000+01:00|4af|Peloton|0.00|1068703B|Tomo Uchuu|1075A2E4|Niru Summers|14|153077|106478||2d05a4cc960f7b8da8390e17c849618c
38|2021-09-26T12:06:58.5360000+01:00|107ABEEC|Greiyan Fletz|00505022|106544|106544|10000|10000|8|0|101.2602|98.59066|-0.0006114251|-3.11724|0|0|0|0720|42700000|1068703B|14016A|41F00000|E0000000|0A0168|41F00000|E0000000|28FE0030|451396F3|107ABEEC|1404AF|41A07CDB|1068703B|1E0032|412DCECE|107ABEEC|0129|41BDB430|1057B8A2|0839|42700000|1068703B||0583ddc315d55f9cddf6c6c45408eaae
26|2021-09-26T12:06:58.5360000+01:00|720|Dance Partner|60.00|1068703B|Tomo Uchuu|107ABEEC|Greiyan Fletz|00|106544|106478||3baafd93dfc6e86b89624cae96781bf0
26|2021-09-26T12:06:58.5360000+01:00|839|Standard Finish|60.00|1068703B|Tomo Uchuu|107ABEEC|Greiyan Fletz|00|106544|106478||67f3742e532475c64814ff6a8873d298
38|2021-09-26T12:06:58.5360000+01:00|107ABEEC|Greiyan Fletz|00505022|106544|106544|10000|10000|8|0|101.2602|98.59066|-0.0006114251|-3.11724|948D|31|0|0720|42700000|1068703B|14016A|41F00000|E0000000|0A0168|41F00000|E0000000|28FE0030|451396F3|107ABEEC|1404AF|41A07CDB|1068703B|1E0032|412DCECE|107ABEEC|0129|41BDB430|1057B8A2|0839|42700000|1068703B|0737|42700000|1068703B||60497e64564d63b9c46ebd8bbd3faafd
26|2021-09-26T12:06:58.5360000+01:00|737|Esprit|60.00|1068703B|Tomo Uchuu|107ABEEC|Greiyan Fletz|00|106544|106478||6e81c5ac1b3ec0f09ac143077f516087
22|2021-09-26T12:06:58.5360000+01:00|1068703B|Tomo Uchuu|3F40|Double Standard Finish|1068703B|Tomo Uchuu|50E|71D0000|E|7370000|0|0|0|0|0|0|0|0|0|0|0|0|106478|106478|10000|10000|0|1000|100.805|99.38701|0|-3.05572|106478|106478|10000|10000|0|1000|100.805|99.38701|0|-3.05572|00008B0B|0|4cf2abb7b0bfc13b1d53b98e8ebc2353
22|2021-09-26T12:06:58.5360000+01:00|1068703B|Tomo Uchuu|3F40|Double Standard Finish|40011D69|Living Liquid|720003|B6330000|0|0|0|0|0|0|0|0|0|0|0|0|0|0|12833854|12889320|10000|10000|0|1000|99.99231|85.12393|0|-0.0003534011|106478|106478|10000|10000|0|1000|100.805|99.38701|0|-3.05572|00008B0B|1|c5d3955024220c3324da6d693ca4416d
21|2021-09-26T12:06:58.5360000+01:00|1068703B|Tomo Uchuu|07|Attack|40011D69|Living Liquid|720203|16590000|0|0|0|0|0|0|0|0|0|0|0|0|0|0|12833854|12889320|10000|10000|0|1000|99.99231|85.12393|0|-0.0003534011|106478|106478|10000|10000|0|1000|100.805|99.38701|0|-3.05572|00008B0C|0|8f101e0f91c0dae775a9c4fb4cb96b5d
38|2021-09-26T12:06:58.5360000+01:00|1068703B|Tomo Uchuu|00505026|106478|106478|10000|10000|8|0|100.805|99.38701|0|-3.05572|DE54|30|0|14016A|41F00000|E0000000|0A0168|41F00000|E0000000|071F|42700000|1068703B|28FE0030|45143CC0|1068703B|0|0|0|1404AF|419C331F|1068703B|0129|41B749AE|1057B8A2|071D|42700000|1068703B|0737|42700000|1068703B||adb642447f99c23d170b497a9e6492e1
26|2021-09-26T12:06:58.5360000+01:00|71f|Closed Position|60.00|1068703B|Tomo Uchuu|1068703B|Tomo Uchuu|00|106478|106478||304e7fec9b2e0d3584f8e36e2294f4a7
30|2021-09-26T12:06:58.5360000+01:00|71a|Standard Step|0.00|1068703B|Tomo Uchuu|1068703B|Tomo Uchuu|00|106478|106478||5cc8b233bd5c4a995dac1e68ed080de9
26|2021-09-26T12:06:58.5360000+01:00|71d|Standard Finish|60.00|1068703B|Tomo Uchuu|1068703B|Tomo Uchuu|00|106478|106478||d927938ea870b5cc50e2ff1c5a7fd699
26|2021-09-26T12:06:58.5360000+01:00|737|Esprit|60.00|1068703B|Tomo Uchuu|1068703B|Tomo Uchuu|00|106478|106478||d22f08dd209bb669990746cf1621ab59
31|2021-09-26T12:06:58.5360000+01:00|1068703B|26|00|10687000|129|cdb001eec7b6537c21043464604677d0
37|2021-09-26T12:06:58.5800000+01:00|40011D69|Living Liquid|00008B02|12818808|12889320|10000|10000|0||99.99231|85.49858|0|-0.001276823||a907663d9912753af2dbcffad9a02ce7
37|2021-09-26T12:06:58.5800000+01:00|10675739|Jasy Heavensong|00008B02|97086|97086|9600|10000|9||100.9048|108.4112|-0.01531982|2.688229|2100|0|0|01|04001A80|0|0|E0000000||a82ecce0ecd0c736bca7488b444cd358
39|2021-09-26T12:06:58.5800000+01:00|40011DC3|Earthly Star|92424|92424|10000|10000|0|0|100.0739|100.0579|0|0.04501343||9ea918c3cec016e71a91c48d08ab8dfd
38|2021-09-26T12:06:58.5800000+01:00|10675739|Jasy Heavensong|00505021|97086|97086|9600|10000|9|0|100.9048|108.4112|-0.01531982|2.688229|9598|31|0|0A0168|41F00000|E0000000|0F016B|41F00000|E0000000|0391|0|10675739|28FE0030|45138FC7|10675739|0|0|0|04C8|3F737466|10675739|0129|41B7FDE8|1057B8A2|0347|0|10675739||cef6dc947070a71ff2c6a8ce75722aeb
30|2021-09-26T12:06:58.5800000+01:00|4af|Peloton|0.00|1068703B|Tomo Uchuu|10675739|Jasy Heavensong|14|97086|106478||cb9aee1629efda82b2fa414ad800746a
21|2021-09-26T12:06:58.6240000+01:00|107629AA|Joeson Lmoa|65|Raging Strikes|107629AA|Joeson Lmoa|A0E|7D0000|0|0|0|0|0|0|0|0|0|0|0|0|0|0|106059|106059|10000|10000|0|1000|97.67297|111.1313|0|3.053195|106059|106059|10000|10000|0|1000|97.67297|111.1313|0|3.053195|00008B0D|0|36b106c28a753e3e75dee0a474f0e2cd
37|2021-09-26T12:06:58.6680000+01:00|40011D69|Living Liquid|00008B07|12815039|12889320|10000|10000|0||99.99231|85.49858|0|-0.001276823||f139d73f1fb2000be8301ca056ffbc24
37|2021-09-26T12:06:58.6680000+01:00|107629AA|Joeson Lmoa|00008B07|106059|106059|10000|10000|8||97.67297|111.1313|0|3.053195|1700|0|0|02|03001A80|0|0|E0000000|0500007A|0|C1200000|107629AA||5cc5486c6f07561332a364972cf95ecd
38|2021-09-26T12:06:58.6680000+01:00|107629AA|Joeson Lmoa|00505017|106059|106059|10000|10000|8|0|97.67297|111.1313|0|3.053195|9598|31|0|0A016D|41F00000|E0000000|0A0168|41F00000|E0000000|28FE0030|451391F3|107629AA|0|0|0|0129|41BB915F|1057B8A2|7A|C1200000|107629AA||407fff2e65ebd3b8d1aa2d86ea11d13d
30|2021-09-26T12:06:58.6680000+01:00|4af|Peloton|0.00|1068703B|Tomo Uchuu|107629AA|Joeson Lmoa|14|106059|106478||68c5984fc10c16aede87f120bf306d3b
37|2021-09-26T12:06:58.8460000+01:00|40011D69|Living Liquid|00008B08|12815039|12889320|10000|10000|0||99.99587|86.45124|0|-0.001036544|0|0|0|01|21E7|0|41F00000|1057B8A2||85b789a14009d5683745e4a292cbaecd
26|2021-09-26T12:06:58.8460000+01:00|767|Biolysis|30.00|1057B8A2|Alex Knightfall|40011D69|Living Liquid|00|12889320|97285||15c3d6dcb5632408050cc2ac0bac1137
38|2021-09-26T12:06:58.8460000+01:00|1057B8A2|Alex Knightfall|0050501C|97285|97285|9200|10000|9|0|99.99231|105.3631|-0.00312431|-3.109379|0|0|0|0A016D|41F00000|E0000000|1E016C|41F00000|E0000000|28FE0030|44DEF04C|1057B8A2|030130|0|1057B8A2|0129|41B3BC5D|1057B8A2|28FA0031|41CE78D0|1057B8A2||a70a02ec3a154490850f361ff29a86c6
26|2021-09-26T12:06:58.8460000+01:00|130|Aetherflow|9999.00|1057B8A2|Alex Knightfall|1057B8A2|Alex Knightfall|03|97285|97285||7cbf2597e9e6e81c4bafe85cb271a720
21|2021-09-26T12:06:58.8460000+01:00|1057B8A2|Alex Knightfall|A6|Aetherflow|1057B8A2|Alex Knightfall|B|3E80000|0|0|0|0|0|0|0|0|0|0|0|0|0|0|97285|97285|9200|10000|0|1000|99.99231|105.3631|-0.00312431|-3.109379|97285|97285|9200|10000|0|1000|99.99231|105.3631|-0.00312431|-3.109379|00008B0E|0|a112c590128c81b1593e06a22f83e941
21|2021-09-26T12:06:58.8460000+01:00|1075A2E4|Niru Summers|34|Infuriate|1075A2E4|Niru Summers|323D|340000|E|7690000|0|0|0|0|0|0|0|0|0|0|0|0|153077|153077|10000|10000|0|1000|100.1449|101.3128|0|3.135265|153077|153077|10000|10000|0|1000|100.1449|101.3128|0|3.135265|00008B0F|0|42cc12d6e7fd963c9aab63e30f8730b9
38|2021-09-26T12:06:58.8460000+01:00|1075A2E4|Niru Summers|00505015|153077|153077|10000|10000|21|0|100.1449|101.3128|0|3.135265|9598|31|0|0A016D|41F00000|E0000000|0A0168|41F00000|E0000000|5B|0|1075A2E4|28FD0030|4514F9F8|1075A2E4|0769|C1F00000|1075A2E4|0129|41B91470|1057B8A2|0761|41C2B432|10675739||c93f8a6cd8de1279a8ef03bbd3fc850a
26|2021-09-26T12:06:58.8460000+01:00|769|Nascent Chaos|30.00|1075A2E4|Niru Summers|1075A2E4|Niru Summers|00|153077|153077||4cbaa41593e578ad9484fdec042f9d9e
39|2021-09-26T12:06:58.9360000+01:00|10675739|Jasy Heavensong|97086|97086|9864|10000|0|0|101.0508|108.1246|-0.003124579|2.924176||0f1748c98a04b6f85ac75c76d1a74f80
39|2021-09-26T12:06:58.9360000+01:00|1075A2E4|Niru Summers|153077|153077|10000|10000|0|0|100.1449|101.3128|0|3.135265||73e10061e73a48301b2619a421f1d916
39|2021-09-26T12:06:58.9360000+01:00|10752D6C|Volkon Vysk|152511|152511|10000|10000|0|0|99.91736|101.5534|-0.001213798|3.137565||1c2750d3e6dd6249b2ca1b301f72a7a6
38|2021-09-26T12:06:58.9360000+01:00|107ABEEC|Greiyan Fletz|00505022|106544|106544|10000|10000|8|0|101.1977|95.91314|0|-3.117336|94AB|31|0|0720|42700000|1068703B|14016A|41F00000|E0000000|0A0168|41F00000|E0000000|28FE0030|4513908B|107ABEEC|0|0|0|1E0032|41276450|107ABEEC|0129|41BA7EF0|1057B8A2|0839|426E6563|1068703B|0737|426E6563|1068703B||4885aa2f117430e10d7feea08025556d
30|2021-09-26T12:06:58.9360000+01:00|4af|Peloton|0.00|1068703B|Tomo Uchuu|107ABEEC|Greiyan Fletz|14|106544|106478||80ff0fb76418d70097a31356f8a4b4e4
38|2021-09-26T12:06:58.9360000+01:00|1068703B|Tomo Uchuu|00505026|106478|106478|10000|10000|8|0|100.6092|97.11273|0|-3.049437|94AB|31|0|14016A|41F00000|E0000000|0A0168|41F00000|E0000000|071F|42700000|1068703B|28FE0030|45143658|1068703B|0|0|0|0|0|0|0129|41B4146E|1057B8A2|071D|426E6563|1068703B|0737|426E6563|1068703B||7add8785cace8d37d1b5f08c20ac3056
30|2021-09-26T12:06:58.9360000+01:00|4af|Peloton|0.00|1068703B|Tomo Uchuu|1068703B|Tomo Uchuu|14|106478|106478||ec8cffbf138e15813b4ae223795d4a01
20|2021-09-26T12:06:58.9810000+01:00|107401EC|Raesa Velan|99|Thunder III|40011D69|Living Liquid|2.34|101.3961|105.1804|0|-3.069194||504351d6c5159c33e8fb1296b7a752d6
21|2021-09-26T12:06:58.9810000+01:00|10675739|Jasy Heavensong|40AA|Combust III|40011D69|Living Liquid|CA9E0E|7590000|1B|40AA8000|0|0|0|0|0|0|0|0|0|0|0|0|12815039|12889320|10000|10000|0|1000|100.0042|87.22742|0|0.003070662|97086|97086|9864|10000|0|1000|101.1179|107.9929|-0.002190627|3.032663|00008B10|0|1e11ac7301657f723d86d84ee159542e
24|2021-09-26T12:06:59.0250000+01:00|40011D69|Living Liquid|DoT|0|1EFE|12807105|12889320|10000|10000|0|1000|100.0113|87.89544|0|0.006605483||4237e22c8cf6c182380be92a6747186b
36|2021-09-26T12:06:59.0260000+01:00|00DC|3|d877daff66fc5c392d617aa4b5798202
38|2021-09-26T12:06:59.0260000+01:00|40011D69|Living Liquid|00505000|12807105|12889320|10000|10000|0|0|100.0113|87.89544|0|0.006605483|94AB|31|0|0767|41EE353F|1057B8A2||40c177425a3fdd4ab5e2bf39f120f889
37|2021-09-26T12:06:59.0700000+01:00|1068703B|Tomo Uchuu|00008B0B|106478|106478|10000|10000|8||100.4723|95.74008|0|-3.013832|2600|0|0|02|0700219D|0|426E093B|1068703B|08000737|0|426E093B|1068703B||32340b295b1c3d8b9ae3f51e401c0cc5
37|2021-09-26T12:06:59.0700000+01:00|40011D69|Living Liquid|00008B0C|12801384|12889320|10000|10000|0||100.0113|87.89544|0|0.006605483||437adeb22ba5a427f0250cce673143a9
39|2021-09-26T12:06:59.0700000+01:00|107629AA|Joeson Lmoa|106059|106059|10000|10000|0|0|97.67297|111.1313|0|3.051541||e1a21188a9c9117761a4a7885e30c5b4
37|2021-09-26T12:06:59.1600000+01:00|107629AA|Joeson Lmoa|00008B0D|106059|106059|10000|10000|8||97.67297|111.1313|0|3.049844|1700|0|0|02|03001AFD|0|41A00000|107629AA|0500007A|0|C1200000|107629AA||cb86dd5b7d395d5a9a1922b1e2769d91
26|2021-09-26T12:06:59.1600000+01:00|7d|Raging Strikes|20.00|107629AA|Joeson Lmoa|107629AA|Joeson Lmoa|00|106059|106059||e00c31b71fe161f6aa165df0d1823f5d
39|2021-09-26T12:06:59.1600000+01:00|1057B8A2|Alex Knightfall|97285|97285|9446|10000|0|0|99.99231|105.3025|-0.01531982|-3.083301||9c70f8fd571d2488bc8ebdb95fe45142
21|2021-09-26T12:06:59.1600000+01:00|107ABEEC|Greiyan Fletz|1D35|Hakaze|40011D69|Living Liquid|710103|2CC40000|1B|1D358000|0|0|0|0|0|0|0|0|0|0|0|0|12801384|12889320|10000|10000|0|1000|100.0214|88.83588|0|0.00867055|106544|106544|10000|10000|0|1000|101.1303|93.12405|0|-2.947925|00008B11|0|ffe276093cb6958c89368108e9c75d13
21|2021-09-26T12:06:59.1600000+01:00|107ABEEC|Greiyan Fletz|07|Attack|40011D69|Living Liquid|710103|17670000|0|0|0|0|0|0|0|0|0|0|0|0|0|0|12801384|12889320|10000|10000|0|1000|100.0214|88.83588|0|0.00867055|106544|106544|10000|10000|0|1000|101.1303|93.12405|0|-2.947925|00008B12|0|e6c6ba8beb1e870f91f819db96067395
37|2021-09-26T12:06:59.2040000+01:00|40011D69|Living Liquid|00008B06|12796109|12889320|10000|10000|0||100.0214|88.83588|0|0.00867055|0|0|0|01|01001F31|28|41F00000|107629AA||2dda66bc9d4f70717aeb5622acdca3c0
26|2021-09-26T12:06:59.2040000+01:00|4b1|Stormbite|30.00|107629AA|Joeson Lmoa|40011D69|Living Liquid|28|12889320|106059||58752e2d340c56c99a08ceac8ad42865
37|2021-09-26T12:06:59.2040000+01:00|107629AA|Joeson Lmoa|00008B06|106059|106059|10000|10000|8||97.67297|111.1313|0|3.049844|1700|0|0|01|05001AFA|0|41200000|107629AA||529110bb5c9484fadf3b40f06798c07e
37|2021-09-26T12:06:59.2040000+01:00|40011D69|Living Liquid|00008B0B|12749466|12889320|10000|10000|0||100.0214|88.83588|0|0.00867055|01|0|0|0||7614e1c0b8b39276a8aacd2abd997380
39|2021-09-26T12:06:59.2040000+01:00|107401EC|Raesa Velan|96887|96887|10000|10000|0|0|101.3961|105.1804|0|-3.067492||964c3bea22fc4e7a23affc48bfe3a1bf
38|2021-09-26T12:06:59.2040000+01:00|107629AA|Joeson Lmoa|00505017|106059|106059|10000|10000|8|0|97.67297|111.1313|0|3.049844|948D|31|0|0A016D|41F00000|E0000000|0A0168|41F00000|E0000000|28FE0030|4513895E|107629AA|7D|419F45A1|107629AA|0129|41B74597|1057B8A2|7A|411F4BC7|107629AA||b78bdf345248bd8afa29df766b65b1c0
37|2021-09-26T12:06:59.3830000+01:00|1057B8A2|Alex Knightfall|00008B0E|97285|97285|10000|10000|9||99.99231|105.3025|0|-3.083301|1C00|0|0|0||6cfc0b9b7f43e9dd6a32c63960567414
37|2021-09-26T12:06:59.3830000+01:00|1075A2E4|Niru Summers|00008B0F|153077|153077|10000|10000|21||100.1449|102.6616|0|3.135265|1500|0|0|01|040021E9|0|41F00000|1075A2E4||072d8be117b72850fa136137304d83ce
21|2021-09-26T12:06:59.3840000+01:00|107629AA|Joeson Lmoa|6E|Bloodletter|40011D69|Living Liquid|720203|25000000|0|0|0|0|0|0|0|0|0|0|0|0|0|0|12749466|12889320|10000|10000|0|1000|100.0415|90.68391|0|0.0109589|106059|106059|10000|10000|0|1000|97.67297|111.1313|0|3.045588|00008B13|0|8c67cdcb4ea7cc48b4bbbb78d0672949
38|2021-09-26T12:06:59.3840000+01:00|1075A2E4|Niru Summers|00505015|153077|153077|10000|10000|21|0|100.1449|102.6616|0|3.135265|DEAD|30|0|0A016D|41F00000|E0000000|0A0168|41F00000|E0000000|5B|0|1075A2E4|28FD0030|4514F15F|1075A2E4|0769|41EFA5E3|1075A2E4|0129|41B4C69C|1057B8A2|0761|41BE665E|10675739||f20a1ce103c37f6b482c24a72adebfd9
21|2021-09-26T12:06:59.5170000+01:00|10752D6C|Volkon Vysk|07|Attack|40011D69|Living Liquid|710003|A690000|0|0|0|0|0|0|0|0|0|0|0|0|0|0|12749466|12889320|10000|10000|0|1000|100.0474|91.23776|0|0.01241565|152511|152511|10000|10000|0|1000|99.93044|97.76175|-0.002236739|3.137565|00008B14|0|80919bd2021c740fcb8880835ab3a458
38|2021-09-26T12:06:59.5610000+01:00|10675739|Jasy Heavensong|00505021|97086|97086|9464|10000|9|0|101.1797|107.866|-0.01531982|-3.082168|0|0|0|0A0168|41F00000|E0000000|0F016B|41F00000|E0000000|0391|0|10675739|28FE0030|4513801A|10675739|04E0|41200000|10675739|0|0|0|0129|41B07EEC|1057B8A2|0347|0|10675739||4362643c025faf369f6e2a7ceedff103
26|2021-09-26T12:06:59.5610000+01:00|4e0|Giant Dominance|10.00|10675739|Jasy Heavensong|10675739|Jasy Heavensong|00|97086|97086||cac15df043532a07e9407f2786477966
30|2021-09-26T12:06:59.5610000+01:00|4c8|Earthly Dominance|0.00|10675739|Jasy Heavensong|10675739|Jasy Heavensong|00|97086|97086||aee8089ed957ea2df0a1ff6d38fe5105
21|2021-09-26T12:06:59.5620000+01:00|1057B8A2|Alex Knightfall|1D8A|Lucid Dreaming|1057B8A2|Alex Knightfall|F40E|4B40000|0|0|0|0|0|0|0|0|0|0|0|0|0|0|97285|97285|10000|10000|0|1000|99.99231|105.3025|0|-3.083301|97285|97285|10000|10000|0|1000|99.99231|105.3025|0|-3.083301|00008B15|0|dd88748ed6adbd136180b30fb9b0dbf6
38|2021-09-26T12:06:59.5620000+01:00|10675739|Jasy Heavensong|00505021|97086|97086|9464|10000|9|0|101.1797|107.866|-0.01531982|-3.082168|DE54|30|0|0A0168|41F00000|E0000000|0F016B|41F00000|E0000000|0391|0|10675739|28FE0030|4513801A|10675739|04E0|41200000|10675739|0|0|0|0129|41B024CF|1057B8A2|0347|0|10675739||0cbefe9915ea1492bc830ad6b95812ab
37|2021-09-26T12:06:59.6060000+01:00|40011D69|Living Liquid|00008B10|12749466|12889320|10000|10000|0||100.0592|92.33086|0|0.01241565|0|0|0|01|02001D19|0|41F00000|10675739||7b6703ffbacc852c08cb188899cc1985
26|2021-09-26T12:06:59.6060000+01:00|759|Combust III|30.00|10675739|Jasy Heavensong|40011D69|Living Liquid|00|12889320|97086||a826c74e14ca97e4366ef00301662567
37|2021-09-26T12:06:59.6960000+01:00|40011D69|Living Liquid|00008B12|12743475|12889320|10000|10000|0||100.0681|93.15521|0|0.01241565||a17fd1814456a3ddce57ba74accdf332
21|2021-09-26T12:06:59.6960000+01:00|10675739|Jasy Heavensong|1131|The Balance|107ABEEC|Greiyan Fletz|60E|75A0000|13D|F18000|0|0|0|0|0|0|0|0|0|0|0|0|106544|106544|10000|10000|0|1000|101.0909|91.26683|0|-2.587545|97086|97086|9464|10000|0|1000|101.181|107.866|-0.01531982|-3.080894|00008B16|0|60ea4a44d3f197628b74f805415c328e
38|2021-09-26T12:06:59.6960000+01:00|10675739|Jasy Heavensong|00505021|97086|97086|9464|10000|9|0|101.181|107.866|-0.01531982|-3.080894|0|0|0|0A0168|41F00000|E0000000|0F016B|41F00000|E0000000|0|0|0|28FE0030|45137DF6|10675739|04E0|411DDB23|10675739|0|0|0|0129|41AF1260|1057B8A2|0347|0|10675739||644ca89c03cbe496f7c1fac3031438af
30|2021-09-26T12:06:59.6960000+01:00|391|Balance Drawn|0.00|10675739|Jasy Heavensong|10675739|Jasy Heavensong|00|97086|97086||dac633b13d68bc98ee6736895c0272b0
37|2021-09-26T12:06:59.7840000+01:00|40011D69|Living Liquid|00008B11|12732015|12889320|10000|10000|0||100.0783|94.09608|0|0.01130126||51c6a52e9fb9336ff28e481b5133fe19
21|2021-09-26T12:06:59.8270000+01:00|1075A2E4|Niru Summers|07|Attack|40011D69|Living Liquid|710003|CA20000|0|0|0|0|0|0|0|0|0|0|0|0|0|0|12732015|12889320|10000|10000|0|1000|100.0783|94.09608|0|0.01130126|153077|153077|10000|10000|0|1000|100.1449|103.439|-0.001470263|3.134693|00008B17|0|8549bc02c4721f6b87528900fb2082e2
21|2021-09-26T12:06:59.9170000+01:00|10752D6C|Volkon Vysk|3F09|Keen Edge|40011D69|Living Liquid|710303|284F0000|1B|3F098000|0|0|0|0|0|0|0|0|0|0|0|0|12732015|12889320|10000|10000|0|1000|100.0904|95.21958|0|0.009737687|152511|152511|10000|10000|0|1000|99.93115|96.69688|-0.01531982|3.108234|00008B18|0|c88742220fd7f6c43c304a0db69b7bed
21|2021-09-26T12:07:00.0060000+01:00|1068703B|Tomo Uchuu|3E7E|Technical Step|1068703B|Tomo Uchuu|E|71B0000|0|0|0|0|0|0|0|0|0|0|0|0|0|0|106478|106478|10000|10000|0|1000|99.11829|99.03927|0|-1.625248|106478|106478|10000|10000|0|1000|99.11829|99.03927|0|-1.625248|00008B19|0|6e00b49e9afb91365747f46145ccc618
38|2021-09-26T12:07:00.0060000+01:00|1068703B|Tomo Uchuu|00505026|106478|106478|10000|10000|8|0|99.11829|99.03927|0|-1.625248|D7F7|30|0|14016A|41F00000|E0000000|0A0168|41F00000|E0000000|071F|42700000|1068703B|28FE0030|4514253F|1068703B|071B|C1700000|1068703B|0|0|0|0129|41AB8510|1057B8A2|071D|426A1DBB|1068703B|0737|426A1DBB|1068703B||0e6b98584721b1c174d4a47238de896b
26|2021-09-26T12:07:00.0060000+01:00|71b|Technical Step|15.00|1068703B|Tomo Uchuu|1068703B|Tomo Uchuu|00|106478|106478||ea15e2da280afcd9d54734650757f460
31|2021-09-26T12:07:00.0060000+01:00|1068703B|4000026|30102|E0000000|129|9958635cb3c789f56a4328ade02fc70a
37|2021-09-26T12:07:00.0500000+01:00|40011D69|Living Liquid|00008B14|12729350|12889320|10000|10000|0||100.1009|96.18412|0|0.008395346||50f13989db1ed1601f17683a81b701ae
21|2021-09-26T12:07:00.0500000+01:00|107ABEEC|Greiyan Fletz|4062|Ikishoten|107ABEEC|Greiyan Fletz|0|0|0|0|0|0|0|0|0|0|0|0|0|0|0|0|106544|106544|10000|10000|0|1000|101.1158|92.40709|-0.00207169|-0.8263125|106544|106544|10000|10000|0|1000|101.1158|92.40709|-0.00207169|-0.8263125|00008B1A|0|dea955c7f79ef36ee512593e3d84045e
37|2021-09-26T12:07:00.1830000+01:00|1057B8A2|Alex Knightfall|00008B15|97285|97285|10000|10000|9||99.99231|104.7672|0|3.007775|1C00|0|0|01|06001F34|0|41A80000|1057B8A2||ec15ff0b1772776acf9e34f47cbffa5b
26|2021-09-26T12:07:00.1830000+01:00|4b4|Lucid Dreaming|21.00|1057B8A2|Alex Knightfall|1057B8A2|Alex Knightfall|00|97285|97285||acebb734b3e70afdba14297dfb6a69b6
21|2021-09-26T12:07:00.1830000+01:00|1075A2E4|Niru Summers|1F|Heavy Swing|40011D69|Living Liquid|710003|14720000|1B|1F8000|0|0|0|0|0|0|0|0|0|0|0|0|12729350|12889320|10000|10000|0|1000|100.1041|96.52834|0|0.008052859|153077|153077|10000|10000|0|1000|100.1449|103.4895|-0.001988097|3.133156|00008B1B|0|e680a6a5c5ed3fccc03c4a6ff841cd3f
37|2021-09-26T12:07:00.3170000+01:00|107ABEEC|Greiyan Fletz|00008B16|106544|106544|10000|10000|8||101.1817|95.24664|-0.001487262|0.02430439|2200|0|0|01|040021DA|0|41700000|10675739||5097fa32388e6abb50854f84a599819d
26|2021-09-26T12:07:00.3170000+01:00|75a|The Balance|15.00|10675739|Jasy Heavensong|107ABEEC|Greiyan Fletz|00|106544|97086||b4a668734354f75584380b528ba0b998
38|2021-09-26T12:07:00.3170000+01:00|107ABEEC|Greiyan Fletz|00505022|106544|106544|10000|10000|8|0|101.1817|95.24664|-0.001487262|0.02430439|0|0|0|0720|42700000|1068703B|14016A|41F00000|E0000000|0A0168|41F00000|E0000000|28FE0030|45137A76|107ABEEC|075A|416F47AE|10675739|1E0032|411147A8|107ABEEC|0129|41AF7098|1057B8A2|0839|4268DE40|1068703B|0737|4268DE40|1068703B||44aac31d973dadd02be34ed71a78bed5
37|2021-09-26T12:07:00.3610000+01:00|40011D69|Living Liquid|00008B17|12726116|12889320|10000|10000|0||100.1104|97.20671|0|0.006950855||3507709a3b5973bc26470bbc33ea2dac
21|2021-09-26T12:07:00.4490000+01:00|107629AA|Joeson Lmoa|1CEE|Caustic Bite|40011D69|Living Liquid|720003|1CE00000|28C49B0E|4B00000|1B|1CEE8000|0|0|0|0|0|0|0|0|0|0|12726116|12889320|10000|10000|0|1000|100.1132|97.51476|0|0.006950855|106059|106059|10000|10000|0|1000|97.91503|109.2345|0|2.494647|00008B1C|0|e82793d49cd4f9bd32fd1bd017cb3119
21|2021-09-26T12:07:00.5390000+01:00|10675739|Jasy Heavensong|E16|Lightspeed|10675739|Jasy Heavensong|E700000E|3490000|0|0|0|0|0|0|0|0|0|0|0|0|0|0|97086|97086|9464|10000|0|1000|101.1825|107.8166|-0.01531982|-3.136616|97086|97086|9464|10000|0|1000|101.1825|107.8166|-0.01531982|-3.136616|00008B1D|0|0104af76b0b9a532576ee353ccfa6139
38|2021-09-26T12:07:00.5390000+01:00|10675739|Jasy Heavensong|00505021|97086|97086|9464|10000|9|0|101.1825|107.8166|-0.01531982|-3.136616|0|0|0|0A0168|41F00000|E0000000|0F016B|41F00000|E0000000|FFE70349|C1700000|10675739|28FE0030|4513707A|10675739|04E0|41105A1F|10675739|0|0|0|0129|41A851DD|1057B8A2|0347|0|10675739||ed2aca1ad4da89427ff5dd11486c6d68
26|2021-09-26T12:07:00.5390000+01:00|349|Lightspeed|15.00|10675739|Jasy Heavensong|10675739|Jasy Heavensong|FFE7|97086|97086||4b3d4ebbc3cc8a66a37db8ea66d0b65e
38|2021-09-26T12:07:00.5390000+01:00|1068703B|Tomo Uchuu|00505026|106478|106478|10000|10000|8|0|99.20063|102.0422|0|-2.324777|0|0|0|14016A|41F00000|E0000000|0A0168|41F00000|E0000000|071F|42700000|1068703B|28FE0030|45141CB7|1068703B|071B|C1700000|1068703B|0|0|0|0129|41A73F6E|1057B8A2|071D|4267FAED|1068703B|0737|4267FAED|1068703B||1527658e40606245406d8a475e3a19f4
26|2021-09-26T12:07:00.5390000+01:00|71f|Closed Position|60.00|1068703B|Tomo Uchuu|1068703B|Tomo Uchuu|00|106478|106478||d2d5f03b42ede7c69bfbabf1d67861af
20|2021-09-26T12:07:00.5840000+01:00|1057B8A2|Alex Knightfall|409D|Broil III|40011D69|Living Liquid|2.43|99.99231|104.3259|0|2.905643||c6fce67330f2ca6a4f76955333e996e0
37|2021-09-26T12:07:00.6290000+01:00|1068703B|Tomo Uchuu|00008B19|106478|106478|10000|10000|8||99.41702|102.1081|0|-2.43578|2600|0|0|01|0400219B|0|41700000|1068703B||92c28821c2ec7087c37572cc85931c57
38|2021-09-26T12:07:00.6290000+01:00|1068703B|Tomo Uchuu|00505026|106478|106478|10000|10000|8|0|99.41702|102.1081|0|-2.43578|0|0|0|14016A|41F00000|E0000000|0A0168|41F00000|E0000000|071F|42700000|1068703B|28FE0030|45141B47|1068703B|071B|416F4396|1068703B|0|0|0|0129|41A6871C|1057B8A2|071D|42679EC4|1068703B|0737|42679EC4|1068703B||aeb189332460fe45e52678c838ce1ae2
37|2021-09-26T12:07:00.6730000+01:00|10675739|Jasy Heavensong|00008B1D|97086|97086|9464|10000|9||101.1825|107.717|-0.0008307378|3.137182|2100|0|0|01|02001DC9|FFE7|41700000|10675739||0679eb9932dac0fe5c2845ed781a8dac
38|2021-09-26T12:07:00.6730000+01:00|1057B8A2|Alex Knightfall|0050501C|97285|97285|10000|10000|9|0|99.99231|104.3259|0|2.948375|0|0|0|0A016D|41F00000|E0000000|1E016C|41F00000|E0000000|28FE0030|44DEB5D7|1057B8A2|030130|0|1057B8A2|0129|41A51EA9|1057B8A2|28FA0031|41BFDB1C|1057B8A2|04B4|41A3BA5F|1057B8A2||248cab3ae3f4069a60baa50282f8bbd3
38|2021-09-26T12:07:00.6730000+01:00|10675739|Jasy Heavensong|00505021|97086|97086|9464|10000|9|0|101.1825|107.717|-0.0008307378|3.137182|0|0|0|0A0168|41F00000|E0000000|0F016B|41F00000|E0000000|FFE70349|416F4FDF|10675739|28FE0030|45136E5A|10675739|04E0|410E395B|10675739|0|0|0|0129|41A7417B|1057B8A2|0347|0|10675739||c497da3347a9d3e233e3147505e59c96
37|2021-09-26T12:07:00.7160000+01:00|40011D69|Living Liquid|00008B1B|12720882|12889320|10000|10000|0||100.1144|97.64246|0|0.006950855||0c22d465862c7747a0d2255da86736db
21|2021-09-26T12:07:00.7620000+01:00|10752D6C|Volkon Vysk|20FBED5|Item_Fbed5|10752D6C|Volkon Vysk|F600000E|310000|0|0|0|0|0|0|0|0|0|0|0|0|0|0|152511|152511|10000|10000|0|1000|99.89159|98.7833|0|3.109876|152511|152511|10000|10000|0|1000|99.89159|98.7833|0|3.109876|00008B1E|0|22a7aaf9cd765e00c3ebe96d49c1a36d
21|2021-09-26T12:07:00.8070000+01:00|107401EC|Raesa Velan|99|Thunder III|40011D69|Living Liquid|550303|25FF0000|ADC3D0E|A30000|11|3638000|F|A48000|1B|998000|0|0|0|0|0|0|12720882|12889320|10000|10000|0|1000|100.1144|97.64246|0|0.006950855|96887|96887|10000|10000|0|1000|101.3961|105.1804|0|-2.989537|00008B1F|0|f2494161a91925ffdd054e973f532508
38|2021-09-26T12:07:00.8070000+01:00|107401EC|Raesa Velan|00505019|96887|96887|9600|10000|16|0|101.3961|105.1804|0|-2.989537|0|0|0|0A016D|41F00000|E0000000|0A0168|41F00000|E0000000|29020030|45946FE2|107401EC|A4|C1900000|107401EC|0|0|0|0129|41A7417B|1057B8A2||3d7bfe8a6610321d9e1eb004edd8ca82
26|2021-09-26T12:07:00.8070000+01:00|a4|Thundercloud|18.00|107401EC|Raesa Velan|107401EC|Raesa Velan|00|96887|96887||80829f03a753334e0364c8632d4a4c2f
30|2021-09-26T12:07:00.8070000+01:00|363|Sharpcast|0.00|107401EC|Raesa Velan|107401EC|Raesa Velan|00|96887|96887||52b84ae224c77fa339616108cc9510f8
37|2021-09-26T12:07:00.8510000+01:00|40011D69|Living Liquid|00008B18|12710563|12889320|10000|10000|0||100.1144|97.64246|0|0.006950855||a1858b245601750d5e42ef3800473e1c
37|2021-09-26T12:07:00.9850000+01:00|40011D69|Living Liquid|00008B13|12701091|12889320|10000|10000|0||100.1144|97.64246|0|0.006950855||aa15c4304dfd19aa9ddcae74a152c279
21|2021-09-26T12:07:00.9850000+01:00|107629AA|Joeson Lmoa|08|Shot|40011D69|Living Liquid|720003|10850000|0|0|0|0|0|0|0|0|0|0|0|0|0|0|12701091|12889320|10000|10000|0|1000|100.1144|97.64246|0|0.006950855|106059|106059|10000|10000|0|1000|97.83734|109.6927|-0.002028011|1.338241|00008B20|0|f7208496163043633bd7b0db9c8d1d65
21|2021-09-26T12:07:01.0290000+01:00|1075A2E4|Niru Summers|28|Thrill Of Battle|1075A2E4|Niru Summers|14140E|570000|4|77970000|0|0|0|0|0|0|0|0|0|0|0|0|153077|153077|10000|10000|0|1000|100.1143|98.7755|0|-3.129608|153077|153077|10000|10000|0|1000|100.1143|98.7755|0|-3.129608|00008B21|0|79c0e9a873aa9b381e635ec988e8ec9e
21|2021-09-26T12:07:01.0740000+01:00|40011D69|Living Liquid|4978|Unknown_4978|1075A2E4|Niru Summers|730003|118F0400|0|0|0|0|0|0|0|0|0|0|0|0|0|0|153077|153077|10000|10000|0|1000|100.1143|98.7755|0|-3.129608|12701091|12889320|10000|10000|0|1000|100.1144|97.64246|0|0.006950855|00008B22|0|fd7eee77c3d995e616e935bfd5c53c42
21|2021-09-26T12:07:01.1650000+01:00|107629AA|Joeson Lmoa|DE7|The Wanderer's Minuet|40011D69|Living Liquid|750003|F7D0000|0|0|0|0|0|0|0|0|0|0|0|0|0|0|12701091|12889320|10000|10000|0|1000|100.1144|97.64246|0|-0.1858452|106059|106059|10000|10000|0|1000|97.79308|109.9365|-0.004283256|2.957128|00008B23|0|3af2705d2357040a1c3cd0ebffd04351
38|2021-09-26T12:07:01.1650000+01:00|107ABEEC|Greiyan Fletz|00505022|106544|106544|10000|10000|8|0|101.3656|98.80212|0|0.122097|0|0|0|0720|42700000|1068703B|14016A|41F00000|E0000000|0A0168|41F00000|E0000000|28FE0030|45136CEE|107ABEEC|075A|4161BA61|10675739|1E0032|4103BA5B|107ABEEC|0129|41A8A9EF|1057B8A2|0839|42657AF1|1068703B|0737|42657AF1|1068703B|08A8|40A00000|107629AA||3932a19df30d44ea296ec5b63e9493e6
26|2021-09-26T12:07:01.1650000+01:00|720|Dance Partner|60.00|1068703B|Tomo Uchuu|107ABEEC|Greiyan Fletz|00|106544|106478||8a179a8879b86ced951d676a74bbb811
26|2021-09-26T12:07:01.1650000+01:00|8a8|The Wanderer's Minuet|5.00|107629AA|Joeson Lmoa|107ABEEC|Greiyan Fletz|00|106544|106059||55706ed59cd49f9487a53c33dd152429
38|2021-09-26T12:07:01.1650000+01:00|107401EC|Raesa Velan|00505019|96887|96887|9600|10000|16|0|101.3961|105.1804|0|-3.067194|0|0|0|0A016D|41F00000|E0000000|0A0168|41F00000|E0000000|29020030|45946D06|107401EC|A4|C1900000|107401EC|08A8|40A00000|107629AA|0129|41A4644B|1057B8A2||e75195a4cf95e9a0a13d506ca37cc500
26|2021-09-26T12:07:01.1650000+01:00|8a8|The Wanderer's Minuet|5.00|107629AA|Joeson Lmoa|107401EC|Raesa Velan|00|96887|106059||d5a454e2dca72ba57a3cc45374a1b971
38|2021-09-26T12:07:01.1650000+01:00|1057B8A2|Alex Knightfall|0050501C|97285|97285|10000|10000|9|0|99.99231|104.3259|0|3.125965|0|0|0|0A016D|41F00000|E0000000|1E016C|41F00000|E0000000|28FE0030|44DEA618|1057B8A2|030130|0|1057B8A2|0129|41A12F0A|1057B8A2|28FA0031|41BBEB7D|1057B8A2|04B4|419FCAC0|1057B8A2|08A8|40A00000|107629AA||dc3486987a153b18607da1e661d128cb
26|2021-09-26T12:07:01.1650000+01:00|8a8|The Wanderer's Minuet|5.00|107629AA|Joeson Lmoa|1057B8A2|Alex Knightfall|00|97285|106059||0aa9f7681915bf36dd960f6cf7aa3f40
38|2021-09-26T12:07:01.1650000+01:00|40011DA6|Eos|00505000|92601|92601|10000|10000|0|0|100.1449|100.0533|0|-3.129033|0|0|0|28FE0030|44DEA618|1057B8A2|28FA0031|41BBEB7D|1057B8A2|08A8|40A00000|107629AA||490b1bd0a0c7467e34da323eee01865a
26|2021-09-26T12:07:01.1650000+01:00|8a8|The Wanderer's Minuet|5.00|107629AA|Joeson Lmoa|40011DA6|Eos|00|92601|106059||961ff8227e375c6cabfba0ebd84c67ae
38|2021-09-26T12:07:01.1650000+01:00|107629AA|Joeson Lmoa|00505017|106059|106059|10000|10000|8|0|97.79308|109.9365|-0.004283256|2.957128|0|0|0|0A016D|41F00000|E0000000|0A0168|41F00000|E0000000|28FE0030|45136A0E|107629AA|7D|418F978A|107629AA|0129|41A79780|1057B8A2|7A|40FFDF4A|107629AA||de1bd5c9671a8fb3d4d3761c1acfe808
38|2021-09-26T12:07:01.1650000+01:00|10675739|Jasy Heavensong|00505021|97086|97086|9464|10000|9|0|101.1825|105.8402|0|3.137182|0|0|0|0A0168|41F00000|E0000000|0F016B|41F00000|E0000000|FFE70349|416770A5|10675739|28FE0030|4513667E|10675739|04E0|41065A21|10675739|08A8|40A00000|107629AA|0129|41A351DC|1057B8A2|0347|0|10675739||fd68ed69d3123140f65264b7d03de87c
26|2021-09-26T12:07:01.1650000+01:00|8a8|The Wanderer's Minuet|5.00|107629AA|Joeson Lmoa|10675739|Jasy Heavensong|00|97086|106059||7a695c12bdcb70df58e47e3e94a1f98e
38|2021-09-26T12:07:01.1650000+01:00|1068703B|Tomo Uchuu|00505026|106478|106478|10000|10000|8|0|99.6951|102.1035|0|-2.749939|0|0|0|14016A|41F00000|E0000000|0A0168|41F00000|E0000000|071F|42700000|1068703B|28FE0030|451412BB|1068703B|071B|4166B43B|1068703B|08A8|40A00000|107629AA|0129|41A23F6D|1057B8A2|071D|42657AF1|1068703B|0737|42657AF1|1068703B||98eac8ff277075b51acf7ad0803cad16
26|2021-09-26T12:07:01.1650000+01:00|8a8|The Wanderer's Minuet|5.00|107629AA|Joeson Lmoa|1068703B|Tomo Uchuu|00|106478|106059||c2bbac9edfc8410655108daf2ff72f55
38|2021-09-26T12:07:01.1650000+01:00|40011DC3|Earthly Star|00505000|92424|92424|10000|10000|0|0|100.0739|100.0579|0|0.04501343|0|0|0|28FE0030|4513667E|10675739|08A8|40A00000|107629AA||cead0df39b75e2f31735b0953ca3cfbe
26|2021-09-26T12:07:01.1650000+01:00|30|Well Fed|2358.41|10675739|Jasy Heavensong|40011DC3|Earthly Star|28FE|92424|97086||a3185239e5f648d249edba8554ce5dd9
26|2021-09-26T12:07:01.1650000+01:00|8a8|The Wanderer's Minuet|5.00|107629AA|Joeson Lmoa|40011DC3|Earthly Star|00|92424|106059||39211edef01f320a474ac7340b241663
38|2021-09-26T12:07:01.1650000+01:00|1075A2E4|Niru Summers|00505015|153077|153077|10000|10000|21|0|100.0958|97.25206|0|-3.129704|0|0|0|0A016D|41F00000|E0000000|0A0168|41F00000|E0000000|5B|0|1075A2E4|28FD0030|4514D4EB|1075A2E4|0769|41E16664|1075A2E4|0129|41A6871D|1057B8A2|0761|41B026DF|10675739|08A8|40A00000|107629AA||b0c65468a63bc01b2cb3ab17941df853
26|2021-09-26T12:07:01.1650000+01:00|8a8|The Wanderer's Minuet|5.00|107629AA|Joeson Lmoa|1075A2E4|Niru Summers|00|153077|106059||392d49cad64c26ef85d0b6a0aa7d1922
38|2021-09-26T12:07:01.1650000+01:00|10752D6C|Volkon Vysk|00505025|152511|152511|10000|10000|6|0|99.8655|99.44188|-0.0006098098|3.107173|0|0|0|14016A|41F00000|E0000000|0A0168|41F00000|E0000000|28FD0030|4514B65F|10752D6C|08A8|40A00000|107629AA|0129|41A576BA|1057B8A2||f8a2563fe2778ea4cdf86234890f61d3
26|2021-09-26T12:07:01.1650000+01:00|8a8|The Wanderer's Minuet|5.00|107629AA|Joeson Lmoa|10752D6C|Volkon Vysk|00|152511|106059||097ef43ec41160d2bf2fdef1b187667a
39|2021-09-26T12:07:01.3420000+01:00|40011DA6|Eos|92601|92601|10000|10000|0|0|100.1449|100.0533|0|-3.129033||0ba90bea7655bb3b6603e009605fa3ca
20|2021-09-26T12:07:01.3870000+01:00|107401EC|Raesa Velan|98|Fire III|40011D69|Living Liquid|1.64|101.3961|105.1804|0|-3.067194||98a330ed83220e64dca079ee923eb178
21|2021-09-26T12:07:01.3870000+01:00|10675739|Jasy Heavensong|40AB|Malefic IV|40011D69|Living Liquid|750003|3B710000|1B|40AB8000|0|0|0|0|0|0|0|0|0|0|0|0|12701091|12889320|10000|10000|0|1000|100.1144|97.64246|0|-0.3358158|97086|97086|9464|10000|0|1000|101.1825|105.8213|0|3.137182|00008B24|0|d82b27c518261dd43e0b1fc4a267a9b6
21|2021-09-26T12:07:01.5190000+01:00|1068703B|Tomo Uchuu|3E82|Pirouette|1068703B|Tomo Uchuu|0|0|0|0|0|0|0|0|0|0|0|0|0|0|0|0|106478|106478|10000|10000|0|1000|99.6951|102.1035|0|-3.133213|106478|106478|10000|10000|0|1000|99.6951|102.1035|0|-3.133213|00008B25|0|97d709f4538879e87f4a800df7fb552e
31|2021-09-26T12:07:01.5190000+01:00|1068703B|4000026|1030102|E0000000|00|4dd83fc2977780959b87255e43b64cf2
37|2021-09-26T12:07:01.6100000+01:00|1075A2E4|Niru Summers|00008B22|148582|153077|10000|10000|0||100.0839|95.93172|-0.01531982|3.015014|1500|0|0|02|05001A80|0|0|E0000000|06000000|0|0|E0000000||868fd61550af7a99bc3e25fde29d457d
39|2021-09-26T12:07:01.6100000+01:00|40011DC3|Earthly Star|92424|92424|10000|10000|0|0|100.0739|100.0579|0|0.04501343||1ae1b934febecc66c3fcb766fe95e57b
21|2021-09-26T12:07:01.6100000+01:00|107ABEEC|Greiyan Fletz|1D37|Shifu|40011D69|Living Liquid|44710103|4B980000|F30F|5138000|11B|1D378000|0|0|0|0|0|0|0|0|0|0|12701091|12889320|10000|10000|0|1000|100.1144|97.64246|0|-2.299672|106544|106544|10000|10000|0|1000|101.3656|98.80212|0|-0.2588765|00008B26|0|3bce1d6d3145355f3728143ff71e318a
38|2021-09-26T12:07:01.6100000+01:00|1075A2E4|Niru Summers|00505015|148582|153077|10000|10000|0|0|100.0839|95.93172|-0.01531982|3.015014|9598|31|0|0A016D|41F00000|E0000000|0A0168|41F00000|E0000000|5B|0|1075A2E4|28FD0030|4514CDCF|1075A2E4|0769|41DDD706|1075A2E4|0|0|0|0|0|0|08A8|4091C28D|107629AA||21ed4228362592b7f4504415c8d7ffcc
30|2021-09-26T12:07:01.6100000+01:00|129|Galvanize|0.00|1057B8A2|Alex Knightfall|1075A2E4|Niru Summers|00|153077|97285||9491480dc67d593a882483b9b3bd02bf
30|2021-09-26T12:07:01.6100000+01:00|761|Nocturnal Intersection|0.00|10675739|Jasy Heavensong|1075A2E4|Niru Summers|00|153077|97086||f8c28827b9422efdab77b3e0f90f8db5
37|2021-09-26T12:07:01.6540000+01:00|1075A2E4|Niru Summers|00008B21|179197|183692|10000|10000|0||100.0839|95.93172|-0.01531982|3.015014|1500|0|0|01|05001AD7|0|41200000|1075A2E4||01acdf95cf2bccf394de7b977ff6bb46
26|2021-09-26T12:07:01.6540000+01:00|57|Thrill Of Battle|10.00|1075A2E4|Niru Summers|1075A2E4|Niru Summers|00|153077|153077||25dc867a43c425eff7afc74f4318c6f3
37|2021-09-26T12:07:01.6540000+01:00|10752D6C|Volkon Vysk|00008B1E|152511|152511|10000|10000|6||99.8092|100.6997|-0.003372932|3.107173|2500|0|0|01|05001AB1|28F6|41F00000|10752D6C||ee6340870fb5e459681aab357015f086
26|2021-09-26T12:07:01.6540000+01:00|31|Medicated|30.00|10752D6C|Volkon Vysk|10752D6C|Volkon Vysk|28F6|152511|152511||529a47837e90785dfefefd28676c013a
21|2021-09-26T12:07:01.6540000+01:00|40011DA6|Eos|322|Embrace|1075A2E4|Niru Summers|4|150E0000|1B|3228000|0|0|0|0|0|0|0|0|0|0|0|0|153077|153077|10000|10000|0|1000|100.0839|95.93172|-0.01531982|3.015014|92601|92601|10000|10000|0|1000|100.1449|100.0533|0|-3.129033|00008B27|0|21ec1f1ec2ef30179833e8e5bceebb58
38|2021-09-26T12:07:01.6540000+01:00|1075A2E4|Niru Summers|00505015|179197|183692|10000|10000|0|0|100.0839|95.93172|-0.01531982|3.015014|948D|31|0|0A016D|41F00000|E0000000|0A0168|41F00000|E0000000|5B|0|1075A2E4|28FD0030|4514CD1B|1075A2E4|0769|41DD7CE9|1075A2E4|57|411F4BC7|1075A2E4|0|0|0|08A8|40905A1A|107629AA||2345d0798db0219daabefda4a754d0b0
38|2021-09-26T12:07:01.6540000+01:00|10752D6C|Volkon Vysk|00505025|152511|152511|10000|10000|6|0|99.8092|100.6997|-0.003372932|3.107173|948D|31|0|14016A|41F00000|E0000000|0A0168|41F00000|E0000000|28FD0030|4514AE8F|10752D6C|08A8|40905A1A|107629AA|0129|41A18D3F|1057B8A2|28F60031|41EFA5E3|10752D6C||1236e315b5f67ac52ab43853a9dda92f
21|2021-09-26T12:07:01.6990000+01:00|1068703B|Tomo Uchuu|07|Attack|40011D69|Living Liquid|720003|11C10000|0|0|0|0|0|0|0|0|0|0|0|0|0|0|12701091|12889320|10000|10000|0|1000|100.1144|97.64246|0|-2.805662|106478|106478|10000|10000|0|1000|99.66782|102.3252|0|3.03897|00008B28|0|23abfd70ec91a2b0b97429f82454a951
37|2021-09-26T12:07:01.7420000+01:00|40011D69|Living Liquid|00008B20|12696862|12889320|10000|10000|0||100.1144|97.64246|0|-2.805662||35b31d1de21056a7e3f606a2040d553e
37|2021-09-26T12:07:01.7420000+01:00|40011D69|Living Liquid|00008B1C|12689470|12889320|10000|10000|0||100.1144|97.64246|0|-2.805662|0|0|0|01|03001F30|28|41F00000|107629AA||104b4a029658e39994f2cc90e76de63f
26|2021-09-26T12:07:01.7420000+01:00|4b0|Caustic Bite|30.00|107629AA|Joeson Lmoa|40011D69|Living Liquid|28|12889320|106059||87f4aec323025a23fe8c173a2ab444b1
37|2021-09-26T12:07:01.7870000+01:00|40011D69|Living Liquid|00008B23|12685505|12889320|10000|10000|0||100.1144|97.64246|0|-2.805662||7068bb970579b3be65f2b6bb1ce0005c
37|2021-09-26T12:07:01.8310000+01:00|40011D69|Living Liquid|00008B1F|12675778|12889320|10000|10000|0||100.1144|97.64246|0|-3.129225|0|0|0|01|04001B23|0A|41C00000|107401EC||63df6a5ef4764ea6bbfe318e27eac65e
26|2021-09-26T12:07:01.8310000+01:00|a3|Thunder III|24.00|107401EC|Raesa Velan|40011D69|Living Liquid|0A|12889320|96887||b5ee555658a15783bcc63d4d75ea4ab2
37|2021-09-26T12:07:01.8310000+01:00|107401EC|Raesa Velan|00008B1F|96887|96887|9600|10000|16||101.3961|105.1804|0|-2.976984|1900|0|0|01|03001B24|0|41900000|107401EC||bc6b60b81f481bd36eec8cd185c4e5f8
21|2021-09-26T12:07:01.8310000+01:00|107ABEEC|Greiyan Fletz|07|Attack|40011D69|Living Liquid|710003|F760000|0|0|0|0|0|0|0|0|0|0|0|0|0|0|12685505|12889320|10000|10000|0|1000|100.1144|97.64246|0|-3.129225|106544|106544|10000|10000|0|1000|101.3656|98.80212|0|-2.319175|00008B29|0|efb1d58afd95ff75c33eee89305a003f
38|2021-09-26T12:07:01.8310000+01:00|107401EC|Raesa Velan|00505019|96887|96887|9600|10000|16|0|101.3961|105.1804|0|-2.976984|948D|31|0|0A016D|41F00000|E0000000|0A0168|41F00000|E0000000|29020030|459467B4|107401EC|A4|418FA5E3|107401EC|08A8|408AB01D|107629AA|0129|419F1051|1057B8A2||79d18534751eec2b2563d7d0cb1dbcc2
39|2021-09-26T12:07:01.9640000+01:00|10675739|Jasy Heavensong|97086|97086|9328|10000|0|0|101.1825|105.8213|0|-3.009668||b0d7caa38783017a3f0d3452cc73f6ac
39|2021-09-26T12:07:01.9640000+01:00|1075A2E4|Niru Summers|181033|183692|10000|10000|0|0|100.0839|95.6776|-0.0007717463|1.363363||221db308b99fc236f9852a619a90a737
39|2021-09-26T12:07:01.9640000+01:00|10752D6C|Volkon Vysk|152511|152511|10000|10000|0|0|99.8092|101.0909|0|3.107173||b6d7da6dbada0b014da41684ed752dd7
22|2021-09-26T12:07:01.9650000+01:00|107629AA|Joeson Lmoa|76|Battle Voice|10675739|Jasy Heavensong|140E|8D0000|0|0|0|0|0|0|0|0|0|0|0|0|0|0|97086|97086|9064|10000|0|1000|101.1825|105.8213|0|-3.009668|106059|106059|10000|10000|0|1000|97.76453|110.0938|0|2.957128|00008B2A|0|2ac210c0beefb06f2b3e655b6c857eb5
22|2021-09-26T12:07:01.9650000+01:00|107629AA|Joeson Lmoa|76|Battle Voice|107401EC|Raesa Velan|140E|8D0000|0|0|0|0|0|0|0|0|0|0|0|0|0|0|96887|96887|9600|10000|0|1000|101.3961|105.1804|0|-2.971031|106059|106059|10000|10000|0|1000|97.76453|110.0938|0|2.957128|00008B2A|1|1ba12de05516e1e56f7a4c35910b1529
22|2021-09-26T12:07:01.9650000+01:00|107629AA|Joeson Lmoa|76|Battle Voice|1057B8A2|Alex Knightfall|140E|8D0000|0|0|0|0|0|0|0|0|0|0|0|0|0|0|97285|97285|10000|10000|0|1000|99.99231|104.3259|0|3.125965|106059|106059|10000|10000|0|1000|97.76453|110.0938|0|2.957128|00008B2A|2|a9afad2afdf9cc623c9ec65b29857efb
22|2021-09-26T12:07:01.9650000+01:00|107629AA|Joeson Lmoa|76|Battle Voice|1068703B|Tomo Uchuu|140E|8D0000|0|0|0|0|0|0|0|0|0|0|0|0|0|0|106478|106478|10000|10000|0|1000|99.6554|102.445|0|3.045253|106059|106059|10000|10000|0|1000|97.76453|110.0938|0|2.957128|00008B2A|3|2c60b2416b6b3b909438708e4039af7c
22|2021-09-26T12:07:01.9650000+01:00|107629AA|Joeson Lmoa|76|Battle Voice|10752D6C|Volkon Vysk|140E|8D0000|0|0|0|0|0|0|0|0|0|0|0|0|0|0|152511|152511|10000|10000|0|1000|99.8092|101.0909|0|3.107173|106059|106059|10000|10000|0|1000|97.76453|110.0938|0|2.957128|00008B2A|4|4b41489b8d26c1de0affe5f730bc7f9d
22|2021-09-26T12:07:01.9650000+01:00|107629AA|Joeson Lmoa|76|Battle Voice|107ABEEC|Greiyan Fletz|140E|8D0000|0|0|0|0|0|0|0|0|0|0|0|0|0|0|106544|106544|10000|10000|0|1000|101.38|98.80212|-0.001444309|-2.851838|106059|106059|10000|10000|0|1000|97.76453|110.0938|0|2.957128|00008B2A|5|07c9ee3dceaba92f14842131a1390d17
22|2021-09-26T12:07:01.9650000+01:00|107629AA|Joeson Lmoa|76|Battle Voice|1075A2E4|Niru Summers|140E|8D0000|0|0|0|0|0|0|0|0|0|0|0|0|0|0|179197|183692|10000|10000|0|1000|100.0839|95.6776|-0.0007717463|1.363363|106059|106059|10000|10000|0|1000|97.76453|110.0938|0|2.957128|00008B2A|6|79c4ff2f4de6b62e5b509825342eb3b0
24|2021-09-26T12:07:02.0100000+01:00|40011D69|Living Liquid|DoT|0|43DA|12675778|12889320|10000|10000|0|1000|100.1144|97.64246|0|-3.129225||ed43977dd07e771b68da6954c57fc184
36|2021-09-26T12:07:02.0100000+01:00|01B8|3|5caaa625d72bc7bf6246a3195f35da8e
38|2021-09-26T12:07:02.0110000+01:00|40011D69|Living Liquid|00505000|12658408|12889320|10000|10000|0|0|100.1144|97.64246|0|-3.129225|0|0|0|0767|41D653F2|1057B8A2|2804B1|41D9332E|107629AA|0759|41DC686F|10675739|2804B0|41ED8312|107629AA|0A00A3|41BE353F|107401EC||7a317f028147284a4a4e0ccf95207811
39|2021-09-26T12:07:02.0990000+01:00|107629AA|Joeson Lmoa|106059|106059|10000|10000|0|0|97.76453|110.0938|0|2.957128||58f8365c2b71b3eca1dda7afe85d4adf
38|2021-09-26T12:07:02.1880000+01:00|10675739|Jasy Heavensong|00505021|97086|97086|9328|10000|9|0|101.1825|105.8213|0|-3.009668|0|0|0|0A0168|41F00000|E0000000|0F016B|41F00000|E0000000|FFE70349|41571274|10675739|28FE0030|45135626|10675739|04E0|40EBF7D7|10675739|08A8|407E8721|107629AA|0129|419B22BE|1057B8A2|0347|0|10675739|0392|0|10675739||45c0c5429947439905e6e7551dbb0f91
26|2021-09-26T12:07:02.1880000+01:00|392|Bole Drawn|9999.00|10675739|Jasy Heavensong|10675739|Jasy Heavensong|00|97086|97086||0a79d45f94fe6baa05da35cdca1a4ef2
21|2021-09-26T12:07:02.1880000+01:00|10675739|Jasy Heavensong|E06|Draw|10675739|Jasy Heavensong|B|3200000|23D|AF8000|0|0|0|0|0|0|0|0|0|0|0|0|97086|97086|9328|10000|0|1000|101.1825|105.8213|0|-3.009668|97086|97086|9328|10000|0|1000|101.1825|105.8213|0|-3.009668|00008B2B|0|46f670703218ad61a2d4741ca958f0d6
37|2021-09-26T12:07:02.2330000+01:00|40011D69|Living Liquid|00008B28|12653863|12889320|10000|10000|0||100.1144|97.64246|0|-3.129225||7aac8a4b0934bca57959b7c04e496b58
39|2021-09-26T12:07:02.2330000+01:00|107401EC|Raesa Velan|96887|96887|10000|10000|0|0|101.3961|105.1804|0|-2.971031||c1364cdc9615bc1b51f193a95beb3c72
37|2021-09-26T12:07:02.2770000+01:00|1075A2E4|Niru Summers|00008B27|183692|183692|10000|10000|0||100.0839|95.55936|0|0.2309102|1500|0|0|0||b76206a30f09c2a250221fabf6ad667e
21|2021-09-26T12:07:02.3210000+01:00|10752D6C|Volkon Vysk|3F0B|Brutal Shell|40011D69|Living Liquid|42710103|35EF0000|4|14C58000|C50F|76A8000|11B|3F0B8000|0|0|0|0|0|0|0|0|12630553|12889320|10000|10000|0|1000|100.1144|97.64246|0|-3.129225|152511|152511|10000|10000|0|1000|99.8092|101.1708|0|3.060482|00008B2C|0|27528ca305f6fa0ea77ece31ad86c2cc
21|2021-09-26T12:07:02.3210000+01:00|10752D6C|Volkon Vysk|07|Attack|40011D69|Living Liquid|710003|B110000|0|0|0|0|0|0|0|0|0|0|0|0|0|0|12630553|12889320|10000|10000|0|1000|100.1144|97.64246|0|-3.129225|152511|152511|10000|10000|0|1000|99.8092|101.1708|0|3.060482|00008B2D|0|309e099d45303b3a61d16ec1650062b8
37|2021-09-26T12:07:02.3650000+01:00|40011D69|Living Liquid|00008B29|12649905|12889320|10000|10000|0||100.1144|97.64246|0|-3.129225||e54fcf13e4daf2def8ab0cb46eb771ea
37|2021-09-26T12:07:02.4110000+01:00|40011D69|Living Liquid|00008B26|12630553|12889320|10000|10000|0||100.1144|97.64246|0|-3.129225||f69134ea955b39f7c05291e865ab8a7d
37|2021-09-26T12:07:02.4110000+01:00|107ABEEC|Greiyan Fletz|00008B26|106544|106544|10000|10000|8||102.3695|98.41613|-0.001723227|2.121744|2200|0|0|01|0A001F93|0|42200000|107ABEEC||114dc51af2efded440c5afc708227f55
26|2021-09-26T12:07:02.4110000+01:00|513|Shifu|40.00|107ABEEC|Greiyan Fletz|107ABEEC|Greiyan Fletz|00|106544|106544||90b59bd83dd4cbfdfe3feb22955a1db8
38|2021-09-26T12:07:02.4110000+01:00|107ABEEC|Greiyan Fletz|00505022|106544|106544|10000|10000|8|0|102.3695|98.41613|-0.001723227|2.121744|0|0|0|0720|42700000|1068703B|14016A|41F00000|E0000000|0A0168|41F00000|E0000000|28FE0030|45135902|107ABEEC|075A|414DC6AF|10675739|1E0032|40DF8D46|107ABEEC|0129|419EB011|1057B8A2|0839|42607E0C|1068703B|0737|42607E0C|1068703B|08A8|4070311C|107629AA|0513|421FD0E5|107ABEEC||c2cde3c3a0a27d54ef30b9791f6d0f79
37|2021-09-26T12:07:02.4550000+01:00|40011D69|Living Liquid|00008B24|12615336|12889320|10000|10000|0||100.1144|97.64246|0|-3.129225||be1f014c628df8e8dadad82d0da648bf
21|2021-09-26T12:07:02.5000000+01:00|107401EC|Raesa Velan|98|Fire III|40011D69|Living Liquid|150203|34E20000|33D|438000|1B|988000|0|0|0|0|0|0|0|0|0|0|12630553|12889320|10000|10000|0|1000|100.1144|97.64246|0|-3.129225|96887|96887|10000|10000|0|1000|101.3961|105.1804|0|-2.971031|00008B2E|0|46b10c8cfa708209645dc5723a3d6c13
21|2021-09-26T12:07:02.5000000+01:00|1057B8A2|Alex Knightfall|409D|Broil III|40011D69|Living Liquid|750103|76CB0000|1B|409D8000|0|0|0|0|0|0|0|0|0|0|0|0|12630553|12889320|10000|10000|0|1000|100.1144|97.64246|0|-3.129225|97285|97285|10000|10000|0|1000|99.99231|104.3259|0|3.125965|00008B2F|0|ff0ba75d613abcd1c5897ce5f5b25991
21|2021-09-26T12:07:02.5000000+01:00|1068703B|Tomo Uchuu|3E80|Entrechat|1068703B|Tomo Uchuu|0|0|0|0|0|0|0|0|0|0|0|0|0|0|0|0|106478|106478|10000|10000|0|1000|99.88054|102.2164|0|3.135312|106478|106478|10000|10000|0|1000|99.88054|102.2164|0|3.135312|00008B30|0|c6ef772283f04ffd9663c92ff00fc668
31|2021-09-26T12:07:02.5000000+01:00|1068703B|4000026|2030102|107ABE00|129|1d3aa884e881c8d2e5739ba98cd0b93b
21|2021-09-26T12:07:02.5440000+01:00|1075A2E4|Niru Summers|25|Maim|40011D69|Living Liquid|44710003|21FF0000|A3D|340000|11B|258000|0|0|0|0|0|0|0|0|0|0|12630553|12889320|10000|10000|0|1000|100.1144|97.64246|0|-3.129225|183692|183692|10000|10000|0|1000|100.0839|95.51035|-0.002227203|-0.138908|00008B31|0|fa0c5a7bb037e6b9daefa535b18c74a0
37|2021-09-26T12:07:02.5900000+01:00|10675739|Jasy Heavensong|00008B2A|97086|97086|9328|10000|9||101.1825|105.8213|0|-3.009668|2100|0|0|01|09001B0D|0|41A00000|107629AA||a966608b22fb92afe66fcfddfba1e338
26|2021-09-26T12:07:02.5900000+01:00|8d|Battle Voice|20.00|107629AA|Joeson Lmoa|10675739|Jasy Heavensong|00|97086|106059||983aca580ca72b069ef8eaa36f4d1b68
38|2021-09-26T12:07:02.5900000+01:00|40011DC3|Earthly Star|00505000|92424|92424|10000|10000|0|0|100.0739|100.0579|0|0.04501343|94AB|31|0|28FE0030|45134FBA|10675739|08A8|4064CCC2|107629AA|8D|419FA3D7|107629AA||1bb9814582d8c20067878f899d96f9a1
26|2021-09-26T12:07:02.5900000+01:00|8d|Battle Voice|19.96|107629AA|Joeson Lmoa|40011DC3|Earthly Star|00|92424|106059||aae6dec6f226d75c9c3d3526f58742f6
37|2021-09-26T12:07:02.7230000+01:00|107401EC|Raesa Velan|00008B2A|96887|96887|10000|10000|16||101.3961|105.1804|0|-2.971127|1901|0|0|01|06001B0D|0|41A00000|107629AA||9730bd70b46e0b47853add634758d86d
26|2021-09-26T12:07:02.7230000+01:00|8d|Battle Voice|20.00|107629AA|Joeson Lmoa|107401EC|Raesa Velan|00|96887|106059||5c2e0485e6e1c98dbaa85f70f0a28cd1
37|2021-09-26T12:07:02.8570000+01:00|1057B8A2|Alex Knightfall|00008B2A|97285|97285|9600|10000|9||99.99231|104.3259|0|3.125869|1C02|0|0|01|08001B0D|0|41A00000|107629AA||3cfcf8c7a35eded52204b6f2e92eb706
26|2021-09-26T12:07:02.8570000+01:00|8d|Battle Voice|20.00|107629AA|Joeson Lmoa|1057B8A2|Alex Knightfall|00|97285|106059||d7658b183e9bcc2aadaa7ba01bdbf513
37|2021-09-26T12:07:02.8570000+01:00|40011D69|Living Liquid|00008B2D|12612503|12889320|10000|10000|0||100.1144|97.64246|0|-3.129225||3124e10cbfbc9e4e7fed2f9d4d66afc3
38|2021-09-26T12:07:02.8570000+01:00|40011DA6|Eos|00505000|92601|92601|10000|10000|0|0|100.1449|100.0533|0|-3.129033|94AB|31|0|28FE0030|44DE6FEE|1057B8A2|28FA0031|41AE6035|1057B8A2|08A8|4053A5DA|107629AA|8D|419FA5E3|107629AA||1bb0e4104e53702015dbcf6f4f197252
26|2021-09-26T12:07:02.8570000+01:00|8d|Battle Voice|19.96|107629AA|Joeson Lmoa|40011DA6|Eos|00|92601|106059||d62e31cfabe816980d28855ac2ee442c
21|2021-09-26T12:07:02.9020000+01:00|107629AA|Joeson Lmoa|1CF1|Refulgent Arrow|40011D69|Living Liquid|720003|42930000|0|0|0|0|0|0|0|0|0|0|0|0|0|0|12612503|12889320|10000|10000|0|1000|100.1144|97.64246|0|-3.129225|106059|106059|10000|10000|0|1000|97.76453|110.0938|0|2.957128|00008B32|0|c1fb3c14cf93a7f66a112e399d521b3a
38|2021-09-26T12:07:02.9020000+01:00|107629AA|Joeson Lmoa|00505017|106059|106059|10000|10000|8|0|97.76453|110.0938|0|2.957128|94AB|31|0|0A016D|41F00000|E0000000|0A0168|41F00000|E0000000|28FE0030|45134E4E|107629AA|7D|4181B225|107629AA|0129|4199B21B|1057B8A2||230a2e46b5b2fa2a163fd5abf3533038
30|2021-09-26T12:07:02.9020000+01:00|7a|Straight Shot Ready|0.00|107629AA|Joeson Lmoa|107629AA|Joeson Lmoa|00|106059|106059||0480605455723879790f70abe51352a0
37|2021-09-26T12:07:02.9920000+01:00|1068703B|Tomo Uchuu|00008B2A|106478|106478|10000|10000|8||100.0058|102.2162|0|-3.122741|2603|0|0|01|09001B0D|0|41A00000|107629AA||db044ec1e4c1a1deab92d57ef1f40767
26|2021-09-26T12:07:02.9920000+01:00|8d|Battle Voice|20.00|107629AA|Joeson Lmoa|1068703B|Tomo Uchuu|00|106478|106059||8d58e62cd4b8f830cc751f94b153003a
20|2021-09-26T12:07:03.0790000+01:00|1057B8A2|Alex Knightfall|409D|Broil III|40011D69|Living Liquid|2.43|99.99231|104.3259|0|3.125869||85cc111ac35fd04af7a8a595bd0e6997
37|2021-09-26T12:07:03.1240000+01:00|10752D6C|Volkon Vysk|00008B2A|152511|152511|10000|10000|6||99.8092|101.3021|-0.001672696|3.11244|2504|0|0|01|06001B0D|0|41A00000|107629AA||8719448c31c68f418fb6d93fc0bab4b6
26|2021-09-26T12:07:03.1240000+01:00|8d|Battle Voice|20.00|107629AA|Joeson Lmoa|10752D6C|Volkon Vysk|00|152511|106059||a8e7bce9c49953f1649abf1a12a86717
37|2021-09-26T12:07:03.1690000+01:00|40011D69|Living Liquid|00008B31|12603800|12889320|10000|10000|0||100.1144|97.64246|0|-3.129225||1aa988ef96cd19b8c6f1122ff36ae7c2
21|2021-09-26T12:07:03.1690000+01:00|107401EC|Raesa Velan|1CFD|Triplecast|107401EC|Raesa Velan|300000F|4BB8000|0|0|0|0|0|0|0|0|0|0|0|0|0|0|96887|96887|10000|10000|0|1000|101.3961|105.1804|0|-2.971127|96887|96887|10000|10000|0|1000|101.3961|105.1804|0|-2.971127|00008B33|0|3de30f1d8b95548d719ef51b80cbf893
38|2021-09-26T12:07:03.1690000+01:00|107401EC|Raesa Velan|00505019|96887|96887|10000|10000|16|0|101.3961|105.1804|0|-2.971127|94AB|31|0|0A016D|41F00000|E0000000|0A0168|41F00000|E0000000|29020030|45945D04|107401EC|A4|4184F1A6|107401EC|08A8|403FBE6E|107629AA|0129|41945C14|1057B8A2|8D|419C126D|107629AA|0304BB|C1700000|107401EC||d2bbcc1a37314d160365911e444d4a24
26|2021-09-26T12:07:03.1690000+01:00|4bb|Triplecast|15.00|107401EC|Raesa Velan|107401EC|Raesa Velan|03|96887|96887||771ce02225f3f51f39f3659ff5f8c3d4
21|2021-09-26T12:07:03.2130000+01:00|1075A2E4|Niru Summers|07|Attack|40011D69|Living Liquid|710003|CE30000|0|0|0|0|0|0|0|0|0|0|0|0|0|0|12612503|12889320|10000|10000|0|1000|100.1144|97.64246|0|-3.129225|183692|183692|10000|10000|0|1000|100.0839|95.47571|0|-0.03976713|00008B34|0|a06e4dec83671a0cebcaa7d48f2b0d90
37|2021-09-26T12:07:03.2570000+01:00|107ABEEC|Greiyan Fletz|00008B2A|106544|106544|10000|10000|8||103.8309|98.04906|-0.005594987|1.256002|2205|0|0|01|0B001B0D|0|41A00000|107629AA||93e70de8173b1df3d126f6fe9c8e016c
26|2021-09-26T12:07:03.2570000+01:00|8d|Battle Voice|20.00|107629AA|Joeson Lmoa|107ABEEC|Greiyan Fletz|00|106544|106059||c2d184c5e282e033128fe904ea3b2184
37|2021-09-26T12:07:03.3010000+01:00|40011D69|Living Liquid|00008B2F|12573389|12889320|10000|10000|0||100.1144|97.64246|0|-3.129225||bdd5d1c58cfccd65420f337753e538b5
21|2021-09-26T12:07:03.3020000+01:00|1075A2E4|Niru Summers|20FBED5|Item_Fbed5|1075A2E4|Niru Summers|F600000E|310000|0|0|0|0|0|0|0|0|0|0|0|0|0|0|183692|183692|10000|10000|0|1000|100.0839|95.47571|0|-0.04649079|183692|183692|10000|10000|0|1000|100.0839|95.47571|0|-0.04649079|00008B35|0|f77ef7cc84238dbf4a95f8e92fc1a17a
37|2021-09-26T12:07:03.3910000+01:00|1075A2E4|Niru Summers|00008B2A|183692|183692|10000|10000|0||100.0839|95.47571|0|-0.06090062|1506|0|0|01|06001B0D|0|41A00000|107629AA||566d68810cf4a646395fbfe4583bcc3f
26|2021-09-26T12:07:03.3910000+01:00|8d|Battle Voice|20.00|107629AA|Joeson Lmoa|1075A2E4|Niru Summers|00|183692|106059||b1627fd74a14bc24d21bad0327dc8f3d
37|2021-09-26T12:07:03.3910000+01:00|40011D69|Living Liquid|00008B2C|12559582|12889320|10000|10000|0||100.1144|97.64246|0|-3.129225||ba50198378f733453b0edd06995853e0
37|2021-09-26T12:07:03.3910000+01:00|10752D6C|Volkon Vysk|00008B2C|152511|152511|10000|10000|9||99.8092|101.3928|-0.006567306|3.125965|2500|0|0|01|070021EA|0|41F00000|10752D6C||51dd568d77436a25be7e4361531bde15
26|2021-09-26T12:07:03.3910000+01:00|76a|Brutal Shell|30.00|10752D6C|Volkon Vysk|10752D6C|Volkon Vysk|00|152511|152511||737311f69041c1111cb4dc878839fd54
38|2021-09-26T12:07:03.3920000+01:00|10752D6C|Volkon Vysk|00505025|152511|152511|10000|10000|9|0|99.8092|101.3928|-0.006567306|3.125965|94AB|31|0|14016A|41F00000|E0000000|0A0168|41F00000|E0000000|28FD0030|451492CB|10752D6C|08A8|403178CC|107629AA|0129|4193A5CE|1057B8A2|28F60031|41E1BE72|10752D6C|8D|419D8105|107629AA|076A|41EFA3D7|10752D6C||bb500825229327cf6f9fcb648c6a4178
37|2021-09-26T12:07:03.4800000+01:00|10675739|Jasy Heavensong|00008B2B|97086|97086|10000|10000|9||101.1825|105.8213|0|-3.009668|2100|0|0|0||7505086f1d6ea631caed6f01e3f853e2
21|2021-09-26T12:07:03.4800000+01:00|1068703B|Tomo Uchuu|3E7F|Emboite|1068703B|Tomo Uchuu|0|0|0|0|0|0|0|0|0|0|0|0|0|0|0|0|106478|106478|10000|10000|0|1000|100.0058|102.2162|0|-3.122741|106478|106478|10000|10000|0|1000|100.0058|102.2162|0|-3.122741|00008B36|0|f95d6092b6c7e731ccfd3f1776f745f9
31|2021-09-26T12:07:03.4800000+01:00|1068703B|4000026|3030102|10752D00|8D|7b2ad4568ece82f5b6abaac317acdccb
21|2021-09-26T12:07:03.5690000+01:00|10752D6C|Volkon Vysk|3F0A|No Mercy|10752D6C|Volkon Vysk|140E|7270000|0|0|0|0|0|0|0|0|0|0|0|0|0|0|152511|152511|10000|10000|0|1000|99.8092|101.3961|0|3.125965|152511|152511|10000|10000|0|1000|99.8092|101.3961|0|3.125965|00008B37|0|0a217afacadf3866ecb659ee4f4dfcb6
38|2021-09-26T12:07:03.5690000+01:00|107ABEEC|Greiyan Fletz|00505022|106544|106544|10000|10000|8|0|103.8987|98.03918|0|1.181615|DEAD|30|0|0720|42700000|1068703B|14016A|41F00000|E0000000|0A0168|41F00000|E0000000|28FE0030|45134686|107ABEEC|075A|413B43A1|10675739|1E0032|40BA871B|107ABEEC|0129|41956E84|1057B8A2|0839|425BDD50|1068703B|0737|425BDD50|1068703B|08A8|40A00000|107629AA|0513|421B3029|107ABEEC|8D|419D28F5|107629AA||134a033e858344a55bf7c935631cbae0
26|2021-09-26T12:07:03.5690000+01:00|720|Dance Partner|60.00|1068703B|Tomo Uchuu|107ABEEC|Greiyan Fletz|00|106544|106478||fc85ad45a953af8af906f0c8577cc672
26|2021-09-26T12:07:03.5690000+01:00|8a8|The Wanderer's Minuet|5.00|107629AA|Joeson Lmoa|107ABEEC|Greiyan Fletz|00|106544|106059||0d53874d21631e6eb7b8dcc9bbb70b77
38|2021-09-26T12:07:03.5690000+01:00|107401EC|Raesa Velan|00505019|96887|96887|10000|10000|16|0|101.3961|105.1804|0|-2.971127|DEAD|30|0|0A016D|41F00000|E0000000|0A0168|41F00000|E0000000|29020030|459459D2|107401EC|A4|4181BE72|107401EC|08A8|40A00000|107629AA|0129|419128E0|1057B8A2|8D|4198DF39|107629AA|0304BB|C1700000|107401EC||503f88b975ae3dad2a7cfa75620c300f
26|2021-09-26T12:07:03.5690000+01:00|8a8|The Wanderer's Minuet|5.00|107629AA|Joeson Lmoa|107401EC|Raesa Velan|00|96887|106059||f1854d7f773a59d4dc7484515024b22a
38|2021-09-26T12:07:03.5690000+01:00|1057B8A2|Alex Knightfall|0050501C|97285|97285|9600|10000|9|0|99.99231|104.3259|0|3.125198|DEAD|30|0|0A016D|41F00000|E0000000|1E016C|41F00000|E0000000|28FE0030|44DE592E|1057B8A2|030130|0|1057B8A2|0129|418DF39F|1057B8A2|28FA0031|41A8B012|1057B8A2|04B4|418C8F55|1057B8A2|08A8|40A00000|107629AA|8D|4199F5C0|107629AA||9efac927437c8fa9c78395ddd4a317b2
26|2021-09-26T12:07:03.5690000+01:00|8a8|The Wanderer's Minuet|5.00|107629AA|Joeson Lmoa|1057B8A2|Alex Knightfall|00|97285|106059||1eca5c483103174baacac598599f2a8c
38|2021-09-26T12:07:03.5690000+01:00|40011DA6|Eos|00505000|92601|92601|10000|10000|0|0|100.1449|100.0533|0|-3.129033|DEAD|30|0|28FE0030|44DE592E|1057B8A2|28FA0031|41A8B012|1057B8A2|08A8|40A00000|107629AA|8D|4199F5C0|107629AA||977a1a950a5c427aac272f25e902496b
26|2021-09-26T12:07:03.5690000+01:00|8a8|The Wanderer's Minuet|5.00|107629AA|Joeson Lmoa|40011DA6|Eos|00|92601|106059||58fc9e63fb68fe9a2fdd5eaf25c598a8
38|2021-09-26T12:07:03.5690000+01:00|10675739|Jasy Heavensong|00505021|97086|97086|10000|10000|9|0|101.1825|105.8213|0|-3.009668|DEAD|30|0|0A0168|41F00000|E0000000|0F016B|41F00000|E0000000|FFE70349|4140F9E5|10675739|28FE0030|45134016|10675739|04E0|40BFC6A9|10675739|08A8|409E978D|107629AA|0129|41901671|1057B8A2|0347|0|10675739|0392|0|10675739|8D|4197CED6|107629AA||f6bf1426237bfc39d818076c7eb8fcde
26|2021-09-26T12:07:03.5690000+01:00|8a8|The Wanderer's Minuet|4.96|107629AA|Joeson Lmoa|10675739|Jasy Heavensong|00|97086|106059||b7b6ce1b9153bae487ae9eae1ec3216f
38|2021-09-26T12:07:03.5690000+01:00|1068703B|Tomo Uchuu|00505026|106478|106478|10000|10000|8|0|100.0145|102.216|0|-3.122741|DEAD|30|0|14016A|41F00000|E0000000|0A0168|41F00000|E0000000|071F|42700000|1068703B|28FE0030|4513EC53|1068703B|071B|41403D7B|1068703B|08A8|409E978D|107629AA|0129|418F0402|1057B8A2|071D|425BDD50|1068703B|0737|425BDD50|1068703B|8D|419B0623|107629AA||67ea88b659bafc08f9c834c64ca5c54b
26|2021-09-26T12:07:03.5690000+01:00|71f|Closed Position|60.00|1068703B|Tomo Uchuu|1068703B|Tomo Uchuu|00|106478|106478||459e28f0de25dafa78ad0fa270dd988c
26|2021-09-26T12:07:03.5690000+01:00|8a8|The Wanderer's Minuet|4.96|107629AA|Joeson Lmoa|1068703B|Tomo Uchuu|00|106478|106059||9a6b65f80e91b16cada658a8aa7645a3
38|2021-09-26T12:07:03.5690000+01:00|40011DC3|Earthly Star|00505000|92424|92424|10000|10000|0|0|100.0739|100.0579|0|0.04501343|DEAD|30|0|28FE0030|45134016|10675739|08A8|409E978D|107629AA|8D|4197CED6|107629AA||9a75781d2587d46e2e0c295b50735b40
26|2021-09-26T12:07:03.5690000+01:00|8a8|The Wanderer's Minuet|4.96|107629AA|Joeson Lmoa|40011DC3|Earthly Star|00|92424|106059||b8a18a47fe883386fb34271c0231f5a8
38|2021-09-26T12:07:03.5690000+01:00|1075A2E4|Niru Summers|00505015|183692|183692|10000|10000|0|0|100.0839|95.47571|0|-0.06139397|DEAD|30|0|0A016D|41F00000|E0000000|0A0168|41F00000|E0000000|5B|0|1075A2E4|28FD0030|4514AE83|1075A2E4|0769|41CE2AF9|1075A2E4|57|4100A7F7|1075A2E4|8D|419E3958|107629AA|08A8|409E978D|107629AA||afc5b32ff94c91f167b4b01fa2ee3e16
26|2021-09-26T12:07:03.5690000+01:00|8a8|The Wanderer's Minuet|4.96|107629AA|Joeson Lmoa|1075A2E4|Niru Summers|00|183692|106059||8fbe01ae9249be4c1ab1fee1b7146586
38|2021-09-26T12:07:03.5690000+01:00|10752D6C|Volkon Vysk|00505025|152511|152511|10000|10000|9|0|99.8092|101.3961|0|3.125965|DEAD|30|0|14016A|41F00000|E0000000|0A0168|41F00000|E0000000|28FD0030|45148FF7|10752D6C|08A8|409E978D|107629AA|0129|41923B4F|1057B8A2|28F60031|41E053F3|10752D6C|8D|419C1686|107629AA|076A|41EE3958|10752D6C||f128ab1e4c68f8a4502b08e2e3fec1a1
26|2021-09-26T12:07:03.5690000+01:00|8a8|The Wanderer's Minuet|4.96|107629AA|Joeson Lmoa|10752D6C|Volkon Vysk|00|152511|106059||c532c641b045131ee490bf6a92f5e4ab
21|2021-09-26T12:07:03.6130000+01:00|107629AA|Joeson Lmoa|6B|Barrage|107629AA|Joeson Lmoa|20F|808000|F|7A8000|0|0|0|0|0|0|0|0|0|0|0|0|106059|106059|10000|10000|0|1000|97.76453|110.0938|0|2.957128|106059|106059|10000|10000|0|1000|97.76453|110.0938|0|2.957128|00008B38|0|0a2c49467e35209296c91f4e1340cbcf
38|2021-09-26T12:07:03.6130000+01:00|107629AA|Joeson Lmoa|00505017|106059|106059|10000|10000|8|0|97.76453|110.0938|0|2.957128|DEAD|30|0|0A016D|41F00000|E0000000|0A0168|41F00000|E0000000|28FE0030|451342EE|107629AA|7D|4177FFEF|107629AA|0129|4193FFEC|1057B8A2|80|C1200000|107629AA|7A|C1200000|107629AA||2648eacb40e003cfa2eb3b6d2461887e
26|2021-09-26T12:07:03.6130000+01:00|80|Barrage|10.00|107629AA|Joeson Lmoa|107629AA|Joeson Lmoa|00|106059|106059||74f8a1d88c0bdf8dc785e59ba0acf75b
26|2021-09-26T12:07:03.6130000+01:00|7a|Straight Shot Ready|10.00|107629AA|Joeson Lmoa|107629AA|Joeson Lmoa|00|106059|106059||a9fd5b8a182be52cf7bf84b8cd130115
38|2021-09-26T12:07:03.6590000+01:00|1057B8A2|Alex Knightfall|0050501C|97285|97285|10000|10000|9|0|99.99231|104.3259|0|3.125198|DEAD|30|0|0A016D|41F00000|E0000000|1E016C|41F00000|E0000000|28FE0030|44DE564C|1057B8A2|030130|0|1057B8A2|0129|418D3B4D|1057B8A2|28FA0031|41A7F7C0|1057B8A2|04B4|418BD703|1057B8A2|08A8|409D1EB8|107629AA|8D|41993D6E|107629AA||3a61d2716305fbdaff27b64e4d7d306d
38|2021-09-26T12:07:03.7030000+01:00|107401EC|Raesa Velan|00505019|96887|96887|10000|10000|16|0|101.3961|105.1804|0|-2.971127|DEAD|30|0|0A016D|41F00000|E0000000|0A0168|41F00000|E0000000|29020030|459458BE|107401EC|A4|4180A9F7|107401EC|08A8|409BAE14|107629AA|0129|41901465|1057B8A2|8D|4197CABE|107629AA|0304BB|C1700000|107401EC||c2c1065a333502e009f7014c51dce443
37|2021-09-26T12:07:03.7480000+01:00|40011D69|Living Liquid|00008B34|12556283|12889320|10000|10000|0||100.1144|97.64246|0|-3.129225||f6c1541af152b68a95f2a43abc9946ae
37|2021-09-26T12:07:03.7930000+01:00|40011D69|Living Liquid|00008B2E|12542745|12889320|10000|10000|0||100.1144|97.64246|0|-3.129225||0f2e55717d87983b60ad59d9b95eab97
37|2021-09-26T12:07:03.7930000+01:00|107401EC|Raesa Velan|00008B2E|96887|96887|10000|10000|16||101.3961|105.1804|0|-2.971127|1900|0|0|01|07001F3B|03|C1700000|107401EC||4b0ce2f5c7f30e67a4da68662f4a28ce
21|2021-09-26T12:07:03.7930000+01:00|10675739|Jasy Heavensong|40AB|Malefic IV|40011D69|Living Liquid|750303|6D680000|1B|40AB8000|0|0|0|0|0|0|0|0|0|0|0|0|12542745|12889320|10000|10000|0|1000|100.1144|97.64246|0|-3.129225|97086|97086|9600|10000|0|1000|101.1825|105.8213|0|-3.009668|00008B39|0|c0ee996c3cd5ac38425182814cdcfe63
21|2021-09-26T12:07:03.8790000+01:00|107401EC|Raesa Velan|DF9|Fire IV|40011D69|Living Liquid|150003|93E70000|1B|DF98000|0|0|0|0|0|0|0|0|0|0|0|0|12542745|12889320|10000|10000|0|1000|100.1144|97.64246|0|-3.129225|96887|96887|10000|10000|0|1000|101.3961|105.1804|0|-2.971127|00008B3A|0|f48a6f3a922ffd814b6ba1958017a1f0
38|2021-09-26T12:07:03.8790000+01:00|107401EC|Raesa Velan|00505019|96887|96887|8400|10000|16|0|101.3961|105.1804|0|-2.971127|DEAD|30|0|0A016D|41F00000|E0000000|0A0168|41F00000|E0000000|29020030|45945756|107401EC|A4|417E8309|107401EC|08A8|40960C49|107629AA|0129|418EABF2|1057B8A2|8D|4196624B|107629AA|0204BB|C1700000|107401EC||be6711783d81a07e1c044265ff80d2ac
26|2021-09-26T12:07:03.8790000+01:00|4bb|Triplecast|15.00|107401EC|Raesa Velan|107401EC|Raesa Velan|02|96887|96887||d6f7884ab2cc104833a02c527905120b
37|2021-09-26T12:07:03.9670000+01:00|107401EC|Raesa Velan|00008B33|96887|96887|8400|10000|16||101.3961|105.1804|0|-2.971127|1900|0|0|01|07001F3B|02|41700000|107401EC||65bab5892aa57c0d0b3b6933ce17a9a7
38|2021-09-26T12:07:03.9680000+01:00|107401EC|Raesa Velan|00505019|96887|96887|8400|10000|16|0|101.3961|105.1804|0|-2.971127|DEAD|30|0|0A016D|41F00000|E0000000|0A0168|41F00000|E0000000|29020030|459456A0|107401EC|A4|417D167E|107401EC|08A8|40933332|107629AA|0129|418DF5AC|1057B8A2|8D|4195AC05|107629AA|0204BB|416F47AE|107401EC||fe10be50a5c847affe70e366cd98b664
21|2021-09-26T12:07:04.0570000+01:00|107ABEEC|Greiyan Fletz|1D3A|Kasha|40011D69|Living Liquid|4F710103|75C60000|43D|B88000|11B|1D3A8000|0|0|0|0|0|0|0|0|0|0|12542745|12889320|10000|10000|0|1000|100.1144|97.64246|0|-3.129225|106544|106544|10000|10000|0|1000|103.8891|98.0582|0|0.6922843|00008B3B|0|5848d9b917400f645d6cb5556b24bc06
21|2021-09-26T12:07:04.0570000+01:00|107629AA|Joeson Lmoa|08|Shot|40011D69|Living Liquid|720003|10630000|0|0|0|0|0|0|0|0|0|0|0|0|0|0|12542745|12889320|10000|10000|0|1000|100.1144|97.64246|0|-3.129225|106059|106059|10000|10000|0|1000|97.78116|110.0605|-0.002249714|2.84092|00008B3C|0|e8cb3e03dea0ff5022731500ad7fc819
21|2021-09-26T12:07:04.1020000+01:00|40011D69|Living Liquid|4978|Unknown_4978|1075A2E4|Niru Summers|730003|89580000|0|0|0|0|0|0|0|0|0|0|0|0|0|0|183692|183692|10000|10000|0|1000|100.0839|95.47571|0|-0.06130957|12542745|12889320|10000|10000|0|1000|100.1144|97.64246|0|-3.129225|00008B3D|0|7f29db38fe7d468f09418144dc6858eb
21|2021-09-26T12:07:04.1460000+01:00|107ABEEC|Greiyan Fletz|07|Attack|40011D69|Living Liquid|710003|F1C0000|0|0|0|0|0|0|0|0|0|0|0|0|0|0|12542745|12889320|10000|10000|0|1000|100.1144|97.64246|0|-3.129225|106544|106544|10000|10000|0|1000|103.8808|98.07478|-0.003334188|-1.695027|00008B3E|0|268e796fe7b852150ea55f54b31cd370
37|2021-09-26T12:07:04.1900000+01:00|1075A2E4|Niru Summers|00008B35|183692|183692|10000|10000|0||100.0839|95.47571|0|-0.06130957|1500|0|0|01|08001AB1|28F6|41F00000|1075A2E4||05ea6880bb6d0ec1043c4a650689a393
26|2021-09-26T12:07:04.1900000+01:00|31|Medicated|30.00|1075A2E4|Niru Summers|1075A2E4|Niru Summers|28F6|183692|183692||69f45030cb8b19743eac40e8d4ba8dda
37|2021-09-26T12:07:04.1900000+01:00|10752D6C|Volkon Vysk|00008B37|152511|152511|10000|10000|9||99.8092|101.3961|0|3.125869|2500|0|0|01|080021A7|0|41A00000|10752D6C||2653c3f24fa435b788f5b9250fee0799
26|2021-09-26T12:07:04.1900000+01:00|727|No Mercy|20.00|10752D6C|Volkon Vysk|10752D6C|Volkon Vysk|00|152511|152511||bb90fd8ee4ae42866ff0f54ffb9af99a
38|2021-09-26T12:07:04.1910000+01:00|1075A2E4|Niru Summers|00505015|183692|183692|10000|10000|0|0|100.0839|95.47571|0|-0.06130957|948D|31|0|0A016D|41F00000|E0000000|0A0168|41F00000|E0000000|5B|0|1075A2E4|28FD0030|4514A493|1075A2E4|0769|41C9311E|1075A2E4|57|40ED687F|1075A2E4|8D|41993F7D|107629AA|08A8|408AB01E|107629AA|28F60031|41EFA3D7|1075A2E4||c3241814c8b5bf70eb65268d364e0706
37|2021-09-26T12:07:04.2340000+01:00|107629AA|Joeson Lmoa|00008B38|106059|106059|10000|10000|8||97.94009|109.689|-0.01531982|2.923898|1700|0|0|02|05001B00|0|41200000|107629AA|0600007A|0|41200000|107629AA||a458bfb80b7c676e23a81e90fb216c66
38|2021-09-26T12:07:04.2340000+01:00|107629AA|Joeson Lmoa|00505017|106059|106059|10000|10000|8|0|97.94009|109.689|-0.01531982|2.923898|948D|31|0|0A016D|41F00000|E0000000|0A0168|41F00000|E0000000|28FE0030|45133902|107629AA|7D|416E1053|107629AA|0129|418F081D|1057B8A2|80|411F4BC7|107629AA|7A|411F4BC7|107629AA||48d02eecf784c1e9bd0c3cfa04ca8cef
39|2021-09-26T12:07:04.3250000+01:00|40011DA6|Eos|92601|92601|10000|10000|0|0|100.1449|100.0533|0|-3.129033||29d217ec25b54e7204252a6fa5a1389c
37|2021-09-26T12:07:04.3680000+01:00|40011D69|Living Liquid|00008B32|12525702|12889320|10000|10000|0||100.1144|97.64246|0|-3.129225||2abfbbe04cd9d5b61a4e25ccf084361f
21|2021-09-26T12:07:04.3680000+01:00|107629AA|Joeson Lmoa|DEA|Sidewinder|40011D69|Living Liquid|720003|40F20000|0|0|0|0|0|0|0|0|0|0|0|0|0|0|12542745|12889320|10000|10000|0|1000|100.1144|97.64246|0|-3.129225|106059|106059|10000|10000|0|1000|98.03468|109.4624|-0.000757276|2.880101|00008B3F|0|36512b877c2b2c0366d9d4760a124c45
21|2021-09-26T12:07:04.5020000+01:00|1068703B|Tomo Uchuu|3E81|Jete|1068703B|Tomo Uchuu|0|0|0|0|0|0|0|0|0|0|0|0|0|0|0|0|106478|106478|10000|10000|0|1000|100.1815|102.2128|0|-3.076664|106478|106478|10000|10000|0|1000|100.1815|102.2128|0|-3.076664|00008B40|0|3f69d744410b04d23d6b8db95cc0c960
31|2021-09-26T12:07:04.5020000+01:00|1068703B|4000026|4030102|E0000000|00|af6dca839a9160f87aa12a34a134e2db
39|2021-09-26T12:07:04.5900000+01:00|40011DC3|Earthly Star|92424|92424|10000|10000|0|0|100.0739|100.0579|0|0.04501343||5653dc453449cb86adb5de886f39d2a5
37|2021-09-26T12:07:04.6350000+01:00|1075A2E4|Niru Summers|00008B3D|148532|183692|10000|10000|0||100.0839|95.47571|0|-0.059314|1500|0|0|0||bc2576433caa4354e53c17955df3099d
31|2021-09-26T12:07:04.6350000+01:00|1068703B|40A0026|4030102|E0000000|00|4d1dfa4850ce4bc5315d8a9d39a20939
37|2021-09-26T12:07:04.6800000+01:00|40011D69|Living Liquid|00008B3B|12495552|12889320|10000|10000|0||100.1144|97.64246|0|-3.129225||2759b395af69db6d983bca4fb96975c1
37|2021-09-26T12:07:04.6800000+01:00|40011D69|Living Liquid|00008B3E|12491684|12889320|10000|10000|0||100.1144|97.64246|0|-3.129225||29cde65267d8065f492fd72923eac7b7
21|2021-09-26T12:07:04.6800000+01:00|107401EC|Raesa Velan|20FBED8|Item_Fbed8|107401EC|Raesa Velan|F900000E|310000|0|0|0|0|0|0|0|0|0|0|0|0|0|0|96887|96887|8400|10000|0|1000|100.1583|103.4126|-0.001633507|-2.971031|96887|96887|8400|10000|0|1000|100.1583|103.4126|-0.001633507|-2.971031|00008B41|0|3b4ed604a4ec5ba0c065efe6d20b0010
38|2021-09-26T12:07:04.6800000+01:00|10675739|Jasy Heavensong|00505021|97086|97086|9600|10000|9|0|101.1825|105.8213|0|-3.009668|0|0|0|0A0168|41F00000|E0000000|0F016B|41F00000|E0000000|FFE70349|412F2F27|10675739|28FE0030|45132E51|10675739|04E0|409C3124|10675739|08A8|40760410|107629AA|0129|41873111|1057B8A2|0347|0|10675739|0394|0|10675739|8D|418EE976|107629AA||e080f2fae1eb4464dac5f429814bae0a
30|2021-09-26T12:07:04.6800000+01:00|392|Bole Drawn|0.00|10675739|Jasy Heavensong|10675739|Jasy Heavensong|00|97086|97086||b7b00cbc3faf9919cb410b1d957308ce
26|2021-09-26T12:07:04.6800000+01:00|394|Spear Drawn|9999.00|10675739|Jasy Heavensong|10675739|Jasy Heavensong|00|97086|97086||5e9d915705a943d74d4231bac24b241c
21|2021-09-26T12:07:04.6800000+01:00|10675739|Jasy Heavensong|E09|Redraw|10675739|Jasy Heavensong|43D|B28000|0|0|0|0|0|0|0|0|0|0|0|0|0|0|97086|97086|9600|10000|0|1000|101.1825|105.8213|0|-3.009668|97086|97086|9600|10000|0|1000|101.1825|105.8213|0|-3.009668|00008B42|0|5d75ff11fce935bb425564f99f06b822
21|2021-09-26T12:07:04.7250000+01:00|10752D6C|Volkon Vysk|3F12|Gnashing Fang|40011D69|Living Liquid|710003|3BF00000|F|7328000|0|0|0|0|0|0|0|0|0|0|0|0|12491684|12889320|10000|10000|0|1000|100.1144|97.64246|0|-3.129225|152511|152511|10000|10000|0|1000|99.8092|101.3961|0|3.125869|00008B43|0|1f8a1d86a48cfc063b904256a47d7fc1
38|2021-09-26T12:07:04.7250000+01:00|10752D6C|Volkon Vysk|00505025|152511|152511|10000|10000|9|0|99.8092|101.3961|0|3.125869|9AEA|31|0|14016A|41F00000|E0000000|0A0168|41F00000|E0000000|28FD0030|45147D7E|10752D6C|08A8|4073332B|107629AA|0129|4188FBD2|1057B8A2|28F60031|41D71476|10752D6C|8D|4192D709|107629AA|076A|41E4F9DB|10752D6C|0727|419B5E35|10752D6C|0732|C1200000|10752D6C||443a67c2e609dda6283b55816cafe49f
26|2021-09-26T12:07:04.7250000+01:00|732|Ready To Rip|10.00|10752D6C|Volkon Vysk|10752D6C|Volkon Vysk|00|152511|152511||9b9d4824328e5554b2e7121350649ee9
37|2021-09-26T12:07:04.8130000+01:00|40011D69|Living Liquid|00008B3C|12487489|12889320|10000|10000|0||100.1144|97.64246|0|-3.129225||5d5bfc9650152848d2c06f1f5b207211
37|2021-09-26T12:07:04.8570000+01:00|40011D69|Living Liquid|00008B39|12459481|12889320|10000|10000|0||100.1144|97.64246|0|-3.129225||f94a307860d7e8eeac339769d62aa654
21|2021-09-26T12:07:04.8570000+01:00|40011DA6|Eos|322|Embrace|1075A2E4|Niru Summers|4|14DD0000|1B|3228000|0|0|0|0|0|0|0|0|0|0|0|0|148532|183692|10000|10000|0|1000|100.0839|95.47571|0|-0.04764695|92601|92601|10000|10000|0|1000|100.1449|100.0533|0|-3.129033|00008B44|0|b5a6576fe821b18010d787b5b50b284d
21|2021-09-26T12:07:04.8570000+01:00|1068703B|Tomo Uchuu|07|Attack|40011D69|Living Liquid|720203|16720000|0|0|0|0|0|0|0|0|0|0|0|0|0|0|12487489|12889320|10000|10000|0|1000|100.1144|97.64246|0|-3.129225|106478|106478|10000|10000|0|1000|100.1815|102.2128|0|-3.047343|00008B45|0|5e9e149835cac250e313057b72f88cc5
37|2021-09-26T12:07:04.9020000+01:00|40011D69|Living Liquid|00008B3F|12442855|12889320|10000|10000|0||100.1144|97.64246|0|-3.129225||b0bfbe880ec5235580a264583c5bcfdc
21|2021-09-26T12:07:04.9020000+01:00|1075A2E4|Niru Summers|2D|Storm's Eye|40011D69|Living Liquid|4C710003|2E430000|A3D|340000|A0F|5A8000|11B|2D8000|0|0|0|0|0|0|0|0|12459481|12889320|10000|10000|0|1000|100.1144|97.64246|0|-3.129225|148532|183692|10000|10000|0|1000|100.0839|95.47571|0|-0.04257863|00008B46|0|dc22c3616f9f890e2e097bc0e8412810
38|2021-09-26T12:07:04.9020000+01:00|1075A2E4|Niru Summers|00505015|148532|183692|10000|10000|0|0|100.0839|95.47571|0|-0.04257863|9504|31|0|0A016D|41F00000|E0000000|0A0168|41F00000|E0000000|5B|0|1075A2E4|28FD0030|45149936|1075A2E4|0769|41C380FC|1075A2E4|57|40D6A7F9|1075A2E4|8D|41938F5B|107629AA|08A8|4067DF34|107629AA|28F60031|41E9F3B5|1075A2E4|5A|C1F00000|1075A2E4||82557f335e6e8b2363181d6d5f795442
26|2021-09-26T12:07:04.9020000+01:00|5a|Storm's Eye|30.00|1075A2E4|Niru Summers|1075A2E4|Niru Summers|00|183692|183692||58aa903c74b1d7b4b86916dcc58f4bf7
39|2021-09-26T12:07:04.9450000+01:00|10675739|Jasy Heavensong|97086|97086|9864|10000|0|0|101.1825|105.8213|0|-3.009668||c84c7fecc257c1bbb03622a95f8d913d
39|2021-09-26T12:07:04.9450000+01:00|1075A2E4|Niru Summers|150368|183692|10000|10000|0|0|100.0839|95.47571|0|-0.04257863||0892f196571decad94942393783349cf
39|2021-09-26T12:07:04.9450000+01:00|10752D6C|Volkon Vysk|152511|152511|10000|10000|0|0|99.8092|101.3961|0|3.062495||7c7f7575cf4358109a32c823314b820a
24|2021-09-26T12:07:04.9900000+01:00|40011D69|Living Liquid|DoT|0|530B|12459481|12889320|10000|10000|0|1000|100.1144|97.64246|0|-3.129225||cf2dae6cb1c028e9838788c38dbe730e
21|2021-09-26T12:07:04.9900000+01:00|1057B8A2|Alex Knightfall|409D|Broil III|40011D69|Living Liquid|750003|49FE0000|1B|409D8000|0|0|0|0|0|0|0|0|0|0|0|0|12459481|12889320|10000|10000|0|1000|100.1144|97.64246|0|-3.129225|97285|97285|10000|10000|0|1000|99.99231|104.3259|0|3.125198|00008B47|0|4aa15cac47485d867cdf9d0e338a9664
36|2021-09-26T12:07:04.9900000+01:00|0294|3|afba8b7b5babb21d00da248ca17e2bb7
38|2021-09-26T12:07:04.9900000+01:00|40011D69|Living Liquid|00505000|12421596|12889320|10000|10000|0|0|100.1144|97.64246|0|-3.129225|94AB|31|0|0767|41BE7CE2|1057B8A2|2804B1|41C15C1E|107629AA|0759|41C4915F|10675739|2804B0|41D5AC02|107629AA|0A00A3|41A65E2F|107401EC||667d02e86287ab121de3267a21aaa366
37|2021-09-26T12:07:05.0350000+01:00|40011D69|Living Liquid|00008B3A|12383733|12889320|10000|10000|0||100.1144|97.64246|0|-3.129225||23bf12735c7562f7abc7045c5da20daf
39|2021-09-26T12:07:05.0790000+01:00|107629AA|Joeson Lmoa|106059|106059|10000|10000|0|0|98.35886|108.6951|-0.003957915|2.773031||032a47fdf0b08834aa7e01e25ba972e7
21|2021-09-26T12:07:05.1240000+01:00|10752D6C|Volkon Vysk|07|Attack|40011D69|Living Liquid|710003|DB40000|0|0|0|0|0|0|0|0|0|0|0|0|0|0|12383733|12889320|10000|10000|0|1000|100.1144|97.64246|0|-3.129225|152511|152511|10000|10000|0|1000|99.8092|101.3961|0|3.062495|00008B48|0|acb98e0142b6e06723c55cd781a4b235
39|2021-09-26T12:07:05.1680000+01:00|1057B8A2|Alex Knightfall|97285|97285|9846|10000|0|0|99.99231|104.3259|0|3.125198||74fea3169fed1fdd4d2f902ac08227f8
39|2021-09-26T12:07:05.2130000+01:00|107401EC|Raesa Velan|96887|96887|8400|10000|0|0|99.90076|102.1285|0|-2.971031||b70d063e5616882aed7ab89e76deff97
37|2021-09-26T12:07:05.3920000+01:00|40011D69|Living Liquid|00008B45|12377987|12889320|10000|10000|0||100.1144|97.64246|0|-3.129225||3697ff9074e63b8d503f7a79a12aded5
37|2021-09-26T12:07:05.3920000+01:00|40011D69|Living Liquid|00008B43|12362643|12889320|10000|10000|0||100.1144|97.64246|0|-3.129225||24614dd0c02395b03e93981c2b43c8f0
37|2021-09-26T12:07:05.3920000+01:00|10752D6C|Volkon Vysk|00008B43|152511|152511|10000|10000|9||99.8092|101.3961|0|3.062495|2500|0|0|01|090021B2|0|41200000|10752D6C||034cb30e67e78ae499ec6e41e44617a3
22|2021-09-26T12:07:05.3920000+01:00|107629AA|Joeson Lmoa|1CF1|Refulgent Arrow|40011D69|Living Liquid|720203|4CF80000|0|0|0|0|0|0|0|0|0|0|0|0|0|0|12383733|12889320|10000|10000|0|1000|100.1144|97.64246|0|-3.129225|106059|106059|10000|10000|0|1000|98.87949|107.7719|0|2.71871|00008B49|0|e4a09df6eb5171eed340bedca86841f4
22|2021-09-26T12:07:05.3920000+01:00|107629AA|Joeson Lmoa|1CF1|Refulgent Arrow|40011D69|Living Liquid|720203|4FEE0000|0|0|0|0|0|0|0|0|0|0|0|0|0|0|12383733|12889320|10000|10000|0|1000|100.1144|97.64246|0|-3.129225|106059|106059|10000|10000|0|1000|98.87949|107.7719|0|2.71871|00008B49|1|2e1bdf885cef119aec8b544623dfb215
22|2021-09-26T12:07:05.3920000+01:00|107629AA|Joeson Lmoa|1CF1|Refulgent Arrow|40011D69|Living Liquid|720003|41970000|0|0|0|0|0|0|0|0|0|0|0|0|0|0|12383733|12889320|10000|10000|0|1000|100.1144|97.64246|0|-3.129225|106059|106059|10000|10000|0|1000|98.87949|107.7719|0|2.71871|00008B49|2|cdeb3cdd5b441f8810b1e70d1d70d184
38|2021-09-26T12:07:05.3930000+01:00|107629AA|Joeson Lmoa|00505017|106059|106059|10000|10000|8|0|98.98842|107.5682|-0.0013371|3.061345|DE54|30|0|0A016D|41F00000|E0000000|0A0168|41F00000|E0000000|28FE0030|45132681|107629AA|7D|415B892C|107629AA|0129|4185C485|1057B8A2||6792c676a4884beee4a05ef663d4d223
30|2021-09-26T12:07:05.3930000+01:00|80|Barrage|0.00|107629AA|Joeson Lmoa|107629AA|Joeson Lmoa|00|106059|106059||b2d619b2187f54f53beacbc00e1dea97
30|2021-09-26T12:07:05.3930000+01:00|7a|Straight Shot Ready|0.00|107629AA|Joeson Lmoa|107629AA|Joeson Lmoa|00|106059|106059||a3873b31c50af6b36201ced62eeb2492
38|2021-09-26T12:07:05.3930000+01:00|10752D6C|Volkon Vysk|00505025|152511|152511|10000|10000|9|0|99.8092|101.3961|0|3.062495|DE54|30|0|14016A|41F00000|E0000000|0A0168|41F00000|E0000000|28FD0030|451472D2|10752D6C|08A8|404872A9|107629AA|0129|4183A3BF|1057B8A2|28F60031|41D1BC63|10752D6C|8D|418D7EF6|107629AA|076A|41DFA1C8|10752D6C|0727|41960622|10752D6C|0732|411F4396|10752D6C||50e796a5fed19b1a3f77829c9776e04f
37|2021-09-26T12:07:05.4820000+01:00|1075A2E4|Niru Summers|00008B44|155709|183692|10000|10000|0||100.0839|95.47571|0|0.01011467|1500|0|0|01|09001ADA|0|C1F00000|1075A2E4||eb4390d482927c4d1545ab1cc6df0cef
22|2021-09-26T12:07:05.4820000+01:00|1068703B|Tomo Uchuu|3F44|Quadruple Technical Finish|1068703B|Tomo Uchuu|50E|71E0000|14|7380000|0|0|0|0|0|0|0|0|0|0|0|0|106478|106478|10000|10000|0|1000|100.1815|102.2128|0|-3.047343|106478|106478|10000|10000|0|1000|100.1815|102.2128|0|-3.047343|00008B4A|0|35e4f12c109b7bd5f9943607fb29d5d6
22|2021-09-26T12:07:05.4820000+01:00|1068703B|Tomo Uchuu|3F44|Quadruple Technical Finish|107401EC|Raesa Velan|50E|71E0000|E|7380000|0|0|0|0|0|0|0|0|0|0|0|0|96887|96887|8400|10000|0|1000|99.91256|102.0196|-0.0006877788|-3.039885|106478|106478|10000|10000|0|1000|100.1815|102.2128|0|-3.047343|00008B4A|1|8f2f9ee4258c6d358455b9b54a389582
22|2021-09-26T12:07:05.4820000+01:00|1068703B|Tomo Uchuu|3F44|Quadruple Technical Finish|10752D6C|Volkon Vysk|50E|71E0000|E|7380000|0|0|0|0|0|0|0|0|0|0|0|0|152511|152511|10000|10000|0|1000|99.8092|101.3961|0|3.062495|106478|106478|10000|10000|0|1000|100.1815|102.2128|0|-3.047343|00008B4A|2|109d841a5351cd8266d868e913ca6319
22|2021-09-26T12:07:05.4820000+01:00|1068703B|Tomo Uchuu|3F44|Quadruple Technical Finish|107ABEEC|Greiyan Fletz|50E|71E0000|14|7380000|0|0|0|0|0|0|0|0|0|0|0|0|106544|106544|10000|10000|0|1000|100.8249|100.9025|0|-1.240674|106478|106478|10000|10000|0|1000|100.1815|102.2128|0|-3.047343|00008B4A|3|def93542a764bcaed9318280dc13de34
22|2021-09-26T12:07:05.4820000+01:00|1068703B|Tomo Uchuu|3F44|Quadruple Technical Finish|40011D69|Living Liquid|720003|F814001|0|0|0|0|0|0|0|0|0|0|0|0|0|0|12362643|12889320|10000|10000|0|1000|100.1144|97.64246|0|-3.129225|106478|106478|10000|10000|0|1000|100.1815|102.2128|0|-3.047343|00008B4A|4|8954556c544928c5067b2fe740e58346
22|2021-09-26T12:07:05.4820000+01:00|1068703B|Tomo Uchuu|3F44|Quadruple Technical Finish|1057B8A2|Alex Knightfall|50E|71E0000|E|7380000|0|0|0|0|0|0|0|0|0|0|0|0|97285|97285|9846|10000|0|1000|99.99231|104.3259|0|3.125198|106478|106478|10000|10000|0|1000|100.1815|102.2128|0|-3.047343|00008B4A|5|ba0cff89fa5c8ab5bbcee7714bd1b2b8
22|2021-09-26T12:07:05.4820000+01:00|1068703B|Tomo Uchuu|3F44|Quadruple Technical Finish|10675739|Jasy Heavensong|50E|71E0000|E|7380000|0|0|0|0|0|0|0|0|0|0|0|0|97086|97086|9864|10000|0|1000|101.1825|105.8213|0|-3.009668|106478|106478|10000|10000|0|1000|100.1815|102.2128|0|-3.047343|00008B4A|6|a15e5084fcb392e88fc0ea7b4638abb5
22|2021-09-26T12:07:05.4820000+01:00|1068703B|Tomo Uchuu|3F44|Quadruple Technical Finish|107629AA|Joeson Lmoa|50E|71E0000|E|7380000|0|0|0|0|0|0|0|0|0|0|0|0|106059|106059|10000|10000|0|1000|98.98842|107.5682|-0.0013371|3.061345|106478|106478|10000|10000|0|1000|100.1815|102.2128|0|-3.047343|00008B4A|7|a4fd3f03af9c9adb8a0858acb58344ee
22|2021-09-26T12:07:05.4820000+01:00|1068703B|Tomo Uchuu|3F44|Quadruple Technical Finish|1075A2E4|Niru Summers|50E|71E0000|E|7380000|0|0|0|0|0|0|0|0|0|0|0|0|150368|183692|10000|10000|0|1000|100.0839|95.47571|0|0.01011467|106478|106478|10000|10000|0|1000|100.1815|102.2128|0|-3.047343|00008B4A|8|4e7dbad40e882053f97d60c96963236c
38|2021-09-26T12:07:05.4820000+01:00|107ABEEC|Greiyan Fletz|00505022|106544|106544|10000|10000|8|0|100.8249|100.9025|0|-1.240674|DE54|30|0|0720|42700000|1068703B|14016A|41F00000|E0000000|0A0168|41F00000|E0000000|28FE0030|451327F9|107ABEEC|075A|411CAC19|10675739|1E0032|407AAFF1|107ABEEC|0129|418622BB|1057B8A2|0839|42543777|1068703B|0737|42543777|1068703B|08A8|4045A1C4|107629AA|0513|42138A50|107ABEEC|8D|418DDD2C|107629AA|071E|C1A00000|1068703B||1ad82115a1dc1d112a58ae54f7bd3c02
26|2021-09-26T12:07:05.4820000+01:00|71e|Technical Finish|20.00|1068703B|Tomo Uchuu|107ABEEC|Greiyan Fletz|00|106544|106478||1f3e7168f1203d6f3a16f0d338259eb5
38|2021-09-26T12:07:05.4820000+01:00|107401EC|Raesa Velan|00505019|96887|96887|8400|10000|16|0|99.91256|102.0196|-0.0006877788|-3.039885|DE54|30|0|0A016D|41F00000|E0000000|0A0168|41F00000|E0000000|29020030|45944A8C|107401EC|A4|4164E55B|107401EC|08A8|4045A1C4|107629AA|0129|4181DD17|1057B8A2|8D|41899370|107629AA|0204BB|4157168B|107401EC|071E|C1A00000|1068703B|0738|C1A00000|1068703B||313afc872afbea582d1a921cc4d14cc0
26|2021-09-26T12:07:05.4820000+01:00|71e|Technical Finish|20.00|1068703B|Tomo Uchuu|107401EC|Raesa Velan|00|96887|106478||56e8a331c9514cc2f871bf7cf4505095
26|2021-09-26T12:07:05.4820000+01:00|738|Esprit|20.00|1068703B|Tomo Uchuu|107401EC|Raesa Velan|00|96887|106478||ddab38d21f15a995b8153f5333b705a5
38|2021-09-26T12:07:05.4820000+01:00|1057B8A2|Alex Knightfall|0050501C|97285|97285|9846|10000|9|0|99.99231|104.3259|0|3.125198|DE54|30|0|0A016D|41F00000|E0000000|1E016C|41F00000|E0000000|28FE0030|44DE1C00|1057B8A2|030130|0|1057B8A2|0129|417D4FAC|1057B8A2|28FA0031|41996449|1057B8A2|04B4|417A871A|1057B8A2|08A8|4045A1C4|107629AA|8D|418AA9F7|107629AA|071E|C1A00000|1068703B|0738|C1A00000|1068703B||d8da4b1fc13acd1def69df6097ff3e41
26|2021-09-26T12:07:05.4820000+01:00|71e|Technical Finish|20.00|1068703B|Tomo Uchuu|1057B8A2|Alex Knightfall|00|97285|106478||cb40dd5c81dc7526fb1f9f59af6ae451
26|2021-09-26T12:07:05.4820000+01:00|738|Esprit|20.00|1068703B|Tomo Uchuu|1057B8A2|Alex Knightfall|00|97285|106478||f16be2e1b6ad1d5db12941ca839a1846
38|2021-09-26T12:07:05.4820000+01:00|40011DA6|Eos|00505000|92601|92601|10000|10000|0|0|100.1449|100.0533|0|-3.129033|DE54|30|0|28FE0030|44DE1C00|1057B8A2|28FA0031|41996449|1057B8A2|08A8|4045A1C4|107629AA|8D|418AA9F7|107629AA|071E|41A00000|1068703B||821d7d03b8d8c81c6a3dd25f8b1337be
26|2021-09-26T12:07:05.4820000+01:00|71e|Technical Finish|20.00|1068703B|Tomo Uchuu|40011DA6|Eos|00|92601|106478||27d4981eaab275fa91a5e2180e342823
38|2021-09-26T12:07:05.4820000+01:00|107629AA|Joeson Lmoa|00505017|106059|106059|10000|10000|8|0|98.98842|107.5682|-0.0013371|3.061345|DE54|30|0|0A016D|41F00000|E0000000|0A0168|41F00000|E0000000|28FE0030|45132519|107629AA|7D|415A20B9|107629AA|0129|4185104C|1057B8A2|071E|C1A00000|1068703B|0738|C1A00000|1068703B||c041d88448c46acc69f606b36b3aa1cf
26|2021-09-26T12:07:05.4820000+01:00|71e|Technical Finish|20.00|1068703B|Tomo Uchuu|107629AA|Joeson Lmoa|00|106059|106478||669a5450fd2b196e66deca3c7a91983a
26|2021-09-26T12:07:05.4820000+01:00|738|Esprit|20.00|1068703B|Tomo Uchuu|107629AA|Joeson Lmoa|00|106059|106478||70aea1f4ed10300e9e77412f2da49b9b
38|2021-09-26T12:07:05.4820000+01:00|10675739|Jasy Heavensong|00505021|97086|97086|9864|10000|9|0|101.1825|105.8213|0|-3.009668|DE54|30|0|0A0168|41F00000|E0000000|0F016B|41F00000|E0000000|FFE70349|4122625D|10675739|28FE0030|45132189|10675739|04E0|40829786|10675739|08A8|4042D0DE|107629AA|0129|4180CAA8|1057B8A2|0347|0|10675739|0394|0|10675739|8D|4188830D|107629AA|071E|C1A00000|1068703B|0738|C1A00000|1068703B||057961ac7d46f5b6b31f55f8c9b15118
26|2021-09-26T12:07:05.4820000+01:00|71e|Technical Finish|20.00|1068703B|Tomo Uchuu|10675739|Jasy Heavensong|00|97086|106478||0d056b8805e92c5853257ca4029465d9
26|2021-09-26T12:07:05.4820000+01:00|738|Esprit|20.00|1068703B|Tomo Uchuu|10675739|Jasy Heavensong|00|97086|106478||302efdbc652c7c632f70222cd0cac603
38|2021-09-26T12:07:05.4820000+01:00|1068703B|Tomo Uchuu|00505026|106478|106478|10000|10000|8|0|100.1815|102.2128|0|-3.047343|DE54|30|0|14016A|41F00000|E0000000|0A0168|41F00000|E0000000|071F|42700000|1068703B|28FE0030|4513CDC6|1068703B|0|0|0|08A8|4042D0DE|107629AA|0129|417F7072|1057B8A2|071D|42543777|1068703B|0737|42543777|1068703B|8D|418BBA5A|107629AA|071E|C1A00000|1068703B||f4e985aa42e4a5a7f213dedc1ad0d8cd
30|2021-09-26T12:07:05.4820000+01:00|71b|Technical Step|0.00|1068703B|Tomo Uchuu|1068703B|Tomo Uchuu|00|106478|106478||04860c55679089f25ae378ac8ad8bb8a
26|2021-09-26T12:07:05.4820000+01:00|71e|Technical Finish|20.00|1068703B|Tomo Uchuu|1068703B|Tomo Uchuu|00|106478|106478||9a24a23bec40bbe297eef62dd2a5510f
38|2021-09-26T12:07:05.4820000+01:00|40011DC3|Earthly Star|00505000|92424|92424|10000|10000|0|0|100.0739|100.0579|0|0.04501343|DE54|30|0|28FE0030|45132189|10675739|08A8|4042D0DE|107629AA|8D|4188830D|107629AA|071E|41A00000|1068703B||726d7a87933a66aa20facd07a8c4ae4d
26|2021-09-26T12:07:05.4820000+01:00|71e|Technical Finish|20.00|1068703B|Tomo Uchuu|40011DC3|Earthly Star|00|92424|106478||55c7586a79d7f6777bde4ca3c5dc3491
38|2021-09-26T12:07:05.4820000+01:00|1075A2E4|Niru Summers|00505015|155709|183692|10000|10000|0|0|100.0839|95.47571|0|0.01011467|DE54|30|0|0A016D|41F00000|E0000000|0A0168|41F00000|E0000000|5B|0|1075A2E4|28FD0030|45148FF6|1075A2E4|0769|41BEDF30|1075A2E4|57|40C420CB|1075A2E4|8D|418EED8F|107629AA|08A8|4042D0DE|107629AA|28F60031|41E551E9|1075A2E4|5A|C1F00000|1075A2E4|071E|C1A00000|1068703B|0738|C1A00000|1068703B||767ee86d39ca3433521533d1faa10f28
26|2021-09-26T12:07:05.4820000+01:00|71e|Technical Finish|20.00|1068703B|Tomo Uchuu|1075A2E4|Niru Summers|00|183692|106478||e649e392b318cb58be6ce740f0857953
26|2021-09-26T12:07:05.4820000+01:00|738|Esprit|20.00|1068703B|Tomo Uchuu|1075A2E4|Niru Summers|00|183692|106478||9f2302053f0c3194d26881350c56e9a5
38|2021-09-26T12:07:05.4820000+01:00|10752D6C|Volkon Vysk|00505025|152511|152511|10000|10000|9|0|99.8092|101.3961|0|3.062495|DE54|30|0|14016A|41F00000|E0000000|0A0168|41F00000|E0000000|28FD0030|4514716A|10752D6C|08A8|4042D0DE|107629AA|0129|4182EF86|1057B8A2|28F60031|41D1082A|10752D6C|8D|418CCABD|107629AA|076A|41DEED8F|10752D6C|0727|419551E9|10752D6C|0732|411DDB23|10752D6C|071E|C1A00000|1068703B|0738|C1A00000|1068703B||cace20f53d35224f64e7673567faadcb
26|2021-09-26T12:07:05.4820000+01:00|71e|Technical Finish|20.00|1068703B|Tomo Uchuu|10752D6C|Volkon Vysk|00|152511|106478||f2747d2a50cae273f3a04aedf429c550
26|2021-09-26T12:07:05.4820000+01:00|738|Esprit|20.00|1068703B|Tomo Uchuu|10752D6C|Volkon Vysk|00|152511|106478||8fb5d4817e72b5b484deae91d0e73ba1
31|2021-09-26T12:07:05.4820000+01:00|1068703B|A0026|00|10752D00|8D|63ce438394a3abd23a76c7df4360a089
21|2021-09-26T12:07:05.5240000+01:00|10752D6C|Volkon Vysk|3F1C|Jugular Rip|40011D69|Living Liquid|710203|2E060000|0|0|0|0|0|0|0|0|0|0|0|0|0|0|12362643|12889320|10000|10000|0|1000|100.1144|97.64246|0|-3.129225|152511|152511|10000|10000|0|1000|99.8092|101.3961|0|3.062495|00008B4B|0|0074fc9f8760ef4aa430a9dd022d41b6
38|2021-09-26T12:07:05.5240000+01:00|10752D6C|Volkon Vysk|00505025|152511|152511|10000|10000|9|0|99.8092|101.3961|0|3.062495|9598|31|0|14016A|41F00000|E0000000|0A0168|41F00000|E0000000|28FD0030|451470B6|10752D6C|08A8|403FFFF9|107629AA|0129|41829569|1057B8A2|28F60031|41D0AE0D|10752D6C|8D|418C70A0|107629AA|076A|41DE9372|10752D6C|0727|4194F7CC|10752D6C|0|0|0|071E|C1A00000|1068703B|0738|C1A00000|1068703B||3638c517cf9f2b95ff5aeb42c4ab9f04
30|2021-09-26T12:07:05.5240000+01:00|732|Ready To Rip|0.00|10752D6C|Volkon Vysk|10752D6C|Volkon Vysk|00|152511|152511||452183cb63ca0056779cbf68d0346d24
37|2021-09-26T12:07:05.5690000+01:00|107401EC|Raesa Velan|00008B41|96887|96887|8400|10000|16||99.92924|101.9324|0|-3.137254|1900|0|0|03|0800219E|0|C1A00000|1068703B|09000738|0|C1A00000|1068703B|0A001BF1|28F9|41F00000|107401EC||d3588d352bc4e265a8679c727394a7c6
26|2021-09-26T12:07:05.5690000+01:00|31|Medicated|30.00|107401EC|Raesa Velan|107401EC|Raesa Velan|28F9|96887|96887||5865d0188be4cd66cba8d2df563d63e3
38|2021-09-26T12:07:05.5690000+01:00|107401EC|Raesa Velan|00505019|96887|96887|8400|10000|16|0|99.92924|101.9324|0|-3.137254|9598|31|0|0A016D|41F00000|E0000000|0A0168|41F00000|E0000000|29020030|459449D8|107401EC|A4|41637CE9|107401EC|08A8|403FFFFA|107629AA|0129|418128DD|1057B8A2|8D|4188DF36|107629AA|0204BB|4155AE19|107401EC|071E|C1A00000|1068703B|0738|C1A00000|1068703B|28F90031|41EFA5E3|107401EC||5c68a7ceb91b6ea6ae460fbc54bcf2d3
21|2021-09-26T12:07:05.6130000+01:00|1057B8A2|Alex Knightfall|45CE|Ruin II|40011D69|Living Liquid|750003|385F0000|1B|45CE8000|0|0|0|0|0|0|0|0|0|0|0|0|12362643|12889320|10000|10000|0|1000|100.1144|97.64246|0|-3.129225|97285|97285|9846|10000|0|1000|99.99231|104.3259|0|3.125198|00008B4C|0|74660dec03da1fcb6e07345c0b4d8844
37|2021-09-26T12:07:05.6580000+01:00|40011D69|Living Liquid|00008B48|12359135|12889320|10000|10000|0||100.1144|97.64246|0|-3.129225||2da78b02fac57f0db00a21fcd11c6233
37|2021-09-26T12:07:05.6580000+01:00|10752D6C|Volkon Vysk|00008B48|152511|152511|10000|10000|9||99.8092|101.3961|0|3.062495|2500|0|0|02|0A00219E|0|C1A00000|1068703B|0B000738|0|C1A00000|1068703B||a19fe62c11158cc71a2f583e4121fe3b
37|2021-09-26T12:07:05.7910000+01:00|40011D69|Living Liquid|00008B47|12340193|12889320|10000|10000|0||100.1144|97.64246|0|-3.129225||db9dcda9f87aea1b8aad864213e4572c
37|2021-09-26T12:07:05.7910000+01:00|1057B8A2|Alex Knightfall|00008B47|97285|97285|9446|10000|9||99.99231|104.3259|0|3.125198|1C00|0|0|02|0900219E|0|C1A00000|1068703B|0A000738|0|C1A00000|1068703B||1a42984ac75cedb6cf122c58d172215d
22|2021-09-26T12:07:05.8360000+01:00|1075A2E4|Niru Summers|1CDC|Shake It Off|1075A2E4|Niru Summers|5FB0E|5B10000|0|0|0|0|0|0|0|0|0|0|0|0|0|0|155709|183692|10000|10000|0|1000|100.0839|95.47571|0|0.01011467|155709|183692|10000|10000|0|1000|100.0839|95.47571|0|0.01011467|00008B4D|0|f54a7b29126779586fe735563e51e5d7
22|2021-09-26T12:07:05.8360000+01:00|1075A2E4|Niru Summers|1CDC|Shake It Off|107ABEEC|Greiyan Fletz|5C00E|5B10000|0|0|0|0|0|0|0|0|0|0|0|0|0|0|106544|106544|10000|10000|0|1000|100.6598|101.1368|0|-0.3408053|155709|183692|10000|10000|0|1000|100.0839|95.47571|0|0.01011467|00008B4D|1|205f89ae100cdb2398d80bb466f8304a
22|2021-09-26T12:07:05.8360000+01:00|1075A2E4|Niru Summers|1CDC|Shake It Off|10752D6C|Volkon Vysk|5460E|5B10000|0|0|0|0|0|0|0|0|0|0|0|0|0|0|152511|152511|10000|10000|0|1000|99.8092|101.3961|0|3.062495|155709|183692|10000|10000|0|1000|100.0839|95.47571|0|0.01011467|00008B4D|2|29998c0b260480a7cb6a1b4348169a03
22|2021-09-26T12:07:05.8360000+01:00|1075A2E4|Niru Summers|1CDC|Shake It Off|107401EC|Raesa Velan|5560E|5B10000|0|0|0|0|0|0|0|0|0|0|0|0|0|0|96887|96887|8400|10000|0|1000|99.9564|101.7906|-0.003856666|2.987521|155709|183692|10000|10000|0|1000|100.0839|95.47571|0|0.01011467|00008B4D|3|4456b1663f8f079477bbaf6258abf8a1
22|2021-09-26T12:07:05.8360000+01:00|1075A2E4|Niru Summers|1CDC|Shake It Off|1068703B|Tomo Uchuu|5B50E|5B10000|0|0|0|0|0|0|0|0|0|0|0|0|0|0|106478|106478|10000|10000|0|1000|100.1815|102.2128|0|-3.018021|155709|183692|10000|10000|0|1000|100.0839|95.47571|0|0.01011467|00008B4D|4|795789af4b1733eca73f1bb38d8c6801
22|2021-09-26T12:07:05.8360000+01:00|1075A2E4|Niru Summers|1CDC|Shake It Off|1057B8A2|Alex Knightfall|59A0E|5B10000|0|0|0|0|0|0|0|0|0|0|0|0|0|0|97285|97285|9446|10000|0|1000|99.99231|104.3259|0|3.125198|155709|183692|10000|10000|0|1000|100.0839|95.47571|0|0.01011467|00008B4D|5|5819586d80ede304aa8716b25368df33
22|2021-09-26T12:07:05.8360000+01:00|1075A2E4|Niru Summers|1CDC|Shake It Off|10675739|Jasy Heavensong|5780E|5B10000|0|0|0|0|0|0|0|0|0|0|0|0|0|0|97086|97086|9864|10000|0|1000|101.1825|105.8213|0|-3.009668|155709|183692|10000|10000|0|1000|100.0839|95.47571|0|0.01011467|00008B4D|6|dfe77f2c72d31b4428486a7da7abb92a
22|2021-09-26T12:07:05.8360000+01:00|1075A2E4|Niru Summers|1CDC|Shake It Off|107629AA|Joeson Lmoa|56E0E|5B10000|11|578000|0|0|0|0|0|0|0|0|0|0|0|0|106059|106059|10000|10000|0|1000|99.25175|107.0744|-0.001650484|2.935664|155709|183692|10000|10000|0|1000|100.0839|95.47571|0|0.01011467|00008B4D|7|69bd61f0fa56ae14f1c61b4a9e436d94
37|2021-09-26T12:07:05.9250000+01:00|10675739|Jasy Heavensong|00008B42|97086|97086|9864|10000|9||101.1825|105.8213|0|-3.009668|2100|0|0|02|0A00219E|0|C1A00000|1068703B|0B000738|0|C1A00000|1068703B||46f425eec37f04a9f5a77bea3a6a9284
37|2021-09-26T12:07:06.0150000+01:00|1068703B|Tomo Uchuu|00008B4A|106478|106478|10000|10000|8||100.1815|102.2128|0|-3.003361|2600|0|0|01|0A00219E|0|41A00000|1068703B||fc7fd5d0216967b10ac33cf1b7d94122
38|2021-09-26T12:07:06.0150000+01:00|1068703B|Tomo Uchuu|00505026|106478|106478|10000|10000|8|0|100.1815|102.2128|0|-3.003361|9598|31|0|14016A|41F00000|E0000000|0A0168|41F00000|E0000000|071F|42700000|1068703B|28FE0030|4513C53A|1068703B|0|0|0|08A8|4020936E|107629AA|0129|4176E118|1057B8A2|071D|425213A4|1068703B|0737|425213A4|1068703B|8D|418772AA|107629AA|071E|419FA3D7|1068703B||4863c83b82596396b8cd951796b16db0
26|2021-09-26T12:07:06.0150000+01:00|71f|Closed Position|60.00|1068703B|Tomo Uchuu|1068703B|Tomo Uchuu|00|106478|106478||83123eb72c3658c52dd295674d2902db
21|2021-09-26T12:07:06.0600000+01:00|107629AA|Joeson Lmoa|DE6|Empyreal Arrow|40011D69|Living Liquid|720003|2EB50000|1B|DE68000|0|0|0|0|0|0|0|0|0|0|0|0|12340193|12889320|10000|10000|0|1000|100.1144|97.64246|0|-3.129225|106059|106059|10000|10000|0|1000|99.33732|106.9127|-0.002265597|2.782165|00008B4E|0|e1f77005da48d4d9894918ba15f7ffb5
37|2021-09-26T12:07:06.1500000+01:00|107401EC|Raesa Velan|00008B4A|96887|96887|8400|10000|16||99.96179|101.7625|0|2.956074|1901|0|0|02|0800219E|0|41A00000|1068703B|09000738|0|41A00000|1068703B||64c8a24d657ae59f2c4f81fcd67ebf28
21|2021-09-26T12:07:06.1500000+01:00|1068703B|Tomo Uchuu|3E8D|Flourish|1068703B|Tomo Uchuu|F|7168000|F|7178000|F|7188000|F|7198000|F|71C8000|0|0|0|0|0|0|106478|106478|10000|10000|0|1000|100.1815|102.2128|0|-2.9887|106478|106478|10000|10000|0|1000|100.1815|102.2128|0|-2.9887|00008B4F|0|8e65c75b9f5b58cb247f7424bb46b00b
38|2021-09-26T12:07:06.1500000+01:00|107401EC|Raesa Velan|00505019|96887|96887|8400|10000|16|0|99.96179|101.7625|0|2.956074|DC3F|30|0|0A016D|41F00000|E0000000|0A0168|41F00000|E0000000|29020030|45944534|107401EC|A4|415A3125|107401EC|08A8|401AD0E0|107629AA|0129|417905F4|1057B8A2|8D|41843951|107629AA|0204BB|414C6255|107401EC|071E|419FA5E3|1068703B|0738|419FA5E3|1068703B|28F90031|41EAFFFE|107401EC||416fa6a1b054dae33631a9d8d6180ec0
38|2021-09-26T12:07:06.1500000+01:00|1068703B|Tomo Uchuu|00505026|106478|106478|10000|10000|8|0|100.1815|102.2128|0|-2.9887|DC3F|30|0|14016A|41F00000|E0000000|0A0168|41F00000|E0000000|071F|42700000|1068703B|28FE0030|4513C316|1068703B|0716|C1A00000|1068703B|08A8|4017FFFA|107629AA|0129|4174BC3C|1057B8A2|071D|42518A6D|1068703B|0737|42518A6D|1068703B|8D|4186603B|107629AA|071E|419E9168|1068703B|0717|C1A00000|1068703B|0718|C1A00000|1068703B|0719|C1A00000|1068703B|071C|C1A00000|1068703B||d99f74412d12dd059bdf1f1dcea74e24
26|2021-09-26T12:07:06.1500000+01:00|716|Flourishing Cascade|20.00|1068703B|Tomo Uchuu|1068703B|Tomo Uchuu|00|106478|106478||acca8de1784672a47887c197cc5f335b
26|2021-09-26T12:07:06.1500000+01:00|717|Flourishing Fountain|20.00|1068703B|Tomo Uchuu|1068703B|Tomo Uchuu|00|106478|106478||daeb16fdfae599a7a7a7ba452d327c30
26|2021-09-26T12:07:06.1500000+01:00|718|Flourishing Windmill|20.00|1068703B|Tomo Uchuu|1068703B|Tomo Uchuu|00|106478|106478||d82305c2a0ba6b1ed982ca7529aab8a1
26|2021-09-26T12:07:06.1500000+01:00|719|Flourishing Shower|20.00|1068703B|Tomo Uchuu|1068703B|Tomo Uchuu|00|106478|106478||5e9d24618f3e92c7da736dd620e4a0e3
26|2021-09-26T12:07:06.1500000+01:00|71c|Flourishing Fan Dance|20.00|1068703B|Tomo Uchuu|1068703B|Tomo Uchuu|00|106478|106478||2d6b2dea20e233b61dda882b87b4bc22
21|2021-09-26T12:07:06.1950000+01:00|107ABEEC|Greiyan Fletz|1D35|Hakaze|40011D69|Living Liquid|710103|31650000|1B|1D358000|0|0|0|0|0|0|0|0|0|0|0|0|12340193|12889320|10000|10000|0|1000|100.1144|97.64246|0|-3.129225|106544|106544|10000|10000|0|1000|100.5416|101.3046|-0.01531982|0.3037808|00008B50|0|84a042b899261903419dfffabddcbfb8
21|2021-09-26T12:07:06.1950000+01:00|107401EC|Raesa Velan|DF9|Fire IV|40011D69|Living Liquid|150003|A3D50000|1B|DF98000|0|0|0|0|0|0|0|0|0|0|0|0|12340193|12889320|10000|10000|0|1000|100.1144|97.64246|0|-3.129225|96887|96887|8400|10000|0|1000|99.96179|101.7625|0|2.956074|00008B51|0|bd6cf4760f29c0b8b944af635811de55
21|2021-09-26T12:07:06.1950000+01:00|10675739|Jasy Heavensong|40AB|Malefic IV|40011D69|Living Liquid|750103|5AD40000|1B|40AB8000|0|0|0|0|0|0|0|0|0|0|0|0|12340193|12889320|10000|10000|0|1000|100.1144|97.64246|0|-3.129225|97086|97086|9864|10000|0|1000|101.1825|105.8213|0|-3.009668|00008B52|0|b4de2a2aa5cb7944e91e8bc9637513fc
38|2021-09-26T12:07:06.1950000+01:00|107401EC|Raesa Velan|00505019|96887|96887|6800|10000|16|0|99.96179|101.7625|0|2.956074|DC3F|30|0|0A016D|41F00000|E0000000|0A0168|41F00000|E0000000|29020030|459444D8|107401EC|A4|415978D3|107401EC|08A8|4017EF98|107629AA|0129|41784DA2|1057B8A2|8D|4183DD28|107629AA|0104BB|414BAA03|107401EC|071E|419F49BA|1068703B|0738|419F49BA|1068703B|28F90031|41EAA3D5|107401EC||b8ac4f104939cd2f75fa51275cf3e38f
26|2021-09-26T12:07:06.1950000+01:00|4bb|Triplecast|12.73|107401EC|Raesa Velan|107401EC|Raesa Velan|01|96887|96887||e6c118e772cee8d7f3f4fd48a81c0a7a
21|2021-09-26T12:07:06.2390000+01:00|10752D6C|Volkon Vysk|3F21|Heart Of Stone|1075A2E4|Niru Summers|F10E|7300000|C50E|76A0000|0|0|0|0|0|0|0|0|0|0|0|0|155709|183692|10000|10000|0|1000|100.0839|95.47571|0|0.01011467|152511|152511|10000|10000|0|1000|99.8092|101.3961|0|3.062495|00008B53|0|2af3f07112d92e63b6609af295131302
37|2021-09-26T12:07:06.2840000+01:00|10752D6C|Volkon Vysk|00008B4A|152511|152511|10000|10000|9||99.8092|101.3961|0|3.062495|2502|0|0|02|0A00219E|0|41A00000|1068703B|0B000738|0|41A00000|1068703B||f6095e093b62f5af61342e30c840218b
37|2021-09-26T12:07:06.2840000+01:00|1068703B|Tomo Uchuu|00008B4A|106478|106478|10000|10000|8||100.2629|102.2003|0|-2.9887|2602|0|0|04|04002196|0|C1A00000|1068703B|0B000717|0|C1A00000|1068703B|0C0022D8|0|C1A00000|1068703B|0D000719|0|C1A00000|1068703B||3d2274c9b85f5f70eecc47e261f40990
38|2021-09-26T12:07:06.2840000+01:00|10752D6C|Volkon Vysk|00505025|152511|152511|10000|10000|9|0|99.8092|101.3961|0|3.062495|948D|31|0|14016A|41F00000|E0000000|0A0168|41F00000|E0000000|28FD0030|45146492|10752D6C|08A8|400F5C22|107629AA|0129|417901DA|1057B8A2|28F60031|41CA9990|10752D6C|8D|41865C23|107629AA|076A|41D87EF5|10752D6C|0727|418EE34F|10752D6C|0|0|0|071E|419FA3D7|1068703B|0738|419FA3D7|1068703B||ea7b8b5f432d8fd32dafda7134db5a2b
37|2021-09-26T12:07:06.3290000+01:00|40011D69|Living Liquid|00008B4B|12328411|12889320|10000|10000|0||100.1144|97.64246|0|-3.129225||8fb1aae561f11cc4f57eaf9c4d7c1cdc
21|2021-09-26T12:07:06.3290000+01:00|1057B8A2|Alex Knightfall|1D0C|Chain Stratagem|40011D69|Living Liquid|F60E|4C50000|0|0|0|0|0|0|0|0|0|0|0|0|0|0|12340193|12889320|10000|10000|0|1000|100.1144|97.64246|0|-3.129225|97285|97285|9446|10000|0|1000|99.99231|104.3259|0|3.125198|00008B54|0|c93610cefb683869e50e813e6e235795
37|2021-09-26T12:07:06.4190000+01:00|107ABEEC|Greiyan Fletz|00008B4A|106544|106544|10000|10000|8||100.5416|101.3046|0|-3.020215|2203|0|0|01|0C00219E|0|41A00000|1068703B||7d282bfaba33e3dcd023bae23b06279a
37|2021-09-26T12:07:06.4190000+01:00|1068703B|Tomo Uchuu|00008B4A|106478|106478|10000|10000|8||100.2629|102.2003|0|-2.9887|2603|0|0|04|04002196|0|C1A00000|1068703B|0B000717|0|C1A00000|1068703B|0C0022D8|0|C1A00000|1068703B|0D000719|0|C1A00000|1068703B||9f3b7688c9fb8d6d03523ee21419c245
38|2021-09-26T12:07:06.4190000+01:00|107ABEEC|Greiyan Fletz|00505022|106544|106544|10000|10000|8|0|100.5416|101.3046|0|-3.020215|948D|31|0|0720|42700000|1068703B|14016A|41F00000|E0000000|0A0168|41F00000|E0000000|28FE0030|451318F9|107ABEEC|075A|410DA5F8|10675739|1E0032|403E975E|107ABEEC|0129|417D3F4D|1057B8A2|0839|425075F4|1068703B|0737|425075F4|1068703B|08A8|40098931|107629AA|0513|420FC8CD|107ABEEC|8D|41865A17|107629AA|071E|419FA1CB|1068703B||cfccbfef89e16f94726b950d05318344
26|2021-09-26T12:07:06.4190000+01:00|720|Dance Partner|60.00|1068703B|Tomo Uchuu|107ABEEC|Greiyan Fletz|00|106544|106478||c91c1fd9f531c7793fc6b2219382c62c
21|2021-09-26T12:07:06.4630000+01:00|107ABEEC|Greiyan Fletz|07|Attack|40011D69|Living Liquid|710203|13820000|0|0|0|0|0|0|0|0|0|0|0|0|0|0|12328411|12889320|10000|10000|0|1000|100.1144|97.64246|0|-3.129225|106544|106544|10000|10000|0|1000|100.5416|101.3046|0|-3.020215|00008B55|0|8b35fce40bccd65e97357a40e67dd9e9
38|2021-09-26T12:07:06.4630000+01:00|10675739|Jasy Heavensong|00505021|97086|97086|9464|10000|9|0|101.1825|105.8213|0|-3.009668|948D|31|0|0A0168|41F00000|E0000000|0F016B|41F00000|E0000000|FFE70349|4112AC1B|10675739|28FE0030|451311D9|10675739|04E0|404655F5|10675739|08A8|4003F7C8|107629AA|0129|4171DF0C|1057B8A2|0347|0|10675739|0394|0|10675739|8D|4180A7E8|107629AA|071E|C1A00000|1068703B|0738|C1A00000|1068703B||7bb796fc2f2883fb52caa377c04ae73a
38|2021-09-26T12:07:06.4630000+01:00|40011DC3|Earthly Star|00505000|92424|92424|10000|10000|0|0|100.0739|100.0579|0|0.04501343|948D|31|0|28FE0030|451311D9|10675739|08A8|4003F7C8|107629AA|8D|4180A7E8|107629AA|071E|419824DB|1068703B||dbcb2f489f6d5dc3b5a7c07efa92a50e
38|2021-09-26T12:07:06.4630000+01:00|1075A2E4|Niru Summers|00505015|155709|183692|10000|10000|0|0|100.0839|95.47571|0|0.01011467|948D|31|0|0A016D|41F00000|E0000000|0A0168|41F00000|E0000000|5B|0|1075A2E4|28FD0030|45148046|1075A2E4|0769|41B7040B|1075A2E4|57|40A4B43B|1075A2E4|8D|4187126A|107629AA|08A8|4003F7C8|107629AA|28F60031|41DD76C4|1075A2E4|5A|C1F00000|1075A2E4|071E|C1A00000|1068703B|0738|C1A00000|1068703B||24492d870ac7e846c1e4dd634b94d4e5
31|2021-09-26T12:07:06.5080000+01:00|1068703B|140026|00|1075A200|8D|76f3ac57a8f69b2c37aed5fae42ceffa
37|2021-09-26T12:07:06.5530000+01:00|40011D69|Living Liquid|00008B4C|12313980|12889320|10000|10000|0||100.1144|97.64246|0|-3.129225||c4cd3b4be7a0ac382e2235bf9b5ffa24
37|2021-09-26T12:07:06.5530000+01:00|1057B8A2|Alex Knightfall|00008B4C|97285|97285|9446|10000|9||99.99231|104.3259|0|3.125198|1C00|0|0|02|0900219E|0|C1A00000|1068703B|0A000738|0|C1A00000|1068703B||0e54a2bb30af98a752e5bfda0ac191af
37|2021-09-26T12:07:06.5530000+01:00|40011D69|Living Liquid|00008B4A|12244475|12889320|10000|10000|0||100.1144|97.64246|0|-3.129225|04|0|0|0||9478eefb03ace5102113b05cbca96d3d
37|2021-09-26T12:07:06.5530000+01:00|1068703B|Tomo Uchuu|00008B4A|106478|106478|10000|10000|8||100.2629|102.2003|0|-2.9887|2604|0|0|04|04002196|0|C1A00000|1068703B|0B000717|0|C1A00000|1068703B|0C0022D8|0|C1A00000|1068703B|0D000719|0|C1A00000|1068703B||b225c4318797aa175fe459ec3b953514
37|2021-09-26T12:07:06.5530000+01:00|40011D69|Living Liquid|00008B46|12232632|12889320|10000|10000|0||100.1144|97.64246|0|-3.129225||94310e1bf735fb0016e73f2de2c49355
37|2021-09-26T12:07:06.5530000+01:00|1075A2E4|Niru Summers|00008B46|155709|183692|10000|10000|0||100.0839|95.47571|0|0.008724347|1500|0|0|03|09001ADA|0|41F00000|1075A2E4|0A00071E|0|C1A00000|1068703B|0B0022F8|0|C1A00000|1068703B||6509993f3e78f16d597804b83353e6ed
38|2021-09-26T12:07:06.5530000+01:00|1068703B|Tomo Uchuu|00505026|106478|106478|10000|10000|8|0|100.2629|102.2003|0|-2.9887|9598|31|0|14016A|41F00000|E0000000|0A0168|41F00000|E0000000|071F|42700000|1068703B|28FE0030|4513BCA6|1068703B|0716|C1A00000|1068703B|08A8|3FFC6A71|107629AA|0129|416E498D|1057B8A2|071D|424FEDC3|1068703B|0737|424FEDC3|1068703B|8D|418326E3|107629AA|071E|419B5810|1068703B|0717|C1A00000|1068703B|0718|C1A00000|1068703B|0719|C1A00000|1068703B|071C|C1A00000|1068703B||020c44c3ac9a3a8e2612cfd62303ecc0
38|2021-09-26T12:07:06.5530000+01:00|1075A2E4|Niru Summers|00505015|155709|183692|10000|10000|0|0|100.0839|95.47571|0|0.008724347|9598|31|0|0A016D|41F00000|E0000000|0A0168|41F00000|E0000000|5B|0|1075A2E4|28FD0030|45147ED6|1075A2E4|0769|41B64BB9|1075A2E4|57|40A1D2F3|1075A2E4|8D|41865A18|107629AA|08A8|3FFC6A71|107629AA|28F60031|41DCBE72|1075A2E4|5A|41EFA5E3|1075A2E4|071E|C1A00000|1068703B|0738|C1A00000|1068703B||856cb7f3dcb85de7876df3e271241489
21|2021-09-26T12:07:06.5970000+01:00|1075A2E4|Niru Summers|07|Attack|40011D69|Living Liquid|710003|FE30000|0|0|0|0|0|0|0|0|0|0|0|0|0|0|12232632|12889320|10000|10000|0|1000|100.1144|97.64246|0|-3.129225|155709|183692|10000|10000|0|1000|100.0839|95.47571|0|0.02486696|00008B56|0|372c5755871cf82cc0bcf4aa3bc351e4
38|2021-09-26T12:07:06.5970000+01:00|107ABEEC|Greiyan Fletz|00505022|106544|106544|10000|10000|8|0|100.5416|101.3046|0|-3.020215|9598|31|0|0720|42700000|1068703B|14016A|41F00000|E0000000|0A0168|41F00000|E0000000|28FE0030|45131625|107ABEEC|075A|410AD0FB|10675739|1E0032|40334367|107ABEEC|0129|417A6A50|1057B8A2|0839|424FC0B5|1068703B|0737|424FC0B5|1068703B|08A8|40A00000|107629AA|0513|420F138E|107ABEEC|8D|4184EF98|107629AA|071E|419E374C|1068703B||f14ef046c3889f8a5dcf5ef8b863e444
26|2021-09-26T12:07:06.5970000+01:00|8a8|The Wanderer's Minuet|5.00|107629AA|Joeson Lmoa|107ABEEC|Greiyan Fletz|00|106544|106059||a90c07af53f84007c6ce0d3d681c7449
38|2021-09-26T12:07:06.5970000+01:00|107401EC|Raesa Velan|00505019|96887|96887|6800|10000|16|0|99.96179|101.5662|-0.002602713|3.105639|9598|31|0|0A016D|41F00000|E0000000|0A0168|41F00000|E0000000|29020030|459441A2|107401EC|A4|41530A3D|107401EC|08A8|40A00000|107629AA|0129|4171DF0C|1057B8A2|8D|4180A5DC|107629AA|0104BB|41453B6D|107401EC|071E|419C126E|1068703B|0738|419C126E|1068703B|28F90031|41E76C89|107401EC||22b4e6e09ab1b816f24fcbb6c053eea4
26|2021-09-26T12:07:06.5970000+01:00|8a8|The Wanderer's Minuet|5.00|107629AA|Joeson Lmoa|107401EC|Raesa Velan|00|96887|106059||ca4ea3881b2ef82cd6df9f0f4509fefc
38|2021-09-26T12:07:06.5970000+01:00|1057B8A2|Alex Knightfall|0050501C|97285|97285|9446|10000|9|0|99.99231|104.3259|0|3.125198|9598|31|0|0A016D|41F00000|E0000000|1E016C|41F00000|E0000000|28FE0030|44DDF84B|1057B8A2|030130|0|1057B8A2|0129|416B748E|1057B8A2|28FA0031|419076B5|1057B8A2|04B4|4168ABFC|1057B8A2|08A8|40A00000|107629AA|8D|4181BC63|107629AA|071E|C1A00000|1068703B|0738|C1A00000|1068703B||c48f8afe1abe69f3a512dd3fd59f2523
26|2021-09-26T12:07:06.5970000+01:00|8a8|The Wanderer's Minuet|5.00|107629AA|Joeson Lmoa|1057B8A2|Alex Knightfall|00|97285|106059||3114ff50fe033964ec4d902a290efb58
38|2021-09-26T12:07:06.5970000+01:00|40011DA6|Eos|00505000|92601|92601|10000|10000|0|0|100.1449|100.0533|0|-3.129033|9598|31|0|28FE0030|44DDF84B|1057B8A2|28FA0031|419076B5|1057B8A2|08A8|40A00000|107629AA|8D|4181BC63|107629AA|071E|4197126C|1068703B||9ac036dcea0bf2e2522dad72ea563849
26|2021-09-26T12:07:06.5970000+01:00|8a8|The Wanderer's Minuet|5.00|107629AA|Joeson Lmoa|40011DA6|Eos|00|92601|106059||d3635c63e6d4a3fdb0ea53af910927b5
38|2021-09-26T12:07:06.5970000+01:00|107629AA|Joeson Lmoa|00505017|106059|106059|10000|10000|8|0|100.7247|104.4232|-0.0006607823|2.792683|9598|31|0|0A016D|41F00000|E0000000|0A0168|41F00000|E0000000|28FE0030|45131345|107629AA|7D|4148459B|107629AA|0129|41784573|1057B8A2|071E|C1A00000|1068703B|0738|C1A00000|1068703B||9ddae5c770d5320d1a4216ff3a91a2c5
38|2021-09-26T12:07:06.5970000+01:00|10675739|Jasy Heavensong|00505021|97086|97086|9464|10000|9|0|101.1825|105.8213|0|-3.009668|9598|31|0|0A0168|41F00000|E0000000|0F016B|41F00000|E0000000|FFE70349|4110873F|10675739|28FE0030|45130FB5|10675739|04E0|403DC281|10675739|08A8|409E978D|107629AA|0129|416FBA30|1057B8A2|0347|0|10675739|0394|0|10675739|8D|417F2AF4|107629AA|071E|C1A00000|1068703B|0738|C1A00000|1068703B||c6cce92471856911c68af987bffce8ee
26|2021-09-26T12:07:06.5970000+01:00|8a8|The Wanderer's Minuet|4.96|107629AA|Joeson Lmoa|10675739|Jasy Heavensong|00|97086|106059||3234a4ef31fa8a19b817b19da40a4d20
38|2021-09-26T12:07:06.5970000+01:00|1068703B|Tomo Uchuu|00505026|106478|106478|10000|10000|8|0|100.2629|102.2003|0|-2.9887|9598|31|0|14016A|41F00000|E0000000|0A0168|41F00000|E0000000|071F|42700000|1068703B|28FE0030|4513BBF2|1068703B|0716|C1A00000|1068703B|08A8|409E978D|107629AA|0129|416D9554|1057B8A2|071D|424FC0B5|1068703B|0737|424FC0B5|1068703B|8D|4182CCC6|107629AA|071E|419AFDF3|1068703B|0717|C1A00000|1068703B|0718|C1A00000|1068703B|0719|C1A00000|1068703B|071C|C1A00000|1068703B||965ef28cd304c0068499819b0131d2da
26|2021-09-26T12:07:06.5970000+01:00|8a8|The Wanderer's Minuet|4.96|107629AA|Joeson Lmoa|1068703B|Tomo Uchuu|00|106478|106059||5a1097550347d5d5ec054115bbe10e6b
38|2021-09-26T12:07:06.5970000+01:00|40011DC3|Earthly Star|00505000|92424|92424|10000|10000|0|0|100.0739|100.0579|0|0.04501343|9598|31|0|28FE0030|45130FB5|10675739|08A8|409E978D|107629AA|8D|417F2AF4|107629AA|071E|4197126C|1068703B||a3bd643ea1cbbe4788c21101ea2ee2e6
26|2021-09-26T12:07:06.5970000+01:00|8a8|The Wanderer's Minuet|4.96|107629AA|Joeson Lmoa|40011DC3|Earthly Star|00|92424|106059||50a2ffbdc9298ebd8bc13df04cc315b0
38|2021-09-26T12:07:06.5970000+01:00|1075A2E4|Niru Summers|00505015|155709|183692|10000|10000|0|0|100.0839|95.47571|0|0.02486696|9598|31|0|0A016D|41F00000|E0000000|0A0168|41F00000|E0000000|5B|0|1075A2E4|28FD0030|45147E22|1075A2E4|0769|41B5F19C|1075A2E4|57|40A06A80|1075A2E4|8D|4185FFFB|107629AA|08A8|409E978D|107629AA|28F60031|41DC6455|1075A2E4|5A|41EF4BC6|1075A2E4|071E|C1A00000|1068703B|0738|C1A00000|1068703B||e33c6487578bbe5e2292805c1a48c6c6
26|2021-09-26T12:07:06.5970000+01:00|8a8|The Wanderer's Minuet|4.96|107629AA|Joeson Lmoa|1075A2E4|Niru Summers|00|183692|106059||ae4aa41b0fbd2ff230c690bd8a9c67f4
38|2021-09-26T12:07:06.5970000+01:00|10752D6C|Volkon Vysk|00505025|152511|152511|10000|10000|9|0|99.8092|101.3961|0|3.08759|9598|31|0|14016A|41F00000|E0000000|0A0168|41F00000|E0000000|28FD0030|45145F96|10752D6C|08A8|409E978D|107629AA|0129|417403E8|1057B8A2|28F60031|41C81A96|10752D6C|8D|4183DD29|107629AA|076A|41D5FFFB|10752D6C|0727|418C6455|10752D6C|0|0|0|071E|419D24DD|1068703B|0738|419D24DD|1068703B||427831bfde07758498ef252980b64f1f
26|2021-09-26T12:07:06.5970000+01:00|8a8|The Wanderer's Minuet|4.96|107629AA|Joeson Lmoa|10752D6C|Volkon Vysk|00|152511|106059||15772829fc44f04e78c25a13ecad8624
37|2021-09-26T12:07:06.6410000+01:00|1075A2E4|Niru Summers|00008B4D|155709|183692|10000|10000|16||100.0839|95.47571|0|0.02486696|1500|0|0|03|0A00219E|0|C1A00000|1068703B|0B000738|0|C1A00000|1068703B|0C002171|0|41700000|1075A2E4||0f18491fc7afc776c0628735083ff1d9
26|2021-09-26T12:07:06.6410000+01:00|5b1|Shake It Off|15.00|1075A2E4|Niru Summers|1075A2E4|Niru Summers|00|183692|183692||ca1969b559a3b96aba48cc94af637837
38|2021-09-26T12:07:06.6410000+01:00|1075A2E4|Niru Summers|00505015|155709|183692|10000|10000|16|0|100.0839|95.47571|0|0.02486696|9598|31|0|0A016D|41F00000|E0000000|0A0168|41F00000|E0000000|5B|0|1075A2E4|28FD0030|45147D6E|1075A2E4|0769|41B5977F|1075A2E4|57|409F020D|1075A2E4|8D|4185A5DE|107629AA|08A8|409D2F1A|107629AA|28F60031|41DC0A38|1075A2E4|5A|41EEF1A9|1075A2E4|071E|C1A00000|1068703B|0738|C1A00000|1068703B|05B1|416F4BC7|1075A2E4||0fba949491ed03c6fe3dd77f71553231
37|2021-09-26T12:07:06.6850000+01:00|1057B8A2|Alex Knightfall|00008B4A|97285|97285|9446|10000|9||99.99231|104.3259|0|3.125198|1C05|0|0|02|0900219E|0|41A00000|1068703B|0A000738|0|41A00000|1068703B||f6e567b88a17a5d8d1350389344c45b3
37|2021-09-26T12:07:06.6850000+01:00|1068703B|Tomo Uchuu|00008B4A|106478|106478|10000|10000|8||100.2629|102.2003|0|-2.9887|2605|0|0|04|04002196|0|C1A00000|1068703B|0B000717|0|C1A00000|1068703B|0C0022D8|0|C1A00000|1068703B|0D000719|0|C1A00000|1068703B||ad04922c96ca3b66045b2663f549f52f
37|2021-09-26T12:07:06.6860000+01:00|1068703B|Tomo Uchuu|00008B4F|106478|106478|10000|10000|8||100.2629|102.2003|0|-2.9887|2600|0|0|04|04002196|0|41A00000|1068703B|0B000717|0|41A00000|1068703B|0C0022D8|0|41A00000|1068703B|0D000719|0|41A00000|1068703B||83dee3f6e85b1ee5ccb6cde0291b3f32
38|2021-09-26T12:07:06.6860000+01:00|1057B8A2|Alex Knightfall|0050501C|97285|97285|9946|10000|9|0|99.99231|104.3259|0|3.125198|9598|31|0|0A016D|41F00000|E0000000|1E016C|41F00000|E0000000|28FE0030|44DDF572|1057B8A2|030130|0|1057B8A2|0129|416A0803|1057B8A2|28FA0031|418FC06F|1057B8A2|04B4|41673F71|1057B8A2|08A8|409D26E9|107629AA|8D|4181061D|107629AA|071E|419FA3D7|1068703B|0738|419FA3D7|1068703B||24dc9bf714b4f952ad67ce40117a6f16
38|2021-09-26T12:07:06.6860000+01:00|40011DA6|Eos|00505000|92601|92601|10000|10000|0|0|100.1449|100.0533|0|-3.129033|9598|31|0|28FE0030|44DDF572|1057B8A2|28FA0031|418FC06F|1057B8A2|08A8|409D26E9|107629AA|8D|4181061D|107629AA|071E|41965C26|1068703B||a501fc2c4a542926acc97777f0a91416
38|2021-09-26T12:07:06.6860000+01:00|1068703B|Tomo Uchuu|00505026|106478|106478|10000|10000|8|0|100.2629|102.2003|0|-2.9887|9598|31|0|14016A|41F00000|E0000000|0A0168|41F00000|E0000000|071F|42700000|1068703B|28FE0030|4513BA86|1068703B|0716|419FA3D7|1068703B|08A8|409BBE76|107629AA|0129|416C28C9|1057B8A2|071D|424F6593|1068703B|0737|424F6593|1068703B|8D|41821680|107629AA|071E|419A47AD|1068703B|0717|419FA3D7|1068703B|0718|419FA3D7|1068703B|0719|419FA3D7|1068703B|071C|419FA3D7|1068703B||fd54b198b1b705bbf788f75a685c14ba
37|2021-09-26T12:07:06.7750000+01:00|107ABEEC|Greiyan Fletz|00008B4D|106544|106544|10000|10000|25||100.5416|101.3046|0|-3.020215|2201|0|0|01|0D002031|0|41700000|1075A2E4||d414de821810d8da06015fc0b7989123
26|2021-09-26T12:07:06.7750000+01:00|5b1|Shake It Off|15.00|1075A2E4|Niru Summers|107ABEEC|Greiyan Fletz|00|106544|183692||fb75bd2912d0384f3a0f8d2eda03f6f7
37|2021-09-26T12:07:06.7750000+01:00|1075A2E4|Niru Summers|00008B4D|155709|183692|10000|10000|16||100.0839|95.47571|0|0.0379307|1501|0|0|02|0A00219E|0|C1A00000|1068703B|0B000738|0|C1A00000|1068703B||c035ab3f5688d21ae721706aa5fe9eb8
38|2021-09-26T12:07:06.7750000+01:00|107ABEEC|Greiyan Fletz|00505022|106544|106544|10000|10000|25|0|100.5416|101.3046|0|-3.020215|9598|31|0|0720|42700000|1068703B|14016A|41F00000|E0000000|0A0168|41F00000|E0000000|28FE0030|45131349|107ABEEC|075A|4107F3CC|10675739|1E0032|4027CEAA|107ABEEC|0129|41778D21|1057B8A2|0839|424F096B|1068703B|0737|424F096B|1068703B|08A8|409A45A1|107629AA|0513|420E5C44|107ABEEC|8D|41838100|107629AA|071E|419CC8B4|1068703B|05B1|416F47AE|1075A2E4||46972b3bfdbe853b3cc8cce2e3aa6d5c
37|2021-09-26T12:07:06.8200000+01:00|40011D69|Living Liquid|00008B50|12219987|12889320|10000|10000|0||100.1144|97.64246|0|-3.129225||80d885eef3135c1a8785d02d227c9e18
37|2021-09-26T12:07:06.8200000+01:00|10675739|Jasy Heavensong|00008B4A|97086|97086|9464|10000|9||101.1825|105.8213|0|-3.009668|2106|0|0|02|0A00219E|0|41A00000|1068703B|0B000738|0|41A00000|1068703B||6477ebe6f28046235a47a7f1edd7dd52
38|2021-09-26T12:07:06.8200000+01:00|10675739|Jasy Heavensong|00505021|97086|97086|9464|10000|9|0|101.1825|105.8213|0|-3.009668|9598|31|0|0A0168|41F00000|E0000000|0F016B|41F00000|E0000000|FFE70349|410CF5D7|10675739|28FE0030|45130C25|10675739|04E0|402F7CDF|10675739|08A8|409774BB|107629AA|0129|416C28C8|1057B8A2|0347|0|10675739|0394|0|10675739|8D|417B998C|107629AA|071E|419FA5E3|1068703B|0738|419FA5E3|1068703B||462e6949bed8a4397ddb1b1514bdf16c
38|2021-09-26T12:07:06.8200000+01:00|40011DC3|Earthly Star|00505000|92424|92424|10000|10000|0|0|100.0739|100.0579|0|0.04501343|9598|31|0|28FE0030|45130C25|10675739|08A8|409774BB|107629AA|8D|417B998C|107629AA|071E|419549B7|1068703B||3788bf88e6823b6d83de900d670f9a43
37|2021-09-26T12:07:06.8650000+01:00|40011D69|Living Liquid|00008B49|12200283|12889320|10000|10000|0||100.1144|97.64246|0|-3.129225||98e5665cb62b03859c70f0809cf270ab
37|2021-09-26T12:07:06.8650000+01:00|107629AA|Joeson Lmoa|00008B49|106059|106059|10000|10000|8||100.7259|104.1913|-0.01531982|2.611883|1700|0|0|02|0500219E|0|C1A00000|1068703B|06000738|0|C1A00000|1068703B||4a6474a1faba9a09e0dc5c849525c4da
37|2021-09-26T12:07:06.8650000+01:00|1075A2E4|Niru Summers|00008B53|155709|183692|10000|10000|19||100.0839|95.47571|0|0.0376308|1500|0|0|04|0A00219E|0|C1A00000|1068703B|0B000738|0|C1A00000|1068703B|0D0022F0|0|40E00000|10752D6C|0E00076A|0|41F00000|10752D6C||e89613ac7077f691629065c7e9952ab6
26|2021-09-26T12:07:06.8650000+01:00|730|Heart Of Stone|7.00|10752D6C|Volkon Vysk|1075A2E4|Niru Summers|00|183692|152511||a1a67d9a97fef8201a4809a99ce6f03d
26|2021-09-26T12:07:06.8650000+01:00|76a|Brutal Shell|30.00|10752D6C|Volkon Vysk|1075A2E4|Niru Summers|00|183692|152511||921b3f02af865da96622f2e5801b814d
38|2021-09-26T12:07:06.8650000+01:00|1075A2E4|Niru Summers|00505015|155709|183692|10000|10000|19|0|100.0839|95.47571|0|0.0376308|9598|31|0|0A016D|41F00000|E0000000|0A0168|41F00000|E0000000|5B|0|1075A2E4|28FD0030|451479DA|1075A2E4|0769|41B3CCBE|1075A2E4|57|4097D70A|1075A2E4|8D|4183DB1D|107629AA|08A8|40960417|107629AA|28F60031|41DA3F77|1075A2E4|5A|41ED26E8|1075A2E4|071E|C1A00000|1068703B|0738|C1A00000|1068703B|05B1|416BB646|1075A2E4|0730|40DE8F5C|10752D6C|076A|41EFA3D7|10752D6C||23c03e6646070b4a22e35cd5fa2e85c4
37|2021-09-26T12:07:06.9100000+01:00|10752D6C|Volkon Vysk|00008B4D|152511|152511|10000|10000|26||99.8092|101.3961|0|3.096435|2502|0|0|01|09002031|0|41700000|1075A2E4||82fefd0bb100a7365a4e8101d693ac47
26|2021-09-26T12:07:06.9100000+01:00|5b1|Shake It Off|15.00|1075A2E4|Niru Summers|10752D6C|Volkon Vysk|00|152511|183692||ad1d0a4de03b50d2b7a5bd07916901f1
37|2021-09-26T12:07:06.9100000+01:00|1075A2E4|Niru Summers|00008B4D|155709|183692|10000|10000|19||100.0839|95.47571|0|0.0376308|1502|0|0|02|0A00219E|0|C1A00000|1068703B|0B000738|0|C1A00000|1068703B||5c88fb61ed70007f252b0e4bb1ad77c6
22|2021-09-26T12:07:06.9100000+01:00|107401EC|Raesa Velan|DF5|Ley Lines|107401EC|Raesa Velan|F|2E18000|0|0|0|0|0|0|0|0|0|0|0|0|0|0|96887|96887|6800|10000|0|1000|99.96179|101.4236|0|3.105639|96887|96887|6800|10000|0|1000|99.96179|101.4236|0|3.105639|00008B57|0|4a3f918176f8c30c087ab0f065c1b8d2
21|2021-09-26T12:07:06.9100000+01:00|10675739|Jasy Heavensong|1133|The Spear|107629AA|Joeson Lmoa|30E|75D0000|33D|F18000|0|0|0|0|0|0|0|0|0|0|0|0|106059|106059|10000|10000|0|1000|100.7259|104.1913|-0.01531982|2.611883|97086|97086|9464|10000|0|1000|101.1825|105.8213|0|-3.009668|00008B58|0|755f812e4f7c1d9752c94dc0b32ecf7b
38|2021-09-26T12:07:06.9100000+01:00|10675739|Jasy Heavensong|00505021|97086|97086|9464|10000|9|0|101.1825|105.8213|0|-3.009668|9598|31|0|0A0168|41F00000|E0000000|0F016B|41F00000|E0000000|FFE70349|410B8533|10675739|28FE0030|45130AB5|10675739|04E0|4029BA4F|10675739|08A8|40949373|107629AA|0129|416AB824|1057B8A2|0347|0|10675739|0|0|0|8D|417A28E8|107629AA|071E|419EED91|1068703B|0738|419EED91|1068703B||c7f0bd66461c1622b0a37d0fc5fef0be
30|2021-09-26T12:07:06.9100000+01:00|394|Spear Drawn|0.00|10675739|Jasy Heavensong|10675739|Jasy Heavensong|00|97086|97086||8a889a51b41e99ccf5cb006c49ae0dfa
38|2021-09-26T12:07:06.9100000+01:00|10752D6C|Volkon Vysk|00505025|152511|152511|10000|10000|26|0|99.8092|101.3961|0|3.096435|9598|31|0|14016A|41F00000|E0000000|0A0168|41F00000|E0000000|28FD0030|45145A96|10752D6C|08A8|40949373|107629AA|0129|416F01DC|1057B8A2|28F60031|41C5998F|10752D6C|8D|41815C22|107629AA|076A|41D37EF4|10752D6C|0727|4189E34E|10752D6C|05B1|416F47AE|1075A2E4|071E|419AA3D6|1068703B|0738|419AA3D6|1068703B||1553f979f3e4eeb30b3020f82ccdb51b
37|2021-09-26T12:07:06.9530000+01:00|107629AA|Joeson Lmoa|00008B4A|106059|106059|10000|10000|8||100.733|104.135|0|2.625549|1707|0|0|02|0500219E|0|41A00000|1068703B|06000738|0|41A00000|1068703B||0a93b78a05bae0132b89ad6ede07f1c5
38|2021-09-26T12:07:06.9540000+01:00|107629AA|Joeson Lmoa|00505017|106059|106059|10000|10000|8|0|100.733|104.135|0|2.625549|9AEA|31|0|0A016D|41F00000|E0000000|0A0168|41F00000|E0000000|28FE0030|45130D8D|107629AA|7D|41428B3D|107629AA|0129|41728B15|1057B8A2|071E|419FA3D7|1068703B|0738|419FA3D7|1068703B||9b6daffe7940f6d4683a2cf5867883f2
37|2021-09-26T12:07:06.9980000+01:00|40011D69|Living Liquid|00008B55|12195289|12889320|10000|10000|0||100.1144|97.64246|0|-3.129225||fa1e2b67e9d7ed5bf03182f5e4f1c304
37|2021-09-26T12:07:06.9980000+01:00|40011D69|Living Liquid|00008B49|12174827|12889320|10000|10000|0||100.1144|97.64246|0|-3.129225|01|0|0|0||372016a3ea1368a6d496cf550a73fb11
21|2021-09-26T12:07:06.9990000+01:00|1068703B|Tomo Uchuu|3E7B|Rising Windmill|40011D69|Living Liquid|720203|49850000|13D|EB8000|0|0|0|0|0|0|0|0|0|0|0|0|12174827|12889320|10000|10000|0|1000|100.1144|97.64246|0|-3.129225|106478|106478|10000|10000|0|1000|100.2629|102.2003|0|-2.978228|00008B59|0|84246b9e8584ada023eff02c0867ac71
38|2021-09-26T12:07:06.9990000+01:00|1068703B|Tomo Uchuu|00505026|106478|106478|10000|10000|8|0|100.2629|102.2003|0|-2.978228|9AEA|31|0|14016A|41F00000|E0000000|0A0168|41F00000|E0000000|071F|42700000|1068703B|28FE0030|4513B586|1068703B|0716|419D22D0|1068703B|08A8|4091BA5C|107629AA|0129|416726BD|1057B8A2|071D|424E2513|1068703B|0737|424E2513|1068703B|8D|417F2AF3|107629AA|071E|4197C6A6|1068703B|0717|419D22D0|1068703B|0|0|0|0719|419D22D0|1068703B|071C|419D22D0|1068703B||38a41162cc151e01af22f48e4e925134
30|2021-09-26T12:07:06.9990000+01:00|718|Flourishing Windmill|0.00|1068703B|Tomo Uchuu|1068703B|Tomo Uchuu|00|106478|106478||e406c31a0f0c528cf4fa263a9ba0b39b
31|2021-09-26T12:07:06.9990000+01:00|1068703B|140126|00|10762900|129|e19e5d88c1cee36bc9952a6cb333f58d
37|2021-09-26T12:07:07.0430000+01:00|107401EC|Raesa Velan|00008B4D|96887|96887|6800|10000|33||99.99047|101.4352|-0.0006769239|3.105639|1903|0|0|01|0B002031|0|41700000|1075A2E4||047b1cac4df46097215dba1de99f4141
26|2021-09-26T12:07:07.0430000+01:00|5b1|Shake It Off|15.00|1075A2E4|Niru Summers|107401EC|Raesa Velan|00|96887|183692||dd5ae0292264e585197a276bad84101f
37|2021-09-26T12:07:07.0430000+01:00|1075A2E4|Niru Summers|00008B4D|155709|183692|10000|10000|19||100.0839|95.47571|0|0.03672927|1503|0|0|02|0A00219E|0|C1A00000|1068703B|0B000738|0|C1A00000|1068703B||33add2bf2aa41106a17cd04e29cfeadd
38|2021-09-26T12:07:07.0430000+01:00|107401EC|Raesa Velan|00505019|96887|96887|6800|10000|33|0|99.99047|101.4352|-0.0006769239|3.105639|9598|31|0|0A016D|41F00000|E0000000|0A0168|41F00000|E0000000|29020030|45943E10|107401EC|A4|414BE354|107401EC|08A8|4091B22B|107629AA|0129|416AB823|1057B8A2|8D|417A24CE|107629AA|0104BB|413E1484|107401EC|071E|41987EF8|1068703B|0738|41987EF8|1068703B|28F90031|41E3D913|107401EC|05B1|416F47AE|1075A2E4||3d8f86c9097f85198c4f39cd09d7f9fe
37|2021-09-26T12:07:07.0870000+01:00|40011D69|Living Liquid|00008B4E|12162870|12889320|10000|10000|0||100.1144|97.64246|0|-3.129225||bba9840fd17f3f97003a846a17efa82e
37|2021-09-26T12:07:07.0870000+01:00|1075A2E4|Niru Summers|00008B4A|155709|183692|10000|10000|19||100.0839|95.47571|0|0.03672927|1508|0|0|02|0A00219E|0|41A00000|1068703B|0B000738|0|41A00000|1068703B||617a91f8fda542635953435c43642b39
38|2021-09-26T12:07:07.0870000+01:00|1075A2E4|Niru Summers|00505015|155709|183692|10000|10000|19|0|100.0839|95.47571|0|0.03672927|DC3F|30|0|0A016D|41F00000|E0000000|0A0168|41F00000|E0000000|5B|0|1075A2E4|28FD0030|4514764A|1075A2E4|0769|41B20409|1075A2E4|57|4090B438|1075A2E4|8D|41821268|107629AA|08A8|408EE145|107629AA|28F60031|41D876C2|1075A2E4|5A|41EB5E33|1075A2E4|071E|419FA5E3|1068703B|0738|419FA5E3|1068703B|05B1|416824DE|1075A2E4|0730|40D76C8A|10752D6C|076A|41EDDB22|10752D6C||4ee620e24723ae2724023ee39d2ac971
37|2021-09-26T12:07:07.1320000+01:00|40011D69|Living Liquid|00008B54|12162870|12889320|10000|10000|0||100.1144|97.64246|0|-3.129225|0|0|0|01|05001F45|0|41700000|1057B8A2||6bcf0a18c0be8eb9e334a5d08edc902d
26|2021-09-26T12:07:07.1320000+01:00|4c5|Chain Stratagem|15.00|1057B8A2|Alex Knightfall|40011D69|Living Liquid|00|12889320|97285||aee6ee9ba0b148179497c0c65d5c1003
37|2021-09-26T12:07:07.1320000+01:00|40011D69|Living Liquid|00008B49|12146079|12889320|10000|10000|0||100.1144|97.64246|0|-3.129225|02|0|0|0||2f2b7fde5b2a80bfcd45e170a52a71d8
37|2021-09-26T12:07:07.1320000+01:00|40011D69|Living Liquid|00008B56|12142012|12889320|10000|10000|0||100.1144|97.64246|0|-3.129225||c4b66ee2d1873ba65fd99593da2309c9
21|2021-09-26T12:07:07.1320000+01:00|107629AA|Joeson Lmoa|08|Shot|40011D69|Living Liquid|720203|14BC0000|0|0|0|0|0|0|0|0|0|0|0|0|0|0|12174827|12889320|10000|10000|0|1000|100.1144|97.64246|0|-3.129225|106059|106059|10000|10000|0|1000|100.7414|104.0693|-0.003085014|2.641476|00008B5A|0|02020cd113630be4f86a8600ecaacbea
21|2021-09-26T12:07:07.1320000+01:00|40011D69|Living Liquid|4978|Unknown_4978|1075A2E4|Niru Summers|730003|0|0|0|0|0|0|0|0|0|0|0|0|0|0|0|155709|183692|10000|10000|0|1000|100.0839|95.47571|0|0.03672927|12174827|12889320|10000|10000|0|1000|100.1144|97.64246|0|-3.129225|00008B5B|0|e36e1a085ad0edbf5da6d72080bd0f24
37|2021-09-26T12:07:07.1760000+01:00|1068703B|Tomo Uchuu|00008B4D|106478|106478|10000|10000|25||100.2629|102.2003|0|-2.961473|2604|0|0|01|0C002031|0|41700000|1075A2E4||280b7d55a9367a6be96e6451026e3d4b
26|2021-09-26T12:07:07.1760000+01:00|5b1|Shake It Off|15.00|1075A2E4|Niru Summers|1068703B|Tomo Uchuu|00|106478|183692||d3633adb021d2f19ebe10f56874691c6
21|2021-09-26T12:07:07.1770000+01:00|10752D6C|Volkon Vysk|3F19|Sonic Break|40011D69|Living Liquid|710103|3F950000|6EB00E|72D0000|0|0|0|0|0|0|0|0|0|0|0|0|12142012|12889320|10000|10000|0|1000|100.1144|97.64246|0|-3.129225|152511|152511|10000|10000|0|1000|99.8092|101.3961|0|3.088519|00008B5C|0|059de94216fff7ce8e505454bff07c2c
38|2021-09-26T12:07:07.1770000+01:00|1068703B|Tomo Uchuu|00505026|106478|106478|10000|10000|25|0|100.2629|102.2003|0|-2.961473|DC3F|30|0|14016A|41F00000|E0000000|0A0168|41F00000|E0000000|071F|42700000|1068703B|28FE0030|4513B2AE|1068703B|0716|419BB644|1068703B|08A8|408C082E|107629AA|0129|41644DA7|1057B8A2|071D|424D6ECF|1068703B|0737|424D6ECF|1068703B|8D|417C51DD|107629AA|071E|41965A1A|1068703B|0717|419BB644|1068703B|05B1|416F47AE|1075A2E4|0719|419BB644|1068703B|071C|419BB644|1068703B||bad7e9d11447793f6e36f97b28af08ef
37|2021-09-26T12:07:07.2650000+01:00|40011D69|Living Liquid|00008B52|12118760|12889320|10000|10000|0||100.1144|97.64246|0|-3.129225||4180fd6e4c3be401756f7f3c2ae4b302
37|2021-09-26T12:07:07.3110000+01:00|1057B8A2|Alex Knightfall|00008B4D|97285|97285|9946|10000|26||99.99231|104.3259|0|1.489135|1C05|0|0|01|0B002031|0|41700000|1075A2E4||a6b0a351cd946068ae0fbf6e91f94e1c
26|2021-09-26T12:07:07.3110000+01:00|5b1|Shake It Off|15.00|1075A2E4|Niru Summers|1057B8A2|Alex Knightfall|00|97285|183692||a1e4e25a90fac36ea2d98e5b2d8a82e9
21|2021-09-26T12:07:07.3110000+01:00|1075A2E4|Niru Summers|4051|Inner Chaos|40011D69|Living Liquid|710303|F3550000|0|0|0|0|0|0|0|0|0|0|0|0|0|0|12118760|12889320|10000|10000|0|1000|100.1144|97.64246|0|-3.129225|155709|183692|10000|10000|0|1000|100.0839|95.47571|0|0.03552175|00008B5D|0|95e1508a7c3ced3b84b980aa8b5143c4
38|2021-09-26T12:07:07.3110000+01:00|1057B8A2|Alex Knightfall|0050501C|97285|97285|9946|10000|26|0|99.99231|104.3259|0|1.489135|DC3F|30|0|0A016D|41F00000|E0000000|1E016C|41F00000|E0000000|28FE0030|44DDE171|1057B8A2|030130|0|1057B8A2|0129|41600804|1057B8A2|28FA0031|418AC06D|1057B8A2|04B4|415D3F72|1057B8A2|08A8|408926E6|107629AA|8D|41780C3B|107629AA|071E|419AA3D5|1068703B|0738|419AA3D5|1068703B|05B1|416F47AE|1075A2E4||74f8923b7896964bc970795b2b0d4975
38|2021-09-26T12:07:07.3110000+01:00|1075A2E4|Niru Summers|00505015|155709|183692|10000|10000|19|0|100.0839|95.47571|0|0.03552175|DC3F|30|0|0A016D|41F00000|E0000000|0A0168|41F00000|E0000000|5B|0|1075A2E4|28FD0030|451472BA|1075A2E4|0|0|0|57|40899166|1075A2E4|8D|418049B3|107629AA|08A8|4087BE73|107629AA|28F60031|41D6AE0D|1075A2E4|5A|41E9957E|1075A2E4|071E|419DDD2E|1068703B|0738|419DDD2E|1068703B|05B1|41649376|1075A2E4|0730|40D049B8|10752D6C|076A|41EC126D|10752D6C||972e2b3834961c20ee61e19203be87bc
30|2021-09-26T12:07:07.3110000+01:00|769|Nascent Chaos|0.00|1075A2E4|Niru Summers|1075A2E4|Niru Summers|00|183692|183692||85a3af65362a8c46cfc8c145a75854e8
31|2021-09-26T12:07:07.3110000+01:00|1068703B|1E0126|00|1075A200|8D|066f40875145e6154eb36cdad05d511e
37|2021-09-26T12:07:07.3550000+01:00|40011D69|Living Liquid|00008B51|12076819|12889320|10000|10000|0||100.1144|97.64246|0|-3.129225||173a2db852a29c7c69008527b96772be
39|2021-09-26T12:07:07.3550000+01:00|40011DA6|Eos|92601|92601|10000|10000|0|0|100.1449|100.0533|0|-3.129033||011b7d6738153dc4072ce64304931ce0
37|2021-09-26T12:07:07.4000000+01:00|107401EC|Raesa Velan|00008B57|96887|96887|6800|10000|33||100.1171|101.6033|0|3.105639|1900|0|0|02|0C001D61|0|41F00000|107401EC|0D0002E2|0|40A00000|107401EC||5f381020ea1a8657376385ebdc252f27
26|2021-09-26T12:07:07.4000000+01:00|2e1|Ley Lines|30.00|107401EC|Raesa Velan|107401EC|Raesa Velan|00|96887|96887||603d2af0d0bc631ff137a64e182fdd12
26|2021-09-26T12:07:07.4000000+01:00|2e2|Circle Of Power|5.00|107401EC|Raesa Velan|107401EC|Raesa Velan|00|96887|96887||1e53d0cc30a44a636415b5eca276510d
26|2021-09-26T12:07:07.4000000+01:00|130|Aetherflow|9999.00|1057B8A2|Alex Knightfall|1057B8A2|Alex Knightfall|02|97285|97285||5b277674d19b983b7b50d4ba34f59820
22|2021-09-26T12:07:07.4000000+01:00|1057B8A2|Alex Knightfall|BC|Sacred Soil|1057B8A2|Alex Knightfall|DD00F|7988000|A3D|C38000|0|0|0|0|0|0|0|0|0|0|0|0|97285|97285|9946|10000|0|1000|99.96406|104.4425|-0.01531982|0.8922889|97285|97285|9946|10000|0|1000|99.96406|104.4425|-0.01531982|0.8922889|00008B5E|0|8f45b0e20f8b2d52aa8097e22255411d
38|2021-09-26T12:07:07.4000000+01:00|107401EC|Raesa Velan|00505019|96887|96887|6800|10000|33|0|100.1171|101.6033|0|3.105639|0|0|0|0A016D|41F00000|E0000000|0A0168|41F00000|E0000000|29020030|45943B36|107401EC|A4|41462D0F|107401EC|08A8|4086459E|107629AA|0129|416501DE|1057B8A2|8D|41746E89|107629AA|0104BB|41385E3F|107401EC|071E|4195A3D4|1068703B|0738|4195A3D4|1068703B|28F90031|41E0FDEF|107401EC|05B1|41699169|1075A2E4|02E1|41EFA3D7|107401EC|02E2|409E8F5C|107401EC||4f7b4c0edfce5de91b48a1617607d291
37|2021-09-26T12:07:07.4450000+01:00|10675739|Jasy Heavensong|00008B4D|97086|97086|9464|10000|26||101.1825|105.8213|0|-2.936055|2106|0|0|01|08002031|0|41700000|1075A2E4||86bdd0ee9e4ade99975a435756e57dce
26|2021-09-26T12:07:07.4450000+01:00|5b1|Shake It Off|15.00|1075A2E4|Niru Summers|10675739|Jasy Heavensong|00|97086|183692||e2667f19e2de8d1f4473f8229b1fa579
38|2021-09-26T12:07:07.4450000+01:00|10675739|Jasy Heavensong|00505021|97086|97086|9464|10000|26|0|101.1825|105.8213|0|-2.936055|0|0|0|0A0168|41F00000|E0000000|0F016B|41F00000|E0000000|FFE70349|4102F1BF|10675739|28FE0030|45130225|10675739|04E0|40076C7B|10675739|08A8|40836C87|107629AA|0129|416224B0|1057B8A2|0347|0|10675739|05B1|416F47AE|1075A2E4|8D|41719574|107629AA|071E|419AA3D5|1068703B|0738|419AA3D5|1068703B||866edba9a1e3ba92f1138b55c705059b
37|2021-09-26T12:07:07.5330000+01:00|107629AA|Joeson Lmoa|00008B58|106059|106059|10000|10000|8||100.7038|103.3266|-0.002556856|2.666698|1700|0|0|01|070021DD|0|41700000|10675739||99dde50998dccb945c125dd16e8b193c
26|2021-09-26T12:07:07.5330000+01:00|75d|The Spear|15.00|10675739|Jasy Heavensong|107629AA|Joeson Lmoa|00|106059|97086||f03c76e68e58b8549080e72045e8b256
38|2021-09-26T12:07:07.5330000+01:00|107629AA|Joeson Lmoa|00505017|106059|106059|10000|10000|8|0|100.7038|103.3266|-0.002556856|2.666698|0|0|0|0A016D|41F00000|E0000000|0A0168|41F00000|E0000000|28FE0030|4513044D|107629AA|7D|413947A9|107629AA|0129|41694781|1057B8A2|071E|419B020A|1068703B|0738|419B020A|1068703B|075D|416F4BC7|10675739||0cf6ab32e39b5f485e14000ad27bb49b
37|2021-09-26T12:07:07.5780000+01:00|107629AA|Joeson Lmoa|00008B4D|106059|106059|10000|10000|25||100.7038|103.3266|-0.002556856|2.666698|1707|0|0|01|08002031|0|41700000|1075A2E4||0071e676690841e5b35d4662434d137c
26|2021-09-26T12:07:07.5780000+01:00|5b1|Shake It Off|15.00|1075A2E4|Niru Summers|107629AA|Joeson Lmoa|00|106059|183692||ec0500daddef3e56dc9fc75bec28c2dd
37|2021-09-26T12:07:07.5780000+01:00|1075A2E4|Niru Summers|00008B4D|153077|153077|10000|10000|4||100.0839|95.47571|0|0.01401791|1507|0|0|01|05001A80|0|0|E0000000||18aa35746503519a49dd884fabebc04c
39|2021-09-26T12:07:07.5780000+01:00|40011DC3|Earthly Star|92424|92424|10000|10000|0|0|100.0739|100.0579|0|0.04501343||159ea1e7673fd1a3987b8c5a4d3ad49d
38|2021-09-26T12:07:07.5780000+01:00|107629AA|Joeson Lmoa|00505017|106059|106059|10000|10000|25|0|100.7038|103.3266|-0.002556856|2.666698|0|0|0|0A016D|41F00000|E0000000|0A0168|41F00000|E0000000|28FE0030|45130395|107629AA|7D|41388F57|107629AA|0129|41688F2F|1057B8A2|071E|419AA5E1|1068703B|0738|419AA5E1|1068703B|075D|416E9375|10675739|05B1|416F47AE|1075A2E4||02d9d07d72c9e1b30a84a2779076e95d
38|2021-09-26T12:07:07.5780000+01:00|1075A2E4|Niru Summers|00505015|153077|153077|10000|10000|4|0|100.0839|95.47571|0|0.01401791|0|0|0|0A016D|41F00000|E0000000|0A0168|41F00000|E0000000|5B|0|1075A2E4|28FD0030|45146E72|1075A2E4|0|0|0|0|0|0|8D|417C49AC|107629AA|08A8|407E55FA|107629AA|28F60031|41D4892F|1075A2E4|5A|41E770A0|1075A2E4|071E|419BB850|1068703B|0738|419BB850|1068703B|05B1|416049BC|1075A2E4|0730|40C7B642|10752D6C|076A|41E9ED8F|10752D6C||e264766a748bb0dbd47ead6189a85aca
30|2021-09-26T12:07:07.5780000+01:00|57|Thrill Of Battle|0.00|1075A2E4|Niru Summers|1075A2E4|Niru Summers|00|183692|183692||b133f1a3a3ece81002d7c671efdbfcc3
37|2021-09-26T12:07:07.6220000+01:00|40011D69|Living Liquid|00008B59|12057998|12889320|10000|10000|0||100.1144|97.64246|0|-3.129225||7177fb8a38c3ea2f21a7e1e94bb3afb5
38|2021-09-26T12:07:07.6220000+01:00|10675739|Jasy Heavensong|00505021|97086|97086|9464|10000|26|0|101.1825|105.8213|0|-2.934688|0|0|0|0A0168|41F00000|E0000000|0F016B|41F00000|E0000000|FFE70349|41001CC2|10675739|28FE0030|4512FF51|10675739|04E0|3FF83108|10675739|08A8|407B8515|107629AA|0129|415F4FB3|1057B8A2|0347|0|10675739|05B1|416C72B1|1075A2E4|8D|416EC077|107629AA|071E|41993955|1068703B|0738|41993955|1068703B|0395|0|10675739||cccb73ba2fcb5aad8b1ac52c3e8146ee
26|2021-09-26T12:07:07.6220000+01:00|395|Ewer Drawn|9999.00|10675739|Jasy Heavensong|10675739|Jasy Heavensong|00|97086|97086||30a87f1caaf164333ea7c04d4bfd3d13
21|2021-09-26T12:07:07.6220000+01:00|10675739|Jasy Heavensong|1D18|Sleeve Draw|10675739|Jasy Heavensong|B|3200000|0|0|0|0|0|0|0|0|0|0|0|0|0|0|97086|97086|9464|10000|0|1000|101.1825|105.8213|0|-2.934688|97086|97086|9464|10000|0|1000|101.1825|105.8213|0|-2.934688|00008B5F|0|aef8564866fe9f675f07ef5339b14075
38|2021-09-26T12:07:07.7100000+01:00|107ABEEC|Greiyan Fletz|00505022|106544|106544|10000|10000|25|0|100.5416|101.423|-0.002327109|-0.7015328|948D|31|0|0720|42700000|1068703B|14016A|41F00000|E0000000|0A0168|41F00000|E0000000|28FE0030|45130459|107ABEEC|075A|40F1FC13|10675739|1E0032|3FD7EF3F|107ABEEC|0129|41689760|1057B8A2|0839|424B4C03|1068703B|0737|424B4C03|1068703B|08A8|4078B430|107629AA|0513|420A9EDC|107ABEEC|8D|41780C3B|107629AA|071E|41954DD0|1068703B|05B1|416051ED|1075A2E4|0721|41A00000|1068703B||c1fc1f812180870f9afaffdc8b622c9f
26|2021-09-26T12:07:07.7100000+01:00|721|Devilment|20.00|1068703B|Tomo Uchuu|107ABEEC|Greiyan Fletz|00|106544|106478||9eb487ae6921139062004b9506aece3c
21|2021-09-26T12:07:07.7100000+01:00|1068703B|Tomo Uchuu|3E8B|Devilment|1068703B|Tomo Uchuu|140E|7210000|0|0|0|0|0|0|0|0|0|0|0|0|0|0|106478|106478|10000|10000|0|1000|100.2629|102.2003|0|-2.948906|106478|106478|10000|10000|0|1000|100.2629|102.2003|0|-2.948906|00008B60|0|7fca0076646dfddd83b58cbe6f506af4
38|2021-09-26T12:07:07.7100000+01:00|1068703B|Tomo Uchuu|00505026|106478|106478|10000|10000|25|0|100.2629|102.2003|0|-2.948906|0|0|0|14016A|41F00000|E0000000|0A0168|41F00000|E0000000|071F|42700000|1068703B|28FE0030|4513AA26|1068703B|0716|419770A1|1068703B|08A8|4075E34A|107629AA|0129|415BC264|1057B8A2|071D|424B4C03|1068703B|0737|424B4C03|1068703B|8D|4173C69A|107629AA|071E|41921477|1068703B|0717|419770A1|1068703B|05B1|4166BC6B|1075A2E4|0719|419770A1|1068703B|071C|419770A1|1068703B|0721|41A00000|1068703B||9a8ecd04b58b38771e31661cd6fe0e71
26|2021-09-26T12:07:07.7100000+01:00|721|Devilment|20.00|1068703B|Tomo Uchuu|1068703B|Tomo Uchuu|00|106478|106478||1212c047c9d9669c3e0dafb6ab8bebbf
37|2021-09-26T12:07:07.7550000+01:00|40011D69|Living Liquid|00008B5C|12041721|12889320|10000|10000|0||100.1144|97.64246|0|-3.129225|0|0|0|01|060021AD|0|41F00000|10752D6C||67895dea54503102e849ae730aa158c6
26|2021-09-26T12:07:07.7550000+01:00|72d|Sonic Break|30.00|10752D6C|Volkon Vysk|40011D69|Living Liquid|00|12889320|152511||39986ab3725574db09ac665825455bc3
21|2021-09-26T12:07:07.7550000+01:00|107401EC|Raesa Velan|07|Attack|40011D69|Living Liquid|730303|270000|0|0|0|0|0|0|0|0|0|0|0|0|0|0|12057998|12889320|10000|10000|0|1000|100.1144|97.64246|0|-3.129225|96887|96887|6800|10000|0|1000|100.1449|101.6403|0|3.105639|00008B61|0|136dd50d61a159958d369ba766bc1c92
21|2021-09-26T12:07:07.8440000+01:00|107629AA|Joeson Lmoa|406F|Burst Shot|40011D69|Living Liquid|720303|65EA0000|1B|406F8000|0|0|0|0|0|0|0|0|0|0|0|0|12041721|12889320|10000|10000|0|1000|100.1144|97.64246|0|-3.129225|106059|106059|10000|10000|0|1000|100.6942|103.1663|0|2.670366|00008B62|0|fffceed784668b1949909c33305a8bbe
37|2021-09-26T12:07:07.8890000+01:00|40011D69|Living Liquid|00008B5A|12036413|12889320|10000|10000|0||100.1144|97.64246|0|-3.129225||511b3b75d549ae7160719459d61fe879
21|2021-09-26T12:07:07.8890000+01:00|10752D6C|Volkon Vysk|3F25|Blasting Zone|40011D69|Living Liquid|710003|6C060000|0|0|0|0|0|0|0|0|0|0|0|0|0|0|12036413|12889320|10000|10000|0|1000|100.1144|97.64246|0|-3.129225|152511|152511|10000|10000|0|1000|99.8092|101.3961|0|3.062495|00008B63|0|88e6ebd165339733419146b1f9444038
39|2021-09-26T12:07:07.9330000+01:00|10675739|Jasy Heavensong|97086|97086|9728|10000|0|0|101.1825|105.8213|0|-2.949378||4f4cc1dcf08977af0a9d080f4f967634
39|2021-09-26T12:07:07.9330000+01:00|1075A2E4|Niru Summers|153077|153077|10000|10000|0|0|100.0839|95.47571|0|0.01673031||3695d03890500bf186e49543cdad6a99
39|2021-09-26T12:07:07.9330000+01:00|10752D6C|Volkon Vysk|152511|152511|10000|10000|0|0|99.8092|101.3961|0|3.062495||189557534572851c39f99c5630addf12
21|2021-09-26T12:07:07.9330000+01:00|10752D6C|Volkon Vysk|07|Attack|40011D69|Living Liquid|710203|11BA0000|0|0|0|0|0|0|0|0|0|0|0|0|0|0|12036413|12889320|10000|10000|0|1000|100.1144|97.64246|0|-3.129225|152511|152511|10000|10000|0|1000|99.8092|101.3961|0|3.062495|00008B64|0|305647fb463399e61081a55371959f8b
21|2021-09-26T12:07:07.9780000+01:00|1068703B|Tomo Uchuu|07|Attack|40011D69|Living Liquid|720303|22AF0000|0|0|0|0|0|0|0|0|0|0|0|0|0|0|12036413|12889320|10000|10000|0|1000|100.1144|97.64246|0|-3.129225|106478|106478|10000|10000|0|1000|100.2629|102.2003|0|-2.944718|00008B65|0|2e3e86074ba96ed8f9219f3c820b15c6
21|2021-09-26T12:07:07.9780000+01:00|1075A2E4|Niru Summers|4050|Nascent Flash|10752D6C|Volkon Vysk|3200F60E|7420000|326C000F|7418000|0|0|0|0|0|0|0|0|0|0|0|0|152511|152511|10000|10000|0|1000|99.8092|101.3961|0|3.062495|153077|153077|10000|10000|0|1000|100.0839|95.47571|0|0.01673031|00008B66|0|aee0aba85398e44f2b54791a5a421e07
24|2021-09-26T12:07:08.0230000+01:00|40011D69|Living Liquid|DoT|0|591E|12036413|12889320|10000|10000|0|1000|100.1144|97.64246|0|-3.129225||8611b3f4ba82c04aef25d7c3d26ebe87
36|2021-09-26T12:07:08.0230000+01:00|0370|3|b087a279e0821cd0ec95fd0b1eb88eae
38|2021-09-26T12:07:08.0230000+01:00|40011D69|Living Liquid|00505000|12013599|12889320|10000|10000|0|0|100.1144|97.64246|0|-3.129225|0|0|0|0767|41A63945|1057B8A2|2804B1|41A91881|107629AA|0759|41AC4DC2|10675739|2804B0|41BD6865|107629AA|0A00A3|418E1A92|107401EC|04C5|41610627|1057B8A2|072D|41ED7EF9|10752D6C||4ec2942b2a717d5d3c8a0996c334e0fc
24|2021-09-26T12:07:08.0680000+01:00|10752D6C|Volkon Vysk|HoT|798|1DF0|152511|152511|10000|10000|0|1000|99.8092|101.3961|0|3.062495||b65499d3e69d34fedb1ac0e7884e9a39
24|2021-09-26T12:07:08.0680000+01:00|107401EC|Raesa Velan|HoT|798|1E86|96887|96887|6800|10000|0|1000|100.1449|101.6403|0|3.105639||9a98ba84ba5c3df42043252af98e0555
24|2021-09-26T12:07:08.0680000+01:00|107ABEEC|Greiyan Fletz|HoT|798|1DAB|106544|106544|10000|10000|0|1000|100.5416|101.6192|-0.003179145|-0.1873469||13a20111fd51afd9251c5823f5a1672e
24|2021-09-26T12:07:08.0680000+01:00|1068703B|Tomo Uchuu|HoT|798|1DFB|106478|106478|10000|10000|0|1000|100.2629|102.2003|0|-2.944718||bc196e71402544275dc77dbade3106a1
24|2021-09-26T12:07:08.0680000+01:00|107629AA|Joeson Lmoa|HoT|798|12D8|106059|106059|10000|10000|0|1000|100.6942|103.1663|0|-3.033541||76beb5658f44ed921f355c7a664ce398
24|2021-09-26T12:07:08.0680000+01:00|1075A2E4|Niru Summers|HoT|798|124E|153077|153077|10000|10000|0|1000|100.0839|95.47571|0|0.01673031||dc7a9ef192204e1b63c8b220d873bb37
24|2021-09-26T12:07:08.0680000+01:00|1057B8A2|Alex Knightfall|HoT|798|126A|97285|97285|9946|10000|0|1000|99.86398|104.9567|-0.001247204|2.94504||f3f5ec4b71631bfb60c110abcbd6a073
24|2021-09-26T12:07:08.0680000+01:00|10675739|Jasy Heavensong|HoT|798|135D|97086|97086|9728|10000|0|1000|101.1825|105.8213|0|-2.951223||c75e8d358baaace48977ac4b5c946498
37|2021-09-26T12:07:08.0680000+01:00|1057B8A2|Alex Knightfall|00008B5E|97285|97285|9946|10000|26||99.86398|104.9567|-0.001247204|2.94504|1C00|0|0|02|0C002218|0|41700000|1057B8A2|0D00012B|0|40A00000|1057B8A2||de2025c1ad33d3a7990d6a34b2ab12cf
26|2021-09-26T12:07:08.0680000+01:00|798|Sacred Soil|15.00|1057B8A2|Alex Knightfall|1057B8A2|Alex Knightfall|00|97285|97285||30da0b084862a3bccf2a5111e84ce9f9
26|2021-09-26T12:07:08.0680000+01:00|12b|Sacred Soil|5.00|1057B8A2|Alex Knightfall|1057B8A2|Alex Knightfall|00|97285|97285||6bc436639202cfb7736af15ccdb63b0d
39|2021-09-26T12:07:08.0680000+01:00|107629AA|Joeson Lmoa|106059|106059|10000|10000|0|0|100.6942|103.1663|0|-3.033541||45a2cd3df6794681515c4eb9132f8f89
38|2021-09-26T12:07:08.0680000+01:00|107ABEEC|Greiyan Fletz|00505022|106544|106544|10000|10000|25|0|100.5416|101.6192|-0.003179145|-0.1873469|0|0|0|0720|42700000|1068703B|14016A|41F00000|E0000000|0A0168|41F00000|E0000000|28FE0030|4512FEA1|107ABEEC|075A|40E68755|10675739|1E0032|3FAA1C4E|107ABEEC|0129|4162DD03|1057B8A2|0839|4249DD6E|1068703B|0737|4249DD6E|1068703B|08A8|4061CAB7|107629AA|0513|42093047|107ABEEC|8D|417251DE|107629AA|071E|419270A0|1068703B|05B1|415A9790|1075A2E4|0721|419D22D0|1068703B|012B|409E8F5C|1057B8A2||4c04dc54cb5e973a995c7eaac8fa945b
26|2021-09-26T12:07:08.0680000+01:00|12b|Sacred Soil|4.96|1057B8A2|Alex Knightfall|107ABEEC|Greiyan Fletz|00|106544|97285||f9557f20bd24305cd090650e05c34cf8
38|2021-09-26T12:07:08.0680000+01:00|107401EC|Raesa Velan|00505019|96887|96887|6800|10000|33|0|100.1449|101.6403|0|3.105639|0|0|0|0A016D|41F00000|E0000000|0A0168|41F00000|E0000000|29020030|459435E0|107401EC|A4|413B7CF0|107401EC|08A8|4061CAB7|107629AA|0129|415A51BF|1057B8A2|8D|4169BE6A|107629AA|0104BB|412DAE20|107401EC|071E|41904BC2|1068703B|0738|41904BC2|1068703B|28F90031|41DBA5DD|107401EC|05B1|415EE14A|1075A2E4|02E1|41EA4BC5|107401EC|02E2|40892F17|107401EC|012B|409E8F5C|1057B8A2||e4f2b84c24f343a1a4ca63b48b925545
26|2021-09-26T12:07:08.0680000+01:00|12b|Sacred Soil|4.96|1057B8A2|Alex Knightfall|107401EC|Raesa Velan|00|96887|97285||f9d709683985fb108c44986d9c055a35
38|2021-09-26T12:07:08.0680000+01:00|1057B8A2|Alex Knightfall|0050501C|97285|97285|9946|10000|26|0|99.86398|104.9567|-0.001247204|2.94504|0|0|0|0A016D|41F00000|E0000000|1E016C|41F00000|E0000000|28FE0030|44DDC92F|1057B8A2|020130|0|1057B8A2|0129|4153E741|1057B8A2|28FA0031|4184B009|1057B8A2|04B4|41511EAF|1057B8A2|08A8|4061CAB7|107629AA|8D|416BEB78|107629AA|071E|41949371|1068703B|0738|41949371|1068703B|05B1|416326EB|1075A2E4|0798|416F47AE|1057B8A2|012B|409E8F5C|1057B8A2||7d7d257dd59b13e2c3aaa5010fe009a1
38|2021-09-26T12:07:08.0680000+01:00|107629AA|Joeson Lmoa|00505017|106059|106059|10000|10000|25|0|100.6942|103.1663|0|-3.033541|0|0|0|0A016D|41F00000|E0000000|0A0168|41F00000|E0000000|28FE0030|4512FBC1|107629AA|7D|4130B84E|107629AA|0129|4160B826|1057B8A2|071E|4196BA5B|1068703B|0738|4196BA5B|1068703B|075D|4166BC6C|10675739|05B1|416770A5|1075A2E4|012B|409E8F5C|1057B8A2||b786993bd4dd7375011bb4a2bd888568
26|2021-09-26T12:07:08.0680000+01:00|12b|Sacred Soil|4.96|1057B8A2|Alex Knightfall|107629AA|Joeson Lmoa|00|106059|97285||bc858414b1471eec2d3bd342c13e8af7
38|2021-09-26T12:07:08.0680000+01:00|10675739|Jasy Heavensong|00505021|97086|97086|9728|10000|26|0|101.1825|105.8213|0|-2.951223|0|0|0|0A0168|41F00000|E0000000|0F016B|41F00000|E0000000|FFE70349|40F1F3E0|10675739|28FE0030|4512F831|10675739|04E0|3FBF1A82|10675739|08A8|405EF9D1|107629AA|0129|41582CE3|1057B8A2|0347|0|10675739|05B1|41654FE1|1075A2E4|8D|41679DA7|107629AA|071E|4195A7EC|1068703B|0738|4195A7EC|1068703B|0395|0|10675739|012B|409E8F5C|1057B8A2||1260cb466c1706a5e8a769d7a2563647
26|2021-09-26T12:07:08.0680000+01:00|12b|Sacred Soil|4.96|1057B8A2|Alex Knightfall|10675739|Jasy Heavensong|00|97086|97285||03f1527912fe1e45553e7e0a2f56bd16
38|2021-09-26T12:07:08.0680000+01:00|1068703B|Tomo Uchuu|00505026|106478|106478|10000|10000|25|0|100.2629|102.2003|0|-2.944718|0|0|0|14016A|41F00000|E0000000|0A0168|41F00000|E0000000|071F|42700000|1068703B|28FE0030|4513A46E|1068703B|0716|41949371|1068703B|08A8|405EF9D1|107629AA|0129|41560807|1057B8A2|071D|4249DD6E|1068703B|0737|4249DD6E|1068703B|8D|416E0C3D|107629AA|071E|418F3747|1068703B|0717|41949371|1068703B|05B1|4161020E|1075A2E4|0719|41949371|1068703B|071C|41949371|1068703B|0721|419D22D0|1068703B|012B|409E8F5C|1057B8A2||ad0245b7a48719222a4b98a4388c32d8
26|2021-09-26T12:07:08.0680000+01:00|71f|Closed Position|60.00|1068703B|Tomo Uchuu|1068703B|Tomo Uchuu|00|106478|106478||6f350ca8c2e44bcb01bbf859e8bd3254
26|2021-09-26T12:07:08.0680000+01:00|12b|Sacred Soil|4.96|1057B8A2|Alex Knightfall|1068703B|Tomo Uchuu|00|106478|97285||9aaa4adc4d3632079577a0f2e94c188b
38|2021-09-26T12:07:08.0680000+01:00|1075A2E4|Niru Summers|00505015|153077|153077|10000|10000|4|0|100.0839|95.47571|0|0.01673031|0|0|0|0A016D|41F00000|E0000000|0A0168|41F00000|E0000000|5B|0|1075A2E4|28FD0030|4514669E|1075A2E4|012B|409E8F5C|1057B8A2|0|0|0|8D|417472A3|107629AA|08A8|405EF9D1|107629AA|28F60031|41D09DA9|1075A2E4|5A|41E3851A|1075A2E4|071E|4197CCCA|1068703B|0738|4197CCCA|1068703B|05B1|415872B3|1075A2E4|0730|40B8082B|10752D6C|076A|41E60209|10752D6C||f6e479eef88decd093491505b6344702
26|2021-09-26T12:07:08.0680000+01:00|12b|Sacred Soil|4.96|1057B8A2|Alex Knightfall|1075A2E4|Niru Summers|00|153077|97285||1ecde4e65713c6cfaa8b6e0f8104931a
38|2021-09-26T12:07:08.0680000+01:00|10752D6C|Volkon Vysk|00505025|152511|152511|10000|10000|26|0|99.8092|101.3961|0|3.062495|0|0|0|14016A|41F00000|E0000000|0A0168|41F00000|E0000000|28FD0030|45144812|10752D6C|08A8|405EF9D1|107629AA|0129|415C769B|1057B8A2|28F60031|41BC53EA|10752D6C|8D|41702D02|107629AA|076A|41CA394F|10752D6C|0727|41809DA9|10752D6C|05B1|415CBC6D|1075A2E4|071E|41915E31|1068703B|0738|41915E31|1068703B|012B|409E8F5C|1057B8A2||9f223e7302cf21830ec78c2e5c2ce9ae
26|2021-09-26T12:07:08.0680000+01:00|12b|Sacred Soil|4.96|1057B8A2|Alex Knightfall|10752D6C|Volkon Vysk|00|152511|97285||71b903f03a221179474770ff08cece9c
20|2021-09-26T12:07:08.1120000+01:00|1057B8A2|Alex Knightfall|409D|Broil III|40011D69|Living Liquid|2.43|99.86398|104.9567|-0.001247204|2.94504||65e523e275c97cf8754da660aca515b5
39|2021-09-26T12:07:08.1560000+01:00|1057B8A2|Alex Knightfall|97285|97285|10000|10000|0|0|99.89417|104.8751|-0.000927409|2.868611||5f86a6dac2846118230aafcc28400823
39|2021-09-26T12:07:08.2010000+01:00|107401EC|Raesa Velan|96887|96887|6800|10000|0|0|100.1449|101.6403|0|3.105639||e9930cf37f9f6c3d2d3d26cdbdc4fe9e
31|2021-09-26T12:07:08.2010000+01:00|1068703B|280126|00|00|00|8a6494ba6e21caae8660c14a3264eaf2
37|2021-09-26T12:07:08.2450000+01:00|40011D69|Living Liquid|00008B5D|11951306|12889320|10000|10000|0||100.1144|97.64246|0|-3.129225||ef26ab85f8281a57f8af4380c67808d5
37|2021-09-26T12:07:08.2900000+01:00|40011D69|Living Liquid|00008B61|11951267|12889320|10000|10000|0||100.1144|97.64246|0|-3.129225||6a5e025a78383d47ef344ca01aa4315c
37|2021-09-26T12:07:08.2900000+01:00|1068703B|Tomo Uchuu|00008B60|106478|106478|10000|10000|25||100.2629|102.2003|0|-2.944718|2600|0|0|01|0F0021A1|0|419BB850|1068703B||870da6d54c70ea005f12f6fc548e2e4f
21|2021-09-26T12:07:08.3360000+01:00|40011D69|Living Liquid|49B0|Fluid Swing|1075A2E4|Niru Summers|730003|E6D90000|E|4010000|1B|49B08000|0|0|0|0|0|0|0|0|0|0|153077|153077|10000|10000|0|1000|100.0839|95.47571|0|-0.01355032|11951306|12889320|10000|10000|0|1000|100.1144|97.64246|0|-3.129225|00008B67|0|5a5dfbaa3024cb354de4e868298cd939
21|2021-09-26T12:07:08.3360000+01:00|107ABEEC|Greiyan Fletz|1D36|Jinpu|40011D69|Living Liquid|44710303|63EB0000|D0F|5128000|11B|1D368000|0|0|0|0|0|0|0|0|0|0|11951306|12889320|10000|10000|0|1000|100.1144|97.64246|0|-3.129225|106544|106544|10000|10000|0|1000|100.5416|101.7013|-0.01531982|0.01394987|00008B68|0|9f7a299a02344b09025fedca9e7c81f4
38|2021-09-26T12:07:08.3360000+01:00|1075A2E4|Niru Summers|00505015|153077|153077|10000|10000|0|0|100.0839|95.47571|0|-0.01355032|0|0|0|0A016D|41F00000|E0000000|0A0168|41F00000|E0000000|5B|0|1075A2E4|28FD0030|4514625A|1075A2E4|012B|40960417|1057B8A2|0401|407D1EB8|40011D69|8D|41702D02|107629AA|08A8|404DE34A|107629AA|28F60031|41CE7AD7|1075A2E4|5A|41E16248|1075A2E4|071E|4195A9F8|1068703B|0738|4195A9F8|1068703B|05B1|41542D12|1075A2E4|0730|40AF7CE6|10752D6C|076A|41E3DF37|10752D6C||2be9ab731aebf16da43f1743b3f67562
26|2021-09-26T12:07:08.3360000+01:00|401|Water Resistance Down II|3.96|40011D69|Living Liquid|1075A2E4|Niru Summers|00|153077|12889320||5db8c4ea3847e0f28c74269c69198c7a
37|2021-09-26T12:07:08.4250000+01:00|10675739|Jasy Heavensong|00008B5F|97086|97086|10000|10000|26||101.1825|105.8213|0|-2.953581|2100|0|0|0||296d011b6b521d11fbad03c579b18652
21|2021-09-26T12:07:08.4250000+01:00|1068703B|Tomo Uchuu|3E89|Fan Dance III|40011D69|Living Liquid|720203|2F220000|0|0|0|0|0|0|0|0|0|0|0|0|0|0|11951267|12889320|10000|10000|0|1000|100.1144|97.64246|0|-3.129225|106478|106478|10000|10000|0|1000|100.2629|102.2003|0|-2.938435|00008B69|0|38b3ec90ce9fefcdad4e17b1ced3d556
38|2021-09-26T12:07:08.4250000+01:00|1068703B|Tomo Uchuu|00505026|106478|106478|10000|10000|25|0|100.2629|102.2003|0|-2.938435|0|0|0|14016A|41F00000|E0000000|0A0168|41F00000|E0000000|071F|42700000|1068703B|28FE0030|45139EBE|1068703B|0716|4191BA59|1068703B|08A8|4048311D|107629AA|0129|415055DB|1057B8A2|071D|424870E6|1068703B|0737|424870E6|1068703B|8D|41685A11|107629AA|071E|418C5E2F|1068703B|0717|4191BA59|1068703B|05B1|415B4FE2|1075A2E4|0719|4191BA59|1068703B|0|0|0|0721|419A49B8|1068703B|012B|40932B00|1057B8A2||3b427bff7af08640d3964dd184a80e29
30|2021-09-26T12:07:08.4250000+01:00|71c|Flourishing Fan Dance|0.00|1068703B|Tomo Uchuu|1068703B|Tomo Uchuu|00|106478|106478||4f507a74d6685d147e4791ff26b2307b
37|2021-09-26T12:07:08.4690000+01:00|40011D69|Living Liquid|00008B64|11946729|12889320|10000|10000|0||100.1144|97.64246|0|-3.129225||8d1083f47ec931c46fc5440ee3c75d40
37|2021-09-26T12:07:08.5140000+01:00|40011D69|Living Liquid|00008B65|11937850|12889320|10000|10000|0||100.1144|97.64246|0|-3.129225||00f5ffc5a741187348a8f34d41233a8b
37|2021-09-26T12:07:08.5140000+01:00|40011D69|Living Liquid|00008B63|11910196|12889320|10000|10000|0||100.1144|97.64246|0|-3.129225||ed3424252fde3790e55d520104035706
21|2021-09-26T12:07:08.5590000+01:00|107401EC|Raesa Velan|DF9|Fire IV|40011D69|Living Liquid|150003|A4C80000|1B|DF98000|0|0|0|0|0|0|0|0|0|0|0|0|11910196|12889320|10000|10000|0|1000|100.1144|97.64246|0|-3.129225|96887|96887|6800|10000|0|1000|100.1449|101.6403|0|3.105639|00008B6A|0|1efcec155407c0c45883dc7f66a1a776
21|2021-09-26T12:07:08.5590000+01:00|10675739|Jasy Heavensong|40AB|Malefic IV|40011D69|Living Liquid|750203|4CD10000|1B|40AB8000|0|0|0|0|0|0|0|0|0|0|0|0|11910196|12889320|10000|10000|0|1000|100.1144|97.64246|0|-3.129225|97086|97086|10000|10000|0|1000|101.1825|105.8213|0|-2.953581|00008B6B|0|5b8f35e0c8b90b89dfe95a1265cb3556
38|2021-09-26T12:07:08.5590000+01:00|107401EC|Raesa Velan|00505019|96887|96887|5200|10000|33|0|100.1449|101.6403|0|3.105639|0|0|0|0A016D|41F00000|E0000000|0A0168|41F00000|E0000000|29020030|459431F6|107401EC|A4|4133A5E7|107401EC|08A8|40426E8E|107629AA|0129|41527AB6|1057B8A2|8D|4161E761|107629AA|0|0|0|071E|418C603B|1068703B|0738|418C603B|1068703B|28F90031|41D7BA56|107401EC|05B1|41570A41|1075A2E4|02E1|41E6603E|107401EC|02E2|40730202|107401EC|012B|408EE145|1057B8A2||99d228a26a2e5d05c32d672d3a8f4da7
30|2021-09-26T12:07:08.5590000+01:00|4bb|Triplecast|0.00|107401EC|Raesa Velan|107401EC|Raesa Velan|01|96887|96887||ed0fc7d1f7a110477e4a9827800d0c66
37|2021-09-26T12:07:08.6020000+01:00|10752D6C|Volkon Vysk|00008B66|152511|152511|10000|10000|26||99.8092|101.3961|0|3.062495|2500|0|0|01|0D0021C2|32|40C00000|1075A2E4||f325a450c61376753fbab558da9b345b
26|2021-09-26T12:07:08.6020000+01:00|742|Nascent Glint|6.00|1075A2E4|Niru Summers|10752D6C|Volkon Vysk|32|152511|153077||0e50c8d27c2a3e730d9a77dbfa339711
37|2021-09-26T12:07:08.6020000+01:00|1075A2E4|Niru Summers|00008B66|153077|153077|10000|10000|0||100.0839|95.47571|0|-0.04788971|1500|0|0|01|0F0021C1|32|40C00000|1075A2E4||c5478e3970ec8753e12878f5741ea427
26|2021-09-26T12:07:08.6020000+01:00|741|Nascent Flash|6.00|1075A2E4|Niru Summers|1075A2E4|Niru Summers|32|153077|153077||c8ac35e5056d1d54706e950a4bb7929c
21|2021-09-26T12:07:08.6470000+01:00|10752D6C|Volkon Vysk|3F1A|Rough Divide|40011D69|Living Liquid|710103|2C6D0000|0|0|0|0|0|0|0|0|0|0|0|0|0|0|11910196|12889320|10000|10000|0|1000|100.1144|97.64246|0|-3.129225|152511|152511|10000|10000|0|1000|99.8092|101.3961|0|3.062495|00008B6C|0|6ed63f21cd0d102ff5607463073b4de3
21|2021-09-26T12:07:08.7820000+01:00|107ABEEC|Greiyan Fletz|07|Attack|40011D69|Living Liquid|710303|1FD20000|0|0|0|0|0|0|0|0|0|0|0|0|0|0|11910196|12889320|10000|10000|0|1000|100.1144|97.64246|0|-3.129225|106544|106544|10000|10000|0|1000|100.5416|101.7013|0|-3.030186|00008B6D|0|d42b55de281cc2d3998c9e11ffcd0072
21|2021-09-26T12:07:08.8260000+01:00|1075A2E4|Niru Summers|1CDD|Inner Release|1075A2E4|Niru Summers|9C00640F|4998000|0|0|0|0|0|0|0|0|0|0|0|0|0|0|153077|153077|10000|10000|0|1000|100.0839|95.47571|0|-0.04788971|153077|153077|10000|10000|0|1000|100.0839|95.47571|0|-0.04788971|00008B6E|0|2669a8c1a06217f79431287f235f8115
38|2021-09-26T12:07:08.8260000+01:00|1075A2E4|Niru Summers|00505015|153077|153077|10000|10000|0|0|100.0839|95.47571|0|-0.04788971|0|0|0|0A016D|41F00000|E0000000|0A0168|41F00000|E0000000|5B|0|1075A2E4|28FD0030|45145A86|1075A2E4|012B|40865600|1057B8A2|0401|405DC28F|40011D69|8D|416855F9|107629AA|08A8|402E8721|107629AA|28F60031|41CA8F50|1075A2E4|5A|422ABB60|1075A2E4|071E|4191BE71|1068703B|0738|4191BE71|1068703B|05B1|414C5609|1075A2E4|0730|409FCECF|10752D6C|076A|41DFF3B0|10752D6C|320741|40B774BB|1075A2E4|FF9C0499|C1200000|1075A2E4||f1b8db6e0567ae43230ed0a2ab201613
26|2021-09-26T12:07:08.8260000+01:00|5a|Storm's Eye|42.68|1075A2E4|Niru Summers|1075A2E4|Niru Summers|00|153077|153077||5cfe9f9cc1f1e42e15094ec39d3618b4
26|2021-09-26T12:07:08.8260000+01:00|499|Inner Release|10.00|1075A2E4|Niru Summers|1075A2E4|Niru Summers|FF9C|153077|153077||fbd9fb54a291bc8fc84ac776f56e6d60
21|2021-09-26T12:07:08.9140000+01:00|107629AA|Joeson Lmoa|1CEC|Pitch Perfect|40011D69|Living Liquid|720003|57640000|0|0|0|0|0|0|0|0|0|0|0|0|0|0|11910196|12889320|10000|10000|0|1000|100.1144|97.64246|0|-3.129225|106059|106059|10000|10000|0|1000|100.6942|103.1663|0|-3.033541|00008B6F|0|27109467c5a6c9cdd654111eec8a267b
37|2021-09-26T12:07:08.9590000+01:00|40011D69|Living Liquid|00008B68|11884617|12889320|10000|10000|0||100.1144|97.64246|0|-3.129225||bb873df38421c4a6f9a98c256396904f
37|2021-09-26T12:07:08.9590000+01:00|107ABEEC|Greiyan Fletz|00008B68|106544|106544|10000|10000|25||100.5416|101.7013|0|-3.030186|2200|0|0|01|10001F92|0|42200000|107ABEEC||15f3faeefd8053e078471b02df9cefc1
26|2021-09-26T12:07:08.9590000+01:00|512|Jinpu|40.00|107ABEEC|Greiyan Fletz|107ABEEC|Greiyan Fletz|00|106544|106544||c5df284120861cb085b1d779599e7433
37|2021-09-26T12:07:09.0480000+01:00|40011D69|Living Liquid|00008B69|11872551|12889320|10000|10000|0||100.1144|97.64246|0|-3.129225||6eee00cd5febefe0bf9a6e9e1af34ad3
37|2021-09-26T12:07:09.1380000+01:00|1075A2E4|Niru Summers|00008B67|93980|153077|10000|10000|0||100.0839|95.47571|0|-0.02523242|1500|0|0|04|05001E81|0|404CAC08|40011D69|0C000000|0|0|E0000000|0E001BC0|0|0|E0000000|10000499|FF9C|C1200000|1075A2E4||2469d58a03571cb4abb3a87adf13e871
37|2021-09-26T12:07:09.1380000+01:00|40011D69|Living Liquid|00008B6C|11861178|12889320|10000|10000|0||100.1144|97.64246|0|-3.129225||20974bff3464a2fb7b598cd73667fa45
38|2021-09-26T12:07:09.1380000+01:00|1075A2E4|Niru Summers|00505015|93980|153077|10000|10000|0|0|100.0839|95.47571|0|-0.02523242|0|0|0|0A016D|41F00000|E0000000|0A0168|41F00000|E0000000|5B|0|1075A2E4|28FD0030|45145586|1075A2E4|012B|4078A3CE|1057B8A2|0401|4049BA5E|40011D69|8D|416353EE|107629AA|08A8|401A7EF0|107629AA|28F60031|41C80E49|1075A2E4|5A|42297ADF|1075A2E4|071E|418F3D6A|1068703B|0738|418F3D6A|1068703B|0|0|0|0730|4095CAB5|10752D6C|0|0|0|320741|40AD70A1|1075A2E4|FF9C0499|C1200000|1075A2E4||ca193659d35d9f2db8b3ce1999d2b8c0
30|2021-09-26T12:07:09.1380000+01:00|5b1|Shake It Off|0.00|1075A2E4|Niru Summers|1075A2E4|Niru Summers|00|153077|153077||d40f1c9f5141e7eb194eb393add540d9
30|2021-09-26T12:07:09.1380000+01:00|76a|Brutal Shell|0.00|10752D6C|Volkon Vysk|1075A2E4|Niru Summers|00|153077|152511||7e225f0498caeb82013d397c447f2a29
31|2021-09-26T12:07:09.2720000+01:00|1068703B|320126|00|00|00|f18c13ee8ed4d7960a57a52f5ff9db02
37|2021-09-26T12:07:09.3160000+01:00|40011D69|Living Liquid|00008B6D|11853032|12889320|10000|10000|0||100.1144|97.64246|0|-3.129225||1c93482c68e67c961528de417a73548f
37|2021-09-26T12:07:09.3160000+01:00|40011D69|Living Liquid|00008B62|11826942|12889320|10000|10000|0||100.1144|97.64246|0|-3.129225||66e02556961cb53dcd56692f8f984c45
38|2021-09-26T12:07:09.4050000+01:00|107ABEEC|Greiyan Fletz|00505022|106544|106544|10000|10000|25|0|100.5416|101.7013|0|-3.030186|0|0|0|0720|42700000|1068703B|14016A|41F00000|E0000000|0A0168|41F00000|E0000000|28FE0030|4512E949|107ABEEC|075A|40BBC6CB|10675739|0|0|0|0129|414D7CC6|1057B8A2|0839|42448569|1068703B|0737|42448569|1068703B|08A8|400C49B2|107629AA|0513|4203D842|107ABEEC|8D|415CF1A1|107629AA|071E|4187C07A|1068703B|05B1|41453753|1075A2E4|0721|419272AA|1068703B|012B|40679DAA|1057B8A2|0512|421E0A41|107ABEEC||18e2a3f6eaaa8b1022d3e2374c3c1e4d
26|2021-09-26T12:07:09.4050000+01:00|720|Dance Partner|60.00|1068703B|Tomo Uchuu|107ABEEC|Greiyan Fletz|00|106544|106478||a79ed865aeecd831c789d963550a0637
30|2021-09-26T12:07:09.4050000+01:00|32|Sprint|0.00|107ABEEC|Greiyan Fletz|107ABEEC|Greiyan Fletz|1E|106544|106544||e4c2095afb11bb81d8440bf5576a4582
38|2021-09-26T12:07:09.4480000+01:00|1075A2E4|Niru Summers|00505015|93980|153077|10000|10000|0|0|100.0839|95.47571|0|-0.002702883|0|0|0|0A016D|41F00000|E0000000|0A0168|41F00000|E0000000|5B|0|1075A2E4|28FD0030|45145092|1075A2E4|012B|4064CCC5|1057B8A2|0401|4035E355|40011D69|8D|415E5E2D|107629AA|08A8|4006A7E7|107629AA|28F60031|41C59366|1075A2E4|5A|42283D71|1075A2E4|071E|418CC287|1068703B|0738|418CC287|1068703B|0|0|0|0730|408BDF2E|10752D6C|0|0|0|320741|40A3851A|1075A2E4|FF9C0499|C1200000|1075A2E4||c705ab9f30b7df7649e3105294df7b16
21|2021-09-26T12:07:09.4940000+01:00|10675739|Jasy Heavensong|1135|The Ewer|107401EC|Raesa Velan|60E|75E0000|23D|F18000|0|0|0|0|0|0|0|0|0|0|0|0|96887|96887|5200|10000|0|1000|100.1449|101.6403|0|-3.126636|97086|97086|9600|10000|0|1000|101.1825|105.8213|0|-3.009668|00008B70|0|79339980fae766190075ec75fc6d1c13
21|2021-09-26T12:07:09.4940000+01:00|1068703B|Tomo Uchuu|3E78|Fountainfall|40011D69|Living Liquid|720303|856E0000|13D|EB8000|0|0|0|0|0|0|0|0|0|0|0|0|11826942|12889320|10000|10000|0|1000|100.1144|97.64246|0|-3.129225|106478|106478|10000|10000|0|1000|100.8599|102.5519|0|-2.91749|00008B71|0|c8de82be61eb62bcb4354f107240a932
38|2021-09-26T12:07:09.4940000+01:00|10675739|Jasy Heavensong|00505021|97086|97086|9600|10000|26|0|101.1825|105.8213|0|-3.009668|0|0|0|0A0168|41F00000|E0000000|0F016B|41F00000|E0000000|FFE70349|40C45A3F|10675739|28FE0030|4512E16D|10675739|04E0|3D8B41B8|10675739|08A8|4003C69F|107629AA|0129|4141601B|1057B8A2|0347|0|10675739|05B1|414E8319|1075A2E4|8D|4150D0DF|107629AA|071E|418A4180|1068703B|0738|418A4180|1068703B|0|0|0|012B|4061EB7D|1057B8A2||4cc2b3a019c8ed6b3a96eb1401658c1a
30|2021-09-26T12:07:09.4940000+01:00|395|Ewer Drawn|0.00|10675739|Jasy Heavensong|10675739|Jasy Heavensong|00|97086|97086||1df3933be63b117ea87c30b46eb8ad16
38|2021-09-26T12:07:09.4940000+01:00|1068703B|Tomo Uchuu|00505026|106478|106478|10000|10000|25|0|100.8599|102.5519|0|-2.91749|0|0|0|14016A|41F00000|E0000000|0A0168|41F00000|E0000000|071F|42700000|1068703B|28FE0030|45138DAA|1068703B|0716|41892D05|1068703B|08A8|4003C69F|107629AA|0129|413F3B3F|1057B8A2|071D|42442A47|1068703B|0737|42442A47|1068703B|8D|41573F75|107629AA|071E|4183D0DB|1068703B|0|0|0|05B1|414A3546|1075A2E4|0719|41892D05|1068703B|0|0|0|0721|4191BC64|1068703B|012B|4061EB7D|1057B8A2||a741707d783376518888ac91f565d0ae
30|2021-09-26T12:07:09.4940000+01:00|717|Flourishing Fountain|0.00|1068703B|Tomo Uchuu|1068703B|Tomo Uchuu|00|106478|106478||95d7651633b26c91d4d9d116972b2833
31|2021-09-26T12:07:09.4940000+01:00|1068703B|320226|00|10762900|129|e7c42c46160c0bce4b67252b64a3a6d2
37|2021-09-26T12:07:09.5830000+01:00|1075A2E4|Niru Summers|00008B6E|93980|153077|10000|10000|0||100.0839|95.47571|0|0.002637699|1500|0|0|01|10001F19|FF9C|41200000|1075A2E4||08a37418e711ebf39324f0a1bdd56378
38|2021-09-26T12:07:09.5830000+01:00|40011DC3|Earthly Star|00505000|92424|92424|10000|10000|0|0|100.0739|100.0579|0|0.04501343|0|0|0|28FE0030|4512E0B9|10675739|08A8|40A00000|107629AA|8D|41501CA6|107629AA|071E|417F166F|1068703B|0107AE|41F00000|40011DC3||ca20b5a1c90121860102ac3101f9d3a7
26|2021-09-26T12:07:09.5830000+01:00|8a8|The Wanderer's Minuet|5.00|107629AA|Joeson Lmoa|40011DC3|Earthly Star|00|92424|106059||1902cbec185bf027c4fb98fa18f75fbd
26|2021-09-26T12:07:09.5830000+01:00|7ae|Summon Order IV|30.00|40011DC3|Earthly Star|40011DC3|Earthly Star|01|92424|92424||0b05215d300ef1ed8dd2b59e6eb39c0f
38|2021-09-26T12:07:09.5830000+01:00|107ABEEC|Greiyan Fletz|00505022|106544|106544|10000|10000|25|0|100.5416|101.7013|0|-3.030186|0|0|0|0720|42700000|1068703B|14016A|41F00000|E0000000|0A0168|41F00000|E0000000|28FE0030|4512E671|107ABEEC|075A|40B6149D|10675739|0|0|0|0129|414AA3B0|1057B8A2|0839|4243CF25|1068703B|0737|4243CF25|1068703B|08A8|40A00000|107629AA|0513|420321FE|107ABEEC|8D|415A188B|107629AA|071E|418653EE|1068703B|05B1|41425E3D|1075A2E4|0721|4191061E|1068703B|012B|405C3950|1057B8A2|0512|421D53FD|107ABEEC||3acdfc5e97e0466eda316a4f061d3104
26|2021-09-26T12:07:09.5830000+01:00|8a8|The Wanderer's Minuet|5.00|107629AA|Joeson Lmoa|107ABEEC|Greiyan Fletz|00|106544|106059||0be37fde88cb4c9a6d3bf7c6e8f18386
38|2021-09-26T12:07:09.5830000+01:00|107401EC|Raesa Velan|00505019|96887|96887|5200|10000|33|0|100.1449|101.6403|0|-3.126636|0|0|0|0A016D|41F00000|E0000000|0A0168|41F00000|E0000000|29020030|459429C8|107401EC|A4|4123439D|107401EC|08A8|40A00000|107629AA|0129|4142186C|1057B8A2|8D|41518517|107629AA|0|0|0|071E|41842F10|1068703B|0738|41842F10|1068703B|28F90031|41CF892B|107401EC|05B1|4146A7F7|1075A2E4|02E1|41DE2F13|107401EC|02E2|403178CC|107401EC|012B|405C3950|1057B8A2||553111baac4afe1a50af7392ee53c278
26|2021-09-26T12:07:09.5830000+01:00|8a8|The Wanderer's Minuet|5.00|107629AA|Joeson Lmoa|107401EC|Raesa Velan|00|96887|106059||b7e8decdec8ce41d3c4d2a53128aa0de
38|2021-09-26T12:07:09.5830000+01:00|1057B8A2|Alex Knightfall|0050501C|97285|97285|10000|10000|26|0|99.96179|104.6921|0|3.122897|0|0|0|0A016D|41F00000|E0000000|1E016C|41F00000|E0000000|28FE0030|44DD98BE|1057B8A2|020130|0|1057B8A2|0129|413BADEE|1057B8A2|28FA0031|417126B8|1057B8A2|04B4|4138E55C|1057B8A2|08A8|40A00000|107629AA|8D|4153B225|107629AA|071E|418876BF|1068703B|0738|418876BF|1068703B|05B1|414AED98|1075A2E4|0798|41570E5B|1057B8A2|012B|405C3950|1057B8A2||3f3b57686ec20dc19bec2eeb57c32eba
26|2021-09-26T12:07:09.5830000+01:00|8a8|The Wanderer's Minuet|5.00|107629AA|Joeson Lmoa|1057B8A2|Alex Knightfall|00|97285|106059||958877e1c3dc0d799692ade75268886b
38|2021-09-26T12:07:09.5830000+01:00|40011DA6|Eos|00505000|92601|92601|10000|10000|0|0|100.1449|100.0533|0|-3.129033|0|0|0|28FE0030|44DD98BE|1057B8A2|28FA0031|417126B8|1057B8A2|08A8|40A00000|107629AA|8D|4153B225|107629AA|071E|417E5E1D|1068703B||61f85dc10d666202e3404bd00a0bbc38
26|2021-09-26T12:07:09.5830000+01:00|8a8|The Wanderer's Minuet|5.00|107629AA|Joeson Lmoa|40011DA6|Eos|00|92601|106059||a7ccf0a2b5b1136c57e0cbfe207dd0c7
38|2021-09-26T12:07:09.5830000+01:00|10675739|Jasy Heavensong|00505021|97086|97086|9600|10000|26|0|101.1825|105.8213|0|-3.005293|0|0|0|0A0168|41F00000|E0000000|0F016B|41F00000|E0000000|FFE70349|40C18128|10675739|28FE0030|4512E001|10675739|0|0|0|08A8|409E8F5C|107629AA|0129|413FF390|1057B8A2|0347|0|10675739|05B1|414D168E|1075A2E4|8D|414F6454|107629AA|071E|41898B3A|1068703B|0738|41898B3A|1068703B|0|0|0|012B|405C3950|1057B8A2||eb29faf7943d0efc5ec7a2a8b18ef554
30|2021-09-26T12:07:09.5830000+01:00|4e0|Giant Dominance|0.00|10675739|Jasy Heavensong|10675739|Jasy Heavensong|00|97086|97086||c206634c2370200967ef4d064690594d
26|2021-09-26T12:07:09.5830000+01:00|8a8|The Wanderer's Minuet|4.96|107629AA|Joeson Lmoa|10675739|Jasy Heavensong|00|97086|106059||e239d6430551f35c0da40d4fccbe5f88
38|2021-09-26T12:07:09.5830000+01:00|1068703B|Tomo Uchuu|00505026|106478|106478|10000|10000|25|0|100.8599|102.5519|0|-2.875603|0|0|0|14016A|41F00000|E0000000|0A0168|41F00000|E0000000|071F|42700000|1068703B|28FE0030|45138C3E|1068703B|0716|418876BF|1068703B|08A8|409E8F5C|107629AA|0129|413DCEB4|1057B8A2|071D|4243CF25|1068703B|0737|4243CF25|1068703B|8D|4155D2EA|107629AA|071E|41831A95|1068703B|0|0|0|05B1|4148C8BB|1075A2E4|0719|418876BF|1068703B|0|0|0|0721|4191061E|1068703B|012B|405C3950|1057B8A2||42242228c8571c7d7c7346c56447d0f6
26|2021-09-26T12:07:09.5830000+01:00|8a8|The Wanderer's Minuet|4.96|107629AA|Joeson Lmoa|1068703B|Tomo Uchuu|00|106478|106059||a6fef90612b8dd55990c201e50ca73d2
38|2021-09-26T12:07:09.5830000+01:00|1075A2E4|Niru Summers|00505015|93980|153077|10000|10000|0|0|100.0839|95.47571|0|0.002637699|0|0|0|0A016D|41F00000|E0000000|0A0168|41F00000|E0000000|5B|0|1075A2E4|28FD0030|45144E6E|1075A2E4|012B|405C3950|1057B8A2|0401|402D4FE0|40011D69|8D|415C3950|107629AA|08A8|409E8F5C|107629AA|28F60031|41C480F7|1075A2E4|5A|4227B43B|1075A2E4|071E|418BB018|1068703B|0738|418BB018|1068703B|0|0|0|0730|40879573|10752D6C|0|0|0|320741|409F3B5F|1075A2E4|FF9C0499|411F47AE|1075A2E4||16f0685dc26c18069fb6683c7b665e50
26|2021-09-26T12:07:09.5830000+01:00|8a8|The Wanderer's Minuet|4.96|107629AA|Joeson Lmoa|1075A2E4|Niru Summers|00|153077|106059||f182abcf666a9dc7f325377d885245b6
38|2021-09-26T12:07:09.5830000+01:00|10752D6C|Volkon Vysk|00505025|152511|152511|10000|10000|26|0|99.8092|101.3961|-0.01531982|3.062495|0|0|0|14016A|41F00000|E0000000|0A0168|41F00000|E0000000|28FD0030|45142FE2|10752D6C|08A8|409E8F5C|107629AA|0129|41443D48|1057B8A2|28F60031|41B03738|10752D6C|8D|4157F3AF|107629AA|076A|41BE1C9D|10752D6C|0727|416901FE|10752D6C|05B1|4144831A|1075A2E4|071E|4185417F|1068703B|0738|4185417F|1068703B|012B|405C3950|1057B8A2|320742|409F3B5F|1075A2E4||a4238728c6988d044bdf26e5574660c5
26|2021-09-26T12:07:09.5830000+01:00|8a8|The Wanderer's Minuet|4.96|107629AA|Joeson Lmoa|10752D6C|Volkon Vysk|00|152511|106059||17c80360376067d285c1c57d4f0679fa
37|2021-09-26T12:07:09.6260000+01:00|40011D69|Living Liquid|00008B6B|11807277|12889320|10000|10000|0||100.1144|97.64246|0|-3.129225||a39bb08e77b9583a9f2c02f75b463843
21|2021-09-26T12:07:09.6270000+01:00|10752D6C|Volkon Vysk|3F13|Savage Claw|40011D69|Living Liquid|710003|48140000|F|7338000|0|0|0|0|0|0|0|0|0|0|0|0|11826942|12889320|10000|10000|0|1000|100.1144|97.64246|0|-3.129225|152511|152511|10000|10000|0|1000|99.8092|101.3961|-0.01531982|3.062495|00008B72|0|623a0323669e8348a9ba418e7f4e11c5
38|2021-09-26T12:07:09.6270000+01:00|10752D6C|Volkon Vysk|00505025|152511|152511|10000|10000|26|0|99.8092|101.3961|-0.01531982|3.062495|0|0|0|14016A|41F00000|E0000000|0A0168|41F00000|E0000000|28FD0030|45142F2E|10752D6C|08A8|409D26E9|107629AA|0129|4143890F|1057B8A2|28F60031|41AFDD1B|10752D6C|8D|41573F76|107629AA|076A|41BDC280|10752D6C|0727|41684DC5|10752D6C|05B1|4143CEE1|1075A2E4|071E|4184E762|1068703B|0738|4184E762|1068703B|012B|4059686B|1057B8A2|320742|409DD2EC|1075A2E4|0733|C1200000|10752D6C||ba0dcc46f646c5e0dd04b4c83cd6a54a
26|2021-09-26T12:07:09.6270000+01:00|733|Ready To Tear|10.00|10752D6C|Volkon Vysk|10752D6C|Volkon Vysk|00|152511|152511||010104f7aac82999e4c58a30b49de6dd
21|2021-09-26T12:07:09.6720000+01:00|40011DA6|Eos|322|Embrace|1075A2E4|Niru Summers|4|117D0000|1B|3228000|0|0|0|0|0|0|0|0|0|0|0|0|93980|153077|10000|10000|0|1000|100.0839|95.47571|0|0.007707942|92601|92601|10000|10000|0|1000|100.1449|100.0533|0|-3.129033|00008B73|0|e54bf462cd89a1515891fe90011f5775
22|2021-09-26T12:07:09.6720000+01:00|40011DC3|Earthly Star|1D11|Stellar Explosion|40011D69|Living Liquid|750003|22B80000|1B|1D118000|0|0|0|0|0|0|0|0|0|0|0|0|11826942|12889320|10000|10000|0|1000|100.1144|97.64246|0|-3.129225|92424|92424|10000|10000|0|1000|100.0739|100.0579|0|0.04501343|00008B74|0|a214859fb601e2dd18682a8045d5c941
22|2021-09-26T12:07:09.6720000+01:00|40011DC3|Earthly Star|1D11|Stellar Explosion|10752D6C|Volkon Vysk|4|75A10000|1B|1D118000|0|0|0|0|0|0|0|0|0|0|0|0|152511|152511|10000|10000|0|1000|99.8092|101.3961|-0.01531982|3.062495|92424|92424|10000|10000|0|1000|100.0739|100.0579|0|0.04501343|00008B74|1|c7aa81916efe52360ab05880c9efcb8f
22|2021-09-26T12:07:09.6720000+01:00|40011DC3|Earthly Star|1D11|Stellar Explosion|107401EC|Raesa Velan|4|70020000|1B|1D118000|0|0|0|0|0|0|0|0|0|0|0|0|96887|96887|5200|10000|0|1000|100.1449|101.6403|0|-3.126636|92424|92424|10000|10000|0|1000|100.0739|100.0579|0|0.04501343|00008B74|2|c18bbde8181ecd3eeaa7e1f94825151e
22|2021-09-26T12:07:09.6720000+01:00|40011DC3|Earthly Star|1D11|Stellar Explosion|107ABEEC|Greiyan Fletz|10004|B5F00000|1B|1D118000|0|0|0|0|0|0|0|0|0|0|0|0|106544|106544|10000|10000|0|1000|100.5416|101.7013|0|-3.030186|92424|92424|10000|10000|0|1000|100.0739|100.0579|0|0.04501343|00008B74|3|dc6a1e9dd877fb056bb764eb5b2ab4ed
22|2021-09-26T12:07:09.6720000+01:00|40011DC3|Earthly Star|1D11|Stellar Explosion|1068703B|Tomo Uchuu|4|74C70000|1B|1D118000|0|0|0|0|0|0|0|0|0|0|0|0|106478|106478|10000|10000|0|1000|100.8599|102.5519|0|-2.869319|92424|92424|10000|10000|0|1000|100.0739|100.0579|0|0.04501343|00008B74|4|1bbc06c9a00d2c3b1515c042ce742cc0
22|2021-09-26T12:07:09.6720000+01:00|40011DC3|Earthly Star|1D11|Stellar Explosion|107629AA|Joeson Lmoa|4|75130000|1B|1D118000|0|0|0|0|0|0|0|0|0|0|0|0|106059|106059|10000|10000|0|1000|100.6066|103.2562|-0.002010412|-1.715394|92424|92424|10000|10000|0|1000|100.0739|100.0579|0|0.04501343|00008B74|5|e21e342f5dbcaad16ad8b3dc954e6507
22|2021-09-26T12:07:09.6720000+01:00|40011DC3|Earthly Star|1D11|Stellar Explosion|1075A2E4|Niru Summers|4|750A0000|1B|1D118000|0|0|0|0|0|0|0|0|0|0|0|0|93980|153077|10000|10000|0|1000|100.0839|95.47571|0|0.007707942|92424|92424|10000|10000|0|1000|100.0739|100.0579|0|0.04501343|00008B74|6|7ce7e7636b39b8bebc77363587c1ba98
22|2021-09-26T12:07:09.6720000+01:00|40011DC3|Earthly Star|1D11|Stellar Explosion|1057B8A2|Alex Knightfall|10004|B0E50000|1B|1D118000|0|0|0|0|0|0|0|0|0|0|0|0|97285|97285|10000|10000|0|1000|99.96179|104.6921|0|3.122897|92424|92424|10000|10000|0|1000|100.0739|100.0579|0|0.04501343|00008B74|7|00b9ccfe60603960f4ae8c6b28d5eca8
22|2021-09-26T12:07:09.6720000+01:00|40011DC3|Earthly Star|1D11|Stellar Explosion|10675739|Jasy Heavensong|10004|B50A0000|1B|1D118000|0|0|0|0|0|0|0|0|0|0|0|0|97086|97086|9600|10000|0|1000|101.1825|105.8213|0|-2.97405|92424|92424|10000|10000|0|1000|100.0739|100.0579|0|0.04501343|00008B74|8|83bbbcd670f01a2262d9e772e36d39ea
24|2021-09-26T12:07:09.6720000+01:00|10752D6C|Volkon Vysk|HoT|798|1D7C|152511|152511|10000|10000|0|1000|99.8092|101.3961|-0.01531982|3.062495||63c9156a56c6aff3a7bcb05c95ef7785
24|2021-09-26T12:07:09.6720000+01:00|107401EC|Raesa Velan|HoT|798|12D5|96887|96887|5200|10000|0|1000|100.1449|101.6403|0|-3.126636||9fe8dbfce5ac1f1224be706966d159c2
24|2021-09-26T12:07:09.6720000+01:00|107ABEEC|Greiyan Fletz|HoT|798|1360|106544|106544|10000|10000|0|1000|100.5416|101.7013|0|-3.030186||48f475d190402d4d29337f4a019204cb
24|2021-09-26T12:07:09.6720000+01:00|1068703B|Tomo Uchuu|HoT|798|1E5F|106478|106478|10000|10000|0|1000|100.8599|102.5519|0|-2.869319||70a1239c5a2a431f6aef9c66676eea26
24|2021-09-26T12:07:09.6720000+01:00|107629AA|Joeson Lmoa|HoT|798|1E03|106059|106059|10000|10000|0|1000|100.6066|103.2562|-0.002010412|-1.715394||2a6ff1e6b95ffe5ddbc984ee298f6376
24|2021-09-26T12:07:09.6720000+01:00|1075A2E4|Niru Summers|HoT|798|1306|93980|153077|10000|10000|0|1000|100.0839|95.47571|0|0.007707942||5f93aea42fefceadf0c6875680a8eb51
24|2021-09-26T12:07:09.6720000+01:00|1057B8A2|Alex Knightfall|HoT|798|1D56|97285|97285|10000|10000|0|1000|99.96179|104.6921|0|3.122897||2519897f9a7183a4df31a0051cbe5cce
24|2021-09-26T12:07:09.6720000+01:00|10675739|Jasy Heavensong|HoT|798|12B4|97086|97086|9600|10000|0|1000|101.1825|105.8213|0|-2.97405||29a1e8c572c44978cd0f4c944a5948fa
38|2021-09-26T12:07:09.6720000+01:00|107ABEEC|Greiyan Fletz|00505022|106544|106544|10000|10000|25|0|100.5416|101.7013|0|-3.030186|0|0|0|0720|42700000|1068703B|14016A|41F00000|E0000000|0A0168|41F00000|E0000000|28FE0030|4512E509|107ABEEC|075A|40B343B7|10675739|0|0|0|0129|41493B3E|1057B8A2|0839|42437509|1068703B|0737|42437509|1068703B|08A8|409D2F1A|107629AA|0513|4202C7E2|107ABEEC|8D|4158B019|107629AA|071E|41859FB4|1068703B|05B1|4140F5CB|1075A2E4|0721|419051E4|1068703B|012B|40A00000|1057B8A2|0512|421CF9E1|107ABEEC||d08d23bbc62f2ec4ad7e493770024feb
38|2021-09-26T12:07:09.6720000+01:00|107401EC|Raesa Velan|00505019|96887|96887|5200|10000|33|0|100.1449|101.6403|0|-3.126636|0|0|0|0A016D|41F00000|E0000000|0A0168|41F00000|E0000000|29020030|45942914|107401EC|A4|4121DB2B|107401EC|08A8|409D2F1A|107629AA|0129|4140AFFA|1057B8A2|8D|41501CA5|107629AA|0|0|0|071E|41837AD6|1068703B|0738|41837AD6|1068703B|28F90031|41CED4F1|107401EC|05B1|41453F85|1075A2E4|02E1|41DD7AD9|107401EC|02E2|402BD702|107401EC|012B|40A00000|1057B8A2||d22067454ae709165d8102d8636cb262
38|2021-09-26T12:07:09.6720000+01:00|1057B8A2|Alex Knightfall|0050501C|97285|97285|10000|10000|26|0|99.96179|104.6921|0|3.122897|0|0|0|0A016D|41F00000|E0000000|1E016C|41F00000|E0000000|28FE0030|44DD95EE|1057B8A2|020130|0|1057B8A2|0129|413A457C|1057B8A2|28FA0031|416FBE46|1057B8A2|04B4|41377CEA|1057B8A2|08A8|409D2F1A|107629AA|8D|415249B3|107629AA|071E|4187C285|1068703B|0738|4187C285|1068703B|05B1|41498526|1075A2E4|0798|4155A5E9|1057B8A2|012B|409E978D|1057B8A2||4e88711857450855c69e9aaa374c7d6e
38|2021-09-26T12:07:09.6720000+01:00|107629AA|Joeson Lmoa|00505017|106059|106059|10000|10000|25|0|100.6066|103.2562|-0.002010412|-1.715394|0|0|0|0A016D|41F00000|E0000000|0A0168|41F00000|E0000000|28FE0030|4512E229|107629AA|7D|41171689|107629AA|0129|41471661|1057B8A2|071E|4189E96F|1068703B|0738|4189E96F|1068703B|075D|414D1AA7|10675739|05B1|414DCEE0|1075A2E4|012B|409E978D|1057B8A2||0262baf1a4305cbfc1cc257ac9c20183
38|2021-09-26T12:07:09.6720000+01:00|10675739|Jasy Heavensong|00505021|97086|97086|9600|10000|26|0|101.1825|105.8213|0|-2.97405|0|0|0|0A0168|41F00000|E0000000|0F016B|41F00000|E0000000|FFE70349|40BEB042|10675739|28FE0030|4512DE99|10675739|0|0|0|08A8|409BBE76|107629AA|0129|413E8B1E|1057B8A2|0347|0|10675739|05B1|414BAE1C|1075A2E4|8D|414DFBE2|107629AA|071E|4188D700|1068703B|0738|4188D700|1068703B|0|0|0|012B|409E978D|1057B8A2||fe18226a8b2b101bf6861d4613cec5b9
38|2021-09-26T12:07:09.6720000+01:00|1068703B|Tomo Uchuu|00505026|106478|106478|10000|10000|25|0|100.8599|102.5519|0|-2.869319|0|0|0|14016A|41F00000|E0000000|0A0168|41F00000|E0000000|071F|42700000|1068703B|28FE0030|45138AD6|1068703B|0716|4187C285|1068703B|08A8|409BBE76|107629AA|0129|413C6642|1057B8A2|071D|42437509|1068703B|0737|42437509|1068703B|8D|41546A78|107629AA|071E|4182665B|1068703B|0|0|0|05B1|41476049|1075A2E4|0719|4187C285|1068703B|0|0|0|0721|419051E4|1068703B|012B|409E978D|1057B8A2||81c17c57c48c5e68e29bcf0d0fa5c633
38|2021-09-26T12:07:09.6720000+01:00|1075A2E4|Niru Summers|00505015|98850|153077|10000|10000|0|0|100.0839|95.47571|0|0.007707942|0|0|0|0A016D|41F00000|E0000000|0A0168|41F00000|E0000000|5B|0|1075A2E4|28FD0030|45144D06|1075A2E4|012B|409E978D|1057B8A2|0401|4027AE16|40011D69|8D|415AD0DE|107629AA|08A8|409BBE76|107629AA|28F60031|41C3CCBD|1075A2E4|5A|42275A1F|1075A2E4|071E|418AFBDE|1068703B|0738|418AFBDE|1068703B|0|0|0|0730|4084C48D|10752D6C|0|0|0|320741|409C6A79|1075A2E4|FF9C0499|411DDF3C|1075A2E4||b279b4ad0b9357df87336f699a8d8cfb
38|2021-09-26T12:07:09.6720000+01:00|10752D6C|Volkon Vysk|00505025|152511|152511|10000|10000|26|0|99.8092|101.3961|-0.01531982|3.062495|0|0|0|14016A|41F00000|E0000000|0A0168|41F00000|E0000000|28FD0030|45142E7A|10752D6C|08A8|409BBE76|107629AA|0129|4142D4D6|1057B8A2|28F60031|41AF82FE|10752D6C|8D|41568B3D|107629AA|076A|41BD6863|10752D6C|0727|4167998C|10752D6C|05B1|41431AA8|1075A2E4|071E|41848D45|1068703B|0738|41848D45|1068703B|012B|409E978D|1057B8A2|320742|409C6A79|1075A2E4|0733|C1200000|10752D6C||7a589374b575e31d52b23440b6c19298
37|2021-09-26T12:07:09.7150000+01:00|40011D69|Living Liquid|00008B6A|11765093|12889320|10000|10000|0||100.1144|97.64246|0|-3.129225||9a44d5c105f9b0aee2fa1181fe5c2283
37|2021-09-26T12:07:09.7150000+01:00|40011D69|Living Liquid|00008B6F|11742721|12889320|10000|10000|0||100.1144|97.64246|0|-3.129225||b73f82d68f845e659e8832d2fc3573bd
21|2021-09-26T12:07:09.7150000+01:00|1075A2E4|Niru Summers|DDD|Fell Cleave|40011D69|Living Liquid|710303|9AFF0000|204|4B5D8000|0|0|0|0|0|0|0|0|0|0|0|0|11826942|12889320|10000|10000|0|1000|100.1144|97.64246|0|-3.129225|93980|153077|10000|10000|0|1000|100.0839|95.47571|0|0.007707942|00008B75|0|c7b30e37a227f67fc8504b0b501534f6
38|2021-09-26T12:07:09.7150000+01:00|107401EC|Raesa Velan|00505019|96887|96887|5200|10000|33|0|100.1449|101.6403|0|-3.126636|0|0|0|0A016D|41F00000|E0000000|0A0168|41F00000|E0000000|29020030|459428BA|107401EC|A4|412126F2|107401EC|08A8|409BC6A7|107629AA|0129|413FFBC1|1057B8A2|8D|414F686C|107629AA|0|0|0|071E|418320B9|1068703B|0738|418320B9|1068703B|28F90031|41CE7AD4|107401EC|05B1|41448B4C|1075A2E4|02E1|41DD20BC|107401EC|02E2|409E978D|107401EC|012B|409E978D|1057B8A2||70da73fe1563bb617d8d482f3552067c
26|2021-09-26T12:07:09.7150000+01:00|2e2|Circle Of Power|4.96|107401EC|Raesa Velan|107401EC|Raesa Velan|00|96887|96887||d5cd75f2fd83ffc6d8ec48599984bf5c
21|2021-09-26T12:07:09.9810000+01:00|1075A2E4|Niru Summers|07|Attack|40011D69|Living Liquid|710303|1FEB0000|204|F848000|0|0|0|0|0|0|0|0|0|0|0|0|11742721|12889320|10000|10000|0|1000|100.1144|97.64246|0|-3.129225|98850|153077|10000|10000|0|1000|100.0839|95.47571|0|0.01011467|00008B76|0|9ab627fb6eaf8b3584a09b4160ccdbc4
21|2021-09-26T12:07:10.0260000+01:00|1057B8A2|Alex Knightfall|409D|Broil III|40011D69|Living Liquid|750003|4DDC0000|1B|409D8000|0|0|0|0|0|0|0|0|0|0|0|0|11742721|12889320|10000|10000|0|1000|100.1144|97.64246|0|-3.129225|97285|97285|9600|10000|0|1000|99.96179|104.6921|0|3.122897|00008B77|0|f5fb1dc51e471d588e11af6b3155288c
37|2021-09-26T12:07:10.1160000+01:00|40011D69|Living Liquid|00008B74|11733833|12889320|10000|10000|0||100.1144|97.64246|0|-3.129225||0d9577ceb066456687932f66fe9569d8
37|2021-09-26T12:07:10.1610000+01:00|107401EC|Raesa Velan|00008B70|96887|96887|5200|10000|33||100.1449|101.6403|0|-3.126636|1900|0|0|01|0700359E|0|41700000|10675739||b9aefc66061c18d296a9f48e6f55a873
26|2021-09-26T12:07:10.1610000+01:00|75e|The Ewer|15.00|10675739|Jasy Heavensong|107401EC|Raesa Velan|00|96887|97086||d008a19c2191a8603a0e40d08d1ac8cd
21|2021-09-26T12:07:10.1610000+01:00|1068703B|Tomo Uchuu|3E87|Fan Dance|40011D69|Living Liquid|720203|23190000|0|0|0|0|0|0|0|0|0|0|0|0|0|0|11742721|12889320|10000|10000|0|1000|100.1144|97.64246|0|-3.129225|106478|106478|10000|10000|0|1000|100.8599|102.5519|0|-2.858848|00008B78|0|4cf1487cb42efd3335009017fdea7bbc
21|2021-09-26T12:07:10.1610000+01:00|40011D69|Living Liquid|4978|Unknown_4978|1075A2E4|Niru Summers|730003|68BC0000|0|0|0|0|0|0|0|0|0|0|0|0|0|0|98850|153077|10000|10000|0|1000|100.0839|95.47571|0|0.01011467|11742721|12889320|10000|10000|0|1000|100.1144|97.64246|0|-3.129225|00008B79|0|f0e0bda5129303063cf466c24dad64b9
38|2021-09-26T12:07:10.1610000+01:00|107401EC|Raesa Velan|00505019|96887|96887|5200|10000|33|0|100.1449|101.6403|0|-3.126636|0|0|0|0A016D|41F00000|E0000000|0A0168|41F00000|E0000000|29020030|4594252A|107401EC|A4|411A0422|107401EC|08A8|408D8103|107629AA|0129|4138D8F1|1057B8A2|8D|4148459C|107629AA|075E|416F47AE|10675739|071E|417F1E9F|1068703B|0738|417F1E9F|1068703B|28F90031|41CAE96A|107401EC|05B1|413D687C|1075A2E4|02E1|41D98F52|107401EC|02E2|409051E9|107401EC|012B|409051E9|1057B8A2||37affedf6ef0812b29aa55f4313e5df4
31|2021-09-26T12:07:10.1610000+01:00|1068703B|320126|00|1057B800|8D|beca2cb7cc13c41d95cdaef323f0f5d7
21|2021-09-26T12:07:10.2050000+01:00|107629AA|Joeson Lmoa|08|Shot|40011D69|Living Liquid|720003|11A40000|0|0|0|0|0|0|0|0|0|0|0|0|0|0|11733833|12889320|10000|10000|0|1000|100.1144|97.64246|0|-3.129225|106059|106059|10000|10000|0|1000|100.2837|103.4747|-0.003623455|-1.378719|00008B7A|0|0946498422345d8f058cf27a00d6ab0c
37|2021-09-26T12:07:10.2500000+01:00|10752D6C|Volkon Vysk|00008B74|152511|152511|10000|10000|26||99.8092|101.3961|0|3.086426|2501|0|0|01|0E003573|0|C1200000|10752D6C||87451ed7ccfac60aca43021907f8f6fa
37|2021-09-26T12:07:10.2500000+01:00|40011D69|Living Liquid|00008B72|11715381|12889320|10000|10000|0||100.1144|97.64246|0|-3.129225||e10533ac4bbcbc3b9d11552170391ed4
37|2021-09-26T12:07:10.2500000+01:00|10752D6C|Volkon Vysk|00008B72|152511|152511|10000|10000|26||99.8092|101.3961|0|3.086426|2500|0|0|01|0E003573|0|41200000|10752D6C||36b653d724585e4fbdf0e0d7b376d001
22|2021-09-26T12:07:10.2500000+01:00|10675739|Jasy Heavensong|40A8|Divination|10675739|Jasy Heavensong|60E|7560000|0|0|0|0|0|0|0|0|0|0|0|0|0|0|97086|97086|9600|10000|0|1000|101.1825|105.8213|0|-2.894906|97086|97086|9600|10000|0|1000|101.1825|105.8213|0|-2.894906|00008B7B|0|11768a5861d015fbf16ec14a69e381f2
22|2021-09-26T12:07:10.2500000+01:00|10675739|Jasy Heavensong|40A8|Divination|1057B8A2|Alex Knightfall|60E|7560000|0|0|0|0|0|0|0|0|0|0|0|0|0|0|97285|97285|9600|10000|0|1000|99.96179|104.6921|0|3.122897|97086|97086|9600|10000|0|1000|101.1825|105.8213|0|-2.894906|00008B7B|1|a0143751aee7341bf054e18c23cd6aa8
22|2021-09-26T12:07:10.2500000+01:00|10675739|Jasy Heavensong|40A8|Divination|107629AA|Joeson Lmoa|60E|7560000|0|0|0|0|0|0|0|0|0|0|0|0|0|0|106059|106059|10000|10000|0|1000|100.2837|103.4747|-0.003623455|-1.378719|97086|97086|9600|10000|0|1000|101.1825|105.8213|0|-2.894906|00008B7B|2|a1da3c8c569e068a255c7a2135752a01
22|2021-09-26T12:07:10.2500000+01:00|10675739|Jasy Heavensong|40A8|Divination|1068703B|Tomo Uchuu|60E|7560000|0|0|0|0|0|0|0|0|0|0|0|0|0|0|106478|106478|10000|10000|0|1000|100.8599|102.5519|0|-2.787638|97086|97086|9600|10000|0|1000|101.1825|105.8213|0|-2.894906|00008B7B|3|5a607d4599eece3cc49150d111cbeedc
22|2021-09-26T12:07:10.2500000+01:00|10675739|Jasy Heavensong|40A8|Divination|107ABEEC|Greiyan Fletz|60E|7560000|0|0|0|0|0|0|0|0|0|0|0|0|0|0|106544|106544|10000|10000|0|1000|100.5416|101.7013|0|-3.030186|97086|97086|9600|10000|0|1000|101.1825|105.8213|0|-2.894906|00008B7B|4|71ba043f9ccaf25a1aead67a4b71b63c
22|2021-09-26T12:07:10.2500000+01:00|10675739|Jasy Heavensong|40A8|Divination|107401EC|Raesa Velan|60E|7560000|0|0|0|0|0|0|0|0|0|0|0|0|0|0|96887|96887|5200|10000|0|1000|100.1449|101.6403|0|-3.126636|97086|97086|9600|10000|0|1000|101.1825|105.8213|0|-2.894906|00008B7B|5|f110b1cf67789c257120b222f37fdb59
22|2021-09-26T12:07:10.2500000+01:00|10675739|Jasy Heavensong|40A8|Divination|10752D6C|Volkon Vysk|60E|7560000|0|0|0|0|0|0|0|0|0|0|0|0|0|0|152511|152511|10000|10000|0|1000|99.8092|101.3961|0|3.086426|97086|97086|9600|10000|0|1000|101.1825|105.8213|0|-2.894906|00008B7B|6|eeba159add0893b358acaa654c8a021c
22|2021-09-26T12:07:10.2500000+01:00|10675739|Jasy Heavensong|40A8|Divination|1075A2E4|Niru Summers|60E|7560000|0|0|0|0|0|0|0|0|0|0|0|0|0|0|98850|153077|10000|10000|0|1000|100.0839|95.47571|0|0.01039501|97086|97086|9600|10000|0|1000|101.1825|105.8213|0|-2.894906|00008B7B|7|fa9208351763f43845e345437d3f0e78
21|2021-09-26T12:07:10.2500000+01:00|10752D6C|Volkon Vysk|3F1D|Abdomen Tear|40011D69|Living Liquid|710003|26800000|0|0|0|0|0|0|0|0|0|0|0|0|0|0|11733833|12889320|10000|10000|0|1000|100.1144|97.64246|0|-3.129225|152511|152511|10000|10000|0|1000|99.8092|101.3961|0|3.086426|00008B7C|0|a31f63d9aada30e5931a1c4e491ba221
38|2021-09-26T12:07:10.2500000+01:00|10752D6C|Volkon Vysk|00505025|152511|152511|10000|10000|26|0|99.8092|101.3961|0|3.086426|0|0|0|14016A|41F00000|E0000000|0A0168|41F00000|E0000000|28FD0030|4514253A|10752D6C|08A8|40893748|107629AA|0129|41399142|1057B8A2|28F60031|41AAE131|10752D6C|8D|414D47A9|107629AA|076A|41B8C696|10752D6C|0727|415E55F8|10752D6C|05B1|4139D714|1075A2E4|071E|417FD6F0|1068703B|0738|417FD6F0|1068703B|012B|408C105F|1057B8A2|320742|4089E34B|1075A2E4||fd1b5e6da8a43491aa377350e38574ea
30|2021-09-26T12:07:10.2500000+01:00|733|Ready To Tear|0.00|10752D6C|Volkon Vysk|10752D6C|Volkon Vysk|00|152511|152511||7cc157741f47df123c3cd832cfdefc18
37|2021-09-26T12:07:10.2930000+01:00|1075A2E4|Niru Summers|00008B73|103327|153077|10000|10000|0||100.0839|95.47571|0|0.01096743|1500|0|0|0||8920a256e8a1ec27532c28df311fa5d4
24|2021-09-26T12:07:10.3390000+01:00|10752D6C|Volkon Vysk|HoT|742|25AE|152511|152511|10000|10000|0|1000|99.8092|101.3961|0|3.094864||2b1b36b0e9637e6a5cfbc5bcf8ed3fe1
37|2021-09-26T12:07:10.3390000+01:00|40011D69|Living Liquid|00008B75|11675702|12889320|10000|10000|0||100.1144|97.64246|0|-3.129225||7311ed5e0e011d7c9aae6877bcb2e440
37|2021-09-26T12:07:10.3390000+01:00|1075A2E4|Niru Summers|00008B75|122620|153077|10000|10000|0||100.0839|95.47571|0|0.01096743|1500|0|0|0||b3b6aed0b7bc8824794f6fb459e8d5c9
39|2021-09-26T12:07:10.3390000+01:00|40011DA6|Eos|92601|92601|10000|10000|0|0|100.1449|100.0533|0|-3.129033||13e579e133b9ac084cf849c43bd97a47
38|2021-09-26T12:07:10.3390000+01:00|10752D6C|Volkon Vysk|00505025|152511|152511|10000|10000|26|0|99.8092|101.3961|0|3.094864|0|0|0|14016A|41F00000|E0000000|0A0168|41F00000|E0000000|28FD0030|451423CE|10752D6C|08A8|40865E31|107629AA|0129|413824B7|1057B8A2|28F60031|41AA2AEB|10752D6C|8D|414BDB1E|107629AA|076A|41B81050|10752D6C|0727|415CE96D|10752D6C|05B1|41386A89|1075A2E4|071E|417E6A65|1068703B|0738|417E6A65|1068703B|012B|40893748|1057B8A2|320742|40870A34|1075A2E4||a7d157a0669496492fccb26758df9a6f
21|2021-09-26T12:07:10.3840000+01:00|107629AA|Joeson Lmoa|406F|Burst Shot|40011D69|Living Liquid|720303|67750000|1B|406F8000|0|0|0|0|0|0|0|0|0|0|0|0|11675702|12889320|10000|10000|0|1000|100.1144|97.64246|0|-3.129225|106059|106059|10000|10000|0|1000|100.2636|103.4408|0|-2.345571|00008B7D|0|bb9e236605025ef0dc6c57cfae6271c2
21|2021-09-26T12:07:10.3840000+01:00|1075A2E4|Niru Summers|1CDB|Upheaval|40011D69|Living Liquid|710303|754A0000|204|39088000|0|0|0|0|0|0|0|0|0|0|0|0|11675702|12889320|10000|10000|0|1000|100.1144|97.64246|0|-3.129225|122620|153077|10000|10000|0|1000|100.0839|95.47571|0|0.01251149|00008B7E|0|2eee4e7b2ebdd499fa4f841b2edc1e30
21|2021-09-26T12:07:10.4720000+01:00|107ABEEC|Greiyan Fletz|1D39|Gekko|40011D69|Living Liquid|4F710303|A6670000|23D|B88000|11B|1D398000|0|0|0|0|0|0|0|0|0|0|11675702|12889320|10000|10000|0|1000|100.1144|97.64246|0|-3.129225|106544|106544|10000|10000|0|1000|100.5416|101.7013|0|-3.030186|00008B7F|0|d586baf2bf6b6835809f206ae18384fc
24|2021-09-26T12:07:10.5170000+01:00|10752D6C|Volkon Vysk|HoT|742|7C2|152511|152511|10000|10000|0|1000|99.8092|101.3961|0|3.084776||9f25289fcb38f58ca9b796af3ddffeb6
37|2021-09-26T12:07:10.5170000+01:00|40011D69|Living Liquid|00008B76|11667531|12889320|10000|10000|0||100.1144|97.64246|0|-3.129225||336a0d71e94163daae49c8540d835f5c
37|2021-09-26T12:07:10.5170000+01:00|1075A2E4|Niru Summers|00008B76|126592|153077|10000|10000|0||100.0839|95.47571|0|0.01011467|1500|0|0|0||fd1bf27a1290b6bf47f0b1bac674bf04
20|2021-09-26T12:07:10.5170000+01:00|107401EC|Raesa Velan|DF9|Fire IV|40011D69|Living Liquid|2.23|100.1449|101.6403|0|-3.126636||aafc2b21cc395c5913bf0a52fd624b89
21|2021-09-26T12:07:10.5170000+01:00|1057B8A2|Alex Knightfall|07|Attack|40011D69|Living Liquid|730003|B20000|0|0|0|0|0|0|0|0|0|0|0|0|0|0|11675702|12889320|10000|10000|0|1000|100.1144|97.64246|0|-3.129225|97285|97285|9600|10000|0|1000|99.96179|104.6921|0|3.122897|00008B80|0|d576f22827abaf2576dc0c229b7c6128
38|2021-09-26T12:07:10.5170000+01:00|10752D6C|Volkon Vysk|00505025|152511|152511|10000|10000|26|0|99.8092|101.3961|0|3.084776|0|0|0|14016A|41F00000|E0000000|0A0168|41F00000|E0000000|28FD0030|451420F2|10752D6C|08A8|4080A3D2|107629AA|0129|41354788|1057B8A2|28F60031|41A8BC54|10752D6C|8D|4148FDEF|107629AA|076A|41B6A1B9|10752D6C|0727|415A0C3E|10752D6C|05B1|41358D5A|1075A2E4|071E|417B8D36|1068703B|0738|417B8D36|1068703B|012B|40837CE9|1057B8A2|320742|40814FD5|1075A2E4||fa05ea5ff922dfa3aed13f8f64260e71
20|2021-09-26T12:07:10.6510000+01:00|1057B8A2|Alex Knightfall|409D|Broil III|40011D69|Living Liquid|2.43|99.96179|104.6921|0|3.122897||05ad1dbeaa5aebe76124a2e066b311ed
37|2021-09-26T12:07:10.6950000+01:00|40011D69|Living Liquid|00008B71|11633373|12889320|10000|10000|0||100.1144|97.64246|0|-3.129225||c8c7d1caeaf314db488dd6ccdd161965
37|2021-09-26T12:07:10.6950000+01:00|1075A2E4|Niru Summers|00008B79|99780|153077|10000|10000|0||100.0839|95.47571|0|0.01011467|1500|0|0|0||adb1b40b913614c2622dd4f7a7523972
21|2021-09-26T12:07:10.7400000+01:00|10752D6C|Volkon Vysk|07|Attack|40011D69|Living Liquid|710003|E6D0000|0|0|0|0|0|0|0|0|0|0|0|0|0|0|11633373|12889320|10000|10000|0|1000|100.1144|97.64246|0|-3.129225|152511|152511|10000|10000|0|1000|99.8092|101.3961|0|3.106351|00008B81|0|0bd0077e5b6ab9f906e7d3064a05a5c4
37|2021-09-26T12:07:10.8290000+01:00|40011D69|Living Liquid|00008B77|11613441|12889320|10000|10000|0||100.1144|97.64246|0|-3.129225||4f218e56838ec324217aee8f5a6c59c1
37|2021-09-26T12:07:10.8290000+01:00|40011D69|Living Liquid|00008B78|11604456|12889320|10000|10000|0||100.1144|97.64246|0|-3.129225||c862a8afbed4bdcc327f788741e06cd3
37|2021-09-26T12:07:10.8740000+01:00|10675739|Jasy Heavensong|00008B7B|97086|97086|9600|10000|26||101.0018|104.6922|-0.0008149954|-3.031683|2100|0|0|01|04003596|0|41700000|10675739||9f01355acbba2ab968e31f044815744b
26|2021-09-26T12:07:10.8740000+01:00|756|Divination|15.00|10675739|Jasy Heavensong|10675739|Jasy Heavensong|00|97086|97086||07d163cd645d2a86197ab0c98e29c218
38|2021-09-26T12:07:10.8740000+01:00|10675739|Jasy Heavensong|00505021|97086|97086|9600|10000|26|0|101.0018|104.6922|-0.0008149954|-3.031683|0|0|0|0A0168|41F00000|E0000000|0F016B|41F00000|E0000000|FFE70349|40982911|10675739|28FE0030|4512CB5D|10675739|0756|416F47AE|10675739|08A8|406A6E8D|107629AA|0129|412B478B|1057B8A2|0347|0|10675739|05B1|41386A89|1075A2E4|8D|413AB84F|107629AA|071E|417E6A67|1068703B|0738|417E6A67|1068703B|0|0|0|012B|407020BA|1057B8A2||8a7fbf891664857df40ce7488834aaf1
38|2021-09-26T12:07:10.8740000+01:00|40011DC3|Earthly Star|00505000|0|92424|10000|10000|0|0|100.0739|100.0579|0|0.04501343|0|0|0|28FE0030|4512CB5D|10675739|08A8|406A6E8D|107629AA|8D|413AB84F|107629AA|071E|4169B218|1068703B|0107AE|41E54DD1|40011DC3|0756|416F47AE|10675739||db7effd599c0e6494274a204894c3dcc
26|2021-09-26T12:07:10.8740000+01:00|756|Divination|14.96|10675739|Jasy Heavensong|40011DC3|Earthly Star|00|92424|97086||58c90b2d934126fbc604cbe6eae2ccae
37|2021-09-26T12:07:10.9180000+01:00|1075A2E4|Niru Summers|00008B74|129742|153077|10000|10000|0||100.0839|95.47571|0|0.01011467|1506|0|0|0||3bda9dabb53b056c874a0c15332e90b8
37|2021-09-26T12:07:10.9620000+01:00|40011D69|Living Liquid|00008B7A|11599940|12889320|10000|10000|0||100.1144|97.64246|0|-3.129225||bdcbbfa73ad34715c5da0852916db107
39|2021-09-26T12:07:10.9620000+01:00|10675739|Jasy Heavensong|97086|97086|9864|10000|0|0|100.8441|103.8722|0|-2.980939||9b45b114c17ef959cbbb023cd1b47d5c
39|2021-09-26T12:07:10.9620000+01:00|1075A2E4|Niru Summers|131272|153077|10000|10000|0|0|100.0839|95.47571|0|0.01011467||98d321c1e06528ad2d211eff064bed73
39|2021-09-26T12:07:10.9620000+01:00|10752D6C|Volkon Vysk|152511|152511|10000|10000|0|0|99.8092|101.3961|0|3.113405||153b49f0701e778c4d057d948bc96d1d
37|2021-09-26T12:07:11.0080000+01:00|1057B8A2|Alex Knightfall|00008B7B|97285|97285|9600|10000|26||99.96179|104.6921|0|3.122897|1C01|0|0|01|0E003596|0|41700000|10675739||1e0301a5deb9e56bf396d80e791f3943
26|2021-09-26T12:07:11.0080000+01:00|756|Divination|15.00|10675739|Jasy Heavensong|1057B8A2|Alex Knightfall|00|97285|97086||5a15a15f5821789e7626d7d9305b784a
24|2021-09-26T12:07:11.0080000+01:00|10752D6C|Volkon Vysk|HoT|742|1C84|152511|152511|10000|10000|0|1000|99.8092|101.3961|0|3.113405||3f31fc1d7669d721d6e5501cf87b1d64
37|2021-09-26T12:07:11.0080000+01:00|40011D69|Living Liquid|00008B7E|11569914|12889320|10000|10000|0||100.1144|97.64246|0|-3.129225||0731ea484acaccdf40198aa5c6c85cd0
37|2021-09-26T12:07:11.0080000+01:00|1075A2E4|Niru Summers|00008B7E|145872|153077|10000|10000|0||100.0839|95.47571|0|0.01011467|1500|0|0|0||f40da964b3b9588dfc90eb9ef38be1fc
37|2021-09-26T12:07:11.0080000+01:00|40011D69|Living Liquid|00008B7C|11560058|12889320|10000|10000|0||100.1144|97.64246|0|-3.129225||e6e6c91e6882fc569d7b49bd05aa6cf9
24|2021-09-26T12:07:11.0080000+01:00|40011D69|Living Liquid|DoT|0|5E76|11599940|12889320|10000|10000|0|1000|100.1144|97.64246|0|-3.129225||e91a84f96bd109641e2cfcbe575e3215
21|2021-09-26T12:07:11.0080000+01:00|10675739|Jasy Heavensong|40AB|Malefic IV|40011D69|Living Liquid|750203|4E6A0000|1B|40AB8000|0|0|0|0|0|0|0|0|0|0|0|0|11599940|12889320|10000|10000|0|1000|100.1144|97.64246|0|-3.129225|97086|97086|9864|10000|0|1000|100.8441|103.8722|0|-2.980939|00008B82|0|7f3a396a915fcdfe77aa94a9c1b4b223
36|2021-09-26T12:07:11.0080000+01:00|044C|3|66ff5a3afbd113a1db7b14f55cf464a7
38|2021-09-26T12:07:11.0080000+01:00|1057B8A2|Alex Knightfall|0050501C|97285|97285|9600|10000|26|0|99.96179|104.6921|0|3.122897|0|0|0|0A016D|41F00000|E0000000|1E016C|41F00000|E0000000|28FE0030|44DD6B25|1057B8A2|020130|0|1057B8A2|0129|4124E125|1057B8A2|28FA0031|415A59EF|1057B8A2|04B4|41221893|1057B8A2|08A8|4064CCC2|107629AA|8D|413CE55C|107629AA|071E|417A20AC|1068703B|0738|417A20AC|1068703B|05B1|413420CF|1075A2E4|0798|41404192|1057B8A2|012B|40679DA8|1057B8A2|0756|416F47AE|10675739||55acdc8f97a654b1234240d8e8312675
38|2021-09-26T12:07:11.0080000+01:00|40011DA6|Eos|00505000|92601|92601|10000|10000|0|0|100.1449|100.0533|0|-3.129033|0|0|0|28FE0030|44DD6B25|1057B8A2|28FA0031|415A59EF|1057B8A2|08A8|4064CCC2|107629AA|8D|413CE55C|107629AA|071E|41679154|1068703B|0756|416F47AE|10675739||9583536a879114358844e5f00c8d6369
26|2021-09-26T12:07:11.0080000+01:00|756|Divination|14.96|10675739|Jasy Heavensong|40011DA6|Eos|00|92601|97086||708e943b1de935c7a67d7d42ca8a259b
38|2021-09-26T12:07:11.0080000+01:00|40011D69|Living Liquid|00505000|11535876|12889320|10000|10000|0|0|100.1144|97.64246|0|-3.129225|0|0|0|0767|418E5A01|1057B8A2|2804B1|4191393D|107629AA|0759|41946E7E|10675739|2804B0|41A58921|107629AA|0A00A3|416C76A2|107401EC|04C5|413147B9|1057B8A2|072D|41D59FB5|10752D6C||db58e671c6f2831bc26ee02dc33dd08a
38|2021-09-26T12:07:11.0080000+01:00|10752D6C|Volkon Vysk|00505025|152511|152511|10000|10000|26|0|99.8092|101.3961|0|3.113405|0|0|0|14016A|41F00000|E0000000|0A0168|41F00000|E0000000|28FD0030|4514191E|10752D6C|08A8|4061EB7B|107629AA|0129|412D707F|1057B8A2|28F60031|41A4D0CF|10752D6C|8D|414126E6|107629AA|076A|41B2B634|10752D6C|0727|41523535|10752D6C|05B1|412DB651|1075A2E4|071E|4173B62D|1068703B|0738|4173B62D|1068703B|012B|40679DA8|1057B8A2|320742|40634381|1075A2E4||d2b4a84fd3def7e1d481fdb4f43e27ce
37|2021-09-26T12:07:11.0520000+01:00|40011D69|Living Liquid|00008B80|11535698|12889320|10000|10000|0||100.1144|97.64246|0|-3.129225||c463651cc440932602db33b035880e74
39|2021-09-26T12:07:11.0970000+01:00|107629AA|Joeson Lmoa|106059|106059|10000|10000|0|0|100.1893|103.2577|-0.0008463433|2.989923||78596c9441604794bcea238759bc1c7b
21|2021-09-26T12:07:11.0970000+01:00|107ABEEC|Greiyan Fletz|07|Attack|40011D69|Living Liquid|710303|24F70000|0|0|0|0|0|0|0|0|0|0|0|0|0|0|11535876|12889320|10000|10000|0|1000|100.1144|97.64246|0|-3.129225|106544|106544|10000|10000|0|1000|100.5416|101.7013|0|-3.030282|00008B83|0|269d1694530bf652844e71d32343ca94
21|2021-09-26T12:07:11.0970000+01:00|1075A2E4|Niru Summers|1CDA|Onslaught|40011D69|Living Liquid|710303|1A510000|204|CCB8000|0|0|0|0|0|0|0|0|0|0|0|0|11535876|12889320|10000|10000|0|1000|100.1144|97.64246|0|-3.129225|145872|153077|10000|10000|0|1000|100.0839|95.47571|0|0.01011467|00008B84|0|f1759610676d8f32a2f843f9bec99a19
37|2021-09-26T12:07:11.1420000+01:00|107629AA|Joeson Lmoa|00008B7B|106059|106059|10000|10000|25||100.1733|103.2026|-0.003342064|2.953123|1702|0|0|01|0A003596|0|41700000|10675739||9edac33db8d251e470bd23ccd513290c
26|2021-09-26T12:07:11.1420000+01:00|756|Divination|15.00|10675739|Jasy Heavensong|107629AA|Joeson Lmoa|00|106059|97086||c6187832a74f291d71d4b10c5847f00a
21|2021-09-26T12:07:11.1420000+01:00|1068703B|Tomo Uchuu|07|Attack|40011D69|Living Liquid|720303|23930000|0|0|0|0|0|0|0|0|0|0|0|0|0|0|11535698|12889320|10000|10000|0|1000|100.1144|97.64246|0|-3.129225|106478|106478|10000|10000|0|1000|100.5012|102.6696|0|-2.856753|00008B85|0|cc22c1b043ba71a0c36b6acd278aa2ff
38|2021-09-26T12:07:11.1420000+01:00|107629AA|Joeson Lmoa|00505017|106059|106059|10000|10000|25|0|100.1733|103.2026|-0.003342064|2.953123|0|0|0|0A016D|41F00000|E0000000|0A0168|41F00000|E0000000|28FE0030|4512CAA9|107629AA|7D|40FF1AAA|107629AA|0129|412F8D2D|1057B8A2|071E|417C49A5|1068703B|0738|417C49A5|1068703B|075D|41359173|10675739|05B1|413645AC|1075A2E4|012B|405F0A33|1057B8A2|0756|416F47AE|10675739||a78c393ca0d3c2c17eb6c26799d40f7d
39|2021-09-26T12:07:11.1860000+01:00|1057B8A2|Alex Knightfall|97285|97285|9846|10000|0|0|99.96179|104.6921|0|3.122897||263d31e85afb784175f348f52f856ef8
21|2021-09-26T12:07:11.1860000+01:00|107ABEEC|Greiyan Fletz|1D4B|Meikyo Shisui|107ABEEC|Greiyan Fletz|300000F|4D18000|0|0|0|0|0|0|0|0|0|0|0|0|0|0|106544|106544|10000|10000|0|1000|100.5416|101.7013|0|-3.030282|106544|106544|10000|10000|0|1000|100.5416|101.7013|0|-3.030282|00008B86|0|fd49cc6ad3253b0ec6769b65f0a33908
38|2021-09-26T12:07:11.1860000+01:00|107ABEEC|Greiyan Fletz|00505022|106544|106544|10000|10000|25|0|100.5416|101.7013|0|-3.030282|0|0|0|0720|42700000|1068703B|14016A|41F00000|E0000000|0A0168|41F00000|E0000000|28FE0030|4512CCD5|107ABEEC|075A|4082C8CE|10675739|0304D1|C1700000|107ABEEC|0129|4130FDD1|1057B8A2|0839|423D65B8|1068703B|0737|423D65B8|1068703B|08A8|40596868|107629AA|0513|41F97118|107ABEEC|8D|414072AC|107629AA|071E|417301F4|1068703B|05B1|4128B85E|1075A2E4|0721|41843329|1068703B|012B|405F0A34|1057B8A2|0512|4216EA90|107ABEEC||e42136446aa52c90f7bcae7ec7946ccc
26|2021-09-26T12:07:11.1860000+01:00|4d1|Meikyo Shisui|15.00|107ABEEC|Greiyan Fletz|107ABEEC|Greiyan Fletz|03|106544|106544||9340bbec102538997691778083ef7bb5
38|2021-09-26T12:07:11.1860000+01:00|40011DC3|Earthly Star|00505000|0|92424|0|10000|0|0|100.0739|100.0579|0|0.04501343|0|0|0|28FE0030|4512C665|10675739||318de2552626279ad5ea4e91d765c2b7
30|2021-09-26T12:07:11.1860000+01:00|8a8|The Wanderer's Minuet|0.00|107629AA|Joeson Lmoa|40011DC3|Earthly Star|00|92424|106059||034ef66ad26b80d5c95890eca14ec2ef
30|2021-09-26T12:07:11.1860000+01:00|8d|Battle Voice|0.00|107629AA|Joeson Lmoa|40011DC3|Earthly Star|00|92424|106059||3ef7469b6c6420c47b804dd07d919222
30|2021-09-26T12:07:11.1860000+01:00|71e|Technical Finish|0.00|1068703B|Tomo Uchuu|40011DC3|Earthly Star|00|92424|106478||58ad51d56c8ed32c0d1ff1cfd8a5a814
30|2021-09-26T12:07:11.1860000+01:00|7ae|Summon Order IV|0.00|40011DC3|Earthly Star|40011DC3|Earthly Star|01|92424|92424||7b52d94b3324358d966e845778881cc1
30|2021-09-26T12:07:11.1860000+01:00|756|Divination|0.00|10675739|Jasy Heavensong|40011DC3|Earthly Star|00|92424|97086||8d5a3a02b1e727de6f0a9bb5dc342a1d
31|2021-09-26T12:07:11.1860000+01:00|1068703B|3C0126|00|E0000000|00|7f5a70ff600265ea3e7510886383ddd5
37|2021-09-26T12:07:11.2300000+01:00|40011D69|Living Liquid|00008B7F|11493099|12889320|10000|10000|0||100.1144|97.64246|0|-3.129225||37a29b65f578325afe49453cd7b0fd87
37|2021-09-26T12:07:11.2300000+01:00|107ABEEC|Greiyan Fletz|00008B7F|106544|106544|10000|10000|25||100.5416|101.7013|0|-3.030282|2200|0|0|01|05003311|03|C1700000|107ABEEC||d534db9c89b4406aac457752b3e7b532
39|2021-09-26T12:07:11.2300000+01:00|107401EC|Raesa Velan|96887|96887|5200|10000|0|0|100.1449|101.6403|0|-3.126636||75018a30eb91d72d4d470c6c4959bc13
37|2021-09-26T12:07:11.2740000+01:00|1068703B|Tomo Uchuu|00008B7B|106478|106478|10000|10000|25||100.549|102.6556|0|-2.856753|2603|0|0|01|0B003596|0|41700000|10675739||99ea2d00b9b9b3cb3355df4078ea207b
26|2021-09-26T12:07:11.2740000+01:00|756|Divination|15.00|10675739|Jasy Heavensong|1068703B|Tomo Uchuu|00|106478|97086||b8f8cfb4fb4280e193241f9c67b078a5
37|2021-09-26T12:07:11.2740000+01:00|40011D69|Living Liquid|00008B81|11489406|12889320|10000|10000|0||100.1144|97.64246|0|-3.129225||e3d44cda88962c88631cf9970fc2df3d
38|2021-09-26T12:07:11.2760000+01:00|1068703B|Tomo Uchuu|00505026|106478|106478|10000|10000|25|0|100.549|102.6556|0|-2.856753|0|0|0|14016A|41F00000|E0000000|0A0168|41F00000|E0000000|071F|42700000|1068703B|28FE0030|45137136|1068703B|0716|4175DB0B|1068703B|08A8|4050D4F4|107629AA|0129|4122BC4A|1057B8A2|071D|423D0A96|1068703B|0737|423D0A96|1068703B|8D|413AC080|107629AA|071E|416B22BA|1068703B|0756|416F4BC7|10675739|05B1|412DB651|1075A2E4|0719|4175DB0B|1068703B|0|0|0|0721|41837CE3|1068703B|012B|40568721|1057B8A2||6f7ec4c9ec14b4d89d7b6048b8be6b0a
26|2021-09-26T12:07:11.2760000+01:00|71f|Closed Position|60.00|1068703B|Tomo Uchuu|1068703B|Tomo Uchuu|00|106478|106478||bbe810964432735ac89ffb05e6292bb9
37|2021-09-26T12:07:11.4080000+01:00|107ABEEC|Greiyan Fletz|00008B7B|106544|106544|10000|10000|25||100.5416|101.7013|0|-3.030282|2204|0|0|02|05003311|03|C1700000|107ABEEC|11004196|0|41700000|10675739||c08de0a0b0e30b5728a62bc904856f16
26|2021-09-26T12:07:11.4080000+01:00|756|Divination|15.00|10675739|Jasy Heavensong|107ABEEC|Greiyan Fletz|00|106544|97086||d3c0a07d082a920be099f1c27aa69a23
38|2021-09-26T12:07:11.4080000+01:00|107ABEEC|Greiyan Fletz|00505022|106544|106544|10000|10000|25|0|100.5416|101.7013|0|-3.030282|0|0|0|0720|42700000|1068703B|14016A|41F00000|E0000000|0A0168|41F00000|E0000000|28FE0030|4512C945|107ABEEC|075A|40774BFA|10675739|0304D1|C1700000|107ABEEC|0129|412D6C69|1057B8A2|0839|423C8160|1068703B|0737|423C8160|1068703B|08A8|404B22C6|107629AA|0513|41F7A863|107ABEEC|8D|413CE144|107629AA|071E|416F708C|1068703B|05B1|412526F6|1075A2E4|0721|41826A74|1068703B|012B|4050C492|1057B8A2|0512|42160638|107ABEEC|0756|416F47AE|10675739||6cf789291557282599bb4fd4f0f6501e
26|2021-09-26T12:07:11.4080000+01:00|720|Dance Partner|60.00|1068703B|Tomo Uchuu|107ABEEC|Greiyan Fletz|00|106544|106478||6d21c00e517b0797ec45a2d35572bc70
37|2021-09-26T12:07:11.5420000+01:00|107401EC|Raesa Velan|00008B7B|96887|96887|5200|10000|33||100.1449|101.6403|0|-3.126636|1905|0|0|01|0F003596|0|41700000|10675739||0285ae9172c4fee2a2f22c3af2f0f96e
26|2021-09-26T12:07:11.5420000+01:00|756|Divination|15.00|10675739|Jasy Heavensong|107401EC|Raesa Velan|00|96887|97086||e920bc2d3ad7e42973acead4e3cda505
38|2021-09-26T12:07:11.5420000+01:00|107401EC|Raesa Velan|00505019|96887|96887|5200|10000|33|0|100.1449|101.6403|0|-3.126636|0|0|0|0A016D|41F00000|E0000000|0A0168|41F00000|E0000000|29020030|45941A20|107401EC|A4|4103E779|107401EC|08A8|40428F51|107629AA|0129|4122BC48|1057B8A2|8D|413228F3|107629AA|075E|41592B05|10675739|071E|416901F6|1068703B|0738|416901F6|1068703B|28F90031|41BFDB12|107401EC|05B1|41274BD3|1075A2E4|02E1|41CE80FA|107401EC|02E2|4048311D|107401EC|012B|4048311D|1057B8A2|0756|416F47AE|10675739||efa12acf9541de3b615e09cc0422db48
37|2021-09-26T12:07:11.6320000+01:00|40011D69|Living Liquid|00008B83|11479943|12889320|10000|10000|0||100.1144|97.64246|0|-3.129225||d4c5e88afacc4cf40b83f7ee2c5b497e
37|2021-09-26T12:07:11.6320000+01:00|107ABEEC|Greiyan Fletz|00008B83|106544|106544|10000|10000|25||100.5416|101.7013|0|-3.030282|2200|0|0|01|05003311|03|C1700000|107ABEEC||4f31bbb32f215c3f0b3e54a9d0ea2a4a
37|2021-09-26T12:07:11.6760000+01:00|10752D6C|Volkon Vysk|00008B7B|152511|152511|10000|10000|26||99.8092|101.3961|0|3.113405|2506|0|0|01|0E003596|0|41700000|10675739||9a06dcea9a7d604d1a7a62a0e1bcbc7a
26|2021-09-26T12:07:11.6760000+01:00|756|Divination|15.00|10675739|Jasy Heavensong|10752D6C|Volkon Vysk|00|152511|97086||c883b3055637399b17093e5149aa829f
37|2021-09-26T12:07:11.6760000+01:00|40011D69|Living Liquid|00008B85|11470836|12889320|10000|10000|0||100.1144|97.64246|0|-3.129225||61849e24191c32eb1bb25484ffdb62ed
38|2021-09-26T12:07:11.6760000+01:00|10752D6C|Volkon Vysk|00505025|152511|152511|10000|10000|26|0|99.8092|101.3961|0|3.113405|0|0|0|14016A|41F00000|E0000000|0A0168|41F00000|E0000000|28FD0030|45140E6E|10752D6C|08A8|40371A95|107629AA|0129|4122BC47|1057B8A2|28F60031|419F76B0|10752D6C|8D|413672AE|107629AA|076A|41AD5C15|10752D6C|0727|414780FD|10752D6C|05B1|41230219|1075A2E4|071E|416901F5|1068703B|0738|416901F5|1068703B|012B|403CCCC2|1057B8A2|320742|4038729B|1075A2E4|0756|416F4BC7|10675739||1f2de75c6d03287225bde9510f8db552
24|2021-09-26T12:07:11.7200000+01:00|10752D6C|Volkon Vysk|HoT|742|665|152511|152511|10000|10000|0|1000|99.8092|101.3961|0|3.113405||110646ec85e5083dc0f66a27c38bed76
37|2021-09-26T12:07:11.7200000+01:00|40011D69|Living Liquid|00008B84|11464099|12889320|10000|10000|0||100.1144|97.64246|0|-3.129225||c7b9c49e9e03b97f691b242ae04c3064
37|2021-09-26T12:07:11.7200000+01:00|1075A2E4|Niru Summers|00008B84|149147|153077|10000|10000|0||100.0839|95.47571|-0.0001000166|0.01011467|1500|0|0|0||918afa8904d1f7cfa727b423c7bfc610
38|2021-09-26T12:07:11.7200000+01:00|10752D6C|Volkon Vysk|00505025|152511|152511|10000|10000|26|0|99.8092|101.3961|0|3.113405|0|0|0|14016A|41F00000|E0000000|0A0168|41F00000|E0000000|28FD0030|45140DBA|10752D6C|08A8|403449B0|107629AA|0129|4122080E|1057B8A2|28F60031|419F1C93|10752D6C|8D|4135BE75|107629AA|076A|41AD01F8|10752D6C|0727|4146CCC4|10752D6C|05B1|41224DE0|1075A2E4|071E|41684DBC|1068703B|0738|41684DBC|1068703B|012B|4039FBDD|1057B8A2|320742|4035A1B6|1075A2E4|0756|416E978E|10675739||bbe0801530236c05f1cd2fce2c275037
37|2021-09-26T12:07:11.8090000+01:00|1075A2E4|Niru Summers|00008B7B|149147|153077|10000|10000|0||100.0839|95.47571|-0.01531982|0.01011467|1507|0|0|01|0C003596|0|41700000|10675739||2bcccf043d51bc3c747f2790e81b2d71
26|2021-09-26T12:07:11.8090000+01:00|756|Divination|15.00|10675739|Jasy Heavensong|1075A2E4|Niru Summers|00|153077|97086||fdbef91201c062b1af7935c3548edac7
38|2021-09-26T12:07:11.8090000+01:00|1075A2E4|Niru Summers|00505015|149147|153077|10000|10000|0|0|100.0839|95.47571|-0.01531982|0.01011467|0|0|0|0A016D|41F00000|E0000000|0A0168|41F00000|E0000000|5B|0|1075A2E4|28FD0030|45142ADA|1075A2E4|012B|403449B0|1057B8A2|0401|3EF645B3|40011D69|8D|4138978B|107629AA|08A8|402E9783|107629AA|28F60031|41B2B00C|1075A2E4|5A|421ECBDA|1075A2E4|071E|4173BE62|1068703B|0738|4173BE62|1068703B|0756|416F4BC7|10675739|0730|4000A3B7|10752D6C|0|0|0|320741|402FEF89|1075A2E4|FF9C0499|40F74BCF|1075A2E4||f64225aaa99c7d03d031c61b59528079
37|2021-09-26T12:07:11.8540000+01:00|40011D69|Living Liquid|00008B7D|11437614|12889320|10000|10000|0||100.1144|97.64246|0|-3.129225||eb19f5e72f18652d727595777f03b34c
37|2021-09-26T12:07:11.9430000+01:00|107ABEEC|Greiyan Fletz|00008B86|106544|106544|10000|10000|25||100.5416|101.7013|0|-3.030282|2200|0|0|01|05003311|03|41700000|107ABEEC||9320e2db1f4485c64b524a2bf422ca9f
38|2021-09-26T12:07:11.9430000+01:00|107ABEEC|Greiyan Fletz|00505022|106544|106544|10000|10000|25|0|100.5416|101.7013|0|-3.030282|0|0|0|0720|42700000|1068703B|14016A|41F00000|E0000000|0A0168|41F00000|E0000000|28FE0030|4512C0B9|107ABEEC|075A|40550E89|10675739|0304D1|416F47AE|107ABEEC|0129|4124DD0E|1057B8A2|0839|423A5D8E|1068703B|0737|423A5D8E|1068703B|08A8|4028E555|107629AA|0513|41F360B3|107ABEEC|8D|413451E9|107629AA|071E|4166E131|1068703B|05B1|411C979B|1075A2E4|0721|417C458B|1068703B|012B|402E8721|1057B8A2|0512|4213E266|107ABEEC|0756|4166B853|10675739||8872667eec5ee1b1fde730249e7ab9c0
21|2021-09-26T12:07:11.9880000+01:00|1068703B|Tomo Uchuu|3E77|Reverse Cascade|40011D69|Living Liquid|720203|4BF20000|0|0|0|0|0|0|0|0|0|0|0|0|0|0|11437614|12889320|10000|10000|0|1000|100.1144|97.64246|0|-3.129225|106478|106478|10000|10000|0|1000|100.7896|102.5833|0|-2.802299|00008B87|0|b4dbf2edfe5a6e81b76e3b9f88979ed8
38|2021-09-26T12:07:11.9880000+01:00|1068703B|Tomo Uchuu|00505026|106478|106478|10000|10000|25|0|100.7896|102.5833|0|-2.802299|0|0|0|14016A|41F00000|E0000000|0A0168|41F00000|E0000000|071F|42700000|1068703B|28FE0030|451365CE|1068703B|0|0|0|08A8|402322C6|107629AA|0129|41174FC0|1057B8A2|071D|423A2F7A|1068703B|0737|423A2F7A|1068703B|8D|412F53F6|107629AA|071E|415FB630|1068703B|0756|4163DF3D|10675739|05B1|412249C7|1075A2E4|0719|416A6E81|1068703B|0|0|0|0721|417B8D39|1068703B|012B|4028D4F3|1057B8A2||3fda1c49cf9f2b0985843acd38ffdb11
30|2021-09-26T12:07:11.9880000+01:00|716|Flourishing Cascade|0.00|1068703B|Tomo Uchuu|1068703B|Tomo Uchuu|00|106478|106478||f14b7a3066b67219a1fe7108af457cdf
21|2021-09-26T12:07:12.0330000+01:00|10752D6C|Volkon Vysk|3F16|Wicked Talon|40011D69|Living Liquid|710003|619A0000|F|7348000|0|0|0|0|0|0|0|0|0|0|0|0|11437614|12889320|10000|10000|0|1000|100.1144|97.64246|0|-3.129225|152511|152511|10000|10000|0|1000|99.8092|101.3961|0|3.10152|00008B88|0|281ac0585d5211f03d8fcf203c3cfa1c
38|2021-09-26T12:07:12.0330000+01:00|10752D6C|Volkon Vysk|00505025|152511|152511|10000|10000|26|0|99.8092|101.3961|0|3.10152|0|0|0|14016A|41F00000|E0000000|0A0168|41F00000|E0000000|28FD0030|451408BA|10752D6C|08A8|4020417E|107629AA|0129|411D0602|1057B8A2|28F60031|419C9B8C|10752D6C|8D|4130BC69|107629AA|076A|41AA80F1|10752D6C|0727|4141CAB8|10752D6C|05B1|411D4BD4|1075A2E4|071E|41634BB0|1068703B|0738|41634BB0|1068703B|012B|4025F3AB|1057B8A2|320742|40219984|1075A2E4|0756|41699582|10675739|0734|C1200000|10752D6C||16cc318829f2bc2d339f498268a7a847
26|2021-09-26T12:07:12.0330000+01:00|734|Ready To Gouge|10.00|10752D6C|Volkon Vysk|10752D6C|Volkon Vysk|00|152511|152511||b61d1585d33c18ee8f4355666385370b
37|2021-09-26T12:07:12.0770000+01:00|40011D69|Living Liquid|00008B82|11417540|12889320|10000|10000|0||100.1144|97.64246|0|-3.129225||802a5481c32f1207b11fd61dded17025
21|2021-09-26T12:07:12.0780000+01:00|1075A2E4|Niru Summers|DDD|Fell Cleave|40011D69|Living Liquid|710303|9BF30000|204|4BD38000|0|0|0|0|0|0|0|0|0|0|0|0|11417540|12889320|10000|10000|0|1000|100.1144|97.64246|0|-3.129225|149147|153077|10000|10000|0|1000|100.0839|95.47571|-0.01531982|0.01011467|00008B89|0|22d03d8bcbbcae580a5859aeea5dbd67
21|2021-09-26T12:07:12.2110000+01:00|107401EC|Raesa Velan|DF9|Fire IV|40011D69|Living Liquid|150003|B1C60000|1B|DF98000|0|0|0|0|0|0|0|0|0|0|0|0|11417540|12889320|10000|10000|0|1000|100.1144|97.64246|0|-3.129225|96887|96887|5200|10000|0|1000|100.1449|101.6403|0|-3.126636|00008B8A|0|0bd11e67f229ed922a07e36b9f33b444
21|2021-09-26T12:07:12.3000000+01:00|107401EC|Raesa Velan|07|Attack|40011D69|Living Liquid|730003|180000|0|0|0|0|0|0|0|0|0|0|0|0|0|0|11417540|12889320|10000|10000|0|1000|100.1144|97.64246|0|-3.129225|96887|96887|3600|10000|0|1000|100.1449|101.6403|0|-3.126636|00008B8B|0|fb251bb88b63f52da519f597339e5080
38|2021-09-26T12:07:12.3000000+01:00|1075A2E4|Niru Summers|00505015|149147|153077|10000|10000|0|0|100.0839|95.47571|-0.01531982|0.01011467|0|0|0|0A016D|41F00000|E0000000|0A0168|41F00000|E0000000|5B|0|1075A2E4|28FD0030|45142306|1075A2E4|012B|4014ED87|1057B8A2|0|0|0|8D|4130C082|107629AA|08A8|400F3B5A|107629AA|28F60031|41AEC485|1075A2E4|5A|421CD61C|1075A2E4|071E|416BE759|1068703B|0738|416BE759|1068703B|0756|416774BE|10675739|0730|3FC28F1D|10752D6C|0|0|0|320741|40109360|1075A2E4|FF9C0499|40E79DB8|1075A2E4||363ce918d16e19f4046b73aebc334b53
30|2021-09-26T12:07:12.3000000+01:00|401|Water Resistance Down II|0.00|40011D69|Living Liquid|1075A2E4|Niru Summers|00|153077|12889320||0fcdd9c3ec8ee1a35bf691cbfa4d67bb
20|2021-09-26T12:07:12.4330000+01:00|40011D69|Living Liquid|4826|Cascade|40011D69|Living Liquid|3.70|100.1144|97.64246|0|-3.129225||eb03df4aa8c0bd182d3a9ca15c3ffc23
38|2021-09-26T12:07:12.4330000+01:00|10752D6C|Volkon Vysk|00505025|152511|152511|10000|10000|26|0|99.8092|101.3961|0|3.062495|0|0|0|14016A|41F00000|E0000000|0A0168|41F00000|E0000000|28FD0030|4514025A|10752D6C|08A8|4006B848|107629AA|0129|4116A3B6|1057B8A2|28F60031|41996A63|10752D6C|8D|412A5A1D|107629AA|076A|41A74FC8|10752D6C|0727|413B686C|10752D6C|05B1|4116E988|1075A2E4|071E|415CE964|1068703B|0738|415CE964|1068703B|012B|400C6A75|1057B8A2|320742|4008104E|1075A2E4|0756|41633336|10675739|0734|C1200000|10752D6C||d3f4d07b6bb3565e1fe7e43cec1f2a49
21|2021-09-26T12:07:12.5670000+01:00|1057B8A2|Alex Knightfall|409D|Broil III|40011D69|Living Liquid|750103|887F0000|1B|409D8000|0|0|0|0|0|0|0|0|0|0|0|0|11417540|12889320|10000|10000|0|1000|100.1144|97.64246|0|-3.129225|97285|97285|9846|10000|0|1000|99.96179|104.6921|0|3.122897|00008B8C|0|12fe22d2357d05c1e6bcd5aaeec6a61c
37|2021-09-26T12:07:12.6140000+01:00|40011D69|Living Liquid|00008B87|11398098|12889320|10000|10000|0||100.1144|97.64246|0|-3.129225||32288b960e507737b611f32ec885bce7
21|2021-09-26T12:07:12.6140000+01:00|107ABEEC|Greiyan Fletz|1D38|Yukikaze|40011D69|Living Liquid|48710203|5ADC0000|13D|B88000|0|0|0|0|0|0|0|0|0|0|0|0|11417540|12889320|10000|10000|0|1000|100.1144|97.64246|0|-3.129225|106544|106544|10000|10000|0|1000|100.5416|101.7013|0|-3.030282|00008B8D|0|f00568d63b4d3647e7d3a951b251d619
38|2021-09-26T12:07:12.6140000+01:00|107ABEEC|Greiyan Fletz|00505022|106544|106544|10000|10000|25|0|100.5416|101.7013|0|-3.030282|0|0|0|0720|42700000|1068703B|14016A|41F00000|E0000000|0A0168|41F00000|E0000000|28FE0030|4512B609|107ABEEC|075A|402A3DA4|10675739|0204D1|41649377|107ABEEC|0129|411A28D7|1057B8A2|0839|4237B085|1068703B|0737|4237B085|1068703B|08A8|40A00000|107629AA|0513|41EE0694|107ABEEC|8D|41299DB2|107629AA|071E|415C2CFA|1068703B|05B1|4111E364|1075A2E4|0721|41719154|1068703B|012B|4003B63C|1057B8A2|0512|4211355D|107ABEEC|0756|415C041C|10675739||4e94c8c291dcf111f69f185fa4ec0aac
26|2021-09-26T12:07:12.6140000+01:00|4d1|Meikyo Shisui|14.29|107ABEEC|Greiyan Fletz|107ABEEC|Greiyan Fletz|02|106544|106544||9d574167aab4d8a5561bdcab6fb06c8d
26|2021-09-26T12:07:12.6140000+01:00|8a8|The Wanderer's Minuet|5.00|107629AA|Joeson Lmoa|107ABEEC|Greiyan Fletz|00|106544|106059||4ff8c2c5708c567116c34fe8b2be4311
38|2021-09-26T12:07:12.6140000+01:00|107401EC|Raesa Velan|00505019|96887|96887|3600|10000|33|0|100.1449|101.6403|0|-3.126636|0|0|0|0A016D|41F00000|E0000000|0A0168|41F00000|E0000000|29020030|45941194|107401EC|A4|40E5917E|107401EC|08A8|40A00000|107629AA|0129|41119D93|1057B8A2|8D|41210A3E|107629AA|075E|41480C50|10675739|071E|4157E341|1068703B|0738|4157E341|1068703B|28F90031|41B74BB2|107401EC|05B1|41162D1E|1075A2E4|02E1|41C5F19A|107401EC|02E2|4003B63C|107401EC|012B|4003B63C|1057B8A2|0756|415E28F9|10675739||f999d34c10566ac612fac97bec683da9
26|2021-09-26T12:07:12.6140000+01:00|8a8|The Wanderer's Minuet|5.00|107629AA|Joeson Lmoa|107401EC|Raesa Velan|00|96887|106059||07e69485b12bb6404d169eca15165023
38|2021-09-26T12:07:12.6140000+01:00|1057B8A2|Alex Knightfall|0050501C|97285|97285|9446|10000|26|0|99.96179|104.6921|0|3.122897|0|0|0|0A016D|41F00000|E0000000|1E016C|41F00000|E0000000|28FE0030|44DD37C9|1057B8A2|020130|0|1057B8A2|0129|410B3315|1057B8A2|28FA0031|4140ABDF|1057B8A2|04B4|41086A83|1057B8A2|08A8|40A00000|107629AA|8D|4123374C|107629AA|071E|4160729C|1068703B|0738|4160729C|1068703B|05B1|411A72BF|1075A2E4|0798|41269382|1057B8A2|012B|4000E556|1057B8A2|0756|4155999E|10675739||60e085950d5993e4507e1276475df675
26|2021-09-26T12:07:12.6140000+01:00|8a8|The Wanderer's Minuet|5.00|107629AA|Joeson Lmoa|1057B8A2|Alex Knightfall|00|97285|106059||37e7bc1d0b58f0bd097ac11a24ca0afd
38|2021-09-26T12:07:12.6140000+01:00|40011DA6|Eos|00505000|92601|92601|10000|10000|0|0|100.1449|100.0533|0|-3.129033|0|0|0|28FE0030|44DD37C9|1057B8A2|28FA0031|4140ABDF|1057B8A2|08A8|40A00000|107629AA|8D|4123374C|107629AA|071E|414DE344|1068703B|0756|4155999E|10675739||aaab9dde7755d5c198feb419e64a7929
26|2021-09-26T12:07:12.6140000+01:00|8a8|The Wanderer's Minuet|5.00|107629AA|Joeson Lmoa|40011DA6|Eos|00|92601|106059||944ce6f07b199037b0ecdfa0fcb585cd
38|2021-09-26T12:07:12.6140000+01:00|10675739|Jasy Heavensong|00505021|97086|97086|9464|10000|26|0|100.6332|102.7999|0|-3.041307|0|0|0|0A0168|41F00000|E0000000|0F016B|41F00000|E0000000|FFE70349|404116B7|10675739|28FE0030|4512AF99|10675739|0756|415378DA|10675739|08A8|409E872B|107629AA|0129|410F78B7|1057B8A2|0347|0|10675739|05B1|411C9BB5|1075A2E4|8D|411EE97B|107629AA|071E|41629B93|1068703B|0738|41629B93|1068703B|0|0|0|012B|4000E556|1057B8A2||54afc15a9673be760a949fb378d64c0e
26|2021-09-26T12:07:12.6140000+01:00|8a8|The Wanderer's Minuet|4.95|107629AA|Joeson Lmoa|10675739|Jasy Heavensong|00|97086|106059||fe724110df8f52ec5a251d3e31152034
38|2021-09-26T12:07:12.6140000+01:00|1068703B|Tomo Uchuu|00505026|106478|106478|10000|10000|25|0|100.7896|102.5833|0|-2.808582|0|0|0|14016A|41F00000|E0000000|0A0168|41F00000|E0000000|071F|42700000|1068703B|28FE0030|45135BD6|1068703B|0|0|0|08A8|409E872B|107629AA|0129|410D53DB|1057B8A2|071D|4237B085|1068703B|0737|4237B085|1068703B|8D|41255811|107629AA|071E|4155BA4B|1068703B|0756|4159E358|10675739|05B1|41184DE2|1075A2E4|0719|4160729C|1068703B|0|0|0|0721|41719154|1068703B|012B|4000E556|1057B8A2||ba95bc144267f588c3b329e076b17a76
26|2021-09-26T12:07:12.6140000+01:00|8a8|The Wanderer's Minuet|4.95|107629AA|Joeson Lmoa|1068703B|Tomo Uchuu|00|106478|106059||16db6c38e766fa3c868fddf1f75554b8
38|2021-09-26T12:07:12.6140000+01:00|40011DC3|Earthly Star|00505000|0|92424|0|10000|0|0|100.0739|100.0579|0|0.04501343|0|0|0|28FE0030|4512AF99|10675739|08A8|409E872B|107629AA||cfa28498a75714cde5615c60a7c620fc
26|2021-09-26T12:07:12.6140000+01:00|8a8|The Wanderer's Minuet|4.95|107629AA|Joeson Lmoa|40011DC3|Earthly Star|00|92424|106059||3cff434c47c9fff85a8ff0f4b99a5181
38|2021-09-26T12:07:12.6140000+01:00|1075A2E4|Niru Summers|00505015|149147|153077|10000|10000|0|0|100.0839|95.47571|-0.01531982|0.01011467|0|0|0|0A016D|41F00000|E0000000|0A0168|41F00000|E0000000|5B|0|1075A2E4|28FD0030|45141E06|1075A2E4|012B|4000E556|1057B8A2|0|0|0|8D|412BBE77|107629AA|08A8|409E872B|107629AA|28F60031|41AC437E|1075A2E4|5A|421B959B|1075A2E4|071E|4166E54E|1068703B|0738|4166E54E|1068703B|0756|416272B3|10675739|0730|3F9A7EBB|10752D6C|0|0|0|320741|3FF9165D|1075A2E4|FF9C0499|40DD999E|1075A2E4||25049d3b4b4e78716feae3dcc4df1298
26|2021-09-26T12:07:12.6140000+01:00|8a8|The Wanderer's Minuet|4.95|107629AA|Joeson Lmoa|1075A2E4|Niru Summers|00|153077|106059||4ac5bb8fd11db9266fbc8302a1e6730b
38|2021-09-26T12:07:12.6140000+01:00|10752D6C|Volkon Vysk|00505025|152511|152511|10000|10000|26|0|99.8092|101.3961|0|3.062495|0|0|0|14016A|41F00000|E0000000|0A0168|41F00000|E0000000|28FD0030|4513FF7A|10752D6C|08A8|409E872B|107629AA|0129|4113C26F|1057B8A2|28F60031|4197F9BF|10752D6C|8D|412778D6|107629AA|076A|41A5DF24|10752D6C|0727|41388725|10752D6C|05B1|41140841|1075A2E4|071E|415A081D|1068703B|0738|415A081D|1068703B|012B|4000E556|1057B8A2|320742|3FF9165D|1075A2E4|0756|416051EF|10675739|0734|C1200000|10752D6C||a8326463ec051b14c12c1302d14f845c
26|2021-09-26T12:07:12.6140000+01:00|8a8|The Wanderer's Minuet|4.95|107629AA|Joeson Lmoa|10752D6C|Volkon Vysk|00|152511|106059||e0aa3000f36bcabb174e4bc769e7f250
24|2021-09-26T12:07:12.6560000+01:00|10752D6C|Volkon Vysk|HoT|798|135A|152511|152511|10000|10000|0|1000|99.8092|101.3961|0|3.062495||6bb1a16b0ad000f203262f5ac3c01f1f
24|2021-09-26T12:07:12.6560000+01:00|107401EC|Raesa Velan|HoT|798|126E|96887|96887|3600|10000|0|1000|100.1449|101.6403|0|-3.126636||05f331fd22ab8d498d5a9b6a1de01bce
24|2021-09-26T12:07:12.6560000+01:00|107ABEEC|Greiyan Fletz|HoT|798|1260|106544|106544|10000|10000|0|1000|100.5416|101.7013|0|-3.030282||074d1f46e60ea8784bc487bac03dd5e8
24|2021-09-26T12:07:12.6560000+01:00|107629AA|Joeson Lmoa|HoT|798|1EE3|106059|106059|10000|10000|0|1000|100.0915|102.6412|-0.001630505|-2.955594||8421050698aa90a4e5d9cb8363dd70d0
24|2021-09-26T12:07:12.6560000+01:00|1068703B|Tomo Uchuu|HoT|798|1309|106478|106478|10000|10000|0|1000|100.7896|102.5833|0|-2.804393||58ab16923c0d83b9138a104d87295250
24|2021-09-26T12:07:12.6560000+01:00|10675739|Jasy Heavensong|HoT|798|1E83|97086|97086|9464|10000|0|1000|100.6332|102.7999|0|-3.041307||04af80e6f518afbdd62e5180793c30b4
24|2021-09-26T12:07:12.6560000+01:00|1075A2E4|Niru Summers|HoT|798|1E9B|149147|153077|10000|10000|0|1000|100.0839|95.47571|-0.01531982|0.01011467||478089afa7e25c5b695a984c0948e678
24|2021-09-26T12:07:12.6570000+01:00|1057B8A2|Alex Knightfall|HoT|798|12E5|97285|97285|9446|10000|0|1000|99.96179|104.6921|0|3.122897||01adc53609ccea8130ae77ec3f1e3204
21|2021-09-26T12:07:12.6570000+01:00|1068703B|Tomo Uchuu|3E87|Fan Dance|40011D69|Living Liquid|720303|3C300000|F|71C8000|0|0|0|0|0|0|0|0|0|0|0|0|11398098|12889320|10000|10000|0|1000|100.1144|97.64246|0|-3.129225|106478|106478|10000|10000|0|1000|100.7896|102.5833|0|-2.804393|00008B8E|0|ee533e668b0b870659f5049031c507e4
38|2021-09-26T12:07:12.6570000+01:00|107ABEEC|Greiyan Fletz|00505022|106544|106544|10000|10000|25|0|100.5416|101.7013|0|-3.030282|0|0|0|0720|42700000|1068703B|14016A|41F00000|E0000000|0A0168|41F00000|E0000000|28FE0030|4512B559|107ABEEC|075A|40277D21|10675739|0204D1|4163E356|107ABEEC|0129|411978B6|1057B8A2|0839|4237847D|1068703B|0737|4237847D|1068703B|08A8|409E9FBE|107629AA|0513|41EDAE84|107ABEEC|8D|4128ED91|107629AA|071E|415B7CD9|1068703B|05B1|41113343|1075A2E4|0721|4170E133|1068703B|012B|40A00000|1057B8A2|0512|42110955|107ABEEC|0756|415B53FB|10675739||f00383e61a906bde7c955b6d43c655a4
26|2021-09-26T12:07:12.6570000+01:00|12b|Sacred Soil|5.00|1057B8A2|Alex Knightfall|107ABEEC|Greiyan Fletz|00|106544|97285||5b2cf693cb251d08d256d76c3f2fa047
38|2021-09-26T12:07:12.6570000+01:00|107401EC|Raesa Velan|00505019|96887|96887|3600|10000|33|0|100.1449|101.6403|0|-3.126636|0|0|0|0A016D|41F00000|E0000000|0A0168|41F00000|E0000000|29020030|4594113C|107401EC|A4|40E4313C|107401EC|08A8|409E9FBE|107629AA|0129|4110ED72|1057B8A2|8D|41205A1D|107629AA|075E|41475C2F|10675739|071E|41573320|1068703B|0738|41573320|1068703B|28F90031|41B6F3A2|107401EC|05B1|41157CFD|1075A2E4|02E1|41C5998A|107401EC|02E2|4000F5B9|107401EC|012B|40A00000|1057B8A2|0756|415D78D8|10675739||74776542ff3ee5257414ec77fb9f0cc0
26|2021-09-26T12:07:12.6570000+01:00|12b|Sacred Soil|5.00|1057B8A2|Alex Knightfall|107401EC|Raesa Velan|00|96887|97285||d2d9008a1288c2cc82bcf7ae32e7643e
38|2021-09-26T12:07:12.6570000+01:00|1057B8A2|Alex Knightfall|0050501C|97285|97285|9946|10000|26|0|99.96179|104.6921|0|3.122897|0|0|0|0A016D|41F00000|E0000000|1E016C|41F00000|E0000000|28FE0030|44DD3669|1057B8A2|020130|0|1057B8A2|0129|410A82F4|1057B8A2|28FA0031|413FFBBE|1057B8A2|04B4|4107BA62|1057B8A2|08A8|409E9FBE|107629AA|8D|4122872B|107629AA|071E|415FC27B|1068703B|0738|415FC27B|1068703B|05B1|4119C29E|1075A2E4|0798|4125E361|1057B8A2|012B|409E9FBE|1057B8A2|0756|4154E97D|10675739||f5ef030469bab43fcd66c80672e2f441
26|2021-09-26T12:07:12.6570000+01:00|12b|Sacred Soil|4.96|1057B8A2|Alex Knightfall|1057B8A2|Alex Knightfall|00|97285|97285||5d94c6fce2341861229b71dac67f0a3b
38|2021-09-26T12:07:12.6570000+01:00|107629AA|Joeson Lmoa|00505017|106059|106059|10000|10000|25|0|100.0915|102.6412|-0.001630505|-2.955594|0|0|0|0A016D|41F00000|E0000000|0A0168|41F00000|E0000000|28FE0030|4512B279|107629AA|7D|40CEA7F2|107629AA|0129|411753D9|1057B8A2|071E|41641051|1068703B|0738|41641051|1068703B|075D|411D581F|10675739|05B1|411E0C58|1075A2E4|012B|409E9FBE|1057B8A2|0756|41570E5A|10675739||72a27ba9847900addbc6ca0367b71973
26|2021-09-26T12:07:12.6570000+01:00|12b|Sacred Soil|4.96|1057B8A2|Alex Knightfall|107629AA|Joeson Lmoa|00|106059|97285||9cf2a7431c96b19c60b2c78a694ac234
38|2021-09-26T12:07:12.6570000+01:00|10675739|Jasy Heavensong|00505021|97086|97086|9464|10000|26|0|100.6332|102.7999|0|-3.041307|0|0|0|0A0168|41F00000|E0000000|0F016B|41F00000|E0000000|FFE70349|403E5634|10675739|28FE0030|4512AEE9|10675739|0756|4152C8B9|10675739|08A8|409D26E9|107629AA|0129|410EC896|1057B8A2|0347|0|10675739|05B1|411BEB94|1075A2E4|8D|411E395A|107629AA|071E|4161EB72|1068703B|0738|4161EB72|1068703B|0|0|0|012B|409E9FBE|1057B8A2||29a47f1b2c5211f371759cee762d2938
26|2021-09-26T12:07:12.6570000+01:00|12b|Sacred Soil|4.96|1057B8A2|Alex Knightfall|10675739|Jasy Heavensong|00|97086|97285||db77c385efcc73acc4a4a96ffada8269
38|2021-09-26T12:07:12.6570000+01:00|1068703B|Tomo Uchuu|00505026|106478|106478|10000|10000|25|0|100.7896|102.5833|0|-2.804393|0|0|0|14016A|41F00000|E0000000|0A0168|41F00000|E0000000|071F|42700000|1068703B|28FE0030|45135B26|1068703B|071C|C1A00000|1068703B|08A8|409D26E9|107629AA|0129|410CA3BA|1057B8A2|071D|4237847D|1068703B|0737|4237847D|1068703B|8D|4124A7F0|107629AA|071E|41550A2A|1068703B|0756|41593337|10675739|05B1|41179DC1|1075A2E4|0719|415FC27B|1068703B|0|0|0|0721|4170E133|1068703B|012B|409E9FBE|1057B8A2||21a068ee890ef926af26cc724b86e0b9
26|2021-09-26T12:07:12.6570000+01:00|71c|Flourishing Fan Dance|20.00|1068703B|Tomo Uchuu|1068703B|Tomo Uchuu|00|106478|106478||c0b458864cf5fa993b3397a4a4237546
26|2021-09-26T12:07:12.6570000+01:00|12b|Sacred Soil|4.96|1057B8A2|Alex Knightfall|1068703B|Tomo Uchuu|00|106478|97285||698e85d7027678ad6e7afee03eb805ee
38|2021-09-26T12:07:12.6570000+01:00|1075A2E4|Niru Summers|00505015|153077|153077|10000|10000|0|0|100.0839|95.47571|-0.01531982|0.01011467|0|0|0|0A016D|41F00000|E0000000|0A0168|41F00000|E0000000|5B|0|1075A2E4|28FD0030|45141D56|1075A2E4|012B|409E9FBE|1057B8A2|0|0|0|8D|412B0E56|107629AA|08A8|409D26E9|107629AA|28F60031|41ABEB6E|1075A2E4|5A|421B6993|1075A2E4|071E|4166352D|1068703B|0738|4166352D|1068703B|0756|4161C292|10675739|0730|3F94FDB5|10752D6C|0|0|0|320741|3FF39557|1075A2E4|FF9C0499|40DC395C|1075A2E4||16645b78c16286e433217fb4ac708f57
26|2021-09-26T12:07:12.6570000+01:00|12b|Sacred Soil|4.96|1057B8A2|Alex Knightfall|1075A2E4|Niru Summers|00|153077|97285||3de7aa6aa220818efa43f6084c41a028
38|2021-09-26T12:07:12.6570000+01:00|10752D6C|Volkon Vysk|00505025|152511|152511|10000|10000|26|0|99.8092|101.3961|0|3.062495|0|0|0|14016A|41F00000|E0000000|0A0168|41F00000|E0000000|28FD0030|4513FECA|10752D6C|08A8|409D26E9|107629AA|0129|4113124E|1057B8A2|28F60031|4197A1AF|10752D6C|8D|4126C8B5|107629AA|076A|41A58714|10752D6C|0727|4137D704|10752D6C|05B1|41135820|1075A2E4|071E|415957FC|1068703B|0738|415957FC|1068703B|012B|409E9FBE|1057B8A2|320742|3FF39557|1075A2E4|0756|415FA1CE|10675739|0734|C1200000|10752D6C||c7eeafa88532e6d561a93bdf90388581
26|2021-09-26T12:07:12.6570000+01:00|12b|Sacred Soil|4.96|1057B8A2|Alex Knightfall|10752D6C|Volkon Vysk|00|152511|97285||fe4c642d2216638d4357ed6abc3ed20a
31|2021-09-26T12:07:12.6570000+01:00|1068703B|460026|00|10752D00|8D|8c271e95a85f0cf2c3de368ae76864ed
24|2021-09-26T12:07:12.7010000+01:00|10752D6C|Volkon Vysk|HoT|742|25E9|152511|152511|10000|10000|0|1000|99.8092|101.3961|0|3.062495||45a33e7aa28e77d44d5c4881f4fa127d
37|2021-09-26T12:07:12.7010000+01:00|40011D69|Living Liquid|00008B89|11358175|12889320|10000|10000|0||100.1144|97.64246|0|-3.129225||10102d58dc1a59677d322e55d3e6055b
38|2021-09-26T12:07:12.7010000+01:00|107401EC|Raesa Velan|00505019|96887|96887|3600|10000|33|0|100.1449|101.6403|0|-3.126636|0|0|0|0A016D|41F00000|E0000000|0A0168|41F00000|E0000000|29020030|459410E0|107401EC|A4|40E2C098|107401EC|08A8|409D2F1A|107629AA|0129|41103520|1057B8A2|8D|411FA1CB|107629AA|075E|4146A3DD|10675739|071E|41567ACE|1068703B|0738|41567ACE|1068703B|28F90031|41B69779|107401EC|05B1|4114C4AB|1075A2E4|02E1|41C53D61|107401EC|02E2|409E8F5C|107401EC|012B|409E8F5C|1057B8A2|0756|415CC086|10675739||33264071a40c068694f9e5fb2eaa2c0a
26|2021-09-26T12:07:12.7010000+01:00|2e2|Circle Of Power|4.96|107401EC|Raesa Velan|107401EC|Raesa Velan|00|96887|96887||92d62eed02c8e72fd20a355fb8fe9367
38|2021-09-26T12:07:12.7010000+01:00|10752D6C|Volkon Vysk|00505025|152511|152511|10000|10000|26|0|99.8092|101.3961|0|3.062495|0|0|0|14016A|41F00000|E0000000|0A0168|41F00000|E0000000|28FD0030|4513FE12|10752D6C|08A8|409BB645|107629AA|0129|411259FC|1057B8A2|28F60031|41974586|10752D6C|8D|41261063|107629AA|076A|41A52AEB|10752D6C|0727|41371EB2|10752D6C|05B1|41129FCE|1075A2E4|071E|41589FAA|1068703B|0738|41589FAA|1068703B|012B|409D2F1A|1057B8A2|320742|3FEDD2C8|1075A2E4|0756|415EE97C|10675739|0734|C1200000|10752D6C||5a111f40592847f9d1ec0be131bfda6f
37|2021-09-26T12:07:12.8330000+01:00|40011D69|Living Liquid|00008B8B|11358151|12889320|10000|10000|0||100.1144|97.64246|0|-3.129225||e63a7227ba304b5529dd93037f5b21fa
21|2021-09-26T12:07:12.8340000+01:00|107629AA|Joeson Lmoa|406F|Burst Shot|40011D69|Living Liquid|720203|42030000|1B|406F8000|0|0|0|0|0|0|0|0|0|0|0|0|11358151|12889320|10000|10000|0|1000|100.1144|97.64246|0|-3.129225|106059|106059|10000|10000|0|1000|100.0289|102.491|-0.01531982|-2.818204|00008B8F|0|94a343bfab4df4665cee8e2c90c26603
20|2021-09-26T12:07:12.8780000+01:00|107401EC|Raesa Velan|DF9|Fire IV|40011D69|Living Liquid|2.23|100.1449|101.6403|0|-3.126636||0c1ec655b6d6b93df2bb9c3c5dba2703
21|2021-09-26T12:07:12.9230000+01:00|10752D6C|Volkon Vysk|3F1E|Eye Gouge|40011D69|Living Liquid|710203|38190000|0|0|0|0|0|0|0|0|0|0|0|0|0|0|11358151|12889320|10000|10000|0|1000|100.1144|97.64246|0|-3.129225|152511|152511|10000|10000|0|1000|99.8092|101.3961|0|3.08159|00008B90|0|b95eaf55bc7830b734ffc22b042ab009
38|2021-09-26T12:07:12.9230000+01:00|10752D6C|Volkon Vysk|00505025|152511|152511|10000|10000|26|0|99.8092|101.3961|0|3.08159|0|0|0|14016A|41F00000|E0000000|0A0168|41F00000|E0000000|28FD0030|4513FA86|10752D6C|08A8|40949BA4|107629AA|0129|410ECCAD|1057B8A2|28F60031|41957EDE|10752D6C|8D|41228314|107629AA|076A|41A36443|10752D6C|0727|41339163|10752D6C|05B1|410F127F|1075A2E4|071E|4155125B|1068703B|0738|4155125B|1068703B|012B|40961479|1057B8A2|320742|3FD16849|1075A2E4|0756|415B5C2D|10675739||53edbe6c8eed24623721135acde866d9
30|2021-09-26T12:07:12.9230000+01:00|734|Ready To Gouge|0.00|10752D6C|Volkon Vysk|10752D6C|Volkon Vysk|00|152511|152511||a960448be71624e92ca26a65ebb2b7d6
20|2021-09-26T12:07:13.1890000+01:00|1057B8A2|Alex Knightfall|409D|Broil III|40011D69|Living Liquid|2.43|99.96179|104.6921|0|3.122897||85cca035cd8ffaef2af01b9362034489
31|2021-09-26T12:07:13.1890000+01:00|1068703B|500026|00|00|00|859cc9b7d2a6be7254905daeeb81cdcb
37|2021-09-26T12:07:13.2340000+01:00|40011D69|Living Liquid|00008B88|11333165|12889320|10000|10000|0||100.1144|97.64246|0|-3.129225||3d772fc3a7390d1d3b423139d0271e6c
21|2021-09-26T12:07:13.2780000+01:00|107629AA|Joeson Lmoa|08|Shot|40011D69|Living Liquid|720003|131E0000|0|0|0|0|0|0|0|0|0|0|0|0|0|0|11333165|12889320|10000|10000|0|1000|100.1144|97.64246|0|-3.129225|106059|106059|10000|10000|0|1000|99.99477|102.4091|0|3.12213|00008B91|0|998fde518c687a346d0dc7471dd28c3b
37|2021-09-26T12:07:13.3230000+01:00|40011D69|Living Liquid|00008B8E|11317757|12889320|10000|10000|0||100.1144|97.64246|0|-3.129225||012ede79f50802ced3dc87675a958b7c
37|2021-09-26T12:07:13.3230000+01:00|1068703B|Tomo Uchuu|00008B8E|106478|106478|10000|10000|25||100.7896|102.5833|0|-3.005764|2600|0|0|01|0400355C|0|41A00000|1068703B||3cbe5698eeab58ba9babb0dad85d17d6
39|2021-09-26T12:07:13.3230000+01:00|40011DA6|Eos|92601|92601|10000|10000|0|0|100.1449|100.0533|0|-3.129033||2163183a6b94be0cf4a27027209a00be
21|2021-09-26T12:07:13.3230000+01:00|107ABEEC|Greiyan Fletz|1D46|Hissatsu: Kaiten|107ABEEC|Greiyan Fletz|320F|4CD8000|0|0|0|0|0|0|0|0|0|0|0|0|0|0|106544|106544|10000|10000|0|1000|100.5416|101.7013|0|-3.030282|106544|106544|10000|10000|0|1000|100.5416|101.7013|0|-3.030282|00008B92|0|25c4dc8f8948513566a9e5c8341ffdf9
38|2021-09-26T12:07:13.3230000+01:00|107ABEEC|Greiyan Fletz|00505022|106544|106544|10000|10000|25|0|100.5416|101.7013|0|-3.030282|0|0|0|0720|42700000|1068703B|14016A|41F00000|E0000000|0A0168|41F00000|E0000000|28FE0030|4512AAAD|107ABEEC|075A|3FF9793C|10675739|0204D1|41593337|107ABEEC|0129|410EC897|1057B8A2|0839|4234D879|1068703B|0737|4234D879|1068703B|08A8|40893F79|107629AA|0513|41E85673|107ABEEC|8D|411E3D72|107629AA|071E|4150CCBA|1068703B|05B1|41068324|1075A2E4|0721|41663114|1068703B|012B|408A9FBB|1057B8A2|0512|420E5D51|107ABEEC|0756|4150A3DC|10675739|04CD|C1200000|107ABEEC||72af6b7b15f45fb9d23fbbfcfdecc0d2
26|2021-09-26T12:07:13.3230000+01:00|4cd|Kaiten|10.00|107ABEEC|Greiyan Fletz|107ABEEC|Greiyan Fletz|00|106544|106544||051836ebdfc5a44746270c3f748ea536
38|2021-09-26T12:07:13.3230000+01:00|1068703B|Tomo Uchuu|00505026|106478|106478|10000|10000|25|0|100.7896|102.5833|0|-3.005764|0|0|0|14016A|41F00000|E0000000|0A0168|41F00000|E0000000|071F|42700000|1068703B|28FE0030|4513507A|1068703B|071C|419FA1CB|1068703B|08A8|4087C6A4|107629AA|0129|4101F39B|1057B8A2|071D|4234D879|1068703B|0737|4234D879|1068703B|8D|4119F7D1|107629AA|071E|414A5A0B|1068703B|0756|414E8318|10675739|05B1|410CEDA2|1075A2E4|0719|4155125C|1068703B|0|0|0|0721|41663114|1068703B|012B|40893F79|1057B8A2||373d644d3751e00771cd959565949fe8
26|2021-09-26T12:07:13.3230000+01:00|71f|Closed Position|60.00|1068703B|Tomo Uchuu|1068703B|Tomo Uchuu|00|106478|106478||c198c9eb553badd66bb9188d62217d7d
37|2021-09-26T12:07:13.3680000+01:00|40011D69|Living Liquid|00008B8A|11272247|12889320|10000|10000|0||100.1144|97.64246|0|-3.129225||301c0d0df762be81196755772262bb3b
37|2021-09-26T12:07:13.3680000+01:00|40011D69|Living Liquid|00008B8C|11237304|12889320|10000|10000|0||100.1144|97.64246|0|-3.129225||2dc4892d11fe6e7f8901218684b8f829
21|2021-09-26T12:07:13.3680000+01:00|10675739|Jasy Heavensong|40AB|Malefic IV|40011D69|Living Liquid|750003|3FD20000|1B|40AB8000|0|0|0|0|0|0|0|0|0|0|0|0|11333165|12889320|10000|10000|0|1000|100.1144|97.64246|0|-3.129225|97086|97086|9464|10000|0|1000|100.6332|102.7999|0|-3.041307|00008B93|0|aa62a5e221acd5c8e6a52d68ca779dc7
21|2021-09-26T12:07:13.3680000+01:00|1068703B|Tomo Uchuu|3E89|Fan Dance III|40011D69|Living Liquid|720203|33270000|0|0|0|0|0|0|0|0|0|0|0|0|0|0|11333165|12889320|10000|10000|0|1000|100.1144|97.64246|0|-3.129225|106478|106478|10000|10000|0|1000|100.7896|102.5833|0|-3.005764|00008B94|0|9714f3953057ba3a704d0adfa4693869
21|2021-09-26T12:07:13.3680000+01:00|1075A2E4|Niru Summers|07|Attack|40011D69|Living Liquid|710303|238E0000|204|11498000|0|0|0|0|0|0|0|0|0|0|0|0|11333165|12889320|10000|10000|0|1000|100.1144|97.64246|0|-3.129225|153077|153077|10000|10000|0|1000|100.0839|95.47571|-0.01531982|0.01011467|00008B95|0|aa80f7a3a3884b5acc0df0731373a8c9
38|2021-09-26T12:07:13.3680000+01:00|1068703B|Tomo Uchuu|00505026|106478|106478|10000|10000|25|0|100.7896|102.5833|0|-3.005764|0|0|0|14016A|41F00000|E0000000|0A0168|41F00000|E0000000|071F|42700000|1068703B|28FE0030|45134FC6|1068703B|0|0|0|08A8|40865E31|107629AA|0129|41013F62|1057B8A2|071D|4234AB6B|1068703B|0737|4234AB6B|1068703B|8D|41194398|107629AA|071E|4149A5D2|1068703B|0756|414DCEDF|10675739|05B1|410C3969|1075A2E4|0719|41545E23|1068703B|0|0|0|0721|41657CDB|1068703B|012B|4087D706|1057B8A2||3607229bd5c3cc33ea2c7e696d5f5349
30|2021-09-26T12:07:13.3680000+01:00|71c|Flourishing Fan Dance|0.00|1068703B|Tomo Uchuu|1068703B|Tomo Uchuu|00|106478|106478||7bcabf3678006f1eb3abe41d44b10e8f
37|2021-09-26T12:07:13.4120000+01:00|40011D69|Living Liquid|00008B8D|11214044|12889320|10000|10000|0||100.1144|97.64246|0|-3.129225||d2f6d1ad9b19a190cd620b7e108277e2
37|2021-09-26T12:07:13.4120000+01:00|107ABEEC|Greiyan Fletz|00008B8D|106544|106544|10000|10000|25||100.5416|101.7013|0|-3.030282|2200|0|0|01|1200330D|0|C1200000|107ABEEC||15be524c39155288c8d6b4c1f195ba04
21|2021-09-26T12:07:13.4120000+01:00|107ABEEC|Greiyan Fletz|07|Attack|40011D69|Living Liquid|710003|12A80000|0|0|0|0|0|0|0|0|0|0|0|0|0|0|11214044|12889320|10000|10000|0|1000|100.1144|97.64246|0|-3.129225|106544|106544|10000|10000|0|1000|100.5416|101.7013|0|-3.030282|00008B96|0|8ce55cb56f679d12cb8f8b014d8a0d5f
21|2021-09-26T12:07:13.5450000+01:00|10752D6C|Volkon Vysk|07|Attack|40011D69|Living Liquid|710003|E900000|0|0|0|0|0|0|0|0|0|0|0|0|0|0|11214044|12889320|10000|10000|0|1000|100.1144|97.64246|0|-3.129225|152511|152511|10000|10000|0|1000|99.8092|101.3961|0|3.126194|00008B97|0|bbc9f656ebecfeb3bff4c1e8608d83c5
38|2021-09-26T12:07:13.8580000+01:00|1075A2E4|Niru Summers|00505015|153077|153077|10000|10000|0|0|100.0839|95.47571|-0.01531982|0.01011467|0|0|0|0A016D|41F00000|E0000000|0A0168|41F00000|E0000000|5B|0|1075A2E4|28FD0030|45140A1E|1075A2E4|012B|4070417E|1057B8A2|0|0|0|8D|4117CEDD|107629AA|08A8|406D4FD5|107629AA|28F60031|41A24BAD|1075A2E4|5A|421699BC|1075A2E4|071E|4152F5B4|1068703B|0738|4152F5B4|1068703B|0756|414E8319|10675739|0|0|0|0|0|0|320741|3F3332E0|1075A2E4|FF9C0499|40B5BA5C|1075A2E4||de5284aed1739ac3fa484c9b61d10a91
30|2021-09-26T12:07:13.8580000+01:00|730|Heart Of Stone|0.00|10752D6C|Volkon Vysk|1075A2E4|Niru Summers|00|153077|152511||f200a9ead0871383d67c924eac9a7776
24|2021-09-26T12:07:13.9030000+01:00|10752D6C|Volkon Vysk|HoT|742|8A4|152511|152511|10000|10000|0|1000|99.8092|101.3961|0|3.130183||7daec25ceccd54b1b40d287efd96180d
37|2021-09-26T12:07:13.9030000+01:00|40011D69|Living Liquid|00008B95|11204942|12889320|10000|10000|0||100.1144|97.64246|0|-3.129225||1f5efc5f4f5c29df54583773c0a78dec
37|2021-09-26T12:07:13.9030000+01:00|40011D69|Living Liquid|00008B90|11190581|12889320|10000|10000|0||100.1144|97.64246|0|-3.129225||fa38f768d877b2765f7e4596a68d24a7
38|2021-09-26T12:07:13.9030000+01:00|10752D6C|Volkon Vysk|00505025|152511|152511|10000|10000|26|0|99.8092|101.3961|0|3.130183|0|0|0|14016A|41F00000|E0000000|0A0168|41F00000|E0000000|28FD0030|4513EADA|10752D6C|08A8|406A6E8D|107629AA|0129|40FE3506|1057B8A2|28F60031|418DA5C5|10752D6C|8D|4112D0EA|107629AA|076A|419B8B2A|10752D6C|0727|4123DF39|10752D6C|05B1|40FEC0AA|1075A2E4|071E|41456031|1068703B|0738|41456031|1068703B|012B|406D6036|1057B8A2|320742|3F27ADC1|1075A2E4|0756|414BAA03|10675739||46b17ab9ee1300f3a54159941a8a9d16
37|2021-09-26T12:07:13.9490000+01:00|40011D69|Living Liquid|00008B96|11185805|12889320|10000|10000|0||100.1144|97.64246|0|-3.129225||db285e3a8deadf72d8a960bd700d66f2
37|2021-09-26T12:07:13.9490000+01:00|107ABEEC|Greiyan Fletz|00008B96|106544|106544|10000|10000|25||100.5416|101.7013|0|-3.030282|2200|0|0|01|1200330D|0|C1200000|107ABEEC||c55dabf000185a791435d4b16e261774
37|2021-09-26T12:07:13.9490000+01:00|107ABEEC|Greiyan Fletz|00008B92|106544|106544|10000|10000|25||100.5416|101.7013|0|-3.030282|2200|0|0|01|1200330D|0|41200000|107ABEEC||5749d71be5b4f340ce7efb156098adb0
39|2021-09-26T12:07:13.9490000+01:00|10675739|Jasy Heavensong|97086|97086|9328|10000|0|0|100.6332|102.7999|0|-3.041307||cd8e4d0cd898a5769378da01a68a92b8
39|2021-09-26T12:07:13.9490000+01:00|1075A2E4|Niru Summers|153077|153077|10000|10000|0|0|100.0839|95.47571|-0.01531982|0.01011467||2390fc2c062039c0f91ca197d428f32c
39|2021-09-26T12:07:13.9490000+01:00|10752D6C|Volkon Vysk|152511|152511|10000|10000|0|0|99.8092|101.3961|0|3.130183||7bf1931314d622685c6323f0a11d557c
38|2021-09-26T12:07:13.9490000+01:00|107ABEEC|Greiyan Fletz|00505022|106544|106544|10000|10000|25|0|100.5416|101.7013|0|-3.030282|0|0|0|0720|42700000|1068703B|14016A|41F00000|E0000000|0A0168|41F00000|E0000000|28FE0030|4512A0B1|107ABEEC|075A|3FA9793D|10675739|0204D1|414F3339|107ABEEC|0129|4104C899|1057B8A2|0839|4232587E|1068703B|0737|4232587E|1068703B|08A8|406A7EEE|107629AA|0513|41E35671|107ABEEC|8D|41143D74|107629AA|071E|4146CCBC|1068703B|05B1|40F9064B|1075A2E4|0721|415C3116|1068703B|012B|406D3F72|1057B8A2|0512|420BDD56|107ABEEC|0756|4146A3DE|10675739|04CD|411F47AE|107ABEEC||94733ee3e298a2dd5cc2a0f237e934fa
26|2021-09-26T12:07:13.9490000+01:00|720|Dance Partner|60.00|1068703B|Tomo Uchuu|107ABEEC|Greiyan Fletz|00|106544|106478||95c082d9fd7602d3c362f8729e4c3dca
37|2021-09-26T12:07:13.9930000+01:00|40011D69|Living Liquid|00008B94|11172710|12889320|10000|10000|0||100.1144|97.64246|0|-3.129225||563e87f7903e05268d117bed17e6ce7d
24|2021-09-26T12:07:13.9940000+01:00|40011D69|Living Liquid|DoT|0|4D5D|11190581|12889320|10000|10000|0|1000|100.1144|97.64246|0|-3.129225||a4618ccd8a714f7a3315bdde748d579a
36|2021-09-26T12:07:13.9940000+01:00|0528|3|0f0ba6b461fa15812c3ed6e3b1a3172f
38|2021-09-26T12:07:13.9940000+01:00|107401EC|Raesa Velan|00505019|96887|96887|3600|10000|33|0|100.1449|101.6403|0|-3.126636|0|0|0|0A016D|41F00000|E0000000|0A0168|41F00000|E0000000|29020030|4594068C|107401EC|A4|41900000|107401EC|08A8|40679DA6|107629AA|0129|40F70A05|1057B8A2|8D|410AF1AE|107629AA|075E|4131F3C0|10675739|071E|4141CAB1|1068703B|0738|4141CAB1|1068703B|28F90031|41AC3F66|107401EC|05B1|4100148E|1075A2E4|02E1|41BAE54E|107401EC|02E2|406A5E2A|107401EC|012B|406A5E2A|1057B8A2|0756|41481069|10675739||732bc2a88582b41c37026559c3d102d9
26|2021-09-26T12:07:13.9940000+01:00|a4|Thundercloud|18.00|107401EC|Raesa Velan|107401EC|Raesa Velan|00|96887|96887||1d5879b6ce95a18fa39a045622908385
38|2021-09-26T12:07:13.9940000+01:00|40011D69|Living Liquid|00505000|11152905|12889320|10000|10000|0|0|100.1144|97.64246|0|-3.129225|0|0|0|0767|416CED52|1057B8A2|2804B1|4172ABC7|107629AA|0759|41791647|10675739|2804B0|418DA5C5|107629AA|0A00A3|413CB002|107401EC|04C5|41018119|1057B8A2|072D|41BDBC59|10752D6C||e009d0c96d3964766ac69bdc585c6ecd
37|2021-09-26T12:07:14.0380000+01:00|40011D69|Living Liquid|00008B91|11148011|12889320|10000|10000|0||100.1144|97.64246|0|-3.129225||b35b0c06fe8e684e938981367552ded6
37|2021-09-26T12:07:14.0830000+01:00|40011D69|Living Liquid|00008B97|11144283|12889320|10000|10000|0||100.1144|97.64246|0|-3.129225||dd61784bf11dc510bd4727aa1c744ab9
39|2021-09-26T12:07:14.0830000+01:00|107629AA|Joeson Lmoa|106059|106059|10000|10000|0|0|99.99231|102.4032|0|3.12213||27bf047471d2a291d4029ee0498e355f
21|2021-09-26T12:07:14.0830000+01:00|107ABEEC|Greiyan Fletz|1D4A|Third Eye|107ABEEC|Greiyan Fletz|F60F|4D08000|0|0|0|0|0|0|0|0|0|0|0|0|0|0|106544|106544|10000|10000|0|1000|100.5416|101.7013|0|-3.030282|106544|106544|10000|10000|0|1000|100.5416|101.7013|0|-3.030282|00008B98|0|f65ac519669abb785096fea3bde346d1
38|2021-09-26T12:07:14.0830000+01:00|107ABEEC|Greiyan Fletz|00505022|106544|106544|10000|10000|25|0|100.5416|101.7013|0|-3.030282|0|0|0|0720|42700000|1068703B|14016A|41F00000|E0000000|0A0168|41F00000|E0000000|28FE0030|45129E8D|107ABEEC|075A|3F985254|10675739|0204D1|414D0E5C|107ABEEC|0129|4102A3BC|1057B8A2|0839|4231CF48|1068703B|0737|4231CF48|1068703B|08A8|4061EB79|107629AA|0513|41E24402|107ABEEC|8D|41121897|107629AA|071E|4144A7DF|1068703B|05B1|40F4BC90|1075A2E4|0721|415A0C39|1068703B|012B|4064ABFD|1057B8A2|0512|420B5420|107ABEEC|0756|41447F01|10675739|04CD|411D22D1|107ABEEC|04D0|C0400000|107ABEEC||14534875eb3ecad0a91ef56ecf9fc924
26|2021-09-26T12:07:14.0830000+01:00|4d0|Third Eye|3.00|107ABEEC|Greiyan Fletz|107ABEEC|Greiyan Fletz|00|106544|106544||91b4f252a19d1968f2912342f5f0980f
39|2021-09-26T12:07:14.1720000+01:00|1057B8A2|Alex Knightfall|97285|97285|10000|10000|0|0|99.96179|104.6921|0|3.122897||8aac6b2181c52603290983a13881eb60
39|2021-09-26T12:07:14.2170000+01:00|107401EC|Raesa Velan|96887|96887|3600|10000|0|0|100.1449|101.6403|0|-3.126636||b85997af619f16098b73a2a20f0c1b85
21|2021-09-26T12:07:14.2610000+01:00|1068703B|Tomo Uchuu|07|Attack|40011D69|Living Liquid|720303|24BE0000|0|0|0|0|0|0|0|0|0|0|0|0|0|0|11144283|12889320|10000|10000|0|1000|100.1144|97.64246|0|-3.129225|106478|106478|10000|10000|0|1000|100.7896|102.5833|0|-2.762506|00008B99|0|47c2b4d249fa22c0ceb233dddbbb7163
31|2021-09-26T12:07:14.2610000+01:00|1068703B|5A0026|00|00|00|44361e7b7cbcb3a4933f91b8ad45e495
37|2021-09-26T12:07:14.3050000+01:00|40011D69|Living Liquid|00008B8F|11127384|12889320|10000|10000|0||100.1144|97.64246|0|-3.129225||45340a4c5285485050ffaf1353617993
37|2021-09-26T12:07:14.4400000+01:00|40011D69|Living Liquid|00008B93|11111046|12889320|10000|10000|0||100.1144|97.64246|0|-3.129225||ac5f159400cf54a8c5d3d4258122a260
21|2021-09-26T12:07:14.4400000+01:00|10752D6C|Volkon Vysk|3F11|Solid Barrel|40011D69|Living Liquid|4B710103|5AEF0000|13D|ED8000|11B|3F118000|0|0|0|0|0|0|0|0|0|0|11127384|12889320|10000|10000|0|1000|100.1144|97.64246|0|-3.129225|152511|152511|10000|10000|0|1000|99.8092|101.3961|0|3.119631|00008B9A|0|b0716eed4814f4e01d89ca926dd75001
21|2021-09-26T12:07:14.4850000+01:00|1068703B|Tomo Uchuu|3E7D|Standard Step|1068703B|Tomo Uchuu|E|71A0000|0|0|0|0|0|0|0|0|0|0|0|0|0|0|106478|106478|10000|10000|0|1000|100.7896|102.5833|0|-2.781355|106478|106478|10000|10000|0|1000|100.7896|102.5833|0|-2.781355|00008B9B|0|a841f05f3d651930dc9c28609fe13276
21|2021-09-26T12:07:14.4850000+01:00|1075A2E4|Niru Summers|DDD|Fell Cleave|40011D69|Living Liquid|710303|9F9B0000|204|4D9B8000|0|0|0|0|0|0|0|0|0|0|0|0|11111046|12889320|10000|10000|0|1000|100.1144|97.64246|0|-3.129225|153077|153077|10000|10000|0|1000|100.0839|95.47571|-0.01531982|0.01011467|00008B9C|0|9b76f9fed395e66fdf1b66839c7b1606
38|2021-09-26T12:07:14.4850000+01:00|1068703B|Tomo Uchuu|00505026|106478|106478|10000|10000|25|0|100.7896|102.5833|0|-2.781355|0|0|0|14016A|41F00000|E0000000|0A0168|41F00000|E0000000|071F|42700000|1068703B|28FE0030|45133DEE|1068703B|071A|C1700000|1068703B|08A8|40453F71|107629AA|0129|40DEC048|1057B8A2|071D|423033A5|1068703B|0737|423033A5|1068703B|8D|4107645F|107629AA|071E|4137C699|1068703B|0756|413BEFA6|10675739|05B1|40F4B45D|1075A2E4|0719|41427EEA|1068703B|0|0|0|0721|41539DA2|1068703B|012B|4048311A|1057B8A2||1a94ad03bfbae53782798ab595ebbfd4
26|2021-09-26T12:07:14.4850000+01:00|71a|Standard Step|15.00|1068703B|Tomo Uchuu|1068703B|Tomo Uchuu|00|106478|106478||3ad73e3bc1b88d6ecab8dffd29f0c005
31|2021-09-26T12:07:14.4850000+01:00|1068703B|45A0026|01|10762900|129|0b33b827caed6520465f0ae79ec20490
21|2021-09-26T12:07:14.5740000+01:00|107401EC|Raesa Velan|DF9|Fire IV|40011D69|Living Liquid|150203|DD430000|1B|DF98000|0|0|0|0|0|0|0|0|0|0|0|0|11111046|12889320|10000|10000|0|1000|100.1144|97.64246|0|-3.129225|96887|96887|3600|10000|0|1000|100.1449|101.6403|0|-3.126636|00008B9D|0|48ff7da095b830ef8eb0a169e2f325f3
38|2021-09-26T12:07:14.5740000+01:00|1075A2E4|Niru Summers|00505015|153077|153077|10000|10000|0|0|100.0839|95.47571|-0.01531982|0.01011467|0|0|0|0A016D|41F00000|E0000000|0A0168|41F00000|E0000000|5B|0|1075A2E4|28FD0030|4513FEAE|1075A2E4|012B|40426E8B|1057B8A2|0|0|0|8D|410C5A22|107629AA|08A8|403F7CE2|107629AA|28F60031|419C914E|1075A2E4|5A|4213BC92|1075A2E4|071E|414780F9|1068703B|0738|414780F9|1068703B|0756|41430E5E|10675739|0|0|0|0|0|0|0|0|0|FF9C0499|409ED0E0|1075A2E4||d9dedd7f2e632ff02f25d3a3dafccbd8
30|2021-09-26T12:07:14.5740000+01:00|741|Nascent Flash|0.00|1075A2E4|Niru Summers|1075A2E4|Niru Summers|32|153077|153077||f2b12035b2807cf06cbee5384dcc8c8d
38|2021-09-26T12:07:14.5740000+01:00|10752D6C|Volkon Vysk|00505025|152511|152511|10000|10000|26|0|99.8092|101.3961|0|3.062495|0|0|0|14016A|41F00000|E0000000|0A0168|41F00000|E0000000|28FD0030|4513E022|10752D6C|08A8|403F7CE2|107629AA|0129|40E8BC2E|1057B8A2|28F60031|4188478F|10752D6C|8D|41081481|107629AA|076A|41962CF4|10752D6C|0727|411922D0|10752D6C|05B1|40E947D2|1075A2E4|071E|413AA3C8|1068703B|0738|413AA3C8|1068703B|012B|40426E8B|1057B8A2|0|0|0|0756|4140ED9A|10675739||3c3cf31864d5a78f369f6c2b1f4251b8
30|2021-09-26T12:07:14.5740000+01:00|742|Nascent Glint|0.00|1075A2E4|Niru Summers|10752D6C|Volkon Vysk|32|152511|153077||b59b645a8b528545e059a4935f1c74a1
22|2021-09-26T12:07:14.6190000+01:00|10675739|Jasy Heavensong|40AD|Horoscope|10675739|Jasy Heavensong|C80E|7620000|0|0|0|0|0|0|0|0|0|0|0|0|0|0|97086|97086|9328|10000|0|1000|100.6332|102.7999|0|-3.041307|97086|97086|9328|10000|0|1000|100.6332|102.7999|0|-3.041307|00008B9E|0|d733c4945c395c5523dc504bf394cd9e
22|2021-09-26T12:07:14.6190000+01:00|10675739|Jasy Heavensong|40AD|Horoscope|1068703B|Tomo Uchuu|C80E|7620000|0|0|0|0|0|0|0|0|0|0|0|0|0|0|106478|106478|10000|10000|0|1000|100.7896|102.5833|0|-2.796016|97086|97086|9328|10000|0|1000|100.6332|102.7999|0|-3.041307|00008B9E|1|1a800464f1918d19f1da2a5066a0435f
22|2021-09-26T12:07:14.6190000+01:00|10675739|Jasy Heavensong|40AD|Horoscope|107629AA|Joeson Lmoa|C80E|7620000|0|0|0|0|0|0|0|0|0|0|0|0|0|0|106059|106059|10000|10000|0|1000|99.99231|102.4032|0|3.12213|97086|97086|9328|10000|0|1000|100.6332|102.7999|0|-3.041307|00008B9E|2|90d35e981c6e6b75ba70d82b3f150400
22|2021-09-26T12:07:14.6190000+01:00|10675739|Jasy Heavensong|40AD|Horoscope|107ABEEC|Greiyan Fletz|C80E|7620000|0|0|0|0|0|0|0|0|0|0|0|0|0|0|106544|106544|10000|10000|0|1000|100.5416|101.7013|0|-3.030282|97086|97086|9328|10000|0|1000|100.6332|102.7999|0|-3.041307|00008B9E|3|5aef4afbf818c5a74e74a4a4c92da207
22|2021-09-26T12:07:14.6190000+01:00|10675739|Jasy Heavensong|40AD|Horoscope|107401EC|Raesa Velan|C80E|7620000|0|0|0|0|0|0|0|0|0|0|0|0|0|0|96887|96887|3600|10000|0|1000|100.1449|101.6403|0|-3.126636|97086|97086|9328|10000|0|1000|100.6332|102.7999|0|-3.041307|00008B9E|4|3cf4121a0a428cb3dcdd915d62ae3816
22|2021-09-26T12:07:14.6190000+01:00|10675739|Jasy Heavensong|40AD|Horoscope|10752D6C|Volkon Vysk|C80E|7620000|0|0|0|0|0|0|0|0|0|0|0|0|0|0|152511|152511|10000|10000|0|1000|99.8092|101.3961|0|3.062495|97086|97086|9328|10000|0|1000|100.6332|102.7999|0|-3.041307|00008B9E|5|9550c2d5ccb9fb9821ca99b8de756c5e
22|2021-09-26T12:07:14.6190000+01:00|10675739|Jasy Heavensong|40AD|Horoscope|1057B8A2|Alex Knightfall|C80E|7620000|0|0|0|0|0|0|0|0|0|0|0|0|0|0|97285|97285|10000|10000|0|1000|99.96179|104.6921|0|3.122897|97086|97086|9328|10000|0|1000|100.6332|102.7999|0|-3.041307|00008B9E|6|20fa0abe357ba7542ba5cc5afcc6f0ca
22|2021-09-26T12:07:14.6190000+01:00|10675739|Jasy Heavensong|40AD|Horoscope|1075A2E4|Niru Summers|C80E|7620000|0|0|0|0|0|0|0|0|0|0|0|0|0|0|153077|153077|10000|10000|0|1000|100.0839|95.47571|-0.01531982|0.01011467|97086|97086|9328|10000|0|1000|100.6332|102.7999|0|-3.041307|00008B9E|7|4ede7645c71249514776b82fc8b785e8
38|2021-09-26T12:07:14.6190000+01:00|107ABEEC|Greiyan Fletz|00505022|106544|106544|10000|10000|25|0|100.5416|101.7013|0|-3.030282|0|0|0|0720|42700000|1068703B|14016A|41F00000|E0000000|0A0168|41F00000|E0000000|28FE0030|45129601|107ABEEC|075A|3F27AEE6|10675739|0204D1|41447F01|107ABEEC|0129|40F428BD|1057B8A2|0839|422FAB74|1068703B|0737|422FAB74|1068703B|08A8|403FAE08|107629AA|0513|41DDFC54|107ABEEC|8D|4109893C|107629AA|071E|413C1884|1068703B|05B1|40E39DD5|1075A2E4|0721|41517CDE|1068703B|012B|40426E8C|1057B8A2|0512|4209304C|107ABEEC|0756|413BEFA6|10675739|04CD|41149376|107ABEEC|04D0|C0400000|107ABEEC|0762|C1200000|10675739||18ef9855f8af7f38e5aa383acb23abc4
26|2021-09-26T12:07:14.6190000+01:00|762|Horoscope|10.00|10675739|Jasy Heavensong|107ABEEC|Greiyan Fletz|00|106544|97086||2e749ce07cb8e9e6b8cbc41de3e0e095
38|2021-09-26T12:07:14.6190000+01:00|107401EC|Raesa Velan|00505019|96887|96887|2000|10000|33|0|100.1449|101.6403|0|-3.126636|0|0|0|0A016D|41F00000|E0000000|0A0168|41F00000|E0000000|29020030|45940190|107401EC|A4|418B020C|107401EC|08A8|403FAE08|107629AA|0129|40E31233|1057B8A2|8D|4100F5C8|107629AA|075E|4127F7DA|10675739|071E|4137CECB|1068703B|0738|4137CECB|1068703B|28F90031|41A74172|107401EC|05B1|40EC314A|1075A2E4|02E1|41B5E75A|107401EC|02E2|40426E8C|107401EC|012B|40426E8C|1057B8A2|0756|413E1483|10675739|0762|C1200000|10675739||9ffbb1ff66bc7fe3e78a56385642a65b
26|2021-09-26T12:07:14.6190000+01:00|762|Horoscope|10.00|10675739|Jasy Heavensong|107401EC|Raesa Velan|00|96887|97086||a42d14e10aacc99290efb1df9f4cedd8
38|2021-09-26T12:07:14.6190000+01:00|1057B8A2|Alex Knightfall|0050501C|97285|97285|10000|10000|26|0|99.96179|104.6921|0|3.122897|0|0|0|0A016D|41F00000|E0000000|1E016C|41F00000|E0000000|28FE0030|44DCF7A0|1057B8A2|020130|0|1057B8A2|0129|40D63D30|1057B8A2|28FA0031|41209769|1057B8A2|04B4|40D0AC0C|1057B8A2|08A8|403FAE08|107629AA|8D|410322D6|107629AA|071E|41405E26|1068703B|0738|41405E26|1068703B|05B1|40F4BC8E|1075A2E4|0798|41067F0C|1057B8A2|012B|403FAE08|1057B8A2|0756|41358528|10675739|0762|C1200000|10675739||9956601791527f116477405925cf8d84
26|2021-09-26T12:07:14.6190000+01:00|762|Horoscope|10.00|10675739|Jasy Heavensong|1057B8A2|Alex Knightfall|00|97285|97086||3c177a51bb0ebcae9a0f47bebbb45a01
38|2021-09-26T12:07:14.6190000+01:00|107629AA|Joeson Lmoa|00505017|106059|106059|10000|10000|25|0|99.99231|102.4032|0|3.12213|0|0|0|0A016D|41F00000|E0000000|0A0168|41F00000|E0000000|28FE0030|45129321|107629AA|7D|408FDF34|107629AA|0129|40EFDF03|1057B8A2|071E|4144ABFC|1068703B|0738|4144ABFC|1068703B|075D|40FBE792|10675739|05B1|40FD5005|1075A2E4|012B|403FAE08|1057B8A2|0756|4137AA05|10675739|0762|C1200000|10675739||555868845b1a6d994987ac2bc8cb2f63
26|2021-09-26T12:07:14.6190000+01:00|762|Horoscope|10.00|10675739|Jasy Heavensong|107629AA|Joeson Lmoa|00|106059|97086||57923151d2aa45929299ad72a910e924
38|2021-09-26T12:07:14.6190000+01:00|10675739|Jasy Heavensong|00505021|97086|97086|9328|10000|26|0|100.6332|102.7999|0|-3.041307|0|0|0|0A0168|41F00000|E0000000|0F016B|41F00000|E0000000|FFE70349|3F81899C|10675739|28FE0030|45128F91|10675739|0756|41336464|10675739|08A8|403CBC5F|107629AA|0129|40DEC878|1057B8A2|0347|0|10675739|05B1|40F90E7C|1075A2E4|8D|40FDAA09|107629AA|071E|4142871D|1068703B|0738|4142871D|1068703B|0762|C1200000|10675739|012B|403FAE08|1057B8A2||779a505d04758b528a07afd217270536
26|2021-09-26T12:07:14.6190000+01:00|762|Horoscope|10.00|10675739|Jasy Heavensong|10675739|Jasy Heavensong|00|97086|97086||3e565f8c6c0fee5f7f50408532eb7ea9
38|2021-09-26T12:07:14.6190000+01:00|1068703B|Tomo Uchuu|00505026|106478|106478|10000|10000|25|0|100.7896|102.5833|0|-2.796016|0|0|0|14016A|41F00000|E0000000|0A0168|41F00000|E0000000|071F|42700000|1068703B|28FE0030|45133BCE|1068703B|071A|C1700000|1068703B|08A8|403CBC5F|107629AA|0129|40DA7EBE|1057B8A2|071D|422FAB74|1068703B|0737|422FAB74|1068703B|8D|4105439B|107629AA|071E|4135A5D5|1068703B|0756|4139CEE2|10675739|05B1|40F072D3|1075A2E4|0719|41405E26|1068703B|0762|C1200000|10675739|0721|41517CDE|1068703B|012B|403FAE08|1057B8A2||82a64911ede5f491ee8a0511c4b19beb
26|2021-09-26T12:07:14.6190000+01:00|762|Horoscope|10.00|10675739|Jasy Heavensong|1068703B|Tomo Uchuu|00|106478|97086||50ddf1e6cb547e558c8df723a8a91f35
38|2021-09-26T12:07:14.6190000+01:00|1075A2E4|Niru Summers|00505015|153077|153077|10000|10000|0|0|100.0839|95.47571|-0.01531982|0.01011467|0|0|0|0A016D|41F00000|E0000000|0A0168|41F00000|E0000000|5B|0|1075A2E4|28FD0030|4513FDFE|1075A2E4|012B|403FAE08|1057B8A2|0762|C1200000|10675739|8D|410BAA01|107629AA|08A8|403CBC5F|107629AA|28F60031|419C393E|1075A2E4|5A|4213908A|1075A2E4|071E|4146D0D8|1068703B|0738|4146D0D8|1068703B|0756|41425E3D|10675739|0|0|0|0|0|0|0|0|0|FF9C0499|409D709E|1075A2E4||fdcc9a7e1cd227913eeccde102bf016f
26|2021-09-26T12:07:14.6190000+01:00|762|Horoscope|10.00|10675739|Jasy Heavensong|1075A2E4|Niru Summers|00|153077|97086||034e50ab601f255770dfc3d755181f7c
38|2021-09-26T12:07:14.6190000+01:00|10752D6C|Volkon Vysk|00505025|152511|152511|10000|10000|26|0|99.8092|101.3961|0|3.062495|0|0|0|14016A|41F00000|E0000000|0A0168|41F00000|E0000000|28FD0030|4513DF72|10752D6C|08A8|403CBC5F|107629AA|0129|40E75BEC|1057B8A2|28F60031|4187EF7F|10752D6C|8D|41076460|107629AA|076A|4195D4E4|10752D6C|0727|411872AF|10752D6C|05B1|40E7E790|1075A2E4|071E|4139F3A7|1068703B|0738|4139F3A7|1068703B|012B|403FAE08|1057B8A2|0762|C1200000|10675739|0756|41403D79|10675739||c725b8743c5c8d51877201f42692fe72
26|2021-09-26T12:07:14.6190000+01:00|762|Horoscope|10.00|10675739|Jasy Heavensong|10752D6C|Volkon Vysk|00|152511|97086||63470f5379b4cfe8e061977daad1e19d
37|2021-09-26T12:07:14.7060000+01:00|107ABEEC|Greiyan Fletz|00008B98|106544|106544|10000|10000|25||100.5416|101.7013|0|-3.030282|2200|0|0|02|13003310|0|40400000|107ABEEC|140041A2|0|C1200000|10675739||d169abf855507ace91e334cceb7eda4d
38|2021-09-26T12:07:14.7070000+01:00|107ABEEC|Greiyan Fletz|00505022|106544|106544|10000|10000|25|0|100.5416|101.7013|0|-3.030282|0|0|0|0720|42700000|1068703B|14016A|41F00000|E0000000|0A0168|41F00000|E0000000|28FE0030|45129491|107ABEEC|075A|3F10A4A8|10675739|0204D1|41430E5D|107ABEEC|0129|40F14775|1057B8A2|0839|422F4F4C|1068703B|0737|422F4F4C|1068703B|08A8|4039EB78|107629AA|0513|41DD4402|107ABEEC|8D|41081898|107629AA|071E|413AA7E0|1068703B|05B1|40E0BC8D|1075A2E4|0721|41500C3A|1068703B|012B|403CABFC|1057B8A2|0512|4208D424|107ABEEC|0756|413A7F02|10675739|04CD|411322D2|107ABEEC|04D0|403D1EB8|107ABEEC|0762|C1200000|10675739||d73590b56a2a352bc23c2cbf453aedde
37|2021-09-26T12:07:14.7960000+01:00|40011D69|Living Liquid|00008B99|11101640|12889320|10000|10000|0||100.1144|97.64246|0|-3.129225||60439e39f16cb21c3f608b4d80983c27
37|2021-09-26T12:07:14.7960000+01:00|1068703B|Tomo Uchuu|00008B99|106478|106478|10000|10000|25||100.7896|102.5833|0|-2.814865|2600|0|0|02|0400355A|0|C1700000|1068703B|0E0041A2|0|C1200000|10675739||d3240b0bc66070d80100c1c7998d2abd
20|2021-09-26T12:07:14.7960000+01:00|107ABEEC|Greiyan Fletz|1D3F|Midare Setsugekka|40011D69|Living Liquid|1.30|100.5416|101.7013|0|-3.030282||3e248fc1c324838051dcbc679bf99e88
21|2021-09-26T12:07:14.8850000+01:00|107629AA|Joeson Lmoa|6E|Bloodletter|40011D69|Living Liquid|720303|3D300000|0|0|0|0|0|0|0|0|0|0|0|0|0|0|11111046|12889320|10000|10000|0|1000|100.1144|97.64246|0|-3.129225|106059|106059|10000|10000|0|1000|99.99231|102.4032|0|3.12213|00008B9F|0|20c9ffeec49a440822d6de22134368d0
04|2021-09-26T12:07:14.5370000+01:00|40011dc3|Earthly Star|0|50|10675739|0||6565|7245|0|92424|0|10000|0|0|100.0739|100.0579|0|0.04501343||127e7ba53a1eef8c9b110bc161489a7f
37|2021-09-26T12:07:15.1080000+01:00|40011D69|Living Liquid|00008B9C|11060781|12889320|10000|10000|0||100.1144|97.64246|0|-3.129225||0198989da034f35e31b0f3c8c413f1e7
37|2021-09-26T12:07:15.1080000+01:00|1075A2E4|Niru Summers|00008B9C|153077|153077|10000|10000|0||100.0839|95.47571|-0.01531982|0.01011467|1500|0|0|01|050035A2|0|C1200000|10675739||7bf64fc82a5afc0ce9051b3f248e07b4
21|2021-09-26T12:07:15.1080000+01:00|1057B8A2|Alex Knightfall|409D|Broil III|40011D69|Living Liquid|750003|510E0000|1B|409D8000|0|0|0|0|0|0|0|0|0|0|0|0|11060781|12889320|10000|10000|0|1000|100.1144|97.64246|0|-3.129225|97285|97285|9600|10000|0|1000|99.96179|104.6921|0|3.122897|00008BA0|0|d208a1b4dd8d623621404de5db453a2b
21|2021-09-26T12:07:15.1540000+01:00|10752D6C|Volkon Vysk|3F0E|Royal Guard|10752D6C|Volkon Vysk|280E|7290000|0|0|0|0|0|0|0|0|0|0|0|0|0|0|152511|152511|10000|10000|0|1000|99.8092|101.3961|0|3.062495|152511|152511|10000|10000|0|1000|99.8092|101.3961|0|3.062495|00008BA1|0|affee03ecd5791c661b120d5332317b3
38|2021-09-26T12:07:15.1540000+01:00|10752D6C|Volkon Vysk|00505025|152511|152511|10000|10000|26|0|99.8092|101.3961|0|3.062495|0|0|0|14016A|41F00000|E0000000|0A0168|41F00000|E0000000|28FD0030|4513D6E2|10752D6C|08A8|401A6E8C|107629AA|0129|40D63500|1057B8A2|28F60031|4183A5C3|10752D6C|8D|40FDA1D8|107629AA|076A|41918B28|10752D6C|0727|410FDF3C|10752D6C|05B1|40D6C0A4|1075A2E4|071E|41316034|1068703B|0738|41316034|1068703B|012B|401D6035|1057B8A2|0762|C1200000|10675739|0756|4137AA06|10675739|0729|80000000|10752D6C||fbca4f1a38242689688c1a14563ff8bf
26|2021-09-26T12:07:15.1540000+01:00|729|Royal Guard|9999.00|10752D6C|Volkon Vysk|10752D6C|Volkon Vysk|00|152511|152511||6c09a8f3de55a0fe4443154a8181e4da
37|2021-09-26T12:07:15.1970000+01:00|1068703B|Tomo Uchuu|00008B9B|106478|106478|10000|10000|25||100.7896|102.5833|0|-2.804393|2600|0|0|02|0400355A|0|41700000|1068703B|0E0041A2|0|C1200000|10675739||62b0ce8023a114d24ef5f8a5b959f644
20|2021-09-26T12:07:15.1970000+01:00|107401EC|Raesa Velan|4079|Despair|40011D69|Living Liquid|2.38|100.1449|101.6403|0|-3.126636||33945a728be1670bf075ca8c31a4ee62
38|2021-09-26T12:07:15.1970000+01:00|1068703B|Tomo Uchuu|00505026|106478|106478|10000|10000|25|0|100.7896|102.5833|0|-2.804393|0|0|0|14016A|41F00000|E0000000|0A0168|41F00000|E0000000|071F|42700000|1068703B|28FE0030|4513328A|1068703B|071A|416F4BC7|1068703B|08A8|40179DA7|107629AA|0129|40C7EF5F|1057B8A2|071D|422D598D|1068703B|0737|422D598D|1068703B|8D|40F7F7D9|107629AA|071E|412C5E29|1068703B|0756|41308736|10675739|05B1|40DDE374|1075A2E4|0719|4137167A|1068703B|0762|C1200000|10675739|0721|41483532|1068703B|012B|401A8F50|1057B8A2||95bf9eb62f7826355eca04128fa26cc4
37|2021-09-26T12:07:15.2420000+01:00|10675739|Jasy Heavensong|00008B9E|97086|97086|9328|10000|26||100.6332|102.7999|0|-3.041307|2100|0|0|01|0C0035A2|0|41200000|10675739||dfb3f8388fac78fe230a036293283f16
21|2021-09-26T12:07:15.2420000+01:00|1075A2E4|Niru Summers|1D6F|Reprisal|40011D69|Living Liquid|F60E|4A90000|0|0|0|0|0|0|0|0|0|0|0|0|0|0|11060781|12889320|10000|10000|0|1000|100.1144|97.64246|0|-3.129225|153077|153077|10000|10000|0|1000|100.0839|95.47571|-0.01531982|0.01011467|00008BA2|0|6f493cd38dae89249c77a3ad0855bc40
38|2021-09-26T12:07:15.2420000+01:00|10675739|Jasy Heavensong|00505021|97086|97086|9328|10000|26|0|100.6332|102.7999|0|-3.041307|0|0|0|0A0168|41F00000|E0000000|0F016B|41F00000|E0000000|FFE70349|3EC6A982|10675739|28FE0030|45128599|10675739|0756|4129687F|10675739|08A8|4014CCC2|107629AA|0129|40CAD0A6|1057B8A2|0347|0|10675739|05B1|40E516AA|1075A2E4|8D|40E9B237|107629AA|071E|41388B38|1068703B|0738|41388B38|1068703B|0762|411F4BC7|10675739|012B|4017BE6B|1057B8A2||0b9bbec90feb7c23e0d921ca8c5479c7
38|2021-09-26T12:07:15.2870000+01:00|107ABEEC|Greiyan Fletz|00505022|106544|106544|10000|10000|25|0|100.5416|101.7013|0|-3.030282|0|0|0|0720|42700000|1068703B|14016A|41F00000|E0000000|0A0168|41F00000|E0000000|28FE0030|45128B51|107ABEEC|0|0|0|0204D1|4139CACA|107ABEEC|0129|40DEC047|1057B8A2|0839|422CFE6B|1068703B|0737|422CFE6B|1068703B|08A8|4014DD23|107629AA|0513|41D8A235|107ABEEC|8D|40FDAA09|107629AA|071E|4131644D|1068703B|05B1|40CE355F|1075A2E4|0721|4146C8A7|1068703B|012B|40179DA7|1057B8A2|0512|42068343|107ABEEC|0756|41313B6F|10675739|04CD|4109DF3F|107ABEEC|04D0|40181063|107ABEEC|0762|C1200000|10675739||5dcd005ea20995a297dd4717f6f589a2
30|2021-09-26T12:07:15.2870000+01:00|75a|The Balance|0.00|10675739|Jasy Heavensong|107ABEEC|Greiyan Fletz|00|106544|97086||b498a7cc37cacccb648fb53ee85d1004
37|2021-09-26T12:07:15.3760000+01:00|1068703B|Tomo Uchuu|00008B9E|106478|106478|10000|10000|25||100.7716|102.5681|0|-2.804393|2601|0|0|01|0E0035A2|0|41200000|10675739||51dcb533cd8a034beee7b5d10a2132b3
21|2021-09-26T12:07:15.3760000+01:00|10675739|Jasy Heavensong|E1D|Collective Unconscious|10675739|Jasy Heavensong|3A00000F|3508000|0|0|0|0|0|0|0|0|0|0|0|0|0|0|97086|97086|9328|10000|0|1000|100.6332|102.7999|0|-3.041307|97086|97086|9328|10000|0|1000|100.6332|102.7999|0|-3.041307|00008BA3|0|f86a3555dbc317c5bae70a96bcc0ed73
38|2021-09-26T12:07:15.3760000+01:00|1068703B|Tomo Uchuu|00505026|106478|106478|10000|10000|25|0|100.7716|102.5681|0|-2.804393|0|0|0|14016A|41F00000|E0000000|0A0168|41F00000|E0000000|071F|42700000|1068703B|28FE0030|45132FAE|1068703B|071A|416C6E99|1068703B|08A8|400C28EB|107629AA|0129|40C23500|1057B8A2|071D|422CA242|1068703B|0737|422CA242|1068703B|8D|40F23D7A|107629AA|071E|412980FB|1068703B|0756|412DAA08|10675739|05B1|40D82915|1075A2E4|0719|4134394C|1068703B|0762|411F4BC7|10675739|0721|41455804|1068703B|012B|400F1A94|1057B8A2||8a2c6c83af6844c59715d5665fcc0616
26|2021-09-26T12:07:15.3760000+01:00|71f|Closed Position|60.00|1068703B|Tomo Uchuu|1068703B|Tomo Uchuu|00|106478|106478||53bd9455887d82799e7a956ff52ef3bd
38|2021-09-26T12:07:15.4660000+01:00|1075A2E4|Niru Summers|00505015|153077|153077|10000|10000|0|0|100.0839|95.47571|-0.01531982|0.01011467|0|0|0|0A016D|41F00000|E0000000|0A0168|41F00000|E0000000|5B|0|1075A2E4|28FD0030|4513F06E|1075A2E4|012B|40095804|1057B8A2|0762|C1200000|10675739|8D|40FC2905|107629AA|08A8|4006665B|107629AA|28F60031|41956E7B|1075A2E4|5A|42102B30|1075A2E4|071E|41393B5A|1068703B|0738|41393B5A|1068703B|0756|4134C8BF|10675739|0|0|0|0|0|0|0|0|0|FF9C0499|40824598|1075A2E4||5ce34f3ee70181e6ca9c41258eb04376
38|2021-09-26T12:07:15.4660000+01:00|10752D6C|Volkon Vysk|00505025|152511|152511|10000|10000|26|0|99.8092|101.3961|0|3.107448|0|0|0|14016A|41F00000|E0000000|0A0168|41F00000|E0000000|28FD0030|4513D1E2|10752D6C|08A8|4006665B|107629AA|0129|40CC30E6|1057B8A2|28F60031|418124BC|10752D6C|8D|40F39DBE|107629AA|076A|418F0A21|10752D6C|0727|410ADD31|10752D6C|05B1|40CCBC8A|1075A2E4|071E|412C5E29|1068703B|0738|412C5E29|1068703B|012B|40095804|1057B8A2|0762|C1200000|10675739|0756|4132A7FB|10675739|0729|80000000|10752D6C||9c9996bb6b6b83745851e15f15ed0060
37|2021-09-26T12:07:15.5110000+01:00|107629AA|Joeson Lmoa|00008B9E|106059|106059|10000|10000|25||99.99231|102.4032|0|3.12213|1702|0|0|01|0B0035A2|0|41200000|10675739||56601b06ab0303b3a28614cfba113bff
38|2021-09-26T12:07:15.5110000+01:00|107629AA|Joeson Lmoa|00505017|106059|106059|10000|10000|25|0|99.99231|102.4032|0|3.12213|0|0|0|0A016D|41F00000|E0000000|0A0168|41F00000|E0000000|28FE0030|451284DD|107629AA|7D|4066977A|107629AA|0129|40D34B8A|1057B8A2|071E|41366245|1068703B|0738|41366245|1068703B|075D|40DF5419|10675739|05B1|40E0BC8C|1075A2E4|012B|4006871F|1057B8A2|0756|4129604E|10675739|0762|411F4BC7|10675739||656fbeb799c63cdc64c94bc1ba3cfb1c
21|2021-09-26T12:07:15.5560000+01:00|107ABEEC|Greiyan Fletz|1D3F|Midare Setsugekka|40011D69|Living Liquid|710303|B0B04001|13D|FF8000|0|0|0|0|0|0|0|0|0|0|0|0|11060781|12889320|10000|10000|0|1000|100.1144|97.64246|0|-3.129225|106544|106544|10000|10000|0|1000|100.5416|101.7013|0|-3.030282|00008BA4|0|54cb7ec7e09b0278deb92c43ef2bfcd3
38|2021-09-26T12:07:15.5560000+01:00|107ABEEC|Greiyan Fletz|00505022|106544|106544|10000|10000|25|0|100.5416|101.7013|0|-3.030282|0|0|0|0720|42700000|1068703B|14016A|41F00000|E0000000|0A0168|41F00000|E0000000|28FE0030|45128705|107ABEEC|0|0|0|0204D1|41357CF8|107ABEEC|0129|40D624A0|1057B8A2|0839|422BEAF8|1068703B|0737|422BEAF8|1068703B|08A8|4003A5D7|107629AA|0513|41D67B4B|107ABEEC|8D|40F50E62|107629AA|071E|412D167B|1068703B|05B1|40C599B8|1075A2E4|0721|41427AD5|1068703B|012B|4006665B|1057B8A2|0512|42056FD0|107ABEEC|0756|412CED9D|10675739|0|0|0|04D0|4006D917|107ABEEC|0762|C1200000|10675739||982a01d5a6bc3ead6171aaeba0b1da8c
30|2021-09-26T12:07:15.5560000+01:00|4cd|Kaiten|0.00|107ABEEC|Greiyan Fletz|107ABEEC|Greiyan Fletz|00|106544|106544||38f70ac39f0d6f574ab92bc405b56d77
21|2021-09-26T12:07:15.6010000+01:00|107629AA|Joeson Lmoa|406F|Burst Shot|40011D69|Living Liquid|720103|53620000|1B|406F8000|0|0|0|0|0|0|0|0|0|0|0|0|11060781|12889320|10000|10000|0|1000|100.1144|97.64246|0|-3.129225|106059|106059|10000|10000|0|1000|99.99231|102.4032|0|3.12213|00008BA5|0|851cbd427af09e344f9fa80ab31e35fb
38|2021-09-26T12:07:15.6010000+01:00|107ABEEC|Greiyan Fletz|00505022|106544|106544|10000|10000|25|0|100.5416|101.7013|0|-3.030282|0|0|0|0720|42700000|1068703B|14016A|41F00000|E0000000|0A0168|41F00000|E0000000|28FE0030|4512864D|107ABEEC|0|0|0|0204D1|4134C4A6|107ABEEC|0129|40D4B3FC|1057B8A2|0839|422BBCE4|1068703B|0737|422BBCE4|1068703B|08A8|40A00000|107629AA|0513|41D61F22|107ABEEC|8D|40F39DBE|107629AA|071E|412C5E29|1068703B|05B1|40C42914|1075A2E4|0721|4141C283|1068703B|012B|40038513|1057B8A2|0512|420541BC|107ABEEC|0756|412C354B|10675739|0|0|0|04D0|4003F7CF|107ABEEC|0762|C1200000|10675739||bb7949bdfec062b713dd2a945e70057f
26|2021-09-26T12:07:15.6010000+01:00|8a8|The Wanderer's Minuet|5.00|107629AA|Joeson Lmoa|107ABEEC|Greiyan Fletz|00|106544|106059||947916ca3355d29f3e287597493a2f83
38|2021-09-26T12:07:15.6010000+01:00|107401EC|Raesa Velan|00505019|96887|96887|2000|10000|33|0|100.1449|101.6403|0|-3.126636|0|0|0|0A016D|41F00000|E0000000|0A0168|41F00000|E0000000|29020030|4593F9B6|107401EC|A4|418324DA|107401EC|08A8|40A00000|107629AA|0129|40C39D72|1057B8A2|8D|40E276CF|107629AA|075E|41183D7F|10675739|071E|41281470|1068703B|0738|41281470|1068703B|28F90031|419F6440|107401EC|05B1|40CCBC89|1075A2E4|02E1|41AE0A28|107401EC|02E2|40038513|107401EC|012B|40038513|1057B8A2|0756|412E5A28|10675739|0762|C1200000|10675739||f000ecb9f90d8b3a0f48a751a148f74c
26|2021-09-26T12:07:15.6010000+01:00|8a8|The Wanderer's Minuet|5.00|107629AA|Joeson Lmoa|107401EC|Raesa Velan|00|96887|106059||78c929ef9d059f7b1515cb853b0c2c92
38|2021-09-26T12:07:15.6010000+01:00|1057B8A2|Alex Knightfall|0050501C|97285|97285|9600|10000|26|0|99.951|104.2947|-0.001249476|-3.122623|0|0|0|0A016D|41F00000|E0000000|1E016C|41F00000|E0000000|28FE0030|44DCD82B|1057B8A2|020130|0|1057B8A2|0129|40B6C86F|1057B8A2|28FA0031|4110DD0E|1057B8A2|04B4|40B1374B|1057B8A2|08A8|40A00000|107629AA|8D|40E6D0EC|107629AA|071E|4130A3CB|1068703B|0738|4130A3CB|1068703B|05B1|40D547CD|1075A2E4|0798|40ED895A|1057B8A2|012B|4000C48F|1057B8A2|0756|4125CACD|10675739|0762|C1200000|10675739||ffd8766040cfa5e36056345ebfe1bfdd
26|2021-09-26T12:07:15.6010000+01:00|8a8|The Wanderer's Minuet|5.00|107629AA|Joeson Lmoa|1057B8A2|Alex Knightfall|00|97285|106059||d4822768187b7a8d828a8dbd5107be2d
38|2021-09-26T12:07:15.6010000+01:00|40011DA6|Eos|00505000|92601|92601|10000|10000|0|0|100.1449|100.0533|0|-3.129033|0|0|0|28FE0030|44DCD82B|1057B8A2|28FA0031|4110DD0E|1057B8A2|08A8|40A00000|107629AA|8D|40E6D0EC|107629AA|071E|411E1473|1068703B|0756|4125CACD|10675739||3b69c8bb80d9c7d7fd80eb6e30060f81
26|2021-09-26T12:07:15.6010000+01:00|8a8|The Wanderer's Minuet|5.00|107629AA|Joeson Lmoa|40011DA6|Eos|00|92601|106059||297d9c87370d3713e550525b1919a784
38|2021-09-26T12:07:15.6010000+01:00|10675739|Jasy Heavensong|00505021|97086|97086|9328|10000|26|0|100.6332|102.7999|0|-3.041307|0|0|0|0A0168|41F00000|E0000000|0F016B|41F00000|E0000000|FFE70349|3CEDAA80|10675739|28FE0030|45127FDD|10675739|0756|4123AA09|10675739|08A8|409E8F5C|107629AA|0129|40BF53B7|1057B8A2|0347|0|10675739|05B1|40D999BB|1075A2E4|8D|40DE3548|107629AA|071E|4132CCC2|1068703B|0738|4132CCC2|1068703B|0762|41198D51|10675739|012B|4000C48F|1057B8A2||a28950e44a5148713d8a84dd7b8e7340
26|2021-09-26T12:07:15.6010000+01:00|8a8|The Wanderer's Minuet|4.96|107629AA|Joeson Lmoa|10675739|Jasy Heavensong|00|97086|106059||0018eec5f97cf7ee17120e9fd497c082
38|2021-09-26T12:07:15.6010000+01:00|1068703B|Tomo Uchuu|00505026|106478|106478|10000|10000|25|0|100.6652|102.4764|0|-2.804393|0|0|0|14016A|41F00000|E0000000|0A0168|41F00000|E0000000|071F|42700000|1068703B|28FE0030|45132C1A|1068703B|071A|4168D918|1068703B|08A8|409E8F5C|107629AA|0129|40BB09FD|1057B8A2|071D|422BBCE4|1068703B|0737|422BBCE4|1068703B|8D|40EB1277|107629AA|071E|4125EB7A|1068703B|0756|412A1487|10675739|05B1|40D0FE12|1075A2E4|0719|4130A3CB|1068703B|0762|411BB646|10675739|0721|4141C283|1068703B|012B|4000C48F|1057B8A2||bbf7adeba1d3d9cb51e6eb4c2752924f
26|2021-09-26T12:07:15.6010000+01:00|8a8|The Wanderer's Minuet|4.96|107629AA|Joeson Lmoa|1068703B|Tomo Uchuu|00|106478|106059||10c7f24936f2ea205cf1058a318667fb
38|2021-09-26T12:07:15.6010000+01:00|1075A2E4|Niru Summers|00505015|153077|153077|10000|10000|0|0|100.0839|95.47571|-0.01531982|0.01011467|0|0|0|0A016D|41F00000|E0000000|0A0168|41F00000|E0000000|5B|0|1075A2E4|28FD0030|4513EE4A|1075A2E4|012B|4000C48F|1057B8A2|0762|C1200000|10675739|8D|40F7DF4A|107629AA|08A8|409E8F5C|107629AA|28F60031|41945C0C|1075A2E4|5A|420FA1FA|1075A2E4|071E|4137167D|1068703B|0738|4137167D|1068703B|0756|4132A3E2|10675739|0|0|0|0|0|0|0|0|0|FF9C0499|407BF7BA|1075A2E4||5c5a879e2fd7502d3d1e5bba0f3682a8
26|2021-09-26T12:07:15.6010000+01:00|8a8|The Wanderer's Minuet|4.96|107629AA|Joeson Lmoa|1075A2E4|Niru Summers|00|153077|106059||eef07618e28984d7e81eb431d5c2f254
38|2021-09-26T12:07:15.6010000+01:00|10752D6C|Volkon Vysk|00505025|152511|152511|10000|10000|26|0|99.8092|101.3961|0|3.116736|0|0|0|14016A|41F00000|E0000000|0A0168|41F00000|E0000000|28FD0030|4513CFBE|10752D6C|08A8|409E8F5C|107629AA|0129|40C7E72B|1057B8A2|28F60031|4180124D|10752D6C|8D|40EF5403|107629AA|076A|418DF7B2|10752D6C|0727|4108B854|10752D6C|05B1|40C872CF|1075A2E4|071E|412A394C|1068703B|0738|412A394C|1068703B|012B|4000C48F|1057B8A2|0762|C1200000|10675739|0756|4130831E|10675739|0729|80000000|10752D6C||647e5f1a55a589a7331a5e1edcbb05fe
26|2021-09-26T12:07:15.6010000+01:00|8a8|The Wanderer's Minuet|4.96|107629AA|Joeson Lmoa|10752D6C|Volkon Vysk|00|152511|106059||1739e6dd0f0e159e32a5b1ea33182145
37|2021-09-26T12:07:15.6450000+01:00|107ABEEC|Greiyan Fletz|00008B9E|106544|106544|10000|10000|25||100.5416|101.7013|0|-3.030282|2203|0|0|01|140035A2|0|41200000|10675739||a5a0b0f7cbad7db46284a5003242d164
38|2021-09-26T12:07:15.6450000+01:00|107ABEEC|Greiyan Fletz|00505022|106544|106544|10000|10000|25|0|100.5416|101.7013|0|-3.030282|0|0|0|0720|42700000|1068703B|14016A|41F00000|E0000000|0A0168|41F00000|E0000000|28FE0030|45128595|107ABEEC|0|0|0|0204D1|41340C54|107ABEEC|0129|40D34358|1057B8A2|0839|422B8ED0|1068703B|0737|422B8ED0|1068703B|08A8|409E8F5C|107629AA|0513|41D5C2F9|107ABEEC|8D|40F22D1A|107629AA|071E|412BA5D7|1068703B|05B1|40C2B870|1075A2E4|0721|41410A31|1068703B|012B|4000A3CB|1057B8A2|0512|420513A8|107ABEEC|0756|412B7CF9|10675739|0|0|0|04D0|40011687|107ABEEC|0762|411F47AE|10675739||da87561d8a8c3a4da56d9b13b8f7592b
38|2021-09-26T12:07:15.6450000+01:00|10675739|Jasy Heavensong|00505021|97086|97086|9328|10000|26|0|100.6332|102.7999|0|-3.041307|0|0|0|0A0168|41F00000|E0000000|0F016B|41F00000|E0000000|0|0|0|28FE0030|45127F25|10675739|0756|4122F1B7|10675739|08A8|409D1EB8|107629AA|0129|40BDE313|1057B8A2|0347|0|10675739|05B1|40D82917|1075A2E4|8D|40DCC4A4|107629AA|071E|41321470|1068703B|0738|41321470|1068703B|0762|4118D4FF|10675739|012B|3FFBC68F|1057B8A2||e1b66923635a2a5666559305ad497fad
30|2021-09-26T12:07:15.6450000+01:00|349|Lightspeed|0.00|10675739|Jasy Heavensong|10675739|Jasy Heavensong|FFE7|97086|97086||7c0e5b255e38d6dcba2e65b1f0a98862
24|2021-09-26T12:07:15.6900000+01:00|10752D6C|Volkon Vysk|HoT|798|1263|152511|152511|10000|10000|0|1000|99.8092|101.3961|0|3.124737||2780b8f056fdd2b27bfd84ed444dbb4b
24|2021-09-26T12:07:15.6900000+01:00|107401EC|Raesa Velan|HoT|798|12D0|96887|96887|2000|10000|0|1000|100.1449|101.6403|0|-3.126636||f7e582135b423a35e33b7732a51a39e2
24|2021-09-26T12:07:15.6900000+01:00|107ABEEC|Greiyan Fletz|HoT|798|1270|106544|106544|10000|10000|0|1000|100.5416|101.7013|0|-3.030282||3a5f3222ce20e183d6564d5c6e16e56d
24|2021-09-26T12:07:15.6900000+01:00|107629AA|Joeson Lmoa|HoT|798|125E|106059|106059|10000|10000|0|1000|99.99231|102.4032|0|3.12213||f169a1f6d9152947fe96d09416fbb8cf
24|2021-09-26T12:07:15.6900000+01:00|1068703B|Tomo Uchuu|HoT|798|1318|106478|106478|10000|10000|0|1000|100.6417|102.4847|0|-2.804393||5634373199670311bd5c8d36a625b9fc
24|2021-09-26T12:07:15.6900000+01:00|10675739|Jasy Heavensong|HoT|798|1324|97086|97086|9328|10000|0|1000|100.6332|102.7999|0|-3.041307||b3ebdf0d1a42b24a4f2dd6650ac8e01e
24|2021-09-26T12:07:15.6900000+01:00|1057B8A2|Alex Knightfall|HoT|798|12FF|97285|97285|9600|10000|0|1000|99.93127|103.9438|-0.0006187937|3.135887||c3bf054a39a09f55bc4dd806de5d574f
24|2021-09-26T12:07:15.6900000+01:00|1075A2E4|Niru Summers|HoT|798|1326|153077|153077|10000|10000|0|1000|100.0839|95.47571|-0.01531982|0.01011467||65c7f60636d34ab83b3e05ab8ec2c7b0
38|2021-09-26T12:07:15.6900000+01:00|107ABEEC|Greiyan Fletz|00505022|106544|106544|10000|10000|25|0|100.5416|101.7013|0|-3.030282|0|0|0|0720|42700000|1068703B|14016A|41F00000|E0000000|0A0168|41F00000|E0000000|28FE0030|451284E1|107ABEEC|0|0|0|0204D1|4133581B|107ABEEC|0129|40D1DAE5|1057B8A2|0839|422B61C2|1068703B|0737|422B61C2|1068703B|08A8|409D26E9|107629AA|0513|41D568DC|107ABEEC|8D|40F0C4A7|107629AA|071E|412AF19E|1068703B|05B1|40C14FFD|1075A2E4|0721|414055F8|1068703B|012B|40A00000|1057B8A2|0512|4204E69A|107ABEEC|0756|412AC8C0|10675739|0|0|0|04D0|3FFC8B43|107ABEEC|0762|411E9375|10675739||11fb2ccf48110ffa623471e68ed93ae2
26|2021-09-26T12:07:15.6900000+01:00|12b|Sacred Soil|5.00|1057B8A2|Alex Knightfall|107ABEEC|Greiyan Fletz|00|106544|97285||fe2fda3ff6eb0fa696279a731392cd82
38|2021-09-26T12:07:15.6900000+01:00|107401EC|Raesa Velan|00505019|96887|96887|2000|10000|33|0|100.1449|101.6403|0|-3.126636|0|0|0|0A016D|41F00000|E0000000|0A0168|41F00000|E0000000|29020030|4593F900|107401EC|A4|41826E94|107401EC|08A8|409D26E9|107629AA|0129|40C0C45B|1057B8A2|8D|40DF9DB8|107629AA|075E|4116D0F4|10675739|071E|4126A7E5|1068703B|0738|4126A7E5|1068703B|28F90031|419EADFA|107401EC|05B1|40C9E372|1075A2E4|02E1|41AD53E2|107401EC|02E2|3FFBA5CB|107401EC|012B|40A00000|1057B8A2|0756|412CED9D|10675739|0762|C1200000|10675739||123ea1779d91bee3033f8fb4417e6c28
26|2021-09-26T12:07:15.6900000+01:00|12b|Sacred Soil|5.00|1057B8A2|Alex Knightfall|107401EC|Raesa Velan|00|96887|97285||c08644d9551465f113693b5658d4e67f
38|2021-09-26T12:07:15.6900000+01:00|1057B8A2|Alex Knightfall|0050501C|97285|97285|10000|10000|26|0|99.93127|103.9438|-0.0006187937|3.135887|0|0|0|0A016D|41F00000|E0000000|1E016C|41F00000|E0000000|28FE0030|44DCD552|1057B8A2|020130|0|1057B8A2|0129|40B3EF58|1057B8A2|28FA0031|410F7083|1057B8A2|04B4|40AE5E34|1057B8A2|08A8|409D26E9|107629AA|8D|40E3F7D5|107629AA|071E|412F3740|1068703B|0738|412F3740|1068703B|05B1|40D26EB6|1075A2E4|0798|40EAB043|1057B8A2|012B|409E978D|1057B8A2|0756|41245E42|10675739|0762|C1200000|10675739||e1b9f7e2c0ab87177799397727d2a218
26|2021-09-26T12:07:15.6900000+01:00|12b|Sacred Soil|4.96|1057B8A2|Alex Knightfall|1057B8A2|Alex Knightfall|00|97285|97285||d343215abb061c2f4f38a714129625ce
38|2021-09-26T12:07:15.6900000+01:00|107629AA|Joeson Lmoa|00505017|106059|106059|10000|10000|25|0|99.99231|102.4032|0|3.12213|0|0|0|0A016D|41F00000|E0000000|0A0168|41F00000|E0000000|28FE0030|45128201|107629AA|7D|405B22BD|107629AA|0129|40CD912B|1057B8A2|071E|41338516|1068703B|0738|41338516|1068703B|075D|40D999BA|10675739|05B1|40DB022D|1075A2E4|012B|409E978D|1057B8A2|0756|4126831F|10675739|0762|411C6E98|10675739||8f3c38d6c1a14e71e61489059d362daa
26|2021-09-26T12:07:15.6900000+01:00|12b|Sacred Soil|4.96|1057B8A2|Alex Knightfall|107629AA|Joeson Lmoa|00|106059|97285||7bcacc1ab5bb22fd7f31b997d91d5200
38|2021-09-26T12:07:15.6900000+01:00|10675739|Jasy Heavensong|00505021|97086|97086|9328|10000|26|0|100.6332|102.7999|0|-3.041307|0|0|0|0A0168|41F00000|E0000000|0F016B|41F00000|E0000000|0|0|0|28FE0030|45127E71|10675739|0756|41223D7E|10675739|08A8|409BB645|107629AA|0129|40BC7AA0|1057B8A2|0347|0|10675739|05B1|40D6C0A4|1075A2E4|8D|40DB5C31|107629AA|071E|41316037|1068703B|0738|41316037|1068703B|0762|411820C6|10675739|012B|409E978D|1057B8A2||f793a81f2fdb6d4081b1cd7dac4fd6f2
26|2021-09-26T12:07:15.6900000+01:00|12b|Sacred Soil|4.96|1057B8A2|Alex Knightfall|10675739|Jasy Heavensong|00|97086|97285||9d1e6e46d59daf7e82dc1c5521ee176b
38|2021-09-26T12:07:15.6900000+01:00|1068703B|Tomo Uchuu|00505026|106478|106478|10000|10000|25|0|100.6417|102.4847|0|-2.804393|0|0|0|14016A|41F00000|E0000000|0A0168|41F00000|E0000000|071F|42700000|1068703B|28FE0030|45132AAE|1068703B|071A|41676C8D|1068703B|08A8|409BB645|107629AA|0129|40B830E6|1057B8A2|071D|422B61C2|1068703B|0737|422B61C2|1068703B|8D|40E83960|107629AA|071E|41247EEF|1068703B|0756|4128A7FC|10675739|05B1|40CE24FB|1075A2E4|0719|412F3740|1068703B|0762|411A49BB|10675739|0721|414055F8|1068703B|012B|409E978D|1057B8A2||74c0ee5b2cb49dbbfc31227eb301fe49
26|2021-09-26T12:07:15.6900000+01:00|12b|Sacred Soil|4.96|1057B8A2|Alex Knightfall|1068703B|Tomo Uchuu|00|106478|97285||f0fa826a85efb41745ba039eb0552fbb
38|2021-09-26T12:07:15.6900000+01:00|1075A2E4|Niru Summers|00505015|153077|153077|10000|10000|0|0|100.0839|95.47571|-0.01531982|0.01011467|0|0|0|0A016D|41F00000|E0000000|0A0168|41F00000|E0000000|5B|0|1075A2E4|28FD0030|4513ECDE|1075A2E4|012B|409E978D|1057B8A2|0762|C1200000|10675739|8D|40F50633|107629AA|08A8|409BB645|107629AA|28F60031|4193A5C6|1075A2E4|5A|420F46D8|1075A2E4|071E|4135A9F2|1068703B|0738|4135A9F2|1068703B|0756|41313757|10675739|0|0|0|0|0|0|0|0|0|FF9C0499|4076458D|1075A2E4||3e5b2417cc67d631daac3f08475af1bc
26|2021-09-26T12:07:15.6900000+01:00|12b|Sacred Soil|4.96|1057B8A2|Alex Knightfall|1075A2E4|Niru Summers|00|153077|97285||f167250567e488826b553dbd102c3379
38|2021-09-26T12:07:15.6900000+01:00|10752D6C|Volkon Vysk|00505025|152511|152511|10000|10000|26|0|99.8092|101.3961|0|3.124737|0|0|0|14016A|41F00000|E0000000|0A0168|41F00000|E0000000|28FD0030|4513CE52|10752D6C|08A8|409BB645|107629AA|0129|40C50E14|1057B8A2|28F60031|417EB80F|10752D6C|8D|40EC7AEC|107629AA|076A|418D416C|10752D6C|0727|41074BC9|10752D6C|05B1|40C599B8|1075A2E4|071E|4128CCC1|1068703B|0738|4128CCC1|1068703B|012B|409E978D|1057B8A2|0762|C1200000|10675739|0756|412F1693|10675739|0729|80000000|10752D6C||434fac12b23c7867c3f89e7a3ab79c9d
26|2021-09-26T12:07:15.6900000+01:00|12b|Sacred Soil|4.96|1057B8A2|Alex Knightfall|10752D6C|Volkon Vysk|00|152511|97285||0158faf2254baab64c681705fab1425e
37|2021-09-26T12:07:15.7340000+01:00|40011D69|Living Liquid|00008B9D|11004138|12889320|10000|10000|0||100.1144|97.64246|0|-3.129225||ecd68ddb9e903f9472150170d61c161b
37|2021-09-26T12:07:15.7340000+01:00|107401EC|Raesa Velan|00008B9D|96887|96887|2000|10000|33||100.1449|101.6403|0|-3.126636|1900|0|0|01|10002B62|0|C1200000|10675739||3eef979caf8c6feea5f0805d688f43b7
37|2021-09-26T12:07:15.7340000+01:00|10675739|Jasy Heavensong|00008BA3|97086|97086|9328|10000|26||100.6332|102.7999|0|-3.041307|2100|0|0|03|02002750|0F3A|41900000|10675739|0E000351|0|40A00000|10675739|0F00287C|0|41700000|10675739||e4c39335ddb45f1382931024e48f7ceb
26|2021-09-26T12:07:15.7340000+01:00|350|Collective Unconscious|18.00|10675739|Jasy Heavensong|10675739|Jasy Heavensong|F3A|97086|97086||fb9481362148afe5df586dc01992e278
26|2021-09-26T12:07:15.7340000+01:00|351|Collective Unconscious|5.00|10675739|Jasy Heavensong|10675739|Jasy Heavensong|00|97086|97086||5148b23dfe368d791d674183135b85c3
26|2021-09-26T12:07:15.7340000+01:00|3bc|Wheel Of Fortune|15.00|10675739|Jasy Heavensong|10675739|Jasy Heavensong|00|97086|97086||2977c9d2fc4a06d2b5636140995ff3fe
24|2021-09-26T12:07:15.7350000+01:00|107401EC|Raesa Velan|HoT|0|10A1|96887|96887|2000|10000|0|1000|100.1449|101.6403|0|-3.126636||67073211a236fcdf50429f73f5621c27
20|2021-09-26T12:07:15.7350000+01:00|1057B8A2|Alex Knightfall|BA|Succor|1057B8A2|Alex Knightfall|1.94|99.93127|103.7589|-0.001945579|3.115611||af1225f10d4b522230b4212621aea884
38|2021-09-26T12:07:15.7350000+01:00|107ABEEC|Greiyan Fletz|00505022|106544|106544|10000|10000|25|0|100.5416|101.7013|0|-3.030282|0|0|0|0720|42700000|1068703B|14016A|41F00000|E0000000|0A0168|41F00000|E0000000|28FE0030|45128429|107ABEEC|0351|409E8F5C|10675739|0204D1|41329FC9|107ABEEC|0129|40D06A41|1057B8A2|0839|422B33AE|1068703B|0737|422B33AE|1068703B|08A8|409BB645|107629AA|0513|41D50CB3|107ABEEC|8D|40EF5403|107629AA|071E|412A394C|1068703B|05B1|40BFDF59|1075A2E4|0721|413F9DA6|1068703B|012B|409E8F5C|1057B8A2|0512|4204B886|107ABEEC|0756|412A106E|10675739|03BC|416F47AE|10675739|04D0|3FF6C8B4|107ABEEC|0762|411DDB23|10675739||80668976fcdb53dd816c69a008df55c2
26|2021-09-26T12:07:15.7350000+01:00|351|Collective Unconscious|4.96|10675739|Jasy Heavensong|107ABEEC|Greiyan Fletz|00|106544|97086||801361a35b050e354a51ad84869f08a1
26|2021-09-26T12:07:15.7350000+01:00|3bc|Wheel Of Fortune|14.96|10675739|Jasy Heavensong|107ABEEC|Greiyan Fletz|00|106544|97086||8464fc7b2d1613215120e79dad15d5b4
38|2021-09-26T12:07:15.7350000+01:00|107401EC|Raesa Velan|00505019|96887|96887|2000|10000|33|0|100.1449|101.6403|0|-3.126636|0|0|0|0A016D|41F00000|E0000000|0A0168|41F00000|E0000000|29020030|4593F8A4|107401EC|A4|4182126B|107401EC|08A8|409BB645|107629AA|0129|40BF53B7|1057B8A2|8D|40DE2D14|107629AA|075E|411618A2|10675739|071E|4125EF93|1068703B|0738|4125EF93|1068703B|28F90031|419E51D1|107401EC|05B1|40C872CE|1075A2E4|02E1|41ACF7B9|107401EC|02E2|409E8F5C|107401EC|012B|409E8F5C|1057B8A2|0756|412C354B|10675739|0762|C1200000|10675739|0351|409E8F5C|10675739|03BC|416F47AE|10675739||494ab0588882fdcc80031b9ae1505a29
26|2021-09-26T12:07:15.7350000+01:00|2e2|Circle Of Power|4.96|107401EC|Raesa Velan|107401EC|Raesa Velan|00|96887|96887||8f8449e902ab4ce7908f57836b337f43
26|2021-09-26T12:07:15.7350000+01:00|351|Collective Unconscious|4.96|10675739|Jasy Heavensong|107401EC|Raesa Velan|00|96887|97086||7be497557f5885a693c2437a71370f94
26|2021-09-26T12:07:15.7350000+01:00|3bc|Wheel Of Fortune|14.96|10675739|Jasy Heavensong|107401EC|Raesa Velan|00|96887|97086||589d62807e8a8da86e935288251b31d0
38|2021-09-26T12:07:15.7350000+01:00|1057B8A2|Alex Knightfall|0050501C|97285|97285|10000|10000|26|0|99.93127|103.7589|-0.001945579|3.115611|0|0|0|0A016D|41F00000|E0000000|1E016C|41F00000|E0000000|28FE0030|44DCD3E1|1057B8A2|020130|0|1057B8A2|0129|40B27EB4|1057B8A2|28FA0031|410EB831|1057B8A2|04B4|40ACED90|1057B8A2|08A8|409BB645|107629AA|8D|40E28731|107629AA|071E|412E7EEE|1068703B|0738|412E7EEE|1068703B|05B1|40D0FE12|1075A2E4|0798|40E93F9F|1057B8A2|012B|409D26E9|1057B8A2|0756|4123A5F0|10675739|0762|C1200000|10675739|0351|409E8F5C|10675739|03BC|416F47AE|10675739||baba6f5429036f00f79ec8983e86b45a
26|2021-09-26T12:07:15.7350000+01:00|351|Collective Unconscious|4.96|10675739|Jasy Heavensong|1057B8A2|Alex Knightfall|00|97285|97086||4fa8526f6404d1081076e1288425396f
26|2021-09-26T12:07:15.7350000+01:00|3bc|Wheel Of Fortune|14.96|10675739|Jasy Heavensong|1057B8A2|Alex Knightfall|00|97285|97086||7b283bb1acbcc1026ba67274a028ce6b
38|2021-09-26T12:07:15.7350000+01:00|107629AA|Joeson Lmoa|00505017|106059|106059|10000|10000|25|0|99.99231|102.4032|0|3.12213|0|0|0|0A016D|41F00000|E0000000|0A0168|41F00000|E0000000|28FE0030|45128149|107629AA|7D|40584175|107629AA|0129|40CC2087|1057B8A2|071E|4132CCC4|1068703B|0738|4132CCC4|1068703B|075D|40D82916|10675739|05B1|40D99189|1075A2E4|012B|409D26E9|1057B8A2|0756|4125CACD|10675739|0762|411BB646|10675739|0351|409E8F5C|10675739|03BC|416F47AE|10675739||75ec5d1b64715f307a2e9382d11d0fdb
26|2021-09-26T12:07:15.7350000+01:00|351|Collective Unconscious|4.96|10675739|Jasy Heavensong|107629AA|Joeson Lmoa|00|106059|97086||007ad8327f83f3bfbd395b217b6d3abd
26|2021-09-26T12:07:15.7350000+01:00|3bc|Wheel Of Fortune|14.96|10675739|Jasy Heavensong|107629AA|Joeson Lmoa|00|106059|97086||09ab9b354c23d297a8600b1e92a355ae
38|2021-09-26T12:07:15.7350000+01:00|10675739|Jasy Heavensong|00505021|97086|97086|9328|10000|26|0|100.6332|102.7999|0|-3.041307|0|0|0|0A0168|41F00000|E0000000|0F016B|41F00000|E0000000|0F3A0350|418FA3D7|10675739|28FE0030|45127DB9|10675739|0756|4121852C|10675739|08A8|409A45A1|107629AA|0129|40BB09FC|1057B8A2|0347|0|10675739|05B1|40D55000|1075A2E4|8D|40D9EB8D|107629AA|071E|4130A7E5|1068703B|0738|4130A7E5|1068703B|0762|41176874|10675739|012B|409D26E9|1057B8A2|0351|409E8F5C|10675739|03BC|416F47AE|10675739||3d83345ead7951a62bb04453afa8c0fe
38|2021-09-26T12:07:15.7350000+01:00|1068703B|Tomo Uchuu|00505026|106478|106478|10000|10000|25|0|100.5474|102.5177|0|-2.804393|0|0|0|14016A|41F00000|E0000000|0A0168|41F00000|E0000000|071F|42700000|1068703B|28FE0030|451329F6|1068703B|071A|4166B43B|1068703B|08A8|409A45A1|107629AA|0129|40B6C042|1057B8A2|071D|422B33AE|1068703B|0737|422B33AE|1068703B|8D|40E6C8BC|107629AA|071E|4123C69D|1068703B|0756|4127EFAA|10675739|05B1|40CCB457|1075A2E4|0719|412E7EEE|1068703B|0762|41199169|10675739|0721|413F9DA6|1068703B|012B|409D26E9|1057B8A2|0351|409E8F5C|10675739|03BC|416F47AE|10675739||35d284fed52372771af34c6cdee55f2c
26|2021-09-26T12:07:15.7350000+01:00|351|Collective Unconscious|4.96|10675739|Jasy Heavensong|1068703B|Tomo Uchuu|00|106478|97086||8f05c5ad1611f84fa8fd85e11dd31d04
26|2021-09-26T12:07:15.7350000+01:00|3bc|Wheel Of Fortune|14.96|10675739|Jasy Heavensong|1068703B|Tomo Uchuu|00|106478|97086||84a7aa8051a5667c521508b83ce830bf
38|2021-09-26T12:07:15.7350000+01:00|1075A2E4|Niru Summers|00505015|153077|153077|10000|10000|0|0|100.0839|95.47571|-0.01531982|0.01011467|0|0|0|0A016D|41F00000|E0000000|0A0168|41F00000|E0000000|5B|0|1075A2E4|28FD0030|4513EC26|1075A2E4|012B|409D26E9|1057B8A2|0762|C1200000|10675739|8D|40F3958F|107629AA|08A8|409A45A1|107629AA|28F60031|4193499D|1075A2E4|5A|420F18C4|1075A2E4|071E|4134F1A0|1068703B|0738|4134F1A0|1068703B|0756|41307F05|10675739|0351|409E8F5C|10675739|03BC|416F47AE|10675739|0|0|0|FF9C0499|40736445|1075A2E4||817f4ce1b42dd5ba5996beee9abb260d
26|2021-09-26T12:07:15.7350000+01:00|351|Collective Unconscious|4.96|10675739|Jasy Heavensong|1075A2E4|Niru Summers|00|153077|97086||d7ed3ab5002606b79e35132d31398f1e
26|2021-09-26T12:07:15.7350000+01:00|3bc|Wheel Of Fortune|14.96|10675739|Jasy Heavensong|1075A2E4|Niru Summers|00|153077|97086||8d481401c16692dd53eb83b018a46f6f
38|2021-09-26T12:07:15.7350000+01:00|10752D6C|Volkon Vysk|00505025|152511|152511|10000|10000|26|0|99.8092|101.3961|0|3.131626|0|0|0|14016A|41F00000|E0000000|0A0168|41F00000|E0000000|28FD0030|4513CD9A|10752D6C|08A8|409A45A1|107629AA|0129|40C39D70|1057B8A2|28F60031|417DFFBD|10752D6C|8D|40EB0A48|107629AA|076A|418CE543|10752D6C|0727|41069377|10752D6C|05B1|40C42914|1075A2E4|071E|4128146F|1068703B|0738|4128146F|1068703B|012B|409D26E9|1057B8A2|0762|C1200000|10675739|0756|412E5E41|10675739|0729|80000000|10752D6C|0351|409E8F5C|10675739|03BC|416F47AE|10675739||f60f85552c2ebd9652b39304e669e4c1
26|2021-09-26T12:07:15.7350000+01:00|351|Collective Unconscious|4.96|10675739|Jasy Heavensong|10752D6C|Volkon Vysk|00|152511|97086||27bb6dec6b9cc69152fec192d70dc0ce
26|2021-09-26T12:07:15.7350000+01:00|3bc|Wheel Of Fortune|14.96|10675739|Jasy Heavensong|10752D6C|Volkon Vysk|00|152511|97086||9bba4a8e23772e56f49e2147560d12e3
37|2021-09-26T12:07:15.7790000+01:00|107401EC|Raesa Velan|00008B9E|96887|96887|2000|10000|33||100.1449|101.6403|0|-3.126636|1904|0|0|01|100035A2|0|41200000|10675739||690deb3b33e26058d570c6322b5eccc1
38|2021-09-26T12:07:15.7790000+01:00|107401EC|Raesa Velan|00505019|96887|96887|2000|10000|33|0|100.1449|101.6403|0|-3.126636|0|0|0|0A016D|41F00000|E0000000|0A0168|41F00000|E0000000|29020030|4593F84A|107401EC|A4|4181B84E|107401EC|08A8|409A4DD2|107629AA|0129|40BDEB44|1057B8A2|8D|40DCC4A1|107629AA|075E|41156469|10675739|071E|41253B5A|1068703B|0738|41253B5A|1068703B|28F90031|419DF7B4|107401EC|05B1|40C70A5B|1075A2E4|02E1|41AC9D9C|107401EC|02E2|409D26E9|107401EC|012B|409D26E9|1057B8A2|0756|412B8112|10675739|0762|411F4BC7|10675739|0351|409D26E9|10675739|03BC|416E9375|10675739||64c842af67510b9dca1fadc8de29a7c5
37|2021-09-26T12:07:15.8680000+01:00|40011D69|Living Liquid|00008BA2|11004138|12889320|10000|10000|0||100.1144|97.64246|0|-3.129225|0|0|0|01|070032E9|0|41200000|1075A2E4||42369d144d39b94287844615dc65bb7d
26|2021-09-26T12:07:15.8680000+01:00|4a9|Reprisal|10.00|1075A2E4|Niru Summers|40011D69|Living Liquid|00|12889320|153077||d921afe117a362281ef8dd54247f79a6
37|2021-09-26T12:07:15.8680000+01:00|1075A2E4|Niru Summers|00008BA2|153077|153077|10000|10000|0||100.0839|95.47571|-0.01531982|0.01011467|1500|0|0|01|050035A2|0|C1200000|10675739||03aabb32acee1f0d9755a3132af3a5bd
37|2021-09-26T12:07:15.9120000+01:00|40011D69|Living Liquid|00008BA0|10983388|12889320|10000|10000|0||100.1144|97.64246|0|-3.129225||0be207c0b3f7b74d607e947e193429cc
37|2021-09-26T12:07:15.9120000+01:00|1057B8A2|Alex Knightfall|00008BA0|97285|97285|10000|10000|26||99.93127|103.5484|-0.001952888|3.092526|1C00|0|0|01|0F0035A2|0|C1200000|10675739||6eff49a5f3f6664d54c0e47e1ece0dec
37|2021-09-26T12:07:15.9120000+01:00|10752D6C|Volkon Vysk|00008B9E|152511|152511|10000|10000|26||99.8092|101.3961|0|3.138317|2505|0|0|01|0D0035A2|0|41200000|10675739||a84189c37a7cca06b268908f89dd7324
37|2021-09-26T12:07:15.9120000+01:00|10752D6C|Volkon Vysk|00008BA1|152511|152511|10000|10000|26||99.8092|101.3961|0|3.138317|2500|0|0|01|0F003569|0|0|10752D6C||9a6c0ad8d73815aa7572a926cb749953
38|2021-09-26T12:07:15.9130000+01:00|10752D6C|Volkon Vysk|00505025|152511|152511|10000|10000|26|0|99.8092|101.3961|0|3.138317|0|0|0|14016A|41F00000|E0000000|0A0168|41F00000|E0000000|28FD0030|4513CAC2|10752D6C|08A8|40949373|107629AA|0129|40BDEB42|1057B8A2|28F60031|417B26A8|10752D6C|8D|40E5581A|107629AA|076A|418B78B7|10752D6C|0727|4103BA62|10752D6C|05B1|40BE76E6|1075A2E4|071E|41253B5A|1068703B|0738|41253B5A|1068703B|012B|409774BB|1057B8A2|0762|411F4BC7|10675739|0756|412B852C|10675739|0729|0|10752D6C|0351|4098DD2E|10675739|03BC|416C6E99|10675739||1cc5a6c9ffa0f4242ea2d390c43b6e3c
21|2021-09-26T12:07:16.0020000+01:00|1068703B|Tomo Uchuu|3E82|Pirouette|1068703B|Tomo Uchuu|0|0|0|0|0|0|0|0|0|0|0|0|0|0|0|0|106478|106478|10000|10000|0|1000|100.5474|102.5177|0|-2.804393|106478|106478|10000|10000|0|1000|100.5474|102.5177|0|-2.804393|00008BA6|0|438658ee7ad658e5d9fc9372be635cf7
31|2021-09-26T12:07:16.0020000+01:00|1068703B|45A0026|1000001|00|00|fb50d38c6ef6f1714cf9b0a8dee5be00
37|2021-09-26T12:07:16.0470000+01:00|1057B8A2|Alex Knightfall|00008B9E|97285|97285|10000|10000|26||99.93127|103.3674|0|3.072677|1C06|0|0|01|0F0035A2|0|41200000|10675739||67ae25ada5b862156f8d9985e1a7d240
38|2021-09-26T12:07:16.0470000+01:00|1057B8A2|Alex Knightfall|0050501C|97285|97285|10000|10000|26|0|99.93127|103.3674|0|3.072677|0|0|0|0A016D|41F00000|E0000000|1E016C|41F00000|E0000000|28FE0030|44DCC9E7|1057B8A2|020130|0|1057B8A2|0129|40A882CB|1057B8A2|28FA0031|4109BA40|1057B8A2|04B4|40A2F1A7|1057B8A2|08A8|4091BA5C|107629AA|8D|40D88B48|107629AA|071E|412980FD|1068703B|0738|412980FD|1068703B|05B1|40C70229|1075A2E4|0798|40DF43B6|1057B8A2|012B|40932B00|1057B8A2|0756|411EA7FF|10675739|0762|411F4BC7|10675739|0351|40949373|10675739|03BC|416A49BD|10675739||d9508ba53a64e25eb3b9c29e6f3c6de2
37|2021-09-26T12:07:16.0910000+01:00|40011D69|Living Liquid|00008B9A|10960109|12889320|10000|10000|0||100.1144|97.64246|0|-3.129225||c4ccc17b4599006d64c4ba0d20044270
37|2021-09-26T12:07:16.1800000+01:00|40011D69|Living Liquid|00008BA4|10849341|12889320|10000|10000|0||100.1144|97.64246|0|-3.129225||32ee3a817132e1f3053b695e571f2aed
37|2021-09-26T12:07:16.1800000+01:00|1075A2E4|Niru Summers|00008B9E|153077|153077|10000|10000|0||100.0839|95.47571|-0.01531982|0.01011467|1507|0|0|01|050035A2|0|41200000|10675739||1b6aa3bf0d5846cfc00334423ef37ac5
20|2021-09-26T12:07:16.1810000+01:00|10675739|Jasy Heavensong|40AB|Malefic IV|40011D69|Living Liquid|1.43|100.6332|102.7999|0|-3.041307||ba4d7cda345c46ff585dce0fcafd83d6
38|2021-09-26T12:07:16.1810000+01:00|10675739|Jasy Heavensong|00505021|97086|97086|9328|10000|26|0|100.6332|102.7999|0|-3.041307|0|0|0|0A0168|41F00000|E0000000|0F016B|41F00000|E0000000|0|0|0|28FE0030|45127699|10675739|0756|411A625F|10675739|08A8|408BFFFD|107629AA|0129|40ACC458|1057B8A2|0347|0|10675739|05B1|40C70A5C|1075A2E4|8D|40CBA5E9|107629AA|071E|41298518|1068703B|0738|41298518|1068703B|0762|411045A7|10675739|012B|408EE145|1057B8A2|0351|409049B8|10675739|03BC|416824E1|10675739||0f0e147b5036757228518c3a242de5c9
30|2021-09-26T12:07:16.1810000+01:00|350|Collective Unconscious|0.00|10675739|Jasy Heavensong|10675739|Jasy Heavensong|F3A|97086|97086||79354f28afa6ea1ab4613726e206f314
38|2021-09-26T12:07:16.1810000+01:00|1075A2E4|Niru Summers|00505015|153077|153077|10000|10000|0|0|100.0839|95.47571|-0.01531982|0.01011467|0|0|0|0A016D|41F00000|E0000000|0A0168|41F00000|E0000000|5B|0|1075A2E4|28FD0030|4513E506|1075A2E4|012B|408EE145|1057B8A2|0762|411F4BC7|10675739|8D|40E54FEB|107629AA|08A8|408BFFFD|107629AA|28F60031|418FB833|1075A2E4|5A|420D5011|1075A2E4|071E|412DCED3|1068703B|0738|412DCED3|1068703B|0756|41295C38|10675739|0351|409049B8|10675739|03BC|416824E1|10675739|0|0|0|FF9C0499|4056D904|1075A2E4||ab5c0bfbc50502b40682d62629d1400a
39|2021-09-26T12:07:16.3130000+01:00|40011DA6|Eos|92601|92601|10000|10000|0|0|100.1449|100.0533|0|-3.129033||614cb3c65922cbc9417087dd2e545855
21|2021-09-26T12:07:16.3590000+01:00|107629AA|Joeson Lmoa|08|Shot|40011D69|Living Liquid|720203|16740000|0|0|0|0|0|0|0|0|0|0|0|0|0|0|10849341|12889320|10000|10000|0|1000|100.1144|97.64246|0|-3.129225|106059|106059|10000|10000|0|1000|99.99231|102.4032|0|3.12213|00008BA7|0|713de2b060da32e33f9ed94d4f0d7b52
21|2021-09-26T12:07:16.3590000+01:00|10752D6C|Volkon Vysk|07|Attack|40011D69|Living Liquid|710003|FC20000|0|0|0|0|0|0|0|0|0|0|0|0|0|0|10849341|12889320|10000|10000|0|1000|100.1144|97.64246|0|-3.129225|152511|152511|10000|10000|0|1000|99.8092|101.3961|0|-3.140442|00008BA8|0|62f1865c50db2351afd325d11a3b85f6
22|2021-09-26T12:07:16.4040000+01:00|40011D69|Living Liquid|4826|Cascade|1075A2E4|Niru Summers|650003|B8C60000|147|8000|1B|48268000|0|0|0|0|0|0|0|0|0|0|153077|153077|10000|10000|0|1000|100.0839|95.47571|-0.01531982|0.01011467|10849341|12889320|10000|10000|0|1000|100.1144|97.64246|0|-3.129225|00008BA9|0|c8ecb7598be98d6f3ab2bf9190aaa9e2
22|2021-09-26T12:07:16.4040000+01:00|40011D69|Living Liquid|4826|Cascade|10752D6C|Volkon Vysk|650003|140D0400|147|8000|1B|48268000|0|0|0|0|0|0|0|0|0|0|152511|152511|10000|10000|0|1000|99.8092|101.3961|0|-3.140442|10849341|12889320|10000|10000|0|1000|100.1144|97.64246|0|-3.129225|00008BA9|1|167d5afaa1107c4aa10c6c337c8e7d61
22|2021-09-26T12:07:16.4040000+01:00|40011D69|Living Liquid|4826|Cascade|107401EC|Raesa Velan|650003|8C8C0400|147|8000|1B|48268000|0|0|0|0|0|0|0|0|0|0|96887|96887|2000|10000|0|1000|100.1449|101.6403|0|-3.126636|10849341|12889320|10000|10000|0|1000|100.1144|97.64246|0|-3.129225|00008BA9|2|b797d06b39daaab59a41eb2c5e5eaad7
22|2021-09-26T12:07:16.4040000+01:00|40011D69|Living Liquid|4826|Cascade|107ABEEC|Greiyan Fletz|10|4D00000|650003|8CB20400|147|8000|1B|48268000|0|0|0|0|0|0|0|0|106544|106544|10000|10000|0|1000|100.5416|101.7013|0|-3.030282|10849341|12889320|10000|10000|0|1000|100.1144|97.64246|0|-3.129225|00008BA9|3|772f954536f48fc605e3eff6daa10392
22|2021-09-26T12:07:16.4040000+01:00|40011D69|Living Liquid|4826|Cascade|107629AA|Joeson Lmoa|650003|BBD10400|147|8000|1B|48268000|0|0|0|0|0|0|0|0|0|0|106059|106059|10000|10000|0|1000|99.99231|102.4032|0|3.12213|10849341|12889320|10000|10000|0|1000|100.1144|97.64246|0|-3.129225|00008BA9|4|c31a249587f38fb9447b1b80dc162e36
22|2021-09-26T12:07:16.4040000+01:00|40011D69|Living Liquid|4826|Cascade|1068703B|Tomo Uchuu|650003|B8350400|147|8000|1B|48268000|0|0|0|0|0|0|0|0|0|0|106478|106478|10000|10000|0|1000|100.6167|102.4925|0|-2.854659|10849341|12889320|10000|10000|0|1000|100.1144|97.64246|0|-3.129225|00008BA9|5|c742d89f3ad05ce899767a04f58de9d9
22|2021-09-26T12:07:16.4040000+01:00|40011D69|Living Liquid|4826|Cascade|10675739|Jasy Heavensong|650003|9BDE0400|147|8000|1B|48268000|0|0|0|0|0|0|0|0|0|0|97086|97086|9328|10000|0|1000|100.6332|102.7999|0|-3.041307|10849341|12889320|10000|10000|0|1000|100.1144|97.64246|0|-3.129225|00008BA9|6|83711a53ac7ce0665af23760dc567349
22|2021-09-26T12:07:16.4040000+01:00|40011D69|Living Liquid|4826|Cascade|1057B8A2|Alex Knightfall|650003|9C830400|147|8000|1B|48268000|0|0|0|0|0|0|0|0|0|0|97285|97285|10000|10000|0|1000|99.93127|103.1356|0|3.047251|10849341|12889320|10000|10000|0|1000|100.1144|97.64246|0|-3.129225|00008BA9|7|75ec128bad613eefbfebc460945aa139
37|2021-09-26T12:07:16.4920000+01:00|40011D69|Living Liquid|00008B9F|10833677|12889320|10000|10000|0||100.1144|97.64246|0|-3.129225||6ba3459f452baee9ad7874c0ad448cba
21|2021-09-26T12:07:16.5370000+01:00|107ABEEC|Greiyan Fletz|07|Attack|40011D69|Living Liquid|710303|232A0000|0|0|0|0|0|0|0|0|0|0|0|0|0|0|10833677|12889320|10000|10000|0|1000|100.1144|97.64246|0|-3.129225|106544|106544|10000|10000|0|1000|100.5416|101.7013|0|-3.030282|00008BAA|0|e66d931dfd028810b20e253cd2ffc937
21|2021-09-26T12:07:16.7600000+01:00|1075A2E4|Niru Summers|07|Attack|40011D69|Living Liquid|710303|21510000|0|0|0|0|0|0|0|0|0|0|0|0|0|0|10833677|12889320|10000|10000|0|1000|100.1144|97.64246|0|-3.129225|153077|153077|10000|10000|0|1000|100.0839|95.47571|-0.01531982|0.01011467|00008BAB|0|49737e2115cdbdfbdbebd618247f7263
21|2021-09-26T12:07:16.8040000+01:00|10752D6C|Volkon Vysk|3F0D|Demon Slice|40011D69|Living Liquid|710303|2D200000|1B|3F0D8000|0|0|0|0|0|0|0|0|0|0|0|0|10833677|12889320|10000|10000|0|1000|100.1144|97.64246|0|-3.129225|152511|152511|10000|10000|0|1000|99.8092|101.3961|0|-3.140442|00008BAC|0|7de05df26c845bde9a135a2efd8780ef
21|2021-09-26T12:07:16.8490000+01:00|1075A2E4|Niru Summers|DDD|Fell Cleave|40011D69|Living Liquid|710303|9AAD0000|0|0|0|0|0|0|0|0|0|0|0|0|0|0|10833677|12889320|10000|10000|0|1000|100.1144|97.64246|0|-3.129225|153077|153077|10000|10000|0|1000|100.0839|95.47571|-0.01531982|0.01011467|00008BAD|0|ef8e0f145d1ae21911901e623c51d5ca
37|2021-09-26T12:07:16.8930000+01:00|40011D69|Living Liquid|00008BA8|10829643|12889320|10000|10000|0||100.1144|97.64246|0|-3.129225||b4f18102ee9a8a33681669a70da8ef5e
39|2021-09-26T12:07:16.9390000+01:00|10675739|Jasy Heavensong|97086|97086|9592|10000|0|0|100.6332|102.7999|0|-3.041307||8f5129a6f790697fbb14edd5efb38ae1
39|2021-09-26T12:07:16.9390000+01:00|1075A2E4|Niru Summers|153077|153077|10000|10000|0|0|100.0839|95.47571|-0.01531982|0.01011467||8ad062ad2c7e9d0ca364b3c885a0ed0c
39|2021-09-26T12:07:16.9390000+01:00|10752D6C|Volkon Vysk|152511|152511|10000|10000|0|0|99.8092|101.3961|0|-3.140442||00ab9acffbf6bcb7227151b54c4fc0f2
21|2021-09-26T12:07:16.9390000+01:00|107ABEEC|Greiyan Fletz|4066|Kaeshi: Setsugekka|40011D69|Living Liquid|710103|6BE04001|13D|FF8000|0|0|0|0|0|0|0|0|0|0|0|0|10829643|12889320|10000|10000|0|1000|100.1144|97.64246|0|-3.129225|106544|106544|10000|10000|0|1000|100.5416|101.7013|0|-3.030282|00008BAE|0|02501e05d16682a543d5ab48fb83d77b
24|2021-09-26T12:07:16.9830000+01:00|40011D69|Living Liquid|DoT|0|52A1|10829643|12889320|10000|10000|0|1000|100.1144|97.64246|0|-3.129225||bcaa73149f59c8d1257a569752a4a9dc
21|2021-09-26T12:07:16.9830000+01:00|1068703B|Tomo Uchuu|3E7F|Emboite|1068703B|Tomo Uchuu|0|0|0|0|0|0|0|0|0|0|0|0|0|0|0|0|106478|106478|10000|10000|0|1000|100.7859|102.4429|0|-2.819054|106478|106478|10000|10000|0|1000|100.7859|102.4429|0|-2.819054|00008BAF|0|64b07840507e34f4086a87b5eee48977
36|2021-09-26T12:07:16.9830000+01:00|0604|3|bb0b176cc0c41c9305e26f7d0d36e75f
38|2021-09-26T12:07:16.9830000+01:00|40011D69|Living Liquid|00505000|10808490|12889320|10000|10000|0|0|100.1144|97.64246|0|-3.129225|0|0|0|0767|413D1652|1057B8A2|2804B1|4142D4C7|107629AA|0759|41493F47|10675739|2804B0|416B747E|107629AA|0A00A3|410CD902|107401EC|04C5|40A35410|1057B8A2|072D|41A5D0CC|10752D6C|04A9|410D74C1|1075A2E4||28698f4775d6cf4ae81263f986b682d2
31|2021-09-26T12:07:16.9830000+01:00|1068703B|45A0026|2000001|1057B800|72D|4261692f65fcce8b4bcc1056d7ee1d33
31|2021-09-26T12:07:17.0270000+01:00|1068703B|4640026|2000001|00|00|ea4004df3379ce22ee3ba6a3ed541b17
37|2021-09-26T12:07:17.0720000+01:00|40011D69|Living Liquid|00008BAA|10799488|12889320|10000|10000|0||100.1144|97.64246|0|-3.129225||47e6632cab594b18f2f6bc5a52f42e76
37|2021-09-26T12:07:17.0720000+01:00|40011D69|Living Liquid|00008BA5|10778142|12889320|10000|10000|0||100.1144|97.64246|0|-3.129225||f6b7ebf683309305b9b19506964e98c7
39|2021-09-26T12:07:17.0720000+01:00|107629AA|Joeson Lmoa|106059|106059|10000|10000|0|0|99.99231|102.4032|0|3.12213||57c7ef72d21e755c0beba0587c7dbdb7
21|2021-09-26T12:07:17.0720000+01:00|107401EC|Raesa Velan|4079|Despair|40011D69|Living Liquid|150303|B81C4001|33D|438000|1B|40798000|0|0|0|0|0|0|0|0|0|0|10808490|12889320|10000|10000|0|1000|100.1144|97.64246|0|-3.129225|96887|96887|2000|10000|0|1000|100.1449|101.6403|0|-3.126636|00008BB0|0|3c08603889862448bcefd7e877b97ebe
21|2021-09-26T12:07:17.0720000+01:00|10675739|Jasy Heavensong|40AB|Malefic IV|40011D69|Living Liquid|750203|4FCB0000|1B|40AB8000|0|0|0|0|0|0|0|0|0|0|0|0|10808490|12889320|10000|10000|0|1000|100.1144|97.64246|0|-3.129225|97086|97086|9592|10000|0|1000|100.6332|102.7999|0|-3.041307|00008BB1|0|f1b540bad08260079e37775f1d2ed832
37|2021-09-26T12:07:17.1160000+01:00|40011D69|Living Liquid|00008BA7|10772394|12889320|10000|10000|0||100.1144|97.64246|0|-3.129225||6b181c339f651ff42b5be8cdcb86dd76
22|2021-09-26T12:07:17.1620000+01:00|1057B8A2|Alex Knightfall|BA|Succor|1057B8A2|Alex Knightfall|10004|358F0000|F20E|1290000|1B|BA8000|0|0|0|0|0|0|0|0|0|0|97285|97285|10000|10000|0|1000|99.93127|103.1356|0|3.047251|97285|97285|10000|10000|0|1000|99.93127|103.1356|0|3.047251|00008BB2|0|bda96b4c7dabf1db7c51409d16512f9e
22|2021-09-26T12:07:17.1620000+01:00|1057B8A2|Alex Knightfall|BA|Succor|107629AA|Joeson Lmoa|4|205D0000|740E|1290000|1B|BA8000|0|0|0|0|0|0|0|0|0|0|106059|106059|10000|10000|0|1000|99.99231|102.4032|0|3.12213|97285|97285|10000|10000|0|1000|99.93127|103.1356|0|3.047251|00008BB2|1|ee5e57c84544588c06c919c472513b8e
22|2021-09-26T12:07:17.1620000+01:00|1057B8A2|Alex Knightfall|BA|Succor|10675739|Jasy Heavensong|4|21B70000|240E|1290000|1B|BA8000|0|0|0|0|0|0|0|0|0|0|97086|97086|9192|10000|0|1000|100.6332|102.7999|0|-3.041307|97285|97285|10000|10000|0|1000|99.93127|103.1356|0|3.047251|00008BB2|2|7ab407d6ad4b9f7da2d0edeaf5b3a287
22|2021-09-26T12:07:17.1620000+01:00|1057B8A2|Alex Knightfall|BA|Succor|1068703B|Tomo Uchuu|4|209F0000|C60E|1290000|1B|BA8000|0|0|0|0|0|0|0|0|0|0|106478|106478|10000|10000|0|1000|100.7859|102.4429|0|-2.804393|97285|97285|10000|10000|0|1000|99.93127|103.1356|0|3.047251|00008BB2|3|4e4dda85daba063083acbc5ad8a28792
22|2021-09-26T12:07:17.1620000+01:00|1057B8A2|Alex Knightfall|BA|Succor|107401EC|Raesa Velan|4|20A80000|D20E|1290000|1B|BA8000|0|0|0|0|0|0|0|0|0|0|96887|96887|0|10000|0|1000|100.1449|101.6403|0|-3.126636|97285|97285|10000|10000|0|1000|99.93127|103.1356|0|3.047251|00008BB2|4|c0509bcec937aa40c94df8b55864b9bd
22|2021-09-26T12:07:17.1620000+01:00|1057B8A2|Alex Knightfall|BA|Succor|107ABEEC|Greiyan Fletz|4|20870000|A80E|1290000|1B|BA8000|0|0|0|0|0|0|0|0|0|0|106544|106544|10000|10000|0|1000|100.5416|101.7013|0|-3.030282|97285|97285|10000|10000|0|1000|99.93127|103.1356|0|3.047251|00008BB2|5|41fc051fd2667b51af2f3c65d123c330
22|2021-09-26T12:07:17.1620000+01:00|1057B8A2|Alex Knightfall|BA|Succor|10752D6C|Volkon Vysk|4|20F70000|340E|1290000|1B|BA8000|0|0|0|0|0|0|0|0|0|0|152511|152511|10000|10000|0|1000|99.8092|101.3961|0|-3.140442|97285|97285|10000|10000|0|1000|99.93127|103.1356|0|3.047251|00008BB2|6|1f317b52cf0eeb66e082569c71ecda57
22|2021-09-26T12:07:17.1620000+01:00|1057B8A2|Alex Knightfall|BA|Succor|1075A2E4|Niru Summers|4|20FC0000|3B0E|1290000|1B|BA8000|0|0|0|0|0|0|0|0|0|0|153077|153077|10000|10000|0|1000|100.0839|95.47571|-0.01531982|0.01011467|97285|97285|10000|10000|0|1000|99.93127|103.1356|0|3.047251|00008BB2|7|be90cd89ec98f80e2e516111fc2f35af
39|2021-09-26T12:07:17.2050000+01:00|107401EC|Raesa Velan|96887|96887|0|10000|0|0|100.1449|101.6403|0|-3.126636||5ac8a6e5e6142e3913c969375451fcd0
21|2021-09-26T12:07:17.2050000+01:00|40011D69|Living Liquid|4978|Unknown_4978|1075A2E4|Niru Summers|730003|6AD90000|0|0|0|0|0|0|0|0|0|0|0|0|0|0|153077|153077|10000|10000|0|1000|100.0839|95.47571|-0.01531982|0.01011467|10772394|12889320|10000|10000|0|1000|100.1144|97.64246|0|-3.129225|00008BB3|0|56dab97df12e8aca7dbd253536668299
37|2021-09-26T12:07:17.2950000+01:00|40011D69|Living Liquid|00008BAB|10763865|12889320|10000|10000|0||100.1144|97.64246|0|-3.129225||0b9091f0aae25854004604865c9b9879
21|2021-09-26T12:07:17.3840000+01:00|1068703B|Tomo Uchuu|07|Attack|40011D69|Living Liquid|720303|24200000|0|0|0|0|0|0|0|0|0|0|0|0|0|0|10763865|12889320|10000|10000|0|1000|100.1144|97.64246|0|-3.129225|106478|106478|10000|10000|0|1000|100.7859|102.4429|0|-2.674541|00008BB4|0|040442c1100b69a4d21509b0ed082c39
37|2021-09-26T12:07:17.4280000+01:00|40011D69|Living Liquid|00008BAC|10752313|12889320|10000|10000|0||100.1144|97.64246|0|-3.129225||b0c6e456bce5c3fda0855fb7ea9fb34b
37|2021-09-26T12:07:17.4740000+01:00|40011D69|Living Liquid|00008BAD|10712716|12889320|10000|10000|0||100.1144|97.64246|0|-3.129225||a5b1deadf8abc85876088dde97b06eef
37|2021-09-26T12:07:17.5640000+01:00|40011D69|Living Liquid|00008BAE|5263206|12889320|10000|10000|0||100.1144|97.64246|0|-3.129225||229e6e5978ee2c83eda32531df2a5345
37|2021-09-26T12:07:17.5640000+01:00|40011D69|Living Liquid|00008BB0|5150538|12889320|10000|10000|0||100.1144|97.64246|0|-3.129225||073c07d9b7d9b1e863bac300b1d8d48b
37|2021-09-26T12:07:17.5640000+01:00|1075A2E4|Niru Summers|00008BA9|105775|153077|10000|10000|0||100.0839|95.47571|-0.01531982|0.01011467|1500|0|0|0||533b72d9ddc2ea5ac2422f0fa96468a0
38|2021-09-26T12:07:17.5640000+01:00|40011D69|Living Liquid|00505000|5150538|12889320|10000|10000|0|0|100.1144|97.64246|0|-3.129225|0|0|0|0767|4133CA8D|1057B8A2|2804B1|41398902|107629AA|0759|413FF382|10675739|2804B0|416228B9|107629AA|0A00A3|41038D3D|107401EC|04C5|4090BC80|1057B8A2|072D|41A12AE7|10752D6C|04A9|410428FC|1075A2E4||177d2f4a0472f74fade3b495d5da7c4b
37|2021-09-26T12:07:17.6090000+01:00|10752D6C|Volkon Vysk|00008BA9|147378|152511|10000|10000|0||99.8092|101.3961|0|-3.140442|2501|0|0|03|04002E40|0|0|E0000000|07003A40|0|0|E0000000|09002F00|0|0|E0000000||11bbb1d77f371b420f51b4588dc8d232
38|2021-09-26T12:07:17.6090000+01:00|10752D6C|Volkon Vysk|00505025|147378|152511|10000|10000|0|0|99.8092|101.3961|0|-3.140442|0|0|0|14016A|41F00000|E0000000|0A0168|41F00000|E0000000|28FD0030|4513AFA4|10752D6C|08A8|403C8B3A|107629AA|0|0|0|28F60031|415FFFC4|10752D6C|8D|40AF0A3F|107629AA|0|0|0|0727|40D126EE|10752D6C|0|0|0|071E|410A1476|1068703B|0738|410A1476|1068703B|012B|40424DCA|1057B8A2|0762|410424E3|10675739|0756|41105E48|10675739|0729|0|10752D6C|0351|40451EAF|10675739|03BC|415147B5|10675739||4ca8a255921a1dc5def06d6eb19ad7aa
30|2021-09-26T12:07:17.6090000+01:00|129|Galvanize|0.00|1057B8A2|Alex Knightfall|10752D6C|Volkon Vysk|00|152511|97285||7ad3f95beff1036e2e05ab0e3ad2c8c7
30|2021-09-26T12:07:17.6090000+01:00|76a|Brutal Shell|0.00|10752D6C|Volkon Vysk|10752D6C|Volkon Vysk|00|152511|152511||679040d03d7f839fb2920c4d469c026b
30|2021-09-26T12:07:17.6090000+01:00|5b1|Shake It Off|0.00|1075A2E4|Niru Summers|10752D6C|Volkon Vysk|00|152511|153077||79deedb72f2a00b6b0b6f4ddf9439f3c
37|2021-09-26T12:07:17.6530000+01:00|107401EC|Raesa Velan|00008BA9|60907|96887|0|10000|0||100.1449|101.6403|0|-3.126636|1902|0|0|02|05002E40|0|0|E0000000|0B003A40|0|0|E0000000||73621207ae2920a1f6337335b6b0c08b
38|2021-09-26T12:07:17.6530000+01:00|107401EC|Raesa Velan|00505019|60907|96887|0|10000|0|0|100.1449|101.6403|0|-3.126636|0|0|0|0A016D|41F00000|E0000000|0A0168|41F00000|E0000000|29020030|4593E950|107401EC|A4|416570A0|107401EC|08A8|403C9B9D|107629AA|0|0|0|8D|40A0C498|107629AA|075E|40EEC8DC|10675739|071E|41073B61|1068703B|0738|41073B61|1068703B|28F90031|418EF7AE|107401EC|0|0|0|02E1|419D9D96|107401EC|02E2|40424DCA|107401EC|012B|40424DCA|1057B8A2|0756|410D8119|10675739|0762|41014BCE|10675739|0351|40424DCA|10675739|03BC|4150937C|10675739||32bcc9dc1dae2b2583a1122e25bf4563
30|2021-09-26T12:07:17.6530000+01:00|129|Galvanize|0.00|1057B8A2|Alex Knightfall|107401EC|Raesa Velan|00|96887|97285||564165d340d0815c634b20dcec5e51ee
30|2021-09-26T12:07:17.6530000+01:00|5b1|Shake It Off|0.00|1075A2E4|Niru Summers|107401EC|Raesa Velan|00|96887|153077||b8e6e403809ed5dff32e35ba1a19782b
38|2021-09-26T12:07:17.6980000+01:00|107ABEEC|Greiyan Fletz|00505022|106544|106544|10000|10000|25|0|100.5416|101.7013|0|-3.030282|049B|04|0|0720|42700000|1068703B|14016A|41F00000|E0000000|0A0168|41F00000|E0000000|28FE0030|4512657F|107ABEEC|0351|40424DCA|10675739|0204D1|4113EB97|107ABEEC|0129|409301C5|1057B8A2|0839|422386AC|1068703B|0737|422386AC|1068703B|08A8|403C9B9D|107629AA|0513|41C5B290|107ABEEC|8D|40B1EB87|107629AA|071E|410B851A|1068703B|05B1|408276DD|1075A2E4|0721|4120E974|1068703B|012B|40424DCA|1057B8A2|0512|41FA16FD|107ABEEC|0756|410B5C3C|10675739|03BC|4150937C|10675739|04E4|41700000|107ABEEC|0762|40FE4DE1|10675739||c25a2cf9d1d4408a055334f357e2ab7f
26|2021-09-26T12:07:17.6980000+01:00|720|Dance Partner|60.00|1068703B|Tomo Uchuu|107ABEEC|Greiyan Fletz|00|106544|106478||dbd6303f08ed7e26540d206b07e41d07
30|2021-09-26T12:07:17.6980000+01:00|4d0|Third Eye|0.00|107ABEEC|Greiyan Fletz|107ABEEC|Greiyan Fletz|00|106544|106544||52dc27d9d78f84a8f6c64767197b71b7
26|2021-09-26T12:07:17.6980000+01:00|4e4|Eyes Open|15.00|107ABEEC|Greiyan Fletz|107ABEEC|Greiyan Fletz|00|106544|106544||6197c86be4f3848a3a03b928116e9a54
37|2021-09-26T12:07:17.6980000+01:00|107ABEEC|Greiyan Fletz|00008BA9|70526|106544|10000|10000|0||100.5416|101.7013|0|-3.030282|2203|0|0|03|06002E40|0|0|E0000000|0D003A40|0|0|E0000000|130033E4|0|41700000|107ABEEC||94a5173a5e4e64cf4aff6cc15c73b22b
21|2021-09-26T12:07:17.6980000+01:00|107401EC|Raesa Velan|99|Thunder III|40011D69|Living Liquid|550003|7FFE0000|A549E0E|A30000|1B|998000|0|0|0|0|0|0|0|0|0|0|5150538|12889320|10000|10000|0|1000|100.1144|97.64246|0|-3.129225|60907|96887|0|10000|0|1000|100.1449|101.6403|0|-3.126636|00008BB5|0|b6d90d744eb5ba6a6ed99cec2c0213d9
38|2021-09-26T12:07:17.6980000+01:00|107ABEEC|Greiyan Fletz|00505022|70526|106544|10000|10000|0|0|100.5416|101.7013|0|-3.030282|0|0|0|0720|42700000|1068703B|14016A|41F00000|E0000000|0A0168|41F00000|E0000000|28FE0030|451264CB|107ABEEC|0351|403F7CE5|10675739|0204D1|4113375E|107ABEEC|0|0|0|0839|4223599E|1068703B|0737|4223599E|1068703B|08A8|4039CAB8|107629AA|0513|41C55873|107ABEEC|8D|40B08314|107629AA|071E|410AD0E1|1068703B|0|0|0|0721|4120353B|1068703B|012B|403F7CE5|1057B8A2|0512|41F9BCE0|107ABEEC|0756|410AA803|10675739|03BC|414FDF43|10675739|04E4|416F4BC7|107ABEEC|0762|40FCE56E|10675739||65ad88b670c43b7b2f28eb51d93d5309
30|2021-09-26T12:07:17.6980000+01:00|129|Galvanize|0.00|1057B8A2|Alex Knightfall|107ABEEC|Greiyan Fletz|00|106544|97285||9f2efd380f2d9adc3bd50a5179fbb5dc
30|2021-09-26T12:07:17.6980000+01:00|5b1|Shake It Off|0.00|1075A2E4|Niru Summers|107ABEEC|Greiyan Fletz|00|106544|153077||451d1471e5ff80606e8bc48eee8b07ad
38|2021-09-26T12:07:17.6980000+01:00|107401EC|Raesa Velan|00505019|60907|96887|0|10000|0|0|100.1449|101.6403|0|-3.126636|0|0|0|0A016D|41F00000|E0000000|0A0168|41F00000|E0000000|29020030|4593E8F6|107401EC|0|0|0|08A8|4039CAB8|107629AA|0|0|0|8D|409F5C25|107629AA|075E|40ED6069|10675739|071E|41068728|1068703B|0738|41068728|1068703B|28F90031|418E9D91|107401EC|0|0|0|02E1|419D4379|107401EC|02E2|403F7CE5|107401EC|012B|403F7CE5|1057B8A2|0756|410CCCE0|10675739|0762|41009795|10675739|0351|403F7CE5|10675739|03BC|414FDF43|10675739||115e58a3c1ee01f2fbbf47803113f749
30|2021-09-26T12:07:17.6980000+01:00|a4|Thundercloud|0.00|107401EC|Raesa Velan|107401EC|Raesa Velan|00|96887|96887||337c2e4ce67cebcce8ffa634e32eda5c
37|2021-09-26T12:07:17.7420000+01:00|1075A2E4|Niru Summers|00008BB3|78422|153077|10000|10000|0||100.0839|95.47571|-0.01531982|0.01011467|1500|0|0|0||83e80fee3934189c1b8b8887f2fed113
37|2021-09-26T12:07:17.7420000+01:00|107629AA|Joeson Lmoa|00008BA9|57978|106059|10000|10000|0||99.99231|102.4032|0|3.12213|1704|0|0|02|04002E40|0|0|E0000000|08003A40|0|0|E0000000||83664ee7b4cc8feff02ff5bca5f793e5
21|2021-09-26T12:07:17.7420000+01:00|1057B8A2|Alex Knightfall|4099|Whispering Dawn|1057B8A2|Alex Knightfall|6003D|EF0000|0|0|0|0|0|0|0|0|0|0|0|0|0|0|97285|97285|9000|10000|0|1000|99.93127|103.1356|0|3.047251|97285|97285|9000|10000|0|1000|99.93127|103.1356|0|3.047251|00008BB6|0|022b0f482a7057841e24e9940a6f4033
38|2021-09-26T12:07:17.7420000+01:00|107629AA|Joeson Lmoa|00505017|57978|106059|10000|10000|0|0|99.99231|102.4032|0|3.12213|0|0|0|0A016D|41F00000|E0000000|0A0168|41F00000|E0000000|28FE0030|45126133|107629AA|7D|3FAF7CCA|107629AA|0|0|0|071E|4112AC07|1068703B|0738|4112AC07|1068703B|075D|4097E783|10675739|0|0|0|012B|4039CAB8|1057B8A2|0756|4105AA10|10675739|0762|40F72B0F|10675739|0351|403C9B9D|10675739|03BC|414F26F1|10675739||75b7f4077c8b69a39772cab14f4f0b10
30|2021-09-26T12:07:17.7420000+01:00|129|Galvanize|0.00|1057B8A2|Alex Knightfall|107629AA|Joeson Lmoa|00|106059|97285||7c83dd927cc02644d1731222310c307a
30|2021-09-26T12:07:17.7420000+01:00|5b1|Shake It Off|0.00|1075A2E4|Niru Summers|107629AA|Joeson Lmoa|00|106059|153077||dea31a4293fc4a39cb4912644bf0b614
37|2021-09-26T12:07:17.7870000+01:00|1068703B|Tomo Uchuu|00008BA9|59321|106478|10000|10000|0||100.7859|102.4429|0|-2.655691|2605|0|0|02|06002E40|0|0|E0000000|0C003A40|0|0|E0000000||4b78bac4d067884bcbebc76692c7b2fd
38|2021-09-26T12:07:17.7870000+01:00|1068703B|Tomo Uchuu|00505026|59321|106478|10000|10000|0|0|100.7859|102.4429|0|-2.655691|0|0|0|14016A|41F00000|E0000000|0A0168|41F00000|E0000000|071F|42700000|1068703B|28FE0030|4513092C|1068703B|071A|4145DF45|1068703B|08A8|40313743|107629AA|0|0|0|071D|4222FE7C|1068703B|0737|4222FE7C|1068703B|8D|40A51EB6|107629AA|071E|4102F1A7|1068703B|0756|41071AB4|10675739|0|0|0|0719|410DA9F8|1068703B|0762|40F178E0|10675739|0721|411EC8B0|1068703B|012B|4036F9D3|1057B8A2|0351|4039CAB8|10675739|03BC|414E72B8|10675739||d956a5de491c1470354fba9eb9db5d90
26|2021-09-26T12:07:17.7870000+01:00|71f|Closed Position|60.00|1068703B|Tomo Uchuu|1068703B|Tomo Uchuu|00|106478|106478||7d7af002bf1fcad11e7b641f35cffe2e
30|2021-09-26T12:07:17.7870000+01:00|129|Galvanize|0.00|1057B8A2|Alex Knightfall|1068703B|Tomo Uchuu|00|106478|97285||70f3da4702d0ff8787a328b09a2e838e
30|2021-09-26T12:07:17.7870000+01:00|5b1|Shake It Off|0.00|1075A2E4|Niru Summers|1068703B|Tomo Uchuu|00|106478|153077||f1225ae13facbff9ed7ac2a8019b8b98
03|2021-09-26T12:07:17.4250000+01:00|40011ded|Liquid Rage|0|50|0|0||9213|11337|11919920|11919920|10000|10000|0|0|85|100|0|-4.792213E-05||1f49e939dc58f7d0d66de0fe7ffdc9ad
03|2021-09-26T12:07:17.4250000+01:00|40011deb|Liquid Rage|0|50|0|0||9213|11337|11919920|11919920|10000|10000|0|0|100|115|0|-4.792213E-05||f6843bb3af096e94f5c3abb1021bb4e8
03|2021-09-26T12:07:17.4250000+01:00|40011dec|Liquid Rage|0|50|0|0||9213|11337|11919920|11919920|10000|10000|0|0|115|100|0|-4.792213E-05||bbe405dd0320f343921ea0dbc15a446e
37|2021-09-26T12:07:17.8300000+01:00|10675739|Jasy Heavensong|00008BA9|57184|97086|9192|10000|0||100.6332|102.7999|0|-3.041307|2106|0|0|02|06002E40|0|0|E0000000|08003A40|0|0|E0000000||e046e29fa74f9007f35d8a8a77927440
38|2021-09-26T12:07:17.8310000+01:00|10675739|Jasy Heavensong|00505021|57184|97086|9192|10000|0|0|100.6332|102.7999|0|-3.041307|0|0|0|0A0168|41F00000|E0000000|0F016B|41F00000|E0000000|0|0|0|28FE0030|45125C37|10675739|0756|40FFEFC8|10675739|08A8|402E55FB|107629AA|0|0|0|0347|0|10675739|0|0|0|8D|4096D0E3|107629AA|071E|410F1A9D|1068703B|0738|410F1A9D|1068703B|0762|40EBB652|10675739|012B|4034188B|1057B8A2|0351|4036E970|10675739|03BC|414DBA66|10675739||7a36f43b496f9fb2cafb57d6d42a09b3
30|2021-09-26T12:07:17.8310000+01:00|129|Galvanize|0.00|1057B8A2|Alex Knightfall|10675739|Jasy Heavensong|00|97086|97285||e08c0a954070a60e984e32dd27e3c335
30|2021-09-26T12:07:17.8310000+01:00|5b1|Shake It Off|0.00|1075A2E4|Niru Summers|10675739|Jasy Heavensong|00|97086|153077||2d0f9878ebb566f229c6242809ac6581
03|2021-09-26T12:07:17.4250000+01:00|40011dea|Liquid Hand|0|50|0|0||9212|11336|5356358|12889320|10000|10000|0|0|100|100|0|-4.792213E-05||2f221b4ef6a7cb01d3363166cf94757f
37|2021-09-26T12:07:17.8760000+01:00|1057B8A2|Alex Knightfall|00008BA9|57218|97285|9000|10000|0||99.93127|103.1356|0|3.047251|1C07|0|0|02|04002E40|0|0|E0000000|0B003A40|0|0|E0000000||5eb1e5724c8de90ce9effe97245b8cda
38|2021-09-26T12:07:17.8760000+01:00|1057B8A2|Alex Knightfall|0050501C|57218|97285|9000|10000|0|0|99.93127|103.1356|0|3.047251|0|0|0|0A016D|41F00000|E0000000|1E016C|41F00000|E0000000|28FE0030|44DC8F59|1057B8A2|020130|0|1057B8A2|0|0|0|28FA0031|40D8E522|1057B8A2|04B4|4050C48B|1057B8A2|08A8|402E55FB|107629AA|8D|409DFBE3|107629AA|071E|410C3954|1068703B|0738|410C3954|1068703B|0|0|0|0798|40A4B451|1057B8A2|012B|40313743|1057B8A2|0756|41016056|10675739|0762|4102041E|10675739|0351|40340828|10675739|03BC|414D0214|10675739||494ade2ef80a405313e83eef7ca740ec
30|2021-09-26T12:07:17.8760000+01:00|129|Galvanize|0.00|1057B8A2|Alex Knightfall|1057B8A2|Alex Knightfall|00|97285|97285||ab63f6e06c46fa3eb7390d112ec04644
30|2021-09-26T12:07:17.8760000+01:00|5b1|Shake It Off|0.00|1075A2E4|Niru Summers|1057B8A2|Alex Knightfall|00|97285|153077||899bc5cfd7c30bac8c6ed2986bd133e6
37|2021-09-26T12:07:17.9200000+01:00|40011D69|Living Liquid|00008BB4|5141290|12889320|10000|10000|0||100.1144|97.64246|0|-3.129225||3962586a58659f763bfc281a0fbbf48a
22|2021-09-26T12:07:17.9200000+01:00|10752D6C|Volkon Vysk|3F1F|Bow Shock|40011DEA|Liquid Hand|710103|2EFD0000|A720E|72E0000|0|0|0|0|0|0|0|0|0|0|0|0|5356358|12889320|10000|10000|0|1000|100|100|0|-4.792213E-05|147378|152511|10000|10000|0|1000|99.8092|101.3961|0|-3.140442|00008BB7|0|407614b847b9338d49b11a87b89e114f
22|2021-09-26T12:07:17.9200000+01:00|10752D6C|Volkon Vysk|3F1F|Bow Shock|40011D69|Living Liquid|710303|3A3A0000|6E720E|72E0000|0|0|0|0|0|0|0|0|0|0|0|0|5150538|12889320|10000|10000|0|1000|100.1144|97.64246|0|-3.129225|147378|152511|10000|10000|0|1000|99.8092|101.3961|0|-3.140442|00008BB7|1|53f587680264f4e7984e4406280659d0
37|2021-09-26T12:07:18.1440000+01:00|40011D69|Living Liquid|00008BB1|5120863|12889320|10000|10000|0||100.1144|97.64246|0|-3.129225||0aed3de4d70d9897ea26a61cfca0f9d4
21|2021-09-26T12:07:18.1880000+01:00|107629AA|Joeson Lmoa|406F|Burst Shot|40011D69|Living Liquid|720203|43140000|F|7A8000|1B|406F8000|0|0|0|0|0|0|0|0|0|0|5120863|12889320|10000|10000|0|1000|100.1144|97.64246|0|-3.129225|57978|106059|10000|10000|0|1000|99.99231|102.4032|0|3.12213|00008BB8|0|1491eed2b2cc784012e2799c2a09f6df
38|2021-09-26T12:07:18.1880000+01:00|107629AA|Joeson Lmoa|00505017|57978|106059|10000|10000|0|0|99.99231|102.4032|0|3.12213|0|0|0|0A016D|41F00000|E0000000|0A0168|41F00000|E0000000|28FE0030|45125A17|107629AA|7D|3F6D0E10|107629AA|7A|C1200000|107629AA|071E|410B8D50|1068703B|0738|410B8D50|1068703B|075D|4089AA10|10675739|0|0|0|012B|401D4FD7|1057B8A2|0756|40FD16B0|10675739|0762|40E8ED9C|10675739|0351|402020BC|10675739|03BC|4148083A|10675739||3fe8ca43505674923aa1ffbb6ee58d63
26|2021-09-26T12:07:18.1880000+01:00|7a|Straight Shot Ready|10.00|107629AA|Joeson Lmoa|107629AA|Joeson Lmoa|00|106059|106059||5176e7a2e52f34850167c341ddcf9640
37|2021-09-26T12:07:18.2770000+01:00|1057B8A2|Alex Knightfall|00008BB2|70929|97285|9000|10000|17||99.93127|103.1356|0|3.047251|1C00|0|0|01|04002F69|0|41F00000|1057B8A2||c100df3359489d25efe42d55759fd223
26|2021-09-26T12:07:18.2770000+01:00|129|Galvanize|30.00|1057B8A2|Alex Knightfall|1057B8A2|Alex Knightfall|00|97285|97285||0651b2218c1c85d834b41c88aebc7b23
38|2021-09-26T12:07:18.2770000+01:00|1057B8A2|Alex Knightfall|0050501C|70929|97285|9000|10000|17|0|99.93127|103.1356|0|3.047251|0|0|0|0A016D|41F00000|E0000000|1E016C|41F00000|E0000000|28FE0030|44DC8284|1057B8A2|020130|0|1057B8A2|0129|41EFA3D7|1057B8A2|28FA0031|40CC1022|1057B8A2|04B4|40371A8F|1057B8A2|08A8|4014ABFF|107629AA|8D|409126E3|107629AA|071E|4105CED6|1068703B|0738|4105CED6|1068703B|0|0|0|0798|4097DF51|1057B8A2|012B|40178D47|1057B8A2|0756|40F5EBAD|10675739|0762|40F7333D|10675739|0351|401A5E2C|10675739|03BC|41469796|10675739||9a79f90c1f6d2731aa89279c9a221c5c
21|2021-09-26T12:07:18.3210000+01:00|40011DA6|Eos|322|Embrace|10752D6C|Volkon Vysk|4|11670000|1B|3228000|0|0|0|0|0|0|0|0|0|0|0|0|147378|152511|10000|10000|0|1000|99.8092|101.3961|0|-3.140442|92601|92601|10000|10000|0|1000|100.1449|100.0533|0|-1.724785|00008BB9|0|d3550be67c7baa493d885721531726ab
21|2021-09-26T12:07:18.3670000+01:00|107401EC|Raesa Velan|9E|Manafont|107401EC|Raesa Velan|B|BB80000|0|0|0|0|0|0|0|0|0|0|0|0|0|0|60907|96887|0|10000|0|1000|100.1449|101.6403|0|-3.126636|60907|96887|0|10000|0|1000|100.1449|101.6403|0|-3.126636|00008BBA|0|d8d1349509bd258ed4c128614df4064b
37|2021-09-26T12:07:18.4110000+01:00|107629AA|Joeson Lmoa|00008BB2|66263|106059|10000|10000|9||99.99231|102.4032|0|3.12213|1701|0|0|02|04002EBA|0|C1200000|107629AA|08003B69|0|41F00000|1057B8A2||f3f18cbfaafd010aceb406586c9913bb
26|2021-09-26T12:07:18.4110000+01:00|129|Galvanize|30.00|1057B8A2|Alex Knightfall|107629AA|Joeson Lmoa|00|106059|97285||d5596c2d4e5ed79f7fd0c737d40ef90b
38|2021-09-26T12:07:18.4110000+01:00|107629AA|Joeson Lmoa|00505017|66263|106059|10000|10000|9|0|99.99231|102.4032|0|3.12213|0|0|0|0A016D|41F00000|E0000000|0A0168|41F00000|E0000000|28FE0030|45125683|107629AA|7D|3F33B5FE|107629AA|7A|C1200000|107629AA|071E|4107F7D0|1068703B|0738|4107F7D0|1068703B|075D|40827F0D|10675739|0129|41EFA5E3|1057B8A2|012B|400EF9D3|1057B8A2|0756|40F5EBAD|10675739|0762|40E1C299|10675739|0351|4011CAB8|10675739|03BC|414472BA|10675739||5e65dc32bda066a54e76eb2a88df9b26
24|2021-09-26T12:07:18.4560000+01:00|10675739|Jasy Heavensong|HoT|0|114C|57184|97086|9192|10000|0|1000|100.6332|102.7999|0|-3.041307||27550317586ebd2c119a4e0e75042ca1
24|2021-09-26T12:07:18.4560000+01:00|1075A2E4|Niru Summers|HoT|0|1057|78422|153077|10000|10000|0|1000|100.0839|95.47571|-0.01531982|0.01011467||2b59ff27464bd2789b6a7027961f6dff
24|2021-09-26T12:07:18.4560000+01:00|10752D6C|Volkon Vysk|HoT|0|1026|147378|152511|10000|10000|0|1000|99.8092|101.3961|0|-3.140442||fad0489422781bef4de7c77458a614a9
22|2021-09-26T12:07:18.4560000+01:00|1057B8A2|Alex Knightfall|409B|Art Of War|40011DEA|Liquid Hand|750003|2D600000|1B|409B8000|0|0|0|0|0|0|0|0|0|0|0|0|5356358|12889320|10000|10000|0|1000|100|100|0|-4.792213E-05|70929|97285|9000|10000|0|1000|99.93127|103.1356|0|3.047251|00008BBB|0|06ae74f9c86139dd815e68fb8fc87fbd
22|2021-09-26T12:07:18.4560000+01:00|1057B8A2|Alex Knightfall|409B|Art Of War|40011D69|Living Liquid|750303|5BD70000|1B|409B8000|0|0|0|0|0|0|0|0|0|0|0|0|5120863|12889320|10000|10000|0|1000|100.1144|97.64246|0|-3.129225|70929|97285|9000|10000|0|1000|99.93127|103.1356|0|3.047251|00008BBB|1|8270ddb9ff365c44d61dc968ea6f7583
38|2021-09-26T12:07:18.4560000+01:00|10675739|Jasy Heavensong|00505021|61612|97086|9192|10000|0|0|100.6332|102.7999|0|-3.041307|0|0|0|0A0168|41F00000|E0000000|0F016B|41F00000|E0000000|0|0|0|28FE0030|4512523B|10675739|0756|40EBEFC5|10675739|08A8|400655FB|107629AA|0|0|0|0347|0|10675739|0|0|0|8D|4082D0E0|107629AA|071E|41051A9F|1068703B|0738|41051A9F|1068703B|0762|40D7B64F|10675739|012B|400C188B|1057B8A2|0351|400EE970|10675739|03BC|4143BA68|10675739||75e65b46ef20e68eba553eaaaf40df51
38|2021-09-26T12:07:18.4560000+01:00|1075A2E4|Niru Summers|00505015|82605|153077|10000|10000|0|0|100.0839|95.47571|-0.01531982|0.01011467|0|0|0|0A016D|41F00000|E0000000|0A0168|41F00000|E0000000|5B|0|1075A2E4|28FD0030|4513C0A8|1075A2E4|012B|400C188B|1057B8A2|0762|40F5C298|10675739|8D|409C7AE2|107629AA|08A8|400655FB|107629AA|28F60031|417B05DD|1075A2E4|5A|42043581|1075A2E4|071E|4109645A|1068703B|0738|4109645A|1068703B|0756|4104F1BF|10675739|0351|400EE970|10675739|03BC|4143BA68|10675739|0|0|0|FF9C0499|3F8A5E12|1075A2E4||35db94de756c3569151fc97277c47651
38|2021-09-26T12:07:18.4560000+01:00|10752D6C|Volkon Vysk|00505025|151512|152511|10000|10000|0|0|99.8092|101.3961|0|-3.140442|0|0|0|14016A|41F00000|E0000000|0A0168|41F00000|E0000000|28FD0030|4513A21C|10752D6C|08A8|400655FB|107629AA|0|0|0|28F60031|41527277|10752D6C|8D|4093EF9B|107629AA|0|0|0|0727|40B60C4A|10752D6C|0|0|0|071E|40F90E4F|1068703B|0738|40F90E4F|1068703B|012B|400C188B|1057B8A2|0762|40ED2F25|10675739|0756|4102D0FB|10675739|0729|0|10752D6C|0351|400EE970|10675739|03BC|4143BA68|10675739||af78b2949a3e95bf688c0999cf317ba9
37|2021-09-26T12:07:18.5460000+01:00|10675739|Jasy Heavensong|00008BB2|70243|97086|9192|10000|11||100.6332|102.7999|0|-3.041307|2102|0|0|01|02002F69|0|41F00000|1057B8A2||e08e66f7a012c0590b51bd5b7895fe4d
26|2021-09-26T12:07:18.5460000+01:00|129|Galvanize|30.00|1057B8A2|Alex Knightfall|10675739|Jasy Heavensong|00|97086|97285||a9b4228ddf88fa3ef6351d6691fc51fd
38|2021-09-26T12:07:18.5460000+01:00|40011DA6|Eos|00505000|92601|92601|10000|10000|0|0|100.1449|100.0533|0|-1.337345|0|0|0|28FE0030|44DC7B6A|1057B8A2|28FA0031|40C4F581|1057B8A2|08A8|400676C0|107629AA|8D|408A0C42|107629AA|071E|40DF6454|1068703B|0756|40EED10C|10675739|01077B|41F00000|40011DA6||774856c59291bab2c6e50ba92374fb23
26|2021-09-26T12:07:18.5460000+01:00|77b|Summon Order|30.00|40011DA6|Eos|40011DA6|Eos|01|92601|92601||152cbe9a1bada24f6c53e7fb1dd8431b
37|2021-09-26T12:07:18.5460000+01:00|40011DEA|Liquid Hand|00008BB7|5344329|12889320|10000|10000|0||100|100|0|-4.792213E-05|0|0|0|01|356E|0|41700000|10752D6C||054f2741685c4004088dad92850f4e77
26|2021-09-26T12:07:18.5460000+01:00|72e|Bow Shock|15.00|10752D6C|Volkon Vysk|40011DEA|Liquid Hand|00|12889320|152511||41bad75dd3b6f5300c996c9a0a9e66dd
24|2021-09-26T12:07:18.5460000+01:00|1068703B|Tomo Uchuu|HoT|0|109E|59321|106478|10000|10000|0|1000|100.7859|102.4429|0|-2.657786||44f0a61c284c62a03eba460bec69d513
38|2021-09-26T12:07:18.5460000+01:00|10675739|Jasy Heavensong|00505021|70243|97086|9192|10000|11|0|100.6332|102.7999|0|-3.041307|0|0|0|0A0168|41F00000|E0000000|0F016B|41F00000|E0000000|0129|41EFA1CB|1057B8A2|28FE0030|451250CF|10675739|0756|40E916AE|10675739|08A8|4000A3CE|107629AA|0|0|0|0347|0|10675739|0|0|0|8D|407FEF92|107629AA|071E|4103AE14|1068703B|0738|4103AE14|1068703B|0762|40D4DD38|10675739|012B|4006665E|1057B8A2|0351|40093743|10675739|03BC|41424DDD|10675739||8795089a9eafb4ab261bf985902cd299
38|2021-09-26T12:07:18.5460000+01:00|1068703B|Tomo Uchuu|00505026|63575|106478|10000|10000|0|0|100.7859|102.4429|0|-2.657786|0|0|0|14016A|41F00000|E0000000|0A0168|41F00000|E0000000|071F|42700000|1068703B|28FE0030|4512FD0C|1068703B|071A|4139BA6A|1068703B|08A8|4000A3CE|107629AA|0|0|0|071D|421FF548|1068703B|0737|421FF548|1068703B|8D|408CD4F8|107629AA|071E|40ED9991|1068703B|0756|40F5EBAE|10675739|0|0|0|0719|4101851D|1068703B|0762|40D92F22|10675739|0721|4112A3D5|1068703B|012B|4006665E|1057B8A2|0351|40093743|10675739|03BC|41424DDD|10675739||ad15ae0835149b0f73d3971a61cd6a52
24|2021-09-26T12:07:18.5900000+01:00|107629AA|Joeson Lmoa|HoT|0|10E5|66263|106059|10000|10000|0|1000|99.99231|102.4032|0|3.12213||9d0a91ec83f816d3949f7d5b47ed12a1
20|2021-09-26T12:07:18.5900000+01:00|10675739|Jasy Heavensong|40AB|Malefic IV|40011D69|Living Liquid|1.43|100.6332|102.7999|0|-3.041307||2eab88f1844d437263c50d53527e413e
38|2021-09-26T12:07:18.5900000+01:00|107ABEEC|Greiyan Fletz|00505022|70526|106544|10000|10000|0|0|100.5416|101.7013|0|-3.030282|0|0|0|0720|42700000|1068703B|14016A|41F00000|E0000000|0A0168|41F00000|E0000000|28FE0030|4512568B|107ABEEC|0351|4006665E|10675739|0204D1|4104F1BF|107ABEEC|0|0|0|0839|421FC83A|1068703B|0737|421FC83A|1068703B|08A8|40A00000|107629AA|0513|41BE35A2|107ABEEC|8D|4093F7CC|107629AA|071E|40F91681|1068703B|0|0|0|0721|4111EF9C|1068703B|012B|4006665E|1057B8A2|0512|41F29A0F|107ABEEC|0756|40F8C4C4|10675739|03BC|414199A4|10675739|04E4|41610628|107ABEEC|0762|40E05A26|10675739||258d9e407fda094c342817dadc91c9dc
26|2021-09-26T12:07:18.5900000+01:00|8a8|The Wanderer's Minuet|5.00|107629AA|Joeson Lmoa|107ABEEC|Greiyan Fletz|00|106544|106059||9cd97f3646e916434b56f404f54847a4
38|2021-09-26T12:07:18.5900000+01:00|107401EC|Raesa Velan|00505019|60907|96887|0|10000|0|0|100.1449|101.6403|0|-3.126636|0|0|0|0A016D|41F00000|E0000000|0A0168|41F00000|E0000000|29020030|4593E1D6|107401EC|0|0|0|08A8|40A00000|107629AA|0|0|0|8D|4082D0DD|107629AA|075E|40D0D521|10675739|071E|40F0830C|1068703B|0738|40F0830C|1068703B|28F90031|41877AC0|107401EC|0|0|0|02E1|419620A8|107401EC|02E2|4006665E|107401EC|012B|4006665E|1057B8A2|0756|40FD0E80|10675739|0762|40E4A3E2|10675739|0351|4006665E|10675739|03BC|414199A4|10675739||a6a84153c239192e603be547a56dafb9
26|2021-09-26T12:07:18.5900000+01:00|8a8|The Wanderer's Minuet|5.00|107629AA|Joeson Lmoa|107401EC|Raesa Velan|00|96887|106059||43e6bb6e2ffe917c4f63e97cb1ffdb63
38|2021-09-26T12:07:18.5900000+01:00|1057B8A2|Alex Knightfall|0050501C|70929|97285|8400|10000|17|0|99.93127|103.1356|0|3.047251|0|0|0|0A016D|41F00000|E0000000|1E016C|41F00000|E0000000|28FE0030|44DC7889|1057B8A2|020130|0|1057B8A2|0129|41ED24DD|1057B8A2|28FA0031|40C21439|1057B8A2|04B4|402322C1|1057B8A2|08A8|40A00000|107629AA|8D|40872AFA|107629AA|071E|4100D0E4|1068703B|0738|4100D0E4|1068703B|0|0|0|0798|408DE368|1057B8A2|012B|40039579|1057B8A2|0756|40EBEFC4|10675739|0762|40ED3754|10675739|0351|4006665E|10675739|03BC|414199A4|10675739||7a1d7152fe40d36f8bb1f5c20a289e9f
26|2021-09-26T12:07:18.5900000+01:00|8a8|The Wanderer's Minuet|5.00|107629AA|Joeson Lmoa|1057B8A2|Alex Knightfall|00|97285|106059||ac939600d0ebc29dd619675815b5dbbe
38|2021-09-26T12:07:18.5900000+01:00|40011DA6|Eos|00505000|92601|92601|10000|10000|0|0|100.1449|100.0533|0|-1.050475|0|0|0|28FE0030|44DC7889|1057B8A2|28FA0031|40C21439|1057B8A2|08A8|40A00000|107629AA|8D|40872AFA|107629AA|071E|40DC830C|1068703B|0756|40EBEFC4|10675739|01077B|41EF47AE|40011DA6||850561dc0324f1f6754094ecf9f6eeaf
26|2021-09-26T12:07:18.5900000+01:00|8a8|The Wanderer's Minuet|5.00|107629AA|Joeson Lmoa|40011DA6|Eos|00|92601|106059||3127954f53f6ac86be1c25aeeeef20b3
38|2021-09-26T12:07:18.5900000+01:00|107629AA|Joeson Lmoa|00505017|70588|106059|10000|10000|9|0|99.99231|102.4032|0|3.12213|0|0|0|0A016D|41F00000|E0000000|0A0168|41F00000|E0000000|28FE0030|451253AB|107629AA|7D|3F062496|107629AA|7A|C1200000|107629AA|071E|41051EBA|1068703B|0738|41051EBA|1068703B|075D|407999C0|10675739|0129|41EE3958|1057B8A2|012B|40039579|1057B8A2|0756|40F0397F|10675739|0762|40DC106B|10675739|0351|4006665E|10675739|03BC|414199A4|10675739||e1fbbc0b8120459ac5e93894ec1444e3
38|2021-09-26T12:07:18.5900000+01:00|10675739|Jasy Heavensong|00505021|70243|97086|9192|10000|11|0|100.6332|102.7999|0|-3.041307|0|0|0|0A0168|41F00000|E0000000|0F016B|41F00000|E0000000|0129|41EF47AE|1057B8A2|28FE0030|4512501B|10675739|0756|40E7AE3B|10675739|08A8|409E978D|107629AA|0|0|0|0347|0|10675739|0|0|0|8D|407D1EAD|107629AA|071E|4102F9DB|1068703B|0738|4102F9DB|1068703B|0762|40D374C5|10675739|012B|40039579|1057B8A2|0351|4006665E|10675739|03BC|414199A4|10675739||0c2224a0ea9e514a1a394c1c4752248b
26|2021-09-26T12:07:18.5900000+01:00|8a8|The Wanderer's Minuet|4.96|107629AA|Joeson Lmoa|10675739|Jasy Heavensong|00|97086|106059||ae1d3acce54b98240dd11a6431038bc8
38|2021-09-26T12:07:18.5900000+01:00|1068703B|Tomo Uchuu|00505026|63575|106478|10000|10000|0|0|100.7859|102.4429|0|-2.657786|0|0|0|14016A|41F00000|E0000000|0A0168|41F00000|E0000000|071F|42700000|1068703B|28FE0030|4512FC58|1068703B|071A|41390631|1068703B|08A8|409E978D|107629AA|0|0|0|071D|421FC83A|1068703B|0737|421FC83A|1068703B|8D|408B6C85|107629AA|071E|40EC311E|1068703B|0756|40F4833B|10675739|0|0|0|0719|4100D0E4|1068703B|0762|40D7C6AF|10675739|0721|4111EF9C|1068703B|012B|40039579|1057B8A2|0351|4006665E|10675739|03BC|414199A4|10675739||84153e1f60f6264120f02869a6a25bfa
26|2021-09-26T12:07:18.5900000+01:00|8a8|The Wanderer's Minuet|4.96|107629AA|Joeson Lmoa|1068703B|Tomo Uchuu|00|106478|106059||bf0d49d52ddb8db6591400f8ff929de6
38|2021-09-26T12:07:18.5900000+01:00|1075A2E4|Niru Summers|00505015|82605|153077|10000|10000|0|0|100.0839|95.47571|-0.01531982|0.01011467|0|0|0|0A016D|41F00000|E0000000|0A0168|41F00000|E0000000|5B|0|1075A2E4|28FD0030|4513BE88|1075A2E4|012B|40039579|1057B8A2|0762|40F1810E|10675739|8D|40983958|107629AA|08A8|409E978D|107629AA|28F60031|4178E519|1075A2E4|5A|4203AD50|1075A2E4|071E|41074396|1068703B|0738|41074396|1068703B|0756|4102D0FB|10675739|0351|4006665E|10675739|03BC|414199A4|10675739|0|0|0|FF9C0499|3F72AFDA|1075A2E4||ccabb52aff6ccaabd5c6dbf7ccd6b426
26|2021-09-26T12:07:18.5900000+01:00|8a8|The Wanderer's Minuet|4.96|107629AA|Joeson Lmoa|1075A2E4|Niru Summers|00|153077|106059||4df04b9e23ba8b544a7479f656a59cef
38|2021-09-26T12:07:18.5900000+01:00|10752D6C|Volkon Vysk|00505025|151512|152511|10000|10000|0|0|99.8092|101.3961|0|-3.140442|0|0|0|14016A|41F00000|E0000000|0A0168|41F00000|E0000000|28FD0030|45139FFC|10752D6C|08A8|409E978D|107629AA|0|0|0|28F60031|415051B3|10752D6C|8D|408FAE11|107629AA|0|0|0|0727|40B1CAC0|10752D6C|0|0|0|071E|40F4CCC5|1068703B|0738|40F4CCC5|1068703B|012B|40039579|1057B8A2|0762|40E8ED9B|10675739|0756|4100B037|10675739|0729|0|10752D6C|0351|4006665E|10675739|03BC|414199A4|10675739||b6cba960223f9b6b9fbe8c529edcba6e
26|2021-09-26T12:07:18.5900000+01:00|8a8|The Wanderer's Minuet|4.96|107629AA|Joeson Lmoa|10752D6C|Volkon Vysk|00|152511|106059||62ee653a485409b2290384bb76827800
24|2021-09-26T12:07:18.6340000+01:00|107ABEEC|Greiyan Fletz|HoT|0|110C|70526|106544|10000|10000|0|1000|100.5416|101.7013|0|-3.030282||4e0d50b56f29621476e150856ec0ddda
38|2021-09-26T12:07:18.6340000+01:00|107ABEEC|Greiyan Fletz|00505022|74890|106544|10000|10000|0|0|100.5416|101.7013|0|-3.030282|0|0|0|0720|42700000|1068703B|14016A|41F00000|E0000000|0A0168|41F00000|E0000000|28FE0030|451255D7|107ABEEC|0351|40039579|10675739|0204D1|41043D86|107ABEEC|0|0|0|0839|421F9B2C|1068703B|0737|421F9B2C|1068703B|08A8|409E978D|107629AA|0513|41BDDB85|107ABEEC|8D|40928F59|107629AA|071E|40F7AE0E|1068703B|0|0|0|0721|41113B63|1068703B|012B|40039579|1057B8A2|0512|41F23FF2|107ABEEC|0756|40F75C51|10675739|03BC|4140E56B|10675739|04E4|416051EF|107ABEEC|0762|40DEF1B3|10675739||c69be9226d52debd5d03369477ca075e
37|2021-09-26T12:07:18.6790000+01:00|1068703B|Tomo Uchuu|00008BB2|71926|106478|10000|10000|9||100.7859|102.4429|0|-2.657786|2603|0|0|01|06002F69|0|41F00000|1057B8A2||de06710bb893f75a872d7931cb470487
26|2021-09-26T12:07:18.6790000+01:00|129|Galvanize|30.00|1057B8A2|Alex Knightfall|1068703B|Tomo Uchuu|00|106478|97285||8b66cd6d6325fa0a73e0bfb18dd06b2f
37|2021-09-26T12:07:18.6790000+01:00|40011D69|Living Liquid|00008BB7|5105957|12889320|10000|10000|0||100.1144|97.64246|0|-3.129225|01|0|0|01|0800356E|0|41700000|10752D6C||9bf5de39305426bc37c6284510411f70
26|2021-09-26T12:07:18.6790000+01:00|72e|Bow Shock|15.00|10752D6C|Volkon Vysk|40011D69|Living Liquid|00|12889320|152511||83d0597df9c178ea1e258286f2816db6
24|2021-09-26T12:07:18.6800000+01:00|10752D6C|Volkon Vysk|HoT|798|1355|151512|152511|10000|10000|0|1000|99.8092|101.3961|0|-3.140442||ad251035b77062e80debc86cdba31973
24|2021-09-26T12:07:18.6800000+01:00|107401EC|Raesa Velan|HoT|798|1E27|60907|96887|0|10000|0|1000|100.1449|101.6403|0|-3.126636||36e21871451393e8f4e3ef0bdd182c60
24|2021-09-26T12:07:18.6800000+01:00|107ABEEC|Greiyan Fletz|HoT|798|128B|70526|106544|10000|10000|0|1000|100.5416|101.7013|0|-3.030282||4e3f8e7e418654f4c414e8c9243e64ac
24|2021-09-26T12:07:18.6800000+01:00|107629AA|Joeson Lmoa|HoT|798|1348|70588|106059|10000|10000|0|1000|99.99231|102.4032|0|3.12213||075fbb84350b0ca56d536de4bd669599
24|2021-09-26T12:07:18.6800000+01:00|1068703B|Tomo Uchuu|HoT|798|1321|63575|106478|10000|10000|0|1000|100.7859|102.4429|0|-2.657786||f49660252a9fe4f6cb9324452ae757bc
24|2021-09-26T12:07:18.6800000+01:00|10675739|Jasy Heavensong|HoT|798|12B0|70243|97086|9192|10000|0|1000|100.6332|102.7999|0|-3.041307||8e88f20f086be06efb319bc1ba94c050
24|2021-09-26T12:07:18.6800000+01:00|1057B8A2|Alex Knightfall|HoT|798|1277|70929|97285|8400|10000|0|1000|99.93127|103.1356|0|3.047251||98bcf0256fbf2a303f71b3bc65ccef16
24|2021-09-26T12:07:18.6800000+01:00|1075A2E4|Niru Summers|HoT|798|1333|82605|153077|10000|10000|0|1000|100.0839|95.47571|-0.01531982|0.01011467||4f9458da12e07d6386887c61bee0d901
24|2021-09-26T12:07:18.6800000+01:00|1057B8A2|Alex Knightfall|HoT|0|11B0|70929|97285|8400|10000|0|1000|99.93127|103.1356|0|3.047251||0904ce996bc600ff75b5ff758c634aff
38|2021-09-26T12:07:18.6800000+01:00|107ABEEC|Greiyan Fletz|00505022|79637|106544|10000|10000|0|0|100.5416|101.7013|0|-3.030282|0|0|0|0720|42700000|1068703B|14016A|41F00000|E0000000|0A0168|41F00000|E0000000|28FE0030|4512551B|107ABEEC|0351|4000A3CF|10675739|0204D1|4103811C|107ABEEC|0|0|0|0839|421F6C11|1068703B|0737|421F6C11|1068703B|08A8|409D1EB8|107629AA|0513|41BD7D50|107ABEEC|8D|40911684|107629AA|071E|40F63539|1068703B|0|0|0|0721|41107EF9|1068703B|012B|40A00000|1057B8A2|0512|41F1E1BD|107ABEEC|0756|40F5E37C|10675739|03BC|41402901|10675739|04E4|415F9585|107ABEEC|0762|40DD78DE|10675739||c48cfee220deb59f574701ead5c22cf2
26|2021-09-26T12:07:18.6800000+01:00|12b|Sacred Soil|5.00|1057B8A2|Alex Knightfall|107ABEEC|Greiyan Fletz|00|106544|97285||5dc37954cb5c74d50c4c09ac5ab757b5
38|2021-09-26T12:07:18.6800000+01:00|107401EC|Raesa Velan|00505019|68626|96887|0|10000|0|0|100.1449|101.6403|0|-3.126636|0|0|0|0A016D|41F00000|E0000000|0A0168|41F00000|E0000000|29020030|4593E11E|107401EC|0|0|0|08A8|409D1EB8|107629AA|0|0|0|8D|407FDF2A|107629AA|075E|40CDF3D9|10675739|071E|40EDA1C4|1068703B|0738|40EDA1C4|1068703B|28F90031|4186C26E|107401EC|0|0|0|02E1|41956856|107401EC|02E2|4000A3CF|107401EC|012B|40A00000|1057B8A2|0756|40FA2D38|10675739|0762|40E1C29A|10675739|0351|4000A3CF|10675739|03BC|41402901|10675739||ce1f16a6eec2c9a49a4a8cd233ae09cc
26|2021-09-26T12:07:18.6800000+01:00|12b|Sacred Soil|5.00|1057B8A2|Alex Knightfall|107401EC|Raesa Velan|00|96887|97285||4885afa69a5f271036e6d853f3b06e3e
38|2021-09-26T12:07:18.6800000+01:00|1057B8A2|Alex Knightfall|0050501C|80184|97285|8900|10000|17|0|99.93127|103.1356|0|3.047251|0|0|0|0A016D|41F00000|E0000000|1E016C|41F00000|E0000000|28FE0030|44DC75A8|1057B8A2|020130|0|1057B8A2|0129|41EC6C8B|1057B8A2|28FA0031|40BF32F1|1057B8A2|04B4|401D6032|1057B8A2|08A8|409D1EB8|107629AA|8D|408449B2|107629AA|071E|40FEC081|1068703B|0738|40FEC081|1068703B|0|0|0|0798|408B0220|1057B8A2|012B|409E872B|1057B8A2|0756|40E90E7C|10675739|0762|40EA560C|10675739|0351|4000A3CF|10675739|03BC|41402901|10675739||56cfadcd6f7be03a4e393a369ecc67c3
26|2021-09-26T12:07:18.6800000+01:00|12b|Sacred Soil|4.95|1057B8A2|Alex Knightfall|1057B8A2|Alex Knightfall|00|97285|97285||ecd5c441c6b4b4da328478ddefdfdca2
38|2021-09-26T12:07:18.6800000+01:00|107629AA|Joeson Lmoa|00505017|75524|106059|10000|10000|9|0|99.99231|102.4032|0|3.12213|0|0|0|0A016D|41F00000|E0000000|0A0168|41F00000|E0000000|28FE0030|4512523B|107629AA|7D|3EDE34B1|107629AA|7A|C1200000|107629AA|071E|4103AE17|1068703B|0738|4103AE17|1068703B|075D|4073D731|10675739|0129|41ED8106|1057B8A2|012B|409E872B|1057B8A2|0756|40ED5837|10675739|0762|40D92F23|10675739|0351|4000A3CF|10675739|03BC|41402901|10675739||b00b60271290dbacd23043d623db1358
26|2021-09-26T12:07:18.6800000+01:00|12b|Sacred Soil|4.95|1057B8A2|Alex Knightfall|107629AA|Joeson Lmoa|00|106059|97285||35b47ce38545ef41b8ed1701bbb7de03
38|2021-09-26T12:07:18.6800000+01:00|10675739|Jasy Heavensong|00505021|75027|97086|9192|10000|11|0|100.6332|102.7999|0|-3.041307|0|0|0|0A0168|41F00000|E0000000|0F016B|41F00000|E0000000|0129|41EE8F5C|1057B8A2|28FE0030|45124EAB|10675739|0756|40E4CCF3|10675739|08A8|409BB645|107629AA|0|0|0|0347|0|10675739|0|0|0|8D|40775C1E|107629AA|071E|41018938|1068703B|0738|41018938|1068703B|0762|40D0937D|10675739|012B|409E872B|1057B8A2|0351|4000A3CF|10675739|03BC|41402901|10675739||466a24b1d704d21ddc8684b5ed89b603
26|2021-09-26T12:07:18.6800000+01:00|12b|Sacred Soil|4.95|1057B8A2|Alex Knightfall|10675739|Jasy Heavensong|00|97086|97285||664498e1395aac6b11daed9d7de5bffc
38|2021-09-26T12:07:18.6800000+01:00|1068703B|Tomo Uchuu|00505026|76823|106478|10000|10000|9|0|100.7859|102.4429|0|-2.657786|0|0|0|14016A|41F00000|E0000000|0A0168|41F00000|E0000000|071F|42700000|1068703B|28FE0030|4512FAE8|1068703B|071A|4137958E|1068703B|08A8|409BB645|107629AA|0129|41EFA1CB|1057B8A2|071D|421F6C11|1068703B|0737|421F6C11|1068703B|8D|40888B3D|107629AA|071E|40E94FD6|1068703B|0756|40F1A1F3|10675739|0|0|0|0719|40FEC081|1068703B|0762|40D4E567|10675739|0721|41107EF9|1068703B|012B|409E872B|1057B8A2|0351|4000A3CF|10675739|03BC|41402901|10675739||f72ce94161fd0a2fcf08afb38512326b
26|2021-09-26T12:07:18.6800000+01:00|12b|Sacred Soil|4.95|1057B8A2|Alex Knightfall|1068703B|Tomo Uchuu|00|106478|97285||4b07e066be96bc00a8ab99c3f3f7cb55
38|2021-09-26T12:07:18.6800000+01:00|1075A2E4|Niru Summers|00505015|87520|153077|10000|10000|0|0|100.0839|95.47571|-0.01531982|0.01011467|0|0|0|0A016D|41F00000|E0000000|0A0168|41F00000|E0000000|5B|0|1075A2E4|28FD0030|4513BD18|1075A2E4|012B|409E872B|1057B8A2|0762|40EE9FC6|10675739|8D|40955810|107629AA|08A8|409BB645|107629AA|28F60031|41777476|1075A2E4|5A|42035127|1075A2E4|071E|4105D2F3|1068703B|0738|4105D2F3|1068703B|0756|41016058|10675739|0351|4000A3CF|10675739|03BC|41402901|10675739|0|0|0|FF9C0499|3F5BA59C|1075A2E4||67dea4c4c2b15e69080135760aadc84c
26|2021-09-26T12:07:18.6800000+01:00|12b|Sacred Soil|4.95|1057B8A2|Alex Knightfall|1075A2E4|Niru Summers|00|153077|97285||c129cb95e4276265790dd47a117bc717
38|2021-09-26T12:07:18.6800000+01:00|10752D6C|Volkon Vysk|00505025|152511|152511|10000|10000|0|0|99.8092|101.3961|0|-3.140442|0|0|0|14016A|41F00000|E0000000|0A0168|41F00000|E0000000|28FD0030|45139E8C|10752D6C|08A8|409BB645|107629AA|0|0|0|28F60031|414EE110|10752D6C|8D|408CCCC9|107629AA|0|0|0|0727|40AEE978|10752D6C|0|0|0|071E|40F1EB7D|1068703B|0738|40F1EB7D|1068703B|012B|409E872B|1057B8A2|0762|40E60C53|10675739|0756|40FE7F26|10675739|0729|0|10752D6C|0351|4000A3CF|10675739|03BC|41402901|10675739||c8853585c27c7d8ddb6725d38e990e1e
26|2021-09-26T12:07:18.6800000+01:00|12b|Sacred Soil|4.95|1057B8A2|Alex Knightfall|10752D6C|Volkon Vysk|00|152511|97285||2ef224c4846a2681d0fc363fc0973137
37|2021-09-26T12:07:18.7240000+01:00|40011D69|Living Liquid|00008BB5|5073191|12889320|10000|10000|0||100.1144|97.64246|0|-3.129225|0|0|0|01|040024A3|0A|41C00000|107401EC||f3dbc8615a0d0b1948f0a78840c68494
26|2021-09-26T12:07:18.7240000+01:00|a3|Thunder III|24.00|107401EC|Raesa Velan|40011D69|Living Liquid|0A|12889320|96887||8d4ae4c742ae95aa647bb75989b628b7
24|2021-09-26T12:07:18.7240000+01:00|107401EC|Raesa Velan|HoT|0|10AC|60907|96887|0|10000|0|1000|100.1449|101.6403|0|-3.126636||47dd100fd8a19e8c38bac793efcbccf3
38|2021-09-26T12:07:18.7240000+01:00|107401EC|Raesa Velan|00505019|72894|96887|0|10000|0|0|100.1449|101.6403|0|-3.126636|0|0|0|0A016D|41F00000|E0000000|0A0168|41F00000|E0000000|29020030|4593E0C4|107401EC|0|0|0|08A8|409BB645|107629AA|0|0|0|8D|407D0E45|107629AA|075E|40CC8B66|10675739|071E|40EC3951|1068703B|0738|40EC3951|1068703B|28F90031|41866851|107401EC|0|0|0|02E1|41950E39|107401EC|02E2|409E978D|107401EC|012B|409E978D|1057B8A2|0756|40F8C4C5|10675739|0762|40E05A27|10675739|0351|3FFBA5D3|10675739|03BC|413F74C8|10675739||43ccb141ee0b6de1b148441eff86ec25
26|2021-09-26T12:07:18.7240000+01:00|2e2|Circle Of Power|4.96|107401EC|Raesa Velan|107401EC|Raesa Velan|00|96887|96887||3435e8758c3e2123084f1c2103b0fb12
21|2021-09-26T12:07:18.7690000+01:00|107401EC|Raesa Velan|07|Attack|40011DEA|Liquid Hand|730203|1B0000|0|0|0|0|0|0|0|0|0|0|0|0|0|0|5344329|12889320|10000|10000|0|1000|100|100|0|-4.792213E-05|60907|96887|0|10000|0|1000|100.1449|101.6403|0|-3.126636|00008BBC|0|bce3e0aca4de5b12141ac9039e11972a
37|2021-09-26T12:07:18.8140000+01:00|107401EC|Raesa Velan|00008BB2|81254|96887|0|10000|10||100.1449|101.6403|0|-3.126636|1904|0|0|01|03002F69|0|41F00000|1057B8A2||adafa3539af67b3d154e5b330ebb0e78
26|2021-09-26T12:07:18.8140000+01:00|129|Galvanize|30.00|1057B8A2|Alex Knightfall|107401EC|Raesa Velan|00|96887|97285||ac428b190cfca587a24e6c415b8e7f37
38|2021-09-26T12:07:18.8140000+01:00|107401EC|Raesa Velan|00505019|81254|96887|0|10000|10|0|100.1449|101.6403|0|-3.126636|0|0|0|0A016D|41F00000|E0000000|0A0168|41F00000|E0000000|29020030|4593E00C|107401EC|0129|41EFA3D7|1057B8A2|08A8|4098D4FD|107629AA|0|0|0|8D|40774BB5|107629AA|075E|40C9AA1E|10675739|071E|40E95809|1068703B|0738|40E95809|1068703B|28F90031|4185AFFF|107401EC|0|0|0|02E1|419455E7|107401EC|02E2|409BB645|107401EC|012B|409BB645|1057B8A2|0756|40F5E37D|10675739|0762|40DD78DF|10675739|0351|3FF020B5|10675739|03BC|413E0424|10675739||cb04598554e5e21a28df5402c84b171e
21|2021-09-26T12:07:18.8580000+01:00|107ABEEC|Greiyan Fletz|07|Attack|40011D69|Living Liquid|710303|23630000|0|0|0|0|0|0|0|0|0|0|0|0|0|0|5073191|12889320|10000|10000|0|1000|100.1144|97.64246|0|-3.129225|79637|106544|10000|10000|0|1000|100.5416|101.7013|0|-3.030282|00008BBD|0|232c9c063cd15345d3b84e13d63fc71f
38|2021-09-26T12:07:18.9030000+01:00|107ABEEC|Greiyan Fletz|00505022|79637|106544|10000|10000|0|0|100.5416|101.7013|0|-3.030282|0|0|0|0720|42700000|1068703B|14016A|41F00000|E0000000|0A0168|41F00000|E0000000|28FE0030|4512518B|107ABEEC|0351|3FE4BC5B|10675739|0204D1|40FFDF67|107ABEEC|0|0|0|0839|42700000|1068703B|0737|421E87B9|1068703B|08A8|4095FBE6|107629AA|0513|41BBB49B|107ABEEC|8D|4089F3B2|107629AA|071E|40EF1267|1068703B|0|0|0|0721|410CED91|1068703B|012B|4098DD2E|1057B8A2|0512|41F01908|107ABEEC|0756|40EEC0AA|10675739|03BC|413C9799|10675739|04E4|415C041D|107ABEEC|0762|40D6560C|10675739||e23e0f93bb7ea1cdfd4c5c5f69ef332c
26|2021-09-26T12:07:18.9030000+01:00|839|Standard Finish|60.00|1068703B|Tomo Uchuu|107ABEEC|Greiyan Fletz|00|106544|106478||a691d818395d09908e1d867510e639ca
38|2021-09-26T12:07:18.9030000+01:00|107ABEEC|Greiyan Fletz|00505022|79637|106544|10000|10000|0|0|100.5416|101.7013|0|-3.030282|948D|31|0|0720|42700000|1068703B|14016A|41F00000|E0000000|0A0168|41F00000|E0000000|28FE0030|4512518B|107ABEEC|0351|3FE4BC5B|10675739|0204D1|40FFDF67|107ABEEC|0|0|0|0839|42700000|1068703B|0737|42700000|1068703B|08A8|4095FBE6|107629AA|0513|41BBB49B|107ABEEC|8D|4089F3B2|107629AA|071E|40EF1267|1068703B|0|0|0|0721|410CED91|1068703B|012B|4098DD2E|1057B8A2|0512|41F01908|107ABEEC|0756|40EEC0AA|10675739|03BC|413C9799|10675739|04E4|415C041D|107ABEEC|0762|40D6560C|10675739||cbf6c4502882547eb610f7a5adf7d91f
26|2021-09-26T12:07:18.9030000+01:00|737|Esprit|60.00|1068703B|Tomo Uchuu|107ABEEC|Greiyan Fletz|00|106544|106478||8dfe6e645603cd600526f688c77ba7ca
22|2021-09-26T12:07:18.9030000+01:00|1068703B|Tomo Uchuu|3F40|Double Standard Finish|1068703B|Tomo Uchuu|50E|71D0000|E|7370000|0|0|0|0|0|0|0|0|0|0|0|0|76823|106478|10000|10000|0|1000|100.7859|102.4429|0|-2.680824|76823|106478|10000|10000|0|1000|100.7859|102.4429|0|-2.680824|00008BBE|0|4e69cb4e9f1b36f9b965f1c0cc029ba9
22|2021-09-26T12:07:18.9030000+01:00|1068703B|Tomo Uchuu|3F40|Double Standard Finish|40011DEA|Liquid Hand|720203|FD650000|0|0|0|0|0|0|0|0|0|0|0|0|0|0|5344329|12889320|10000|10000|0|1000|100|100|0|-4.792213E-05|76823|106478|10000|10000|0|1000|100.7859|102.4429|0|-2.680824|00008BBE|1|284812026fd41281985eb66560f66adc
22|2021-09-26T12:07:18.9030000+01:00|1068703B|Tomo Uchuu|3F40|Double Standard Finish|40011D69|Living Liquid|720203|3DAF0000|0|0|0|0|0|0|0|0|0|0|0|0|0|0|5073191|12889320|10000|10000|0|1000|100.1144|97.64246|0|-3.129225|76823|106478|10000|10000|0|1000|100.7859|102.4429|0|-2.680824|00008BBE|2|56d959fbfdfda5776d30d72a2efdf466
38|2021-09-26T12:07:18.9030000+01:00|1068703B|Tomo Uchuu|00505026|76823|106478|10000|10000|9|0|100.7859|102.4429|0|-2.680824|0|0|0|14016A|41F00000|E0000000|0A0168|41F00000|E0000000|071F|42700000|1068703B|28FE0030|4512F758|1068703B|0|0|0|08A8|40949373|107629AA|0129|41EDD916|1057B8A2|071D|42700000|1068703B|0737|42700000|1068703B|8D|4081686B|107629AA|071E|40E22D04|1068703B|0756|40EA7F21|10675739|0|0|0|0719|40F79DAF|1068703B|0762|40CDC295|10675739|0721|410CED91|1068703B|012B|40976459|1057B8A2|0351|3FE4BC5B|10675739|03BC|413C9799|10675739||3e50d81d9deaaca4280cc033c7200655
30|2021-09-26T12:07:18.9030000+01:00|71a|Standard Step|0.00|1068703B|Tomo Uchuu|1068703B|Tomo Uchuu|00|106478|106478||fff32e30e1c84ff1128cadc111a578d7
26|2021-09-26T12:07:18.9030000+01:00|71d|Standard Finish|60.00|1068703B|Tomo Uchuu|1068703B|Tomo Uchuu|00|106478|106478||3860829b8d6047f68c0d927188938cde
26|2021-09-26T12:07:18.9030000+01:00|737|Esprit|60.00|1068703B|Tomo Uchuu|1068703B|Tomo Uchuu|00|106478|106478||a412f94ea436cc696126fc03b14c98db
31|2021-09-26T12:07:18.9030000+01:00|1068703B|640026|00|10762900|129|edeeb9c45041cbe1d71e9f7c56baad20
37|2021-09-26T12:07:18.9470000+01:00|107ABEEC|Greiyan Fletz|00008BB2|87964|106544|10000|10000|9||100.5416|101.7013|0|-3.030282|2205|0|0|01|06002F69|0|41F00000|1057B8A2||289f934cdb474a061f7836c118a62079
26|2021-09-26T12:07:18.9470000+01:00|129|Galvanize|30.00|1057B8A2|Alex Knightfall|107ABEEC|Greiyan Fletz|00|106544|97285||53f780ecdefc7400154ec73d4a3ec9eb
38|2021-09-26T12:07:18.9470000+01:00|107ABEEC|Greiyan Fletz|00505022|87964|106544|10000|10000|9|0|100.5416|101.7013|0|-3.030282|0|0|0|0720|42700000|1068703B|14016A|41F00000|E0000000|0A0168|41F00000|E0000000|28FE0030|451250D3|107ABEEC|0351|3FDEF9CC|10675739|0204D1|40FE6EC3|107ABEEC|0129|41EFA3D7|1057B8A2|0839|426FD1EC|1068703B|0737|426FD1EC|1068703B|08A8|40948B42|107629AA|0513|41BB5872|107ABEEC|8D|4088830E|107629AA|071E|40EDA1C3|1068703B|0|0|0|0721|410C353F|1068703B|012B|40976C8A|1057B8A2|0512|41EFBCDF|107ABEEC|0756|40ED5006|10675739|03BC|413BDF47|10675739|04E4|415B4BCB|107ABEEC|0762|40D4E568|10675739||1cc796dabb079b772152df98c43a95ed
37|2021-09-26T12:07:18.9900000+01:00|107401EC|Raesa Velan|00008BBA|81254|96887|3000|10000|10||100.1449|101.6403|0|-3.126636|1900|0|0|0||4a0576071d6c3584eeac912f1422e0a7
21|2021-09-26T12:07:19.0360000+01:00|1057B8A2|Alex Knightfall|07|Attack|40011D69|Living Liquid|730003|C60000|0|0|0|0|0|0|0|0|0|0|0|0|0|0|5073191|12889320|10000|10000|0|1000|100.1144|97.64246|0|-3.129225|80184|97285|8900|10000|0|1000|99.93127|103.1356|0|3.047251|00008BBF|0|d0e2c57111aaf33d540759f4287c38dd
37|2021-09-26T12:07:19.0810000+01:00|40011DEA|Liquid Hand|00008BBB|5332713|12889320|10000|10000|0||100|100|0|-4.792213E-05||de779b37499f929f53453b80fdf032b7
37|2021-09-26T12:07:19.0810000+01:00|10752D6C|Volkon Vysk|00008BB2|152511|152511|10000|10000|6||99.8092|101.3961|0|-3.140442|2506|0|0|01|04002F69|0|41F00000|1057B8A2||c985c4a4379d1a7d6f010d0c46bfbb3d
26|2021-09-26T12:07:19.0810000+01:00|129|Galvanize|30.00|1057B8A2|Alex Knightfall|10752D6C|Volkon Vysk|00|152511|97285||641d29061459a9de956cea81e5ccccd3
38|2021-09-26T12:07:19.0810000+01:00|10752D6C|Volkon Vysk|00505025|152511|152511|10000|10000|6|0|99.8092|101.3961|0|-3.140442|0|0|0|14016A|41F00000|E0000000|0A0168|41F00000|E0000000|28FD0030|45139820|10752D6C|08A8|408ED914|107629AA|0129|41EFA3D7|1057B8A2|28F60031|41487279|10752D6C|8D|407FDF30|107629AA|0|0|0|0727|40A20C47|10752D6C|0|0|0|071E|40E50E4C|1068703B|0738|40E50E4C|1068703B|012B|4091A9FA|1057B8A2|0762|40D92F22|10675739|0756|40F1A1F5|10675739|0729|0|10752D6C|0351|3FCDD2E3|10675739|03BC|4139BA6A|10675739||f71cac5d252f3bbc12e75520b2612206
21|2021-09-26T12:07:19.1260000+01:00|107ABEEC|Greiyan Fletz|1D39|Gekko|40011D69|Living Liquid|4F710303|ADFC0000|23D|B88000|0|0|0|0|0|0|0|0|0|0|0|0|5073191|12889320|10000|10000|0|1000|100.1144|97.64246|0|-3.129225|87964|106544|10000|10000|0|1000|100.5416|101.7013|0|-3.030282|00008BC0|0|22ffdebfaa4bbfc5129e3d7020a9ca49
21|2021-09-26T12:07:19.1260000+01:00|1057B8A2|Alex Knightfall|409E|Recitation|1057B8A2|Alex Knightfall|E|7680000|0|0|0|0|0|0|0|0|0|0|0|0|0|0|80184|97285|8900|10000|0|1000|99.93127|103.1356|0|3.047251|80184|97285|8900|10000|0|1000|99.93127|103.1356|0|3.047251|00008BC1|0|7a5a00bfcce3d94003e43a9946bf2586
38|2021-09-26T12:07:19.1260000+01:00|107ABEEC|Greiyan Fletz|00505022|87964|106544|10000|10000|9|0|100.5416|101.7013|0|-3.030282|0|0|0|0720|42700000|1068703B|14016A|41F00000|E0000000|0A0168|41F00000|E0000000|28FE0030|45124DFB|107ABEEC|0351|3FC83118|10675739|0104D1|40F8BC95|107ABEEC|0129|41EE374B|1057B8A2|0839|426F1BA8|1068703B|0737|426F1BA8|1068703B|08A8|408ED914|107629AA|0513|41B9EBE6|107ABEEC|8D|4082D0E0|107629AA|071E|40E7EF95|1068703B|0|0|0|0721|41095C29|1068703B|012B|4091BA5C|1057B8A2|0512|41EE5053|107ABEEC|0756|40E79DD8|10675739|03BC|41390631|10675739|04E4|415872B5|107ABEEC|0762|40CF333A|10675739||751ca81a8ae425f15c800040112943f0
26|2021-09-26T12:07:19.1260000+01:00|4d1|Meikyo Shisui|7.77|107ABEEC|Greiyan Fletz|107ABEEC|Greiyan Fletz|01|106544|106544||19fd9367a379952ff3b74ebfbd7131ed
38|2021-09-26T12:07:19.1260000+01:00|1057B8A2|Alex Knightfall|0050501C|80184|97285|8900|10000|17|0|99.93127|103.1356|0|3.047251|0|0|0|0A016D|41F00000|E0000000|1E016C|41F00000|E0000000|28FE0030|44DC6762|1057B8A2|020130|0|1057B8A2|0129|41E8DB21|1057B8A2|28FA0031|40B0ED4D|1057B8A2|04B4|4000D4EE|1057B8A2|08A8|408ED914|107629AA|8D|406C081F|107629AA|071E|40F07ADD|1068703B|0738|40F07ADD|1068703B|0768|C1700000|1057B8A2|0798|407978F9|1057B8A2|012B|40904187|1057B8A2|0756|40DAC8D8|10675739|0762|40DC1068|10675739|0351|3FC83118|10675739|03BC|41390631|10675739||97bba92a17ec40c4be00d4a8704b0e75
26|2021-09-26T12:07:19.1260000+01:00|768|Recitation|15.00|1057B8A2|Alex Knightfall|1057B8A2|Alex Knightfall|00|97285|97285||c7280a704f1e2c580808e086516b3dcc
38|2021-09-26T12:07:19.1260000+01:00|107629AA|Joeson Lmoa|00505017|75524|106059|10000|10000|9|0|99.96179|102.5973|-0.01531982|0.9905033|0|0|0|0A016D|41F00000|E0000000|0A0168|41F00000|E0000000|28FE0030|45124B1B|107629AA|0|0|0|7A|C1200000|107629AA|071E|40F9168C|1068703B|0738|40F9168C|1068703B|075D|40574BED|10675739|0129|41E9EF9C|1057B8A2|012B|40904187|1057B8A2|0756|40DF1293|10675739|0762|40CAE97F|10675739|0351|3FC83118|10675739|03BC|41390631|10675739||48b0558f44eb2b4c994fd13107e1d743
30|2021-09-26T12:07:19.1260000+01:00|7d|Raging Strikes|0.00|107629AA|Joeson Lmoa|107629AA|Joeson Lmoa|00|106059|106059||cf0ab5dd8f47e2e3649fccc74b1da3b4
22|2021-09-26T12:07:19.1700000+01:00|10752D6C|Volkon Vysk|3F23|Fated Circle|40011DEA|Liquid Hand|710003|2F3D0000|0|0|0|0|0|0|0|0|0|0|0|0|0|0|5344329|12889320|10000|10000|0|1000|100|100|0|-4.792213E-05|152511|152511|10000|10000|0|1000|99.8092|101.3961|0|-3.140442|00008BC2|0|0d12d722dea0055c307f9e16141a4940
22|2021-09-26T12:07:19.1700000+01:00|10752D6C|Volkon Vysk|3F23|Fated Circle|40011D69|Living Liquid|710103|484C0000|0|0|0|0|0|0|0|0|0|0|0|0|0|0|5073191|12889320|10000|10000|0|1000|100.1144|97.64246|0|-3.129225|152511|152511|10000|10000|0|1000|99.8092|101.3961|0|-3.140442|00008BC2|1|a1178d3cdc4e525ec16f3eb7135a6d0e
21|2021-09-26T12:07:19.1700000+01:00|10752D6C|Volkon Vysk|07|Attack|40011DEA|Liquid Hand|710103|18DC0000|0|0|0|0|0|0|0|0|0|0|0|0|0|0|5344329|12889320|10000|10000|0|1000|100|100|0|-4.792213E-05|152511|152511|10000|10000|0|1000|99.8092|101.3961|0|-3.140442|00008BC3|0|ea53e211fa38f77614af82743ecf5c73
37|2021-09-26T12:07:19.2130000+01:00|40011D69|Living Liquid|00008BBB|5049680|12889320|10000|10000|0||100.1144|97.64246|0|-3.129225|01|0|0|0||10b7edd9deadeab66e3b135fa81f2548
37|2021-09-26T12:07:19.2130000+01:00|1057B8A2|Alex Knightfall|00008BBB|80184|97285|8900|10000|17||99.93127|103.1356|0|3.047251|1C01|0|0|01|0B0035A8|0|C1700000|1057B8A2||6f4d07080a4645a4ac3658d6017a03f1
37|2021-09-26T12:07:19.2130000+01:00|1075A2E4|Niru Summers|00008BB2|95964|153077|10000|10000|6||100.0839|95.47571|-0.01531982|0.01011467|1507|0|0|01|0F002F69|0|41F00000|1057B8A2||b7677b0977a27b6d2bfec5613a720701
26|2021-09-26T12:07:19.2130000+01:00|129|Galvanize|30.00|1057B8A2|Alex Knightfall|1075A2E4|Niru Summers|00|153077|97285||ae240a633022f21df140bf9ea4690edb
37|2021-09-26T12:07:19.2130000+01:00|1057B8A2|Alex Knightfall|00008BB2|80184|97285|8900|10000|17||99.93127|103.1356|0|3.047251|1C07|0|0|01|0B0035A8|0|C1700000|1057B8A2||4075cf065bb98c79df045b3358c7cbec
38|2021-09-26T12:07:19.2140000+01:00|1075A2E4|Niru Summers|00505015|95964|153077|10000|10000|6|0|100.0839|95.47571|-0.01531982|0.01011467|0|0|0|0A016D|41F00000|E0000000|0A0168|41F00000|E0000000|5B|0|1075A2E4|28FD0030|4513B490|1075A2E4|012B|408D70A1|1057B8A2|0762|40DD893C|10675739|8D|40844186|107629AA|08A8|408A9FBB|107629AA|28F60031|416EE934|1075A2E4|5A|42012E5B|1075A2E4|071E|40FA8F5F|1068703B|0738|40FA8F5F|1068703B|0756|40F1AA27|10675739|0351|3FBCED82|10675739|03BC|41379DBF|10675739|0129|41EFA5E3|1057B8A2|FF9C0499|3EA5E2C3|1075A2E4||2aa2dd5c3b796fd01132b5b8abf55693
21|2021-09-26T12:07:19.2590000+01:00|1075A2E4|Niru Summers|DDD|Fell Cleave|40011D69|Living Liquid|710303|9F3C0000|0|0|0|0|0|0|0|0|0|0|0|0|0|0|5073191|12889320|10000|10000|0|1000|100.1144|97.64246|0|-3.129225|87520|153077|10000|10000|0|1000|100.0839|95.47571|-0.01531982|0.01011467|00008BC4|0|56a40c0288a40f5ca8039bd66785402e
37|2021-09-26T12:07:19.3030000+01:00|40011DEA|Liquid Hand|00008BBC|5332686|12889320|10000|10000|0||100|100|0|-4.792213E-05||e5c5d004794369dc9448f7e7f1cb53b2
39|2021-09-26T12:07:19.3470000+01:00|40011DA6|Eos|92601|92601|10000|10000|0|0|100.1449|100.0533|0|-0.2517207||2927f1cc0a22af0113482de12f9098b7
37|2021-09-26T12:07:19.3910000+01:00|40011D69|Living Liquid|00008BBD|5040621|12889320|10000|10000|0||100.1144|97.64246|0|-3.129225||7d6c42050f3e9da2c7670bc10b5ebbab
22|2021-09-26T12:07:19.3910000+01:00|40011DA6|Eos|323|Whispering Dawn|10752D6C|Volkon Vysk|D7B0E|13B0000|1B|3238000|0|0|0|0|0|0|0|0|0|0|0|0|152511|152511|10000|10000|0|1000|99.8092|101.3961|0|-3.140442|92601|92601|10000|10000|0|1000|100.1449|100.0533|0|-0.2517207|00008BC5|0|bdedcfd9bb0e3d90bfd972e2e8a889b6
22|2021-09-26T12:07:19.3910000+01:00|40011DA6|Eos|323|Whispering Dawn|107401EC|Raesa Velan|D7B0E|13B0000|1B|3238000|0|0|0|0|0|0|0|0|0|0|0|0|81254|96887|3000|10000|0|1000|100.1449|101.6403|0|-3.126636|92601|92601|10000|10000|0|1000|100.1449|100.0533|0|-0.2517207|00008BC5|1|7fa2f0c2e9bcf27173f5988fd362a427
22|2021-09-26T12:07:19.3910000+01:00|40011DA6|Eos|323|Whispering Dawn|107ABEEC|Greiyan Fletz|D7B0E|13B0000|1B|3238000|0|0|0|0|0|0|0|0|0|0|0|0|87964|106544|10000|10000|0|1000|100.5416|101.7013|0|-3.030282|92601|92601|10000|10000|0|1000|100.1449|100.0533|0|-0.2517207|00008BC5|2|1ab7a750f50df4cf9e4746be813d8074
22|2021-09-26T12:07:19.3910000+01:00|40011DA6|Eos|323|Whispering Dawn|1068703B|Tomo Uchuu|D7B0E|13B0000|1B|3238000|0|0|0|0|0|0|0|0|0|0|0|0|76823|106478|10000|10000|0|1000|100.6967|102.2941|0|-2.601237|92601|92601|10000|10000|0|1000|100.1449|100.0533|0|-0.2517207|00008BC5|3|f3bf9b4b4d2f9075e0af9da49d6f79b8
22|2021-09-26T12:07:19.3910000+01:00|40011DA6|Eos|323|Whispering Dawn|107629AA|Joeson Lmoa|D7B0E|13B0000|1B|3238000|0|0|0|0|0|0|0|0|0|0|0|0|75524|106059|10000|10000|0|1000|99.96179|102.7321|-0.001426322|0.3416032|92601|92601|10000|10000|0|1000|100.1449|100.0533|0|-0.2517207|00008BC5|4|a256ea89d1a889445d2b258077b990ec
22|2021-09-26T12:07:19.3910000+01:00|40011DA6|Eos|323|Whispering Dawn|10675739|Jasy Heavensong|D7B0E|13B0000|1B|3238000|0|0|0|0|0|0|0|0|0|0|0|0|75027|97086|9192|10000|0|1000|100.6332|102.7999|0|-3.041307|92601|92601|10000|10000|0|1000|100.1449|100.0533|0|-0.2517207|00008BC5|5|d505942b66e0744ce643e58f6045f92d
22|2021-09-26T12:07:19.3910000+01:00|40011DA6|Eos|323|Whispering Dawn|1057B8A2|Alex Knightfall|D7B0E|13B0000|1B|3238000|0|0|0|0|0|0|0|0|0|0|0|0|80184|97285|8900|10000|0|1000|99.93127|103.1356|0|3.047251|92601|92601|10000|10000|0|1000|100.1449|100.0533|0|-0.2517207|00008BC5|6|afb9ea0cbfb8144f0d81ca41567b17ab
22|2021-09-26T12:07:19.3910000+01:00|40011DA6|Eos|323|Whispering Dawn|1075A2E4|Niru Summers|D7B0E|13B0000|1B|3238000|0|0|0|0|0|0|0|0|0|0|0|0|95964|153077|10000|10000|0|1000|100.0839|95.47571|-0.01531982|0.01011467|92601|92601|10000|10000|0|1000|100.1449|100.0533|0|-0.2517207|00008BC5|7|5762ff293b9f6e86788ef4a036b703c2
37|2021-09-26T12:07:19.4360000+01:00|1068703B|Tomo Uchuu|00008BBE|76823|106478|10000|10000|9||100.6967|102.2941|0|-2.601237|2600|0|0|02|0700355D|0|426E0B47|1068703B|08004177|0|426E0B47|1068703B||75ffb60a893d7a5b59b8aff97c75a3bd
21|2021-09-26T12:07:19.4360000+01:00|107629AA|Joeson Lmoa|08|Shot|40011D69|Living Liquid|720003|FE50000|0|0|0|0|0|0|0|0|0|0|0|0|0|0|5049680|12889320|10000|10000|0|1000|100.1144|97.64246|0|-3.129225|75524|106059|10000|10000|0|1000|99.96179|102.7321|-0.001426322|0.3416032|00008BC6|0|c4899fd38b0ef33ab52e5e53ad82a599
21|2021-09-26T12:07:19.4800000+01:00|10675739|Jasy Heavensong|40AB|Malefic IV|40011D69|Living Liquid|750003|42040000|1B|40AB8000|0|0|0|0|0|0|0|0|0|0|0|0|5049680|12889320|10000|10000|0|1000|100.1144|97.64246|0|-3.129225|75027|97086|9192|10000|0|1000|100.6332|102.7999|0|-3.041307|00008BC7|0|2f4bcf910d197f2182d4928e264a4513
37|2021-09-26T12:07:19.5690000+01:00|40011D69|Living Liquid|00008BBF|5040423|12889320|10000|10000|0||100.1144|97.64246|0|-3.129225||ecc6b8106b9ac324b115ca8bfcabcdc5
37|2021-09-26T12:07:19.5690000+01:00|1057B8A2|Alex Knightfall|00008BBF|80184|97285|8900|10000|17||99.93127|103.1356|0|3.047251|1C00|0|0|01|0B0035A8|0|C1700000|1057B8A2||ae6a91d751fdf01b286d4caa0739d3b2
37|2021-09-26T12:07:19.5690000+01:00|40011DEA|Liquid Hand|00008BBE|5267817|12889320|10000|10000|0||100|100|0|-4.792213E-05|01|0|0|0||40b5b2a397f74ce8dfed5995c867faf2
38|2021-09-26T12:07:19.5690000+01:00|1075A2E4|Niru Summers|00505015|95964|153077|10000|10000|6|0|100.0839|95.47571|-0.01531982|0.01011467|0|0|0|0A016D|41F00000|E0000000|0A0168|41F00000|E0000000|5B|0|1075A2E4|28FD0030|4513AEE0|1075A2E4|012B|40820C45|1057B8A2|0762|40D224E0|10675739|8D|4071BA57|107629AA|08A8|407E76BE|107629AA|28F60031|41693708|1075A2E4|5A|41FF83A3|1075A2E4|071E|40EF2B03|1068703B|0738|40EF2B03|1068703B|0756|40E645CB|10675739|0351|3F8F5C1A|10675739|03BC|4131EB93|10675739|0129|41ECCCCD|1057B8A2||acffc3dd8c1b8e48b2e8e4bc73738dc9
30|2021-09-26T12:07:19.5690000+01:00|499|Inner Release|0.00|1075A2E4|Niru Summers|1075A2E4|Niru Summers|FF9C|153077|153077||0584a9c831dfe3be4b18a593cdd387bb
37|2021-09-26T12:07:19.6580000+01:00|40011D69|Living Liquid|00008BB8|5023251|12889320|10000|10000|0||100.1144|97.64246|0|-3.129225||f85f0d88b10de1d810d04d3549c2026c
37|2021-09-26T12:07:19.6580000+01:00|107629AA|Joeson Lmoa|00008BB8|75524|106059|10000|10000|9||100.022|102.751|-0.01531982|0.8378114|1700|0|0|01|04002EBA|0|41200000|107629AA||72091085c1f17c07bd935a4482dfa84f
20|2021-09-26T12:07:19.6580000+01:00|107401EC|Raesa Velan|DF9|Fire IV|40011DEA|Liquid Hand|2.23|100.1449|101.6403|0|-3.126636||979e48006fdffc2568cdab7640820e12
38|2021-09-26T12:07:19.6580000+01:00|107629AA|Joeson Lmoa|00505017|75524|106059|10000|10000|9|0|100.022|102.751|-0.01531982|0.8378114|0|0|0|0A016D|41F00000|E0000000|0A0168|41F00000|E0000000|28FE0030|4512429B|107629AA|0|0|0|7A|411F4BC7|107629AA|071E|40E81064|1068703B|0738|40E81064|1068703B|075D|40353FA5|10675739|0129|41E5AE12|1057B8A2|012B|407E76BF|1057B8A2|0756|40CE0C6B|10675739|0762|40B9E357|10675739|0351|3F841884|10675739|03BC|41308321|10675739||115611c798b5ec3950139304b4fde401
37|2021-09-26T12:07:19.7020000+01:00|40011D69|Living Liquid|00008BBE|5007460|12889320|10000|10000|0||100.1144|97.64246|0|-3.129225|02|0|0|0||fb500d71261d90bbfd56b8e437f4173b
37|2021-09-26T12:07:19.7020000+01:00|40011DEA|Liquid Hand|00008BC2|5255724|12889320|10000|10000|0||100|100|0|-4.792213E-05||71336899f79d6bbb55a5487e71e1c12b
37|2021-09-26T12:07:19.7020000+01:00|40011DEA|Liquid Hand|00008BC3|5249360|12889320|10000|10000|0||100|100|0|-4.792213E-05||8fbb2b501b590fd6dee84005896b4302
37|2021-09-26T12:07:19.7480000+01:00|1057B8A2|Alex Knightfall|00008BC1|80184|97285|8900|10000|17||99.93127|103.1356|0|3.047251|1C00|0|0|01|0B0035A8|0|41700000|1057B8A2||ff86bed9f00eed0acd619cd0d2b739fb
38|2021-09-26T12:07:19.7480000+01:00|1057B8A2|Alex Knightfall|0050501C|80184|97285|8900|10000|17|0|99.93127|103.1356|0|3.047251|0|0|0|0A016D|41F00000|E0000000|1E016C|41F00000|E0000000|28FE0030|44DC537C|1057B8A2|020130|0|1057B8A2|0129|41E3E145|1057B8A2|28FA0031|409D05DD|1057B8A2|04B4|3FB20C2A|1057B8A2|08A8|4075E34A|107629AA|8D|40443947|107629AA|071E|40DC936D|1068703B|0738|40DC936D|1068703B|0768|416F47AE|1057B8A2|0798|4051AA21|1057B8A2|012B|4078B42F|1057B8A2|0756|40C6E168|10675739|0762|40C828F8|10675739|0351|3F7126CA|10675739|03BC|412F127D|10675739||c6fb3e56affe4127d71f2e457ce076fd
37|2021-09-26T12:07:19.8360000+01:00|40011D69|Living Liquid|00008BC2|4988952|12889320|10000|10000|0||100.1144|97.64246|0|-3.129225|01|0|0|0||d4bdbdb21ae7c0be971eed4768294a4a
21|2021-09-26T12:07:19.8360000+01:00|107ABEEC|Greiyan Fletz|1D46|Hissatsu: Kaiten|107ABEEC|Greiyan Fletz|320F|4CD8000|0|0|0|0|0|0|0|0|0|0|0|0|0|0|87964|106544|10000|10000|0|1000|100.5416|101.7013|0|-3.030282|87964|106544|10000|10000|0|1000|100.5416|101.7013|0|-3.030282|00008BC8|0|907cc59d4c7f3b989d9f192449d19191
38|2021-09-26T12:07:19.8360000+01:00|107ABEEC|Greiyan Fletz|00505022|87964|106544|10000|10000|9|0|100.5416|101.7013|0|-3.030282|0|0|0|0720|42700000|1068703B|14016A|41F00000|E0000000|0A0168|41F00000|E0000000|28FE0030|4512429F|107ABEEC|0351|3F5A5E15|10675739|0104D1|40E1FC0E|107ABEEC|0129|41E88729|1057B8A2|0839|426C439C|1068703B|0737|426C439C|1068703B|08A8|4070311D|107629AA|0513|41B43BC4|107ABEEC|8D|405820BA|107629AA|071E|40D12F0E|1068703B|04CD|C1200000|107ABEEC|0721|40FBF7D3|1068703B|012B|4075F3AB|1057B8A2|0512|41E8A031|107ABEEC|0756|40D0DD51|10675739|03BC|412DA5F2|10675739|04E4|414D1276|107ABEEC|0762|40B872B3|10675739||b17bbae964fd594de7c7241641896ca1
26|2021-09-26T12:07:19.8360000+01:00|720|Dance Partner|60.00|1068703B|Tomo Uchuu|107ABEEC|Greiyan Fletz|00|106544|106478||401c3aa898512bd21c1f2ac1d9f7a324
26|2021-09-26T12:07:19.8360000+01:00|4cd|Kaiten|10.00|107ABEEC|Greiyan Fletz|107ABEEC|Greiyan Fletz|00|106544|106544||9e9f1eeda18ab407fcc94e91a25850a9
37|2021-09-26T12:07:19.9250000+01:00|40011D69|Living Liquid|00008BC0|4944412|12889320|10000|10000|0||100.1144|97.64246|0|-3.129225||2be5bc869eaf647f6836a2cc98262e97
37|2021-09-26T12:07:19.9250000+01:00|107ABEEC|Greiyan Fletz|00008BC0|87964|106544|10000|10000|9||100.5416|101.7013|0|-3.030282|2200|0|0|01|0D00330D|0|C1200000|107ABEEC||aed425cc6ab582f09bc3bfade117fa72
37|2021-09-26T12:07:19.9250000+01:00|40011D69|Living Liquid|00008BC4|4903648|12889320|10000|10000|0||100.1144|97.64246|0|-3.129225||5fe4572f63a9e2b7ece2c9fbd507592b
39|2021-09-26T12:07:19.9720000+01:00|10675739|Jasy Heavensong|75997|97086|9056|10000|0|0|100.6332|102.7999|0|-3.041307||bf18f1a35c2e14dd00b144d144b25d26
39|2021-09-26T12:07:19.9720000+01:00|1075A2E4|Niru Summers|97494|153077|10000|10000|0|0|100.0839|95.47571|0|-0.04852786||2c46f4bcd086661928a39eeac427cd4b
39|2021-09-26T12:07:19.9720000+01:00|10752D6C|Volkon Vysk|152511|152511|10000|10000|0|0|99.8092|101.3961|0|-3.141153||c9e32e93918a78399e08263061749b61
24|2021-09-26T12:07:20.0170000+01:00|40011D69|Living Liquid|DoT|0|6E96|4875338|12889320|10000|10000|0|1000|100.1144|97.64246|0|-3.129225||3e0828a8dab966ef68408066b8bc397d
21|2021-09-26T12:07:20.0170000+01:00|1057B8A2|Alex Knightfall|1D0A|Excogitation|1075A2E4|Niru Summers|32E8910E|4C40000|A3D|C38000|0|0|0|0|0|0|0|0|0|0|0|0|97494|153077|10000|10000|0|1000|100.0839|95.47571|0|-0.08028318|80184|97285|8900|10000|0|1000|99.93127|103.1356|0|3.047251|00008BC9|0|322483d401ab468d708b9228b5c8e86d
36|2021-09-26T12:07:20.0170000+01:00|06E0|3|230c4ff7e4d8cd589e67c4a75da3ea5c
38|2021-09-26T12:07:20.0170000+01:00|1057B8A2|Alex Knightfall|0050501C|80184|97285|8900|10000|17|0|99.93127|103.1356|0|3.047251|0|0|0|0A016D|41F00000|E0000000|1E016C|41F00000|E0000000|28FE0030|44DC4ADF|1057B8A2|020130|0|1057B8A2|0129|41E1BA5B|1057B8A2|28FA0031|40946A36|1057B8A2|04B4|3F8F9D94|1057B8A2|08A8|4064ABFD|107629AA|8D|403301FA|107629AA|071E|40D3F7C6|1068703B|0738|40D3F7C6|1068703B|0|0|0|0798|404072D4|1057B8A2|012B|40677CE2|1057B8A2|0756|40BE45C1|10675739|0762|40BF8D51|10675739|0351|3F2C4999|10675739|03BC|412AC4AA|10675739||be4b3ff18152cd2a76adc572419c8dd3
30|2021-09-26T12:07:20.0170000+01:00|768|Recitation|0.00|1057B8A2|Alex Knightfall|1057B8A2|Alex Knightfall|00|97285|97285||b8c69dc27d8c975a4adc4a5d12037b1d
38|2021-09-26T12:07:20.0170000+01:00|40011D69|Living Liquid|00505000|4875338|12889320|10000|10000|0|0|100.1144|97.64246|0|-3.129225|0|0|0|0767|410C8F30|1057B8A2|2804B1|41124DA5|107629AA|0759|4118B825|10675739|2804B0|413AED5C|107629AA|0A00A3|41B54DD0|107401EC|04C5|40048B6A|1057B8A2|072D|418D8D31|10752D6C|04A9|40B9DB26|1075A2E4|072E|4159DF3F|10752D6C||cfd01bf6398b573a0fd14de85e8af1e0
39|2021-09-26T12:07:20.0600000+01:00|1068703B|Tomo Uchuu|77887|106478|10000|10000|0|0|100.7021|101.9596|0|-2.586576||dff819c0d18f07e45bd0fb8735b0712f
39|2021-09-26T12:07:20.1050000+01:00|107629AA|Joeson Lmoa|76584|106059|10000|10000|0|0|100.1097|102.739|0|1.503233||4b9cf4ad3b3ccba2ea998ce5017effca
39|2021-09-26T12:07:20.1510000+01:00|107ABEEC|Greiyan Fletz|89029|106544|10000|10000|0|0|100.5523|101.7013|-0.01531982|3.058199||8dbde45e5d62788d91f58fbdb14ddd77
21|2021-09-26T12:07:20.1520000+01:00|1075A2E4|Niru Summers|07|Attack|40011D69|Living Liquid|710003|117A0000|0|0|0|0|0|0|0|0|0|0|0|0|0|0|4875338|12889320|10000|10000|0|1000|100.1144|97.64246|0|-3.129225|97494|153077|10000|10000|0|1000|100.0533|95.49352|-0.01531982|-0.1036372|00008BCA|0|cba34b35d0d3cd8e1ff70850bea3b744
37|2021-09-26T12:07:20.1940000+01:00|40011D69|Living Liquid|00008BC6|4871269|12889320|10000|10000|0||100.1144|97.64246|0|-3.129225||ab0830cde3719a8c2c48425f3f6487c4
39|2021-09-26T12:07:20.1940000+01:00|1057B8A2|Alex Knightfall|81156|97285|9146|10000|0|0|99.93127|103.1356|0|3.05608||ee8e0fed0a282d58782b82a1dbc3f770
39|2021-09-26T12:07:20.2390000+01:00|107401EC|Raesa Velan|82222|96887|3000|10000|0|0|100.1449|101.6403|0|-3.038374||9742c61ea1945a29bc79351cf21e2241
21|2021-09-26T12:07:20.2390000+01:00|40011D69|Living Liquid|4978|Unknown_4978|1075A2E4|Niru Summers|730003|3C7E0400|0|0|0|0|0|0|0|0|0|0|0|0|0|0|97494|153077|10000|10000|0|1000|100.0533|95.49352|-0.01531982|-0.1036372|4875338|12889320|10000|10000|0|1000|100.1144|97.64246|0|-3.129225|00008BCB|0|250263d0f3a385041f63840781a4102b
22|2021-09-26T12:07:20.4180000+01:00|1068703B|Tomo Uchuu|3E85|Saber Dance|40011DEA|Liquid Hand|720103|C3990000|0|0|0|0|0|0|0|0|0|0|0|0|0|0|5249360|12889320|10000|10000|0|1000|100|100|0|-4.792213E-05|77887|106478|10000|10000|0|1000|100.7021|101.9596|0|-2.797528|00008BCC|0|3b938a31978ebf40d9150d0770cbcad3
22|2021-09-26T12:07:20.4180000+01:00|1068703B|Tomo Uchuu|3E85|Saber Dance|40011D69|Living Liquid|720303|76CB0000|0|0|0|0|0|0|0|0|0|0|0|0|0|0|4871269|12889320|10000|10000|0|1000|100.1144|97.64246|0|-3.129225|77887|106478|10000|10000|0|1000|100.7021|101.9596|0|-2.797528|00008BCC|1|98192f2e346c1f28802087e42b9738a0
31|2021-09-26T12:07:20.4180000+01:00|1068703B|320026|00|00|00|97f3046b3ae0232f5d4867bc1f07d396
37|2021-09-26T12:07:20.4620000+01:00|107ABEEC|Greiyan Fletz|00008BC8|89029|106544|10000|10000|9||101.1219|100.8431|-0.002263513|2.411313|2200|0|0|01|0D001F4D|0|41200000|107ABEEC||dfae2953ece2521eb53ea052e00138bd
38|2021-09-26T12:07:20.4620000+01:00|107ABEEC|Greiyan Fletz|00505022|89029|106544|10000|10000|9|0|101.1219|100.8431|-0.002263513|2.411313|0|0|0|0720|42700000|1068703B|14016A|41F00000|E0000000|0A0168|41F00000|E0000000|28FE0030|4512389F|107ABEEC|0351|3E68722D|10675739|0104D1|40CDF3DA|107ABEEC|0129|41E3851C|1057B8A2|0839|4269C29B|1068703B|0737|4269C29B|1068703B|08A8|404820B9|107629AA|0513|41AF39B7|107ABEEC|8D|40301056|107629AA|071E|40BD26DA|1068703B|04CD|411F47AE|107ABEEC|0721|40E7EF9F|1068703B|012B|404DE347|1057B8A2|0512|41E39E24|107ABEEC|0756|40BCD51D|10675739|03BC|4123A1DA|10675739|04E4|41430E5E|107ABEEC|0762|40A46A7F|10675739||3d8be623c12ffd484083d20c0e1f9321
21|2021-09-26T12:07:20.5070000+01:00|1068703B|Tomo Uchuu|07|Attack|40011DEA|Liquid Hand|720303|24DB0000|0|0|0|0|0|0|0|0|0|0|0|0|0|0|5249360|12889320|10000|10000|0|1000|100|100|0|-4.792213E-05|77887|106478|10000|10000|0|1000|100.7021|101.9596|0|-2.797528|00008BCD|0|d19dbf45be3aa8dff13f26ab48129234
21|2021-09-26T12:07:20.5070000+01:00|1075A2E4|Niru Summers|34|Infuriate|1075A2E4|Niru Summers|323D|340000|E|7690000|0|0|0|0|0|0|0|0|0|0|0|0|97494|153077|10000|10000|0|1000|99.68807|96.00308|-0.001898753|-0.2432049|97494|153077|10000|10000|0|1000|99.68807|96.00308|-0.001898753|-0.2432049|00008BCE|0|11c9abf3c2f3be625cbe1cea15fce551
38|2021-09-26T12:07:20.5070000+01:00|1075A2E4|Niru Summers|00505015|97494|153077|10000|10000|6|0|99.68807|96.00308|-0.001898753|-0.2432049|0|0|0|0A016D|41F00000|E0000000|0A0168|41F00000|E0000000|5B|0|1075A2E4|28FD0030|45139FE8|1075A2E4|012B|404820B9|1057B8A2|0762|40B428F4|10675739|8D|4035C287|107629AA|08A8|40427EEE|107629AA|28F60031|415A3916|1075A2E4|5A|41F804A7|1075A2E4|071E|40D12F17|1068703B|0738|40D12F17|1068703B|0756|40C849DF|10675739|0351|3E3B63D7|10675739|03BC|4122EDA1|10675739|0129|41E54DD1|1057B8A2|0769|C1F00000|1075A2E4||587d83539775629868cf74d79c6c97f7
26|2021-09-26T12:07:20.5070000+01:00|769|Nascent Chaos|30.00|1075A2E4|Niru Summers|1075A2E4|Niru Summers|00|153077|153077||fa724f81231923f1e5250fec4117a004
37|2021-09-26T12:07:20.5520000+01:00|10752D6C|Volkon Vysk|00008BC5|152511|152511|10000|10000|6||99.8092|101.3865|-0.01531982|3.139769|2500|0|0|01|07001BBB|0|41A80000|40011DA6||0dd4471879e675d97743d6b66235b580
26|2021-09-26T12:07:20.5520000+01:00|13b|Whispering Dawn|21.00|40011DA6|Eos|10752D6C|Volkon Vysk|00|152511|92601||5d5dafd5d7691656486efa2d6367bf5d
37|2021-09-26T12:07:20.5520000+01:00|40011D69|Living Liquid|00008BC7|4854369|12889320|10000|10000|0||100.1144|97.64246|0|-3.129225||f27be2520a143137eea2aefba2a5f084
24|2021-09-26T12:07:20.5520000+01:00|40011DEA|Liquid Hand|DoT|0|1592|5249360|12889320|10000|10000|0|1000|100|100|0|-4.792213E-05||22865c2c813c8a8c7eea738e8824007a
38|2021-09-26T12:07:20.5520000+01:00|40011DEA|Liquid Hand|00505000|5243838|12889320|10000|10000|0|0|100|100|0|-4.792213E-05|0|0|0|072E|414F2B08|10752D6C||bd34c3379cd54c9a025fceb660a6110c
37|2021-09-26T12:07:20.6850000+01:00|107401EC|Raesa Velan|00008BC5|82222|96887|3000|10000|10||100.1449|101.6403|0|-3.036322|1901|0|0|01|05001BBB|0|41A80000|40011DA6||5ec9fec30a3ec9729bbf45b1b9b45dc6
26|2021-09-26T12:07:20.6850000+01:00|13b|Whispering Dawn|21.00|40011DA6|Eos|107401EC|Raesa Velan|00|96887|92601||24d95f687a148ccc6296ccd55d3c9c53
37|2021-09-26T12:07:20.6850000+01:00|40011D69|Living Liquid|00008BCA|4849895|12889320|10000|10000|0||100.1144|97.64246|0|-2.605863||d85addeddd1493d4e12dfb60f236e534
37|2021-09-26T12:07:20.6850000+01:00|1075A2E4|Niru Summers|00008BCA|97494|153077|10000|10000|6||98.6096|97.24474|-0.002598985|-0.5845037|1500|0|0|01|100021E9|0|C1F00000|1075A2E4||683765716ee7795fd99eb61a227b5acb
38|2021-09-26T12:07:20.7310000+01:00|107ABEEC|Greiyan Fletz|00505022|89029|106544|10000|10000|9|0|101.3743|100.2975|-0.001230208|2.986616|0|0|0|0720|42700000|1068703B|14016A|41F00000|E0000000|0A0168|41F00000|E0000000|28FE0030|45123457|107ABEEC|0|0|0|0104D1|40C56064|107ABEEC|0129|41E1603E|1057B8A2|0839|4268B02F|1068703B|0737|4268B02F|1068703B|08A8|4036F9CF|107629AA|0513|41AD14D9|107ABEEC|8D|401EE96C|107629AA|071E|40B49364|1068703B|04CD|411AFDF4|107ABEEC|0721|40DF5C29|1068703B|012B|403CBC5D|1057B8A2|0512|41E17946|107ABEEC|0756|40B441A7|10675739|03BC|411F5820|10675739|04E4|413EC4A4|107ABEEC|0762|409BD709|10675739||4175597eea3c13010f5cd78c822c0003
30|2021-09-26T12:07:20.7310000+01:00|351|Collective Unconscious|0.00|10675739|Jasy Heavensong|107ABEEC|Greiyan Fletz|00|106544|97086||926d625db6836920e92af361904239df
38|2021-09-26T12:07:20.7310000+01:00|107401EC|Raesa Velan|00505019|82222|96887|3000|10000|10|0|100.1449|101.6403|0|-3.036322|0|0|0|0A016D|41F00000|E0000000|0A0168|41F00000|E0000000|29020030|4593D0BC|107401EC|0129|41E04DCF|1057B8A2|08A8|4036F9CF|107629AA|013B|41A749BA|40011DA6|8D|3FF93726|107629AA|075E|408C5204|10675739|071E|40ABFFEF|1068703B|0738|40ABFFEF|1068703B|28F90031|416CB3F5|107401EC|0|0|0|02E1|4184FFDF|107401EC|02E2|403CBC5D|107401EC|012B|403CBC5D|1057B8A2|0756|40B88B63|10675739|0762|40A020C5|10675739|0|0|0|03BC|411F5820|10675739||2d82f4a4e14ce5ca7d007bf8edb381d3
30|2021-09-26T12:07:20.7310000+01:00|351|Collective Unconscious|0.00|10675739|Jasy Heavensong|107401EC|Raesa Velan|00|96887|97086||d6f57937310246da7acc68fafd12bad0
38|2021-09-26T12:07:20.7310000+01:00|1057B8A2|Alex Knightfall|0050501C|81156|97285|9146|10000|17|0|99.93127|103.1356|0|3.131241|0|0|0|0A016D|41F00000|E0000000|1E016C|41F00000|E0000000|28FE0030|44DC3405|1057B8A2|020130|0|1057B8A2|0129|41DC0414|1057B8A2|28FA0031|407B2239|1057B8A2|04B4|3ED0E4E6|1057B8A2|08A8|4036F9CF|107629AA|8D|40054FCC|107629AA|071E|40BD1EAC|1068703B|0738|40BD1EAC|1068703B|0|0|0|0798|4012C0A6|1057B8A2|012B|4039CAB4|1057B8A2|0756|40A76CA7|10675739|0762|40A8B437|10675739|0|0|0|03BC|411F5820|10675739||84ca23210930255a2782b021d36b60f3
30|2021-09-26T12:07:20.7310000+01:00|351|Collective Unconscious|0.00|10675739|Jasy Heavensong|1057B8A2|Alex Knightfall|00|97285|97086||7b3700d5d8073dc7dd0736f6947d5df2
38|2021-09-26T12:07:20.7310000+01:00|107629AA|Joeson Lmoa|00505017|76584|106059|10000|10000|9|0|100.4161|102.6676|-0.00143989|2.008072|0|0|0|0A016D|41F00000|E0000000|0A0168|41F00000|E0000000|28FE0030|45123177|107629AA|0|0|0|7A|410E20C6|107629AA|071E|40C5BA5B|1068703B|0738|40C5BA5B|1068703B|075D|3FE12736|10675739|0129|41DD188F|1057B8A2|012B|4039CAB4|1057B8A2|0756|40ABB662|10675739|0762|40978D4E|10675739|0|0|0|03BC|411F5820|10675739||f76eb5c3bea82fb49eacc6c9cdbc45a8
30|2021-09-26T12:07:20.7310000+01:00|351|Collective Unconscious|0.00|10675739|Jasy Heavensong|107629AA|Joeson Lmoa|00|106059|97086||da13781c561f703b51eb77a24e83cbfb
38|2021-09-26T12:07:20.7310000+01:00|10675739|Jasy Heavensong|00505021|75997|97086|9056|10000|11|0|100.6332|102.7999|0|-3.041307|0|0|0|0A0168|41F00000|E0000000|0F016B|41F00000|E0000000|0129|41DE26E5|1057B8A2|28FE0030|45122DE7|10675739|0756|40A32B1E|10675739|08A8|403428E9|107629AA|0|0|0|0347|0|10675739|0|0|0|8D|3FE83111|107629AA|071E|40C1709C|1068703B|0738|40C1709C|1068703B|0762|408EF1A8|10675739|012B|4039CAB4|1057B8A2|0|0|0|03BC|411F5820|10675739||0661ae4bfa4fe1ab73c0e92f28c01d99
30|2021-09-26T12:07:20.7310000+01:00|351|Collective Unconscious|0.00|10675739|Jasy Heavensong|10675739|Jasy Heavensong|00|97086|97086||f9a286f4dfc43a656f724f835345322d
38|2021-09-26T12:07:20.7310000+01:00|1068703B|Tomo Uchuu|00505026|77887|106478|10000|10000|9|0|100.8247|101.4312|0|-2.492329|0|0|0|14016A|41F00000|E0000000|0A0168|41F00000|E0000000|071F|42700000|1068703B|28FE0030|4512DA24|1068703B|0|0|0|08A8|403428E9|107629AA|0129|41DF3954|1057B8A2|071D|4268B02F|1068703B|0737|4268B02F|1068703B|8D|400DD2E1|107629AA|071E|40A7AE01|1068703B|0756|40B0001E|10675739|0|0|0|0719|40BD1EAC|1068703B|0762|40934392|10675739|0721|40DF5C29|1068703B|012B|4039CAB4|1057B8A2|0|0|0|03BC|411F5820|10675739||dee7cbfb441b02aac64993fc19c55dc6
26|2021-09-26T12:07:20.7310000+01:00|71f|Closed Position|60.00|1068703B|Tomo Uchuu|1068703B|Tomo Uchuu|00|106478|106478||6e6371b9f7fdc6b1a2a6b7fdf60af6c2
30|2021-09-26T12:07:20.7310000+01:00|351|Collective Unconscious|0.00|10675739|Jasy Heavensong|1068703B|Tomo Uchuu|00|106478|97086||73bf2c2e3ab35c2dbfa8026f1fdc5620
38|2021-09-26T12:07:20.7310000+01:00|1075A2E4|Niru Summers|00505015|97494|153077|10000|10000|6|0|98.6096|97.24474|-0.002598985|-0.5845037|0|0|0|0A016D|41F00000|E0000000|0A0168|41F00000|E0000000|5B|0|1075A2E4|28FD0030|45139C54|1075A2E4|012B|4039CAB4|1057B8A2|0762|40ACFDF1|10675739|8D|40276C82|107629AA|08A8|403428E9|107629AA|28F60031|4156A395|1075A2E4|5A|41F639E6|1075A2E4|071E|40CA0414|1068703B|0738|40CA0414|1068703B|0756|40C11EDC|10675739|0|0|0|03BC|411F5820|10675739|0129|41E38310|1057B8A2|0769|C1F00000|1075A2E4||1b6b0f15beb07a44e5e0a2283e45ab40
30|2021-09-26T12:07:20.7310000+01:00|351|Collective Unconscious|0.00|10675739|Jasy Heavensong|1075A2E4|Niru Summers|00|153077|97086||b1eab2b455639fad49ff599c29942be2
38|2021-09-26T12:07:20.7310000+01:00|10752D6C|Volkon Vysk|00505025|152511|152511|10000|10000|6|0|99.88039|101.1019|-0.01531982|-3.087515|0|0|0|14016A|41F00000|E0000000|0A0168|41F00000|E0000000|28FD0030|45137DC8|10752D6C|08A8|403428E9|107629AA|0129|41E272AD|1057B8A2|28F60031|412E102F|10752D6C|8D|401655F8|107629AA|013B|41A6353F|40011DA6|0727|405A8F4B|10752D6C|0|0|0|071E|40B049A8|1068703B|0738|40B049A8|1068703B|012B|4039CAB4|1057B8A2|0762|40A46A7E|10675739|0756|40BCDD51|10675739|0729|0|10752D6C|0|0|0|03BC|411F5820|10675739||308eb051e2044e7c51c11de59fe638b2
30|2021-09-26T12:07:20.7310000+01:00|351|Collective Unconscious|0.00|10675739|Jasy Heavensong|10752D6C|Volkon Vysk|00|152511|97086||c82ca8ebe3728a4ff05b8d3320454226
37|2021-09-26T12:07:20.7740000+01:00|1075A2E4|Niru Summers|00008BCB|82008|153077|10000|10000|0||98.6096|97.24474|-0.002598985|-0.5845037|1500|0|0|02|0F001A80|0|0|E0000000|10000769|0|C1F00000|1075A2E4||45a8067565c6580e1e2c3020f61ef824
38|2021-09-26T12:07:20.7750000+01:00|1075A2E4|Niru Summers|00505015|82008|153077|10000|10000|0|0|98.6096|97.24474|-0.002598985|-0.5845037|0|0|0|0A016D|41F00000|E0000000|0A0168|41F00000|E0000000|5B|0|1075A2E4|28FD0030|45139B9C|1075A2E4|012B|4036E96C|1057B8A2|0762|40AB8D4D|10675739|8D|40248B3A|107629AA|08A8|403147A1|107629AA|28F60031|4155EB43|1075A2E4|5A|41F5DDBD|1075A2E4|071E|40C89370|1068703B|0738|40C89370|1068703B|0756|40BFAE38|10675739|0|0|0|03BC|411E9FCE|10675739|0|0|0|0769|C1F00000|1075A2E4||6466c9f08b1de58f752cbc966b07302b
30|2021-09-26T12:07:20.7750000+01:00|129|Galvanize|0.00|1057B8A2|Alex Knightfall|1075A2E4|Niru Summers|00|153077|97285||ef5328c589b271b2c4f2ecce22f46322
37|2021-09-26T12:07:20.8200000+01:00|1075A2E4|Niru Summers|00008BC9|82008|153077|10000|10000|0||98.08748|97.93426|-0.0006527962|-0.5798391|1500|0|0|02|0D001F44|32|42340000|1057B8A2|10000769|0|C1F00000|1075A2E4||593dca05727c3d4bfb9f94fe875b1aa2
26|2021-09-26T12:07:20.8200000+01:00|4c4|Excogitation|45.00|1057B8A2|Alex Knightfall|1075A2E4|Niru Summers|32|153077|97285||4deb3bdfbe510d3992f737fd13a158cc
37|2021-09-26T12:07:20.8200000+01:00|107ABEEC|Greiyan Fletz|00008BC5|89029|106544|10000|10000|9||101.4343|100.1341|-0.0006527955|-3.032095|2202|0|0|01|04001BBB|0|41A80000|40011DA6||a937b738cbf82dfb9679a7ba4b703d9c
26|2021-09-26T12:07:20.8200000+01:00|13b|Whispering Dawn|21.00|40011DA6|Eos|107ABEEC|Greiyan Fletz|00|106544|92601||504982fd5996b9caa490b4b867c78ca3
21|2021-09-26T12:07:20.8200000+01:00|107629AA|Joeson Lmoa|1CF1|Refulgent Arrow|40011D69|Living Liquid|720103|65050000|0|0|0|0|0|0|0|0|0|0|0|0|0|0|4849895|12889320|10000|10000|0|1000|100.1144|97.64246|0|-2.146012|76584|106059|10000|10000|0|1000|100.6806|102.3705|0|2.116653|00008BCF|0|eb7ff59b6f4586372528112602fa777c
38|2021-09-26T12:07:20.8200000+01:00|107629AA|Joeson Lmoa|00505017|76584|106059|10000|10000|9|0|100.6806|102.3705|0|2.116653|0|0|0|0A016D|41F00000|E0000000|0A0168|41F00000|E0000000|28FE0030|4512300B|107629AA|0|0|0|0|0|0|071E|40C2E144|1068703B|0738|40C2E144|1068703B|075D|3FD5C2DC|10675739|0129|41DC6249|1057B8A2|012B|40341887|1057B8A2|0756|40A8DD4B|10675739|0762|4094B437|10675739|0|0|0|03BC|411DEB95|10675739||8a555de5c5d415abc3dbdfb33fd24e67
30|2021-09-26T12:07:20.8200000+01:00|7a|Straight Shot Ready|0.00|107629AA|Joeson Lmoa|107629AA|Joeson Lmoa|00|106059|106059||6dfb8f006f142b81a12d51961e03c829
31|2021-09-26T12:07:20.8200000+01:00|1068703B|3C0026|00|10687000|738|3861f80d47b346b3f45669ba6e8e5462
37|2021-09-26T12:07:20.8640000+01:00|40011DEA|Liquid Hand|00008BCC|5193765|12889320|10000|10000|0||100|100|0|-4.792213E-05||52153f714b7aa29dfe35a7ca1420cb7a
37|2021-09-26T12:07:20.9520000+01:00|1068703B|Tomo Uchuu|00008BC5|77887|106478|10000|10000|9||101.0225|100.1456|0|-2.515367|2603|0|0|01|04001BBB|0|41A80000|40011DA6||6fa19044c0c1598b8f495e0299fbea1f
26|2021-09-26T12:07:20.9520000+01:00|13b|Whispering Dawn|21.00|40011DA6|Eos|1068703B|Tomo Uchuu|00|106478|92601||c0a5089cb39180c27ebc0e58b9a5889d
21|2021-09-26T12:07:20.9530000+01:00|1057B8A2|Alex Knightfall|409C|Biolysis|40011DEA|Liquid Hand|D2E0E|7670000|1B|409C8000|0|0|0|0|0|0|0|0|0|0|0|0|5193765|12889320|10000|10000|0|1000|100|100|0|-4.792213E-05|81156|97285|8746|10000|0|1000|99.93127|103.1356|0|3.122801|00008BD0|0|196c91d56cea9acb86a10a6c272ff7f7
20|2021-09-26T12:07:20.9530000+01:00|10675739|Jasy Heavensong|E11|Aspected Helios|10675739|Jasy Heavensong|1.90|100.6332|102.7999|0|-3.041307||71c242a622f64512b2e41d0782cac632
37|2021-09-26T12:07:20.9970000+01:00|40011D69|Living Liquid|00008BCC|4819484|12889320|10000|10000|0||100.1144|97.64246|0|-1.599586|01|0|0|0||d076041ddd4ef3cc83afd865b9a6a854
37|2021-09-26T12:07:21.0420000+01:00|40011DEA|Liquid Hand|00008BCD|5184330|12889320|10000|10000|0||100|100|0|-4.792213E-05||394dd91096bb3626793074763c788d5a
37|2021-09-26T12:07:21.0420000+01:00|1075A2E4|Niru Summers|00008BCE|82008|153077|10000|10000|0||97.44871|99.02255|-0.001298199|-0.5612149|1500|0|0|01|100021E9|0|41F00000|1075A2E4||e8797ec9e7c2d858a9012b793c77fdcb
38|2021-09-26T12:07:21.0420000+01:00|1075A2E4|Niru Summers|00505015|82008|153077|10000|10000|0|0|97.44871|99.02255|-0.001298199|-0.5612149|0|0|0|0A016D|41F00000|E0000000|0A0168|41F00000|E0000000|5B|0|1075A2E4|28FD0030|45139758|1075A2E4|012B|4025D2E5|1057B8A2|0762|40A30208|10675739|8D|401374B3|107629AA|08A8|4020311A|107629AA|28F60031|4151A5A2|1075A2E4|5A|41F3BAEB|1075A2E4|071E|40C0082B|1068703B|0738|40C0082B|1068703B|0756|40B722F3|10675739|3204C4|4232EE9A|1057B8A2|03BC|411A5A2D|10675739|0|0|0|0769|41EFA3D7|1075A2E4||87a85caa143460998861bc7c0893ba16
37|2021-09-26T12:07:21.0860000+01:00|107629AA|Joeson Lmoa|00008BC5|76584|106059|10000|10000|9||101.6561|101.2097|0|-2.709387|1704|0|0|01|03001BBB|0|41A80000|40011DA6||d6bf6e78dea4e574f4d29e630ce4d584
26|2021-09-26T12:07:21.0860000+01:00|13b|Whispering Dawn|21.00|40011DA6|Eos|107629AA|Joeson Lmoa|00|106059|92601||97e4b725dcdb202811c11811f2c7e97b
38|2021-09-26T12:07:21.1760000+01:00|1057B8A2|Alex Knightfall|0050501C|81156|97285|8746|10000|17|0|99.93127|103.1356|0|3.122801|0|0|0|0A016D|41F00000|E0000000|1E016C|41F00000|E0000000|28FE0030|44DC25C8|1057B8A2|020130|0|1057B8A2|0129|41D874B6|1057B8A2|28FA0031|405EA758|1057B8A2|0|0|0|08A8|401A7EEE|107629AA|8D|3FD1A9D5|107629AA|071E|40AEE139|1068703B|0738|40AEE139|1068703B|0|0|0|0798|3FEC8B8A|1057B8A2|012B|401D4FD3|1057B8A2|0756|40992F34|10675739|0762|409A76C4|10675739|0|0|0|03BC|41183969|10675739||6bfea4a21838e49826e1244b7fd2b7bd
30|2021-09-26T12:07:21.1760000+01:00|4b4|Lucid Dreaming|0.00|1057B8A2|Alex Knightfall|1057B8A2|Alex Knightfall|00|97285|97285||cc41a27ca67ea384e6a89ea230eb5358
37|2021-09-26T12:07:21.2210000+01:00|10675739|Jasy Heavensong|00008BC5|75997|97086|9056|10000|11||100.6332|102.7999|0|-3.041307|2105|0|0|01|06001BBB|0|41A80000|40011DA6||4ba13e4ff332fe89c9e2e9d728f716aa
26|2021-09-26T12:07:21.2210000+01:00|13b|Whispering Dawn|21.00|40011DA6|Eos|10675739|Jasy Heavensong|00|97086|92601||453c4a11f2b7f910575bc9389b12cf19
21|2021-09-26T12:07:21.2210000+01:00|107ABEEC|Greiyan Fletz|07|Attack|40011DEA|Liquid Hand|710303|22460000|0|0|0|0|0|0|0|0|0|0|0|0|0|0|5184330|12889320|10000|10000|0|1000|100|100|0|-4.792213E-05|89029|106544|10000|10000|0|1000|101.6077|99.66214|-0.01278834|-2.267817|00008BD1|0|e5cbd3b40ca4c888d1e190671f90dfe8
20|2021-09-26T12:07:21.2650000+01:00|107ABEEC|Greiyan Fletz|1D41|Higanbana|40011DEA|Liquid Hand|1.30|101.6077|99.66214|-0.01278834|-2.267817||a27bf245df9210e50754dab07a5c7413
37|2021-09-26T12:07:21.3540000+01:00|1057B8A2|Alex Knightfall|00008BC5|81156|97285|8746|10000|17||99.93127|103.1356|0|3.122801|1C06|0|0|01|06001BBB|0|41A80000|40011DA6||4cbc20c035b99f292a823621c49225bb
26|2021-09-26T12:07:21.3540000+01:00|13b|Whispering Dawn|21.00|40011DA6|Eos|1057B8A2|Alex Knightfall|00|97285|92601||6b56beea981785f1d4c900482c2b5e04
21|2021-09-26T12:07:21.3540000+01:00|107401EC|Raesa Velan|DF9|Fire IV|40011DEA|Liquid Hand|150003|BE550000|1B|DF98000|0|0|0|0|0|0|0|0|0|0|0|0|5184330|12889320|10000|10000|0|1000|100|100|0|-4.792213E-05|82222|96887|3000|10000|0|1000|100.1449|101.6403|0|-3.036322|00008BD2|0|6c6d28f332310286ea2ad7d548c86ec4
24|2021-09-26T12:07:21.4430000+01:00|10675739|Jasy Heavensong|HoT|0|1F4E|75997|97086|9056|10000|0|1000|100.6332|102.7999|0|-3.041307||847a165cc2778aeaaaf7d1265dca9fc5
24|2021-09-26T12:07:21.4430000+01:00|1075A2E4|Niru Summers|HoT|0|1913|82008|153077|10000|10000|0|1000|96.94358|100.7135|0|-0.3931187||4d9509a58bcd084fbde53e7bfcb6d0bc
24|2021-09-26T12:07:21.4430000+01:00|10752D6C|Volkon Vysk|HoT|0|28E4|152511|152511|10000|10000|0|1000|100.4196|99.1073|0|-2.673434||af9f41a1c983339e59935773bc414c9c
38|2021-09-26T12:07:21.4430000+01:00|10675739|Jasy Heavensong|00505021|84011|97086|9056|10000|11|0|100.6332|102.7999|0|-3.041307|0|0|0|0A0168|41F00000|E0000000|0F016B|41F00000|E0000000|0129|41D874B5|1057B8A2|28FE0030|45122287|10675739|0756|408C6266|10675739|08A8|40069781|107629AA|013B|41A5DD2E|40011DA6|0347|0|10675739|0|0|0|8D|3F8D0E41|107629AA|071E|40AAA7E4|1068703B|0738|40AAA7E4|1068703B|0762|407051E3|10675739|012B|400C394C|1057B8A2|0|0|0|03BC|4113F3C8|10675739||4accba9cf4326c697f90522a99a3c2f4
38|2021-09-26T12:07:21.4430000+01:00|1075A2E4|Niru Summers|00505015|88427|153077|10000|10000|0|0|96.94358|100.7135|0|-0.3931187|0|0|0|0A016D|41F00000|E0000000|0A0168|41F00000|E0000000|5B|0|1075A2E4|28FD0030|451390F4|1075A2E4|012B|400C394C|1057B8A2|0762|40963539|10675739|8D|3FF3B635|107629AA|08A8|40069781|107629AA|28F60031|414B3F3D|1075A2E4|5A|41F087B6|1075A2E4|071E|40B33B5C|1068703B|0738|40B33B5C|1068703B|0756|40AA5624|10675739|3204C4|42315504|1057B8A2|03BC|4113F3C8|10675739|0|0|0|0769|41EC70A2|1075A2E4||31d0b080a82ba994ec36a443541fc600
38|2021-09-26T12:07:21.4430000+01:00|10752D6C|Volkon Vysk|00505025|152511|152511|10000|10000|6|0|100.4196|99.1073|0|-2.673434|0|0|0|14016A|41F00000|E0000000|0A0168|41F00000|E0000000|28FD0030|45137268|10752D6C|08A8|40069781|107629AA|0129|41DCC07D|1057B8A2|28F60031|4122ABD7|10752D6C|8D|3FD1891F|107629AA|013B|41A0830F|40011DA6|0727|402CFDE3|10752D6C|0|0|0|071E|409980F0|1068703B|0738|409980F0|1068703B|012B|400C394C|1057B8A2|0762|408DA1C6|10675739|0756|40A61499|10675739|0729|0|10752D6C|0|0|0|03BC|4113F3C8|10675739||98d04fd6b7e5b95fe71571c378e871a2
37|2021-09-26T12:07:21.4860000+01:00|1075A2E4|Niru Summers|00008BC5|88427|153077|10000|10000|0||96.94358|100.7135|0|-0.3931187|1507|0|0|01|0F001BBB|0|41A80000|40011DA6||d0c81e1e98a3864bd7c19214b1b1bcdb
26|2021-09-26T12:07:21.4860000+01:00|13b|Whispering Dawn|21.00|40011DA6|Eos|1075A2E4|Niru Summers|00|153077|92601||75326f356b9ffa7aa9cf4cfa9b9f2f9e
38|2021-09-26T12:07:21.4860000+01:00|40011DA6|Eos|00505000|92601|92601|10000|10000|0|0|100.1449|100.0533|0|-1.019875|0|0|0|28FE0030|44DC1BD5|1057B8A2|28FA0031|404ABFEC|1057B8A2|08A8|40069782|107629AA|8D|3FA9DAFC|107629AA|071E|407F9D89|1068703B|0756|408F3B7C|10675739||2c9b888ce1aa2cec72083f92ee92e38a
30|2021-09-26T12:07:21.4860000+01:00|77b|Summon Order|0.00|40011DA6|Eos|40011DA6|Eos|01|92601|92601||f6080fc031e4ed8f656f6d711d70186e
24|2021-09-26T12:07:21.5310000+01:00|1068703B|Tomo Uchuu|HoT|0|1F9A|85977|106478|10000|10000|0|1000|100.5672|99.39796|0|-2.603332||c9d2c859c580a629941634ff5c4c3f80
38|2021-09-26T12:07:21.5310000+01:00|1068703B|Tomo Uchuu|00505026|85977|106478|10000|10000|9|0|100.5672|99.39796|0|-2.603332|0|0|0|14016A|41F00000|E0000000|0A0168|41F00000|E0000000|071F|42700000|1068703B|28FE0030|4512CD58|1068703B|013B|41A30416|40011DA6|08A8|4000E554|107629AA|0129|41D8D0DE|1057B8A2|071D|42657BFD|1068703B|0737|42657BFD|1068703B|8D|3FB51E98|107629AA|071E|408E0C32|1068703B|0756|40965E4F|10675739|0|0|0|0719|40A37CDD|1068703B|0762|40734388|10675739|0721|40C5BA5A|1068703B|012B|4006871F|1057B8A2|0|0|0|03BC|4112873D|10675739||6488eea288e636f182904aa0105e9d38
37|2021-09-26T12:07:21.5770000+01:00|40011DEA|Liquid Hand|00008BD0|5184330|12889320|10000|10000|0||100|100|0|-4.792213E-05|0|0|0|01|010021E7|0|41F00000|1057B8A2||d046771cd8cdeae21238602c27385ea7
26|2021-09-26T12:07:21.5770000+01:00|767|Biolysis|30.00|1057B8A2|Alex Knightfall|40011DEA|Liquid Hand|00|12889320|97285||b84f8ca8a5591dcb8320d46eba89ea73
24|2021-09-26T12:07:21.5770000+01:00|107629AA|Joeson Lmoa|HoT|0|1E7A|76584|106059|10000|10000|0|1000|103.5849|98.14674|-0.0009114539|2.77685||57b114bdd46dab6df33c61f7dada9692
22|2021-09-26T12:07:21.5770000+01:00|10752D6C|Volkon Vysk|3F23|Fated Circle|40011D69|Living Liquid|710003|2D3D0000|0|0|0|0|0|0|0|0|0|0|0|0|0|0|4819484|12889320|10000|10000|0|1000|100.1144|97.64246|0|-0.8171834|152511|152511|10000|10000|0|1000|100.4196|99.1073|0|-2.673434|00008BD3|0|5d7b8797393d74a7f8f43adf381610da
22|2021-09-26T12:07:21.5770000+01:00|10752D6C|Volkon Vysk|3F23|Fated Circle|40011DEA|Liquid Hand|710003|2E770000|0|0|0|0|0|0|0|0|0|0|0|0|0|0|5184330|12889320|10000|10000|0|1000|100|100|0|-4.792213E-05|152511|152511|10000|10000|0|1000|100.4196|99.1073|0|-2.673434|00008BD3|1|7ef6d4d1a54ce93f8cea00a5d4506a06
38|2021-09-26T12:07:21.5770000+01:00|107ABEEC|Greiyan Fletz|00505022|89029|106544|10000|10000|9|0|101.6097|99.65662|0|-1.638132|0|0|0|0720|42700000|1068703B|14016A|41F00000|E0000000|0A0168|41F00000|E0000000|28FE0030|451226D3|107ABEEC|013B|41A1978A|40011DA6|0104D1|40AA4DF1|107ABEEC|0129|41DA9B9F|1057B8A2|0839|42654DE9|1068703B|0737|42654DE9|1068703B|08A8|40A00000|107629AA|0513|41A6503A|107ABEEC|8D|3FD1891F|107629AA|071E|409980F1|1068703B|04CD|410D74BF|107ABEEC|0721|40C449B6|1068703B|012B|40069780|1057B8A2|0512|41DAB4A7|107ABEEC|0756|40992F34|10675739|03BC|4111CEEB|10675739|04E4|41313B6F|107ABEEC|0762|4080C496|10675739||bf5a7ca8c18ce6a28d2826c209835358
26|2021-09-26T12:07:21.5770000+01:00|8a8|The Wanderer's Minuet|5.00|107629AA|Joeson Lmoa|107ABEEC|Greiyan Fletz|00|106544|106059||03f44ffe6c29ec80d0d2548d0fbf59de
38|2021-09-26T12:07:21.5770000+01:00|107401EC|Raesa Velan|00505019|82222|96887|1400|10000|10|0|100.1449|101.6403|0|-3.036322|0|0|0|0A016D|41F00000|E0000000|0A0168|41F00000|E0000000|29020030|4593C9FA|107401EC|0129|41D98930|1057B8A2|08A8|40A00000|107629AA|013B|41A0851B|40011DA6|8D|3F8CED6D|107629AA|075E|40627F27|10675739|071E|4090ED7C|1068703B|0738|4090ED7C|1068703B|28F90031|415F2AC0|107401EC|0|0|0|02E1|417C7682|107401EC|02E2|40069780|107401EC|012B|40069780|1057B8A2|0756|409D78F0|10675739|0762|40850E52|10675739|0|0|0|03BC|4111CEEB|10675739||32d7649965d8ebaa2ade27a2aaf75ed9
26|2021-09-26T12:07:21.5770000+01:00|8a8|The Wanderer's Minuet|5.00|107629AA|Joeson Lmoa|107401EC|Raesa Velan|00|96887|106059||d9aa3caaea493cbf0b66cf58d1534026
38|2021-09-26T12:07:21.5770000+01:00|1057B8A2|Alex Knightfall|0050501C|81156|97285|8746|10000|17|0|99.86005|102.7322|-0.001727552|-3.081862|0|0|0|0A016D|41F00000|E0000000|1E016C|41F00000|E0000000|28FE0030|44DC18F3|1057B8A2|020130|0|1057B8A2|0129|41D53F75|1057B8A2|28FA0031|4044FD5C|1057B8A2|013B|41A5DB22|40011DA6|08A8|40A00000|107629AA|8D|3F9E55DE|107629AA|071E|40A20C39|1068703B|0738|40A20C39|1068703B|0|0|0|0798|3FB93793|1057B8A2|012B|4003A5D7|1057B8A2|0756|408C5A34|10675739|0762|408DA1C4|10675739|0|0|0|03BC|4111CEEB|10675739||4092446b1c5ee22a0bab4aadce992ad3
26|2021-09-26T12:07:21.5770000+01:00|8a8|The Wanderer's Minuet|5.00|107629AA|Joeson Lmoa|1057B8A2|Alex Knightfall|00|97285|106059||98ad0f0c9006300a7ed4b0b316a44a6d
38|2021-09-26T12:07:21.5770000+01:00|40011DA6|Eos|00505000|92601|92601|10000|10000|0|0|100.1449|100.0533|0|-1.336259|0|0|0|28FE0030|44DC18F3|1057B8A2|28FA0031|4044FD5C|1057B8A2|08A8|40A00000|107629AA|8D|3F9E55DE|107629AA|071E|4079DAF9|1068703B|0756|408C5A34|10675739||e76c7ced3c041c3bc28807f1583e0ba7
26|2021-09-26T12:07:21.5770000+01:00|8a8|The Wanderer's Minuet|5.00|107629AA|Joeson Lmoa|40011DA6|Eos|00|92601|106059||0242fda13cf410ea1fda5c7f5a671870
38|2021-09-26T12:07:21.5770000+01:00|107629AA|Joeson Lmoa|00505017|84386|106059|10000|10000|9|0|103.5849|98.14674|-0.0009114539|2.77685|0|0|0|0A016D|41F00000|E0000000|0A0168|41F00000|E0000000|28FE0030|451223F3|107629AA|013B|41A3BA5C|40011DA6|0|0|0|071E|40AAA7E8|1068703B|0738|40AAA7E8|1068703B|075D|3F69BAF8|10675739|0129|41D653F0|1057B8A2|012B|4003A5D7|1057B8A2|0756|4090A3EF|10675739|0762|4078F5B7|10675739|0|0|0|03BC|4111CEEB|10675739||377e53644afdf5b3f153025188f7b0b6
38|2021-09-26T12:07:21.5770000+01:00|10675739|Jasy Heavensong|00505021|84011|97086|9056|10000|11|0|100.6332|102.7999|0|-3.041307|0|0|0|0A0168|41F00000|E0000000|0F016B|41F00000|E0000000|0129|41D76246|1057B8A2|28FE0030|45122063|10675739|0756|408818AB|10675739|08A8|409E8F5C|107629AA|013B|41A4CABF|40011DA6|0347|0|10675739|0|0|0|8D|3F77CEAF|107629AA|071E|40A65E29|1068703B|0738|40A65E29|1068703B|0762|4067BE6E|10675739|012B|4003A5D7|1057B8A2|0|0|0|03BC|4111CEEB|10675739||33b94201aa7eb082815e6dcda2b36094
26|2021-09-26T12:07:21.5770000+01:00|8a8|The Wanderer's Minuet|4.96|107629AA|Joeson Lmoa|10675739|Jasy Heavensong|00|97086|106059||57de7722482f23cc87bb6cee5fb40d58
38|2021-09-26T12:07:21.5770000+01:00|1068703B|Tomo Uchuu|00505026|85977|106478|10000|10000|9|0|100.5672|99.39796|0|-2.603332|0|0|0|14016A|41F00000|E0000000|0A0168|41F00000|E0000000|071F|42700000|1068703B|28FE0030|4512CCA0|1068703B|013B|41A2A7ED|40011DA6|08A8|409E8F5C|107629AA|0129|41D874B5|1057B8A2|071D|42654DE9|1068703B|0737|42654DE9|1068703B|8D|3FAF5C09|107629AA|071E|408C9B8E|1068703B|0756|4094EDAB|10675739|0|0|0|0719|40A20C39|1068703B|0762|40706240|10675739|0721|40C449B6|1068703B|012B|4003A5D7|1057B8A2|0|0|0|03BC|4111CEEB|10675739||990ee4c3496909145503e6250fb10cd0
26|2021-09-26T12:07:21.5770000+01:00|8a8|The Wanderer's Minuet|4.96|107629AA|Joeson Lmoa|1068703B|Tomo Uchuu|00|106478|106059||56b24027cbd099c9277266571d57c1ae
38|2021-09-26T12:07:21.5770000+01:00|1075A2E4|Niru Summers|00505015|88427|153077|10000|10000|0|0|96.89512|100.9151|-0.01531982|-0.3711753|0|0|0|0A016D|41F00000|E0000000|0A0168|41F00000|E0000000|5B|0|1075A2E4|28FD0030|45138ED0|1075A2E4|012B|4003A5D7|1057B8A2|0762|4091EB7E|10675739|8D|3FE28F4C|107629AA|08A8|409E8F5C|107629AA|28F60031|41491A60|1075A2E4|5A|41EF7547|1075A2E4|071E|40AEF1A1|1068703B|0738|40AEF1A1|1068703B|0756|40A60C69|10675739|3204C4|4230CBCE|1057B8A2|03BC|4111CEEB|10675739|013B|41A6ED91|40011DA6|0769|41EB5E33|1075A2E4||b049b41fdb134f9e05fba454e9094579
26|2021-09-26T12:07:21.5770000+01:00|8a8|The Wanderer's Minuet|4.96|107629AA|Joeson Lmoa|1075A2E4|Niru Summers|00|153077|106059||d78b0e16fb23d96e1dc0dee48a3df9d0
38|2021-09-26T12:07:21.5770000+01:00|10752D6C|Volkon Vysk|00505025|152511|152511|10000|10000|6|0|100.4196|99.1073|0|-2.673434|0|0|0|14016A|41F00000|E0000000|0A0168|41F00000|E0000000|28FD0030|45137044|10752D6C|08A8|409E8F5C|107629AA|0129|41DBAE0E|1057B8A2|28F60031|412086FA|10752D6C|8D|3FC06236|107629AA|013B|419F70A0|40011DA6|0727|40246A6E|10752D6C|0|0|0|071E|40953735|1068703B|0738|40953735|1068703B|012B|4003A5D7|1057B8A2|0762|4089580B|10675739|0756|40A1CADE|10675739|0729|0|10752D6C|0|0|0|03BC|4111CEEB|10675739||1bccefffb3bdf783f3ea249d9ce39a13
26|2021-09-26T12:07:21.5770000+01:00|8a8|The Wanderer's Minuet|4.96|107629AA|Joeson Lmoa|10752D6C|Volkon Vysk|00|152511|106059||0a6219663bd0c0fde7919cbb75bbf80c
24|2021-09-26T12:07:21.6210000+01:00|107ABEEC|Greiyan Fletz|HoT|0|1EB2|89029|106544|10000|10000|0|1000|101.6097|99.65662|0|-1.638132||d32dba62a548e5ea68ea1ba0e3eb36ea
38|2021-09-26T12:07:21.6210000+01:00|107ABEEC|Greiyan Fletz|00505022|96887|106544|10000|10000|9|0|101.6097|99.65662|0|-1.638132|0|0|0|0720|42700000|1068703B|14016A|41F00000|E0000000|0A0168|41F00000|E0000000|28FE0030|4512261F|107ABEEC|013B|41A13D6D|40011DA6|0104D1|40A8E57E|107ABEEC|0129|41DA4182|1057B8A2|0839|426520DB|1068703B|0737|426520DB|1068703B|08A8|409E978D|107629AA|0513|41A5F61D|107ABEEC|8D|3FCBE754|107629AA|071E|4098187E|1068703B|04CD|410CC086|107ABEEC|0721|40C2E143|1068703B|012B|4003C69B|1057B8A2|0512|41DA5A8A|107ABEEC|0756|4097C6C1|10675739|03BC|41111AB2|10675739|04E4|41308736|107ABEEC|0762|407EB847|10675739||31faf6e43d160ed99a8552429f94f219
24|2021-09-26T12:07:21.6660000+01:00|1068703B|Tomo Uchuu|HoT|798|1E0E|85977|106478|10000|10000|0|1000|100.5672|99.39796|0|-2.603332||357adf5810926a2b1d1c602abb7b7897
24|2021-09-26T12:07:21.6660000+01:00|10752D6C|Volkon Vysk|HoT|798|12FC|152511|152511|10000|10000|0|1000|100.4196|99.1073|0|-2.66804||15e1216fef0909c138fd32dc15f75dc1
24|2021-09-26T12:07:21.6660000+01:00|107401EC|Raesa Velan|HoT|798|129C|82222|96887|1400|10000|0|1000|100.1449|101.6403|0|-3.051038||11207b41bed4162fef25c16a324220f4
24|2021-09-26T12:07:21.6660000+01:00|107ABEEC|Greiyan Fletz|HoT|798|1340|96887|106544|10000|10000|0|1000|101.6097|99.65662|0|-1.474105||776c96c4a29d8a1bb63497dd7ab28f98
24|2021-09-26T12:07:21.6660000+01:00|10675739|Jasy Heavensong|HoT|798|12D7|84011|97086|9056|10000|0|1000|100.6332|102.7999|0|-3.041307||b1518021e7077ef9de8c77397623dfd5
24|2021-09-26T12:07:21.6660000+01:00|1057B8A2|Alex Knightfall|HoT|798|1263|81156|97285|8746|10000|0|1000|99.81688|102.4875|0|-3.034246||97ce9a385d2507d44d46f7ba237dc468
24|2021-09-26T12:07:21.6660000+01:00|1075A2E4|Niru Summers|HoT|798|1DBC|88427|153077|10000|10000|0|1000|96.8644|101.0429|0|-0.3601825||3f5aebe2ef7934bc94eab78653938fbc
24|2021-09-26T12:07:21.6660000+01:00|107629AA|Joeson Lmoa|HoT|798|1266|84386|106059|10000|10000|0|1000|103.8473|97.55175|-0.003694212|2.782301||46fbfd3d7d61c199f8b97d9ae0f23858
24|2021-09-26T12:07:21.6660000+01:00|1057B8A2|Alex Knightfall|HoT|0|207C|81156|97285|8746|10000|0|1000|99.81688|102.4875|0|-3.034246||8a098b21dc9f00aac0e8dad7a4f1bc97
38|2021-09-26T12:07:21.6660000+01:00|107ABEEC|Greiyan Fletz|00505022|101815|106544|10000|10000|9|0|101.6097|99.65662|0|-1.474105|0|0|0|0720|42700000|1068703B|14016A|41F00000|E0000000|0A0168|41F00000|E0000000|28FE0030|45122567|107ABEEC|013B|41A0E144|40011DA6|0104D1|40A774DA|107ABEEC|0129|41D9E559|1057B8A2|0839|4264F2C7|1068703B|0737|4264F2C7|1068703B|08A8|409D26E9|107629AA|0513|41A599F4|107ABEEC|8D|3FC624C5|107629AA|071E|4096A7DA|1068703B|04CD|410C0834|107ABEEC|0721|40C1709F|1068703B|012B|40A00000|1057B8A2|0512|41D9FE61|107ABEEC|0756|4096561D|10675739|03BC|41106260|10675739|04E4|412FCEE4|107ABEEC|0762|407BD6FF|10675739||51757da4367e0882bec4b6e89c42ba75
26|2021-09-26T12:07:21.6660000+01:00|12b|Sacred Soil|5.00|1057B8A2|Alex Knightfall|107ABEEC|Greiyan Fletz|00|106544|97285||22c568f34a268a1efc993e53fceb3a2a
38|2021-09-26T12:07:21.6660000+01:00|107401EC|Raesa Velan|00505019|86986|96887|1400|10000|10|0|100.1449|101.6403|0|-3.051038|0|0|0|0A016D|41F00000|E0000000|0A0168|41F00000|E0000000|29020030|4593C944|107401EC|0129|41D8D2EA|1057B8A2|08A8|409D26E9|107629AA|013B|419FCED5|40011DA6|8D|3F818913|107629AA|075E|405CCCFA|10675739|071E|408E1465|1068703B|0738|408E1465|1068703B|28F90031|415DBE35|107401EC|0|0|0|02E1|417B09F7|107401EC|02E2|4000E553|107401EC|012B|40A00000|1057B8A2|0756|409A9FD9|10675739|0762|4082353B|10675739|0|0|0|03BC|41106260|10675739||8639966a4d5c0e21275c0cd25519f155
26|2021-09-26T12:07:21.6660000+01:00|12b|Sacred Soil|5.00|1057B8A2|Alex Knightfall|107401EC|Raesa Velan|00|96887|97285||40b6f085d323e2b605709df3c5a1bcd7
38|2021-09-26T12:07:21.6660000+01:00|1057B8A2|Alex Knightfall|0050501C|94179|97285|8746|10000|17|0|99.81688|102.4875|0|-3.034246|0|0|0|0A016D|41F00000|E0000000|1E016C|41F00000|E0000000|28FE0030|44DC161A|1057B8A2|020130|0|1057B8A2|0129|41D4892F|1057B8A2|28FA0031|403F4B2F|1057B8A2|013B|41A524DC|40011DA6|08A8|409D26E9|107629AA|8D|3F92F184|107629AA|071E|409F3322|1068703B|0738|409F3322|1068703B|0|0|0|0798|3FADD339|1057B8A2|012B|409E8F5C|1057B8A2|0756|4089811D|10675739|0762|408AC8AD|10675739|0|0|0|03BC|41106260|10675739||ba5c523d71c8377a8bd0c990eb17520a
26|2021-09-26T12:07:21.6660000+01:00|12b|Sacred Soil|4.96|1057B8A2|Alex Knightfall|1057B8A2|Alex Knightfall|00|97285|97285||3050b370355e729b7644d4e0e2c50cfa
38|2021-09-26T12:07:21.6660000+01:00|107629AA|Joeson Lmoa|00505017|89096|106059|10000|10000|9|0|103.8473|97.55175|-0.003694212|2.782301|0|0|0|0A016D|41F00000|E0000000|0A0168|41F00000|E0000000|28FE0030|45122287|107629AA|013B|41A30416|40011DA6|0|0|0|071E|40A7CED1|1068703B|0738|40A7CED1|1068703B|075D|3F52F243|10675739|0129|41D59DAA|1057B8A2|012B|409E8F5C|1057B8A2|0756|408DCAD8|10675739|0762|4073438A|10675739|0|0|0|03BC|41106260|10675739||85c9c5c4e9f57d994b40cde86483f3b3
26|2021-09-26T12:07:21.6660000+01:00|12b|Sacred Soil|4.96|1057B8A2|Alex Knightfall|107629AA|Joeson Lmoa|00|106059|97285||bd4fc35c2000c4e50ef334f88b3df71e
38|2021-09-26T12:07:21.6660000+01:00|10675739|Jasy Heavensong|00505021|88834|97086|9056|10000|11|0|100.6332|102.7999|0|-3.041307|0|0|0|0A0168|41F00000|E0000000|0F016B|41F00000|E0000000|0129|41D6AC00|1057B8A2|28FE0030|45121EF7|10675739|0756|40853F94|10675739|08A8|409BB645|107629AA|013B|41A41479|40011DA6|0347|0|10675739|0|0|0|8D|3F6105FB|107629AA|071E|40A38512|1068703B|0738|40A38512|1068703B|0762|40620C41|10675739|012B|409E8F5C|1057B8A2|0|0|0|03BC|41106260|10675739||3ced05fbd5c6647de99869e654da562a
26|2021-09-26T12:07:21.6660000+01:00|12b|Sacred Soil|4.96|1057B8A2|Alex Knightfall|10675739|Jasy Heavensong|00|97086|97285||8b7c4b448f234b16c3022986ee933aa4
38|2021-09-26T12:07:21.6660000+01:00|1068703B|Tomo Uchuu|00505026|93671|106478|10000|10000|9|0|100.5672|99.39796|0|-2.603332|0|0|0|14016A|41F00000|E0000000|0A0168|41F00000|E0000000|071F|42700000|1068703B|28FE0030|4512CB34|1068703B|013B|41A1F1A7|40011DA6|08A8|409BB645|107629AA|0129|41D7BE6F|1057B8A2|071D|4264F2C7|1068703B|0737|4264F2C7|1068703B|8D|3FA3F7AF|107629AA|071E|4089C277|1068703B|0756|40921494|10675739|0|0|0|0719|409F3322|1068703B|0762|406AB013|10675739|0721|40C1709F|1068703B|012B|409E8F5C|1057B8A2|0|0|0|03BC|41106260|10675739||f6f9e0f071ca6118ab4518d7eb922d99
26|2021-09-26T12:07:21.6660000+01:00|12b|Sacred Soil|4.96|1057B8A2|Alex Knightfall|1068703B|Tomo Uchuu|00|106478|97285||baa117d2fabc1330795145eb32116d96
38|2021-09-26T12:07:21.6660000+01:00|1075A2E4|Niru Summers|00505015|96039|153077|10000|10000|0|0|96.8644|101.0429|0|-0.3601825|0|0|0|0A016D|41F00000|E0000000|0A0168|41F00000|E0000000|5B|0|1075A2E4|28FD0030|45138D64|1075A2E4|012B|409E8F5C|1057B8A2|0762|408F1267|10675739|8D|3FD72AF2|107629AA|08A8|409BB645|107629AA|28F60031|4147ADD5|1075A2E4|5A|41EEBF01|1075A2E4|071E|40AC188A|1068703B|0738|40AC188A|1068703B|0756|40A33352|10675739|3204C4|423070AC|1057B8A2|03BC|41106260|10675739|013B|41A6374B|40011DA6|0769|41EAA7ED|1075A2E4||92056162b892465327350d21ea585fc5
26|2021-09-26T12:07:21.6660000+01:00|12b|Sacred Soil|4.96|1057B8A2|Alex Knightfall|1075A2E4|Niru Summers|00|153077|97285||401ec4957ab66192a4cedf84752cc93d
38|2021-09-26T12:07:21.6660000+01:00|10752D6C|Volkon Vysk|00505025|152511|152511|10000|10000|6|0|100.4196|99.1073|0|-2.66804|0|0|0|14016A|41F00000|E0000000|0A0168|41F00000|E0000000|28FD0030|45136ED8|10752D6C|08A8|409BB645|107629AA|0129|41DAF7C8|1057B8A2|28F60031|411F1A6F|10752D6C|8D|3FB4FDDC|107629AA|013B|419EBA5A|40011DA6|0727|401EB841|10752D6C|0|0|0|071E|40925E1E|1068703B|0738|40925E1E|1068703B|012B|409E8F5C|1057B8A2|0762|40867EF4|10675739|0756|409EF1C7|10675739|0729|0|10752D6C|0|0|0|03BC|41106260|10675739||445c167c7cf9849e2da8b57d177a0ab6
26|2021-09-26T12:07:21.6660000+01:00|12b|Sacred Soil|4.96|1057B8A2|Alex Knightfall|10752D6C|Volkon Vysk|00|152511|97285||3196ee8a38e44dc1891281a32242a66b
21|2021-09-26T12:07:21.7110000+01:00|40011DA6|Eos|322|Embrace|1075A2E4|Niru Summers|4|11770000|1B|3228000|0|0|0|0|0|0|0|0|0|0|0|0|88427|153077|10000|10000|0|1000|96.8644|101.0429|0|-0.3601825|92601|92601|10000|10000|0|1000|100.1449|100.0533|0|-1.453871|00008BD4|0|a69a6da6ae1352f89e5a98b634fb72c3
24|2021-09-26T12:07:21.7110000+01:00|107401EC|Raesa Velan|HoT|0|28EC|82222|96887|1400|10000|0|1000|100.1449|101.6403|0|-3.051038||dc81707ab61e4ce69293e4a272a3b230
21|2021-09-26T12:07:21.7110000+01:00|1075A2E4|Niru Summers|4051|Inner Chaos|40011D69|Living Liquid|710303|F2750000|0|0|0|0|0|0|0|0|0|0|0|0|0|0|4819484|12889320|10000|10000|0|1000|100.1144|97.64246|0|-0.7498022|88427|153077|10000|10000|0|1000|96.8644|101.0429|0|-0.3601825|00008BD5|0|0dfbaf205f5ccf8e9aee89a33addfd80
38|2021-09-26T12:07:21.7110000+01:00|107401EC|Raesa Velan|00505019|96887|96887|1400|10000|10|0|100.1449|101.6403|0|-3.051038|0|0|0|0A016D|41F00000|E0000000|0A0168|41F00000|E0000000|29020030|4593C8E8|107401EC|0129|41D876C1|1057B8A2|08A8|409BB645|107629AA|013B|419F72AC|40011DA6|8D|3F778D07|107629AA|075E|4059EBB2|10675739|071E|408CA3C1|1068703B|0738|408CA3C1|1068703B|28F90031|415D05E3|107401EC|0|0|0|02E1|417A51A5|107401EC|02E2|409E8F5C|107401EC|012B|409E8F5C|1057B8A2|0756|40992F35|10675739|0762|4080C497|10675739|0|0|0|03BC|410FAA0E|10675739||9d8442522d41f26d58c11a2efa2f4e3f
26|2021-09-26T12:07:21.7110000+01:00|2e2|Circle Of Power|4.96|107401EC|Raesa Velan|107401EC|Raesa Velan|00|96887|96887||341913620045648fe77f87a16de52c73
38|2021-09-26T12:07:21.7110000+01:00|1075A2E4|Niru Summers|00505015|96039|153077|10000|10000|0|0|96.8644|101.0429|0|-0.3601825|0|0|0|0A016D|41F00000|E0000000|0A0168|41F00000|E0000000|5B|0|1075A2E4|28FD0030|45138CAC|1075A2E4|012B|409D1EB8|1057B8A2|0762|408DA1C3|10675739|8D|3FD16863|107629AA|08A8|409A45A1|107629AA|28F60031|4146F583|1075A2E4|5A|41EE62D8|1075A2E4|071E|40AAA7E6|1068703B|0738|40AAA7E6|1068703B|0756|40A1C2AE|10675739|3204C4|42304298|1057B8A2|03BC|410FAA0E|10675739|013B|41A5DB22|40011DA6||1d78fb8b7ffbcd3c389e009d6d34f563
30|2021-09-26T12:07:21.7110000+01:00|769|Nascent Chaos|0.00|1075A2E4|Niru Summers|1075A2E4|Niru Summers|00|153077|153077||603bf12bd0fd4e10b9bcbdaddd4d153d
37|2021-09-26T12:07:21.7550000+01:00|40011DEA|Liquid Hand|00008BD1|5175556|12889320|10000|10000|0||100|100|0|-4.792213E-05||8f685e4abcd60125636e1f5d95b3f035
21|2021-09-26T12:07:21.8450000+01:00|107629AA|Joeson Lmoa|1CEC|Pitch Perfect|40011D69|Living Liquid|720203|6AAB0000|0|0|0|0|0|0|0|0|0|0|0|0|0|0|4819484|12889320|10000|10000|0|1000|100.1144|97.64246|0|-0.7165239|89096|106059|10000|10000|0|1000|104.1201|96.98428|-0.001254912|2.758928|00008BD6|0|e38166d47a7a833dad7878268518361d
21|2021-09-26T12:07:21.9770000+01:00|10752D6C|Volkon Vysk|07|Attack|40011DEA|Liquid Hand|710003|F6A0000|0|0|0|0|0|0|0|0|0|0|0|0|0|0|5175556|12889320|10000|10000|0|1000|100|100|0|-4.792213E-05|152511|152511|10000|10000|0|1000|100.4196|99.1073|0|-2.50996|00008BD7|0|675c568a9315555c3e1b02de0ae3f3d6
21|2021-09-26T12:07:22.0230000+01:00|107ABEEC|Greiyan Fletz|1D41|Higanbana|40011DEA|Liquid Hand|710203|532B0000|C4340E|4CC0000|13D|FF8000|0|0|0|0|0|0|0|0|0|0|5175556|12889320|10000|10000|0|1000|100|100|0|-4.792213E-05|101815|106544|10000|10000|0|1000|101.6097|99.65662|0|-1.371064|00008BD8|0|a713d64661c67f298dc5714754550b2a
38|2021-09-26T12:07:22.0230000+01:00|107ABEEC|Greiyan Fletz|00505022|101815|106544|10000|10000|9|0|101.6097|99.65662|0|-1.371064|0|0|0|0720|42700000|1068703B|14016A|41F00000|E0000000|0A0168|41F00000|E0000000|28FE0030|45121FB3|107ABEEC|013B|419E0620|40011DA6|0104D1|409C084D|107ABEEC|0129|41D70A35|1057B8A2|0839|42638539|1068703B|0737|42638539|1068703B|08A8|4091BA5C|107629AA|0513|41A2BED0|107ABEEC|8D|3F987299|107629AA|071E|408B3B4D|1068703B|0|0|0|0721|40B60412|1068703B|012B|40949373|1057B8A2|0512|41D7233D|107ABEEC|0756|408AE990|10675739|03BC|410AAC1B|10675739|04E4|412A189F|107ABEEC|0762|4064FDE8|10675739||8e501dee065443d626c4e4e72f49f434
26|2021-09-26T12:07:22.0230000+01:00|720|Dance Partner|60.00|1068703B|Tomo Uchuu|107ABEEC|Greiyan Fletz|00|106544|106478||7c84310b21aa21cc32af41fbfbb587fd
30|2021-09-26T12:07:22.0230000+01:00|4cd|Kaiten|0.00|107ABEEC|Greiyan Fletz|107ABEEC|Greiyan Fletz|00|106544|106544||18ae76926c8f5b283aef13df0192e242
21|2021-09-26T12:07:22.0670000+01:00|107401EC|Raesa Velan|1D89|Swiftcast|107401EC|Raesa Velan|E|A70000|0|0|0|0|0|0|0|0|0|0|0|0|0|0|96887|96887|1400|10000|0|1000|100.1544|101.5833|0|-3.121722|96887|96887|1400|10000|0|1000|100.1544|101.5833|0|-3.121722|00008BD9|0|df06eb557ab325c66d98ebaf4e225817
38|2021-09-26T12:07:22.0670000+01:00|107401EC|Raesa Velan|00505019|96887|96887|1400|10000|10|0|100.1544|101.5833|0|-3.121722|0|0|0|0A016D|41F00000|E0000000|0A0168|41F00000|E0000000|29020030|4593C60E|107401EC|0129|41D59B9D|1057B8A2|08A8|409049B8|107629AA|013B|419C9788|40011DA6|8D|3F1C28AB|107629AA|075E|4043129B|10675739|071E|40813734|1068703B|0738|40813734|1068703B|28F90031|41574F9E|107401EC|A7|C1200000|107401EC|02E1|41749B60|107401EC|02E2|409322CF|107401EC|012B|409322CF|1057B8A2|0756|408DC2A8|10675739|0762|406AB017|10675739|0|0|0|03BC|4109F3C9|10675739||eff287221bf5248c990fee9a687af5a8
26|2021-09-26T12:07:22.0670000+01:00|a7|Swiftcast|10.00|107401EC|Raesa Velan|107401EC|Raesa Velan|00|96887|96887||59cadb2b87fe7945ab1f2533f0425e5e
37|2021-09-26T12:07:22.1110000+01:00|40011D69|Living Liquid|00008BD3|4807903|12889320|10000|10000|0||100.1144|97.64246|0|-0.7165239||1048927367d4c3a0b2d73417141f8dbb
38|2021-09-26T12:07:22.1110000+01:00|40011D69|Living Liquid|00505000|4807903|12889320|10000|10000|0|0|100.1144|97.64246|0|-0.7165239|0|0|0|0767|40D6141E|1057B8A2|2804B1|40E1910C|107629AA|0759|40EE6611|10675739|2804B0|41196842|107629AA|0A00A3|41A48B3A|107401EC|0|0|0|072D|4179953A|10752D6C|04A9|406DA1BF|1075A2E4|072E|41385A25|10752D6C||882e5cf04806df8664647a5a1064043d
30|2021-09-26T12:07:22.1110000+01:00|4c5|Chain Stratagem|0.00|1057B8A2|Alex Knightfall|40011D69|Living Liquid|00|12889320|97285||d9e92cd4ec972eb30ef16735cd3c4356
37|2021-09-26T12:07:22.2000000+01:00|107401EC|Raesa Velan|00008BD9|96887|96887|1400|10000|10||100.1627|101.5334|-0.003368131|-2.582736|1900|0|0|01|0B002EE7|0|41200000|107401EC||32a7f53430d7db284d6a196983a78142
38|2021-09-26T12:07:22.2000000+01:00|107401EC|Raesa Velan|00505019|96887|96887|1400|10000|10|0|100.1627|101.5334|-0.003368131|-2.582736|0|0|0|0A016D|41F00000|E0000000|0A0168|41F00000|E0000000|29020030|4593C4FE|107401EC|0129|41D48B3A|1057B8A2|08A8|408C082E|107629AA|013B|419B8725|40011DA6|8D|3EF438C2|107629AA|075E|403A8F89|10675739|071E|4079EB56|1068703B|0738|4079EB56|1068703B|28F90031|41552EDA|107401EC|A7|411F47AE|107401EC|02E1|41727A9C|107401EC|02E2|408EE145|107401EC|012B|408EE145|1057B8A2|0756|4089811E|10675739|0762|40622D05|10675739|0|0|0|03BC|4107D305|10675739||686d7c0524350d1afd88cf8aefa957ce
37|2021-09-26T12:07:22.2450000+01:00|40011DEA|Liquid Hand|00008BD3|5163661|12889320|10000|10000|0||100|100|0|-4.792213E-05|01|0|0|0||7d84638715d999b2be3f28f7549ca1c7
37|2021-09-26T12:07:22.2890000+01:00|40011D69|Living Liquid|00008BCF|4782042|12889320|10000|10000|0||100.1144|97.64246|0|-0.7165239||11be97c81e008677f2f8088862cd9e17
37|2021-09-26T12:07:22.3350000+01:00|1075A2E4|Niru Summers|00008BD4|100510|153077|10000|10000|0||96.75745|101.4278|-0.01531982|0.1177135|1500|0|0|0||38ea713c14a4744cb8e90c6b1081a3ef
39|2021-09-26T12:07:22.3350000+01:00|40011DA6|Eos|92601|92601|10000|10000|0|0|100.1449|100.0533|0|-1.211782||cfee00cf74bcb9ac3d93bc2ef0bcf0a3
22|2021-09-26T12:07:22.3350000+01:00|10675739|Jasy Heavensong|E11|Aspected Helios|10675739|Jasy Heavensong|10004|32850000|DEFD0E|3440000|900E|7630000|1B|E118000|0|0|0|0|0|0|0|0|88834|97086|9056|10000|0|1000|100.6332|102.7999|0|-3.041307|88834|97086|9056|10000|0|1000|100.6332|102.7999|0|-3.041307|00008BDA|0|5af87a911ed3b77fc16beb46c485a114
22|2021-09-26T12:07:22.3350000+01:00|10675739|Jasy Heavensong|E11|Aspected Helios|107401EC|Raesa Velan|4|20CE0000|DEFD0E|3440000|900E|7630000|1B|E118000|0|0|0|0|0|0|0|0|96887|96887|1400|10000|0|1000|100.0932|101.3637|-0.0006878417|-2.582736|88834|97086|9056|10000|0|1000|100.6332|102.7999|0|-3.041307|00008BDA|1|178b4b1a9bda47e21735bd5836112344
22|2021-09-26T12:07:22.3350000+01:00|10675739|Jasy Heavensong|E11|Aspected Helios|1068703B|Tomo Uchuu|4|213C0000|DEFD0E|3440000|900E|7630000|1B|E118000|0|0|0|0|0|0|0|0|93671|106478|10000|10000|0|1000|100.2442|99.58456|0|-2.624275|88834|97086|9056|10000|0|1000|100.6332|102.7999|0|-3.041307|00008BDA|2|ea5c7a779794f733b2c279954e1e4aea
22|2021-09-26T12:07:22.3350000+01:00|10675739|Jasy Heavensong|E11|Aspected Helios|107ABEEC|Greiyan Fletz|10004|31450000|DEFD0E|3440000|900E|7630000|1B|E118000|0|0|0|0|0|0|0|0|101815|106544|10000|10000|0|1000|101.6097|99.65662|0|-1.37116|88834|97086|9056|10000|0|1000|100.6332|102.7999|0|-3.041307|00008BDA|3|e1c050d272402deb6be0f1839b1d91df
22|2021-09-26T12:07:22.3350000+01:00|10675739|Jasy Heavensong|E11|Aspected Helios|1057B8A2|Alex Knightfall|4|207F0000|DEFD0E|3440000|900E|7630000|1B|E118000|0|0|0|0|0|0|0|0|94179|97285|8746|10000|0|1000|99.58382|98.30143|-0.003911789|-3.1378|88834|97086|9056|10000|0|1000|100.6332|102.7999|0|-3.041307|00008BDA|4|236bca093880acdce118ea1b1a2eefd2
22|2021-09-26T12:07:22.3350000+01:00|10675739|Jasy Heavensong|E11|Aspected Helios|1075A2E4|Niru Summers|4|20510000|DEFD0E|3440000|900E|7630000|1B|E118000|0|0|0|0|0|0|0|0|96039|153077|10000|10000|0|1000|96.75745|101.4278|-0.01531982|0.1177135|88834|97086|9056|10000|0|1000|100.6332|102.7999|0|-3.041307|00008BDA|5|3dc1806629b310bdd637cdf5a7ea2dbf
22|2021-09-26T12:07:22.3350000+01:00|10675739|Jasy Heavensong|E11|Aspected Helios|10752D6C|Volkon Vysk|4|1FDA0000|DEFD0E|3440000|900E|7630000|1B|E118000|0|0|0|0|0|0|0|0|152511|152511|10000|10000|0|1000|100.4738|98.84155|-0.000687843|-2.319359|88834|97086|9056|10000|0|1000|100.6332|102.7999|0|-3.041307|00008BDA|6|98de5309dcd953881d12cea1ee432177
22|2021-09-26T12:07:22.3350000+01:00|10675739|Jasy Heavensong|E11|Aspected Helios|107629AA|Joeson Lmoa|4|211A0000|DEFD0E|3440000|900E|7630000|1B|E118000|0|0|0|0|0|0|0|0|89096|106059|10000|10000|0|1000|104.5812|95.92224|-0.002932703|-1.230223|88834|97086|9056|10000|0|1000|100.6332|102.7999|0|-3.041307|00008BDA|7|9ffd19a6be8c421c56122e2b9e2b39a9
38|2021-09-26T12:07:22.3350000+01:00|107ABEEC|Greiyan Fletz|00505022|101815|106544|10000|10000|9|0|101.6097|99.65662|0|-1.37116|0|0|0|0720|42700000|1068703B|14016A|41F00000|E0000000|0A0168|41F00000|E0000000|28FE0030|45121ABB|107ABEEC|013B|419B8931|40011DA6|0104D1|40921495|107ABEEC|0129|41D48D46|1057B8A2|0839|426246C5|1068703B|0737|426246C5|1068703B|08A8|4087C6A4|107629AA|0513|41A041E1|107ABEEC|8D|3F614780|107629AA|071E|40814795|1068703B|0|0|0|0721|40AC105A|1068703B|012B|408A9FBB|1057B8A2|0512|41D4A64E|107ABEEC|0756|4080F5D8|10675739|03BC|4105B241|10675739|04E4|41251EC5|107ABEEC|0763|C1F00000|10675739||fec462560fe96a078148582efb36d9b9
30|2021-09-26T12:07:22.3350000+01:00|762|Horoscope|0.00|10675739|Jasy Heavensong|107ABEEC|Greiyan Fletz|00|106544|97086||7462b3f4a6134c9202dcceb7302d3138
26|2021-09-26T12:07:22.3350000+01:00|763|Horoscope Helios|30.00|10675739|Jasy Heavensong|107ABEEC|Greiyan Fletz|00|106544|97086||9f75b29a19ffba31d9b19ff1cfbd97d9
38|2021-09-26T12:07:22.3350000+01:00|107401EC|Raesa Velan|00505019|96887|96887|1400|10000|10|0|100.0932|101.3637|-0.0006878417|-2.582736|0|0|0|0A016D|41F00000|E0000000|0A0168|41F00000|E0000000|29020030|4593C3EE|107401EC|0129|41D37AD7|1057B8A2|08A8|4087C6A4|107629AA|013B|419A76C2|40011DA6|8D|3EB0202E|107629AA|075E|40320C77|10675739|071E|40716844|1068703B|0738|40716844|1068703B|28F90031|41530E16|107401EC|A7|411D26EA|107401EC|02E1|417059D8|107401EC|02E2|408A9FBB|107401EC|012B|408A9FBB|1057B8A2|0756|40853F94|10675739|0763|C1F00000|10675739|0|0|0|03BC|4105B241|10675739||189c1d279cce9acc110cb9bc42059c17
30|2021-09-26T12:07:22.3350000+01:00|762|Horoscope|0.00|10675739|Jasy Heavensong|107401EC|Raesa Velan|00|96887|97086||49620c82dbe7de002abdaedbbb12881a
26|2021-09-26T12:07:22.3350000+01:00|763|Horoscope Helios|30.00|10675739|Jasy Heavensong|107401EC|Raesa Velan|00|96887|97086||404b15bdf2b1aa881db6c19758a65801
38|2021-09-26T12:07:22.3350000+01:00|1057B8A2|Alex Knightfall|0050501C|94179|97285|8746|10000|17|0|99.58382|98.30143|-0.003911789|-3.1378|0|0|0|0A016D|41F00000|E0000000|1E016C|41F00000|E0000000|28FE0030|44DC00BA|1057B8A2|020130|0|1057B8A2|0129|41CF311C|1057B8A2|28FA0031|40148AAC|1057B8A2|013B|419FCCC9|40011DA6|08A8|4087C6A4|107629AA|8D|3EF5C1F5|107629AA|071E|4089D2DD|1068703B|0738|4089D2DD|1068703B|0|0|0|0798|3F30A466|1057B8A2|012B|40892F17|1057B8A2|0756|406841B4|10675739|0763|C1F00000|10675739|0|0|0|03BC|4105B241|10675739||76c1ffac520e3275be933807d1317c8f
30|2021-09-26T12:07:22.3350000+01:00|762|Horoscope|0.00|10675739|Jasy Heavensong|1057B8A2|Alex Knightfall|00|97285|97086||574385afd2c334d533f994df19fd061e
26|2021-09-26T12:07:22.3350000+01:00|763|Horoscope Helios|30.00|10675739|Jasy Heavensong|1057B8A2|Alex Knightfall|00|97285|97086||86ddd73a82d25784ad83737915db6af9
38|2021-09-26T12:07:22.3350000+01:00|107629AA|Joeson Lmoa|00505017|89096|106059|10000|10000|9|0|104.5812|95.92224|-0.002932703|-1.230223|0|0|0|0A016D|41F00000|E0000000|0A0168|41F00000|E0000000|28FE0030|451217DB|107629AA|013B|419DAC03|40011DA6|0|0|0|071E|40926E8C|1068703B|0738|40926E8C|1068703B|075D|3E1FC0D5|10675739|0129|41D04597|1057B8A2|012B|40892F17|1057B8A2|0756|4070D52A|10675739|0763|C1F00000|10675739|0|0|0|03BC|4105B241|10675739||151476b4642800d0dd04887113892409
30|2021-09-26T12:07:22.3350000+01:00|762|Horoscope|0.00|10675739|Jasy Heavensong|107629AA|Joeson Lmoa|00|106059|97086||d5d2d2f6a63ee7e0e8affa8fe138a748
26|2021-09-26T12:07:22.3350000+01:00|763|Horoscope Helios|30.00|10675739|Jasy Heavensong|107629AA|Joeson Lmoa|00|106059|97086||d26cc59fbb8ecb2ae806a8c6b58584b8
38|2021-09-26T12:07:22.3350000+01:00|10675739|Jasy Heavensong|00505021|88834|97086|8256|10000|11|0|100.6332|102.7999|0|-3.041307|0|0|0|0A0168|41F00000|E0000000|0F016B|41F00000|E0000000|0129|41D153ED|1057B8A2|28FE0030|4512144B|10675739|0756|405FBEA4|10675739|08A8|40865600|107629AA|013B|419EBC66|40011DA6|0347|0|10675739|0|0|0|8D|3E580FB4|107629AA|071E|408E24CD|1068703B|0738|408E24CD|1068703B|0763|C1F00000|10675739|012B|40892F17|1057B8A2|0|0|0|03BC|4105B241|10675739||0a8e4ab07933413b1307372bbc401f88
30|2021-09-26T12:07:22.3350000+01:00|762|Horoscope|0.00|10675739|Jasy Heavensong|10675739|Jasy Heavensong|00|97086|97086||5a628b9c060893869c6277d5e827b911
26|2021-09-26T12:07:22.3350000+01:00|763|Horoscope Helios|30.00|10675739|Jasy Heavensong|10675739|Jasy Heavensong|00|97086|97086||0431c655d4ce7121ecf57c39aea29980
38|2021-09-26T12:07:22.3350000+01:00|1068703B|Tomo Uchuu|00505026|93671|106478|10000|10000|9|0|100.2442|99.58456|0|-2.624275|0|0|0|14016A|41F00000|E0000000|0A0168|41F00000|E0000000|071F|42700000|1068703B|28FE0030|4512C088|1068703B|013B|419C9994|40011DA6|08A8|40865600|107629AA|0129|41D2665C|1057B8A2|071D|426246C5|1068703B|0737|426246C5|1068703B|8D|3F1CED50|107629AA|071E|4068C468|1068703B|0756|407968A0|10675739|0|0|0|0719|4089D2DD|1068703B|0763|C1F00000|10675739|0721|40AC105A|1068703B|012B|40892F17|1057B8A2|0|0|0|03BC|4105B241|10675739||2d554c874146f936ffa2828827b8bd70
30|2021-09-26T12:07:22.3350000+01:00|762|Horoscope|0.00|10675739|Jasy Heavensong|1068703B|Tomo Uchuu|00|106478|97086||142425c41b6b1d0331e24eb8583b7e7e
26|2021-09-26T12:07:22.3350000+01:00|763|Horoscope Helios|30.00|10675739|Jasy Heavensong|1068703B|Tomo Uchuu|00|106478|97086||7f0deb4f1a7520a6e2479e735635bad6
38|2021-09-26T12:07:22.3350000+01:00|1075A2E4|Niru Summers|00505015|100510|153077|10000|10000|0|0|96.75745|101.4278|-0.01531982|0.1177135|0|0|0|0A016D|41F00000|E0000000|0A0168|41F00000|E0000000|5B|0|1075A2E4|28FD0030|451382B8|1075A2E4|012B|40892F17|1057B8A2|0763|C1F00000|10675739|8D|3F81A9ED|107629AA|08A8|40865600|107629AA|28F60031|413CFDB6|1075A2E4|5A|41E966EE|1075A2E4|071E|4096B845|1068703B|0738|4096B845|1068703B|0756|408DD30D|10675739|3204C4|422DC4AA|1057B8A2|03BC|4105B241|10675739|013B|41A0DF38|40011DA6||da289914fc552b796a675fb854c8e794
30|2021-09-26T12:07:22.3350000+01:00|762|Horoscope|0.00|10675739|Jasy Heavensong|1075A2E4|Niru Summers|00|153077|97086||8e92095c9af8834d84647df4901c7667
26|2021-09-26T12:07:22.3350000+01:00|763|Horoscope Helios|30.00|10675739|Jasy Heavensong|1075A2E4|Niru Summers|00|153077|97086||d295c1315d99707e0a0f2a391598023e
38|2021-09-26T12:07:22.3350000+01:00|10752D6C|Volkon Vysk|00505025|152511|152511|10000|10000|6|0|100.4738|98.84155|-0.000687843|-2.319359|0|0|0|14016A|41F00000|E0000000|0A0168|41F00000|E0000000|28FD0030|4513642C|10752D6C|08A8|40865600|107629AA|0129|41D59FB5|1057B8A2|28F60031|41146A50|10752D6C|8D|3F3EF9AC|107629AA|013B|41996247|40011DA6|0727|3FE7EF7B|10752D6C|0|0|0|071E|4079FBB4|1068703B|0738|4079FBB4|1068703B|012B|40892F17|1057B8A2|0763|C1F00000|10675739|0756|40899182|10675739|0729|0|10752D6C|0|0|0|03BC|4105B241|10675739||bff29b1c6459fb52adcaf7c9682f9423
30|2021-09-26T12:07:22.3350000+01:00|762|Horoscope|0.00|10675739|Jasy Heavensong|10752D6C|Volkon Vysk|00|152511|97086||4aba06b15d3bcab0634525966495a488
26|2021-09-26T12:07:22.3350000+01:00|763|Horoscope Helios|30.00|10675739|Jasy Heavensong|10752D6C|Volkon Vysk|00|152511|97086||662be9cca160a708807b19a8bccfe8a9
38|2021-09-26T12:07:22.3790000+01:00|107401EC|Raesa Velan|00505019|96887|96887|1400|10000|10|0|100.0932|101.3637|-0.0006878417|-2.582736|0|0|0|0A016D|41F00000|E0000000|0A0168|41F00000|E0000000|29020030|4593C392|107401EC|0129|41D31EAE|1057B8A2|08A8|40865600|107629AA|013B|419A1A99|40011DA6|8D|3E9915F0|107629AA|075E|402F2B2F|10675739|071E|406E86FC|1068703B|0738|406E86FC|1068703B|28F90031|415255C4|107401EC|A7|411C6E98|107401EC|02E1|416FA186|107401EC|0|0|0|012B|40892F17|1057B8A2|0756|4083CEF0|10675739|0763|C1F00000|10675739|0|0|0|03BC|4104F9EF|10675739||2b76f82c5dd4310ba1ee9c9399e74e16
30|2021-09-26T12:07:22.3790000+01:00|2e2|Circle Of Power|0.00|107401EC|Raesa Velan|107401EC|Raesa Velan|00|96887|96887||350b2b79ae4568c0c0b1d5a19197351f
21|2021-09-26T12:07:22.4230000+01:00|1075A2E4|Niru Summers|2C|Vengeance|1075A2E4|Niru Summers|6407370E|590000|E20E|3900000|0|0|0|0|0|0|0|0|0|0|0|0|100510|153077|10000|10000|0|1000|96.75745|101.4412|-0.0006926591|0.04137821|100510|153077|10000|10000|0|1000|96.75745|101.4412|-0.0006926591|0.04137821|00008BDB|0|d5b9bb18122087d89c28df2bbc94450c
21|2021-09-26T12:07:22.4680000+01:00|40011DEA|Liquid Hand|4979|Unknown_4979|10752D6C|Volkon Vysk|730003|5E450400|0|0|0|0|0|0|0|0|0|0|0|0|0|0|152511|152511|10000|10000|0|1000|100.5604|97.80627|-0.01531982|-1.836923|5110990|12889320|10000|10000|0|1000|99.99231|99.99231|0|0.02145324|00008BDC|0|f041d0a9828f2218e22f38a57af92bb2
31|2021-09-26T12:07:22.4680000+01:00|1068703B|460026|00|00|00|1a53d193ab8fe3033b398efe005a8fad
37|2021-09-26T12:07:22.5130000+01:00|40011DEA|Liquid Hand|00008BD2|5114936|12889320|10000|10000|0||99.99231|99.99231|0|0.02145324||6f64e8489ba29dd34c8e2d1e37a029ef
37|2021-09-26T12:07:22.5130000+01:00|107401EC|Raesa Velan|00008BD2|96887|96887|1400|10000|10||99.7754|100.7225|-0.002554525|-2.582736|1900|0|0|01|100035A3|0|C1F00000|10675739||24d990e6ad27f4039555e84de376c8f0
37|2021-09-26T12:07:22.5130000+01:00|40011DEA|Liquid Hand|00008BD7|5110990|12889320|10000|10000|0||99.99231|99.99231|0|0.02145324||1d32781e181de25dbbf5da1e62e98ad9
37|2021-09-26T12:07:22.5130000+01:00|10752D6C|Volkon Vysk|00008BD7|152511|152511|10000|10000|6||100.5604|97.80627|-0.01531982|-1.836923|2500|0|0|01|0D0035A3|0|C1F00000|10675739||31bfb76c1d99e3d3bcde7fae499a0198
21|2021-09-26T12:07:22.5130000+01:00|107629AA|Joeson Lmoa|08|Shot|40011D69|Living Liquid|720203|150F0000|0|0|0|0|0|0|0|0|0|0|0|0|0|0|4782042|12889320|10000|10000|0|1000|100.1144|97.64246|0|-0.7165239|89096|106059|10000|10000|0|1000|105.4539|94.89516|-0.002576905|-2.3489|00008BDD|0|94085d14cb96d4db8862c04567a6a3cf
38|2021-09-26T12:07:22.5130000+01:00|107629AA|Joeson Lmoa|00505017|89096|106059|10000|10000|9|0|105.4539|94.89516|-0.002576905|-2.3489|0|0|0|0A016D|41F00000|E0000000|0A0168|41F00000|E0000000|28FE0030|451214FF|107629AA|013B|419C3D6B|40011DA6|0|0|0|071E|408CB42D|1068703B|0738|408CB42D|1068703B|0|0|0|0129|41CED6FF|1057B8A2|012B|408374B8|1057B8A2|0756|4065606D|10675739|0763|C1F00000|10675739|0|0|0|03BC|4102D512|10675739||99898146f15b44f969d1ff5bfcd2ec2e
30|2021-09-26T12:07:22.5130000+01:00|75d|The Spear|0.00|10675739|Jasy Heavensong|107629AA|Joeson Lmoa|00|106059|97086||836c1c15d40b987604d352ce4cc840ac
38|2021-09-26T12:07:22.5570000+01:00|10675739|Jasy Heavensong|00505021|88834|97086|8256|10000|11|0|100.6332|102.7999|0|-3.041307|0|0|0|0A0168|41F00000|E0000000|0F016B|41F00000|E0000000|0129|41CF8B38|1057B8A2|28FE0030|451210BB|10675739|0756|40517902|10675739|08A8|407E665D|107629AA|013B|419CF3B1|40011DA6|0347|0|10675739|0|0|0|0|0|0|071E|408701FB|1068703B|0738|408701FB|1068703B|0763|C1F00000|10675739|012B|40820C45|1057B8A2|0|0|0|03BC|410220D9|10675739||bdbe60f92bd586c9d4fb9d5c93160ccb
30|2021-09-26T12:07:22.5570000+01:00|8d|Battle Voice|0.00|107629AA|Joeson Lmoa|10675739|Jasy Heavensong|00|97086|106059||b8af2ac639236f4ea52a3abfcdd9c5ef
31|2021-09-26T12:07:22.6010000+01:00|1068703B|500026|00|00|00|1872f1a7db80e8b10527eca1b24135ec
37|2021-09-26T12:07:22.6460000+01:00|40011DEA|Liquid Hand|00008BD8|5089699|12889320|10000|10000|0||99.99231|99.99231|0|0.1505132|0|0|0|01|0200330C|0|42700000|107ABEEC||5ecdd612571ca2eb2cb7318851dd81fc
26|2021-09-26T12:07:22.6460000+01:00|4cc|Higanbana|60.00|107ABEEC|Greiyan Fletz|40011DEA|Liquid Hand|00|12889320|106544||496ba1302aa56877830e4a1f1030eed2
37|2021-09-26T12:07:22.6460000+01:00|107ABEEC|Greiyan Fletz|00008BD8|101815|106544|10000|10000|9||101.6192|99.65189|0|-1.80554|2200|0|0|01|140035A3|0|C1F00000|10675739||ddad53d6abbc23eda23dd152e2a0029d
37|2021-09-26T12:07:22.6460000+01:00|40011D69|Living Liquid|00008BD6|4754735|12889320|10000|10000|0||100.1144|97.64246|0|-0.7165239||a67f26a2dfbecf2c356a385d54c01f8b
37|2021-09-26T12:07:22.6460000+01:00|107629AA|Joeson Lmoa|00008BD6|89096|106059|10000|10000|9||105.9393|94.32351|-0.001533697|-2.960318|1700|0|0|01|0B0035A3|0|C1F00000|10675739||806df24e6398980c220374f464f6d645
37|2021-09-26T12:07:22.6460000+01:00|40011D69|Living Liquid|00008BD5|4692666|12889320|10000|10000|0||100.1144|97.64246|0|-0.7165239||a8a1d10abd897ce65e1d9a568e81567f
37|2021-09-26T12:07:22.6460000+01:00|1075A2E4|Niru Summers|00008BD5|100510|153077|10000|10000|0||96.75745|101.4625|-0.001291405|-0.2247254|1500|0|0|01|050035A3|0|C1F00000|10675739||c41454ca683a0ade7c1a305c169bb064
21|2021-09-26T12:07:22.6910000+01:00|107ABEEC|Greiyan Fletz|4067|Shoha|40011D69|Living Liquid|710203|58D90000|0|0|0|0|0|0|0|0|0|0|0|0|0|0|4782042|12889320|10000|10000|0|1000|100.1144|97.64246|0|-0.7165239|101815|106544|10000|10000|0|1000|101.6192|99.65189|0|-1.80554|00008BDE|0|7e0e5f01ac28a88232a399344a5d6a7d
38|2021-09-26T12:07:22.6910000+01:00|107401EC|Raesa Velan|00505019|96887|96887|1400|10000|10|0|99.34128|100.0942|-0.01531982|-2.560002|0|0|0|0A016D|41F00000|E0000000|0A0168|41F00000|E0000000|29020030|4593C114|107401EC|0129|41D09FB3|1057B8A2|08A8|4078B42F|107629AA|013B|41979B9E|40011DA6|0|0|0|075E|401B3360|10675739|071E|405A8F2D|1068703B|0738|405A8F2D|1068703B|28F90031|414D57D1|107401EC|A7|411770A5|107401EC|02E1|416AA393|107401EC|0|0|0|012B|407E665D|1057B8A2|0756|4073A611|10675739|0763|C1F00000|10675739|0|0|0|03BC|40FFF7F7|10675739||e67e1357888ef21ce24fe41bf41563ec
30|2021-09-26T12:07:22.6910000+01:00|8d|Battle Voice|0.00|107629AA|Joeson Lmoa|107401EC|Raesa Velan|00|96887|106059||2cb01510e93f5cc18703b5d90f7baf9b
38|2021-09-26T12:07:22.8230000+01:00|1057B8A2|Alex Knightfall|0050501C|94179|97285|8746|10000|17|0|99.86749|95.68231|-0.000678071|3.090477|0|0|0|0A016D|41F00000|E0000000|1E016C|41F00000|E0000000|28FE0030|44DBF10C|1057B8A2|020130|0|1057B8A2|0129|41CB4595|1057B8A2|28FA0031|3FEA5D04|1057B8A2|013B|419BE142|40011DA6|08A8|4070311D|107629AA|0|0|0|071E|4074498F|1068703B|0738|4074498F|1068703B|0|0|0|0798|3E4CCF07|1057B8A2|012B|40730203|1057B8A2|0756|4048E58B|10675739|0763|C1F00000|10675739|0|0|0|03BC|40FBB66D|10675739||92bbf89e1d7828f955c32d2b62dc17ee
30|2021-09-26T12:07:22.8230000+01:00|8d|Battle Voice|0.00|107629AA|Joeson Lmoa|1057B8A2|Alex Knightfall|00|97285|106059||d9c32c430cc23fe807b53baeb4ef5117
38|2021-09-26T12:07:22.8230000+01:00|40011DA6|Eos|00505000|92601|92601|10000|10000|0|0|100.1449|100.0533|0|-1.17174|0|0|0|28FE0030|44DBF10C|1057B8A2|28FA0031|3FEA5D04|1057B8A2|08A8|4070311D|107629AA|0|0|0|071E|402A0C20|1068703B|0756|4048E58B|10675739||32998a6fdba2825b138d9c817cc27c96
30|2021-09-26T12:07:22.8230000+01:00|8d|Battle Voice|0.00|107629AA|Joeson Lmoa|40011DA6|Eos|00|92601|106059||5d2260144de98107a5b20f6f94fe303e
21|2021-09-26T12:07:22.8690000+01:00|107401EC|Raesa Velan|4079|Despair|40011DEA|Liquid Hand|150203|1F174001|33D|438000|1B|40798000|0|0|0|0|0|0|0|0|0|0|5089699|12889320|10000|10000|0|1000|99.99231|99.99231|0|0.4899729|96887|96887|1400|10000|0|1000|98.08692|98.37087|0|-2.485862|00008BDF|0|580101524a1500b266b38cb6f5ae8b99
38|2021-09-26T12:07:22.8690000+01:00|107401EC|Raesa Velan|00505019|96887|96887|0|10000|10|0|98.08692|98.37087|0|-2.485862|0|0|0|0A016D|41F00000|E0000000|0A0168|41F00000|E0000000|29020030|4593BFA8|107401EC|0129|41CF3327|1057B8A2|08A8|406D4FD5|107629AA|013B|41962F12|40011DA6|0|0|0|075E|400FCF06|10675739|071E|404F2AD3|1068703B|0738|404F2AD3|1068703B|28F90031|414A7EBB|107401EC|0|0|0|02E1|4167CA7D|107401EC|0|0|0|012B|40730203|1057B8A2|0756|406841B7|10675739|0763|C1F00000|10675739|0|0|0|03BC|40FA45C9|10675739||42e61fc32822a538d325180c20d6bdd8
30|2021-09-26T12:07:22.8690000+01:00|a7|Swiftcast|0.00|107401EC|Raesa Velan|107401EC|Raesa Velan|00|96887|96887||b077f5a0819b77c8cd560e88cb318bc9
22|2021-09-26T12:07:22.9120000+01:00|1068703B|Tomo Uchuu|3E7C|Bloodshower|40011D69|Living Liquid|720303|8B3D0000|0|0|0|0|0|0|0|0|0|0|0|0|0|0|4692666|12889320|10000|10000|0|1000|100.1144|97.64246|0|-0.7024506|93671|106478|10000|10000|0|1000|100.2442|99.58456|0|-2.628464|00008BE0|0|e76dc2a5cceb909c11fb2d7712001ca2
22|2021-09-26T12:07:22.9120000+01:00|1068703B|Tomo Uchuu|3E7C|Bloodshower|40011DEA|Liquid Hand|720203|2D580000|0|0|0|0|0|0|0|0|0|0|0|0|0|0|5089699|12889320|10000|10000|0|1000|99.99231|99.99231|0|1.212925|93671|106478|10000|10000|0|1000|100.2442|99.58456|0|-2.628464|00008BE0|1|e1865aaa7ad12e8e117b06bfde870672
38|2021-09-26T12:07:22.9120000+01:00|1068703B|Tomo Uchuu|00505026|93671|106478|10000|10000|9|0|100.2442|99.58456|0|-2.628464|0|0|0|14016A|41F00000|E0000000|0A0168|41F00000|E0000000|071F|42700000|1068703B|28FE0030|4512B74C|1068703B|013B|4197F9D4|40011DA6|08A8|4067AE0B|107629AA|0129|41CDC69C|1057B8A2|071D|425FF6EB|1068703B|0737|425FF6EB|1068703B|8D|3D0F57FB|107629AA|071E|4043C674|1068703B|0756|40546AAC|10675739|0|0|0|0|0|0|0763|C1F00000|10675739|0721|4099915D|1068703B|012B|406D6038|1057B8A2|0|0|0|03BC|40F8E587|10675739||49dc5f9a924036e3ac93c898586ea046
26|2021-09-26T12:07:22.9120000+01:00|71f|Closed Position|60.00|1068703B|Tomo Uchuu|1068703B|Tomo Uchuu|00|106478|106478||cd75729f3e19e5ca08e35e6478e835fa
30|2021-09-26T12:07:22.9120000+01:00|719|Flourishing Shower|0.00|1068703B|Tomo Uchuu|1068703B|Tomo Uchuu|00|106478|106478||4ba1e9549a835977cb4bfaba1b3a3cb5
39|2021-09-26T12:07:22.9570000+01:00|10675739|Jasy Heavensong|89804|97086|8520|10000|0|0|100.6332|102.7999|0|-3.041307||47a415bb12acc5d6dde1799b89fa0b4f
39|2021-09-26T12:07:22.9570000+01:00|1075A2E4|Niru Summers|102040|153077|10000|10000|0|0|96.68662|101.6908|-0.01531982|-0.2618692||7d318b44776d6751b58c9cb3ecfb2877
39|2021-09-26T12:07:22.9570000+01:00|10752D6C|Volkon Vysk|152511|152511|10000|10000|0|0|100.4725|96.82272|0|-1.544095||64c5b80116c8622a655e7499f9bd5636
38|2021-09-26T12:07:22.9570000+01:00|1068703B|Tomo Uchuu|00505026|93671|106478|10000|10000|9|0|100.2442|99.58456|0|-2.628464|0|0|0|14016A|41F00000|E0000000|0A0168|41F00000|E0000000|071F|42700000|1068703B|28FE0030|4512B690|1068703B|013B|41979B9F|40011DA6|08A8|4064BC61|107629AA|0129|41CD6867|1057B8A2|071D|425FC7D0|1068703B|0737|425FC7D0|1068703B|0|0|0|071E|4040D4CA|1068703B|0756|40517902|10675739|0|0|0|0|0|0|0763|C1F00000|10675739|0721|40981888|1068703B|012B|406A6E8E|1057B8A2|0|0|0|03BC|40F76CB2|10675739||adc123bbee1a4d20e167fa9a75ece0ad
30|2021-09-26T12:07:22.9570000+01:00|8d|Battle Voice|0.00|107629AA|Joeson Lmoa|1068703B|Tomo Uchuu|00|106478|106059||db9952bc7d5a1e8eaf8df22e6665f21d
37|2021-09-26T12:07:23.0020000+01:00|10752D6C|Volkon Vysk|00008BDC|128378|152511|10000|10000|0||100.4725|96.82272|0|-1.544095|2500|0|0|02|04002E40|0|0|E0000000|0D0041A3|0|C1F00000|10675739||3b106ea1e15bbf23e29d76968d5518d2
24|2021-09-26T12:07:23.0020000+01:00|40011D69|Living Liquid|DoT|0|72E8|4692666|12889320|10000|10000|0|1000|100.1144|97.64246|0|-0.7024506||b5ca76e03794defe83e152acd645a433
36|2021-09-26T12:07:23.0020000+01:00|07BC|3|3c6ca59df060ef1a0da1723e706aad2f
38|2021-09-26T12:07:23.0020000+01:00|40011D69|Living Liquid|00505000|4663250|12889320|10000|10000|0|0|100.1144|97.64246|0|-0.7024506|0|0|0|0767|40B99107|1057B8A2|2804B1|40C50DF5|107629AA|0759|40D1E2FA|10675739|2804B0|410B26BB|107629AA|0A00A3|419D6A73|107401EC|0|0|0|072D|416B53B3|10752D6C|04A9|40349B9A|1075A2E4|072E|412A189E|10752D6C||0b8cb31456b775c1b6821d662652d59b
38|2021-09-26T12:07:23.0020000+01:00|10752D6C|Volkon Vysk|00505025|128378|152511|10000|10000|0|0|100.4725|96.82272|0|-1.544095|0|0|0|14016A|41F00000|E0000000|0A0168|41F00000|E0000000|28FD0030|4513597C|10752D6C|08A8|4061DB19|107629AA|0|0|0|28F60031|4109B618|10752D6C|8D|3D9DB0A6|107629AA|013B|41940829|40011DA6|0727|3F924DB2|10752D6C|0|0|0|071E|404F2ACE|1068703B|0738|404F2ACE|1068703B|012B|40678D46|1057B8A2|0763|C1F00000|10675739|0756|4068521C|10675739|0729|0|10752D6C|0|0|0|03BC|40F5FC0E|10675739||4986f1556859c8dffcdf7354fc23649c
30|2021-09-26T12:07:23.0020000+01:00|129|Galvanize|0.00|1057B8A2|Alex Knightfall|10752D6C|Volkon Vysk|00|152511|97285||19ebfe47654bc07cd375c884c8549bd3
37|2021-09-26T12:07:23.0470000+01:00|1075A2E4|Niru Summers|00008BDB|102040|153077|10000|10000|0||96.64008|101.8325|0|-0.2751278|1500|0|0|03|050035A3|0|C1F00000|10675739|10003A99|64|41700000|1075A2E4|11003290|0|41700000|1075A2E4||a9e8ad630cb8bf96c82f47ab3c07ffe0
26|2021-09-26T12:07:23.0470000+01:00|59|Vengeance|15.00|1075A2E4|Niru Summers|1075A2E4|Niru Summers|64|153077|153077||e87311cdcfc94ae640578289105da697
26|2021-09-26T12:07:23.0470000+01:00|390|Vulnerability Down|15.00|1075A2E4|Niru Summers|1075A2E4|Niru Summers|00|153077|153077||365825b16b0d3ff61ef59037c708de7e
39|2021-09-26T12:07:23.0470000+01:00|1068703B|Tomo Uchuu|94735|106478|10000|10000|0|0|100.2442|99.58456|0|-2.632653||f502a73961a0f903bf9aa01bbf1b6c8a
38|2021-09-26T12:07:23.0470000+01:00|1057B8A2|Alex Knightfall|0050501C|94179|97285|8746|10000|17|0|99.91697|94.09861|0|3.115406|0|0|0|0A016D|41F00000|E0000000|1E016C|41F00000|E0000000|28FE0030|44DBE9E9|1057B8A2|020130|0|1057B8A2|0129|41C97CE1|1057B8A2|28FA0031|3FCDD1C1|1057B8A2|013B|419A188E|40011DA6|08A8|4061EB7B|107629AA|0|0|0|071E|406603ED|1068703B|0738|406603ED|1068703B|0|0|0|0|0|0|012B|4064BC61|1057B8A2|0756|403A9FE9|10675739|0763|C1F00000|10675739|0|0|0|03BC|40F4939B|10675739||a4726b17db73ae251318b50fa53a01c9
30|2021-09-26T12:07:23.0470000+01:00|798|Sacred Soil|0.00|1057B8A2|Alex Knightfall|1057B8A2|Alex Knightfall|00|97285|97285||7125ffb279ec4e14a62d9c10da3712e4
39|2021-09-26T12:07:23.0920000+01:00|107629AA|Joeson Lmoa|90156|106059|10000|10000|0|0|107.6727|92.67868|-0.004360557|2.195298||b9205f38c62558076e55d7efada5b60c
38|2021-09-26T12:07:23.0920000+01:00|10752D6C|Volkon Vysk|00505025|128378|152511|10000|10000|0|0|100.4223|96.63279|-0.003176235|-1.494516|0|0|0|14016A|41F00000|E0000000|0A0168|41F00000|E0000000|28FD0030|45135810|10752D6C|08A8|405C28EC|107629AA|0|0|0|28F60031|4108498D|10752D6C|0|0|0|013B|419351E3|40011DA6|0727|3F86E958|10752D6C|0|0|0|071E|404978A1|1068703B|0738|404978A1|1068703B|012B|4061DB19|1057B8A2|0763|C1F00000|10675739|0756|40629FEF|10675739|0729|0|10752D6C|0|0|0|03BC|40F322F7|10675739||1af32d70eecf9a333f0eeb6f98b52b50
30|2021-09-26T12:07:23.0920000+01:00|8d|Battle Voice|0.00|107629AA|Joeson Lmoa|10752D6C|Volkon Vysk|00|152511|106059||7cccdfed354abacaba2a6d86ffb57a7c
39|2021-09-26T12:07:23.1360000+01:00|107ABEEC|Greiyan Fletz|102880|106544|10000|10000|0|0|101.6611|99.5739|-0.001959381|-2.448127||c30b9fa8bf0e63385535551b8d056d1a
39|2021-09-26T12:07:23.1800000+01:00|1057B8A2|Alex Knightfall|95151|97285|8992|10000|0|0|99.93137|93.9724|-0.002592864|3.124431||7e323a8c415061befd43147051d21113
39|2021-09-26T12:07:23.2250000+01:00|107401EC|Raesa Velan|96887|96887|0|10000|0|0|95.41003|96.21459|-0.001280895|-1.610012||c97e9ee8ece1a952e8dd89c3bec52493
38|2021-09-26T12:07:23.2250000+01:00|107ABEEC|Greiyan Fletz|00505022|102880|106544|10000|10000|9|0|101.6957|99.0472|-0.001873726|-2.556518|0|0|0|0720|42700000|1068703B|14016A|41F00000|E0000000|0A0168|41F00000|E0000000|28FE0030|45120C7B|107ABEEC|013B|4194665E|40011DA6|0104D1|406B129D|107ABEEC|0129|41CD6A73|1057B8A2|0839|425EB564|1068703B|0737|425EB564|1068703B|08A8|405676BE|107629AA|0513|41991F0E|107ABEEC|0|0|0|071E|404978A2|1068703B|0|0|0|0721|408F8512|1068703B|012B|405C28EC|1057B8A2|0512|41CD837B|107ABEEC|0756|4048D528|10675739|03BC|40EED93C|10675739|04E4|4116D925|107ABEEC|0763|C1F00000|10675739||87195195af35f8ed88642f7d8d86be93
30|2021-09-26T12:07:23.2250000+01:00|8d|Battle Voice|0.00|107629AA|Joeson Lmoa|107ABEEC|Greiyan Fletz|00|106544|106059||36be6bd15f7d946119bf21fb97dafad5
37|2021-09-26T12:07:23.2700000+01:00|40011D69|Living Liquid|00008BDE|4640505|12889320|10000|10000|0||100.1144|97.64246|0|-0.6613266||6a663ebf8a2d9492a339ce1b2ed4c333
37|2021-09-26T12:07:23.2700000+01:00|107ABEEC|Greiyan Fletz|00008BDE|102880|106544|10000|10000|9||101.6957|99.0472|-0.001873726|-2.556518|2200|0|0|01|140035A3|0|C1F00000|10675739||d742ee27caf86ef7db1e5751820fba0d
37|2021-09-26T12:07:23.2700000+01:00|40011D69|Living Liquid|00008BDD|4635114|12889320|10000|10000|0||100.1144|97.64246|0|-0.6613266||f7c934b6c21356555bd395b54323182c
37|2021-09-26T12:07:23.2700000+01:00|107629AA|Joeson Lmoa|00008BDD|90156|106059|10000|10000|9||107.3102|93.15086|0|0.8659187|1700|0|0|01|0B0035A3|0|C1F00000|10675739||00c7c1de873c7f52220360fcae7b1732
21|2021-09-26T12:07:23.2700000+01:00|40011D69|Living Liquid|4978|Unknown_4978|1075A2E4|Niru Summers|730003|4E450000|1D|70000|710103|BBFA000|0|0|0|0|0|0|0|0|0|0|102040|153077|10000|10000|0|1000|96.57113|102.0424|-0.0008194188|-0.2935331|4663250|12889320|10000|10000|0|1000|100.1144|97.64246|0|-0.6613266|00008BE1|0|b99968ac3fded9999f647ddc258d21cd
37|2021-09-26T12:07:23.3590000+01:00|40011DEA|Liquid Hand|00008BDF|5016204|12889320|10000|10000|0||99.99231|99.99231|0|3.035171||4d6e5948304ff21578a044a9a0e43d9a
37|2021-09-26T12:07:23.3590000+01:00|107401EC|Raesa Velan|00008BDF|96887|96887|0|10000|10||94.8616|95.8983|-0.0009696566|-1.767331|1900|0|0|01|100035A3|0|C1F00000|10675739||fd85761655be52894a2098259afee514
20|2021-09-26T12:07:23.3590000+01:00|1057B8A2|Alex Knightfall|409D|Broil III|40011DEA|Liquid Hand|2.43|99.95557|93.76009|0|3.139611||8d6118efb59aa246f5de3182e94bd869
21|2021-09-26T12:07:23.3590000+01:00|107629AA|Joeson Lmoa|DE8|Iron Jaws|40011D69|Living Liquid|720003|13BE0000|28C4B10E|4B00000|28C49F0E|4B10000|0|0|0|0|0|0|0|0|0|0|4635114|12889320|10000|10000|0|1000|100.1144|97.64246|0|-0.6560266|90156|106059|10000|10000|0|1000|107.3351|93.15997|-0.001848729|0.4475775|00008BE2|0|d5791058f78e8398ee5df322f307e9e8
20|2021-09-26T12:07:23.3590000+01:00|10675739|Jasy Heavensong|40AB|Malefic IV|40011D69|Living Liquid|1.43|100.6332|102.7999|0|-3.041307||5fbbec8ea122d0601a4b983efba08add
38|2021-09-26T12:07:23.3590000+01:00|1075A2E4|Niru Summers|00505015|102040|153077|10000|10000|0|0|96.53619|102.1487|0|-0.3025426|0|0|0|0A016D|41F00000|E0000000|0A0168|41F00000|E0000000|5B|0|1075A2E4|28FD0030|45137258|1075A2E4|012B|4050C491|1057B8A2|0763|C1F00000|10675739|0|0|0|08A8|404B1264|107629AA|28F60031|412C9751|1075A2E4|5A|41E133B9|1075A2E4|071E|406BD6E9|1068703B|0738|406BD6E9|1068703B|0756|405A0C7B|10675739|3204C4|4229AB19|1057B8A2|03BC|40EA97B2|10675739|013B|4198AC03|40011DA6|640059|416A4DD3|1075A2E4|0390|416A4DD3|1075A2E4||8c18f9b779a74a40a8fbe9e9bd19881e
30|2021-09-26T12:07:23.3590000+01:00|8d|Battle Voice|0.00|107629AA|Joeson Lmoa|1075A2E4|Niru Summers|00|153077|106059||ce30f513291dc1264e744f634d0c6dd9
37|2021-09-26T12:07:23.4030000+01:00|10675739|Jasy Heavensong|00008BDA|97086|97086|8520|10000|11||100.6332|102.7999|0|-3.041307|2100|0|0|02|08003184|0|41700000|10675739|0C0041A3|0|41F00000|10675739||e117da42c2c6720789784b48999a7612
26|2021-09-26T12:07:23.4030000+01:00|344|Aspected Helios|15.00|10675739|Jasy Heavensong|10675739|Jasy Heavensong|00|97086|97086||8f8980e1bf497484b5547f3093b5c12e
38|2021-09-26T12:07:23.4030000+01:00|10675739|Jasy Heavensong|00505021|97086|97086|8520|10000|11|0|100.6332|102.7999|0|-3.041307|0|0|0|0A0168|41F00000|E0000000|0F016B|41F00000|E0000000|0129|41C8C48F|1057B8A2|28FE0030|45120333|10675739|0756|401B43C1|10675739|08A8|4048311C|107629AA|013B|41962D08|40011DA6|0347|0|10675739|0344|416F47AE|10675739|0|0|0|071E|4057CEB3|1068703B|0738|4057CEB3|1068703B|0763|41EFA3D7|10675739|012B|404DE349|1057B8A2|0|0|0|03BC|40E9270E|10675739||f2e6519756a3cc7c163beae3d0b37954
21|2021-09-26T12:07:23.4470000+01:00|107ABEEC|Greiyan Fletz|1D39|Gekko|40011D69|Living Liquid|4F710303|B0A50000|23D|B88000|0|0|0|0|0|0|0|0|0|0|0|0|4635114|12889320|10000|10000|0|1000|100.1144|97.64246|0|-0.6560266|102880|106544|10000|10000|0|1000|101.6972|98.21682|-0.001455239|-2.789878|00008BE3|0|a80ac8c8ac076e23ca9ab80a13a5061c
38|2021-09-26T12:07:23.4470000+01:00|107ABEEC|Greiyan Fletz|00505022|102880|106544|10000|10000|9|0|101.6972|98.21682|-0.001455239|-2.789878|0|0|0|0720|42700000|1068703B|14016A|41F00000|E0000000|0A0168|41F00000|E0000000|28FE0030|451208EF|107ABEEC|013B|41929FB6|40011DA6|0|0|0|0129|41CBA3CB|1057B8A2|0839|425DD212|1068703B|0737|425DD212|1068703B|08A8|4048417E|107629AA|0513|41975866|107ABEEC|0|0|0|071E|403B4362|1068703B|0|0|0|0721|40886A71|1068703B|012B|404DF3AC|1057B8A2|0512|41CBBCD3|107ABEEC|0756|403A9FE8|10675739|03BC|40E7BE9B|10675739|04E4|41134BD5|107ABEEC|0763|C1F00000|10675739||689779af8d6f1f4a5d0206e8f597bb1f
30|2021-09-26T12:07:23.4470000+01:00|4d1|Meikyo Shisui|0.00|107ABEEC|Greiyan Fletz|107ABEEC|Greiyan Fletz|01|106544|106544||fba8b47f1e34fd3a8f3c935ed59f6172
31|2021-09-26T12:07:23.4920000+01:00|1068703B|5A0026|00|00|00|1b156fb30dabe2e085322209e4d3b6be
37|2021-09-26T12:07:23.5370000+01:00|107401EC|Raesa Velan|00008BDA|96887|96887|0|10000|10||94.39074|95.62672|-0.003918261|-1.902404|1901|0|0|02|06003184|0|41700000|10675739|100041A3|0|41F00000|10675739||565a04feb310f777ebcc102fdcd6120f
26|2021-09-26T12:07:23.5370000+01:00|344|Aspected Helios|15.00|10675739|Jasy Heavensong|107401EC|Raesa Velan|00|96887|97086||b0243c13486a1228d2c6180a81f4ed3b
37|2021-09-26T12:07:23.5370000+01:00|40011D69|Living Liquid|00008BE0|4599469|12889320|10000|10000|0||100.1144|97.64246|0|-0.6560266||4746953379f73acc11b1e255ec9cc755
37|2021-09-26T12:07:23.5370000+01:00|1068703B|Tomo Uchuu|00008BE0|94735|106478|10000|10000|9||100.4691|100.2862|0|-2.938435|2600|0|0|01|0E0035A3|0|C1F00000|10675739||c5d68e16c79a3a2abc4a02f0ece95728
24|2021-09-26T12:07:23.5370000+01:00|40011DEA|Liquid Hand|DoT|0|3C7C|5016204|12889320|10000|10000|0|1000|99.99231|99.99231|0|3.035171||ee8995fea490d349eab2cc444fd1aa1c
21|2021-09-26T12:07:23.5370000+01:00|1075A2E4|Niru Summers|07|Attack|40011D69|Living Liquid|710003|110C0000|0|0|0|0|0|0|0|0|0|0|0|0|0|0|4635114|12889320|10000|10000|0|1000|100.1144|97.64246|0|-0.6560266|102040|153077|10000|10000|0|1000|96.51137|102.2243|-0.002217804|-0.3089438|00008BE4|0|225251f0261423841cfe58a9eecf1ca6
38|2021-09-26T12:07:23.5370000+01:00|107401EC|Raesa Velan|00505019|96887|96887|0|10000|10|0|94.39074|95.62672|-0.003918261|-1.902404|0|0|0|0A016D|41F00000|E0000000|0A0168|41F00000|E0000000|29020030|4593BA52|107401EC|0129|41C9DB16|1057B8A2|08A8|40428F51|107629AA|013B|4190D701|40011DA6|0344|416F4BC7|10675739|075E|3FCA1D07|10675739|071E|40246A4F|1068703B|0738|40246A4F|1068703B|28F90031|413FCE9B|107401EC|0|0|0|02E1|415D1A5D|107401EC|0|0|0|012B|4048417F|1057B8A2|0756|403D8133|10675739|0763|41EFA5E3|10675739|0|0|0|03BC|40E4E584|10675739||1bc70d54dd966ce2e18feeb785533f28
38|2021-09-26T12:07:23.5370000+01:00|40011DEA|Liquid Hand|00505000|5000720|12889320|10000|10000|0|0|99.99231|99.99231|0|3.035171|0|0|0|072E|411F687F|10752D6C|0767|41DFF5BD|1057B8A2|04CC|426C4297|107ABEEC||f28fe90249d73238b826ebd793e4c5d4
37|2021-09-26T12:07:23.6710000+01:00|1068703B|Tomo Uchuu|00008BDA|103243|106478|10000|10000|9||100.485|100.3645|0|3.131122|2602|0|0|02|09003184|0|41700000|10675739|0E0041A3|0|41F00000|10675739||e4080a4e074b379c30e8128d22b196c1
26|2021-09-26T12:07:23.6710000+01:00|344|Aspected Helios|15.00|10675739|Jasy Heavensong|1068703B|Tomo Uchuu|00|106478|97086||ce32a4c53283fc9486775f91db0953b5
37|2021-09-26T12:07:23.6710000+01:00|40011DEA|Liquid Hand|00008BE0|4989112|12889320|10000|10000|0||99.99231|99.99231|0|3.035171|01|0|0|0||799a934e6f6bb87edd13bd0c947e9847
21|2021-09-26T12:07:23.6710000+01:00|107401EC|Raesa Velan|9D|Manaward|107401EC|Raesa Velan|8A0E|A80000|0|0|0|0|0|0|0|0|0|0|0|0|0|0|96887|96887|0|10000|0|1000|93.85264|95.32155|-0.001337519|-1.958861|96887|96887|0|10000|0|1000|93.85264|95.32155|-0.001337519|-1.958861|00008BE5|0|be8992965690fbeebdf9669102ccecb8
21|2021-09-26T12:07:23.6710000+01:00|1068703B|Tomo Uchuu|07|Attack|40011DEA|Liquid Hand|720003|126F0000|0|0|0|0|0|0|0|0|0|0|0|0|0|0|5000720|12889320|10000|10000|0|1000|99.99231|99.99231|0|3.035171|94735|106478|10000|10000|0|1000|100.485|100.3645|0|3.131122|00008BE6|0|181320514abd40a3f706ff374269791d
38|2021-09-26T12:07:23.6710000+01:00|1068703B|Tomo Uchuu|00505026|103243|106478|10000|10000|9|0|100.485|100.3645|0|3.131122|0|0|0|14016A|41F00000|E0000000|0A0168|41F00000|E0000000|071F|42700000|1068703B|28FE0030|4512AB28|1068703B|013B|4191E558|40011DA6|08A8|40370A33|107629AA|0129|41C7B220|1057B8A2|071D|425CECB3|1068703B|0737|425CECB3|1068703B|0344|416F4396|10675739|071E|4013229C|1068703B|0756|4023C6D4|10675739|0|0|0|0|0|0|0763|41EFA1CB|10675739|0721|40813F6E|1068703B|012B|403CBC60|1057B8A2|0|0|0|03BC|40E09398|10675739||409daaa59642faab1ea126acfe9a5acb
37|2021-09-26T12:07:23.8040000+01:00|107ABEEC|Greiyan Fletz|00008BDA|106544|106544|10000|10000|9||101.6908|96.52972|-0.001851517|-0.7944106|2203|0|0|02|05003184|0|41700000|10675739|140041A3|0|41F00000|10675739||f6f6d36fe7bc30c160c76248e40c38c7
26|2021-09-26T12:07:23.8040000+01:00|344|Aspected Helios|15.00|10675739|Jasy Heavensong|107ABEEC|Greiyan Fletz|00|106544|97086||c953fdc5403f8769eed8e9287ee41342
37|2021-09-26T12:07:23.8040000+01:00|1075A2E4|Niru Summers|00008BE1|82003|153077|10000|10000|0||96.48267|102.3116|0|-0.3235458|1500|0|0|01|050035A3|0|C1F00000|10675739||0c78acb6dd8b595fe6494abe40c08f11
37|2021-09-26T12:07:23.8040000+01:00|40011D69|Living Liquid|00008BE1|4596462|12889320|10000|10000|0||100.1144|97.64246|0|-0.6560266||8755610b076cc07f6441846798890e64
38|2021-09-26T12:07:23.8040000+01:00|107ABEEC|Greiyan Fletz|00505022|106544|106544|10000|10000|9|0|101.6908|96.52972|-0.001851517|-0.7944106|0|0|0|0720|42700000|1068703B|14016A|41F00000|E0000000|0A0168|41F00000|E0000000|28FE0030|4512033B|107ABEEC|013B|418FC493|40011DA6|0344|416F4BC7|10675739|0129|41C8C8A8|1057B8A2|0839|425C6482|1068703B|0737|425C6482|1068703B|08A8|40316868|107629AA|0513|41947D43|107ABEEC|0|0|0|071E|40246A4C|1068703B|0|0|0|0721|4079FBCA|1068703B|012B|40371A96|1057B8A2|0512|41C8E1B0|107ABEEC|0756|4023C6D2|10675739|03BC|40DC520E|10675739|04E4|410D9591|107ABEEC|0763|41EFA5E3|10675739||8c9414765b3e707a3a463e9ce7a4b51a
37|2021-09-26T12:07:23.9390000+01:00|1057B8A2|Alex Knightfall|00008BDA|97285|97285|8992|10000|17||99.96179|93.70557|0|0.000143528|1C04|0|0|02|08003184|0|41700000|10675739|0F0041A3|0|41F00000|10675739||0b46efb3e03bf35caceae67f9252162d
26|2021-09-26T12:07:23.9390000+01:00|344|Aspected Helios|15.00|10675739|Jasy Heavensong|1057B8A2|Alex Knightfall|00|97285|97086||110e11acec18a063fd38981ecb43df56
22|2021-09-26T12:07:23.9400000+01:00|10752D6C|Volkon Vysk|3F15|Demon Slaughter|40011D69|Living Liquid|3C710003|230A0000|13D|ED8000|11B|3F158000|0|0|0|0|0|0|0|0|0|0|4596462|12889320|10000|10000|0|1000|100.1144|97.64246|0|-0.6560266|128378|152511|10000|10000|0|1000|100.3585|96.39124|0|-1.431466|00008BE7|0|1d80074f3c422820e01d24d8c08f9398
22|2021-09-26T12:07:23.9400000+01:00|10752D6C|Volkon Vysk|3F15|Demon Slaughter|40011DEA|Liquid Hand|3C710003|24000000|0|0|0|0|0|0|0|0|0|0|0|0|0|0|4989112|12889320|10000|10000|0|1000|99.99231|99.99231|0|3.035171|128378|152511|10000|10000|0|1000|100.3585|96.39124|0|-1.431466|00008BE7|1|7b1db9ba23b5527fc062e7624bcfe8f6
38|2021-09-26T12:07:23.9400000+01:00|1057B8A2|Alex Knightfall|0050501C|97285|97285|8992|10000|17|0|99.96179|93.70557|0|0.000143528|0|0|0|0A016D|41F00000|E0000000|1E016C|41F00000|E0000000|28FE0030|44DBCD54|1057B8A2|020130|0|1057B8A2|0129|41C25803|1057B8A2|28FA0031|3F3707DF|1057B8A2|013B|4192F3B0|40011DA6|08A8|4028C490|107629AA|0344|416F47AE|10675739|071E|402CDD02|1068703B|0738|402CDD02|1068703B|0|0|0|0|0|0|012B|402B9576|1057B8A2|0756|400178FE|10675739|0763|41EFA3D7|10675739|0|0|0|03BC|40D80022|10675739||2d306eccb9d368afc2a4c16d5c6c295f
31|2021-09-26T12:07:23.9400000+01:00|1068703B|640026|00|1057B800|13B|a41a769aa4c9b6cfb11c077900bc5f0e
37|2021-09-26T12:07:23.9830000+01:00|40011D69|Living Liquid|00008BE2|4591408|12889320|10000|10000|0||100.1144|97.64246|0|-0.6560266|0|0|0|02|010032F1|28|41F00000|107629AA|03003EF0|28|41F00000|107629AA||617894269f73b68eaf9120c98c52b01b
26|2021-09-26T12:07:23.9830000+01:00|4b1|Stormbite|30.00|107629AA|Joeson Lmoa|40011D69|Living Liquid|28|12889320|106059||562d8812434e9dbf6149f0e9768f04fd
26|2021-09-26T12:07:23.9830000+01:00|4b0|Caustic Bite|30.00|107629AA|Joeson Lmoa|40011D69|Living Liquid|28|12889320|106059||8d81376cb7867ecd4e54016740fd22cf
37|2021-09-26T12:07:23.9830000+01:00|107629AA|Joeson Lmoa|00008BE2|90156|106059|10000|10000|9||107.4358|93.15625|-0.003623081|-2.968603|1700|0|0|01|0B0035A3|0|C1F00000|10675739||ab991ec3a4444341fcfeaa98c0af48ac
37|2021-09-26T12:07:24.0740000+01:00|1075A2E4|Niru Summers|00008BDA|90276|153077|10000|10000|0||96.48267|102.3116|0|-0.3451341|1505|0|0|02|050035A3|0|41F00000|10675739|06003D84|0|41700000|10675739||bf6cb91a305737b5411dac2245e28ff6
26|2021-09-26T12:07:24.0740000+01:00|344|Aspected Helios|15.00|10675739|Jasy Heavensong|1075A2E4|Niru Summers|00|153077|97086||750548778887183f22263d2c06cfed9f
37|2021-09-26T12:07:24.0740000+01:00|40011D69|Living Liquid|00008BE4|4587044|12889320|10000|10000|0||100.1144|97.64246|0|-0.6560266||870fc9919f2920d2bc013c6fa13d6769
21|2021-09-26T12:07:24.0740000+01:00|1075A2E4|Niru Summers|1F|Heavy Swing|40011D69|Living Liquid|710003|1A9B0000|1B|1F8000|0|0|0|0|0|0|0|0|0|0|0|0|4591408|12889320|10000|10000|0|1000|100.1144|97.64246|0|-0.6560266|82003|153077|10000|10000|0|1000|96.48267|102.3116|0|-0.3451341|00008BE8|0|0d27c26aad493973d7681fc2b910982a
38|2021-09-26T12:07:24.0740000+01:00|1075A2E4|Niru Summers|00505015|90276|153077|10000|10000|0|0|96.48267|102.3116|0|-0.3451341|0|0|0|0A016D|41F00000|E0000000|0A0168|41F00000|E0000000|5B|0|1075A2E4|28FD0030|451366E8|1075A2E4|012B|4022F19F|1057B8A2|0763|41EFA1CB|10675739|0344|416F4396|10675739|08A8|401D3F72|107629AA|28F60031|41212297|1075A2E4|5A|41DB795A|1075A2E4|071E|403E03F7|1068703B|0738|403E03F7|1068703B|0756|402C3989|10675739|3204C4|4226CDEE|1057B8A2|03BC|40D3AE36|10675739|013B|4192F1A4|40011DA6|640059|415ED919|1075A2E4|0390|415ED919|1075A2E4||e7d3f0235a89b219bd797a09e5cbb260
38|2021-09-26T12:07:24.1620000+01:00|10752D6C|Volkon Vysk|00505025|128378|152511|10000|10000|0|0|100.3585|96.39124|0|-1.431466|0|0|0|14016A|41F00000|E0000000|0A0168|41F00000|E0000000|28FD0030|451346F4|10752D6C|08A8|40179DA7|107629AA|0|0|0|28F60031|40EE4D76|10752D6C|0|0|0|013B|418AC07A|40011DA6|0|0|0|0|0|0|071E|4004ED5C|1068703B|0738|4004ED5C|1068703B|012B|401D4FD4|1057B8A2|0763|C1F00000|10675739|0756|401E14AA|10675739|0729|0|10752D6C|0|0|0|03BC|40D0DD50|10675739||84fb9edc0386acea5a13ea67bf4b6c7c
30|2021-09-26T12:07:24.1620000+01:00|727|No Mercy|0.00|10752D6C|Volkon Vysk|10752D6C|Volkon Vysk|00|152511|152511||3f3d953e3cda6c7e79acc5f256b198e8
37|2021-09-26T12:07:24.2070000+01:00|40011D69|Living Liquid|00008BE3|4541823|12889320|10000|10000|0||100.1144|97.64246|0|-0.6560266||51b72011bef739fbd8c044612a0df192
37|2021-09-26T12:07:24.2070000+01:00|10752D6C|Volkon Vysk|00008BDA|136532|152511|10000|10000|0||100.3585|96.39124|0|-1.431466|2506|0|0|02|04003184|0|41700000|10675739|0D0041A3|0|41F00000|10675739||cee7c61a67bd0397b6e651e8f730c7c9
26|2021-09-26T12:07:24.2070000+01:00|344|Aspected Helios|15.00|10675739|Jasy Heavensong|10752D6C|Volkon Vysk|00|152511|97086||36c9e9b4c657642415146f24a54adc71
37|2021-09-26T12:07:24.2070000+01:00|40011DEA|Liquid Hand|00008BE6|4984393|12889320|10000|10000|0||99.99231|99.99231|0|3.035171||44a21173ff92c4d1fb9a9fc71fb3cc40
38|2021-09-26T12:07:24.2070000+01:00|10752D6C|Volkon Vysk|00505025|136532|152511|10000|10000|0|0|100.3585|96.39124|0|-1.431466|0|0|0|14016A|41F00000|E0000000|0A0168|41F00000|E0000000|28FD0030|45134640|10752D6C|08A8|4014CCC2|107629AA|0344|416F4BC7|10675739|28F60031|40ECE503|10752D6C|0|0|0|013B|418A665D|40011DA6|0|0|0|0|0|0|071E|40021C77|1068703B|0738|40021C77|1068703B|012B|401A7EEF|1057B8A2|0763|41EFA5E3|10675739|0756|401B43C5|10675739|0729|0|10752D6C|0|0|0|03BC|40CF74DD|10675739||b700e7775df49862193a44673fd3032b
21|2021-09-26T12:07:24.2510000+01:00|10675739|Jasy Heavensong|40AB|Malefic IV|40011D69|Living Liquid|750003|3E5B0000|1B|40AB8000|0|0|0|0|0|0|0|0|0|0|0|0|4541823|12889320|10000|10000|0|1000|100.1144|97.64246|0|-0.6560266|97086|97086|8520|10000|0|1000|100.6332|102.7999|0|-3.041307|00008BE9|0|ed4b3a4c87741d02ccf02e752577189c
37|2021-09-26T12:07:24.3390000+01:00|107629AA|Joeson Lmoa|00008BDA|98630|106059|10000|10000|9||107.7836|93.12341|-0.001454949|2.339783|1707|0|0|02|04003184|0|41700000|10675739|0B0041A3|0|41F00000|10675739||9ee98c9aeb6489d28c00c466d6dcadc4
26|2021-09-26T12:07:24.3390000+01:00|344|Aspected Helios|15.00|10675739|Jasy Heavensong|107629AA|Joeson Lmoa|00|106059|97086||b99dd89db10a61ad30843cb9497a7057
26|2021-09-26T12:07:24.3390000+01:00|763|Horoscope Helios|30.00|10675739|Jasy Heavensong|107629AA|Joeson Lmoa|00|106059|97086||cd1cbab33f6d23028edac79ee8ecf16f
21|2021-09-26T12:07:24.3400000+01:00|107ABEEC|Greiyan Fletz|07|Attack|40011D69|Living Liquid|710003|12A70000|0|0|0|0|0|0|0|0|0|0|0|0|0|0|4541823|12889320|10000|10000|0|1000|100.1144|97.64246|0|-0.6560266|106544|106544|10000|10000|0|1000|100.0101|97.42243|-0.001526583|-0.9056589|00008BEA|0|e1bcada58b40a2a315a058dc9b0d482a
38|2021-09-26T12:07:24.3400000+01:00|107629AA|Joeson Lmoa|00505017|98630|106059|10000|10000|9|0|107.9104|93.11133|-0.0024148|2.025317|0|0|0|0A016D|41F00000|E0000000|0A0168|41F00000|E0000000|28FE0030|4511F7CF|107629AA|013B|418D9FB6|40011DA6|0344|416F4BC7|10675739|071E|40247AC4|1068703B|0738|40247AC4|1068703B|0|0|0|0129|41C0394A|1057B8A2|012B|4011FBDD|1057B8A2|0756|3FE0E5B5|10675739|0763|41EFA5E3|10675739|0|0|0|03BC|40CB3353|10675739||ffd9e9ba97418fb0f4d7edb3ed6b6264
24|2021-09-26T12:07:24.4740000+01:00|10675739|Jasy Heavensong|HoT|0|391D|97086|97086|8120|10000|0|1000|100.6332|102.7999|0|-3.041307||a3e7f4a76a123d002e5e73a3675499f7
24|2021-09-26T12:07:24.4740000+01:00|1075A2E4|Niru Summers|HoT|0|2F1E|90276|153077|10000|10000|0|1000|96.48267|102.3116|0|0.4410257||6194f4691c24080daa2cff1b9e55f96e
24|2021-09-26T12:07:24.4740000+01:00|10752D6C|Volkon Vysk|HoT|0|390E|136532|152511|10000|10000|0|1000|100.3383|96.35078|-0.001493151|-1.431466||85703500fa811287d63fb3f31adc0a23
21|2021-09-26T12:07:24.4740000+01:00|107401EC|Raesa Velan|DF6|Sharpcast|107401EC|Raesa Velan|E|3630000|0|0|0|0|0|0|0|0|0|0|0|0|0|0|96887|96887|0|10000|0|1000|88.85091|92.49531|-0.01531982|-2.082371|96887|96887|0|10000|0|1000|88.85091|92.49531|-0.01531982|-2.082371|00008BEB|0|2001851ff5a7203e09a7734cec2c74a8
38|2021-09-26T12:07:24.4740000+01:00|107401EC|Raesa Velan|00505019|96887|96887|0|10000|10|0|88.85091|92.49531|-0.01531982|-2.082371|0|0|0|0A016D|41F00000|E0000000|0A0168|41F00000|E0000000|29020030|4593B2D6|107401EC|0129|41C25C1B|1057B8A2|08A8|40069782|107629AA|013B|41895806|40011DA6|0344|41604DD6|10675739|075E|3F245AD5|10675739|071E|3FD0E500|1068703B|0738|3FD0E500|1068703B|28F90031|4130D0AA|107401EC|0363|C1700000|107401EC|02E1|414E1C6C|107401EC|0|0|0|012B|400C49B0|1057B8A2|0756|40018964|10675739|0763|41E826E8|10675739|0|0|0|03BC|40C6E998|10675739||8dfb916c6c769f50d12520481b8cad4f
26|2021-09-26T12:07:24.4740000+01:00|363|Sharpcast|15.00|107401EC|Raesa Velan|107401EC|Raesa Velan|00|96887|96887||0fb0e5e4ab50130a8fcc8e2ed5ec760c
38|2021-09-26T12:07:24.4740000+01:00|10675739|Jasy Heavensong|00505021|97086|97086|8120|10000|11|0|100.6332|102.7999|0|-3.041307|0|0|0|0A0168|41F00000|E0000000|0F016B|41F00000|E0000000|0129|41C03531|1057B8A2|28FE0030|4511F21B|10675739|0756|3FAD91C3|10675739|08A8|4003B63B|107629AA|013B|418D9DAA|40011DA6|0347|0|10675739|0344|415E28F9|10675739|0|0|0|071E|401353D2|1068703B|0738|401353D2|1068703B|0763|41E71479|10675739|012B|40096868|1057B8A2|0|0|0|03BC|40C6E998|10675739||c530cd80caec6eac3cd4e7787a4ceeaf
38|2021-09-26T12:07:24.4740000+01:00|1075A2E4|Niru Summers|00505015|102338|153077|10000|10000|0|0|96.48267|102.3116|0|0.4410257|0|0|0|0A016D|41F00000|E0000000|0A0168|41F00000|E0000000|5B|0|1075A2E4|28FD0030|45136088|1075A2E4|012B|40096868|1057B8A2|0763|41EC70A3|10675739|0344|4168E149|10675739|08A8|4003B63B|107629AA|28F60031|411AC04A|1075A2E4|5A|41D84832|1075A2E4|071E|40247AC0|1068703B|0738|40247AC0|1068703B|0756|4012B052|10675739|3204C4|4225355E|1057B8A2|03BC|40C6E998|10675739|013B|418FC07C|40011DA6|640059|415876CC|1075A2E4|0390|415876CC|1075A2E4||922d5aba1861ba35ccc467c8ef278c8e
38|2021-09-26T12:07:24.4740000+01:00|10752D6C|Volkon Vysk|00505025|151138|152511|10000|10000|0|0|100.3383|96.35078|-0.001493151|-1.431466|0|0|0|14016A|41F00000|E0000000|0A0168|41F00000|E0000000|28FD0030|451341FC|10752D6C|08A8|4003B63B|107629AA|0344|416B0626|10675739|28F60031|40E459BE|10752D6C|0|0|0|013B|4188438B|40011DA6|0|0|0|0|0|0|071E|3FE20BE0|1068703B|0738|3FE20BE0|1068703B|012B|40096868|1057B8A2|0763|41ED8311|10675739|0756|400A2D3E|10675739|0729|0|10752D6C|0|0|0|03BC|40C6E998|10675739||85a020061b2212941ea17be693d07332
37|2021-09-26T12:07:24.5620000+01:00|40011D69|Living Liquid|00008BE7|4532853|12889320|10000|10000|0||100.1144|97.64246|0|-0.6560266||761e4dc321cb173750aa40f77d430f56
24|2021-09-26T12:07:24.5620000+01:00|1068703B|Tomo Uchuu|HoT|0|3125|103243|106478|10000|10000|0|1000|102.4101|101.8827|0|2.320591||c66b5dbfb60f89645745644853c156c9
38|2021-09-26T12:07:24.5620000+01:00|1068703B|Tomo Uchuu|00505026|106478|106478|10000|10000|9|0|102.4101|101.8827|0|2.320591|0|0|0|14016A|41F00000|E0000000|0A0168|41F00000|E0000000|071F|42700000|1068703B|28FE0030|45129CEC|1068703B|013B|418AC492|40011DA6|08A8|3FFC081B|107629AA|0129|41C0915A|1057B8A2|071D|42595C57|1068703B|0737|42595C57|1068703B|0344|4161020F|10675739|071E|3FB438EE|1068703B|0756|3FD5815E|10675739|0|0|0|0|0|0|0763|41E88105|10675739|0721|404978B7|1068703B|012B|4003B63B|1057B8A2|0|0|0|03BC|40C41081|10675739||e568af9eee43add0d9d99676e489f48e
37|2021-09-26T12:07:24.6070000+01:00|40011D69|Living Liquid|00008BE8|4526042|12889320|10000|10000|0||100.1144|97.64246|0|-0.6485409||9982b5590a5c5602c65b8b638f4bf8d5
24|2021-09-26T12:07:24.6070000+01:00|107629AA|Joeson Lmoa|HoT|0|3BE8|98630|106059|10000|10000|0|1000|107.9751|93.09521|-0.001921986|-2.846939||a86c44db0d3a4d8d5a6bd9df63df5b61
38|2021-09-26T12:07:24.6070000+01:00|107ABEEC|Greiyan Fletz|00505022|106544|106544|10000|10000|9|0|99.11932|98.54988|-0.001011899|-0.7827874|0|0|0|0720|42700000|1068703B|14016A|41F00000|E0000000|0A0168|41F00000|E0000000|28FE0030|4511F667|107ABEEC|013B|41895806|40011DA6|0344|416272B2|10675739|0129|41C25C1B|1057B8A2|0839|42592E43|1068703B|0737|42592E43|1068703B|08A8|40A00000|107629AA|0513|418E10B6|107ABEEC|0|0|0|071E|3FE20BE4|1068703B|0|0|0|0721|4046976F|1068703B|012B|4003B63B|1057B8A2|0512|41C27523|107ABEEC|0756|3FE0C4F0|10675739|03BC|40C29FDD|10675739|04E4|4100BC7C|107ABEEC|0763|41E93956|10675739||020841cebec9bd0c84dee3792b1c3ff3
26|2021-09-26T12:07:24.6070000+01:00|720|Dance Partner|60.00|1068703B|Tomo Uchuu|107ABEEC|Greiyan Fletz|00|106544|106478||921e061479f00f03c178dc3d451ce92a
26|2021-09-26T12:07:24.6070000+01:00|8a8|The Wanderer's Minuet|5.00|107629AA|Joeson Lmoa|107ABEEC|Greiyan Fletz|00|106544|106059||c7edefd493cf28cf66b5e027d85d90cb
38|2021-09-26T12:07:24.6070000+01:00|107401EC|Raesa Velan|00505019|96887|96887|0|10000|10|0|88.24126|92.23003|0|-1.872779|0|0|0|0A016D|41F00000|E0000000|0A0168|41F00000|E0000000|29020030|4593B1C4|107401EC|0129|41C149AC|1057B8A2|08A8|40A00000|107629AA|013B|41884597|40011DA6|0344|415E28F9|10675739|075E|3F020D01|10675739|071E|3FBFBE17|1068703B|0738|3FBFBE17|1068703B|28F90031|412EABCD|107401EC|0363|C1700000|107401EC|02E1|414BF78F|107401EC|0|0|0|012B|4003B63B|1057B8A2|0756|3FF1EBDF|10675739|0763|41E71479|10675739|0|0|0|03BC|40C29FDD|10675739||8c638868681e40dc270b9a0c70a54ea6
26|2021-09-26T12:07:24.6070000+01:00|8a8|The Wanderer's Minuet|5.00|107629AA|Joeson Lmoa|107401EC|Raesa Velan|00|96887|106059||78ec9201719a3bc541844eedd83a9035
38|2021-09-26T12:07:24.6070000+01:00|1057B8A2|Alex Knightfall|0050501C|97285|97285|8992|10000|17|0|99.96179|93.70557|0|0.000143528|0|0|0|0A016D|41F00000|E0000000|1E016C|41F00000|E0000000|28FE0030|44DBB7F4|1057B8A2|020130|0|1057B8A2|0129|41BCFFF1|1057B8A2|28FA0031|3D405D2C|1057B8A2|013B|418D9B9E|40011DA6|08A8|40A00000|107629AA|0344|4164978F|10675739|071E|40021C7F|1068703B|0738|40021C7F|1068703B|0|0|0|0|0|0|012B|4000D4F3|1057B8A2|0756|3FAD70F7|10675739|0763|41EA4BC5|10675739|0|0|0|03BC|40C29FDD|10675739||49893f7c755059597fcb491e80a3cd42
26|2021-09-26T12:07:24.6070000+01:00|8a8|The Wanderer's Minuet|5.00|107629AA|Joeson Lmoa|1057B8A2|Alex Knightfall|00|97285|106059||d39b65d0f99a1c1f0bc2f2d6a9e34ff8
38|2021-09-26T12:07:24.6070000+01:00|40011DA6|Eos|00505000|92601|92601|10000|10000|0|0|100.1449|100.0533|0|-3.123281|0|0|0|28FE0030|44DBB7F4|1057B8A2|28FA0031|3D405D2C|1057B8A2|08A8|40A00000|107629AA|0|0|0|071E|3F5F7C45|1068703B|0756|3FAD70F7|10675739||8d43a17994bc72d8c86ab63c718688d4
26|2021-09-26T12:07:24.6070000+01:00|8a8|The Wanderer's Minuet|5.00|107629AA|Joeson Lmoa|40011DA6|Eos|00|92601|106059||eab4b723db87cae14cc73783ce7bffc6
38|2021-09-26T12:07:24.6070000+01:00|107629AA|Joeson Lmoa|00505017|106059|106059|10000|10000|9|0|107.9751|93.09521|-0.001921986|-2.846939|0|0|0|0A016D|41F00000|E0000000|0A0168|41F00000|E0000000|28FE0030|4511F387|107629AA|013B|418B7AD8|40011DA6|0344|416B020D|10675739|071E|401353DA|1068703B|0738|401353DA|1068703B|0|0|0|0129|41BE146C|1057B8A2|012B|4000D4F3|1057B8A2|0756|3FBE97E3|10675739|0763|41ED8105|10675739|0|0|0|03BC|40C29FDD|10675739||48e11e3969fd77d5e9719f174c8c5c28
38|2021-09-26T12:07:24.6070000+01:00|10675739|Jasy Heavensong|00505021|97086|97086|8120|10000|11|0|100.6332|102.7999|0|-3.041307|0|0|0|0A0168|41F00000|E0000000|0F016B|41F00000|E0000000|0129|41BF22C2|1057B8A2|28FE0030|4511EFF7|10675739|0756|3F9C6ADA|10675739|08A8|409E8F5C|107629AA|013B|418C8B3B|40011DA6|0347|0|10675739|0344|415C041C|10675739|0|0|0|071E|400AC05D|1068703B|0738|400AC05D|1068703B|0763|41E6020A|10675739|012B|4000D4F3|1057B8A2|0|0|0|03BC|40C29FDD|10675739||aac5a040a33089edcb6a1662c70fd8bb
26|2021-09-26T12:07:24.6070000+01:00|8a8|The Wanderer's Minuet|4.96|107629AA|Joeson Lmoa|10675739|Jasy Heavensong|00|97086|106059||e746e5ead9e2e3b168fce9dc1dcccb8a
38|2021-09-26T12:07:24.6070000+01:00|1068703B|Tomo Uchuu|00505026|106478|106478|10000|10000|9|0|102.6135|102.1049|0|2.314308|0|0|0|14016A|41F00000|E0000000|0A0168|41F00000|E0000000|071F|42700000|1068703B|28FE0030|45129C34|1068703B|013B|418A6869|40011DA6|08A8|409E8F5C|107629AA|0129|41C03531|1057B8A2|071D|42592E43|1068703B|0737|42592E43|1068703B|0344|416049BD|10675739|071E|3FAE765F|1068703B|0756|3FCFBECF|10675739|0|0|0|0|0|0|0763|41E824DC|10675739|0721|4046976F|1068703B|012B|4000D4F3|1057B8A2|0|0|0|03BC|40C29FDD|10675739||1611d224701b1ef7545d7053e984d99a
26|2021-09-26T12:07:24.6070000+01:00|8a8|The Wanderer's Minuet|4.96|107629AA|Joeson Lmoa|1068703B|Tomo Uchuu|00|106478|106059||b6a42ffdefd4545dc7f3cce2213fb78b
38|2021-09-26T12:07:24.6070000+01:00|1075A2E4|Niru Summers|00505015|102338|153077|10000|10000|0|0|96.47321|102.3353|0|0.1521714|0|0|0|0A016D|41F00000|E0000000|0A0168|41F00000|E0000000|5B|0|1075A2E4|28FD0030|45135E64|1075A2E4|012B|4000D4F3|1057B8A2|0763|41EB5E34|10675739|0344|4166BC6C|10675739|08A8|409E8F5C|107629AA|28F60031|41189B6D|1075A2E4|5A|41D735C3|1075A2E4|071E|401BE74B|1068703B|0738|401BE74B|1068703B|0756|400A1CDD|10675739|3204C4|4224AC28|1057B8A2|03BC|40C29FDD|10675739|013B|418EAE0D|40011DA6|640059|415651EF|1075A2E4|0390|415651EF|1075A2E4||f155cc1b827d1789d7b269253f7fe4af
26|2021-09-26T12:07:24.6070000+01:00|8a8|The Wanderer's Minuet|4.96|107629AA|Joeson Lmoa|1075A2E4|Niru Summers|00|153077|106059||84774e142665f2de59b7907a5bd22c2f
38|2021-09-26T12:07:24.6070000+01:00|10752D6C|Volkon Vysk|00505025|151138|152511|10000|10000|0|0|100.368|96.23269|-0.01531982|-1.48434|0|0|0|14016A|41F00000|E0000000|0A0168|41F00000|E0000000|28FD0030|45133FD8|10752D6C|08A8|409E8F5C|107629AA|0344|4168E149|10675739|28F60031|40E01003|10752D6C|0|0|0|013B|4187311C|40011DA6|0|0|0|0|0|0|071E|3FD0E4F7|1068703B|0738|3FD0E4F7|1068703B|012B|4000D4F3|1057B8A2|0763|41EC70A2|10675739|0756|400199C9|10675739|0729|0|10752D6C|0|0|0|03BC|40C29FDD|10675739||5eb4153b4111423a5e4ee37193f4d0ca
26|2021-09-26T12:07:24.6070000+01:00|8a8|The Wanderer's Minuet|4.96|107629AA|Joeson Lmoa|10752D6C|Volkon Vysk|00|152511|106059||07b07c7f18c39deaa10496a520d5bb8f
24|2021-09-26T12:07:24.6510000+01:00|107ABEEC|Greiyan Fletz|HoT|0|2F69|106544|106544|10000|10000|0|1000|98.84563|98.90906|0|-0.7335378||224e6f59f0972b6bcf77cdac09696da1
38|2021-09-26T12:07:24.6510000+01:00|107ABEEC|Greiyan Fletz|00505022|106544|106544|10000|10000|9|0|98.84563|98.90906|0|-0.7335378|0|0|0|0720|42700000|1068703B|14016A|41F00000|E0000000|0A0168|41F00000|E0000000|28FE0030|4511F5B3|107ABEEC|013B|4188FDE9|40011DA6|0344|4161BE79|10675739|0129|41C201FE|1057B8A2|0839|42590135|1068703B|0737|42590135|1068703B|08A8|409E978D|107629AA|0513|418DB699|107ABEEC|0|0|0|071E|3FDC6A19|1068703B|0|0|0|0721|4043C68A|1068703B|012B|4000E556|1057B8A2|0512|41C21B06|107ABEEC|0756|3FDB2325|10675739|03BC|40C1376A|10675739|04E4|41000843|107ABEEC|0763|41E8DF39|10675739||2a7dcec5dc32c8886ae01dacab701ea4
37|2021-09-26T12:07:24.6960000+01:00|40011DEA|Liquid Hand|00008BE7|4975177|12889320|10000|10000|0||99.99231|99.99231|0|3.035171|01|0|0|0||b4c3edd3bc351f20f13d70a04129cd6a
24|2021-09-26T12:07:24.6960000+01:00|1057B8A2|Alex Knightfall|HoT|0|39FC|97285|97285|8992|10000|0|1000|99.96179|93.70557|0|0.000143528||5bbc74b21a3e0391706c0b8541a7e427
38|2021-09-26T12:07:24.6960000+01:00|1057B8A2|Alex Knightfall|0050501C|97285|97285|8992|10000|17|0|99.96179|93.70557|0|0.000143528|0|0|0|0A016D|41F00000|E0000000|1E016C|41F00000|E0000000|28FE0030|44DBB524|1057B8A2|020130|0|1057B8A2|0129|41BC4BB7|1057B8A2|0|0|0|013B|418CE764|40011DA6|08A8|409D2F1A|107629AA|0344|41632F1D|10675739|071E|3FF8F568|1068703B|0738|3FF8F568|1068703B|0|0|0|0|0|0|012B|3FF66650|1057B8A2|0756|3FA22D61|10675739|0763|41E9978B|10675739|0|0|0|03BC|40BFCEF7|10675739||63cddfbeee96ded900a378f8eeba88c2
30|2021-09-26T12:07:24.6960000+01:00|31|Medicated|0.00|1057B8A2|Alex Knightfall|1057B8A2|Alex Knightfall|28FA|97285|97285||a70db77b60a6533ddc99430440b2b7a9
38|2021-09-26T12:07:24.6960000+01:00|40011DA6|Eos|00505000|92601|92601|10000|10000|0|0|100.1449|100.0533|0|-3.123281|0|0|0|28FE0030|44DBB524|1057B8A2|0|0|0|08A8|409D2F1A|107629AA|0|0|0|071E|3F48F51A|1068703B|0756|3FA22D61|10675739||7d0d33bf137a62b19ab6e66c20c5b2de
30|2021-09-26T12:07:24.6960000+01:00|31|Medicated|0.00|1057B8A2|Alex Knightfall|40011DA6|Eos|28FA|92601|97285||ac5835436176faec0c02cd09e695a05c
24|2021-09-26T12:07:24.7400000+01:00|107401EC|Raesa Velan|HoT|0|3148|96887|96887|0|10000|0|1000|87.52934|91.92027|-0.003362807|-1.872779||2603412a48d13387ecc700c8f9d6e1b2
38|2021-09-26T12:07:24.7400000+01:00|107401EC|Raesa Velan|00505019|96887|96887|0|10000|10|0|87.52934|91.92027|-0.003362807|-1.872779|0|0|0|0A016D|41F00000|E0000000|0A0168|41F00000|E0000000|29020030|4593B0B4|107401EC|0129|41C03949|1057B8A2|08A8|409BBE76|107629AA|013B|41873534|40011DA6|0344|415C0835|10675739|075E|3EC0016E|10675739|071E|3FAEB7F2|1068703B|0738|3FAEB7F2|1068703B|28F90031|412C8B09|107401EC|0363|C1700000|107401EC|02E1|4149D6CB|107401EC|0|0|0|012B|3FF66652|1057B8A2|0756|3FE0E5BA|10675739|0763|41E60416|10675739|0|0|0|03BC|40BE5E53|10675739||7c19e050ce77fc40d50ec23f320d408f
37|2021-09-26T12:07:24.7850000+01:00|107401EC|Raesa Velan|00008BE5|96887|96887|0|10000|40||87.52934|91.92027|-0.003362807|-1.872779|1900|0|0|02|0B0031A3|0|C1700000|107401EC|0D003AE8|0|41A00000|107401EC||d4fdb1a49faeb793549ba801f51c0224
26|2021-09-26T12:07:24.7850000+01:00|a8|Manaward|20.00|107401EC|Raesa Velan|107401EC|Raesa Velan|00|96887|96887||c1683e9f93388d81f7dc91d949e6b103
21|2021-09-26T12:07:24.7850000+01:00|10752D6C|Volkon Vysk|07|Attack|40011DEA|Liquid Hand|710003|CAF0000|0|0|0|0|0|0|0|0|0|0|0|0|0|0|4984393|12889320|10000|10000|0|1000|99.99231|99.99231|0|3.035171|151138|152511|10000|10000|0|1000|100.6157|95.44846|-0.00149625|-1.865874|00008BEC|0|80358bf8046c0a4deb6e0326ef8e4436
38|2021-09-26T12:07:24.7850000+01:00|107401EC|Raesa Velan|00505019|96887|96887|0|10000|40|0|87.52934|91.92027|-0.003362807|-1.872779|0|0|0|0A016D|41F00000|E0000000|0A0168|41F00000|E0000000|29020030|4593B058|107401EC|0129|41BFDD20|1057B8A2|08A8|409A4DD2|107629AA|013B|4186D90B|40011DA6|0344|415B4FE3|10675739|075E|3EA8F730|10675739|071E|3FA8F563|1068703B|0738|3FA8F563|1068703B|28F90031|412BD2B7|107401EC|0363|C1700000|107401EC|02E1|41491E79|107401EC|A8|419FA3D7|107401EC|012B|3FF0A3C3|1057B8A2|0756|3FDB232B|10675739|0763|41E5A7ED|10675739|0|0|0|03BC|40BCEDAF|10675739||cbbc27ac39121dda6d405a9dd4ded1ff
37|2021-09-26T12:07:24.8740000+01:00|40011D69|Living Liquid|00008BEA|4521267|12889320|10000|10000|0||100.1144|97.64246|0|-0.6222898||f5551d50f2983a2e656406b32fc87c64
37|2021-09-26T12:07:25.1410000+01:00|107401EC|Raesa Velan|00008BEB|96887|96887|0|10000|40||85.0537|91.47778|-0.0006449797|-1.741004|1900|0|0|01|0B0031A3|0|41700000|107401EC||44467a67826b46bc4c2d0635563af71d
38|2021-09-26T12:07:25.1410000+01:00|107401EC|Raesa Velan|00505019|96887|96887|0|10000|40|0|85.0537|91.47778|-0.0006449797|-1.741004|0|0|0|0A016D|41F00000|E0000000|0A0168|41F00000|E0000000|29020030|4593AD80|107401EC|0129|41BD0408|1057B8A2|08A8|408EE976|107629AA|013B|4183FFF3|40011DA6|0344|41559DB7|10675739|0|0|0|071E|3F76C7F5|1068703B|0738|3F76C7F5|1068703B|28F90031|4126208B|107401EC|0363|416F47AE|107401EC|02E1|41436C4D|107401EC|A8|419CCABF|107401EC|012B|3FC3125B|1057B8A2|0756|3FAD91C3|10675739|0763|41E2CED5|10675739|0|0|0|03BC|40B18953|10675739||f24e3b07032b8f2eea0f2f5c69f5f340
30|2021-09-26T12:07:25.1410000+01:00|75e|The Ewer|0.00|10675739|Jasy Heavensong|107401EC|Raesa Velan|00|96887|97086||3f74edc946844869a01f10454aadfa03
20|2021-09-26T12:07:25.1860000+01:00|107401EC|Raesa Velan|9A|Blizzard III|40011DEA|Liquid Hand|1.64|85.0537|91.47778|-0.0006449797|-1.741004||3255052482c7a903c012032e52512efd
21|2021-09-26T12:07:25.2310000+01:00|10675739|Jasy Heavensong|40AC|Celestial Intersection|1075A2E4|Niru Summers|4|20E80000|D00E|7610000|1B|40AC8000|0|0|0|0|0|0|0|0|0|0|102338|153077|10000|10000|0|1000|95.04064|105.3912|-0.002026851|-0.4040918|97086|97086|8120|10000|0|1000|100.6332|102.7999|0|-3.034802|00008BED|0|b3833a794676ecdbec18157c8d815886
21|2021-09-26T12:07:25.2760000+01:00|40011DA6|Eos|322|Embrace|1075A2E4|Niru Summers|4|FB20000|1B|3228000|0|0|0|0|0|0|0|0|0|0|0|0|102338|153077|10000|10000|0|1000|95.04064|105.3912|-0.002026851|-0.4040918|92601|92601|10000|10000|0|1000|100.1449|100.0533|0|-2.519136|00008BEE|0|2d06dae7cb650ae1ff4a0a7b482da7c9
21|2021-09-26T12:07:25.2760000+01:00|1057B8A2|Alex Knightfall|409D|Broil III|40011DEA|Liquid Hand|750003|4F5D0000|1B|409D8000|0|0|0|0|0|0|0|0|0|0|0|0|4975177|12889320|10000|10000|0|1000|100.0766|99.16362|0|3.010712|97285|97285|8992|10000|0|1000|99.96179|93.70557|0|0.003658505|00008BEF|0|6c879622d713aadfdc835b82ee849019
37|2021-09-26T12:07:25.3200000+01:00|40011D69|Living Liquid|00008BE9|4505304|12889320|10000|10000|0||98.84613|99.50542|0|-0.590546||ad98e07c1f472bb71d18133245ef188b
37|2021-09-26T12:07:25.3200000+01:00|40011DEA|Liquid Hand|00008BEC|4971930|12889320|10000|10000|0||100.124|98.90931|0|2.981866||2543a41c45e357524573fcfe987ebfac
39|2021-09-26T12:07:25.3200000+01:00|40011DA6|Eos|92601|92601|10000|10000|0|0|100.1449|100.0533|0|-2.190545||1cc38d8af7ccd674a9e8618e321b45ce
22|2021-09-26T12:07:25.4540000+01:00|1068703B|Tomo Uchuu|3E85|Saber Dance|40011DEA|Liquid Hand|720203|99B30000|0|0|0|0|0|0|0|0|0|0|0|0|0|0|4971930|12889320|10000|10000|0|1000|100.4241|97.42332|0|2.957493|106478|106478|10000|10000|0|1000|104.5882|104.3191|0|2.113246|00008BF0|0|60f074bc64c058db8da5526d4b7e5085
22|2021-09-26T12:07:25.4540000+01:00|1068703B|Tomo Uchuu|3E85|Saber Dance|40011D69|Living Liquid|720003|3D840000|0|0|0|0|0|0|0|0|0|0|0|0|0|0|4505304|12889320|10000|10000|0|1000|98.22873|100.4616|0|-0.5750926|106478|106478|10000|10000|0|1000|104.5882|104.3191|0|2.113246|00008BF0|1|d85dcfa4bd1649b864eddb061ccdc28b
31|2021-09-26T12:07:25.4540000+01:00|1068703B|320026|00|00|00|bcbc4dd922a854185b595dcaa2f770a8
21|2021-09-26T12:07:25.4990000+01:00|40011DEA|Liquid Hand|4979|Unknown_4979|10752D6C|Volkon Vysk|730003|7F660000|0|0|0|0|0|0|0|0|0|0|0|0|0|0|151138|152511|10000|10000|0|1000|100.9223|90.41788|-0.002849075|-2.236192|4971930|12889320|10000|10000|0|1000|100.4241|97.42332|0|2.957493|00008BF1|0|42023eb21e63cc008b20990b5e4627c2
38|2021-09-26T12:07:25.4990000+01:00|40011DA6|Eos|00505000|92601|92601|10000|10000|0|0|100.1449|100.0533|0|-1.406719|0|0|0|28FE0030|44DB9B73|1057B8A2|0|0|0|08A8|40837CE9|107629AA|0|0|0|0|0|0|0756|3EED92B5|10675739||95ba1031ad5daa5ac474034f997406c8
30|2021-09-26T12:07:25.4990000+01:00|71e|Technical Finish|0.00|1068703B|Tomo Uchuu|40011DA6|Eos|00|92601|106478||6b87aa42795ff829936c807c6e5e6139
21|2021-09-26T12:07:25.5870000+01:00|107629AA|Joeson Lmoa|08|Shot|40011D69|Living Liquid|720103|17E60000|0|0|0|0|0|0|0|0|0|0|0|0|0|0|4505304|12889320|10000|10000|0|1000|98.22873|100.4616|0|-0.5750926|106059|106059|10000|10000|0|1000|106.9024|93.55679|-0.0006548745|-1.701004|00008BF2|0|5c0e75544b6bf5542cd52b0da83ff35e
21|2021-09-26T12:07:25.6770000+01:00|107ABEEC|Greiyan Fletz|1D35|Hakaze|40011D69|Living Liquid|710303|465B0000|1B|1D358000|0|0|0|0|0|0|0|0|0|0|0|0|4505304|12889320|10000|10000|0|1000|97.90484|100.9741|0|-0.5736037|106544|106544|10000|10000|0|1000|97.6368|100.0377|-0.002600296|-0.7833284|00008BF3|0|37bbf6048bd0884356d14136bb8ac95a
21|2021-09-26T12:07:25.8540000+01:00|107629AA|Joeson Lmoa|406F|Burst Shot|40011D69|Living Liquid|720203|3D960000|1B|406F8000|0|0|0|0|0|0|0|0|0|0|0|0|4505304|12889320|10000|10000|0|1000|97.52714|101.5717|0|-0.5718674|106059|106059|10000|10000|0|1000|107.1218|93.50227|-0.002615676|2.270086|00008BF4|0|7897ec562fc69801d7da56d137b94628
38|2021-09-26T12:07:25.8540000+01:00|10675739|Jasy Heavensong|00505021|97086|97086|8120|10000|11|0|101.2683|101.4404|-0.001954547|-2.47576|0|0|0|0A0168|41F00000|E0000000|0F016B|41F00000|E0000000|0129|41B52AEF|1057B8A2|28FE0030|4511DC0F|10675739|0|0|0|08A8|406D6038|107629AA|013B|41829368|40011DA6|0347|0|10675739|0344|41481484|10675739|0|0|0|071E|3F6C079A|1068703B|0738|3F6C079A|1068703B|0763|41DC0A37|10675739|012B|3F4459F0|1057B8A2|0|0|0|03BC|409AC09B|10675739||72700deeff08d313b4171fc2ce3fcac4
30|2021-09-26T12:07:25.8540000+01:00|756|Divination|0.00|10675739|Jasy Heavensong|10675739|Jasy Heavensong|00|97086|97086||b3f934b568938c66628b6b596251572c
38|2021-09-26T12:07:25.8540000+01:00|40011D69|Living Liquid|00505000|4505304|12889320|10000|10000|0|0|97.52714|101.5717|0|-0.5718674|0|0|0|0767|403CAB36|1057B8A2|2804B1|41E0B01B|107629AA|0759|406D4F12|10675739|2804B0|41E0B01B|107629AA|0A00A3|41869B93|107401EC|0|0|0|072D|413DB60A|10752D6C|0|0|0|072E|40F8F5E6|10752D6C||065a25d0cadacd09308e8b1ff3f0f40f
30|2021-09-26T12:07:25.8540000+01:00|4a9|Reprisal|0.00|1075A2E4|Niru Summers|40011D69|Living Liquid|00|12889320|153077||eb0f6d19b85f67103cefe04d667054b1
37|2021-09-26T12:07:25.8990000+01:00|1075A2E4|Niru Summers|00008BEE|106356|153077|10000|10000|0||92.61573|109.0406|-0.001691068|0.04769876|1500|0|0|0||573e1fe68d6e0524dc3f6579a7fef926
37|2021-09-26T12:07:25.8990000+01:00|1075A2E4|Niru Summers|00008BED|114780|153077|10000|10000|11||92.61573|109.0406|-0.001691068|0.04769876|1500|0|0|01|120035A1|0|41F00000|10675739||c427ff156a634cd1864bad8fb9db2190
26|2021-09-26T12:07:25.8990000+01:00|761|Nocturnal Intersection|30.00|10675739|Jasy Heavensong|1075A2E4|Niru Summers|00|153077|97086||cc9f0de3e1aa394221215630f2057d0b
37|2021-09-26T12:07:25.8990000+01:00|40011DEA|Liquid Hand|00008BF0|4932583|12889320|10000|10000|0||100.7076|96.0491|0|3.02252||bdf8d48d968432f2726ec831e45142ab
20|2021-09-26T12:07:25.8990000+01:00|1057B8A2|Alex Knightfall|409D|Broil III|40011DEA|Liquid Hand|2.43|99.96179|93.70557|0|0.1023335||dd74e9166054f1c5eeec86e385de424d
38|2021-09-26T12:07:25.8990000+01:00|1075A2E4|Niru Summers|00505015|114780|153077|10000|10000|11|0|92.61573|109.0406|-0.001691068|0.04769876|0|0|0|0A016D|41F00000|E0000000|0A0168|41F00000|E0000000|5B|0|1075A2E4|28FD0030|451349C0|1075A2E4|012B|3F389348|1057B8A2|0763|41E1082C|10675739|0344|4152106A|10675739|08A8|406A6E8E|107629AA|28F60031|4103EF6B|1075A2E4|5A|41CCDFBB|1075A2E4|071E|3F926E55|1068703B|0738|3F926E55|1068703B|0756|3F5DB2F2|10675739|3204C4|421F812E|1057B8A2|03BC|409947C6|10675739|013B|41845805|40011DA6|640059|4141A5ED|1075A2E4|0390|4141A5ED|1075A2E4|0761|41EFA1CB|10675739||082b9c5de6b6900ae68c0d89bf95aca2
39|2021-09-26T12:07:25.9430000+01:00|10675739|Jasy Heavensong|97086|97086|8384|10000|0|0|101.5375|100.2396|-0.001286548|-2.890028||d05fc2bb5a2dc52cde5f2c9a1626d21b
39|2021-09-26T12:07:25.9430000+01:00|1075A2E4|Niru Summers|116310|153077|10000|10000|0|0|92.25375|109.579|0|0.1120284||89e911074d9c2c7a04df9f8beab8fd13
39|2021-09-26T12:07:25.9430000+01:00|10752D6C|Volkon Vysk|152511|152511|10000|10000|0|0|101.058|87.83955|-0.001859408|-1.673085||cbd8cd110ff01e402ee8406844515d6b
24|2021-09-26T12:07:25.9890000+01:00|40011D69|Living Liquid|DoT|0|77E4|4505304|12889320|10000|10000|0|1000|96.98373|102.4078|0|-0.5776728||0fd6d9c1d429dfa00ac11e10886094a3
36|2021-09-26T12:07:25.9890000+01:00|0898|3|3468129c3833639b4a1ac381fc568f77
38|2021-09-26T12:07:25.9890000+01:00|1057B8A2|Alex Knightfall|0050501C|97285|97285|8592|10000|17|0|99.96179|93.70557|0|0.1370908|0|0|0|0A016D|41F00000|E0000000|1E016C|41F00000|E0000000|28FE0030|44DB8BC6|1057B8A2|020130|0|1057B8A2|0129|41B1F3A4|1057B8A2|0|0|0|013B|41828F51|40011DA6|08A8|40679DA9|107629AA|0344|414E7F02|10675739|071E|3F26E8C4|1068703B|0738|3F26E8C4|1068703B|0|0|0|0|0|0|012B|3F21CA94|1057B8A2|0|0|0|0763|41DF3F78|10675739|0|0|0|03BC|40966EAF|10675739||220b464bd4fbd2f053d9aaff53851c95
30|2021-09-26T12:07:25.9890000+01:00|756|Divination|0.00|10675739|Jasy Heavensong|1057B8A2|Alex Knightfall|00|97285|97086||d56649beeb3b1af9aed81eee9fa1913e
38|2021-09-26T12:07:25.9890000+01:00|40011DA6|Eos|00505000|92601|92601|10000|10000|0|0|100.1449|100.0533|0|-0.7012796|0|0|0|28FE0030|44DB8BC6|1057B8A2|0|0|0|08A8|40679DA9|107629AA||a793e99fab1b3e406a35c0389785a3e5
30|2021-09-26T12:07:25.9890000+01:00|756|Divination|0.00|10675739|Jasy Heavensong|40011DA6|Eos|00|92601|97086||9cffac2d4a926444a7bd29835daf4794
38|2021-09-26T12:07:25.9890000+01:00|1068703B|Tomo Uchuu|00505026|106478|106478|10000|10000|9|0|106.7718|105.5123|0|1.782332|0|0|0|14016A|41F00000|E0000000|0A0168|41F00000|E0000000|071F|42700000|1068703B|28FE0030|45128624|1068703B|013B|417EB837|40011DA6|08A8|4064BC61|107629AA|0129|41B528E4|1057B8A2|071D|4253A826|1068703B|0737|4253A826|1068703B|0344|414A3130|10675739|0|0|0|0756|3E77D198|10675739|0|0|0|0|0|0|0763|41DD188F|10675739|0721|3FDC6A46|1068703B|012B|3F21CA94|1057B8A2|0|0|0|03BC|40966EAF|10675739||572e5ed4ecdce14ecba0e4a87632e439
26|2021-09-26T12:07:25.9890000+01:00|71f|Closed Position|60.00|1068703B|Tomo Uchuu|1068703B|Tomo Uchuu|00|106478|106478||04243fe5c0400203c11a179cea7cdf3e
30|2021-09-26T12:07:25.9890000+01:00|71e|Technical Finish|0.00|1068703B|Tomo Uchuu|1068703B|Tomo Uchuu|00|106478|106478||ba3839318d0f66d9eaa44b204d75c206
38|2021-09-26T12:07:25.9890000+01:00|40011D69|Living Liquid|00505000|4474612|12889320|10000|10000|0|0|96.98373|102.4078|0|-0.5776728|0|0|0|0767|4034075F|1057B8A2|2804B1|41DF9BA1|107629AA|0759|4064AB3B|10675739|2804B0|41DF9BA1|107629AA|0A00A3|41858719|107401EC|0|0|0|072D|413B8D15|10752D6C|0|0|0|072E|40F4A3FA|10752D6C||d78a3e35cd2d917243206fe01e55fa1f
37|2021-09-26T12:07:26.0330000+01:00|40011D69|Living Liquid|00008BF0|4458864|12889320|10000|10000|0||96.98373|102.4078|0|-0.5776728|01|0|0|0||9ef4e6de44ed0e72ee0334e0c47a8c08
37|2021-09-26T12:07:26.0330000+01:00|10752D6C|Volkon Vysk|00008BF1|119897|152511|10000|10000|0||101.058|87.83955|-0.001859408|-1.673085|2500|0|0|0||5954b6e63a49ed4c37f40430f7a521ff
20|2021-09-26T12:07:26.0330000+01:00|10675739|Jasy Heavensong|40AB|Malefic IV|40011D69|Living Liquid|1.43|101.5375|100.2396|-0.001286548|-2.890028||8333021b5513c6fcd421785d17c5a2b8
31|2021-09-26T12:07:26.0330000+01:00|1068703B|3C0026|00|00|00|296adb1f41323c9477f9f72801ed594c
37|2021-09-26T12:07:26.0780000+01:00|40011DEA|Liquid Hand|00008BEF|4912266|12889320|10000|10000|0||100.83|94.91548|0|3.058204||ec21f1cbceb3f70970d25ccb371abe6f
39|2021-09-26T12:07:26.0780000+01:00|107629AA|Joeson Lmoa|106059|106059|10000|10000|0|0|108.8452|92.06153|-0.00168766|-0.8970571||a15e2bab781b34aa284c94b3788a9171
38|2021-09-26T12:07:26.1220000+01:00|107401EC|Raesa Velan|00505019|96887|96887|0|10000|40|0|84.62077|91.47778|-0.001946442|0.9331342|0|0|0|0A016D|41F00000|E0000000|0A0168|41F00000|E0000000|29020030|4593A5AC|107401EC|0129|41B52CFD|1057B8A2|08A8|405F1A96|107629AA|013B|417851D1|40011DA6|0344|4145EFA7|10675739|0|0|0|0|0|0|0|0|0|28F90031|4116727B|107401EC|0363|415F999E|107401EC|02E1|4133BE3D|107401EC|A8|4194F3B4|107401EC|012B|3F0B436C|1057B8A2|0756|3EC08477|10675739|0763|41DAF7CA|10675739|0|0|0|03BC|40922D25|10675739||5c0fefc0a15a8bd57a3dc46bf6cd15be
30|2021-09-26T12:07:26.1220000+01:00|71e|Technical Finish|0.00|1068703B|Tomo Uchuu|107401EC|Raesa Velan|00|96887|106478||9851948de0722d23faced88fd09ae62a
30|2021-09-26T12:07:26.1220000+01:00|738|Esprit|0.00|1068703B|Tomo Uchuu|107401EC|Raesa Velan|00|96887|106478||165be6cb4800f49fc0b147a2d838410e
38|2021-09-26T12:07:26.1220000+01:00|107629AA|Joeson Lmoa|00505017|106059|106059|10000|10000|9|0|108.8452|92.06153|-0.00168766|-0.8970571|0|0|0|0A016D|41F00000|E0000000|0A0168|41F00000|E0000000|28FE0030|4511DB57|107629AA|013B|417EBC51|40011DA6|0344|4152C8BB|10675739|071E|3F49B9E6|1068703B|0738|3F49B9E6|1068703B|0|0|0|0129|41B1F7BD|1057B8A2|012B|3EFF7C93|1057B8A2|0|0|0|0763|41E16456|10675739|0|0|0|03BC|40922D25|10675739||481a7370313c40c6cfe93bc0fafa4cf9
30|2021-09-26T12:07:26.1220000+01:00|756|Divination|0.00|10675739|Jasy Heavensong|107629AA|Joeson Lmoa|00|106059|97086||c72c5669d66c785a4d97e843f3041e9e
39|2021-09-26T12:07:26.1660000+01:00|1057B8A2|Alex Knightfall|97285|97285|8838|10000|0|0|99.96179|93.70557|0|0.2557215||0a316fd2c6f176d48ec5ab3f52492587
39|2021-09-26T12:07:26.2110000+01:00|107401EC|Raesa Velan|96887|96887|0|10000|0|0|84.61059|91.47778|-0.00128264|1.032463||0d3e0a7f6b8b3572c60ce388c248f8ba
38|2021-09-26T12:07:26.2570000+01:00|1068703B|Tomo Uchuu|00505026|106478|106478|10000|10000|9|0|107.9466|106.2717|0|1.782332|0|0|0|14016A|41F00000|E0000000|0A0168|41F00000|E0000000|071F|42700000|1068703B|28FE0030|451281DC|1068703B|013B|417A6E7C|40011DA6|08A8|40539576|107629AA|0129|41B30407|1057B8A2|071D|425295BA|1068703B|0737|425295BA|1068703B|0344|4145E775|10675739|0|0|0|0|0|0|0|0|0|0|0|0|0763|41DAF3B2|10675739|0721|3FBA1C75|1068703B|012B|3EBA5DDA|1057B8A2|0|0|0|03BC|408DDB39|10675739||1ad0d785c5d3e3b885ab335a2c3815cf
30|2021-09-26T12:07:26.2570000+01:00|756|Divination|0.00|10675739|Jasy Heavensong|1068703B|Tomo Uchuu|00|106478|97086||e7734e208e6f82b7265705e055cac660
38|2021-09-26T12:07:26.2570000+01:00|10752D6C|Volkon Vysk|00505025|119897|152511|10000|10000|0|0|100.9025|86.3515|-0.001733304|-1.540514|0|0|0|14016A|41F00000|E0000000|0A0168|41F00000|E0000000|28FD0030|45132580|10752D6C|08A8|40539576|107629AA|0344|414E7F01|10675739|28F60031|40AB4B5F|10752D6C|0|0|0|013B|4173FFE5|40011DA6|0|0|0|0|0|0|0|0|0|0|0|0|012B|3EBA5DDA|1057B8A2|0763|41DF3F78|10675739|0756|3EC0848A|10675739|0729|0|10752D6C|0|0|0|03BC|408DDB39|10675739||53eb131daa8e1c350cbd2af5a9896cc0
30|2021-09-26T12:07:26.2570000+01:00|71e|Technical Finish|0.00|1068703B|Tomo Uchuu|10752D6C|Volkon Vysk|00|152511|106478||5d24c0d3d25e62b8e9f10ad93de0b9ed
30|2021-09-26T12:07:26.2570000+01:00|738|Esprit|0.00|1068703B|Tomo Uchuu|10752D6C|Volkon Vysk|00|152511|106478||41186ee72a62034562991faaa6d79dc3
37|2021-09-26T12:07:26.3000000+01:00|40011D69|Living Liquid|00008BF3|4440853|12889320|10000|10000|0||95.71133|104.325|0|-0.5836603||aef045ce05b63a715bb01bbb779bc00f
21|2021-09-26T12:07:26.3000000+01:00|107401EC|Raesa Velan|9A|Blizzard III|40011DEA|Liquid Hand|250103|52920000|FD3D|438000|1B|9A8000|0|0|0|0|0|0|0|0|0|0|4912266|12889320|10000|10000|0|1000|100.94|93.40518|0|3.082228|96887|96887|0|10000|0|1000|84.58069|91.47778|0|1.110115|00008BF5|0|e331bdd61913c5f6ac4ddbbe31dd2053
21|2021-09-26T12:07:26.3000000+01:00|40011D69|Living Liquid|4978|Unknown_4978|1075A2E4|Niru Summers|F1730006|86E0000|1D|70000|710003|75DA000|0|0|0|0|0|0|0|0|0|0|116310|153077|10000|10000|0|1000|91.76234|110.4509|0|1.287412|4458864|12889320|10000|10000|0|1000|95.71133|104.325|0|-0.5836603|00008BF6|0|0f01c7ebd6391e54f843f4ecf9968236
37|2021-09-26T12:07:26.3440000+01:00|40011D69|Living Liquid|00008BF2|4434735|12889320|10000|10000|0||95.71133|104.325|0|-0.5836603||11710900ff41eef2159f02ffba35bc46
21|2021-09-26T12:07:26.3900000+01:00|107ABEEC|Greiyan Fletz|1D46|Hissatsu: Kaiten|107ABEEC|Greiyan Fletz|320F|4CD8000|0|0|0|0|0|0|0|0|0|0|0|0|0|0|106544|106544|10000|10000|0|1000|95.5321|102.3646|0|-0.1355632|106544|106544|10000|10000|0|1000|95.5321|102.3646|0|-0.1355632|00008BF7|0|c3aa3b09fd388933366896c8a0535d5a
38|2021-09-26T12:07:26.3900000+01:00|107ABEEC|Greiyan Fletz|00505022|106544|106544|10000|10000|9|0|95.5321|102.3646|0|-0.1355632|0|0|0|0720|42700000|1068703B|14016A|41F00000|E0000000|0A0168|41F00000|E0000000|28FE0030|4511D9EF|107ABEEC|013B|41762CF3|40011DA6|0344|4145EFA6|10675739|0129|41B41A8E|1057B8A2|0839|42520D8A|1068703B|0737|42520D8A|1068703B|08A8|404DF3AC|107629AA|0513|417F9E52|107ABEEC|04CD|C1200000|107ABEEC|0|0|0|0|0|0|0721|3FA91650|1068703B|012B|3E8D4F8A|1057B8A2|0512|41B43396|107ABEEC|0|0|0|03BC|408999AF|10675739|04E4|40C872CB|107ABEEC|0763|41DAF7C9|10675739||338f9433f6750631679e0555075023ad
26|2021-09-26T12:07:26.3900000+01:00|4cd|Kaiten|10.00|107ABEEC|Greiyan Fletz|107ABEEC|Greiyan Fletz|00|106544|106544||293cba72a7bb5645f8fd6d1dd1b7cf9c
30|2021-09-26T12:07:26.3900000+01:00|71e|Technical Finish|0.00|1068703B|Tomo Uchuu|107ABEEC|Greiyan Fletz|00|106544|106478||7ed4dc540185e15e01e00f19dfec5595
30|2021-09-26T12:07:26.3900000+01:00|756|Divination|0.00|10675739|Jasy Heavensong|107ABEEC|Greiyan Fletz|00|106544|97086||798c90ec99b5f63444500fb72db70b1b
24|2021-09-26T12:07:26.5230000+01:00|40011DEA|Liquid Hand|DoT|0|33AF|4899035|12889320|10000|10000|0|1000|101.0058|92.31853|0|3.140868||f4b59da2934a53cadf33d6f639955d6f
38|2021-09-26T12:07:26.5230000+01:00|107401EC|Raesa Velan|00505019|96887|96887|0|10000|40|0|84.58069|91.47778|0|1.238931|0|0|0|0A016D|41F00000|E0000000|0A0168|41F00000|E0000000|29020030|4593A278|107401EC|0129|41B1F7BC|1057B8A2|08A8|4045709A|107629AA|013B|4171E753|40011DA6|0344|413F8529|10675739|0|0|0|0|0|0|0|0|0|28F90031|411007FD|107401EC|0363|41592F20|107401EC|02E1|412D53BF|107401EC|A8|4191BE73|107401EC|012B|3E126DED|1057B8A2|0|0|0|0763|41D7C289|10675739|0|0|0|03BC|40855825|10675739||88c1aeb9491b2f079faf55b657fb8a8f
30|2021-09-26T12:07:26.5230000+01:00|756|Divination|0.00|10675739|Jasy Heavensong|107401EC|Raesa Velan|00|96887|97086||70dc6e3208091a08f2ebd8e32b4090f8
38|2021-09-26T12:07:26.5230000+01:00|40011DEA|Liquid Hand|00505000|4899035|12889320|10000|10000|0|0|101.0058|92.31853|0|3.140868|0|0|0|072E|40DF43B7|10752D6C|0767|41C81263|1057B8A2|04CC|42605101|107ABEEC||2bdc7317fbbef27f27846d1b1bf9c269
21|2021-09-26T12:07:26.5680000+01:00|1075A2E4|Niru Summers|25|Maim|40011D69|Living Liquid|44710103|42350000|A3D|340000|11B|258000|0|0|0|0|0|0|0|0|0|0|4434735|12889320|10000|10000|0|1000|95.04646|105.3235|0|-0.5814601|116310|153077|10000|10000|0|1000|91.57401|110.7957|-0.01531982|1.954458|00008BF8|0|8f2a2a149677ff912adabe9fdbb4cf06
21|2021-09-26T12:07:26.6580000+01:00|107ABEEC|Greiyan Fletz|07|Attack|40011D69|Living Liquid|710103|19110000|0|0|0|0|0|0|0|0|0|0|0|0|0|0|4434735|12889320|10000|10000|0|1000|94.92892|105.5032|0|-0.5750155|106544|106544|10000|10000|0|1000|94.51411|103.2975|0|-0.5553575|00008BF9|0|a139a11c980ffd759072bd489119b2b9
38|2021-09-26T12:07:26.6580000+01:00|1057B8A2|Alex Knightfall|0050501C|97285|97285|8838|10000|17|0|99.96179|93.70557|0|1.359461|0|0|0|0A016D|41F00000|E0000000|1E016C|41F00000|E0000000|28FE0030|44DB7665|1057B8A2|020130|0|1057B8A2|0129|41AC9B93|1057B8A2|0|0|0|013B|417A6E82|40011DA6|08A8|403CDD25|107629AA|0344|4143CEE2|10675739|0|0|0|0|0|0|0|0|0|0|0|0|0|0|0|0|0|0|0763|41D9E767|10675739|0|0|0|03BC|40810E6A|10675739||8792c0e1f49d92373269c5d30ea24ab8
30|2021-09-26T12:07:26.6580000+01:00|71e|Technical Finish|0.00|1068703B|Tomo Uchuu|1057B8A2|Alex Knightfall|00|97285|106478||007b0274e46aea5ad62f18646e843076
30|2021-09-26T12:07:26.6580000+01:00|738|Esprit|0.00|1068703B|Tomo Uchuu|1057B8A2|Alex Knightfall|00|97285|106478||a9dbc185ef854c30c76a15be50c329f8
30|2021-09-26T12:07:26.6580000+01:00|12b|Sacred Soil|0.00|1057B8A2|Alex Knightfall|1057B8A2|Alex Knightfall|00|97285|97285||e45c32b5854b23050e22b19f9132a177
38|2021-09-26T12:07:26.6580000+01:00|40011DA6|Eos|00505000|92601|92601|10000|10000|0|0|100.1449|100.0533|0|-0.7050465|0|0|0|28FE0030|44DB7665|1057B8A2|0|0|0|08A8|403CDD25|107629AA||a35deccca3b7103e6356e64bd4dbf455
38|2021-09-26T12:07:26.6580000+01:00|107629AA|Joeson Lmoa|00505017|106059|106059|10000|10000|9|0|111.9686|91.1799|-0.0006392185|1.455598|0|0|0|0A016D|41F00000|E0000000|0A0168|41F00000|E0000000|28FE0030|4511D2CB|107629AA|013B|41762CF6|40011DA6|0344|414A3960|10675739|071E|3E818844|1068703B|0738|3E818844|1068703B|0|0|0|0129|41ADB00E|1057B8A2|0|0|0|0|0|0|0763|41DD1CA7|10675739|0|0|0|03BC|40810E6A|10675739||198bf1e727f77f188cc85c569252c053
30|2021-09-26T12:07:26.6580000+01:00|12b|Sacred Soil|0.00|1057B8A2|Alex Knightfall|107629AA|Joeson Lmoa|00|106059|97285||86edc3a4fdaa582af9c5a11645735560
38|2021-09-26T12:07:26.6580000+01:00|10675739|Jasy Heavensong|00505021|97086|97086|8384|10000|11|0|101.7207|98.99431|-0.0006392219|-1.382949|0|0|0|0A0168|41F00000|E0000000|0F016B|41F00000|E0000000|0129|41AEBE64|1057B8A2|28FE0030|4511CF3B|10675739|0|0|0|08A8|4039FBDD|107629AA|013B|41784DBD|40011DA6|0347|0|10675739|0344|413B3B6F|10675739|0|0|0|071E|3DF3B184|1068703B|0738|3DF3B184|1068703B|0763|41D59DAC|10675739|0|0|0|0|0|0|03BC|40810E6A|10675739||f4cefd1991b9b4e0d3a020f8f32fcf81
30|2021-09-26T12:07:26.6580000+01:00|12b|Sacred Soil|0.00|1057B8A2|Alex Knightfall|10675739|Jasy Heavensong|00|97086|97285||25336c07ba1b6a823d24ffaf7e236e15
38|2021-09-26T12:07:26.6580000+01:00|1068703B|Tomo Uchuu|00505026|106478|106478|10000|10000|9|0|109.4707|107.7598|0|1.993866|0|0|0|14016A|41F00000|E0000000|0A0168|41F00000|E0000000|071F|42700000|1068703B|28FE0030|45127B78|1068703B|013B|41740817|40011DA6|08A8|4039FBDD|107629AA|0129|41AFD0D3|1057B8A2|071D|4250FC23|1068703B|0737|4250FC23|1068703B|0344|413F8110|10675739|0|0|0|0|0|0|0|0|0|0|0|0|0763|41D7C07E|10675739|0721|3F86E942|1068703B|0|0|0|0|0|0|03BC|40810E6A|10675739||16893aa3214f28c830d4dcc9e97ea98c
30|2021-09-26T12:07:26.6580000+01:00|12b|Sacred Soil|0.00|1057B8A2|Alex Knightfall|1068703B|Tomo Uchuu|00|106478|97285||624e5c63962d92c507ad9f69b23d407a
38|2021-09-26T12:07:26.6580000+01:00|1075A2E4|Niru Summers|00505015|116310|153077|10000|10000|11|0|91.64301|110.7143|-0.01531982|2.582899|0|0|0|0A016D|41F00000|E0000000|0A0168|41F00000|E0000000|5B|0|1075A2E4|28FD0030|45133DA8|1075A2E4|0|0|0|0763|41DAF9D6|10675739|0344|4145F3BF|10675739|08A8|4039FBDD|107629AA|28F60031|40EFA57B|1075A2E4|5A|41C6D165|1075A2E4|071E|3EC623D2|1068703B|0738|3EC623D2|1068703B|0756|3DDF4184|10675739|3204C4|421C7A08|1057B8A2|03BC|40810E6A|10675739|013B|417C935E|40011DA6|640059|41358942|1075A2E4|0390|41358942|1075A2E4|0761|41E99375|10675739||1f03b3d511b742f9d00e08b2443b8f43
30|2021-09-26T12:07:26.6580000+01:00|12b|Sacred Soil|0.00|1057B8A2|Alex Knightfall|1075A2E4|Niru Summers|00|153077|97285||b7ea28c53f21003f52b0f201853e42b6
38|2021-09-26T12:07:26.6580000+01:00|10752D6C|Volkon Vysk|00505025|119897|152511|10000|10000|0|0|100.7372|85.06329|-0.002224204|-1.218556|0|0|0|14016A|41F00000|E0000000|0A0168|41F00000|E0000000|28FD0030|45131F1C|10752D6C|08A8|4039FBDD|107629AA|0344|4148189C|10675739|28F60031|409E7E90|10752D6C|0|0|0|013B|416D9980|40011DA6|0|0|0|0|0|0|0|0|0|0|0|0|0|0|0|0763|41DC0C44|10675739|0|0|0|0729|0|10752D6C|0|0|0|03BC|40810E6A|10675739||008eb25ad817de5b126b27bdc871848c
30|2021-09-26T12:07:26.6580000+01:00|12b|Sacred Soil|0.00|1057B8A2|Alex Knightfall|10752D6C|Volkon Vysk|00|152511|97285||1ad405a3fde44f9d031b79398e16b3bb
30|2021-09-26T12:07:26.6580000+01:00|756|Divination|0.00|10675739|Jasy Heavensong|10752D6C|Volkon Vysk|00|152511|97086||cffce6ed65e5f6ba887ba585b453ac2f
21|2021-09-26T12:07:26.7020000+01:00|107629AA|Joeson Lmoa|72|Mage's Ballad|40011D69|Living Liquid|750103|17BA0000|0|0|0|0|0|0|0|0|0|0|0|0|0|0|4434735|12889320|10000|10000|0|1000|94.79179|105.7129|0|-0.5674965|106059|106059|10000|10000|0|1000|112.4157|91.25286|0|1.390077|00008BFA|0|0e507a4fde16bd6e5fa644aa9f48633c
38|2021-09-26T12:07:26.7020000+01:00|107ABEEC|Greiyan Fletz|00505022|106544|106544|10000|10000|9|0|94.09245|103.8731|-0.001859659|-0.5393977|0|0|0|0720|42700000|1068703B|14016A|41F00000|E0000000|0A0168|41F00000|E0000000|28FE0030|4511D4F7|107ABEEC|013B|41713319|40011DA6|0344|4140F5CC|10675739|0129|41B19DA0|1057B8A2|0839|4250CF15|1068703B|0737|4250CF15|1068703B|08A9|40A00000|107629AA|0513|417AA478|107ABEEC|04CD|C1200000|107ABEEC|0|0|0|0|0|0|0721|3F814777|1068703B|0|0|0|0512|41B1B6A8|107ABEEC|0|0|0|03BC|407F4BEF|10675739|04E4|40BE7F13|107ABEEC|0763|41D87ADB|10675739||04d37402f432374002c2d77e9b7b1421
26|2021-09-26T12:07:26.7020000+01:00|720|Dance Partner|60.00|1068703B|Tomo Uchuu|107ABEEC|Greiyan Fletz|00|106544|106478||f72f3ebd6c241a1aa6ed196da840d9bd
30|2021-09-26T12:07:26.7020000+01:00|8a8|The Wanderer's Minuet|0.00|107629AA|Joeson Lmoa|107ABEEC|Greiyan Fletz|00|106544|106059||306afba1267a2a7a461338a5ed232226
26|2021-09-26T12:07:26.7020000+01:00|8a9|Mage's Ballad|5.00|107629AA|Joeson Lmoa|107ABEEC|Greiyan Fletz|00|106544|106059||1717c7cedaa6f1f7bd69d957eb5aabc4
30|2021-09-26T12:07:26.7020000+01:00|12b|Sacred Soil|0.00|1057B8A2|Alex Knightfall|107ABEEC|Greiyan Fletz|00|106544|97285||f84d643e1c6bd022fd1bde8f6611e4a9
38|2021-09-26T12:07:26.7020000+01:00|107401EC|Raesa Velan|00505019|96887|96887|0|10000|40|0|84.58069|91.47778|0|1.359172|0|0|0|0A016D|41F00000|E0000000|0A0168|41F00000|E0000000|29020030|4593A10C|107401EC|0129|41B08B31|1057B8A2|08A9|40A00000|107629AA|013B|416F0E3D|40011DA6|0344|413CAC13|10675739|0|0|0|0|0|0|0|0|0|28F90031|410D2EE7|107401EC|0363|4156560A|107401EC|02E1|412A7AA9|107401EC|A8|419051E8|107401EC|0|0|0|0|0|0|0763|41D655FE|10675739|0|0|0|03BC|407F4BEF|10675739||6c77619c50991bb3300a4ea9afc31f31
30|2021-09-26T12:07:26.7020000+01:00|8a8|The Wanderer's Minuet|0.00|107629AA|Joeson Lmoa|107401EC|Raesa Velan|00|96887|106059||12b19e5d559806011d95abfc1b98ed90
26|2021-09-26T12:07:26.7020000+01:00|8a9|Mage's Ballad|5.00|107629AA|Joeson Lmoa|107401EC|Raesa Velan|00|96887|106059||59b5450e2639353794669e3d0816ec6b
30|2021-09-26T12:07:26.7020000+01:00|12b|Sacred Soil|0.00|1057B8A2|Alex Knightfall|107401EC|Raesa Velan|00|96887|97285||c073c9a02f2e5c9fdc22f015227a0cbb
38|2021-09-26T12:07:26.7020000+01:00|1057B8A2|Alex Knightfall|0050501C|97285|97285|8838|10000|17|0|99.96179|93.70557|0|1.697622|0|0|0|0A016D|41F00000|E0000000|1E016C|41F00000|E0000000|28FE0030|44DB74FD|1057B8A2|020130|0|1057B8A2|0129|41AC4176|1057B8A2|0|0|0|013B|4179BA49|40011DA6|08A9|40A00000|107629AA|0344|41431AA9|10675739|0|0|0|0|0|0|0|0|0|0|0|0|0|0|0|0|0|0|0763|41D98D4A|10675739|0|0|0|03BC|407F4BEF|10675739||51c2bf5aa0a7668a29a01ddbf0ed7987
30|2021-09-26T12:07:26.7020000+01:00|8a8|The Wanderer's Minuet|0.00|107629AA|Joeson Lmoa|1057B8A2|Alex Knightfall|00|97285|106059||fac6c7012eff8e8e06f0f02f914c8d0e
26|2021-09-26T12:07:26.7020000+01:00|8a9|Mage's Ballad|5.00|107629AA|Joeson Lmoa|1057B8A2|Alex Knightfall|00|97285|106059||866507fbfeeb0a4e5b1fe333631e215b
38|2021-09-26T12:07:26.7020000+01:00|40011DA6|Eos|00505000|92601|92601|10000|10000|0|0|100.1449|100.0533|0|-0.7257494|0|0|0|28FE0030|44DB74FD|1057B8A2|08A9|40A00000|107629AA||0cbddb9a6fbdce24a5ead5e6cc75687b
26|2021-09-26T12:07:26.7020000+01:00|8a9|Mage's Ballad|5.00|107629AA|Joeson Lmoa|40011DA6|Eos|00|92601|106059||81ab0dd8e7d0c9a005dccddb98c27c28
30|2021-09-26T12:07:26.7020000+01:00|8a8|The Wanderer's Minuet|0.00|107629AA|Joeson Lmoa|40011DA6|Eos|00|92601|106059||6bbdb81ba9c6a1b0c12fac579b9468e5
38|2021-09-26T12:07:26.7020000+01:00|107629AA|Joeson Lmoa|00505017|106059|106059|10000|10000|9|0|112.4157|91.25286|0|1.390077|0|0|0|0A016D|41F00000|E0000000|0A0168|41F00000|E0000000|28FE0030|4511D217|107629AA|013B|417578BD|40011DA6|0344|41498527|10675739|071E|3E560232|1068703B|0738|3E560232|1068703B|0|0|0|0129|41AD55F1|1057B8A2|0|0|0|0|0|0|0763|41DCC28A|10675739|0|0|0|03BC|407F4BEF|10675739||56a04fea4b64880d16aad3f76469c176
38|2021-09-26T12:07:26.7020000+01:00|10675739|Jasy Heavensong|00505021|97086|97086|8384|10000|11|0|101.7319|98.91852|0|-1.22653|0|0|0|0A0168|41F00000|E0000000|0F016B|41F00000|E0000000|0129|41AE6447|1057B8A2|28FE0030|4511CE87|10675739|0|0|0|08A9|40A00000|107629AA|013B|41779984|40011DA6|0347|0|10675739|0344|413A8736|10675739|0|0|0|071E|3D9994D8|1068703B|0738|3D9994D8|1068703B|0763|41D5438F|10675739|0|0|0|0|0|0|03BC|407F4BEF|10675739||f6ac6ecde3f33ffaefffe7677804f347
30|2021-09-26T12:07:26.7020000+01:00|8a8|The Wanderer's Minuet|0.00|107629AA|Joeson Lmoa|10675739|Jasy Heavensong|00|97086|106059||7e2345ca4521a999df3f0171c41a5ca6
26|2021-09-26T12:07:26.7020000+01:00|8a9|Mage's Ballad|5.00|107629AA|Joeson Lmoa|10675739|Jasy Heavensong|00|97086|106059||c33b8027997a252565bd2cf89aee8956
38|2021-09-26T12:07:26.7020000+01:00|1068703B|Tomo Uchuu|00505026|106478|106478|10000|10000|9|0|110.1043|107.4619|0|2.044132|0|0|0|14016A|41F00000|E0000000|0A0168|41F00000|E0000000|071F|42700000|1068703B|28FE0030|45127AC4|1068703B|013B|417353DE|40011DA6|08A9|40A00000|107629AA|0129|41AF76B6|1057B8A2|071D|4250CF15|1068703B|0737|4250CF15|1068703B|0344|413ECCD7|10675739|0|0|0|0|0|0|0|0|0|0|0|0|0763|41D76661|10675739|0721|3F814777|1068703B|0|0|0|0|0|0|03BC|407F4BEF|10675739||74cccdf37f48f8232cb46edf6260ef51
30|2021-09-26T12:07:26.7020000+01:00|8a8|The Wanderer's Minuet|0.00|107629AA|Joeson Lmoa|1068703B|Tomo Uchuu|00|106478|106059||6a1ed7091c17a338938e200aaa2a77e3
26|2021-09-26T12:07:26.7020000+01:00|8a9|Mage's Ballad|5.00|107629AA|Joeson Lmoa|1068703B|Tomo Uchuu|00|106478|106059||b5d32bd9d88e85c589952015475222b2
38|2021-09-26T12:07:26.7020000+01:00|1075A2E4|Niru Summers|00505015|116310|153077|10000|10000|11|0|91.76191|110.5485|-0.001406318|2.476514|0|0|0|0A016D|41F00000|E0000000|0A0168|41F00000|E0000000|5B|0|1075A2E4|28FD0030|45133CF4|1075A2E4|0|0|0|0763|41DA9FB9|10675739|0344|41453F86|10675739|08A9|40A00000|107629AA|28F60031|40EE3D08|1075A2E4|5A|41C67748|1075A2E4|071E|3EAF9CA7|1068703B|0738|3EAF9CA7|1068703B|0756|3D8524D8|10675739|3204C4|421C4CFA|1057B8A2|03BC|407F4BEF|10675739|013B|417BDF25|40011DA6|640059|4134D509|1075A2E4|0390|4134D509|1075A2E4|0761|41E93958|10675739||5c0e486d603b2bb1e644853998b7a232
30|2021-09-26T12:07:26.7020000+01:00|8a8|The Wanderer's Minuet|0.00|107629AA|Joeson Lmoa|1075A2E4|Niru Summers|00|153077|106059||842e9b4e5897b4258c60ced962204f1a
26|2021-09-26T12:07:26.7020000+01:00|8a9|Mage's Ballad|5.00|107629AA|Joeson Lmoa|1075A2E4|Niru Summers|00|153077|106059||5eedbc96d0e2dbe36843aceade3872ac
38|2021-09-26T12:07:26.7020000+01:00|10752D6C|Volkon Vysk|00505025|119897|152511|10000|10000|0|0|100.5408|85.29269|-0.0006594441|-1.078796|0|0|0|14016A|41F00000|E0000000|0A0168|41F00000|E0000000|28FD0030|45131E68|10752D6C|08A9|40A00000|107629AA|0344|41476463|10675739|28F60031|409D161D|10752D6C|0|0|0|013B|416CE547|40011DA6|0|0|0|0|0|0|0|0|0|0|0|0|0|0|0|0763|41DBB227|10675739|0|0|0|0729|0|10752D6C|0|0|0|03BC|407F4BEF|10675739||aa58b14f1c83517b4d79f7eddef236cd
30|2021-09-26T12:07:26.7020000+01:00|8a8|The Wanderer's Minuet|0.00|107629AA|Joeson Lmoa|10752D6C|Volkon Vysk|00|152511|106059||8faebf795dba3978cd9dbc80d497e067
26|2021-09-26T12:07:26.7020000+01:00|8a9|Mage's Ballad|5.00|107629AA|Joeson Lmoa|10752D6C|Volkon Vysk|00|152511|106059||20baf4cdab9446902ab0c5f133aae764
38|2021-09-26T12:07:26.7910000+01:00|10675739|Jasy Heavensong|00505021|97086|97086|8384|10000|11|0|101.7319|98.91852|0|-1.22653|0|0|0|0A0168|41F00000|E0000000|0F016B|41F00000|E0000000|0129|41ADABF5|1057B8A2|28FE0030|4511CD17|10675739|0|0|0|08A9|409D1EB8|107629AA|013B|417628E0|40011DA6|0347|0|10675739|0344|41391692|10675739|0|0|0|0|0|0|0|0|0|0763|41D48B3D|10675739|0|0|0|0|0|0|03BC|4079895F|10675739||7a2d7cf6b6c24537e25bf4e7620e6553
30|2021-09-26T12:07:26.7910000+01:00|71e|Technical Finish|0.00|1068703B|Tomo Uchuu|10675739|Jasy Heavensong|00|97086|106478||ba81cf203b25f6d7e0fdf7fb23e47972
30|2021-09-26T12:07:26.7910000+01:00|738|Esprit|0.00|1068703B|Tomo Uchuu|10675739|Jasy Heavensong|00|97086|106478||99e294b9282f4252e54241d20610d499
38|2021-09-26T12:07:26.7910000+01:00|1075A2E4|Niru Summers|00505015|116310|153077|10000|10000|0|0|91.76191|110.5485|-0.001406318|2.476514|0|0|0|0A016D|41F00000|E0000000|0A0168|41F00000|E0000000|5B|0|1075A2E4|28FD0030|45133B84|1075A2E4|0|0|0|0763|41D9E767|10675739|0344|4143CEE2|10675739|08A9|409D1EB8|107629AA|28F60031|40EB5BC0|1075A2E4|5A|41C5BEF6|1075A2E4|071E|3E81882C|1068703B|0738|3E81882C|1068703B|0|0|0|3204C4|421BF0D2|1057B8A2|03BC|4079895F|10675739|013B|417A6E81|40011DA6|640059|41336465|1075A2E4|0390|41336465|1075A2E4|0761|41E88106|10675739||05e596bfacaf12bb8fd13735fea0f952
30|2021-09-26T12:07:26.7910000+01:00|756|Divination|0.00|10675739|Jasy Heavensong|1075A2E4|Niru Summers|00|153077|97086||9a049e7aec37081a36cde2c04159fe73
37|2021-09-26T12:07:26.8340000+01:00|1075A2E4|Niru Summers|00008BF6|114152|153077|10000|10000|0||91.83842|110.4419|0|2.156524|1500|0|0|01|12002E40|0|0|E0000000||00a9ab483b8ce89f279c630bfcd4245d
37|2021-09-26T12:07:26.8340000+01:00|40011D69|Living Liquid|00008BF6|4432850|12889320|10000|10000|0||94.69651|105.8586|0|-0.5622728||6a611b2f85c1933c2d844309ac2372e4
21|2021-09-26T12:07:26.8350000+01:00|1068703B|Tomo Uchuu|07|Attack|40011DEA|Liquid Hand|720303|223E0000|0|0|0|0|0|0|0|0|0|0|0|0|0|0|4899035|12889320|10000|10000|0|1000|100.9886|90.42622|0|-3.081015|106478|106478|10000|10000|0|1000|110.2823|107.3707|0|2.042037|00008BFB|0|35ee01b922ee5ae1f8b08b6551e8070d
38|2021-09-26T12:07:26.8350000+01:00|1075A2E4|Niru Summers|00505015|114152|153077|10000|10000|0|0|91.83842|110.4419|0|2.156524|0|0|0|0A016D|41F00000|E0000000|0A0168|41F00000|E0000000|5B|0|1075A2E4|28FD0030|45133AD0|1075A2E4|0|0|0|0763|41D98D4A|10675739|0344|41431AA9|10675739|08A9|409BB645|107629AA|28F60031|40E9F34D|1075A2E4|5A|41C564D9|1075A2E4|071E|3E560202|1068703B|0738|3E560202|1068703B|0|0|0|3204C4|421BC3C4|1057B8A2|03BC|4076B87A|10675739|013B|4179BA48|40011DA6|640059|4132B02C|1075A2E4|0390|4132B02C|1075A2E4||05b9407732d4824f6c87388f8eeeef92
30|2021-09-26T12:07:26.8350000+01:00|761|Nocturnal Intersection|0.00|10675739|Jasy Heavensong|1075A2E4|Niru Summers|00|153077|97086||2ac8317b8a35dfa98a97b32417b6ea51
21|2021-09-26T12:07:26.9240000+01:00|10675739|Jasy Heavensong|40AB|Malefic IV|40011D69|Living Liquid|750003|39000000|1B|40AB8000|0|0|0|0|0|0|0|0|0|0|0|0|4434735|12889320|10000|10000|0|1000|94.69651|105.8586|0|-0.5622728|97086|97086|8384|10000|0|1000|101.7388|98.87137|-0.01531982|-1.127732|00008BFC|0|f9379203a957e05a94914c06f5ec9f01
21|2021-09-26T12:07:26.9240000+01:00|1075A2E4|Niru Summers|07|Attack|40011D69|Living Liquid|710103|1B600000|0|0|0|0|0|0|0|0|0|0|0|0|0|0|4434735|12889320|10000|10000|0|1000|94.69651|105.8586|0|-0.5622728|116310|153077|10000|10000|0|1000|91.83842|110.4419|0|2.156524|00008BFD|0|bcba1f33d90a96405c452d3bc83f07bb
21|2021-09-26T12:07:26.9240000+01:00|10752D6C|Volkon Vysk|3F22|Burst Strike|40011DEA|Liquid Hand|710103|5B6C0000|0|0|0|0|0|0|0|0|0|0|0|0|0|0|4899035|12889320|10000|10000|0|1000|100.9886|90.42622|0|-3.081015|119897|152511|10000|10000|0|1000|100.2613|85.73067|-0.002477338|-0.9574374|00008BFE|0|50bd86636343606229d9925bc63b4f6c
38|2021-09-26T12:07:26.9240000+01:00|107629AA|Joeson Lmoa|00505017|106059|106059|10000|10000|9|0|112.6435|91.29002|-0.01531982|-0.9210263|0|0|0|0A016D|41F00000|E0000000|0A0168|41F00000|E0000000|28FE0030|4511CE87|107629AA|013B|4171E755|40011DA6|0344|4145F3BF|10675739|0|0|0|0|0|0|0|0|0|0129|41AB8D3C|1057B8A2|0|0|0|0|0|0|0763|41DAF9D5|10675739|0|0|0|03BC|4071064D|10675739||d759f8dd34c0e76495b46b2a073792ab
30|2021-09-26T12:07:26.9240000+01:00|71e|Technical Finish|0.00|1068703B|Tomo Uchuu|107629AA|Joeson Lmoa|00|106059|106478||372d231ba1fdf8acf1e581986cd25dde
30|2021-09-26T12:07:26.9240000+01:00|738|Esprit|0.00|1068703B|Tomo Uchuu|107629AA|Joeson Lmoa|00|106059|106478||70fcc2f308ac72ae405b24409263fab6
37|2021-09-26T12:07:27.0130000+01:00|107ABEEC|Greiyan Fletz|00008BF7|106544|106544|10000|10000|9||93.67216|105.2583|-0.001732618|-0.2919237|2200|0|0|01|0B000ACD|0|41200000|107ABEEC||03f6d15f09fa144a71c6c1db0d6fb066
38|2021-09-26T12:07:27.0130000+01:00|107ABEEC|Greiyan Fletz|00505022|106544|106544|10000|10000|9|0|93.67216|105.2583|-0.001732618|-0.2919237|0|0|0|0720|42700000|1068703B|14016A|41F00000|E0000000|0A0168|41F00000|E0000000|28FE0030|4511CFF7|107ABEEC|013B|416C310E|40011DA6|0344|413BF3C1|10675739|0129|41AF1C99|1057B8A2|0839|424F8E94|1068703B|0737|424F8E94|1068703B|08A9|4095FBE6|107629AA|0513|4175A26D|107ABEEC|04CD|411F4396|107ABEEC|0|0|0|0|0|0|0721|3F326E28|1068703B|0|0|0|0512|41AF35A1|107ABEEC|0|0|0|03BC|406B43BE|10675739|04E4|40B47AF9|107ABEEC|0763|41D5F9D4|10675739||215882fac0cefc5a0fb8e5c766a44627
38|2021-09-26T12:07:27.0570000+01:00|1075A2E4|Niru Summers|00505015|114152|153077|10000|10000|0|0|91.99028|110.2302|2.829254E-05|1.519897|0|0|0|0A016D|41F00000|E0000000|0A0168|41F00000|E0000000|5B|0|1075A2E4|28FD0030|45133744|1075A2E4|0|0|0|0763|41D7C6A2|10675739|0344|413F8D5A|10675739|08A9|40949BA4|107629AA|28F60031|40E2D8AC|1075A2E4|5A|41C39E31|1075A2E4|0|0|0|0|0|0|0|0|0|3204C4|421AE071|1057B8A2|03BC|4068833B|10675739|013B|41762CF9|40011DA6|640059|412F22DD|1075A2E4|0390|412F22DD|1075A2E4||895cb9df0d5315d485dfcdc6c17f2e4d
30|2021-09-26T12:07:27.0570000+01:00|71e|Technical Finish|0.00|1068703B|Tomo Uchuu|1075A2E4|Niru Summers|00|153077|106478||9e818dc342860eb3430c33e4bc1c732e
30|2021-09-26T12:07:27.0570000+01:00|738|Esprit|0.00|1068703B|Tomo Uchuu|1075A2E4|Niru Summers|00|153077|106478||f96e2667ee2a8e8a3bf1c431899b854c
37|2021-09-26T12:07:27.1900000+01:00|40011D69|Living Liquid|00008BF9|4426433|12889320|10000|10000|0||94.62109|105.9739|0|-0.5581379||6b7435fd93ba13768170f9f6f2df078d
37|2021-09-26T12:07:27.1900000+01:00|40011DEA|Liquid Hand|00008BF5|4877897|12889320|10000|10000|0||100.9689|89.43311|0|-2.978658||fa7284b902bf29a373060fe5dec5d53f
37|2021-09-26T12:07:27.1900000+01:00|40011D69|Living Liquid|00008BF8|4409484|12889320|10000|10000|0||94.62109|105.9739|0|-0.5581379||85751e15b72fcae9746e4ea0f1e86ad9
37|2021-09-26T12:07:27.3240000+01:00|40011D69|Living Liquid|00008BFA|4403410|12889320|10000|10000|0||94.62109|105.9739|0|-0.5409285||7e208665d71c0370ea1c6d2d6d055e18
37|2021-09-26T12:07:27.3240000+01:00|40011D69|Living Liquid|00008BF4|4387644|12889320|10000|10000|0||94.62109|105.9739|0|-0.5409285||72e1a85140943d65d832e5f9d20e95c5
37|2021-09-26T12:07:27.3680000+01:00|40011DEA|Liquid Hand|00008BFB|4869131|12889320|10000|10000|0||100.9689|89.43311|0|-2.758052||f7f8c3e82e7d4607bde26a03a460b631
37|2021-09-26T12:07:27.4580000+01:00|40011D69|Living Liquid|00008BFD|4380636|12889320|10000|10000|0||94.62109|105.9739|0|-0.5238402||05dfee868a5429fd0d003e3a958c04a0
24|2021-09-26T12:07:27.4580000+01:00|10675739|Jasy Heavensong|HoT|0|2FF7|97086|97086|7984|10000|0|1000|101.76|98.72698|-0.005005368|-0.8006992||5c058aa435e371d41ef802a6f16e87b2
24|2021-09-26T12:07:27.4580000+01:00|1075A2E4|Niru Summers|HoT|0|431B|114152|153077|10000|10000|0|1000|91.9003|110.5888|0|1.08125||80c906c623690fea8a20d64875810fa7
24|2021-09-26T12:07:27.4580000+01:00|10752D6C|Volkon Vysk|HoT|0|30E4|119897|152511|10000|10000|0|1000|99.17345|87.68273|-0.002006604|0.2086807||e90b59b6776c8f9681fd3464bbce56aa
38|2021-09-26T12:07:27.4580000+01:00|10675739|Jasy Heavensong|00505021|97086|97086|7984|10000|11|0|101.76|98.72698|-0.005005368|-0.8006992|0|0|0|0A0168|41F00000|E0000000|0F016B|41F00000|E0000000|0129|41A855EF|1057B8A2|28FE0030|4511C26F|10675739|0|0|0|08A9|4087C6A4|107629AA|013B|416B7CDB|40011DA6|0347|0|10675739|0344|412E6A8D|10675739|0|0|0|0|0|0|0|0|0|0763|41CF3537|10675739|0|0|0|0|0|0|03BC|404ED940|10675739||ca88bee8c81d09cc8ac6c444ac59801a
38|2021-09-26T12:07:27.4580000+01:00|1075A2E4|Niru Summers|00505015|131331|153077|10000|10000|0|0|91.9003|110.5888|0|1.08125|0|0|0|0A016D|41F00000|E0000000|0A0168|41F00000|E0000000|5B|0|1075A2E4|28FD0030|451330DC|1075A2E4|0|0|0|0763|41D49161|10675739|0344|413922DD|10675739|08A9|4087C6A4|107629AA|28F60031|40D603AC|1075A2E4|5A|41C068F0|1075A2E4|0|0|0|0|0|0|0|0|0|3204C4|421945D4|1057B8A2|03BC|404ED940|10675739|013B|416FC27C|40011DA6|640059|4128B860|1075A2E4|0390|4128B860|1075A2E4||7abeb2d81a1827f942059da3c937ca01
38|2021-09-26T12:07:27.4580000+01:00|10752D6C|Volkon Vysk|00505025|132413|152511|10000|10000|0|0|99.17345|87.68273|-0.002006604|0.2086807|0|0|0|14016A|41F00000|E0000000|0A0168|41F00000|E0000000|28FD0030|45131250|10752D6C|08A9|4087C6A4|107629AA|0344|413B47BA|10675739|28F60031|4084DCC1|10752D6C|0|0|0|013B|4160C89E|40011DA6|0|0|0|0|0|0|0|0|0|0|0|0|0|0|0|0763|41D5A3CF|10675739|0|0|0|0729|0|10752D6C|0|0|0|03BC|404ED940|10675739||9820a8824665e8d31c0b3c4ee33d16be
20|2021-09-26T12:07:27.5020000+01:00|107401EC|Raesa Velan|DF8|Blizzard IV|40011DEA|Liquid Hand|2.62|84.58069|91.47778|0|1.658064||ee28f71bc3b7caf706981047467a1d24
24|2021-09-26T12:07:27.5460000+01:00|1068703B|Tomo Uchuu|HoT|0|30B2|106478|106478|10000|10000|0|1000|110.2823|107.3707|0|2.039943||56c430367c02475726dd1df1570ca13b
38|2021-09-26T12:07:27.5460000+01:00|1068703B|Tomo Uchuu|00505026|106478|106478|10000|10000|9|0|110.2823|107.3707|0|2.039943|0|0|0|14016A|41F00000|E0000000|0A0168|41F00000|E0000000|071F|42700000|1068703B|28FE0030|45126D44|1068703B|013B|4165CEC3|40011DA6|08A9|4084F5BE|107629AA|0129|41A8B424|1057B8A2|071D|424D6DD3|1068703B|0737|424D6DD3|1068703B|0344|413147BC|10675739|0|0|0|0|0|0|0|0|0|0|0|0|0763|41D0A3CF|10675739|0721|3E28F406|1068703B|0|0|0|0|0|0|03BC|40493776|10675739||ff85aa9f7725d5364754351e42fecbcd
24|2021-09-26T12:07:27.5910000+01:00|107629AA|Joeson Lmoa|HoT|0|3013|106059|106059|10000|10000|0|1000|113.1397|91.21366|0|-2.171364||11d6f2fe8ce4e4e10d80f8d5ea0d5eb8
38|2021-09-26T12:07:27.5910000+01:00|107ABEEC|Greiyan Fletz|00505022|106544|106544|10000|10000|9|0|93.49207|105.8518|0|-0.1864295|0|0|0|0720|42700000|1068703B|14016A|41F00000|E0000000|0A0168|41F00000|E0000000|28FE0030|4511C6BB|107ABEEC|013B|4162F194|40011DA6|0344|4132B447|10675739|0129|41AA7CD9|1057B8A2|0839|424D3EB8|1068703B|0737|424D3EB8|1068703B|08A9|40A00000|107629AA|0513|416C62F3|107ABEEC|04CD|4116041C|107ABEEC|0|0|0|0|0|0|0721|3DF3B2CC|1068703B|0|0|0|0512|41AA95E1|107ABEEC|0|0|0|03BC|404645CC|10675739|04E4|40A1FBFC|107ABEEC|0763|41D15A14|10675739||93ae06195138474bc12efe3e302d8045
38|2021-09-26T12:07:27.5910000+01:00|107401EC|Raesa Velan|00505019|96887|96887|0|10000|40|0|84.58069|91.47778|0|1.670071|0|0|0|0A016D|41F00000|E0000000|0A0168|41F00000|E0000000|29020030|459399EE|107401EC|0129|41A96A6A|1057B8A2|08A9|40A00000|107629AA|013B|4160CCB8|40011DA6|0344|412E6A8E|10675739|0|0|0|0|0|0|0|0|0|28F90031|40FDDAC2|107401EC|0363|41481485|107401EC|02E1|411C3924|107401EC|A8|41893121|107401EC|0|0|0|0|0|0|0763|41CF3537|10675739|0|0|0|03BC|404645CC|10675739||fd296378536ddeedc83887f234f8b2eb
38|2021-09-26T12:07:27.5910000+01:00|1057B8A2|Alex Knightfall|0050501C|97285|97285|8838|10000|17|0|99.96179|93.70557|0|2.889663|0|0|0|0A016D|41F00000|E0000000|1E016C|41F00000|E0000000|28FE0030|44DB587C|1057B8A2|020130|0|1057B8A2|0129|41A520AF|1057B8A2|0|0|0|013B|416B78C4|40011DA6|08A9|40A00000|107629AA|0344|4134D924|10675739|0|0|0|0|0|0|0|0|0|0|0|0|0|0|0|0|0|0|0763|41D26C83|10675739|0|0|0|03BC|404645CC|10675739||5f2ec7462c862891d5a782d733b0218f
38|2021-09-26T12:07:27.5910000+01:00|40011DA6|Eos|00505000|92601|92601|10000|10000|0|0|100.1449|100.0533|0|-0.7491967|0|0|0|28FE0030|44DB587C|1057B8A2|08A9|40A00000|107629AA||ea1c378e8ca6c8aa3e587ab24409db08
38|2021-09-26T12:07:27.5910000+01:00|107629AA|Joeson Lmoa|00505017|106059|106059|10000|10000|9|0|113.1397|91.21366|0|-2.171364|0|0|0|0A016D|41F00000|E0000000|0A0168|41F00000|E0000000|28FE0030|4511C3DB|107629AA|013B|41673738|40011DA6|0344|413B43A2|10675739|0|0|0|0|0|0|0|0|0|0129|41A6352A|1057B8A2|0|0|0|0|0|0|0763|41D5A1C3|10675739|0|0|0|03BC|404645CC|10675739||8b6d3c93fbd741d3d9755de2e598fa59
38|2021-09-26T12:07:27.5910000+01:00|10675739|Jasy Heavensong|00505021|97086|97086|7984|10000|11|0|101.7802|98.68097|-0.0006937582|-1.338279|0|0|0|0A0168|41F00000|E0000000|0F016B|41F00000|E0000000|0129|41A74380|1057B8A2|28FE0030|4511C04B|10675739|0|0|0|08A9|409E872B|107629AA|013B|416957FF|40011DA6|0347|0|10675739|0344|412C45B1|10675739|0|0|0|0|0|0|0|0|0|0763|41CE22C8|10675739|0|0|0|0|0|0|03BC|404645CC|10675739||071105254322c7cb68a00405835994ca
38|2021-09-26T12:07:27.5910000+01:00|1068703B|Tomo Uchuu|00505026|106478|106478|10000|10000|9|0|110.2823|107.3707|0|2.031565|0|0|0|14016A|41F00000|E0000000|0A0168|41F00000|E0000000|071F|42700000|1068703B|28FE0030|45126C88|1068703B|013B|41651259|40011DA6|08A9|409E872B|107629AA|0129|41A855EF|1057B8A2|071D|424D3EB8|1068703B|0737|424D3EB8|1068703B|0344|41308B52|10675739|0|0|0|0|0|0|0|0|0|0|0|0|0763|41D0459A|10675739|0721|3DF3B2CC|1068703B|0|0|0|0|0|0|03BC|404645CC|10675739||8b5113bf44b05ee1f02a8ab2d1812036
38|2021-09-26T12:07:27.5910000+01:00|10752D6C|Volkon Vysk|00505025|132413|152511|10000|10000|0|0|98.21077|89.59873|-0.0006089458|-0.1988709|0|0|0|14016A|41F00000|E0000000|0A0168|41F00000|E0000000|28FD0030|4513102C|10752D6C|08A9|409E872B|107629AA|0344|413922DE|10675739|28F60031|40809306|10752D6C|0|0|0|013B|415EA3C2|40011DA6|0|0|0|0|0|0|0|0|0|0|0|0|0|0|0|0763|41D49160|10675739|0|0|0|0729|0|10752D6C|0|0|0|03BC|404645CC|10675739||f4582a2ae31c14973bb4a8f96ae3b975
37|2021-09-26T12:07:27.6350000+01:00|40011DEA|Liquid Hand|00008BFE|4845727|12889320|10000|10000|0||100.9689|89.43311|0|-2.295589||5b07cf2dff4d337c784dadca9251a496
24|2021-09-26T12:07:27.6350000+01:00|107ABEEC|Greiyan Fletz|HoT|0|316B|106544|106544|10000|10000|0|1000|93.49207|105.8518|0|-0.1864295||de9d12af86d8494909cf00e532ab24fb
38|2021-09-26T12:07:27.6350000+01:00|107ABEEC|Greiyan Fletz|00505022|106544|106544|10000|10000|9|0|93.49207|105.8518|0|-0.1864295|0|0|0|0720|42700000|1068703B|14016A|41F00000|E0000000|0A0168|41F00000|E0000000|28FE0030|4511C607|107ABEEC|013B|41623D5B|40011DA6|0344|4132000E|10675739|0129|41AA22BC|1057B8A2|0839|424D11AA|1068703B|0737|424D11AA|1068703B|08A9|409E978D|107629AA|0513|416BAEBA|107ABEEC|04CD|41154FE3|107ABEEC|0|0|0|0|0|0|0721|3D999620|1068703B|0|0|0|0512|41AA3BC4|107ABEEC|0|0|0|03BC|404374E7|10675739|04E4|40A09389|107ABEEC|0763|41D0FFF7|10675739||9cc20f20b69939ec95711b0c3a8690a3
24|2021-09-26T12:07:27.6800000+01:00|1057B8A2|Alex Knightfall|HoT|0|30C6|97285|97285|8838|10000|0|1000|99.96179|93.70557|0|2.917723||bb6e8cdc4471fb71082dba0bc291321b
38|2021-09-26T12:07:27.6800000+01:00|1057B8A2|Alex Knightfall|0050501C|97285|97285|8838|10000|17|0|99.96179|93.70557|0|2.917723|0|0|0|0A016D|41F00000|E0000000|1E016C|41F00000|E0000000|28FE0030|44DB55A3|1057B8A2|020130|0|1057B8A2|0129|41A46A69|1057B8A2|0|0|0|013B|416A0C39|40011DA6|08A9|409D26E9|107629AA|0344|41336C99|10675739|0|0|0|0|0|0|0|0|0|0|0|0|0|0|0|0|0|0|0763|41D1B63D|10675739|0|0|0|03BC|4040939F|10675739||6f066b47428961bc5ad84e71555ef3f7
24|2021-09-26T12:07:27.7250000+01:00|107401EC|Raesa Velan|HoT|0|31B8|96887|96887|0|10000|0|1000|84.58069|91.47778|0|1.677884||e306ac875e3ec12f749326f0a93d9c47
38|2021-09-26T12:07:27.7250000+01:00|107ABEEC|Greiyan Fletz|00505022|106544|106544|10000|10000|9|0|93.49207|105.8518|0|-0.1864295|0|0|0|0720|42700000|1068703B|14016A|41F00000|E0000000|0A0168|41F00000|E0000000|28FE0030|4511C49B|107ABEEC|013B|4160D0D0|40011DA6|0344|41309383|10675739|0129|41A96C76|1057B8A2|0839|424CB688|1068703B|0737|424CB688|1068703B|08A9|409BBE76|107629AA|0513|416A422F|107ABEEC|04CD|4113E358|107ABEEC|0|0|0|0|0|0|0|0|0|0|0|0|0512|41A9857E|107ABEEC|0|0|0|03BC|403DC2BA|10675739|04E4|409DBA72|107ABEEC|0763|41D049B1|10675739||26f5b16804ad482999a279159bba6183
30|2021-09-26T12:07:27.7250000+01:00|721|Devilment|0.00|1068703B|Tomo Uchuu|107ABEEC|Greiyan Fletz|00|106544|106478||be6e8e1cc835b25611948751d240e254
38|2021-09-26T12:07:27.7250000+01:00|107401EC|Raesa Velan|00505019|96887|96887|0|10000|40|0|84.58069|91.47778|0|1.677884|0|0|0|0A016D|41F00000|E0000000|0A0168|41F00000|E0000000|29020030|459398DE|107401EC|0129|41A85A07|1057B8A2|08A9|409BBE76|107629AA|013B|415EABF4|40011DA6|0344|412C49CA|10675739|0|0|0|0|0|0|0|0|0|28F90031|40F99938|107401EC|0363|4145F3C1|107401EC|02E1|411A1860|107401EC|A8|418820BE|107401EC|0|0|0|0|0|0|0763|41CE24D4|10675739|0|0|0|03BC|403DC2BA|10675739||95c06b9d82c5edd96852fa9e559e874a
38|2021-09-26T12:07:27.7250000+01:00|1068703B|Tomo Uchuu|00505026|106478|106478|10000|10000|9|0|110.2865|107.3791|0|2.023188|0|0|0|14016A|41F00000|E0000000|0A0168|41F00000|E0000000|071F|42700000|1068703B|28FE0030|45126A68|1068703B|013B|4162F195|40011DA6|08A9|409A45A1|107629AA|0129|41A7458C|1057B8A2|071D|424CB688|1068703B|0737|424CB688|1068703B|0344|412E6A8E|10675739|0|0|0|0|0|0|0|0|0|0|0|0|0763|41CF3537|10675739|0|0|0|0|0|0|0|0|0|03BC|403DC2BA|10675739||cfaefad8cf13a2a4eddcf040bac76ee0
30|2021-09-26T12:07:27.7250000+01:00|721|Devilment|0.00|1068703B|Tomo Uchuu|1068703B|Tomo Uchuu|00|106478|106478||693290c3e0c5eac13ae0e0d4838c7a5f
20|2021-09-26T12:07:27.8140000+01:00|107ABEEC|Greiyan Fletz|1D41|Higanbana|40011D69|Living Liquid|1.30|93.49207|105.8518|0|-0.1864295||d9e2b36547fc4b03a2d8b02810564dcc
21|2021-09-26T12:07:27.8140000+01:00|1057B8A2|Alex Knightfall|409D|Broil III|40011DEA|Liquid Hand|750103|73550000|1B|409D8000|0|0|0|0|0|0|0|0|0|0|0|0|4845727|12889320|10000|10000|0|1000|100.9689|89.43311|0|-2.079395|97285|97285|8838|10000|0|1000|99.96179|93.70557|0|2.917723|00008BFF|0|f260afad138cc7415908b3a4a59392bf
21|2021-09-26T12:07:27.9460000+01:00|1068703B|Tomo Uchuu|3E85|Saber Dance|40011DEA|Liquid Hand|720203|8D340000|0|0|0|0|0|0|0|0|0|0|0|0|0|0|4845727|12889320|10000|10000|0|1000|100.9689|89.43311|0|-1.676928|106478|106478|10000|10000|0|1000|110.9208|107.6113|0|2.069264|00008C00|0|97993cc21eefbb4e3654915b5dc8ca59
31|2021-09-26T12:07:27.9460000+01:00|1068703B|A0026|00|00|00|3533ccfa569ea07d19345bf76e58a531
37|2021-09-26T12:07:27.9910000+01:00|40011D69|Living Liquid|00008BFC|4366044|12889320|10000|10000|0||93.92945|107.485|0|-0.4211735||514af657fba775cf814da377ecf4c76f
21|2021-09-26T12:07:28.1260000+01:00|10752D6C|Volkon Vysk|3F1A|Rough Divide|40011D69|Living Liquid|710103|24120000|0|0|0|0|0|0|0|0|0|0|0|0|0|0|4366044|12889320|10000|10000|0|1000|93.73896|107.9179|0|-0.408449|132413|152511|10000|10000|0|1000|97.25172|93.02506|-0.0009742191|-0.2454318|00008C01|0|9f0a5819457ae7455651eaf14a13877f
21|2021-09-26T12:07:28.3030000+01:00|107629AA|Joeson Lmoa|1CEF|Stormbite|40011DEA|Liquid Hand|320203|16250000|28C4A60E|4B10000|1B|1CEF8000|0|0|0|0|0|0|0|0|0|0|4845727|12889320|10000|10000|0|1000|100.7256|89.67513|0|-1.015825|106059|106059|10000|10000|0|1000|115.3765|91.48127|0|-1.706977|00008C02|0|d1e14b5543415539b0100349b6514c36
39|2021-09-26T12:07:28.3470000+01:00|40011DA6|Eos|92601|92601|10000|10000|0|0|100.1449|100.0533|0|-0.6626893||1fdd418d03bde20551e0afac37f8fe5d
37|2021-09-26T12:07:28.3920000+01:00|40011DEA|Liquid Hand|00008C00|4809579|12889320|10000|10000|0||100.7256|89.67513|0|-1.015825||1f2e6b91422f0c1bd4ae266225a2f710
21|2021-09-26T12:07:28.3920000+01:00|1057B8A2|Alex Knightfall|409C|Biolysis|40011D69|Living Liquid|F96D0E|7670000|1B|409C8000|0|0|0|0|0|0|0|0|0|0|0|0|4366044|12889320|10000|10000|0|1000|93.51681|108.415|0|-0.3789362|97285|97285|8438|10000|0|1000|99.96179|93.70557|0|1.305666|00008C03|0|0c4c590a79e9f34ac146f83835af7560
21|2021-09-26T12:07:28.3920000+01:00|10675739|Jasy Heavensong|40AA|Combust III|40011D69|Living Liquid|CAC30E|7590000|1B|40AA8000|0|0|0|0|0|0|0|0|0|0|0|0|4366044|12889320|10000|10000|0|1000|93.51681|108.415|0|-0.3789362|97086|97086|7984|10000|0|1000|102.5231|95.08736|-0.0008674504|3.050954|00008C04|0|71f3c8e4fd64f7a9a9341ae6d77e2f44
21|2021-09-26T12:07:28.5240000+01:00|40011DEA|Liquid Hand|4979|Unknown_4979|10752D6C|Volkon Vysk|730003|8C5F0000|0|0|0|0|0|0|0|0|0|0|0|0|0|0|132413|152511|10000|10000|0|1000|96.04948|97.9076|-0.0001000166|-0.2271767|4809579|12889320|10000|10000|0|1000|100.3906|90.00185|0|-0.9026185|00008C05|0|8fc24563e13964c5db56cc33d095e028
37|2021-09-26T12:07:28.6150000+01:00|40011DEA|Liquid Hand|00008BFF|4780054|12889320|10000|10000|0||100.0531|90.33108|0|-0.7885422||889066d0e73f27192a75de3bc99bd8c3
37|2021-09-26T12:07:28.6150000+01:00|40011D69|Living Liquid|00008C01|4356810|12889320|10000|10000|0||93.34057|108.8093|0|-0.3553617||acd2c0a60ba423563b1bf31b50046920
21|2021-09-26T12:07:28.6150000+01:00|107ABEEC|Greiyan Fletz|1D41|Higanbana|40011D69|Living Liquid|710003|3E3B0000|E82A0E|4CC0000|13D|FF8000|0|0|0|0|0|0|0|0|0|0|4366044|12889320|10000|10000|0|1000|93.34057|108.8093|0|-0.3553617|106544|106544|10000|10000|0|1000|93.49207|105.8518|0|0.1574702|00008C06|0|64b3cb560e2bafda02a01f15b9941f8a
21|2021-09-26T12:07:28.6150000+01:00|10752D6C|Volkon Vysk|07|Attack|40011D69|Living Liquid|710003|BF70000|0|0|0|0|0|0|0|0|0|0|0|0|0|0|4366044|12889320|10000|10000|0|1000|93.34057|108.8093|0|-0.3553617|132413|152511|10000|10000|0|1000|94.76656|103.0539|-0.0001000166|-0.2271767|00008C07|0|1e3d2203f888a76e64e10a4f1ad71daa
38|2021-09-26T12:07:28.6150000+01:00|107ABEEC|Greiyan Fletz|00505022|106544|106544|10000|10000|9|0|93.49207|105.8518|0|0.1574702|0|0|0|0720|42700000|1068703B|14016A|41F00000|E0000000|0A0168|41F00000|E0000000|28FE0030|4511B663|107ABEEC|013B|41529364|40011DA6|0344|41225617|10675739|0129|41A24DBA|1057B8A2|0839|42492732|1068703B|0737|42492732|1068703B|08A9|407E8720|107629AA|0513|415C04C3|107ABEEC|0|0|0|0|0|0|0|0|0|0|0|0|0|0|0|0512|41A266C2|107ABEEC|0|0|0|03BC|4004CCFA|10675739|04E4|40813F8C|107ABEEC|0763|41C92AF5|10675739||30d9afa42b2c5682a9b9a176c50e16e8
30|2021-09-26T12:07:28.6150000+01:00|4cd|Kaiten|0.00|107ABEEC|Greiyan Fletz|107ABEEC|Greiyan Fletz|00|106544|106544||9dc6567d295bc59bb7bf2880fdfa03a4
21|2021-09-26T12:07:28.6590000+01:00|107629AA|Joeson Lmoa|08|Shot|40011DEA|Liquid Hand|720203|13110000|0|0|0|0|0|0|0|0|0|0|0|0|0|0|4780054|12889320|10000|10000|0|1000|99.80994|90.58064|0|-0.6937084|106059|106059|10000|10000|0|1000|115.5573|91.51571|0|-1.701347|00008C08|0|b7bbce35513d3b7b1ac2a7c0e6ce2e62
21|2021-09-26T12:07:28.7030000+01:00|40011DA6|Eos|322|Embrace|10752D6C|Volkon Vysk|4|F820000|1B|3228000|0|0|0|0|0|0|0|0|0|0|0|0|132413|152511|10000|10000|0|1000|94.30437|104.9181|-0.01531982|-0.2270808|92601|92601|10000|10000|0|1000|100.1449|100.0533|0|-0.75525|00008C09|0|328ac2012bf73b43b063e156504669c9
38|2021-09-26T12:07:28.8370000+01:00|40011D69|Living Liquid|00505000|4356810|12889320|10000|10000|0|0|93.33936|108.812|0|-0.3553617|0|0|0|0|0|0|2804B1|41C8D2E4|107629AA|0759|3F399668|10675739|2804B0|41C8D2E4|107629AA|0A00A3|415D7CD3|107401EC|0|0|0|072D|410DFBB8|10752D6C|0|0|0|072E|4099811A|10752D6C||3bb61927693c78760fe1f05e996b7ee8
30|2021-09-26T12:07:28.8370000+01:00|767|Biolysis|0.00|1057B8A2|Alex Knightfall|40011D69|Living Liquid|00|12889320|97285||072816b8f5487aadd427a307948cd60c
21|2021-09-26T12:07:28.8820000+01:00|10752D6C|Volkon Vysk|1D6D|Provoke|40011D69|Living Liquid|18|87660000|0|0|0|0|0|0|0|0|0|0|0|0|0|0|4356810|12889320|10000|10000|0|1000|93.33936|108.812|0|-0.3553617|132413|152511|10000|10000|0|1000|94.31682|104.8783|-0.0008874124|-0.2270808|00008C0A|0|a0786087f7b03b86cc20f12c9fe6555d
39|2021-09-26T12:07:28.9710000+01:00|10675739|Jasy Heavensong|97086|97086|7848|10000|0|0|103.0722|93.46693|-0.01531982|-2.688281||ef3f35b63a7916c2cb1a12bb6b95bb6c
39|2021-09-26T12:07:28.9710000+01:00|1075A2E4|Niru Summers|132861|153077|10000|10000|0|0|92.31721|112.0414|0|2.5209||630b1051ef673de2549d5f87fe49d666
39|2021-09-26T12:07:28.9710000+01:00|10752D6C|Volkon Vysk|133938|152511|10000|10000|0|0|94.18551|105.0155|0|-0.1632601||87fce9e4d225a8962940198428a48dfa
21|2021-09-26T12:07:28.9710000+01:00|1075A2E4|Niru Summers|2A|Storm's Path|40011D69|Living Liquid|4C710003|34660000|143D|340000|4|1B1D8000|11B|2A8000|0|0|0|0|0|0|0|0|4356810|12889320|10000|10000|0|1000|93.33936|108.812|0|-0.345313|131331|153077|10000|10000|0|1000|92.31721|112.0414|0|2.5209|00008C0B|0|b1f0adbc4c8d7a641f2cc74d225b4de3
37|2021-09-26T12:07:29.0140000+01:00|40011D69|Living Liquid|00008C03|4356810|12889320|10000|10000|0||93.33936|108.812|0|-0.3156506|0|0|0|01|3767|0|41F00000|1057B8A2||575bf778ed18cc300701c2e6521c154b
26|2021-09-26T12:07:29.0140000+01:00|767|Biolysis|30.00|1057B8A2|Alex Knightfall|40011D69|Living Liquid|00|12889320|97285||58770e0b5da2c9b0dd024e9dea44778f
37|2021-09-26T12:07:29.0140000+01:00|40011D69|Living Liquid|00008C04|4356810|12889320|10000|10000|0||93.33936|108.812|0|-0.3156506|0|0|0|01|02003759|0|41F00000|10675739||fafa560d41ff8838c09d21a3d7608471
26|2021-09-26T12:07:29.0140000+01:00|759|Combust III|30.00|10675739|Jasy Heavensong|40011D69|Living Liquid|00|12889320|97086||a74a83403046c3e5d53bc5cc97ccefeb
24|2021-09-26T12:07:29.0140000+01:00|40011D69|Living Liquid|DoT|0|5DC1|4356810|12889320|10000|10000|0|1000|93.33936|108.812|0|-0.3156506||f8177694c484dd37b250d4bf2cc3c3e9
36|2021-09-26T12:07:29.0150000+01:00|0974|3|0ed372e90a3ea71d8d2e51306d3b03e9
38|2021-09-26T12:07:29.0150000+01:00|40011D69|Living Liquid|00505000|4332809|12889320|10000|10000|0|0|93.33936|108.812|0|-0.3156506|0|0|0|0767|41EFA5E3|1057B8A2|2804B1|41C76659|107629AA|0759|41EFA5E3|10675739|2804B0|41C76659|107629AA|0A00A3|415AA3BD|107401EC|0|0|0|072D|410B22A2|10752D6C|0|0|0|072E|4093CEEC|10752D6C||8c7b1f41f6bc2f131a201b575e9ad6f5
37|2021-09-26T12:07:29.0590000+01:00|10752D6C|Volkon Vysk|00008C05|98003|152511|10000|10000|0||93.7718|105.5037|-0.001540981|-0.1259982|2500|0|0|0||8258dc99fad087ba7a3776430994113c
21|2021-09-26T12:07:29.0590000+01:00|1057B8A2|Alex Knightfall|E02|Emergency Tactics|1057B8A2|Alex Knightfall|E|3180000|0|0|0|0|0|0|0|0|0|0|0|0|0|0|97285|97285|8038|10000|0|1000|99.96179|93.70557|0|-0.4152839|97285|97285|8038|10000|0|1000|99.96179|93.70557|0|-0.4152839|00008C0C|0|ab6c918e101822a5abee22bad35f4185
38|2021-09-26T12:07:29.0600000+01:00|1057B8A2|Alex Knightfall|0050501C|97285|97285|8038|10000|17|0|99.96179|93.70557|0|-0.4152839|0|0|0|0A016D|41F00000|E0000000|1E016C|41F00000|E0000000|28FE0030|44DB2986|1057B8A2|020130|0|1057B8A2|0129|41996233|1057B8A2|0318|C1700000|1057B8A2|013B|4153FBDD|40011DA6|08A9|40620C3F|107629AA|0344|411D5C3D|10675739|0|0|0|0|0|0|0|0|0|0|0|0|0|0|0|0|0|0|0763|41C6AE07|10675739|0|0|0|03BC|3FD0A433|10675739||bdc0ee1b72580901808330c19933dad3
26|2021-09-26T12:07:29.0600000+01:00|318|Emergency Tactics|15.00|1057B8A2|Alex Knightfall|1057B8A2|Alex Knightfall|00|97285|97285||be2431e0924dcea88984602e08e07a46
39|2021-09-26T12:07:29.1040000+01:00|107629AA|Joeson Lmoa|106059|106059|10000|10000|0|0|115.2498|91.48434|-0.006529229|-1.669583||5eb8f5dc4e93ddb7559642935c8b0236
37|2021-09-26T12:07:29.1490000+01:00|40011D69|Living Liquid|00008C07|4329746|12889320|10000|10000|0||93.33936|108.812|0|-0.2808312||c095a258b725f31ae3e6435538ae54e4
21|2021-09-26T12:07:29.1490000+01:00|107ABEEC|Greiyan Fletz|1D4D|Hissatsu: Seigan|40011D69|Living Liquid|710003|242F0000|0|0|0|0|0|0|0|0|0|0|0|0|0|0|4332809|12889320|10000|10000|0|1000|93.33936|108.812|0|-0.2808312|106544|106544|10000|10000|0|1000|93.49207|105.8518|0|0.04480359|00008C0D|0|7437041a3380bfdd655a4ea7f068df04
38|2021-09-26T12:07:29.1490000+01:00|107ABEEC|Greiyan Fletz|00505022|106544|106544|10000|10000|9|0|93.49207|105.8518|0|0.04480359|0|0|0|0720|42700000|1068703B|14016A|41F00000|E0000000|0A0168|41F00000|E0000000|28FE0030|4511ADDB|107ABEEC|013B|414A0822|40011DA6|0344|4119CAD5|10675739|0129|419E0817|1057B8A2|0839|42470465|1068703B|0737|42470465|1068703B|08A9|405C5A12|107629AA|0513|41537981|107ABEEC|0|0|0|0|0|0|0|0|0|0|0|0|0|0|0|0512|419E211F|107ABEEC|0|0|0|03BC|3FC53FD9|10675739|0|0|0|0763|41C4E552|10675739||82493ff4ed6888f69c6974d3834e7bd1
26|2021-09-26T12:07:29.1490000+01:00|720|Dance Partner|60.00|1068703B|Tomo Uchuu|107ABEEC|Greiyan Fletz|00|106544|106478||070488be4cc4e4576fb148d2d9a8dcb4
30|2021-09-26T12:07:29.1490000+01:00|4e4|Eyes Open|0.00|107ABEEC|Greiyan Fletz|107ABEEC|Greiyan Fletz|00|106544|106544||a4dd84c693e07026fe792d61377bf0ae
39|2021-09-26T12:07:29.1930000+01:00|1057B8A2|Alex Knightfall|97285|97285|8284|10000|0|0|99.96179|93.70557|0|-0.4152839||b5ef53eb37f718ef3cfdcb48ee533389
37|2021-09-26T12:07:29.2380000+01:00|40011D69|Living Liquid|00008C06|4313815|12889320|10000|10000|0||93.33936|108.812|0|-0.2559931|0|0|0|01|050034CC|0|42700000|107ABEEC||ee82cf771a269e951ffd42bbde96aa67
26|2021-09-26T12:07:29.2380000+01:00|4cc|Higanbana|60.00|107ABEEC|Greiyan Fletz|40011D69|Living Liquid|00|12889320|106544||cdbfa7a87c9534b9e44520e103c6402d
39|2021-09-26T12:07:29.2380000+01:00|107401EC|Raesa Velan|96887|96887|6200|10000|0|0|84.58069|91.47778|0|1.627958||624e6ae7bbdc0eac7ebb2cd43d1d0c41
37|2021-09-26T12:07:29.3270000+01:00|10752D6C|Volkon Vysk|00008C09|101973|152511|10000|10000|0||92.81223|106.8629|-0.001726968|0.0373752|2500|0|0|0||3275821c6d886beff0c6f6788035a92e
21|2021-09-26T12:07:29.3270000+01:00|40011D69|Living Liquid|4978|Unknown_4978|1075A2E4|Niru Summers|F1730006|57AD0000|1D|70000|710103|AC2A000|0|0|0|0|0|0|0|0|0|0|132861|153077|10000|10000|0|1000|92.61287|111.5963|-0.001237647|2.794427|4313815|12889320|10000|10000|0|1000|93.33936|108.812|0|-0.2306411|00008C0E|0|140894d92e60bc7ca4dac0ae2bbdcfd3
21|2021-09-26T12:07:29.3720000+01:00|107629AA|Joeson Lmoa|6E|Bloodletter|40011DEA|Liquid Hand|720003|190A0000|0|0|0|0|0|0|0|0|0|0|0|0|0|0|4780054|12889320|10000|10000|0|1000|98.43794|93.48904|0|-0.3685406|106059|106059|10000|10000|0|1000|115.1903|91.47778|0|-1.664251|00008C0F|0|950e9b9f4c0efd099b36d787bd028f63
37|2021-09-26T12:07:29.4160000+01:00|40011DEA|Liquid Hand|00008C08|4775173|12889320|10000|10000|0||98.43794|93.48904|0|-0.3685406||218c11aa9946c8151a891269860b01ab
24|2021-09-26T12:07:29.5510000+01:00|40011DEA|Liquid Hand|DoT|0|3934|4775173|12889320|10000|10000|0|1000|97.83984|95.1201|0|-0.356758||b6804c6f7f89e1d0329fec7f6435e52a
38|2021-09-26T12:07:29.5510000+01:00|40011DEA|Liquid Hand|00505000|4760529|12889320|10000|10000|0|0|97.83984|95.1201|0|-0.356758|0|0|0|072E|407CBC8F|10752D6C|0767|41AFD903|1057B8A2|04CC|42543469|107ABEEC||bec096d7531f45f9fd18ff1ca47d322f
37|2021-09-26T12:07:29.5960000+01:00|40011DEA|Liquid Hand|00008C02|4754860|12889320|10000|10000|0||97.83984|95.1201|0|-0.356758|0|0|0|01|030034B1|28|41F00000|107629AA||42f7f68ec4b33c21b5b39c925c641c5e
26|2021-09-26T12:07:29.5960000+01:00|4b1|Stormbite|30.00|107629AA|Joeson Lmoa|40011DEA|Liquid Hand|28|12889320|106059||38fd5f286d91d4415c58b6e523191194
21|2021-09-26T12:07:29.5960000+01:00|107401EC|Raesa Velan|DF8|Blizzard IV|40011DEA|Liquid Hand|250003|5B2A0000|1B|DF88000|0|0|0|0|0|0|0|0|0|0|0|0|4775173|12889320|10000|10000|0|1000|97.83984|95.1201|0|-0.356758|96887|96887|6200|10000|0|1000|84.58069|91.47778|0|1.543278|00008C10|0|02a5f0b4130f060281cfb29b67ca3972
21|2021-09-26T12:07:29.6400000+01:00|10752D6C|Volkon Vysk|3F0D|Demon Slice|40011D69|Living Liquid|710003|100B0000|1B|3F0D8000|0|0|0|0|0|0|0|0|0|0|0|0|4313815|12889320|10000|10000|0|1000|93.33936|108.812|0|-0.227752|101973|152511|10000|10000|0|1000|92.53169|107.5424|-0.01531982|0.1544361|00008C11|0|f037aaca3b56d0a286865cf6906fa50a
37|2021-09-26T12:07:29.6850000+01:00|1057B8A2|Alex Knightfall|00008C0C|97285|97285|8284|10000|17||99.96179|93.70557|0|-0.4152839|1C00|0|0|01|05003318|0|41700000|1057B8A2||2ce21b2dec591c52811cb46a86cbdbed
38|2021-09-26T12:07:29.6850000+01:00|1057B8A2|Alex Knightfall|0050501C|97285|97285|8284|10000|17|0|99.96179|93.70557|0|-0.4152839|0|0|0|0A016D|41F00000|E0000000|1E016C|41F00000|E0000000|28FE0030|44DB157D|1057B8A2|020130|0|1057B8A2|0129|41946026|1057B8A2|0318|416F4396|1057B8A2|013B|4149F7C6|40011DA6|08A9|4039FBDC|107629AA|0344|41135826|10675739|0|0|0|0|0|0|0|0|0|0|0|0|0|0|0|0|0|0|0763|41C1ABFA|10675739|0|0|0|03BC|3F808370|10675739||e6f48e6f0a305bb30880f3272b2d4110
21|2021-09-26T12:07:29.8190000+01:00|107ABEEC|Greiyan Fletz|07|Attack|40011D69|Living Liquid|710303|1F3F0000|0|0|0|0|0|0|0|0|0|0|0|0|0|0|4313815|12889320|10000|10000|0|1000|93.33936|108.812|0|-0.4626813|106544|106544|10000|10000|0|1000|93.49207|105.8518|0|-0.06140828|00008C12|0|d972743e4681a95b625322e67a0ae95d
37|2021-09-26T12:07:29.8620000+01:00|1075A2E4|Niru Summers|00008C0E|110416|153077|10000|10000|0||92.75952|111.3755|0|2.6347|1500|0|0|0||cadc1c7432685bbdd27d5e26add6f62f
37|2021-09-26T12:07:29.8620000+01:00|40011D69|Living Liquid|00008C0E|4311061|12889320|10000|10000|0||93.33936|108.812|0|-0.6041098||52bd5dde4ff716b4ce1fa69cc6d48868
37|2021-09-26T12:07:29.9070000+01:00|40011D69|Living Liquid|00008C0D|4301798|12889320|10000|10000|0||93.33936|108.812|0|-0.6041098||9e394d13652a2fbdddfa93520d56aa31
21|2021-09-26T12:07:29.9520000+01:00|107ABEEC|Greiyan Fletz|1D38|Yukikaze|40011D69|Living Liquid|48710003|3E370000|13D|B88000|11B|1D388000|0|0|0|0|0|0|0|0|0|0|4301798|12889320|10000|10000|0|1000|93.33936|108.812|0|-0.7409406|106544|106544|10000|10000|0|1000|93.49207|105.8518|0|-0.06140828|00008C13|0|e9fae9c689cffe0dd94f6d345fd9808f
21|2021-09-26T12:07:29.9970000+01:00|1068703B|Tomo Uchuu|07|Attack|40011DEA|Liquid Hand|720003|11920000|0|0|0|0|0|0|0|0|0|0|0|0|0|0|4754860|12889320|10000|10000|0|1000|96.45004|98.91107|0|-0.3567448|106478|106478|10000|10000|0|1000|117.2053|107.9957|0|-1.606399|00008C14|0|03dedd29f6acfb0016b1316d8abf3777
37|2021-09-26T12:07:30.2650000+01:00|40011D69|Living Liquid|00008C11|4297691|12889320|10000|10000|0||93.33936|108.812|0|-0.7689359||15ce97bfba0f1ede7d54e022bdfcc974
21|2021-09-26T12:07:30.3100000+01:00|1075A2E4|Niru Summers|07|Attack|40011D69|Living Liquid|710003|102F0000|0|0|0|0|0|0|0|0|0|0|0|0|0|0|4297691|12889320|10000|10000|0|1000|93.33936|108.812|0|-0.6838497|110416|153077|10000|10000|0|1000|92.75952|111.3755|0|2.6347|00008C15|0|7d8ddea9ab263744caf24abab6f11d75
37|2021-09-26T12:07:30.3540000+01:00|40011D69|Living Liquid|00008C12|4289692|12889320|10000|10000|0||93.33936|108.812|0|-0.6108178||50093b8f4e732ae230fd770742699be1
24|2021-09-26T12:07:30.4440000+01:00|10675739|Jasy Heavensong|HoT|0|3B44|97086|97086|7848|10000|0|1000|103.1663|93.18677|0|2.30604||d3b726aad19cc280c67048746bb14ab5
24|2021-09-26T12:07:30.4440000+01:00|1075A2E4|Niru Summers|HoT|0|2F2B|110416|153077|10000|10000|0|1000|92.75952|111.3755|0|2.6347||51e793437d999a40fd7bd7aad9819c33
24|2021-09-26T12:07:30.4440000+01:00|10752D6C|Volkon Vysk|HoT|0|3996|101973|152511|10000|10000|0|1000|91.44751|113.405|-0.003829502|0.683558||e03bbe73aef9668853e6bb5cf81f9abc
38|2021-09-26T12:07:30.4440000+01:00|10675739|Jasy Heavensong|00505021|97086|97086|7848|10000|11|0|103.1663|93.18677|0|2.30604|0|0|0|0A0168|41F00000|E0000000|0F016B|41F00000|E0000000|0129|41907292|1057B8A2|28FE0030|451192BB|10675739|0|0|0|08A9|40068720|107629AA|013B|413BB63E|40011DA6|0347|0|10675739|0344|40FD47DF|10675739|0|0|0|0|0|0|0|0|0|0763|41B751DA|10675739|0|0|0|0|0|0|03BC|3E7BEA51|10675739||d8e70a0acc7afa4ec4d37f438630f4a8
38|2021-09-26T12:07:30.4440000+01:00|1075A2E4|Niru Summers|00505015|122491|153077|10000|10000|0|0|92.75952|111.3755|0|2.6347|0|0|0|0A016D|41F00000|E0000000|0A0168|41F00000|E0000000|5B|0|1075A2E4|28FD0030|45130128|1075A2E4|0|0|0|0763|41BCAE04|10675739|0344|41095C40|10675739|08A9|3FA0E553|107629AA|28F60031|406CEC9D|1075A2E4|5A|41A88593|1075A2E4|0|0|0|0|0|0|0|0|0|3204C4|420D5440|1057B8A2|03BC|3E7BEA51|10675739|013B|413FFBDF|40011DA6|640059|40F1E382|1075A2E4|0390|40F1E382|1075A2E4||f52bd27021755cefdbb7e5651f755e63
38|2021-09-26T12:07:30.4440000+01:00|10752D6C|Volkon Vysk|00505025|116715|152511|10000|10000|0|0|91.44751|113.405|-0.003829502|0.683558|0|0|0|14016A|41F00000|E0000000|0A0168|41F00000|E0000000|28FD0030|4512E29C|10752D6C|08A9|40068720|107629AA|0344|410B811D|10675739|28F60031|3F953DC8|10752D6C|0|0|0|013B|41310201|40011DA6|0|0|0|0|0|0|0|0|0|0|0|0|0|0|0|0763|41BDC072|10675739|0|0|0|0729|0|10752D6C|0|0|0|03BC|3E7BEA51|10675739||78504fe5be23334222623efc65b37072
37|2021-09-26T12:07:30.4880000+01:00|40011D69|Living Liquid|00008C0B|4276278|12889320|10000|10000|0||93.33936|108.812|0|-0.5447135||f8e229bc0c4c24430f6c2fd2dc88e199
37|2021-09-26T12:07:30.4880000+01:00|1075A2E4|Niru Summers|00008C0B|129432|153077|10000|10000|0||92.75952|111.3755|0|2.6347|1500|0|0|0||5d7dfcfc7c20dd1d1186cc781a110eae
37|2021-09-26T12:07:30.5340000+01:00|40011DEA|Liquid Hand|00008C14|4750362|12889320|10000|10000|0||94.72842|103.3201|0|-0.3806659||2a4543908c8757ca5bbff208c5be5b27
24|2021-09-26T12:07:30.5340000+01:00|1068703B|Tomo Uchuu|HoT|0|313D|106478|106478|10000|10000|0|1000|117.2053|107.9957|0|-1.218936||9dc5ec512e3e2226a1409de86d3b0979
21|2021-09-26T12:07:30.5340000+01:00|1068703B|Tomo Uchuu|3E75|Cascade|40011DEA|Liquid Hand|720003|2F3D0000|F|7168000|1B|3E758000|0|0|0|0|0|0|0|0|0|0|4754860|12889320|10000|10000|0|1000|94.72842|103.3201|0|-0.3806659|106478|106478|10000|10000|0|1000|117.2053|107.9957|0|-1.218936|00008C16|0|639a9542741a947c08e55744a2cb1565
38|2021-09-26T12:07:30.5340000+01:00|1068703B|Tomo Uchuu|00505026|106478|106478|10000|10000|9|0|117.2053|107.9957|0|-1.218936|0|0|0|14016A|41F00000|E0000000|0A0168|41F00000|E0000000|071F|42700000|1068703B|28FE0030|45123D8C|1068703B|013B|4136040D|40011DA6|08A9|4000D4F3|107629AA|0129|4190CEBB|1057B8A2|071D|42417B39|1068703B|0737|42417B39|1068703B|0344|41017D06|10675739|0716|C1A00000|1068703B|0|0|0|0|0|0|0|0|0|0763|41B8BE66|10675739|0|0|0|0|0|0|0|0|0|03BC|3E20C780|10675739||8cee15a6152641dcb9351ae317d83bdf
26|2021-09-26T12:07:30.5340000+01:00|71f|Closed Position|60.00|1068703B|Tomo Uchuu|1068703B|Tomo Uchuu|00|106478|106478||907d5dfd7d7ed26066b3c7bdb0e19249
26|2021-09-26T12:07:30.5340000+01:00|716|Flourishing Cascade|20.00|1068703B|Tomo Uchuu|1068703B|Tomo Uchuu|00|106478|106478||1d5c7b232ea755310237a74c6b775110
24|2021-09-26T12:07:30.5790000+01:00|107629AA|Joeson Lmoa|HoT|0|3188|106059|106059|10000|10000|0|1000|113.3478|91.67263|-0.002390773|-1.411935||3944638be24ce52eec5cafaa239a5652
38|2021-09-26T12:07:30.5790000+01:00|107ABEEC|Greiyan Fletz|00505022|106544|106544|10000|10000|9|0|93.49207|105.8518|0|-0.06140828|0|0|0|0720|42700000|1068703B|14016A|41F00000|E0000000|0A0168|41F00000|E0000000|28FE0030|45119703|107ABEEC|013B|413326DE|40011DA6|0344|4102E991|10675739|0129|41929770|1057B8A2|0839|42414C1E|1068703B|0737|42414C1E|1068703B|08A9|40A00000|107629AA|0513|413C983D|107ABEEC|0|0|0|0|0|0|0|0|0|0|0|0|0|0|0|0512|4192B078|107ABEEC|0|0|0|03BC|3DE359C0|10675739|0|0|0|0763|41B974AB|10675739||f59386730008c2af40a54aa4a0ccda4c
26|2021-09-26T12:07:30.5790000+01:00|8a9|Mage's Ballad|5.00|107629AA|Joeson Lmoa|107ABEEC|Greiyan Fletz|00|106544|106059||92cfb5571e6b0fdbe2578f85ccab3956
38|2021-09-26T12:07:30.5790000+01:00|107401EC|Raesa Velan|00505019|96887|96887|6200|10000|40|0|84.58069|91.47778|0|1.516146|0|0|0|0A016D|41F00000|E0000000|0A0168|41F00000|E0000000|29020030|45938212|107401EC|0129|41918501|1057B8A2|08A9|40A00000|107629AA|013B|41310202|40011DA6|0344|40FD3FAE|10675739|0|0|0|0|0|0|0|0|0|28F90031|409E4532|107401EC|0363|411849CF|107401EC|02E1|40D8DCCE|107401EC|A8|4162977D|107401EC|0|0|0|0|0|0|0763|41B74FCE|10675739|0|0|0|03BC|3DE359C0|10675739||d2c223788cc68b1ee1ad0eed190806f8
26|2021-09-26T12:07:30.5790000+01:00|8a9|Mage's Ballad|5.00|107629AA|Joeson Lmoa|107401EC|Raesa Velan|00|96887|106059||96c6598427a0ca203f0e718ef6b98736
38|2021-09-26T12:07:30.5790000+01:00|1057B8A2|Alex Knightfall|0050501C|97285|97285|8284|10000|17|0|99.95732|92.76842|-0.002077896|-2.742805|0|0|0|0A016D|41F00000|E0000000|1E016C|41F00000|E0000000|28FE0030|44DAF8E9|1057B8A2|020130|0|1057B8A2|0129|418D3B46|1057B8A2|0318|4160F9DE|1057B8A2|013B|413BAE0E|40011DA6|08A9|40A00000|107629AA|0344|41050E6E|10675739|0|0|0|0|0|0|0|0|0|0|0|0|0|0|0|0|0|0|0763|41BA871A|10675739|0|0|0|03BC|3DE359C0|10675739||9969eb9d83b3a7c844921a16790a2341
26|2021-09-26T12:07:30.5790000+01:00|8a9|Mage's Ballad|5.00|107629AA|Joeson Lmoa|1057B8A2|Alex Knightfall|00|97285|106059||34bb96f958ae9b497241fb1e62cc1fd9
38|2021-09-26T12:07:30.5790000+01:00|40011DA6|Eos|00505000|92601|92601|10000|10000|0|0|100.1449|100.0533|0|-0.6599574|0|0|0|28FE0030|44DAF8E9|1057B8A2|08A9|40A00000|107629AA||9d0750b563fa9df51c303d164e380b00
26|2021-09-26T12:07:30.5790000+01:00|8a9|Mage's Ballad|5.00|107629AA|Joeson Lmoa|40011DA6|Eos|00|92601|106059||77150ca92d4f29f49e5abb5e7672c1e6
38|2021-09-26T12:07:30.5790000+01:00|107629AA|Joeson Lmoa|00505017|106059|106059|10000|10000|9|0|113.3478|91.67263|-0.002390773|-1.411935|0|0|0|0A016D|41F00000|E0000000|0A0168|41F00000|E0000000|28FE0030|45119423|107629AA|013B|41376C82|40011DA6|0344|410B78EC|10675739|0|0|0|0|0|0|0|0|0|0129|418E4FC1|1057B8A2|0|0|0|0|0|0|0763|41BDBC5A|10675739|0|0|0|03BC|3DE359C0|10675739||32a3c9b515b46ec405d1b965131e31e2
38|2021-09-26T12:07:30.5790000+01:00|10675739|Jasy Heavensong|00505021|97086|97086|7848|10000|11|0|103.1663|93.18677|0|2.30604|0|0|0|0A0168|41F00000|E0000000|0F016B|41F00000|E0000000|0129|418F5E17|1057B8A2|28FE0030|45119093|10675739|0|0|0|08A9|409E872B|107629AA|013B|41398D49|40011DA6|0347|0|10675739|0344|40F8F5F3|10675739|0|0|0|0|0|0|0|0|0|0763|41B63D5F|10675739|0|0|0|0|0|0|03BC|3DE359C0|10675739||59d8cc6fb1213ec4aa8c3f432b8917d8
26|2021-09-26T12:07:30.5790000+01:00|8a9|Mage's Ballad|4.95|107629AA|Joeson Lmoa|10675739|Jasy Heavensong|00|97086|106059||ab7f5a33b8e844c1dc9fdb376be8cb99
38|2021-09-26T12:07:30.5790000+01:00|1068703B|Tomo Uchuu|00505026|106478|106478|10000|10000|9|0|117.2053|107.9957|0|-1.218936|0|0|0|14016A|41F00000|E0000000|0A0168|41F00000|E0000000|071F|42700000|1068703B|28FE0030|45123CD0|1068703B|013B|413547A3|40011DA6|08A9|409E872B|107629AA|0129|41907086|1057B8A2|071D|42414C1E|1068703B|0737|42414C1E|1068703B|0344|4100C09C|10675739|0716|C1A00000|1068703B|0|0|0|0|0|0|0|0|0|0763|41B86031|10675739|0|0|0|0|0|0|0|0|0|03BC|3DE359C0|10675739||4887ed11fc90f8ae28dd5a1a4a1cb6b0
26|2021-09-26T12:07:30.5790000+01:00|8a9|Mage's Ballad|4.95|107629AA|Joeson Lmoa|1068703B|Tomo Uchuu|00|106478|106059||0fcee2c7e8fb24e6703673a9d71c135e
38|2021-09-26T12:07:30.5790000+01:00|1075A2E4|Niru Summers|00505015|129432|153077|10000|10000|0|0|92.75952|111.3755|0|2.6347|0|0|0|0A016D|41F00000|E0000000|0A0168|41F00000|E0000000|5B|0|1075A2E4|28FD0030|4512FF00|1075A2E4|0|0|0|0763|41BB9989|10675739|0344|4107334B|10675739|08A9|409E872B|107629AA|28F60031|406448C6|1075A2E4|5A|41A77118|1075A2E4|0|0|0|0|0|0|0|0|0|3204C4|420CCA03|1057B8A2|03BC|3DE359C0|10675739|013B|413DD2EA|40011DA6|640059|40ED9196|1075A2E4|0390|40ED9196|1075A2E4||1510c1fbf81d954cd878d84a498ae872
26|2021-09-26T12:07:30.5790000+01:00|8a9|Mage's Ballad|4.95|107629AA|Joeson Lmoa|1075A2E4|Niru Summers|00|153077|106059||0367c3aa4d100c9a53343caca0b7d6b3
38|2021-09-26T12:07:30.5790000+01:00|10752D6C|Volkon Vysk|00505025|116715|152511|10000|10000|0|0|91.44751|113.405|-0.003829502|0.683558|0|0|0|14016A|41F00000|E0000000|0A0168|41F00000|E0000000|28FD0030|4512E074|10752D6C|08A9|409E872B|107629AA|0344|41095828|10675739|28F60031|3F83F61A|10752D6C|0|0|0|013B|412ED90C|40011DA6|0|0|0|0|0|0|0|0|0|0|0|0|0|0|0|0763|41BCABF7|10675739|0|0|0|0729|0|10752D6C|0|0|0|03BC|3DE359C0|10675739||56f6221d15a74108b5d57ef99e2948d9
26|2021-09-26T12:07:30.5790000+01:00|8a9|Mage's Ballad|4.95|107629AA|Joeson Lmoa|10752D6C|Volkon Vysk|00|152511|106059||a7a5bfe28f6e003228c24cddf9510b3d
20|2021-09-26T12:07:30.6220000+01:00|40011D78|Alexander Prime|49B5|Protean Wave|40011D78|Alexander Prime|2.70|97.39545|108.3706|0|-4.792213E-05||2f573200974d59fb6d2ec0d296037a2f
20|2021-09-26T12:07:30.6220000+01:00|40011D7A|Alexander Prime|49B5|Protean Wave|40011D7A|Alexander Prime|2.70|97.39545|108.3706|0|-4.792213E-05||95c2c498c4d7e222868772f2d63c4fec
20|2021-09-26T12:07:30.6220000+01:00|40011D79|Alexander Prime|49B5|Protean Wave|40011D79|Alexander Prime|2.70|97.39545|108.3706|0|-4.792213E-05||aeecf37fa8d8bae4749951004865c0b7
24|2021-09-26T12:07:30.6220000+01:00|107ABEEC|Greiyan Fletz|HoT|0|2FE5|106544|106544|10000|10000|0|1000|93.49207|105.8518|0|-0.06140828||d151a77874e69083de218c18215c6e28
21|2021-09-26T12:07:30.6220000+01:00|107ABEEC|Greiyan Fletz|1D7A|True North|107ABEEC|Greiyan Fletz|E|4E20000|0|0|0|0|0|0|0|0|0|0|0|0|0|0|106544|106544|10000|10000|0|1000|93.49207|105.8518|0|-0.06140828|106544|106544|10000|10000|0|1000|93.49207|105.8518|0|-0.06140828|00008C17|0|ea2ef69b331865ac46bcbfbba790d9c5
38|2021-09-26T12:07:30.6220000+01:00|107ABEEC|Greiyan Fletz|00505022|106544|106544|10000|10000|9|0|93.49207|105.8518|0|-0.06140828|0|0|0|0720|42700000|1068703B|14016A|41F00000|E0000000|0A0168|41F00000|E0000000|28FE0030|45119653|107ABEEC|013B|413276BD|40011DA6|0344|41023970|10675739|0129|41923F60|1057B8A2|0839|42412016|1068703B|0737|42412016|1068703B|08A9|409E9FBE|107629AA|0513|413BE81C|107ABEEC|04E2|C1200000|107ABEEC|0|0|0|0|0|0|0|0|0|0|0|0|0512|41925868|107ABEEC|0|0|0|03BC|3D8B495E|10675739|0|0|0|0763|41B91C9B|10675739||89147d60068893ffe4e4f8ca783ed6b0
26|2021-09-26T12:07:30.6220000+01:00|4e2|True North|10.00|107ABEEC|Greiyan Fletz|107ABEEC|Greiyan Fletz|00|106544|106544||f3693b138a82bc32ce9a908c1021285e
03|2021-09-26T12:07:30.2500000+01:00|40011d7a|Liquid Rage|0|1|0|0||9213|9020|44|44|0|10000|0|0|85|100|0|3.034595||f78fbcf6d98134a41b8ec0a0e15e6e99
03|2021-09-26T12:07:30.2500000+01:00|40011d79|Liquid Rage|0|1|0|0||9213|9020|44|44|0|10000|0|0|115|100|0|0.2690737||f59a1ec3f6c842ea295432e0fa20156c
03|2021-09-26T12:07:30.2500000+01:00|40011d78|Liquid Rage|0|1|0|0||9213|9020|44|44|0|10000|0|0|100|115|0|-2.034138||f8781ddb2c5effbdabd6e2cf2379f6bd
03|2021-09-26T12:07:30.2500000+01:00|40011df8|Jagd Doll|0|50|0|0||9214|11338|167240|167240|10000|10000|0|0|106.4672|97.32121|0|-4.792213E-05||7a8372eea7a75b7be552155440a3287a
03|2021-09-26T12:07:30.2500000+01:00|40011df5|Jagd Doll|0|50|0|0||9214|11338|167240|167240|10000|10000|0|0|97.32121|93.53284|0|-4.792213E-05||d7bbfa9ba6890d355911d3caad328199
03|2021-09-26T12:07:30.2500000+01:00|40011df6|Jagd Doll|0|50|0|0||9214|11338|167240|167240|10000|10000|0|0|93.53284|102.6788|0|-4.792213E-05||6710210d3315d23a626319dfbdade4a0
03|2021-09-26T12:07:30.2500000+01:00|40011df7|Jagd Doll|0|50|0|0||9214|11338|167240|167240|10000|10000|0|0|102.6788|106.4672|0|-4.792213E-05||800de30a867ff46d6a7bf74d8ec0807f
24|2021-09-26T12:07:30.6660000+01:00|1057B8A2|Alex Knightfall|HoT|0|39F8|97285|97285|8284|10000|0|1000|99.94502|92.46165|0|-2.899857||ff4fcf1201497fb46551c559fa8a3162
38|2021-09-26T12:07:30.6660000+01:00|1057B8A2|Alex Knightfall|0050501C|97285|97285|8284|10000|17|0|99.94502|92.46165|0|-2.899857|0|0|0|0A016D|41F00000|E0000000|1E016C|41F00000|E0000000|28FE0030|44DAF621|1057B8A2|020130|0|1057B8A2|0129|418C8919|1057B8A2|0318|415F9584|1057B8A2|013B|413A49B4|40011DA6|08A9|409D374B|107629AA|0344|4103AA14|10675739|0|0|0|0|0|0|0|0|0|0|0|0|0|0|0|0|0|0|0763|41B9D4ED|10675739|0|0|0|03BC|3CC4B2C8|10675739||2ea536f5d28e474d9d5f1ea2b330b905
24|2021-09-26T12:07:30.7100000+01:00|107401EC|Raesa Velan|HoT|0|2934|96887|96887|6200|10000|0|1000|84.58069|91.44809|-0.0006776198|1.527745||55476ef44510d17b483e1e4cbeba2aa8
38|2021-09-26T12:07:30.7110000+01:00|107ABEEC|Greiyan Fletz|00505022|106544|106544|10000|10000|9|0|93.49207|105.8518|0|-0.06140828|0|0|0|0720|42700000|1068703B|14016A|41F00000|E0000000|0A0168|41F00000|E0000000|28FE0030|451194E7|107ABEEC|013B|41310A32|40011DA6|0344|4100CCE5|10675739|0129|4191891A|1057B8A2|0839|4240C4F4|1068703B|0737|4240C4F4|1068703B|08A9|409BC6A7|107629AA|0513|413A7B91|107ABEEC|04E2|C1200000|107ABEEC|0|0|0|0|0|0|0|0|0|0|0|0|0512|4191A222|107ABEEC|0|0|0|0|0|0|0|0|0|0763|41B86655|10675739||a9f766321ad2a12a7bea856863039685
30|2021-09-26T12:07:30.7110000+01:00|3bc|Wheel Of Fortune|0.00|10675739|Jasy Heavensong|107ABEEC|Greiyan Fletz|00|106544|97086||3894bbaa45b6c7bfbb9063923273fd37
38|2021-09-26T12:07:30.7110000+01:00|107401EC|Raesa Velan|00505019|96887|96887|6200|10000|40|0|84.58069|91.40649|0|1.535104|0|0|0|0A016D|41F00000|E0000000|0A0168|41F00000|E0000000|29020030|45938104|107401EC|0129|419076AB|1057B8A2|08A9|409BC6A7|107629AA|013B|412EE556|40011DA6|0344|40F90655|10675739|0|0|0|0|0|0|0|0|0|28F90031|409A0BD9|107401EC|0363|41162D23|107401EC|02E1|40D4A375|107401EC|A8|41607AD1|107401EC|0|0|0|0|0|0|0763|41B64178|10675739||ad4fce3a73ccd9652b2afa6f558b5cae
30|2021-09-26T12:07:30.7110000+01:00|3bc|Wheel Of Fortune|0.00|10675739|Jasy Heavensong|107401EC|Raesa Velan|00|96887|97086||bcac776ba7e0d54aa7b337d9085f9217
38|2021-09-26T12:07:30.7110000+01:00|1057B8A2|Alex Knightfall|0050501C|97285|97285|8284|10000|17|0|99.93454|92.20013|-0.008993438|-3.033729|0|0|0|0A016D|41F00000|E0000000|1E016C|41F00000|E0000000|28FE0030|44DAF4B0|1057B8A2|020130|0|1057B8A2|0129|418C2CF0|1057B8A2|0318|415EDD32|1057B8A2|013B|41399162|40011DA6|08A9|409BC6A7|107629AA|0344|4102F1C2|10675739|0|0|0|0|0|0|0|0|0|0|0|0|0|0|0|0|0|0|0763|41B978C4|10675739||93f5277853a3c9f89a33615769f90c1d
30|2021-09-26T12:07:30.7110000+01:00|3bc|Wheel Of Fortune|0.00|10675739|Jasy Heavensong|1057B8A2|Alex Knightfall|00|97285|97086||f007bee4a706a95faf3462cc3fcb17fc
38|2021-09-26T12:07:30.7110000+01:00|107629AA|Joeson Lmoa|00505017|106059|106059|10000|10000|9|0|111.8555|92.12695|-0.002599177|-1.348375|0|0|0|0A016D|41F00000|E0000000|0A0168|41F00000|E0000000|28FE0030|45119207|107629AA|013B|41354FD6|40011DA6|0344|41095C40|10675739|0|0|0|0|0|0|0|0|0|0129|418D416B|1057B8A2|0|0|0|0|0|0|0763|41BCAE04|10675739||ec6bd307af2019ad67c7f074e035e2df
30|2021-09-26T12:07:30.7110000+01:00|3bc|Wheel Of Fortune|0.00|10675739|Jasy Heavensong|107629AA|Joeson Lmoa|00|106059|97086||a391d0138cdefe318ed225bcbe52c662
38|2021-09-26T12:07:30.7110000+01:00|10675739|Jasy Heavensong|00505021|97086|97086|7848|10000|11|0|103.1663|93.18677|0|2.30604|0|0|0|0A0168|41F00000|E0000000|0F016B|41F00000|E0000000|0129|418E4FC1|1057B8A2|28FE0030|45118E77|10675739|0|0|0|08A9|409A4DD2|107629AA|013B|4137709D|40011DA6|0347|0|10675739|0344|40F4BC9A|10675739|0|0|0|0|0|0|0|0|0|0763|41B52F09|10675739||37eaced516dc22de2cbf095ef185c8dd
30|2021-09-26T12:07:30.7110000+01:00|3bc|Wheel Of Fortune|0.00|10675739|Jasy Heavensong|10675739|Jasy Heavensong|00|97086|97086||80103d765be78e762fc5cafde2e114fe
38|2021-09-26T12:07:30.7110000+01:00|1068703B|Tomo Uchuu|00505026|106478|106478|10000|10000|9|0|117.2053|107.9957|0|-1.218936|0|0|0|14016A|41F00000|E0000000|0A0168|41F00000|E0000000|071F|42700000|1068703B|28FE0030|45123AB4|1068703B|013B|41332AF7|40011DA6|08A9|409A4DD2|107629AA|0129|418F6230|1057B8A2|071D|4240C4F4|1068703B|0737|4240C4F4|1068703B|0344|40FD47DF|10675739|0716|C1A00000|1068703B|0|0|0|0|0|0|0|0|0|0763|41B751DB|10675739||f1dfdd719ad53e493291ae62f3aee19f
30|2021-09-26T12:07:30.7110000+01:00|3bc|Wheel Of Fortune|0.00|10675739|Jasy Heavensong|1068703B|Tomo Uchuu|00|106478|97086||05ba7d88e7601dc52662b0d44b959260
38|2021-09-26T12:07:30.7110000+01:00|1075A2E4|Niru Summers|00505015|129432|153077|10000|10000|0|0|92.75952|111.3755|0|2.6347|0|0|0|0A016D|41F00000|E0000000|0A0168|41F00000|E0000000|5B|0|1075A2E4|28FD0030|4512FCE4|1075A2E4|0|0|0|0763|41BA8B33|10675739|0344|4105169F|10675739|08A9|409A4DD2|107629AA|28F60031|405BD616|1075A2E4|5A|41A662C2|1075A2E4|0|0|0|0|0|0|0|0|0|3204C4|420C42D9|1057B8A2|0|0|0|013B|413BB63E|40011DA6|640059|40E9583D|1075A2E4|0390|40E9583D|1075A2E4||9c8b2e3447a31c35f8e64cb3c7f8f0b5
30|2021-09-26T12:07:30.7110000+01:00|3bc|Wheel Of Fortune|0.00|10675739|Jasy Heavensong|1075A2E4|Niru Summers|00|153077|97086||7c0371e3d9f97e3babf3c418a2557def
38|2021-09-26T12:07:30.7110000+01:00|10752D6C|Volkon Vysk|00505025|116715|152511|10000|10000|0|0|91.38077|114.5649|-0.001959513|0.7108708|0|0|0|14016A|41F00000|E0000000|0A0168|41F00000|E0000000|28FD0030|4512DE58|10752D6C|08A9|409A4DD2|107629AA|0344|41073B7C|10675739|28F60031|3F662173|10752D6C|0|0|0|013B|412CBC60|40011DA6|0|0|0|0|0|0|0|0|0|0|0|0|0|0|0|0763|41BB9DA1|10675739|0|0|0|0729|0|10752D6C||f688fb1b94ef6ca5f52fdbc0c6d4ff46
30|2021-09-26T12:07:30.7110000+01:00|3bc|Wheel Of Fortune|0.00|10675739|Jasy Heavensong|10752D6C|Volkon Vysk|00|152511|97086||a819003d6abb27090ed9ae464980d81a
37|2021-09-26T12:07:30.7560000+01:00|40011D69|Living Liquid|00008C13|4260351|12889320|10000|10000|0||93.33936|108.812|0|-0.4533304||e4003cab3de6c3f3ab7463782430e901
37|2021-09-26T12:07:30.7560000+01:00|107ABEEC|Greiyan Fletz|00008C13|106544|106544|10000|10000|9||93.49207|105.8518|0|-0.06140828|2200|0|0|01|0B003322|0|C1200000|107ABEEC||ea9f872bcc43750372914c00d41eda3d
37|2021-09-26T12:07:30.7560000+01:00|40011DEA|Liquid Hand|00008C10|4727024|12889320|10000|10000|0||93.99165|105.1373|0|-0.3823676||3d2f55d276523d366e21cf7a7eb58c04
20|2021-09-26T12:07:30.8000000+01:00|1057B8A2|Alex Knightfall|409D|Broil III|40011DEA|Liquid Hand|2.43|99.93454|92.20013|-0.008993438|-3.033729||0ebf8b87a88496d9447ee6cde5d43d3f
21|2021-09-26T12:07:30.8000000+01:00|10675739|Jasy Heavensong|40AA|Combust III|40011DEA|Liquid Hand|CAC30E|7590000|1B|40AA8000|0|0|0|0|0|0|0|0|0|0|0|0|4750362|12889320|10000|10000|0|1000|93.99165|105.1373|0|-0.3823676|97086|97086|7848|10000|0|1000|103.1663|93.18677|0|2.30604|00008C18|0|20c118007137a4d62d3e21511407a3fe
37|2021-09-26T12:07:30.8450000+01:00|40011D69|Living Liquid|00008C15|4256208|12889320|10000|10000|0||93.30359|108.967|0|-0.4073176||199698e8d37ffc6cd8ccb1f529ec6fd6
21|2021-09-26T12:07:30.8450000+01:00|107629AA|Joeson Lmoa|1CEE|Caustic Bite|40011DEA|Liquid Hand|720203|1EB50000|28C4EA0E|4B00000|1B|1CEE8000|0|0|0|0|0|0|0|0|0|0|4727024|12889320|10000|10000|0|1000|93.65944|105.9865|0|-0.374347|106059|106059|10000|10000|0|1000|111.1719|92.36089|-0.00161179|-0.9302299|00008C19|0|77018e5dedcadc8c5f499434419c368b
37|2021-09-26T12:07:30.9790000+01:00|40011DEA|Liquid Hand|00008C0F|4720614|12889320|10000|10000|0||93.02469|107.957|0|-0.2534506||cafc23c332879bcfe54172dde95260b9
20|2021-09-26T12:07:30.9790000+01:00|107401EC|Raesa Velan|99|Thunder III|40011DEA|Liquid Hand|2.34|86.62204|91.26027|-0.002227554|1.543881||99e88699cbd316668eb40a117a6e998e
37|2021-09-26T12:07:31.1560000+01:00|107ABEEC|Greiyan Fletz|00008C17|106544|106544|10000|10000|9||93.49207|105.8518|0|-0.06140828|2200|0|0|01|0B003322|0|41200000|107ABEEC||892d9e6fb9eb2c48e5e45f943681a316
38|2021-09-26T12:07:31.1560000+01:00|107ABEEC|Greiyan Fletz|00505022|106544|106544|10000|10000|9|0|93.49207|105.8518|0|-0.06140828|0|0|0|0720|42700000|1068703B|14016A|41F00000|E0000000|0A0168|41F00000|E0000000|28FE0030|45118DC7|107ABEEC|013B|4129E762|40011DA6|0344|40F35426|10675739|0129|418DF7B1|1057B8A2|0839|423EFC43|1068703B|0737|423EFC43|1068703B|08A9|408D8103|107629AA|0513|413358C1|107ABEEC|04E2|411F47AE|107ABEEC|0|0|0|0|0|0|0|0|0|0|0|0|0512|418E10B9|107ABEEC|0|0|0|0|0|0|0|0|0|0763|41B4D4EC|10675739||b5bee9f6266cc3a3a73d95e61d551420
26|2021-09-26T12:07:31.1560000+01:00|720|Dance Partner|60.00|1068703B|Tomo Uchuu|107ABEEC|Greiyan Fletz|00|106544|106478||a7d9251537b804e25e8bfa2cdf67fe98
31|2021-09-26T12:07:31.2900000+01:00|1068703B|140026|00|00|00|f523fcd29e9997e2fb0191cb24d48d31
37|2021-09-26T12:07:31.3350000+01:00|40011DEA|Liquid Hand|00008C16|4708521|12889320|10000|10000|0||92.55593|109.8933|0|-0.1876927||024def36e88ca50beea6e6a448fcbd15
37|2021-09-26T12:07:31.3350000+01:00|1068703B|Tomo Uchuu|00008C16|106478|106478|10000|10000|9||117.1284|108.1458|0|-1.197993|2600|0|0|01|0A003556|0|41A00000|1068703B||1f4a4d7083750543f0e2eacbbe34fc87
39|2021-09-26T12:07:31.3350000+01:00|40011DA6|Eos|92601|92601|10000|10000|0|0|100.1449|100.0533|0|-0.6356773||426e48131c3d6a496927add80d582baf
21|2021-09-26T12:07:31.3350000+01:00|1075A2E4|Niru Summers|2A|Storm's Path|40011D69|Living Liquid|710003|CD40000|0|0|0|0|0|0|0|0|0|0|0|0|0|0|4256208|12889320|10000|10000|0|1000|92.97428|110.3111|0|-0.2759864|129432|153077|10000|10000|0|1000|92.75952|111.3755|0|2.6347|00008C1A|0|c40582507fba9a1d9ff5e6a76a766e8b
38|2021-09-26T12:07:31.3350000+01:00|1068703B|Tomo Uchuu|00505026|106478|106478|10000|10000|9|0|117.1284|108.1458|0|-1.197993|0|0|0|14016A|41F00000|E0000000|0A0168|41F00000|E0000000|071F|42700000|1068703B|28FE0030|451230BC|1068703B|013B|41292F11|40011DA6|08A9|40865600|107629AA|0129|418A643B|1057B8A2|071D|423E45FF|1068703B|0737|423E45FF|1068703B|0344|40E9500D|10675739|0716|419FA5E3|1068703B|0|0|0|0|0|0|0|0|0|0763|41B253E6|10675739||a29c937f5c33c73cc4b9ab361e779ed6
37|2021-09-26T12:07:31.4240000+01:00|40011DEA|Liquid Hand|00008C18|4708521|12889320|10000|10000|0||92.38701|110.7786|0|-0.1731588|0|0|0|01|04003599|0|41F00000|10675739||c7b53c53cbee084384622ceaa8a64ec7
26|2021-09-26T12:07:31.4240000+01:00|759|Combust III|30.00|10675739|Jasy Heavensong|40011DEA|Liquid Hand|00|12889320|97086||2e4628131b2e7a4cbf89256a5a899b9f
21|2021-09-26T12:07:31.4250000+01:00|10752D6C|Volkon Vysk|3F18|Superbolide|10752D6C|Volkon Vysk|E|72C0000|4A|10000|0|0|0|0|0|0|0|0|0|0|0|0|116715|152511|10000|10000|0|1000|92.11955|117.0955|0|1.609425|116715|152511|10000|10000|0|1000|92.11955|117.0955|0|1.609425|00008C1B|0|367ec8f28e55ef3ca372b9dafe9a93d5
21|2021-09-26T12:07:31.4250000+01:00|10752D6C|Volkon Vysk|07|Attack|40011D69|Living Liquid|710103|12FD0000|0|0|0|0|0|0|0|0|0|0|0|0|0|0|4256208|12889320|10000|10000|0|1000|92.84914|110.8083|0|-0.2638013|116715|152511|10000|10000|0|1000|92.11955|117.0955|0|1.609425|00008C1C|0|9905526f566dc743137f2ddd7670da34
21|2021-09-26T12:07:31.5580000+01:00|40011DEA|Liquid Hand|4979|Unknown_4979|10752D6C|Volkon Vysk|730003|96E30000|0|0|0|0|0|0|0|0|0|0|0|0|0|0|116715|152511|10000|10000|0|1000|92.21013|117.3428|-0.005946403|1.971914|4708521|12889320|10000|10000|0|1000|92.23277|111.5925|0|-0.1514774|00008C1D|0|1f7dd315dd53422a39ecb247cb22609e
34|2021-09-26T12:07:31.6030000+01:00|40011DF5|Jagd Doll|40011DF5|Jagd Doll|01|e5fac133760d6964636ed170dd040a8e
34|2021-09-26T12:07:31.6030000+01:00|40011DF7|Jagd Doll|40011DF7|Jagd Doll|01|1a6258cec2dff6c9ed2728c5869c0d62
34|2021-09-26T12:07:31.6030000+01:00|40011DF8|Jagd Doll|40011DF8|Jagd Doll|01|0ee0a986e17439a5c7be002096b50de7
34|2021-09-26T12:07:31.6030000+01:00|40011DF6|Jagd Doll|40011DF6|Jagd Doll|01|e027700134c510f2f44b90f3d439a9e1
38|2021-09-26T12:07:31.6470000+01:00|10752D6C|Volkon Vysk|00505025|116715|152511|10000|10000|0|0|92.27124|117.5096|-0.01531982|1.971914|0|0|0|14016A|41F00000|E0000000|0A0168|41F00000|E0000000|28FD0030|4512CF60|10752D6C|08A9|4078A3CD|107629AA|0344|40F07B10|10675739|0|0|0|0|0|0|013B|411DBE6D|40011DA6|0|0|0|0|0|0|0|0|0|0|0|0|0|0|0|0763|41B41EA6|10675739|0|0|0|0729|0|10752D6C||ec5434c97c55e46fcce8241775441fb9
30|2021-09-26T12:07:31.6470000+01:00|31|Medicated|0.00|10752D6C|Volkon Vysk|10752D6C|Volkon Vysk|28F6|152511|152511||28308a452fcbc66810097506a75df95e
21|2021-09-26T12:07:31.9160000+01:00|40011DA6|Eos|322|Embrace|10752D6C|Volkon Vysk|4|FD30000|1B|3228000|0|0|0|0|0|0|0|0|0|0|0|0|116715|152511|10000|10000|0|1000|92.27124|117.5096|0|1.971914|92601|92601|10000|10000|0|1000|100.1449|100.0533|0|-0.5777924|00008C1E|0|435ec206e222b26eb8f9a50f5e2b1de6
37|2021-09-26T12:07:31.9610000+01:00|40011D69|Living Liquid|00008C1C|4251347|12889320|10000|10000|0||92.66797|111.5281|0|-0.06543493||fff654db6f2f8dd47630e07ae8dfaecf
39|2021-09-26T12:07:31.9610000+01:00|10675739|Jasy Heavensong|97086|97086|7712|10000|0|0|103.1663|93.18677|0|-0.5460067||77fc29a9332ffbf751c35204afec7fe1
39|2021-09-26T12:07:31.9610000+01:00|1075A2E4|Niru Summers|130962|153077|10000|10000|0|0|92.75476|111.3993|0|-2.065495||13aa11099ed16040e4546eb49e2587e7
39|2021-09-26T12:07:31.9610000+01:00|10752D6C|Volkon Vysk|118240|152511|10000|10000|0|0|92.27124|117.5096|0|1.971914||296b08ef93f4b4d0bd4df5c7de639d43
24|2021-09-26T12:07:32.0050000+01:00|40011D69|Living Liquid|DoT|0|8038|4256208|12889320|10000|10000|0|1000|92.66797|111.5281|0|-0.06543493||263b993e9b1a07c96632ac774822b830
36|2021-09-26T12:07:32.0050000+01:00|0A50|3|9625ebecfbb72e0f5d5c6554f5fcad4b
38|2021-09-26T12:07:32.0050000+01:00|40011D69|Living Liquid|00505000|4218523|12889320|10000|10000|0|0|92.66797|111.5281|0|-0.06543493|0|0|0|0767|41D7B84D|1057B8A2|2804B1|41AF78C3|107629AA|0759|41D7B84D|10675739|2804B0|41AF78C3|107629AA|0A00A3|412AC89F|107401EC|04CC|4264C099|107ABEEC|072D|40B68EF6|10752D6C|0|0|0|072E|3FD0628D|10752D6C||99340635c854d4d5df755fae88480fc5
37|2021-09-26T12:07:32.0500000+01:00|10752D6C|Volkon Vysk|00008C1B|1|152511|10000|10000|0||92.27124|117.5096|0|1.971914|2500|0|0|01|0500356C|0|41000000|10752D6C||df3691c0bf1a0dd0130b33ca6e6c8457
26|2021-09-26T12:07:32.0500000+01:00|72c|Superbolide|8.00|10752D6C|Volkon Vysk|10752D6C|Volkon Vysk|00|152511|152511||2060aeb077efbc2fbf3307c95e2810a3
39|2021-09-26T12:07:32.0950000+01:00|107629AA|Joeson Lmoa|106059|106059|10000|10000|0|0|113.4483|91.52718|0|1.837813||1426d9754fbb79c49bb2c6e5ff617a7f
21|2021-09-26T12:07:32.0950000+01:00|107ABEEC|Greiyan Fletz|1D35|Hakaze|40011D69|Living Liquid|710103|34680000|1B|1D358000|0|0|0|0|0|0|0|0|0|0|0|0|4256208|12889320|10000|10000|0|1000|92.66797|111.5281|0|-0.06543493|106544|106544|10000|10000|0|1000|93.49207|105.8518|0|-0.1322643|00008C1F|0|42f3af01b02553f66a969ea658348364
37|2021-09-26T12:07:32.1390000+01:00|40011DEA|Liquid Hand|00008C19|4700660|12889320|10000|10000|0||91.90503|113.4508|0|0.08576035|0|0|0|01|050032F0|28|41F00000|107629AA||0831a819c0a1b135ac9c6a0429dc8902
26|2021-09-26T12:07:32.1390000+01:00|4b0|Caustic Bite|30.00|107629AA|Joeson Lmoa|40011DEA|Liquid Hand|28|12889320|106059||744e0f15d1f881daf6d66c40e06e2e1f
21|2021-09-26T12:07:32.1390000+01:00|107ABEEC|Greiyan Fletz|07|Attack|40011D69|Living Liquid|710203|15460000|0|0|0|0|0|0|0|0|0|0|0|0|0|0|4218523|12889320|10000|10000|0|1000|92.66797|111.5281|0|-0.06543493|106544|106544|10000|10000|0|1000|93.49207|105.8518|0|-0.1495175|00008C20|0|63dfaa89d40b4d343cb342decc76e30b
39|2021-09-26T12:07:32.1840000+01:00|1057B8A2|Alex Knightfall|97285|97285|8530|10000|0|0|99.93127|92.11865|0|-0.4654398||e47626372d11b1e8395a98cf4968d3e7
22|2021-09-26T12:07:32.1840000+01:00|10752D6C|Volkon Vysk|3F15|Demon Slaughter|40011DEA|Liquid Hand|3C710003|19DE0000|13D|ED8000|11B|3F158000|0|0|0|0|0|0|0|0|0|0|4708521|12889320|10000|10000|0|1000|91.90503|113.4508|0|0.08576035|1|152511|10000|10000|0|1000|92.27124|117.5096|0|1.971914|00008C21|0|93766a7297339ad626f3def8ee9bbbb2
22|2021-09-26T12:07:32.1840000+01:00|10752D6C|Volkon Vysk|3F15|Demon Slaughter|40011D69|Living Liquid|3C710003|19F40000|0|0|0|0|0|0|0|0|0|0|0|0|0|0|4218523|12889320|10000|10000|0|1000|92.66797|111.5281|0|-0.06543493|1|152511|10000|10000|0|1000|92.27124|117.5096|0|1.971914|00008C21|1|d1c861d4a9705464baccee3d856df09d
39|2021-09-26T12:07:32.2280000+01:00|107401EC|Raesa Velan|96887|96887|10000|10000|0|0|88.30783|91.17261|-0.01531982|0.2793088||0e8fcb5d15f34cfbb0e30c0350f67a5a
38|2021-09-26T12:07:32.3620000+01:00|10675739|Jasy Heavensong|00505021|97086|97086|7712|10000|11|0|102.9474|92.8877|0|-1.734514|0|0|0|0A0168|41F00000|E0000000|0F016B|41F00000|E0000000|0129|41811873|1057B8A2|28FE0030|45117413|10675739|0392|0|10675739|08A9|404AE13C|107629AA|013B|411D0207|40011DA6|0347|0|10675739|0344|40BFDF63|10675739|0|0|0|0|0|0|0|0|0|0763|41A7F7BB|10675739||d70d0001f43d42abbb94067d8f26a3ab
26|2021-09-26T12:07:32.3620000+01:00|392|Bole Drawn|9999.00|10675739|Jasy Heavensong|10675739|Jasy Heavensong|00|97086|97086||25f64fd88d534b971f3fadb132f142c2
21|2021-09-26T12:07:32.3620000+01:00|10675739|Jasy Heavensong|E06|Draw|10675739|Jasy Heavensong|B|3200000|23D|AF8000|0|0|0|0|0|0|0|0|0|0|0|0|97086|97086|7712|10000|0|1000|102.9474|92.8877|0|-1.734514|97086|97086|7712|10000|0|1000|102.9474|92.8877|0|-1.734514|00008C22|0|9ba82893a6975756d8c0ed559cfa2ad9
21|2021-09-26T12:07:32.3620000+01:00|40011D69|Living Liquid|4978|Unknown_4978|10752D6C|Volkon Vysk|730003|1000|0|0|0|0|0|0|0|0|0|0|0|0|0|0|1|152511|10000|10000|0|1000|92.27124|117.5096|0|1.971914|4218523|12889320|10000|10000|0|1000|92.66797|111.5281|0|-0.06543493|00008C23|0|0fe5aaa2bb98011677ff9e27947804e0
37|2021-09-26T12:07:32.5420000+01:00|10752D6C|Volkon Vysk|00008C1E|4052|152511|10000|10000|0||92.27124|117.5096|0|1.971914|2500|0|0|0||3dba8daec034f9175cc57209a75856bb
24|2021-09-26T12:07:32.5420000+01:00|40011DEA|Liquid Hand|DoT|0|6C76|4700660|12889320|10000|10000|0|1000|91.90503|113.4508|0|0.08576035||2cecb3a0925840609416ae5251bdf348
38|2021-09-26T12:07:32.5420000+01:00|40011DEA|Liquid Hand|00505000|4672894|12889320|10000|10000|0|0|91.90503|113.4508|0|0.08576035|0|0|0|072E|3F754010|10752D6C|0767|4197EB6C|1057B8A2|04CC|42483DB8|107ABEEC|2804B1|41D81269|107629AA|0759|41E6B438|10675739|2804B0|41EC6C8A|107629AA||290c11559858c906a8c7cde383bb4661
22|2021-09-26T12:07:32.6310000+01:00|40011DEA|Liquid Hand|482C|Hand Of Parting|1075A2E4|Niru Summers|750003|9C00000|1B|482C8000|0|0|0|0|0|0|0|0|0|0|0|0|130962|153077|10000|10000|0|1000|91.0945|114.1655|-0.002126451|-1.570315|4672894|12889320|10000|10000|0|1000|91.90503|113.4508|0|0.08576035|00008C24|0|557de53459abd4a71f4b4c7d76c43f95
22|2021-09-26T12:07:32.6310000+01:00|40011DEA|Liquid Hand|482C|Hand Of Parting|10752D6C|Volkon Vysk|750003|1000|1B|482C8000|0|0|0|0|0|0|0|0|0|0|0|0|4052|152511|10000|10000|0|1000|92.27124|117.5096|0|1.971914|4672894|12889320|10000|10000|0|1000|91.90503|113.4508|0|0.08576035|00008C24|1|8feca20a28d257fb7ce77a3a8ee9f831
22|2021-09-26T12:07:32.6310000+01:00|40011DEA|Liquid Hand|482C|Hand Of Parting|107ABEEC|Greiyan Fletz|750003|400|1B|482C8000|0|0|0|0|0|0|0|0|0|0|0|0|106544|106544|10000|10000|0|1000|93.49207|105.8138|0|-2.01094|4672894|12889320|10000|10000|0|1000|91.90503|113.4508|0|0.08576035|00008C24|2|8245ef8d5f7453e89f1cf6169acdbf0b
22|2021-09-26T12:07:32.6310000+01:00|40011DEA|Liquid Hand|482C|Hand Of Parting|1068703B|Tomo Uchuu|750003|400|1B|482C8000|0|0|0|0|0|0|0|0|0|0|0|0|106478|106478|10000|10000|0|1000|109.9163|109.9809|0|-2.058789|4672894|12889320|10000|10000|0|1000|91.90503|113.4508|0|0.08576035|00008C24|3|879ac312146438dfcb84377b70b2fb9c
22|2021-09-26T12:07:32.6310000+01:00|40011DEA|Liquid Hand|482C|Hand Of Parting|107401EC|Raesa Velan|750003|200|1B|482C8000|0|0|0|0|0|0|0|0|0|0|0|0|96887|96887|10000|10000|0|1000|88.42603|91.17261|0|0.1538317|4672894|12889320|10000|10000|0|1000|91.90503|113.4508|0|0.08576035|00008C24|4|d71165d0745c1a5d8c64b87915d59009
22|2021-09-26T12:07:32.6310000+01:00|40011DEA|Liquid Hand|482C|Hand Of Parting|1057B8A2|Alex Knightfall|750003|400|1B|482C8000|0|0|0|0|0|0|0|0|0|0|0|0|97285|97285|8530|10000|0|1000|99.93127|92.11865|0|-0.3608267|4672894|12889320|10000|10000|0|1000|91.90503|113.4508|0|0.08576035|00008C24|5|459c6b786acca47771a8015ae2cc9043
22|2021-09-26T12:07:32.6310000+01:00|40011DEA|Liquid Hand|482C|Hand Of Parting|10675739|Jasy Heavensong|750003|400|1B|482C8000|0|0|0|0|0|0|0|0|0|0|0|0|97086|97086|7712|10000|0|1000|102.2774|91.81379|0|2.734698|4672894|12889320|10000|10000|0|1000|91.90503|113.4508|0|0.08576035|00008C24|6|320e03b7bf8e2c7923dbe3be1566b2c2
22|2021-09-26T12:07:32.6310000+01:00|40011DEA|Liquid Hand|482C|Hand Of Parting|107629AA|Joeson Lmoa|750003|400|1B|482C8000|0|0|0|0|0|0|0|0|0|0|0|0|106059|106059|10000|10000|0|1000|114.58|91.30782|-0.01531982|1.3702|4672894|12889320|10000|10000|0|1000|91.90503|113.4508|0|0.08576035|00008C24|7|a65ddc25a6bc170ddc1129eda86ed3af
37|2021-09-26T12:07:32.6740000+01:00|40011D69|Living Liquid|00008C20|4213077|12889320|10000|10000|0||92.66797|111.5281|0|-0.06543493||b82f933107fbba708abb7e2017038d5a
37|2021-09-26T12:07:32.7190000+01:00|40011D69|Living Liquid|00008C1F|4199661|12889320|10000|10000|0||92.66797|111.5281|0|-0.06543493||f5ec19b50bfb5abfb6cfb0285dfcd4dd
21|2021-09-26T12:07:32.7190000+01:00|1057B8A2|Alex Knightfall|409D|Broil III|40011DEA|Liquid Hand|750003|46220000|1B|409D8000|0|0|0|0|0|0|0|0|0|0|0|0|4672894|12889320|10000|10000|0|1000|91.90503|113.4508|0|0.08576035|97285|97285|8530|10000|0|1000|99.93127|92.11865|0|-0.3608267|00008C25|0|70d824d6b66afdf66f28d3965a994eb9
37|2021-09-26T12:07:32.8080000+01:00|40011DEA|Liquid Hand|00008C21|4666272|12889320|10000|10000|0||91.90503|113.4508|0|0.08576035||3b9afb750bdb5ff4ab0f4bf310724287
21|2021-09-26T12:07:32.8090000+01:00|107401EC|Raesa Velan|99|Thunder III|40011DEA|Liquid Hand|550203|1A730000|ADC830E|A30000|11|3638000|F|A48000|1B|998000|0|0|0|0|0|0|4672894|12889320|10000|10000|0|1000|91.90503|113.4508|0|0.08576035|96887|96887|10000|10000|0|1000|88.42603|91.17261|0|0.1538317|00008C26|0|3435273d50a5aa14a281ce444e80674e
38|2021-09-26T12:07:32.8090000+01:00|107401EC|Raesa Velan|00505019|96887|96887|9600|10000|40|0|88.42603|91.17261|0|0.1538317|0|0|0|0A016D|41F00000|E0000000|0A0168|41F00000|E0000000|29020030|45937042|107401EC|0129|417F5BE7|1057B8A2|08A9|403147A2|107629AA|013B|410D53F1|40011DA6|0344|40B5E37A|10675739|A4|C1900000|107401EC|0|0|0|0|0|0|28F90031|402DD207|107401EC|0|0|0|02E1|4091809A|107401EC|A8|413EE96C|107401EC|0|0|0|0|0|0|0763|41A578C0|10675739||e0bdd4fbd6c2dd75830fcacc94a37a49
26|2021-09-26T12:07:32.8090000+01:00|a4|Thundercloud|18.00|107401EC|Raesa Velan|107401EC|Raesa Velan|00|96887|96887||476d90f96a48b1b3ba3fca6d8086d247
30|2021-09-26T12:07:32.8090000+01:00|363|Sharpcast|0.00|107401EC|Raesa Velan|107401EC|Raesa Velan|00|96887|96887||a38370e084c46e2744f36469957b494f
37|2021-09-26T12:07:32.8530000+01:00|40011D69|Living Liquid|00008C1A|4196377|12889320|10000|10000|0||92.66797|111.5281|0|-0.06543493||bf29d3fcb1d08c2ddca5ce248e1c41a5
37|2021-09-26T12:07:32.9440000+01:00|40011D69|Living Liquid|00008C21|4189733|12889320|10000|10000|0||92.66797|111.5281|0|-0.06543493|01|0|0|0||9a3b1bac40c0376d26c298dc1d865aa7
21|2021-09-26T12:07:33.0770000+01:00|107629AA|Joeson Lmoa|08|Shot|40011DF8|Jagd Doll|720203|12880000|0|0|0|0|0|0|0|0|0|0|0|0|0|0|167240|167240|10000|10000|0|1000|106.4672|97.32121|0|-4.792213E-05|106059|106059|10000|10000|0|1000|114.58|91.49586|-0.004580799|-0.9183354|00008C27|0|b24463b3fffe387541ff72792a7ed106
21|2021-09-26T12:07:33.1220000+01:00|107629AA|Joeson Lmoa|DE6|Empyreal Arrow|40011DF8|Jagd Doll|720103|39FB0000|1B|DE68000|0|0|0|0|0|0|0|0|0|0|0|0|167240|167240|10000|10000|0|1000|106.4672|97.32121|0|-4.792213E-05|106059|106059|10000|10000|0|1000|114.58|91.49586|-0.004580799|-0.9183354|00008C28|0|f806152020e533b0c7b33f806acac356
20|2021-09-26T12:07:33.2110000+01:00|10675739|Jasy Heavensong|40AB|Malefic IV|40011DEA|Liquid Hand|1.43|102.2201|91.72192|0|2.734698||90cad9ab0f03d1ab8f676f20bcac9d62
21|2021-09-26T12:07:33.3010000+01:00|1068703B|Tomo Uchuu|3E77|Reverse Cascade|40011DF7|Jagd Doll|720003|39730000|0|0|0|0|0|0|0|0|0|0|0|0|0|0|167240|167240|10000|10000|0|1000|102.6788|106.4672|0|-4.792213E-05|106478|106478|10000|10000|0|1000|110.3905|109.571|0|2.754131|00008C29|0|1dbf878c3628a80146550ff9f6884581
21|2021-09-26T12:07:33.3010000+01:00|1068703B|Tomo Uchuu|07|Attack|40011DF7|Jagd Doll|720003|12310000|0|0|0|0|0|0|0|0|0|0|0|0|0|0|167240|167240|10000|10000|0|1000|102.6788|106.4672|0|-4.792213E-05|106478|106478|10000|10000|0|1000|110.3905|109.571|0|2.754131|00008C2A|0|20532628f5ed58ae1e4bd6ad6946cad1
38|2021-09-26T12:07:33.3010000+01:00|1068703B|Tomo Uchuu|00505026|106478|106478|10000|10000|9|0|110.3905|109.571|0|2.754131|0|0|0|14016A|41F00000|E0000000|0A0168|41F00000|E0000000|071F|42700000|1068703B|28FE0030|45121154|1068703B|013B|4109BA57|40011DA6|08A9|400ED90A|107629AA|0129|417553B7|1057B8A2|071D|423668E1|1068703B|0737|423668E1|1068703B|0344|40AA668B|10675739|0|0|0|0|0|0|0|0|0|0|0|0|0763|41A29984|10675739||22d6aea2053ae6500ba13777782e79b9
26|2021-09-26T12:07:33.3010000+01:00|71f|Closed Position|60.00|1068703B|Tomo Uchuu|1068703B|Tomo Uchuu|00|106478|106478||0b4c55e5a270d5b2b1ddbc1be380e558
30|2021-09-26T12:07:33.3010000+01:00|716|Flourishing Cascade|0.00|1068703B|Tomo Uchuu|1068703B|Tomo Uchuu|00|106478|106478||0907d3627622e1ac8aad698df03993ea
37|2021-09-26T12:07:33.4340000+01:00|1075A2E4|Niru Summers|00008C24|128466|153077|10000|10000|0||88.36965|114.3199|0|-1.981524|1500|0|0|0||f04cd94794f3bb7c5dc92f8906b3d105
24|2021-09-26T12:07:33.4340000+01:00|10675739|Jasy Heavensong|HoT|0|276D|97086|97086|7712|10000|0|1000|102.2201|91.72192|0|-2.467448||c665affba82cf72432e02cef71d07caf
24|2021-09-26T12:07:33.4340000+01:00|1075A2E4|Niru Summers|HoT|0|274E|130962|153077|10000|10000|0|1000|88.36965|114.3199|0|-1.981524||15f83fb6f943d5bc57dea0197528ac05
24|2021-09-26T12:07:33.4340000+01:00|10752D6C|Volkon Vysk|HoT|0|2943|4052|152511|10000|10000|0|1000|92.27124|117.5096|0|2.480298||23cbdf5fe5e5d77113f60f025ea51c50
38|2021-09-26T12:07:33.4340000+01:00|10675739|Jasy Heavensong|00505021|97086|97086|7712|10000|11|0|102.2201|91.72192|0|-2.467448|0|0|0|0A0168|41F00000|E0000000|0F016B|41F00000|E0000000|0129|41710E17|1057B8A2|28FE0030|451162F7|10675739|0392|0|10675739|08A9|400655F8|107629AA|013B|410BDF39|40011DA6|0347|0|10675739|0344|409D99BC|10675739|0|0|0|0|0|0|0|0|0|0763|419F664F|10675739||51faf0090efce3206d82776cba6bec68
38|2021-09-26T12:07:33.4340000+01:00|1075A2E4|Niru Summers|00505015|138528|153077|10000|10000|0|0|88.36965|114.3199|0|-1.981524|0|0|0|0A016D|41F00000|E0000000|0A0168|41F00000|E0000000|5B|0|1075A2E4|28FD0030|4512D164|1075A2E4|0|0|0|0763|41A4C279|10675739|0344|40B30A64|10675739|08A9|400655F8|107629AA|28F60031|3F3641CA|1075A2E4|5A|41909A08|1075A2E4|0|0|0|0|0|0|0|0|0|3204C4|42015E96|1057B8A2|0|0|0|013B|411024DA|40011DA6|640059|4092355F|1075A2E4|0390|4092355F|1075A2E4||5395294d76a1a6dab623bc54e162c5b3
38|2021-09-26T12:07:33.4340000+01:00|10752D6C|Volkon Vysk|00505025|14615|152511|10000|10000|0|0|92.27124|117.5096|0|2.480298|0|0|0|14016A|41F00000|E0000000|0A0168|41F00000|E0000000|28FD0030|4512B2D8|10752D6C|08A9|400655F8|107629AA|0344|40B7541E|10675739|072C|40D24DCC|10752D6C|0|0|0|013B|41012AFC|40011DA6|0|0|0|0|0|0|0|0|0|0|0|0|0|0|0|0763|41A5D4E7|10675739|0|0|0|0729|0|10752D6C||b0042a023c45a041080667148b1debcd
37|2021-09-26T12:07:33.5240000+01:00|40011DEA|Liquid Hand|00008C25|4648318|12889320|10000|10000|0||91.90503|113.4508|0|0.08576035||9ae610ad0cef0c09c8d6927f8ff4d42e
37|2021-09-26T12:07:33.5240000+01:00|107ABEEC|Greiyan Fletz|00008C24|106544|106544|10000|10000|4||93.47135|103.7378|-0.003757549|2.874017|2202|0|0|0||ae04a637d4249f4d2a374e4c9dd0f387
24|2021-09-26T12:07:33.5240000+01:00|1068703B|Tomo Uchuu|HoT|0|2898|106478|106478|10000|10000|0|1000|111.6276|109.1803|0|2.553069||23ca673de2e0ebd2e4eb0e0bfa296886
38|2021-09-26T12:07:33.5240000+01:00|1068703B|Tomo Uchuu|00505026|106478|106478|10000|10000|9|0|111.6276|109.1803|0|2.553069|0|0|0|14016A|41F00000|E0000000|0A0168|41F00000|E0000000|071F|42700000|1068703B|28FE0030|45120DC4|1068703B|013B|410628EF|40011DA6|08A9|40009368|107629AA|0129|4171C24F|1057B8A2|071D|42358489|1068703B|0737|42358489|1068703B|0344|40A343B9|10675739|0|0|0|0|0|0|0|0|0|0|0|0|0763|41A0D0CF|10675739||853f923f70bb16113abde5765d4af1ea
38|2021-09-26T12:07:33.5240000+01:00|40011DEA|Liquid Hand|00505000|4648318|12889320|10000|10000|0|0|91.90503|113.4508|0|0.08576035|0|0|0|0|0|0|0767|41901046|1057B8A2|04CC|42445030|107ABEEC|2804B1|41D03743|107629AA|0759|41DED912|10675739|2804B0|41E49164|107629AA||3cb5e54bfe43ea64e5ce230bc134409a
30|2021-09-26T12:07:33.5240000+01:00|72e|Bow Shock|0.00|10752D6C|Volkon Vysk|40011DEA|Liquid Hand|00|12889320|152511||62d19d0227ed301e368739a88316ec3c
37|2021-09-26T12:07:33.5690000+01:00|1068703B|Tomo Uchuu|00008C24|106478|106478|10000|10000|3||111.6276|109.1803|0|2.553069|2603|0|0|0||93e541adfb467c1e15a84ad3dca59ab4
24|2021-09-26T12:07:33.5690000+01:00|107629AA|Joeson Lmoa|HoT|0|1F96|106059|106059|10000|10000|0|1000|114.5966|91.47778|-0.001481116|-0.1318395||167a5c79588a16d713aaf566f4dca393
20|2021-09-26T12:07:33.5690000+01:00|1057B8A2|Alex Knightfall|B9|Adloquium|10752D6C|Volkon Vysk|1.94|99.04165|92.05226|-0.0007728217|-1.606254||73cac5cbb4eb7c2a2b96a162a4727354
38|2021-09-26T12:07:33.5690000+01:00|107ABEEC|Greiyan Fletz|00505022|106544|106544|10000|10000|4|0|93.47135|103.7378|-0.003757549|2.874017|0|0|0|0720|42700000|1068703B|14016A|41F00000|E0000000|0A0168|41F00000|E0000000|28FE0030|4511673F|107ABEEC|013B|41034FD8|40011DA6|0344|40A62500|10675739|0129|417557CF|1057B8A2|0839|42355675|1068703B|0737|42355675|1068703B|08A9|40A00000|107629AA|0513|410CC137|107ABEEC|04E2|40F16044|107ABEEC|0|0|0|0|0|0|0|0|0|0|0|0|0512|417589DF|107ABEEC|0|0|0|0|0|0|0|0|0|0763|41A18920|10675739||32643e94cd7f375d7302d0f1df4d06d1
26|2021-09-26T12:07:33.5690000+01:00|720|Dance Partner|60.00|1068703B|Tomo Uchuu|107ABEEC|Greiyan Fletz|00|106544|106478||0ebd656fa5b042ac09f080ee5832fac6
26|2021-09-26T12:07:33.5690000+01:00|8a9|Mage's Ballad|5.00|107629AA|Joeson Lmoa|107ABEEC|Greiyan Fletz|00|106544|106059||e4def48e90b95f14c9c14e434ec9488a
38|2021-09-26T12:07:33.5690000+01:00|107401EC|Raesa Velan|00505019|96887|96887|9600|10000|40|0|88.96079|91.4256|-0.002588167|-0.335493|0|0|0|0A016D|41F00000|E0000000|0A0168|41F00000|E0000000|29020030|45936A30|107401EC|0129|417332F2|1057B8A2|08A9|40A00000|107629AA|013B|41012AFC|40011DA6|0344|409D918B|10675739|A4|C1900000|107401EC|0|0|0|0|0|0|28F90031|3FFA5C5D|107401EC|0|0|0|02E1|40725D57|107401EC|A8|4132C077|107401EC|0|0|0|0|0|0|0763|419F6443|10675739||07c3565f53806cf66c478ad2d329b73d
26|2021-09-26T12:07:33.5690000+01:00|8a9|Mage's Ballad|5.00|107629AA|Joeson Lmoa|107401EC|Raesa Velan|00|96887|106059||20bb50191084e2273358d740e1b1dd60
38|2021-09-26T12:07:33.5690000+01:00|1057B8A2|Alex Knightfall|0050501C|97285|97285|8130|10000|17|0|99.04165|92.05226|-0.0007728217|-1.606254|0|0|0|0A016D|41F00000|E0000000|1E016C|41F00000|E0000000|28FE0030|44DA9936|1057B8A2|020130|0|1057B8A2|0129|416A9F81|1057B8A2|0318|413122D8|1057B8A2|013B|410BD708|40011DA6|08A9|40A00000|107629AA|0344|40AA6EBD|10675739|0|0|0|0|0|0|0|0|0|0|0|0|0|0|0|0|0|0|0763|41A29B8F|10675739||e2c64d8132af8c7a64d03783b33d2ed8
26|2021-09-26T12:07:33.5690000+01:00|8a9|Mage's Ballad|5.00|107629AA|Joeson Lmoa|1057B8A2|Alex Knightfall|00|97285|106059||5e894f9b799f82d4dda4fe189647683d
38|2021-09-26T12:07:33.5690000+01:00|40011DA6|Eos|00505000|92601|92601|10000|10000|0|0|100.1449|100.0533|0|-0.5762266|0|0|0|28FE0030|44DA9936|1057B8A2|08A9|40A00000|107629AA||879c05b70e9e112513e6cc012b8c0d45
26|2021-09-26T12:07:33.5690000+01:00|8a9|Mage's Ballad|5.00|107629AA|Joeson Lmoa|40011DA6|Eos|00|92601|106059||7e9da81a43e431c12844b3ebca32d65f
38|2021-09-26T12:07:33.5690000+01:00|107629AA|Joeson Lmoa|00505017|106059|106059|10000|10000|9|0|114.5966|91.47778|-0.001481116|-0.1318395|0|0|0|0A016D|41F00000|E0000000|0A0168|41F00000|E0000000|28FE0030|4511645F|107629AA|013B|4107957C|40011DA6|0344|40B743BB|10675739|0|0|0|0|0|0|0|0|0|0129|416CC876|1057B8A2|0|0|0|0|0|0|0763|41A5D0CF|10675739||a56e40d8e013b26dc50c361ad4ca538b
38|2021-09-26T12:07:33.5690000+01:00|10675739|Jasy Heavensong|00505021|97086|97086|7712|10000|11|0|102.2201|91.72192|0|-1.7424|0|0|0|0A0168|41F00000|E0000000|0F016B|41F00000|E0000000|0129|416EE521|1057B8A2|28FE0030|451160CF|10675739|0392|0|10675739|08A9|409E8F5C|107629AA|013B|4109B643|40011DA6|0347|0|10675739|0344|409947D0|10675739|0|0|0|0|0|0|0|0|0|0763|419E51D4|10675739||38a4a65099d323778fb02d1f4719ef52
26|2021-09-26T12:07:33.5690000+01:00|8a9|Mage's Ballad|4.96|107629AA|Joeson Lmoa|10675739|Jasy Heavensong|00|97086|106059||3aeaaf7fc825d2e4f4e15abd6c5e7adc
38|2021-09-26T12:07:33.5690000+01:00|1068703B|Tomo Uchuu|00505026|106478|106478|10000|10000|3|0|111.6276|109.1803|0|2.553069|0|0|0|14016A|41F00000|E0000000|0A0168|41F00000|E0000000|071F|42700000|1068703B|28FE0030|45120D0C|1068703B|013B|4105709D|40011DA6|08A9|409E8F5C|107629AA|0129|417109FD|1057B8A2|071D|42355675|1068703B|0737|42355675|1068703B|0344|40A1D315|10675739|0|0|0|0|0|0|0|0|0|0|0|0|0763|41A074A6|10675739||fe9f0ab9513239f707874a533748dc5f
26|2021-09-26T12:07:33.5690000+01:00|8a9|Mage's Ballad|4.96|107629AA|Joeson Lmoa|1068703B|Tomo Uchuu|00|106478|106059||70f57d1828b2cdf0d5bc06e8ee4a225b
37|2021-09-26T12:07:33.6140000+01:00|107401EC|Raesa Velan|00008C24|96887|96887|9600|10000|35||88.96079|91.4256|-0.002588167|-0.335493|1904|0|0|01|070006A4|0|C1900000|107401EC||0d13ab56ade4be04b028aebdfa6d3f07
24|2021-09-26T12:07:33.6140000+01:00|107ABEEC|Greiyan Fletz|HoT|0|20B0|106544|106544|10000|10000|0|1000|93.47135|103.7378|-0.003757549|2.874017||f0790a8146c40237903d75e4dcd9dad5
21|2021-09-26T12:07:33.6140000+01:00|40011D78|Liquid Rage|49B5|Protean Wave|E0000000||0|0|0|0|0|0|0|0|0|0|0|0|0|0|0|0|||||||||||44|44|0|10000|0|1000|100|115|0|-2.034138|00008C2B|0|375757a9f8ef84f05a2ef7130fd156b6
21|2021-09-26T12:07:33.6140000+01:00|40011D7A|Liquid Rage|49B5|Protean Wave|E0000000||0|0|0|0|0|0|0|0|0|0|0|0|0|0|0|0|||||||||||44|44|0|10000|0|1000|85|100|0|3.034595|00008C2C|0|b62e17690a57e89e3a791aabbb068d5e
21|2021-09-26T12:07:33.6140000+01:00|40011D79|Liquid Rage|49B5|Protean Wave|E0000000||0|0|0|0|0|0|0|0|0|0|0|0|0|0|0|0|||||||||||44|44|0|10000|0|1000|115|100|0|0.2690737|00008C2D|0|d0c4f7f8dbdb7cf52213b8b15b0a87e7
38|2021-09-26T12:07:33.6140000+01:00|107ABEEC|Greiyan Fletz|00505022|106544|106544|10000|10000|4|0|93.47135|103.7378|-0.003757549|2.874017|0|0|0|0720|42700000|1068703B|14016A|41F00000|E0000000|0A0168|41F00000|E0000000|28FE0030|45116687|107ABEEC|013B|41029786|40011DA6|0344|40A4B45C|10675739|0129|41749F7D|1057B8A2|0839|42352861|1068703B|0737|42352861|1068703B|08A9|409E8F5C|107629AA|0513|410C08E5|107ABEEC|04E2|40EFEFA0|107ABEEC|0|0|0|0|0|0|0|0|0|0|0|0|0512|4174D18D|107ABEEC|0|0|0|0|0|0|0|0|0|0763|41A12CF7|10675739||489c7430340d535abfaef968184cf52f
37|2021-09-26T12:07:33.6580000+01:00|10675739|Jasy Heavensong|00008C22|97086|97086|8512|10000|11||102.2201|91.72192|0|-1.132659|2100|0|0|0||6eb482140b6cac518ac7fc90545f9de8
37|2021-09-26T12:07:33.6580000+01:00|1057B8A2|Alex Knightfall|00008C24|97285|97285|8130|10000|11||98.74362|92.03215|-0.002028205|-1.54231|1C05|0|0|0||c67fe528ec0bf20ba2d96abe3a018b4f
24|2021-09-26T12:07:33.6580000+01:00|1057B8A2|Alex Knightfall|HoT|0|1E60|97285|97285|8130|10000|0|1000|98.74362|92.03215|-0.002028205|-1.54231||c0dea03893c679de5a1115b1354158a1
38|2021-09-26T12:07:33.6580000+01:00|1057B8A2|Alex Knightfall|0050501C|97285|97285|8130|10000|11|0|98.74362|92.03215|-0.002028205|-1.54231|0|0|0|0A016D|41F00000|E0000000|1E016C|41F00000|E0000000|28FE0030|44DA9654|1057B8A2|020130|0|1057B8A2|0129|41692EDD|1057B8A2|0318|412FB234|1057B8A2|013B|410A6664|40011DA6|08A9|409D1EB8|107629AA|0344|40A78D75|10675739|0|0|0|0|0|0|0|0|0|0|0|0|0|0|0|0|0|0|0763|41A1E33D|10675739||d89a5c1665a5d91cff41bcac4a952775
38|2021-09-26T12:07:33.6580000+01:00|40011D69|Living Liquid|00505000|4189733|12889320|10000|10000|0|0|92.66797|111.5281|0|-0.06543493|0|0|0|0767|41CA7EF0|1057B8A2|2804B1|41A23F66|107629AA|0759|41CA7EF0|10675739|2804B0|41A23F66|107629AA|0A00A3|411055F2|107401EC|04CC|425E23FC|107ABEEC|072D|4081A98E|10752D6C||0934fd1239028641ecfb1573b1ee5d6c
30|2021-09-26T12:07:33.6580000+01:00|72e|Bow Shock|0.00|10752D6C|Volkon Vysk|40011D69|Living Liquid|00|12889320|152511||f868a0f710732d61439e276cdd472c76
37|2021-09-26T12:07:33.7030000+01:00|10675739|Jasy Heavensong|00008C24|97086|97086|8512|10000|5||102.2201|91.72192|0|-1.132659|2106|0|0|0||9d5ae51402a4b09050f1e8de146738ac
24|2021-09-26T12:07:33.7030000+01:00|107401EC|Raesa Velan|HoT|0|1E02|96887|96887|9600|10000|0|1000|89.24014|91.5587|-0.001571352|-0.3772788||0a033bdd19618d131858aa1b5c1e98c5
22|2021-09-26T12:07:33.7030000+01:00|1075A2E4|Niru Summers|29|Overpower|40011DEA|Liquid Hand|710003|F590000|1B|298000|0|0|0|0|0|0|0|0|0|0|0|0|4648318|12889320|10000|10000|0|1000|91.90503|113.4508|0|0.08576035|138528|153077|10000|10000|0|1000|87.799|114.0419|0|-2.249134|00008C2E|0|df8cd196a8a988ac13026fd9aae28ce7
22|2021-09-26T12:07:33.7030000+01:00|1075A2E4|Niru Summers|29|Overpower|40011D69|Living Liquid|710103|187E0000|1B|298000|0|0|0|0|0|0|0|0|0|0|0|0|4189733|12889320|10000|10000|0|1000|92.66797|111.5281|0|-0.06543493|138528|153077|10000|10000|0|1000|87.799|114.0419|0|-2.249134|00008C2E|1|bd0daaa42ecfdbb14f1e3e4cf8c1325c
21|2021-09-26T12:07:33.7030000+01:00|1075A2E4|Niru Summers|07|Attack|40011D69|Living Liquid|710003|F950000|0|0|0|0|0|0|0|0|0|0|0|0|0|0|4189733|12889320|10000|10000|0|1000|92.66797|111.5281|0|-0.06543493|138528|153077|10000|10000|0|1000|87.799|114.0419|0|-2.249134|00008C2F|0|3eabf84008417d9a9ec5b6ad689795ad
38|2021-09-26T12:07:33.7030000+01:00|107401EC|Raesa Velan|00505019|96887|96887|9600|10000|35|0|89.24014|91.5587|-0.001571352|-0.3772788|0|0|0|0A016D|41F00000|E0000000|0A0168|41F00000|E0000000|29020030|4593691E|107401EC|0129|41710E15|1057B8A2|08A9|409BB645|107629AA|013B|40FE0C3D|40011DA6|0344|409947D0|10675739|A4|C1900000|107401EC|0|0|0|0|0|0|28F90031|3FE93574|107401EC|0|0|0|02E1|4069C9E2|107401EC|A8|41309B9A|107401EC|0|0|0|0|0|0|0763|419E51D4|10675739||a1eb2bac544a3358c6b1ef0640cbdac6
37|2021-09-26T12:07:33.7470000+01:00|107629AA|Joeson Lmoa|00008C24|106059|106059|10000|10000|4||114.628|91.47778|-0.001856425|0.7045451|1707|0|0|0||e7b4d2fd56721e7a6e7c363bdffa119b
20|2021-09-26T12:07:33.7470000+01:00|107401EC|Raesa Velan|98|Fire III|40011DF5|Jagd Doll|1.64|89.50644|91.68559|0|-0.4171164||d49015f3848a4633d14e0cf237707534
37|2021-09-26T12:07:33.8360000+01:00|40011DEA|Liquid Hand|00008C26|4641547|12889320|10000|10000|0||91.90503|113.4508|0|0.08576035|0|0|0|01|2EE3|0A|41C00000|107401EC||bc6d6473ffdb09bec2e22a93f1ccd4e5
26|2021-09-26T12:07:33.8360000+01:00|a3|Thunder III|24.00|107401EC|Raesa Velan|40011DEA|Liquid Hand|0A|12889320|96887||fdb5545d3989dc4febfad43600271c29
37|2021-09-26T12:07:33.8360000+01:00|107401EC|Raesa Velan|00008C26|96887|96887|9600|10000|35||89.62162|91.74047|-0.01531982|-0.294844|1900|0|0|01|07002EE4|0|41900000|107401EC||d9d3b9d15e09ca38782df48781050983
37|2021-09-26T12:07:33.8360000+01:00|40011DF8|Jagd Doll|00008C27|162496|167240|10000|10000|0||106.4672|97.32121|0|-4.792213E-05||55e105e7717a6cf52c845753439d3adf
35|2021-09-26T12:07:33.8360000+01:00|40011DF8|Jagd Doll|107629AA|Joeson Lmoa|4004|0000|0011|107629AA|000F|7FC9||ba00ac15fb8ecb3bcab4e36144bdb138
37|2021-09-26T12:07:33.8360000+01:00|40011DF7|Jagd Doll|00008C2A|162583|167240|10000|10000|0||102.6788|106.4672|0|-4.792213E-05||4f689478327f4806e38bb4276f98fff2
35|2021-09-26T12:07:33.8360000+01:00|40011DF7|Jagd Doll|1068703B|Tomo Uchuu|4004|0000|0011|1068703B|000F|7FC9||fd64941f3eb0cbcc906053ca18f40b99
38|2021-09-26T12:07:33.8360000+01:00|107401EC|Raesa Velan|00505019|96887|96887|9600|10000|35|0|89.62162|91.74047|-0.01531982|-0.294844|0|0|0|0A016D|41F00000|E0000000|0A0168|41F00000|E0000000|29020030|4593680C|107401EC|0129|416EE939|1057B8A2|08A9|40976C8A|107629AA|013B|40F9C282|40011DA6|0344|4094FE15|10675739|A4|418FA1CB|107401EC|0|0|0|0|0|0|28F90031|3FD80E8A|107401EC|0|0|0|02E1|4061366E|107401EC|A8|412E76BE|107401EC|0|0|0|0|0|0|0763|419D3F65|10675739||f5b6da4a336322435b1cc51f63667336
37|2021-09-26T12:07:33.9240000+01:00|40011DF7|Jagd Doll|00008C29|147876|167240|10000|10000|0||102.6788|106.4672|0|-4.792213E-05||50bb027af8397814f6dd4094b0d35cae
21|2021-09-26T12:07:34.1030000+01:00|10675739|Jasy Heavensong|40AB|Malefic IV|40011DEA|Liquid Hand|750003|3A380000|1B|40AB8000|0|0|0|0|0|0|0|0|0|0|0|0|4641547|12889320|10000|10000|0|1000|91.90503|113.4508|0|0.08576035|97086|97086|8512|10000|0|1000|102.2201|91.72192|0|-0.4444301|00008C30|0|bd550c9f249e4f5f547dca3af8824064
37|2021-09-26T12:07:34.1480000+01:00|40011DF8|Jagd Doll|00008C28|147653|167240|10000|10000|0||106.4672|97.32121|0|-4.792213E-05||e732ed5de02fcf795f63c77cd24962f7
21|2021-09-26T12:07:34.1480000+01:00|107629AA|Joeson Lmoa|406F|Burst Shot|40011DF8|Jagd Doll|720003|2CD60000|1B|406F8000|0|0|0|0|0|0|0|0|0|0|0|0|162496|167240|10000|10000|0|1000|106.4672|97.32121|0|-4.792213E-05|106059|106059|10000|10000|0|1000|114.7903|91.45176|0|1.501808|00008C31|0|c99d171d6a68ece93dfdfffab6dc6943
38|2021-09-26T12:07:34.1480000+01:00|1075A2E4|Niru Summers|00505015|138528|153077|10000|10000|0|0|87.17922|113.7401|0|2.336555|0|0|0|0A016D|41F00000|E0000000|0A0168|41F00000|E0000000|5B|0|1075A2E4|28FD0030|4512C5FC|1075A2E4|0|0|0|0763|419F0C32|10675739|0344|409C314A|10675739|08A9|3FB14796|107629AA|0|0|0|5A|418AE3C1|1075A2E4|0|0|0|0|0|0|0|0|0|3204C4|41FD06EC|1057B8A2|0|0|0|013B|4104B850|40011DA6|640059|4076B88B|1075A2E4|0390|4076B88B|1075A2E4||62f42aa87602961477aaf4e82c610609
30|2021-09-26T12:07:34.1480000+01:00|31|Medicated|0.00|1075A2E4|Niru Summers|1075A2E4|Niru Summers|28F6|153077|153077||1e4d1c0079726c94c7d76f77d1421c0e
37|2021-09-26T12:07:34.2360000+01:00|40011D69|Living Liquid|00008C2F|4185744|12889320|10000|10000|0||92.66797|111.5281|0|-0.06543493||27c891ef3995bc382f7e1c6ad89145e6
21|2021-09-26T12:07:34.2360000+01:00|10752D6C|Volkon Vysk|07|Attack|40011D69|Living Liquid|710103|10650000|0|0|0|0|0|0|0|0|0|0|0|0|0|0|4189733|12889320|10000|10000|0|1000|92.66797|111.5281|0|-0.06543493|14615|152511|10000|10000|0|1000|92.27124|117.5096|0|-3.081767|00008C32|0|8c312bb4ebc793f572726476c5c04ea7
21|2021-09-26T12:07:34.2810000+01:00|107ABEEC|Greiyan Fletz|1D37|Shifu|40011DF6|Jagd Doll|44710003|35E10000|F30F|5138000|11B|1D378000|0|0|0|0|0|0|0|0|0|0|167240|167240|10000|10000|0|1000|93.53284|102.6788|0|-4.792213E-05|106544|106544|10000|10000|0|1000|93.43091|103.6798|0|-1.368933|00008C33|0|3482a8a8560a82fca1ab0bb7f0565b61
37|2021-09-26T12:07:34.3250000+01:00|40011DEA|Liquid Hand|00008C2E|4637618|12889320|10000|10000|0||91.90503|113.4508|0|0.08576035||5e26c9d79e6f1a290ddbff5d3316388f
39|2021-09-26T12:07:34.3250000+01:00|40011DA6|Eos|92601|92601|10000|10000|0|0|100.1449|100.0533|0|-0.5777924||20b6ace8272dd169094d2efc377584de
37|2021-09-26T12:07:34.4580000+01:00|40011D69|Living Liquid|00008C2E|4179474|12889320|10000|10000|0||92.66797|111.5281|0|-0.06543493|01|0|0|0||7fe2f1f051ebcbd0b8d5b66f1dfddae0
21|2021-09-26T12:07:34.4580000+01:00|107ABEEC|Greiyan Fletz|07|Attack|40011DF6|Jagd Doll|710003|10B60000|0|0|0|0|0|0|0|0|0|0|0|0|0|0|167240|167240|10000|10000|0|1000|93.53284|102.6788|0|-4.792213E-05|106544|106544|10000|10000|0|1000|93.43091|103.6913|-0.002093157|2.857706|00008C34|0|20df027d6b486a4ab3013aa60cbc0dfe
21|2021-09-26T12:07:34.5480000+01:00|10752D6C|Volkon Vysk|3F12|Gnashing Fang|40011D69|Living Liquid|710003|2D4E0000|F|7328000|0|0|0|0|0|0|0|0|0|0|0|0|4179474|12889320|10000|10000|0|1000|92.66797|111.5281|0|-0.06543493|14615|152511|10000|10000|0|1000|92.27124|117.5096|0|-3.081767|00008C35|0|740aa79d1e05b5e7d1d6facebd8e1eb8
38|2021-09-26T12:07:34.5480000+01:00|10752D6C|Volkon Vysk|00505025|14615|152511|10000|10000|0|0|92.27124|117.5096|0|-3.081767|0|0|0|14016A|41F00000|E0000000|0A0168|41F00000|E0000000|28FD0030|4512A10C|10752D6C|08A9|3F7C28C6|107629AA|0344|4093AE35|10675739|072C|40AEA7E3|10752D6C|0732|C1200000|10752D6C|013B|40DEB00F|40011DA6|0|0|0|0|0|0|0|0|0|0|0|0|0|0|0|0763|419CEB6B|10675739|0|0|0|0729|0|10752D6C||f62487820dc42f4bc9c98b04232d0d0e
26|2021-09-26T12:07:34.5480000+01:00|732|Ready To Rip|10.00|10752D6C|Volkon Vysk|10752D6C|Volkon Vysk|00|152511|152511||d048601a8f873027244e62c4c4614a85
21|2021-09-26T12:07:34.5930000+01:00|40011DEA|Liquid Hand|4979|Unknown_4979|10752D6C|Volkon Vysk|730003|1000|0|0|0|0|0|0|0|0|0|0|0|0|0|0|14615|152511|10000|10000|0|1000|92.27124|117.5096|0|3.07726|4637618|12889320|10000|10000|0|1000|91.90503|113.4508|0|0.08576035|00008C36|0|7aa8ce1fdeaea0980cb08d1030215a3b
21|2021-09-26T12:07:34.6370000+01:00|40011D69|Living Liquid|49B0|Fluid Swing|10752D6C|Volkon Vysk|730003|1000|E|4010000|1B|49B08000|0|0|0|0|0|0|0|0|0|0|14615|152511|10000|10000|0|1000|92.27124|117.5096|0|3.07726|4179474|12889320|10000|10000|0|1000|92.66797|111.5281|0|-0.06543493|00008C37|0|2928726214ccfcbc790639f7aa0b8f2b
38|2021-09-26T12:07:34.6370000+01:00|10752D6C|Volkon Vysk|00505025|14615|152511|10000|10000|0|0|92.27124|117.5096|0|3.07726|0|0|0|14016A|41F00000|E0000000|0A0168|41F00000|E0000000|28FD0030|45129F9C|10752D6C|08A9|3F651E88|107629AA|0344|4090CCED|10675739|072C|40ABC69B|10752D6C|0732|C1200000|10752D6C|013B|40DBCEC7|40011DA6|0401|407D1EB8|40011D69|0|0|0|0|0|0|0|0|0|0|0|0|0763|419C3319|10675739|0|0|0|0729|0|10752D6C||dee651f15eb49b68b26391da5a661243
26|2021-09-26T12:07:34.6370000+01:00|401|Water Resistance Down II|3.96|40011D69|Living Liquid|10752D6C|Volkon Vysk|00|152511|12889320||54753cb1e68df7ae833cf6fdd36f69e3
21|2021-09-26T12:07:34.7270000+01:00|40011DEA|Liquid Hand|49B7|Fluid Strike|10752D6C|Volkon Vysk|F1730006|1000|E|4010000|1B|49B78000|0|0|0|0|0|0|0|0|0|0|14615|152511|10000|10000|0|1000|92.27124|117.5096|0|3.07726|4637618|12889320|10000|10000|0|1000|91.90503|113.4508|0|0.08576035|00008C38|0|1ea81d9f0b8a697b8c65ceb7f61774db
38|2021-09-26T12:07:34.7270000+01:00|10752D6C|Volkon Vysk|00505025|14615|152511|10000|10000|0|0|92.27124|117.5096|0|3.07726|0|0|0|14016A|41F00000|E0000000|0A0168|41F00000|E0000000|28FD0030|45129E30|10752D6C|08A9|3F4E55D3|107629AA|0344|408DF3D6|10675739|072C|40A8ED84|10752D6C|0732|C1200000|10752D6C|013B|40D8F5B0|40011DA6|0401|407D1EB8|40011DEA|0|0|0|0|0|0|0|0|0|0|0|0|0763|419B7CD3|10675739|0|0|0|0729|0|10752D6C||8a90d8807ee4243d4b19f918eb358fb4
30|2021-09-26T12:07:34.7270000+01:00|401|Water Resistance Down II|0.00|40011D69|Living Liquid|10752D6C|Volkon Vysk|00|152511|12889320||d41be44f65551c45d1aea25eabb69fd9
26|2021-09-26T12:07:34.7270000+01:00|401|Water Resistance Down II|3.96|40011DEA|Liquid Hand|10752D6C|Volkon Vysk|00|152511|12889320||21dceca6f0c39e0518075c16fb40f31d
37|2021-09-26T12:07:34.7710000+01:00|40011D69|Living Liquid|00008C32|4175277|12889320|10000|10000|0||92.66797|111.5281|0|-0.06543493||5fe7b79c33e1b5de1cbc379a82c26077
37|2021-09-26T12:07:34.7710000+01:00|10752D6C|Volkon Vysk|00008C32|14615|152511|10000|10000|0||92.27124|117.5096|0|3.07726|2500|0|0|01|06003572|0|C1200000|10752D6C||ae7bc7f127311efc8a9685feccb32c28
21|2021-09-26T12:07:34.8610000+01:00|107401EC|Raesa Velan|98|Fire III|40011DF5|Jagd Doll|150003|2F500000|33D|438000|1B|988000|0|0|0|0|0|0|0|0|0|0|167240|167240|10000|10000|0|1000|97.32121|93.53284|0|-4.792213E-05|96887|96887|9600|10000|0|1000|89.64673|91.75244|0|1.343068|00008C39|0|92424e2e76ef0171fcbf530f33a954c7
39|2021-09-26T12:07:34.9500000+01:00|10675739|Jasy Heavensong|97086|97086|8376|10000|0|0|100.7788|91.52097|0|-1.79651||d1d09c81e09867d74ca20d0ad375df84
39|2021-09-26T12:07:34.9500000+01:00|1075A2E4|Niru Summers|140058|153077|10000|10000|0|0|87.22643|112.8275|-0.002035974|2.173946||af2ab3d40ef7d98a7ddc2243065cc780
39|2021-09-26T12:07:34.9500000+01:00|10752D6C|Volkon Vysk|16140|152511|10000|10000|0|0|92.27124|117.5096|0|3.07726||e4e691a3961e89e2080b3a140f947ca0
21|2021-09-26T12:07:34.9500000+01:00|107629AA|Joeson Lmoa|6E|Bloodletter|40011DF8|Jagd Doll|720003|18A10000|0|0|0|0|0|0|0|0|0|0|0|0|0|0|147653|167240|10000|10000|0|1000|106.4672|97.32121|0|-4.792213E-05|106059|106059|10000|10000|0|1000|114.9814|91.41438|-0.01531982|-0.7398537|00008C3A|0|77e0d240a24391f9b5b4947def89174b
37|2021-09-26T12:07:34.9950000+01:00|40011DF6|Jagd Doll|00008C34|162962|167240|10000|10000|0||93.53284|102.6788|0|-4.792213E-05||ad7ff30e75c56e5ffa4e3335a453893d
35|2021-09-26T12:07:34.9950000+01:00|40011DF6|Jagd Doll|107ABEEC|Greiyan Fletz|4004|0000|0011|107ABEEC|000F|7FC9||cfec286c8feda75a53aeaa217babf291
24|2021-09-26T12:07:34.9950000+01:00|40011D69|Living Liquid|DoT|0|6EDE|4175277|12889320|10000|10000|0|1000|92.66797|111.5281|0|-0.06543493||d2f379c599ab5268e8ce3b45cb6bfe53
21|2021-09-26T12:07:34.9950000+01:00|1057B8A2|Alex Knightfall|B9|Adloquium|10752D6C|Volkon Vysk|10004|4F4B0000|4|C63A0000|1B|B98000|0|0|0|0|0|0|0|0|0|0|14615|152511|10000|10000|0|1000|92.27124|117.5096|0|3.07726|97285|97285|8130|10000|0|1000|97.76453|91.96606|0|-0.21222|00008C3B|0|477ee05674e2318b70bc79fd3d4cf3bc
36|2021-09-26T12:07:34.9950000+01:00|0B2C|3|b68b99e1adcbc4281b20aeb824755b2e
38|2021-09-26T12:07:34.9950000+01:00|1057B8A2|Alex Knightfall|0050501C|97285|97285|7130|10000|11|0|97.76453|91.96606|0|-0.21222|0|0|0|0A016D|41F00000|E0000000|1E016C|41F00000|E0000000|28FE0030|44DA6B94|1057B8A2|020130|0|1057B8A2|0129|4153CE9F|1057B8A2|0|0|0|013B|40EA0C45|40011DA6|08A9|4064BC5F|107629AA|0344|407999D7|10675739|0|0|0|0|0|0|0|0|0|0|0|0|0|0|0|0|0|0|0763|41973319|10675739||619cf4e6f2a55e6b808b876a4ac7dd57
30|2021-09-26T12:07:34.9950000+01:00|318|Emergency Tactics|0.00|1057B8A2|Alex Knightfall|1057B8A2|Alex Knightfall|00|97285|97285||5d9caefc51957187962185d702be8e12
38|2021-09-26T12:07:34.9950000+01:00|40011D69|Living Liquid|00505000|4146895|12889320|10000|10000|0|0|92.66797|111.5281|0|-0.06543493|0|0|0|0767|41BFCECC|1057B8A2|2804B1|41978F42|107629AA|0759|41BFCECC|10675739|2804B0|41978F42|107629AA|0A00A3|40F5EB65|107401EC|04CC|4258CBF6|107ABEEC|072D|402DD215|10752D6C||958d522dfdcec6f94c36b251735c00b6
37|2021-09-26T12:07:35.0840000+01:00|40011DF6|Jagd Doll|00008C33|149169|167240|10000|10000|0||93.53284|102.6788|0|-4.792213E-05||12331a5b17f0c1a0f3d947defa5869b3
37|2021-09-26T12:07:35.0840000+01:00|107ABEEC|Greiyan Fletz|00008C33|106544|106544|10000|10000|4||92.5327|105.4005|-0.001425744|-0.8474575|2200|0|0|01|0A003353|0|42200000|107ABEEC||99d6251429a54a93def2ff93aa7bbbcc
26|2021-09-26T12:07:35.0840000+01:00|513|Shifu|40.00|107ABEEC|Greiyan Fletz|107ABEEC|Greiyan Fletz|00|106544|106544||898e07af8a9ebbcf9c9f5e885686ab1c
39|2021-09-26T12:07:35.0840000+01:00|107629AA|Joeson Lmoa|106059|106059|10000|10000|0|0|114.9957|91.40723|0|-0.9657037||66a9b453820dcad4a8f85afb754671ed
38|2021-09-26T12:07:35.0840000+01:00|107ABEEC|Greiyan Fletz|00505022|106544|106544|10000|10000|4|0|92.5327|105.4005|-0.001425744|-0.8474575|0|0|0|0720|42700000|1068703B|14016A|41F00000|E0000000|0A0168|41F00000|E0000000|28FE0030|45114F07|107ABEEC|013B|40D61C98|40011DA6|0344|406B43CE|10675739|0129|415D1649|1057B8A2|0839|422F461F|1068703B|0737|422F461F|1068703B|08A9|405EF9CF|107629AA|0513|421FD1EC|107ABEEC|04E2|40C0DD2A|107ABEEC|0|0|0|0|0|0|0|0|0|0|0|0|0512|415D4859|107ABEEC|0|0|0|0|0|0|0|0|0|0763|41956858|10675739||f98883c4b406980cde18b334d577c1d6
37|2021-09-26T12:07:35.1270000+01:00|10752D6C|Volkon Vysk|00008C36|16140|152511|10000|10000|0||92.27124|117.5096|0|3.07726|2500|0|0|01|06003572|0|C1200000|10752D6C||eb683c4564ea57260c946a2d01c49d25
21|2021-09-26T12:07:35.1270000+01:00|40011DA6|Eos|322|Embrace|1075A2E4|Niru Summers|4|101F0000|1B|3228000|0|0|0|0|0|0|0|0|0|0|0|0|140058|153077|10000|10000|0|1000|87.59699|111.4507|-0.01531982|2.10913|92601|92601|10000|10000|0|1000|100.1449|100.0533|0|-0.5847797|00008C3C|0|3961df25d11384eaa06df4fd8b93071f
37|2021-09-26T12:07:35.1720000+01:00|40011DEA|Liquid Hand|00008C30|4622714|12889320|10000|10000|0||91.90503|113.4508|0|0.08576035||a97faae60c1ae60d07286e2638573d5b
37|2021-09-26T12:07:35.1720000+01:00|40011D69|Living Liquid|00008C35|4135297|12889320|10000|10000|0||92.66797|111.5281|0|-0.06543493||b7c6fa7dcd8f55dfa9a146e5cacfbe08
37|2021-09-26T12:07:35.1720000+01:00|10752D6C|Volkon Vysk|00008C35|16140|152511|10000|10000|0||92.27124|117.5096|0|3.07726|2500|0|0|01|06003572|0|41200000|10752D6C||b6ae190ebd3cb79081a0f8d71c3d77c2
39|2021-09-26T12:07:35.1730000+01:00|1057B8A2|Alex Knightfall|97285|97285|7376|10000|0|0|97.76453|91.96606|0|-0.21222||b6a97e6f8a058773ce1f19d986495775
38|2021-09-26T12:07:35.1730000+01:00|10752D6C|Volkon Vysk|00505025|16140|152511|10000|10000|0|0|92.27124|117.5096|0|3.07726|0|0|0|14016A|41F00000|E0000000|0A0168|41F00000|E0000000|28FD0030|45129710|10752D6C|08A9|3EB85186|107629AA|0344|407F5C64|10675739|072C|409AA7E0|10752D6C|0732|411F47AE|10752D6C|013B|40CAB00C|40011DA6|0401|40609373|40011DEA|0|0|0|0|0|0|0|0|0|0|0|0|0763|4197EB6B|10675739|0|0|0|0729|0|10752D6C||01284bbe695faecd047554e7a44b24c3
39|2021-09-26T12:07:35.2170000+01:00|107401EC|Raesa Velan|96887|96887|9600|10000|0|0|89.64673|91.75244|0|1.274428||92aafe0d29c1e8547b88c034d2e62baf
21|2021-09-26T12:07:35.3070000+01:00|10752D6C|Volkon Vysk|3F1C|Jugular Rip|40011D69|Living Liquid|710003|19B90000|0|0|0|0|0|0|0|0|0|0|0|0|0|0|4135297|12889320|10000|10000|0|1000|92.66797|111.5281|0|-0.06543493|16140|152511|10000|10000|0|1000|92.27124|117.5096|0|3.07726|00008C3D|0|2c4e6d02d461c9cad4340441acf110e6
38|2021-09-26T12:07:35.3070000+01:00|10752D6C|Volkon Vysk|00505025|16140|152511|10000|10000|0|0|92.27124|117.5096|0|3.07726|0|0|0|14016A|41F00000|E0000000|0A0168|41F00000|E0000000|28FD0030|451294E8|10752D6C|08A9|3E66659A|107629AA|0344|4076B88D|10675739|072C|409655F4|10752D6C|0|0|0|013B|40C65E20|40011DA6|0401|4057EF9C|40011DEA|0|0|0|0|0|0|0|0|0|0|0|0|0763|4196D6F0|10675739|0|0|0|0729|0|10752D6C||04a2eb1e80c5b5a58ea7be300d187c07
30|2021-09-26T12:07:35.3070000+01:00|732|Ready To Rip|0.00|10752D6C|Volkon Vysk|10752D6C|Volkon Vysk|00|152511|152511||d5e8f100fe3a5d453eaf357ab00fc05c
21|2021-09-26T12:07:35.3960000+01:00|40011D69|Living Liquid|4978|Unknown_4978|10752D6C|Volkon Vysk|730003|1000|0|0|0|0|0|0|0|0|0|0|0|0|0|0|16140|152511|10000|10000|0|1000|92.27124|117.5096|0|3.07726|4135297|12889320|10000|10000|0|1000|92.66797|111.5281|0|-0.06543493|00008C3E|0|7187d1dd5cb3aef7e2b3094ae7b09373
37|2021-09-26T12:07:35.4400000+01:00|10752D6C|Volkon Vysk|00008C37|16140|152511|10000|10000|0||92.27124|117.5096|0|3.07726|2500|0|0|01|08003241|0|40523D6F|40011DEA||db8a4f4f067243f504ba59a367e639ba
37|2021-09-26T12:07:35.4850000+01:00|10752D6C|Volkon Vysk|00008C38|16140|152511|10000|10000|0||92.27124|117.5096|0|3.07726|2500|0|0|01|08003241|0|404F6C8A|40011DEA||8751e51f705c4260d996a27103c46e92
24|2021-09-26T12:07:35.5300000+01:00|40011DEA|Liquid Hand|DoT|0|50AD|4622714|12889320|10000|10000|0|1000|91.90503|113.4508|0|0.08576035||bb649a188728bc16d76526c43e6db148
38|2021-09-26T12:07:35.5300000+01:00|107401EC|Raesa Velan|00505019|96887|96887|9600|10000|35|0|89.61851|91.73833|-0.001410332|0.1474549|0|0|0|0A016D|41F00000|E0000000|0A0168|41F00000|E0000000|29020030|45935A84|107401EC|0129|4153CE9C|1057B8A2|08A9|40426E8B|107629AA|013B|40C38D3A|40011DA6|0344|403D91A2|10675739|A4|41821478|107401EC|0|0|0|0|0|0|0|0|0|0|0|0|02E1|3FE997DC|107401EC|A8|41135C21|107401EC|0|0|0|0|0|0|0763|418FB212|10675739||e2a86106c5d7c840903b20ee1c2dcc23
30|2021-09-26T12:07:35.5300000+01:00|31|Medicated|0.00|107401EC|Raesa Velan|107401EC|Raesa Velan|28F9|96887|96887||6b55621821e9e7c6d03c53c46ea82a4a
38|2021-09-26T12:07:35.5300000+01:00|40011DEA|Liquid Hand|00505000|4602061|12889320|10000|10000|0|0|91.90503|113.4508|0|0.08576035|0|0|0|0A00A3|41B21478|107401EC|0767|418001EC|1057B8A2|04CC|423C4915|107ABEEC|2804B1|41C028E9|107629AA|0759|41CECAB8|10675739|2804B0|41D4830A|107629AA||d0c60b192a3b412d632a27d92a957c79
38|2021-09-26T12:07:35.5750000+01:00|1075A2E4|Niru Summers|00505015|140058|153077|10000|10000|0|0|88.89542|111.3773|-0.0006174817|1.773011|0|0|0|0A016D|41F00000|E0000000|0A0168|41F00000|E0000000|5B|0|1075A2E4|28FD0030|4512AF2C|1075A2E4|0|0|0|0763|41939FA4|10675739|0344|405CFE30|10675739|0|0|0|0|0|0|5A|417EEE66|1075A2E4|0|0|0|0|0|0|0|0|0|3204C4|41F19A5E|1057B8A2|0|0|0|013B|40DBBE6F|40011DA6|640059|401B542F|1075A2E4|0390|401B542F|1075A2E4||534175c5917ef29e9448e90c66a1a456
30|2021-09-26T12:07:35.5750000+01:00|8a9|Mage's Ballad|0.00|107629AA|Joeson Lmoa|1075A2E4|Niru Summers|00|153077|106059||118d787dca63d2239d055fb8614ab440
38|2021-09-26T12:07:35.5750000+01:00|10752D6C|Volkon Vysk|00505025|16140|152511|10000|10000|0|0|92.27124|117.5096|0|3.07726|0|0|0|14016A|41F00000|E0000000|0A0168|41F00000|E0000000|28FD0030|451290A0|10752D6C|0|0|0|0344|406591A3|10675739|072C|408DC27E|10752D6C|0|0|0|013B|40BDCAAA|40011DA6|0401|4046C8B2|40011DEA|0|0|0|0|0|0|0|0|0|0|0|0|0763|4194B212|10675739|0|0|0|0729|0|10752D6C||d31476bab52ddd89e67db06d48e139d0
30|2021-09-26T12:07:35.5750000+01:00|8a9|Mage's Ballad|0.00|107629AA|Joeson Lmoa|10752D6C|Volkon Vysk|00|152511|106059||21d1ea7994b8a3549d6917a80f1587a6
37|2021-09-26T12:07:35.6190000+01:00|40011DF8|Jagd Doll|00008C31|136175|167240|10000|10000|0||106.4672|97.32121|0|-4.792213E-05||3df37418986c84effdabb417b7b0d9a8
21|2021-09-26T12:07:35.7090000+01:00|40011D78|Liquid Rage|49B6|Protean Wave|10752D6C|Volkon Vysk|650003|1000|E|4010000|1B|49B68000|0|0|0|0|0|0|0|0|0|0|16140|152511|10000|10000|0|1000|92.27124|117.5096|0|3.07726|44|44|0|10000|0|1000|100|115|0|-1.25333|00008C3F|0|6c24cd1eadd5e1a57d40e11739c14d1b
21|2021-09-26T12:07:35.7090000+01:00|40011D7A|Liquid Rage|49B6|Protean Wave|107401EC|Raesa Velan|650003|70F90400|E|4010000|1B|49B68000|0|0|0|0|0|0|0|0|0|0|96887|96887|9600|10000|0|1000|89.56152|91.70983|-0.003145956|-0.1839744|44|44|0|10000|0|1000|85|100|0|2.799989|00008C40|0|4644d9419b434cfa10751a2e8de884b6
21|2021-09-26T12:07:35.7090000+01:00|40011D79|Liquid Rage|49B6|Protean Wave|1068703B|Tomo Uchuu|650003|EDFF0400|E|4010000|1B|49B68000|0|0|0|0|0|0|0|0|0|0|106478|106478|10000|10000|0|1000|117.4261|107.7185|0|-1.763479|44|44|0|10000|0|1000|115|100|0|0.3045475|00008C41|0|ed471d1e367609eed424c363f66448a3
38|2021-09-26T12:07:35.7090000+01:00|107401EC|Raesa Velan|00505019|96887|96887|9600|10000|0|0|89.56152|91.70983|-0.003145956|-0.1839744|0|0|0|0A016D|41F00000|E0000000|0A0168|41F00000|E0000000|29020030|45935918|107401EC|0129|4150F586|1057B8A2|08A9|40370A31|107629AA|013B|40BDDB0C|40011DA6|0344|40322D48|10675739|A4|4180A7EC|107401EC|0401|407D2F1B|40011D7A|0|0|0|0|0|0|0|0|0|02E1|3FD2CF28|107401EC|A8|4110830B|107401EC|0|0|0|0|0|0|0763|418E4586|10675739||02409d8e00d65b50f55158b50f88f50b
26|2021-09-26T12:07:35.7090000+01:00|401|Water Resistance Down II|3.96|40011D7A|Liquid Rage|107401EC|Raesa Velan|00|96887|44||f5ae011163ecdc77d614918a74999c81
38|2021-09-26T12:07:35.7090000+01:00|1068703B|Tomo Uchuu|00505026|106478|106478|10000|10000|0|0|117.4261|107.7185|0|-1.763479|0|0|0|14016A|41F00000|E0000000|0A0168|41F00000|E0000000|071F|42700000|1068703B|28FE0030|4511EADC|1068703B|013B|40C66652|40011DA6|08A9|403428EA|107629AA|0129|414ECC91|1057B8A2|071D|422CC72A|1068703B|0737|422CC72A|1068703B|0344|403AB05B|10675739|0401|407D2F1B|40011D79|0|0|0|0|0|0|0|0|0|0763|418F55E9|10675739||b3725f2559379d6935e8b7d2b4045f21
26|2021-09-26T12:07:35.7090000+01:00|71f|Closed Position|60.00|1068703B|Tomo Uchuu|1068703B|Tomo Uchuu|00|106478|106478||bb8677c70b6583f86e1e8f8677fda5ba
26|2021-09-26T12:07:35.7090000+01:00|401|Water Resistance Down II|3.96|40011D79|Liquid Rage|1068703B|Tomo Uchuu|00|106478|44||6d0ec94d490c869d29bb5e2b992b0ffe
38|2021-09-26T12:07:35.7090000+01:00|10752D6C|Volkon Vysk|00505025|16140|152511|10000|10000|0|0|92.27124|117.5096|0|3.07726|0|0|0|14016A|41F00000|E0000000|0A0168|41F00000|E0000000|28FD0030|45128E80|10752D6C|0|0|0|0344|405D0E91|10675739|072C|408980F4|10752D6C|0|0|0|013B|40B98920|40011DA6|0401|407D2F1B|40011D78|0|0|0|0|0|0|0|0|0|0|0|0|0763|4193A1AF|10675739|0|0|0|0729|0|10752D6C||e6b15f5862fb186287e2d2b303e44a83
30|2021-09-26T12:07:35.7090000+01:00|401|Water Resistance Down II|0.00|40011DEA|Liquid Hand|10752D6C|Volkon Vysk|00|152511|12889320||5242e4910990d775306779b8b5435493
26|2021-09-26T12:07:35.7090000+01:00|401|Water Resistance Down II|3.96|40011D78|Liquid Rage|10752D6C|Volkon Vysk|00|152511|44||d0aeba2d7ae885628bb9e68f048e2cdc
37|2021-09-26T12:07:35.7540000+01:00|1075A2E4|Niru Summers|00008C3C|144185|153077|10000|10000|0||89.02044|111.3451|-0.01531982|1.736513|1500|0|0|0||c03d4617af648a6b108d99a4798b0e88
21|2021-09-26T12:07:35.7540000+01:00|107629AA|Joeson Lmoa|6E|Bloodletter|40011DF8|Jagd Doll|720003|195A0000|0|0|0|0|0|0|0|0|0|0|0|0|0|0|136175|167240|10000|10000|0|1000|106.4672|97.32121|0|-4.792213E-05|106059|106059|10000|10000|0|1000|115.1682|91.3252|-0.01531982|-0.2829583|00008C42|0|ca8a6c9fa8847363f2a2826441639edd
21|2021-09-26T12:07:35.7990000+01:00|1068703B|Tomo Uchuu|3E76|Fountain|40011DF7|Jagd Doll|42720003|382C0000|11B|3E768000|0|0|0|0|0|0|0|0|0|0|0|0|147876|167240|10000|10000|0|1000|102.6788|106.4672|0|-4.792213E-05|106478|106478|10000|10000|0|1000|117.4261|107.7185|0|-1.633627|00008C43|0|c34a17ec2f5398d7799e900b4ba13c9e
37|2021-09-26T12:07:35.9770000+01:00|10752D6C|Volkon Vysk|00008C3B|87185|152511|10000|10000|0||92.27124|117.5096|0|3.07726|2500|0|0|0||594c1381b20190c86ade1826387fe198
21|2021-09-26T12:07:35.9770000+01:00|1057B8A2|Alex Knightfall|45CE|Ruin II|40011D69|Living Liquid|750003|310A0000|1B|45CE8000|0|0|0|0|0|0|0|0|0|0|0|0|4135297|12889320|10000|10000|0|1000|92.66797|111.5281|0|-0.06543493|97285|97285|7376|10000|0|1000|97.76453|91.96606|0|-0.21222|00008C44|0|36dfddfd73ab531cc11f040fe7681197
20|2021-09-26T12:07:36.0670000+01:00|107401EC|Raesa Velan|DF9|Fire IV|40011DF5|Jagd Doll|2.62|87.95446|91.06432|-0.002019586|-0.3331875||44b9ea65d67bbba5f4ff0a5cbd5d79bb
22|2021-09-26T12:07:36.0670000+01:00|1075A2E4|Niru Summers|404E|Mythril Tempest|40011D69|Living Liquid|32710103|21FD0000|143D|340000|11B|404E8000|0|0|0|0|0|0|0|0|0|0|4135297|12889320|10000|10000|0|1000|92.66797|111.5281|0|-0.06543493|144185|153077|10000|10000|0|1000|89.29887|111.3451|-0.002339091|1.648753|00008C45|0|01e37712aa34f68246abbf37e9a57a8e
22|2021-09-26T12:07:36.0670000+01:00|1075A2E4|Niru Summers|404E|Mythril Tempest|40011DEA|Liquid Hand|32710103|249F0000|0|0|0|0|0|0|0|0|0|0|0|0|0|0|4602061|12889320|10000|10000|0|1000|91.90503|113.4508|0|0.08576035|144185|153077|10000|10000|0|1000|89.29887|111.3451|-0.002339091|1.648753|00008C45|1|ee160b6dd1171754348780af2490d064
38|2021-09-26T12:07:36.0670000+01:00|1075A2E4|Niru Summers|00505015|144185|153077|10000|10000|0|0|89.29887|111.3451|-0.002339091|1.648753|0|0|0|0A016D|41F00000|E0000000|0A0168|41F00000|E0000000|5B|0|1075A2E4|28FD0030|4512A750|1075A2E4|0|0|0|0763|418FB005|10675739|0344|403D8142|10675739|0|0|0|0|0|0|5A|4235C3CB|1075A2E4|0|0|0|0|0|0|0|0|0|3204C4|41EDAABF|1057B8A2|0|0|0|013B|40CBFFF6|40011DA6|640059|3FF7AE83|1075A2E4|0390|3FF7AE83|1075A2E4||9dca28f80321805c1dc1832261cd8d14
26|2021-09-26T12:07:36.0670000+01:00|5a|Storm's Eye|45.44|1075A2E4|Niru Summers|1075A2E4|Niru Summers|00|153077|153077||6f85f6a00bc9cfd84fbae6b773a67ff7
37|2021-09-26T12:07:36.1120000+01:00|40011D69|Living Liquid|00008C3D|4128712|12889320|10000|10000|0||92.66797|111.5281|0|-0.06543493||6d9b821c18bd046a3ea37bf187c67a53
20|2021-09-26T12:07:36.1120000+01:00|10675739|Jasy Heavensong|40AB|Malefic IV|40011DEA|Liquid Hand|1.43|98.19177|91.75244|0|-1.303311||ef9a3170d30ea5fb238f653af9526a6d
21|2021-09-26T12:07:36.1120000+01:00|10752D6C|Volkon Vysk|1D71|Shirk|1075A2E4|Niru Summers|193D|BF0000|0|0|0|0|0|0|0|0|0|0|0|0|0|0|144185|153077|10000|10000|0|1000|89.35802|111.3451|-0.001308479|1.595892|87185|152511|10000|10000|0|1000|92.27124|117.5096|0|3.07726|00008C46|0|cb2f4a412c35c1d3b64ccd0c8d51ad25
37|2021-09-26T12:07:36.1560000+01:00|40011DF5|Jagd Doll|00008C39|155128|167240|10000|10000|0||97.32121|93.53284|0|-4.792213E-05||7aac30dc5efdbf9739ff8872f06b9d50
35|2021-09-26T12:07:36.1560000+01:00|40011DF5|Jagd Doll|107401EC|Raesa Velan|0000|0000|0011|107401EC|000F|0000||e25767d1168bb4cc19c08638e34e1252
21|2021-09-26T12:07:36.1560000+01:00|107629AA|Joeson Lmoa|08|Shot|40011DF8|Jagd Doll|720003|F230000|0|0|0|0|0|0|0|0|0|0|0|0|0|0|136175|167240|10000|10000|0|1000|106.4672|97.32121|0|-4.792213E-05|106059|106059|10000|10000|0|1000|115.186|91.3252|0|-0.9709768|00008C47|0|0c89a9d050514e81cf18b07438a708c2
21|2021-09-26T12:07:36.4240000+01:00|107ABEEC|Greiyan Fletz|1D3A|Kasha|40011DF6|Jagd Doll|4F710003|4C8E0000|43D|B88000|11B|1D3A8000|0|0|0|0|0|0|0|0|0|0|149169|167240|10000|10000|0|1000|93.53284|102.6788|0|-4.792213E-05|106544|106544|10000|10000|0|1000|92.72723|106.6049|-0.00244985|-3.058344|00008C48|0|de7ad2c9152b04d03dde0194bc2a4c45
21|2021-09-26T12:07:36.4240000+01:00|1068703B|Tomo Uchuu|07|Attack|40011DF7|Jagd Doll|720203|16560000|0|0|0|0|0|0|0|0|0|0|0|0|0|0|147876|167240|10000|10000|0|1000|102.6788|106.4672|0|-4.792213E-05|106478|106478|10000|10000|0|1000|117.4261|107.7185|0|-1.382299|00008C49|0|f1f3d3dd4118bb827715a456185f9cd7
24|2021-09-26T12:07:36.4680000+01:00|10675739|Jasy Heavensong|HoT|0|1EE6|97086|97086|8376|10000|0|1000|98.19177|91.75244|0|-0.5184377||94e15c1e5301d0811d0681cb5e19db84
24|2021-09-26T12:07:36.4680000+01:00|1075A2E4|Niru Summers|HoT|0|1FB7|144185|153077|10000|10000|0|1000|89.43333|111.3451|-0.0006503661|1.580516||16d053eb7f4063dc224ddd4742046ad6
24|2021-09-26T12:07:36.4680000+01:00|10752D6C|Volkon Vysk|HoT|0|31CD|87185|152511|10000|10000|0|1000|92.27124|117.5096|0|-2.953559||68227ac146e49a71651a28743cd32552
38|2021-09-26T12:07:36.4680000+01:00|10675739|Jasy Heavensong|00505021|97086|97086|8376|10000|5|0|98.19177|91.75244|0|-0.5184377|0|0|0|0A0168|41F00000|E0000000|0F016B|41F00000|E0000000|0129|414082DA|1057B8A2|28FE0030|4511327F|10675739|0392|0|10675739|08A9|40039575|107629AA|013B|40B6A7E2|40011DA6|0347|0|10675739|0344|3FF20CBF|10675739|0|0|0|0|0|0|0|0|0|0763|418720A6|10675739||978acbd324a0d7c034ad6d4ea190d88f
38|2021-09-26T12:07:36.4680000+01:00|1075A2E4|Niru Summers|00505015|152304|153077|10000|10000|0|0|89.43333|111.3451|-0.0006503661|1.580516|0|0|0|0A016D|41F00000|E0000000|0A0168|41F00000|E0000000|5B|0|1075A2E4|28FD0030|4512A0EC|1075A2E4|0|0|0|0763|418C7CD0|10675739|0344|4023E7A9|10675739|0|0|0|0|0|0|5A|42342A35|1075A2E4|0|0|0|0|0|0|0|0|0|3204C4|41EA778A|1057B8A2|0|0|0|013B|40BF3327|40011DA6|640059|3FC47B50|1075A2E4|0390|3FC47B50|1075A2E4||d59facc9949efdeec4e726d29f7e5ebb
38|2021-09-26T12:07:36.4680000+01:00|10752D6C|Volkon Vysk|00505025|99934|152511|10000|10000|0|0|92.27124|117.5096|0|-2.953559|0|0|0|14016A|41F00000|E0000000|0A0168|41F00000|E0000000|28FD0030|45128260|10752D6C|0|0|0|0344|402C7B1C|10675739|072C|40626E71|10752D6C|0|0|0|013B|40A13F62|40011DA6|0401|404C9BA6|40011D78|0|0|0|0|0|0|0|0|0|0|0|0|0763|418D8F3E|10675739|0|0|0|0729|0|10752D6C||047e34b4b37ceae2d2f0941ed26a75df
37|2021-09-26T12:07:36.5130000+01:00|10752D6C|Volkon Vysk|00008C3F|99934|152511|10000|10000|0||92.27124|117.5096|0|-2.953559|2500|0|0|01|08000A01|0|404C9BA6|40011D78||df7f1b4cd2b86251ced165a8b685618f
37|2021-09-26T12:07:36.5130000+01:00|107401EC|Raesa Velan|00008C40|67966|96887|9600|10000|0||87.43063|90.85391|0|0.9339533|1900|0|0|03|03000600|0|0|E0000000|08003E41|0|404C9BA6|40011D7A|0D0006C0|0|0|E0000000||a81b37a5ed69482e57a04d68a19e3428
37|2021-09-26T12:07:36.5130000+01:00|1068703B|Tomo Uchuu|00008C41|45551|106478|10000|10000|0||117.4261|107.7185|0|-1.357167|2600|0|0|02|06000600|0|0|E0000000|0A003E41|0|404C9BA6|40011D79||fee1c9adfc97e055de0ee95ad950f11a
38|2021-09-26T12:07:36.5130000+01:00|107401EC|Raesa Velan|00505019|67966|96887|9600|10000|0|0|87.43063|90.85391|0|0.9339533|0|0|0|0A016D|41F00000|E0000000|0A0168|41F00000|E0000000|29020030|459352AA|107401EC|0|0|0|08A9|40038512|107629AA|013B|40A41879|40011DA6|0344|3FFD5052|10675739|A4|41746E93|107401EC|0401|4049A9FC|40011D7A|0|0|0|0|0|0|0|0|0|02E1|3F5789D6|107401EC|0|0|0|0|0|0|0|0|0|0763|4187D4E0|10675739||5c493f4d1eeb32ffbafdfd51acee7a1c
30|2021-09-26T12:07:36.5130000+01:00|129|Galvanize|0.00|1057B8A2|Alex Knightfall|107401EC|Raesa Velan|00|96887|97285||6540ac5b7c62abb0012ab9932c268981
30|2021-09-26T12:07:36.5130000+01:00|a8|Manaward|0.00|107401EC|Raesa Velan|107401EC|Raesa Velan|00|96887|96887||5ddd055978830fec6dd25bf5c17ae2a0
38|2021-09-26T12:07:36.5130000+01:00|1068703B|Tomo Uchuu|00505026|45551|106478|10000|10000|0|0|117.4261|107.7185|0|-1.357167|0|0|0|14016A|41F00000|E0000000|0A0168|41F00000|E0000000|071F|42700000|1068703B|28FE0030|4511DE00|1068703B|013B|40ACA3BF|40011DA6|08A9|4000A3CB|107629AA|0|0|0|071D|42298EDE|1068703B|0737|42298EDE|1068703B|0344|40072B3C|10675739|0401|4049A9FC|40011D79|0|0|0|0|0|0|0|0|0|0763|4188E543|10675739||c67b04f6cec72a2d709d638a37ebca21
30|2021-09-26T12:07:36.5130000+01:00|129|Galvanize|0.00|1057B8A2|Alex Knightfall|1068703B|Tomo Uchuu|00|106478|97285||f6bc4da2bf2525564d1ff968272a9496
37|2021-09-26T12:07:36.5580000+01:00|40011DF8|Jagd Doll|00008C3A|129870|167240|10000|10000|0||106.4672|97.32121|0|-4.792213E-05||cb9062cc7b902976a877b7b669f82519
37|2021-09-26T12:07:36.5580000+01:00|40011D69|Living Liquid|00008C45|4120011|12889320|10000|10000|0||92.66797|111.5281|0|-0.06543493||1811a41a92baa397adbfae5edb5e3f66
24|2021-09-26T12:07:36.5580000+01:00|1068703B|Tomo Uchuu|HoT|0|2023|45551|106478|10000|10000|0|1000|117.4261|107.7185|0|-1.336223||26bff01b345bb192f6cabcc026155e45
38|2021-09-26T12:07:36.5580000+01:00|1068703B|Tomo Uchuu|00505026|53778|106478|10000|10000|0|0|117.4261|107.7185|0|-1.336223|0|0|0|14016A|41F00000|E0000000|0A0168|41F00000|E0000000|071F|42700000|1068703B|28FE0030|4511DD4C|1068703B|013B|40AB3B4C|40011DA6|08A9|3FFBA5CB|107629AA|0|0|0|071D|422961D0|1068703B|0737|422961D0|1068703B|0344|40045A57|10675739|0401|4046D917|40011D79|0|0|0|0|0|0|0|0|0|0763|41888B26|10675739||977c552658a91049c3e516c0e83a3c9f
24|2021-09-26T12:07:36.6020000+01:00|107629AA|Joeson Lmoa|HoT|0|293F|106059|106059|10000|10000|0|1000|115.3272|91.29468|-0.01531982|0.9244136||3e5ce62a26b20a2b7b95202063421513
21|2021-09-26T12:07:36.6020000+01:00|107629AA|Joeson Lmoa|406F|Burst Shot|40011DF8|Jagd Doll|720003|2C220000|1B|406F8000|0|0|0|0|0|0|0|0|0|0|0|0|136175|167240|10000|10000|0|1000|106.4672|97.32121|0|-4.792213E-05|106059|106059|10000|10000|0|1000|115.3272|91.29468|-0.01531982|0.9244136|00008C4A|0|15e4f15f52bdbebe05633ace793e2a8e
38|2021-09-26T12:07:36.6020000+01:00|107ABEEC|Greiyan Fletz|00505022|106544|106544|10000|10000|4|0|92.77395|106.3807|0|2.942843|0|0|0|0720|42700000|1068703B|14016A|41F00000|E0000000|0A0168|41F00000|E0000000|28FE0030|451136CB|107ABEEC|013B|40A5914D|40011DA6|0344|400A2D47|10675739|0129|4144D0AC|1057B8A2|0839|422934C2|1068703B|0737|422934C2|1068703B|08A9|40A00000|107629AA|0513|4219C08F|107ABEEC|04E2|409051DF|107ABEEC|0|0|0|0|0|0|0|0|0|0|0|0|0512|414502BC|107ABEEC|0|0|0|0|0|0|0|0|0|0763|41894583|10675739||26f6ab50c2d55f293d8296795a8955b1
26|2021-09-26T12:07:36.6020000+01:00|720|Dance Partner|60.00|1068703B|Tomo Uchuu|107ABEEC|Greiyan Fletz|00|106544|106478||2919961080cfbbbb093338ace78fb88d
26|2021-09-26T12:07:36.6020000+01:00|8a9|Mage's Ballad|5.00|107629AA|Joeson Lmoa|107ABEEC|Greiyan Fletz|00|106544|106059||6cdf1546ff0acae5914face8e8da0294
38|2021-09-26T12:07:36.6020000+01:00|107401EC|Raesa Velan|00505019|67966|96887|9600|10000|0|0|87.39593|90.83997|-0.008239415|1.238592|0|0|0|0A016D|41F00000|E0000000|0A0168|41F00000|E0000000|29020030|459351F6|107401EC|0|0|0|08A9|40A00000|107629AA|013B|40A14793|40011DA6|0344|3FF20CBC|10675739|A4|41730621|107401EC|0401|40440832|40011D7A|0|0|0|0|0|0|0|0|0|02E1|3F4102AA|107401EC|0|0|0|0|0|0|0|0|0|0763|418720A6|10675739||60b603cca1db961894de558bc7d9ab5a
26|2021-09-26T12:07:36.6020000+01:00|8a9|Mage's Ballad|5.00|107629AA|Joeson Lmoa|107401EC|Raesa Velan|00|96887|106059||8cf9071fc333889a631d242adc2f05e6
38|2021-09-26T12:07:36.6020000+01:00|1057B8A2|Alex Knightfall|0050501C|97285|97285|6976|10000|11|0|97.76453|91.96606|0|-0.2552681|0|0|0|0A016D|41F00000|E0000000|1E016C|41F00000|E0000000|28FE0030|44DA3827|1057B8A2|020130|0|1057B8A2|0129|413A185E|1057B8A2|0|0|0|013B|40B69FB2|40011DA6|08A9|40A00000|107629AA|0344|4012C0C0|10675739|0|0|0|0|0|0|0|0|0|0|0|0|0|0|0|0|0|0|0763|418A57F2|10675739||1799fc819b12901c968809b08707f14f
26|2021-09-26T12:07:36.6020000+01:00|8a9|Mage's Ballad|5.00|107629AA|Joeson Lmoa|1057B8A2|Alex Knightfall|00|97285|106059||1c64fe2cb086d031ad4de8b3bc551cdd
38|2021-09-26T12:07:36.6020000+01:00|40011DA6|Eos|00505000|92601|92601|10000|10000|0|0|100.1449|100.0533|0|-0.6664067|0|0|0|28FE0030|44DA3827|1057B8A2|08A9|40A00000|107629AA||63c7640866150a94c15f2132d312b2a7
26|2021-09-26T12:07:36.6020000+01:00|8a9|Mage's Ballad|5.00|107629AA|Joeson Lmoa|40011DA6|Eos|00|92601|106059||5a024e10543ce389260e34148381f904
38|2021-09-26T12:07:36.6020000+01:00|107629AA|Joeson Lmoa|00505017|106059|106059|10000|10000|4|0|115.3272|91.29468|-0.01531982|0.9244136|0|0|0|0A016D|41F00000|E0000000|0A0168|41F00000|E0000000|28FE0030|451133EB|107629AA|013B|40AE1C98|40011DA6|0344|402C6AB9|10675739|0|0|0|0|0|0|0|0|0|0129|413C4153|1057B8A2|0|0|0|0|0|0|0763|418D8D32|10675739||6717c853734cf5b2a239a0ecf40fca02
38|2021-09-26T12:07:36.6020000+01:00|10675739|Jasy Heavensong|00505021|97086|97086|8376|10000|5|0|98.19177|91.75244|0|-0.3251345|0|0|0|0A0168|41F00000|E0000000|0F016B|41F00000|E0000000|0129|413E5DFE|1057B8A2|28FE0030|4511305B|10675739|0392|0|10675739|08A9|409E978D|107629AA|013B|40B25E27|40011DA6|0347|0|10675739|0344|3FE0E5D5|10675739|0|0|0|0|0|0|0|0|0|0763|41860E37|10675739||a5f9b3a6ff6331e48867db42b68eea86
26|2021-09-26T12:07:36.6020000+01:00|8a9|Mage's Ballad|4.96|107629AA|Joeson Lmoa|10675739|Jasy Heavensong|00|97086|106059||ecadb54f3e2100139b615c0f23a60af4
38|2021-09-26T12:07:36.6020000+01:00|1068703B|Tomo Uchuu|00505026|53778|106478|10000|10000|0|0|117.4261|107.7185|0|-1.336223|0|0|0|14016A|41F00000|E0000000|0A0168|41F00000|E0000000|071F|42700000|1068703B|28FE0030|4511DC98|1068703B|013B|40A9D2D9|40011DA6|08A9|409E978D|107629AA|0|0|0|071D|422934C2|1068703B|0737|422934C2|1068703B|0344|40018972|10675739|0401|40440832|40011D79|0|0|0|0|0|0|0|0|0|0763|41883109|10675739||ca49122d166011e53132751ffd40217e
26|2021-09-26T12:07:36.6020000+01:00|8a9|Mage's Ballad|4.96|107629AA|Joeson Lmoa|1068703B|Tomo Uchuu|00|106478|106059||6f76e9f7dc4c80c65926815c1e15317e
03|2021-09-26T12:07:36.3030000+01:00|40011dfc|Seraph|0|50|1057b8a2|0||8227|10487|92601|92601|10000|10000|0|0|100.1636|100.06|0|-0.2552681||de2c32de67b49083accb693da0e0ff94
24|2021-09-26T12:07:36.6470000+01:00|107ABEEC|Greiyan Fletz|HoT|0|1FDC|106544|106544|10000|10000|0|1000|92.79774|106.2665|-0.004723934|2.942843||395f0ae4bd92b07beea67804143f552c
21|2021-09-26T12:07:36.6470000+01:00|40011DF6|Jagd Doll|4B4E|Unknown_4B4e|107ABEEC|Greiyan Fletz|720003|400|0|0|0|0|0|0|0|0|0|0|0|0|0|0|106544|106544|10000|10000|0|1000|92.79774|106.2665|-0.004723934|2.942843|149169|167240|10000|10000|0|1000|93.53284|102.6788|0|-4.792213E-05|00008C4B|0|627710cc4f1a3c673180ff8e93a0f017
21|2021-09-26T12:07:36.6470000+01:00|1057B8A2|Alex Knightfall|40A1|Summon Seraph|1057B8A2|Alex Knightfall|3D|9D8000|0|0|0|0|0|0|0|0|0|0|0|0|0|0|97285|97285|6976|10000|0|1000|97.76453|91.96606|0|-0.2552681|97285|97285|6976|10000|0|1000|97.76453|91.96606|0|-0.2552681|00008C4C|0|7f38a6f481871711b86c6987ed51864a
38|2021-09-26T12:07:36.6470000+01:00|107ABEEC|Greiyan Fletz|00505022|106544|106544|10000|10000|4|0|92.79774|106.2665|-0.004723934|2.942843|0|0|0|0720|42700000|1068703B|14016A|41F00000|E0000000|0A0168|41F00000|E0000000|28FE0030|45113617|107ABEEC|013B|40A428DA|40011DA6|0344|40075C62|10675739|0129|41441C73|1057B8A2|0839|422907B4|1068703B|0737|422907B4|1068703B|08A9|409E978D|107629AA|0513|42199381|107ABEEC|04E2|408EE96C|107ABEEC|0|0|0|0|0|0|0|0|0|0|0|0|0512|41444E83|107ABEEC|0|0|0|0|0|0|0|0|0|0763|4188EB66|10675739||d5a793ad84741f27b73bbef0e56296ae
38|2021-09-26T12:07:36.6470000+01:00|40011DA6|Eos|00505000|0|92601|0|10000|0|0|100.1449|100.0533|0|-0.6244696|0|0|0|28FE0030|44DA36BF|1057B8A2||79b154786691fb1be7623e25cb8560f2
30|2021-09-26T12:07:36.6470000+01:00|8a9|Mage's Ballad|0.00|107629AA|Joeson Lmoa|40011DA6|Eos|00|92601|106059||23471002e19c8b35fd2c0b1faaf97f6c
38|2021-09-26T12:07:36.6910000+01:00|40011DFC|Seraph|00505000|92601|92601|10000|10000|0|0|100.1636|100.06|0|-0.2552681|6A91|21|0|28FE0030|44DA36BF|1057B8A2|08A9|409E978D|107629AA||a7ad22ab0f028fc7bb4d5d08c3899ba2
26|2021-09-26T12:07:36.6910000+01:00|30|Well Fed|1745.71|1057B8A2|Alex Knightfall|40011DFC|Seraph|28FE|92601|97285||e8cab318c7608bceb7ae740352351736
26|2021-09-26T12:07:36.6910000+01:00|8a9|Mage's Ballad|4.96|107629AA|Joeson Lmoa|40011DFC|Seraph|00|92601|106059||220981112b7431f546f704fd58987afe
37|2021-09-26T12:07:36.6910000+01:00|40011DEA|Liquid Hand|00008C45|4592686|12889320|10000|10000|0||91.90503|113.4508|0|0.08576035|01|0|0|0||5728367f4ec053783051cb97a04b534b
24|2021-09-26T12:07:36.6910000+01:00|1057B8A2|Alex Knightfall|HoT|0|328C|97285|97285|6976|10000|0|1000|97.76453|91.96606|0|-0.2552681||5d94c31e939625af925b063a2e7bb79d
38|2021-09-26T12:07:36.6910000+01:00|40011DFC|Seraph|00505000|92601|92601|10000|10000|0|0|100.1636|100.06|0|-0.2552681|0|0|0|28FE0030|44DA354E|1057B8A2|08A9|409D26E9|107629AA||f6953def1931346aa2615e7d53eeb97c
38|2021-09-26T12:07:36.6910000+01:00|1057B8A2|Alex Knightfall|0050501C|97285|97285|6976|10000|11|0|97.76453|91.96606|0|-0.2552681|0|0|0|0A016D|41F00000|E0000000|1E016C|41F00000|E0000000|28FE0030|44DA354E|1057B8A2|020130|0|1057B8A2|0129|4138ABD3|1057B8A2|0|0|0|013B|40B3C69B|40011DA6|08A9|409D26E9|107629AA|0344|400D0E93|10675739|0|0|0|0|0|0|0|0|0|0|0|0|0|0|0|0|0|0|0763|4189A1AC|10675739||f8984d28f955f6adf3614d5a58e5bc8c
22|2021-09-26T12:07:36.7350000+01:00|40011DF5|Jagd Doll|481E|Exhaust|1057B8A2|Alex Knightfall|750003|A310400|100000E|2C20000|1B|481E8000|0|0|0|0|0|0|0|0|0|0|97285|97285|6976|10000|0|1000|97.76453|91.96606|0|-0.2552681|155128|167240|10000|10000|0|1000|97.32121|93.53284|0|-4.792213E-05|00008C4D|0|ca1316a47060ba21ca2163c3a071f4e5
22|2021-09-26T12:07:36.7350000+01:00|40011DF5|Jagd Doll|481E|Exhaust|10675739|Jasy Heavensong|750003|21190400|100000E|2C20000|1B|481E8000|0|0|0|0|0|0|0|0|0|0|97086|97086|8376|10000|0|1000|98.19177|91.75244|0|-0.2826884|155128|167240|10000|10000|0|1000|97.32121|93.53284|0|-4.792213E-05|00008C4D|1|573c50627310cffd5c8420e8f71e0bb1
21|2021-09-26T12:07:36.7350000+01:00|40011DF7|Jagd Doll|481E|Exhaust|E0000000||0|0|0|0|0|0|0|0|0|0|0|0|0|0|0|0|||||||||||147876|167240|10000|10000|0|1000|102.6788|106.4672|0|-4.792213E-05|00008C4E|0|6fd8f0dbc37032cbcdaae83aff24ff35
21|2021-09-26T12:07:36.7350000+01:00|40011DF8|Jagd Doll|481E|Exhaust|E0000000||0|0|0|0|0|0|0|0|0|0|0|0|0|0|0|0|||||||||||129870|167240|10000|10000|0|1000|106.4672|97.32121|0|-4.792213E-05|00008C4F|0|b340b67235360f833b32fa1104e30e50
21|2021-09-26T12:07:36.7350000+01:00|40011DF6|Jagd Doll|481E|Exhaust|107ABEEC|Greiyan Fletz|750003|37F20400|100000E|2C20000|1B|481E8000|0|0|0|0|0|0|0|0|0|0|106544|106544|10000|10000|0|1000|92.79774|106.2665|-0.004723934|2.942843|149169|167240|10000|10000|0|1000|93.53284|102.6788|0|-4.792213E-05|00008C50|0|242764647e4df96a578a0977d4e3e4b8
24|2021-09-26T12:07:36.7350000+01:00|107401EC|Raesa Velan|HoT|0|1F9F|67966|96887|9600|10000|0|1000|87.38831|90.83691|0|1.305485||d68e8bcb0336fc92d4693222c5a1f31c
38|2021-09-26T12:07:36.7350000+01:00|107401EC|Raesa Velan|00505019|76061|96887|9600|10000|0|0|87.38831|90.83691|0|1.305485|0|0|0|0A016D|41F00000|E0000000|0A0168|41F00000|E0000000|29020030|459350E6|107401EC|0|0|0|08A9|409BBE76|107629AA|013B|409D0609|40011DA6|0344|3FE10697|10675739|A4|4170E55D|107401EC|0401|403B8520|40011D7A|0|0|0|0|0|0|0|0|0|02E1|3F1EF660|107401EC|0|0|0|0|0|0|0|0|0|0763|41861043|10675739||2cb097ba1f640dde6e92fef9b927494a
37|2021-09-26T12:07:36.7790000+01:00|40011DF7|Jagd Doll|00008C43|133496|167240|10000|10000|0||102.6788|106.4672|0|-4.792213E-05||e39c7f28dc28d53883ce5e9c19048d77
21|2021-09-26T12:07:36.7790000+01:00|107ABEEC|Greiyan Fletz|07|Attack|40011DF6|Jagd Doll|710103|19EA0000|0|0|0|0|0|0|0|0|0|0|0|0|0|0|149169|167240|10000|10000|0|1000|93.53284|102.6788|0|-4.792213E-05|106544|106544|10000|10000|0|1000|92.80491|106.2321|-0.0006886946|2.942843|00008C51|0|ff6c013c535304b17b3e5542bd1e038f
20|2021-09-26T12:07:36.8240000+01:00|40011DEA|Liquid Hand|482D|Hand Of Pain|40011DEA|Liquid Hand|2.70|91.90503|113.4508|0|0.08576035||877fa28427ee56de5a21ec4d65f7b0aa
37|2021-09-26T12:07:36.9130000+01:00|40011D69|Living Liquid|00008C44|4107457|12889320|10000|10000|0||92.66797|111.5281|0|-0.2478415||5f1b5d4be7721d8787775cb625749a1d
37|2021-09-26T12:07:36.9130000+01:00|40011DF8|Jagd Doll|00008C47|125995|167240|10000|10000|0||106.4672|97.32121|0|-4.792213E-05||61552a7434e008c600f21d56b0ef2658
37|2021-09-26T12:07:36.9560000+01:00|40011DF7|Jagd Doll|00008C49|127778|167240|10000|10000|0||102.6788|106.4672|0|-4.792213E-05||f2992f630e0718c2dd1d4f85bd06dbef
21|2021-09-26T12:07:37.0010000+01:00|10675739|Jasy Heavensong|40AB|Malefic IV|40011DEA|Liquid Hand|750003|3C0E0000|1B|40AB8000|0|0|0|0|0|0|0|0|0|0|0|0|4592686|12889320|10000|10000|0|1000|91.90503|113.4508|0|0.08576035|97086|97086|8376|10000|0|1000|98.19177|91.75244|0|-0.2826884|00008C52|0|70a9ed7dacdcfbc42d6662e2e13da228
21|2021-09-26T12:07:37.0460000+01:00|10752D6C|Volkon Vysk|07|Attack|40011D69|Living Liquid|710203|CFD0000|0|0|0|0|0|0|0|0|0|0|0|0|0|0|4107457|12889320|10000|10000|0|1000|92.66797|111.5281|0|-1.100754|99934|152511|10000|10000|0|1000|92.27124|117.5096|0|-2.748622|00008C53|0|4ddb2d5e1d7e9a76397d40b7e6d5e42b
37|2021-09-26T12:07:37.0900000+01:00|40011DF6|Jagd Doll|00008C48|129571|167240|10000|10000|0||93.53284|102.6788|0|-4.792213E-05||ead8cb56b45e79be5efecac828793f9d
21|2021-09-26T12:07:37.0900000+01:00|1075A2E4|Niru Summers|07|Attack|40011D69|Living Liquid|710003|EAE0000|0|0|0|0|0|0|0|0|0|0|0|0|0|0|4107457|12889320|10000|10000|0|1000|92.66797|111.5281|0|-1.100754|152304|153077|10000|10000|0|1000|89.46097|111.3451|-0.0006190651|1.543465|00008C54|0|630389ab8077b975ba5b5f794dde54e9
37|2021-09-26T12:07:37.1790000+01:00|107ABEEC|Greiyan Fletz|00008C4B|106544|106544|10000|10000|0||93.24503|104.3723|0|2.944689|2200|0|0|01|06002E40|0|0|E0000000||886e19b11cf21b41993391e48ffc3b74
38|2021-09-26T12:07:37.1790000+01:00|107ABEEC|Greiyan Fletz|00505022|106544|106544|10000|10000|0|0|93.24503|104.3723|0|2.944689|0|0|0|0720|42700000|1068703B|14016A|41F00000|E0000000|0A0168|41F00000|E0000000|28FE0030|45112D8F|107ABEEC|013B|40931250|40011DA6|0344|3FCA5EA8|10675739|0|0|0|0839|4226E4E6|1068703B|0737|4226E4E6|1068703B|08A9|408D8103|107629AA|0513|421770B3|107ABEEC|04E2|407BA5C5|107ABEEC|0102C2|40905A1A|40011DF6|0|0|0|0|0|0|0|0|0|0512|413BC341|107ABEEC|0|0|0|0|0|0|0|0|0|0763|4184A5C4|10675739||fee07c1acfbd8ad1a8f33bd60067a6fc
30|2021-09-26T12:07:37.1790000+01:00|129|Galvanize|0.00|1057B8A2|Alex Knightfall|107ABEEC|Greiyan Fletz|00|106544|97285||23a27ffe3802ebffa9cacede2294be49
26|2021-09-26T12:07:37.1790000+01:00|2c2|Luminous Aetheroplasm|4.51|40011DF6|Jagd Doll|107ABEEC|Greiyan Fletz|01|106544|167240||088a32a0518b67540049c8100c3cbaf5
37|2021-09-26T12:07:37.3130000+01:00|40011DF6|Jagd Doll|00008C51|122937|167240|10000|10000|0||93.53284|102.6788|0|-4.792213E-05||eb13d94cc2bc2290dbc18bd67584640d
37|2021-09-26T12:07:37.3580000+01:00|1057B8A2|Alex Knightfall|00008C4D|94676|97285|6976|10000|0||97.76453|91.96606|0|-0.2552681|1C00|0|0|02|04002E40|0|0|E0000000|05003D02|01|40A00000|40011DF5||21ac0e9a8034914748e81f74ff2d0fdc
26|2021-09-26T12:07:37.3580000+01:00|2c2|Luminous Aetheroplasm|5.00|40011DF5|Jagd Doll|1057B8A2|Alex Knightfall|01|97285|167240||ca487af1102f0512787dd1a7a5c35ddf
37|2021-09-26T12:07:37.3580000+01:00|107ABEEC|Greiyan Fletz|00008C50|92222|106544|10000|10000|0||93.38135|102.852|-0.0008814666|2.996191|2200|0|0|01|0C003102|01|40A00000|40011DF6||49d70833b4c0799623b11041f3466678
37|2021-09-26T12:07:37.3580000+01:00|40011DF8|Jagd Doll|00008C42|119505|167240|10000|10000|0||106.4622|97.30664|0|0.1317944||5b456af53cb7576ecbd56faf20578108
38|2021-09-26T12:07:37.3580000+01:00|107401EC|Raesa Velan|00505019|76061|96887|9600|10000|0|0|87.38831|90.83691|0|1.305485|0|0|0|0A016D|41F00000|E0000000|0A0168|41F00000|E0000000|29020030|45934BEA|107401EC|0|0|0|08A9|4087C6A4|107629AA|013B|40890E37|40011DA6|0344|3F91275D|10675739|A4|4166E977|107401EC|0401|40139582|40011D7A|0|0|0|0|0|0|0|0|0|0|0|0|0|0|0|0|0|0|0|0|0|0763|4181124F|10675739||c9b3267a2580abb96baac4f6aa341a1d
30|2021-09-26T12:07:37.3580000+01:00|2e1|Ley Lines|0.00|107401EC|Raesa Velan|107401EC|Raesa Velan|00|96887|96887||63aa5b1e5e93f22f4afd9f90d91c7e0c
38|2021-09-26T12:07:37.3580000+01:00|1057B8A2|Alex Knightfall|0050501C|94676|97285|6976|10000|0|0|97.76453|91.96606|0|-0.2552681|0|0|0|0A016D|41F00000|E0000000|1E016C|41F00000|E0000000|28FE0030|44DA1FEE|1057B8A2|020130|0|1057B8A2|0|0|0|0102C2|409E8F5C|40011DF5|013B|409E6656|40011DA6|08A9|4087C6A4|107629AA|0344|3FC49C23|10675739|0|0|0|0|0|0|0|0|0|0|0|0|0|0|0|0|0|0|0763|4184499B|10675739||47344f0923903bb5b6fab3de0ff95081
30|2021-09-26T12:07:37.3580000+01:00|129|Galvanize|0.00|1057B8A2|Alex Knightfall|1057B8A2|Alex Knightfall|00|97285|97285||ac9421c6839cd9ee67199d57e7461102
37|2021-09-26T12:07:37.4030000+01:00|10675739|Jasy Heavensong|00008C4D|88613|97086|7976|10000|0||98.19177|91.75244|0|-0.2826884|2101|0|0|02|02002E40|0|0|E0000000|09003D02|01|40A00000|40011DF5||84feed8b690b0559620941b7fc0742d5
26|2021-09-26T12:07:37.4030000+01:00|2c2|Luminous Aetheroplasm|5.00|40011DF5|Jagd Doll|10675739|Jasy Heavensong|01|97086|167240||6aeb65a73dc35dd9757d5d9c8cf6e3e4
38|2021-09-26T12:07:37.4030000+01:00|10675739|Jasy Heavensong|00505021|88613|97086|7976|10000|0|0|98.19177|91.75244|0|-0.2826884|0|0|0|0A0168|41F00000|E0000000|0F016B|41F00000|E0000000|0|0|0|28FE0030|4511238F|10675739|0392|0|10675739|08A9|4084F5BE|107629AA|013B|4098BC58|40011DA6|0347|0|10675739|0344|3F74BD56|10675739|0102C2|409E978D|40011DF5|0|0|0|0|0|0|0763|417F4B87|10675739||eedb09a127ac01e1c53675cd1cd13d26
30|2021-09-26T12:07:37.4030000+01:00|129|Galvanize|0.00|1057B8A2|Alex Knightfall|10675739|Jasy Heavensong|00|97086|97285||379077bea33404c1e6c06d20ce0d8a91
37|2021-09-26T12:07:37.5790000+01:00|40011D69|Living Liquid|00008C53|4104132|12889320|10000|10000|0||92.66797|111.5281|0|-1.630695||39907ec92fd004325982c94b7e6f30b7
37|2021-09-26T12:07:37.6260000+01:00|40011D69|Living Liquid|00008C54|4100374|12889320|10000|10000|0||92.66797|111.5281|0|-1.630695||05a9ec909de81065557177e45fc5353b
21|2021-09-26T12:07:37.6260000+01:00|10675739|Jasy Heavensong|1134|The Bole|1057B8A2|Alex Knightfall|60E|75B0000|13D|F18000|0|0|0|0|0|0|0|0|0|0|0|0|94676|97285|6976|10000|0|1000|97.76453|91.96606|0|-0.2552681|88613|97086|7976|10000|0|1000|98.19177|91.75244|0|-0.2826884|00008C55|0|6242b3283fcf916bdc550a496cf22f8d
21|2021-09-26T12:07:37.6260000+01:00|1075A2E4|Niru Summers|4050|Nascent Flash|10752D6C|Volkon Vysk|3200F60E|7420000|326C000F|7418000|0|0|0|0|0|0|0|0|0|0|0|0|99934|152511|10000|10000|0|1000|92.12745|116.8299|-0.002603815|-2.813972|152304|153077|10000|10000|0|1000|89.46362|111.3451|0|1.541435|00008C56|0|5077934b01edb699cdcdcdfa42e13e37
38|2021-09-26T12:07:37.6260000+01:00|10675739|Jasy Heavensong|00505021|88613|97086|7976|10000|0|0|98.19177|91.75244|0|-0.2826884|0|0|0|0A0168|41F00000|E0000000|0F016B|41F00000|E0000000|0|0|0|28FE0030|45111FFF|10675739|0|0|0|08A9|407BA5D8|107629AA|013B|40919986|40011DA6|0347|0|10675739|0344|3F3BA6CE|10675739|0102C2|409774BB|40011DF5|0|0|0|0|0|0|0763|417BBA1F|10675739||eca58be175e5b1983c688eca4892e48d
30|2021-09-26T12:07:37.6260000+01:00|392|Bole Drawn|0.00|10675739|Jasy Heavensong|10675739|Jasy Heavensong|00|97086|97086||038bea7854390344fd1221b62ebd74ab
22|2021-09-26T12:07:37.7140000+01:00|107ABEEC|Greiyan Fletz|1D48|Hissatsu: Guren|40011DF6|Jagd Doll|710103|E14D0000|0|0|0|0|0|0|0|0|0|0|0|0|0|0|122937|167240|10000|10000|0|1000|93.52246|102.678|0|-1.069566|92222|106544|10000|10000|0|1000|93.64154|101.4328|0|-0.1428063|00008C57|0|a3232922276528e335d6aa27437cadcd
22|2021-09-26T12:07:37.7140000+01:00|107ABEEC|Greiyan Fletz|1D48|Hissatsu: Guren|40011D69|Living Liquid|710103|E54D0000|0|0|0|0|0|0|0|0|0|0|0|0|0|0|4100374|12889320|10000|10000|0|1000|92.66797|111.5281|0|-1.630695|92222|106544|10000|10000|0|1000|93.64154|101.4328|0|-0.1428063|00008C57|1|71bd29fe71fe879bc0df4c64e83a2425
34|2021-09-26T12:07:37.7140000+01:00|40011DFC|Seraph|40011DFC|Seraph|01|784afe11d7c390b299debcf9a8f5c344
38|2021-09-26T12:07:37.7140000+01:00|40011D69|Living Liquid|00505000|4100374|12889320|10000|10000|0|0|92.66797|111.5281|0|-1.630695|9AEA|31|0|0767|41AA0C36|1057B8A2|2804B1|4181CCAC|107629AA|0759|41AA0C36|10675739|2804B0|4181CCAC|107629AA|0A00A3|409EE11A|107401EC|04CC|424DEAC3|107ABEEC||7f7a390d9e920c09273c0f2ce8d5f502
30|2021-09-26T12:07:37.7140000+01:00|72d|Sonic Break|0.00|10752D6C|Volkon Vysk|40011D69|Living Liquid|00|12889320|152511||89b9b8c16334b83ab85d39b77b261529
39|2021-09-26T12:07:37.9370000+01:00|10675739|Jasy Heavensong|89583|97086|8240|10000|0|0|98.19177|91.75244|0|-0.8809545||35f0c2a02faaa3359e071b44d90354ac
39|2021-09-26T12:07:37.9370000+01:00|1075A2E4|Niru Summers|153077|153077|10000|10000|0|0|89.46362|111.3451|0|0.9356997||bc7f091a16a9cd99dae92aa302465594
39|2021-09-26T12:07:37.9370000+01:00|10752D6C|Volkon Vysk|101459|152511|10000|10000|0|0|91.69234|115.7163|-0.001293861|-3.002525||3c6ca72e28b8b0c339497d458b1ded59
21|2021-09-26T12:07:37.9370000+01:00|10752D6C|Volkon Vysk|3F25|Blasting Zone|40011DEA|Liquid Hand|710203|5DC00000|0|0|0|0|0|0|0|0|0|0|0|0|0|0|4592686|12889320|10000|10000|0|1000|91.90503|113.4508|0|0.08576035|99934|152511|10000|10000|0|1000|91.69234|115.7163|-0.001293861|-3.002525|00008C58|0|e94a4a16b10b311e0d7796def772474c
24|2021-09-26T12:07:37.9820000+01:00|40011D69|Living Liquid|DoT|0|5186|4100374|12889320|10000|10000|0|1000|92.66797|111.5281|0|-1.630695||d7857af1e4c2d68766e98abc57ca0c28
36|2021-09-26T12:07:37.9820000+01:00|0C08|3|355b6272911dd8bd07cc383cbb92d6fc
38|2021-09-26T12:07:37.9820000+01:00|40011D69|Living Liquid|00505000|4079504|12889320|10000|10000|0|0|92.66797|111.5281|0|-1.630695|948D|31|0|0767|41A7E964|1057B8A2|2804B1|417F53B4|107629AA|0759|41A7E964|10675739|2804B0|417F53B4|107629AA|0A00A3|409655D5|107401EC|04CC|424CD95D|107ABEEC||a87cdf14b1ad86ca4f6259b897b7aa39
39|2021-09-26T12:07:38.0250000+01:00|1068703B|Tomo Uchuu|54842|106478|10000|10000|0|0|111.1159|108.5216|0|-1.899615||dffc963f58157561ea69d5e35a9b0f36
38|2021-09-26T12:07:38.0250000+01:00|1075A2E4|Niru Summers|00505015|153077|153077|10000|10000|0|0|89.46362|111.3451|0|0.8254227|94C8|31|0|0A016D|41F00000|E0000000|0A0168|41F00000|E0000000|5B|0|1075A2E4|28FD0030|45128808|1075A2E4|0|0|0|0763|41800603|10675739|0344|3F8062CB|10675739|0|0|0|0|0|0|5A|422DEEDC|1075A2E4|0|0|0|0|0|0|0|0|0|3204C4|41DE00BD|1057B8A2|0|0|0|013B|408D57FC|40011DA6||1dec81e14471f5cbedd48b510a75fa67
30|2021-09-26T12:07:38.0250000+01:00|59|Vengeance|0.00|1075A2E4|Niru Summers|1075A2E4|Niru Summers|64|153077|153077||da2b3b755373b50b9d2a6deaa1665ded
30|2021-09-26T12:07:38.0250000+01:00|390|Vulnerability Down|0.00|1075A2E4|Niru Summers|1075A2E4|Niru Summers|00|153077|153077||4fcf4d0488ee115251dda2aafe60746c
37|2021-09-26T12:07:38.0700000+01:00|40011DF8|Jagd Doll|00008C4A|108207|167240|10000|10000|0||108.4858|95.94355|0|1.789206||08c4c17d2a3fa777f9f563aba00868d6
37|2021-09-26T12:07:38.0700000+01:00|40011DEA|Liquid Hand|00008C52|4577312|12889320|10000|10000|0||91.90503|113.4508|0|0.08576035||990bed67ca1f32edbf7a7d7861f5cdc1
39|2021-09-26T12:07:38.0700000+01:00|107629AA|Joeson Lmoa|106059|106059|10000|10000|0|0|115.4955|91.29468|0|-0.9843993||35b20432809c94cb55b73dd8edca8ede
39|2021-09-26T12:07:38.1150000+01:00|107ABEEC|Greiyan Fletz|93287|106544|10000|10000|0|0|93.79044|100.726|-0.005405988|-0.1428063||76c122c2549fdf1b9aab45af48a7a3f3
39|2021-09-26T12:07:38.1610000+01:00|1057B8A2|Alex Knightfall|95648|97285|7222|10000|0|0|97.76453|91.96606|0|-0.2552681||c65c1845117dfc0948c3e0f74ea41765
21|2021-09-26T12:07:38.1610000+01:00|107401EC|Raesa Velan|DF9|Fire IV|40011DF5|Jagd Doll|150003|92FE0000|1B|DF98000|0|0|0|0|0|0|0|0|0|0|0|0|155128|167240|10000|10000|0|1000|94.17006|92.6635|0|-1.621897|76061|96887|9600|10000|0|1000|87.38831|90.83691|0|1.30654|00008C59|0|140c2ac9f569162b7958c8d7c211512b
39|2021-09-26T12:07:38.2040000+01:00|107401EC|Raesa Velan|77029|96887|8800|10000|0|0|87.38831|90.83691|0|1.30654||1209cc61c76005064c2bc76195221250
37|2021-09-26T12:07:38.2500000+01:00|1057B8A2|Alex Knightfall|00008C55|95648|97285|7222|10000|0||97.76453|91.96606|0|-0.2552681|1C00|0|0|01|0400359B|0|41700000|10675739||713f35bf37b91f54796cb9d30c62f776
26|2021-09-26T12:07:38.2500000+01:00|75b|The Bole|15.00|10675739|Jasy Heavensong|1057B8A2|Alex Knightfall|00|97285|97086||972afb671866952b2e6ae5b5bf933def
37|2021-09-26T12:07:38.2500000+01:00|10752D6C|Volkon Vysk|00008C56|101459|152511|10000|10000|0||90.89857|114.8009|-0.002630789|2.660107|2500|0|0|01|03003582|32|40C00000|1075A2E4||4c4de1cafc61c1000a4e20ee49c4ad5c
26|2021-09-26T12:07:38.2500000+01:00|742|Nascent Glint|6.00|1075A2E4|Niru Summers|10752D6C|Volkon Vysk|32|152511|153077||65015fc3c18013c7f481a8025e94184e
37|2021-09-26T12:07:38.2500000+01:00|1075A2E4|Niru Summers|00008C56|153077|153077|10000|10000|0||89.46362|111.3451|0|0.7371336|1500|0|0|01|04003581|32|40C00000|1075A2E4||862ea53b5f9da65aa5401cf110df948d
26|2021-09-26T12:07:38.2500000+01:00|741|Nascent Flash|6.00|1075A2E4|Niru Summers|1075A2E4|Niru Summers|32|153077|153077||38c64da431c9ca3c5b1228aa04617dff
38|2021-09-26T12:07:38.2510000+01:00|40011DFC|Seraph|00505000|92601|92601|10000|10000|0|0|100.1636|100.06|0|-0.2552681|994C|31|0|28FE0030|44DA0363|1057B8A2|08A9|405676BE|107629AA|075B|416F4396|10675739||a9e7f22607ec46438c16e8328e32e525
26|2021-09-26T12:07:38.2510000+01:00|75b|The Bole|14.95|10675739|Jasy Heavensong|40011DFC|Seraph|00|92601|97086||4bde243c30c9a56854ef9060e098aea9
38|2021-09-26T12:07:38.2510000+01:00|1057B8A2|Alex Knightfall|0050501C|95648|97285|7222|10000|0|0|97.76453|91.96606|0|-0.2552681|994C|31|0|0A016D|41F00000|E0000000|1E016C|41F00000|E0000000|28FE0030|44DA0363|1057B8A2|020130|0|1057B8A2|075B|416F4396|10675739|0102C2|40820414|40011DF5|013B|4081DB0E|40011DA6|08A9|405676BE|107629AA|0344|3F24DE2A|10675739|0|0|0|0|0|0|0|0|0|0|0|0|0|0|0|0|0|0|0763|417A4D91|10675739||65399273c008eb4c6435da617feba5d2
21|2021-09-26T12:07:38.2950000+01:00|1068703B|Tomo Uchuu|3E75|Cascade|40011DF7|Jagd Doll|720303|59EF0000|F|7168000|1B|3E758000|0|0|0|0|0|0|0|0|0|0|127778|167240|10000|10000|0|1000|106.7793|107.0274|0|1.28984|54842|106478|10000|10000|0|1000|109.9212|108.0082|0|-2.031562|00008C5A|0|299d4105f48c548e1b733da7dd507ca8
38|2021-09-26T12:07:38.2950000+01:00|1068703B|Tomo Uchuu|00505026|54842|106478|10000|10000|0|0|109.9212|108.0082|0|-2.031562|994C|31|0|14016A|41F00000|E0000000|0A0168|41F00000|E0000000|071F|42700000|1068703B|28FE0030|4511C18C|1068703B|013B|40674B88|40011DA6|08A9|4050D4F3|107629AA|0716|C1A00000|1068703B|071D|42226F2D|1068703B|0737|42226F2D|1068703B|0344|3EA97AB0|10675739|0401|3FAF5C2C|40011D79|0|0|0|0|0|0|0|0|0|0763|41754B89|10675739||c66f303f6965daa31ca041d35f8c13bc
26|2021-09-26T12:07:38.2950000+01:00|71f|Closed Position|60.00|1068703B|Tomo Uchuu|1068703B|Tomo Uchuu|00|106478|106478||dbd0cc2bbc11623b662071ea2ff49dd4
26|2021-09-26T12:07:38.2950000+01:00|716|Flourishing Cascade|20.00|1068703B|Tomo Uchuu|1068703B|Tomo Uchuu|00|106478|106478||497f572e47ffd2232c761934bf5d125a
37|2021-09-26T12:07:38.3390000+01:00|40011DF6|Jagd Doll|00008C57|65260|167240|10000|10000|0||93.52246|102.678|0|3.004011||b2ba49fd4dc691c13aeb05b4c8513062
38|2021-09-26T12:07:38.3840000+01:00|10675739|Jasy Heavensong|00505021|89583|97086|8240|10000|0|0|98.19177|91.75244|0|-1.136745|994C|31|0|0A0168|41F00000|E0000000|0F016B|41F00000|E0000000|0|0|0|28FE0030|451113DF|10675739|0|0|0|08A9|404B1263|107629AA|013B|40729F92|40011DA6|0347|0|10675739|0|0|0|0102C2|407E55FA|40011DF5|0|0|0|0|0|0|0763|416F9544|10675739||83d125d3139e25362f1aac6d8a6f84fc
30|2021-09-26T12:07:38.3840000+01:00|344|Aspected Helios|0.00|10675739|Jasy Heavensong|10675739|Jasy Heavensong|00|97086|97086||b1c59894859d1bfc710b38155490ebbb
21|2021-09-26T12:07:38.4290000+01:00|1057B8A2|Alex Knightfall|45CE|Ruin II|40011D69|Living Liquid|750103|50F00000|1B|45CE8000|0|0|0|0|0|0|0|0|0|0|0|0|4079504|12889320|10000|10000|0|1000|92.66797|111.5281|0|-1.630695|95648|97285|7222|10000|0|1000|97.76453|91.96606|0|-0.2552681|00008C5B|0|4d0973ba33abe61d7a2c229f444d9ef6
21|2021-09-26T12:07:38.4290000+01:00|40011D69|Living Liquid|4978|Unknown_4978|1075A2E4|Niru Summers|730003|8D380000|0|0|0|0|0|0|0|0|0|0|0|0|0|0|153077|153077|10000|10000|0|1000|89.46362|111.3451|0|0.5730101|4079504|12889320|10000|10000|0|1000|92.66797|111.5281|0|-1.630695|00008C5C|0|68cdc608e93e4fa053633e968fec1ae1
37|2021-09-26T12:07:38.4750000+01:00|40011D69|Living Liquid|00008C57|4020803|12889320|10000|10000|0||92.66797|111.5281|0|-1.630695|01|0|0|0||ce2db572ad26ecdf36796f0b0d44306c
20|2021-09-26T12:07:38.4750000+01:00|10675739|Jasy Heavensong|40AB|Malefic IV|40011DEA|Liquid Hand|1.43|98.19177|91.75244|0|-1.136745||d7c2fe877c6c1184be751b3983109ad0
24|2021-09-26T12:07:38.5190000+01:00|40011DEA|Liquid Hand|DoT|0|57F1|4577312|12889320|10000|10000|0|1000|91.90503|113.4508|0|0.08576035||4b54cf54ef0cad6ddbd23c38a173ef86
22|2021-09-26T12:07:38.5190000+01:00|1075A2E4|Niru Summers|DDE|Decimate|40011D69|Living Liquid|710003|1B010000|204|D208000|0|0|0|0|0|0|0|0|0|0|0|0|4079504|12889320|10000|10000|0|1000|92.66797|111.5281|0|-1.630695|153077|153077|10000|10000|0|1000|89.46362|111.3451|0|0.5205705|00008C5D|0|7438a8c5fec700004a9fa49c79a3ed5a
22|2021-09-26T12:07:38.5190000+01:00|1075A2E4|Niru Summers|DDE|Decimate|40011DEA|Liquid Hand|710103|2BEA0000|204|155A8000|0|0|0|0|0|0|0|0|0|0|0|0|4577312|12889320|10000|10000|0|1000|91.90503|113.4508|0|0.08576035|153077|153077|10000|10000|0|1000|89.46362|111.3451|0|0.5205705|00008C5D|1|333956b7bb5902edbba8ce4789727398
38|2021-09-26T12:07:38.5190000+01:00|107401EC|Raesa Velan|00505019|77029|96887|8800|10000|0|0|87.38831|90.83691|0|1.305981|994C|31|0|0A016D|41F00000|E0000000|0A0168|41F00000|E0000000|29020030|459342A6|107401EC|0|0|0|08A9|40454FD5|107629AA|013B|4047DEFB|40011DA6|0|0|0|A4|41545A1F|107401EC|0401|3F92B024|40011D7A|0|0|0|0|0|0|0|0|0|0|0|0|0|0|0|0|0|0|0|0|0|0763|416F9544|10675739||74b8b99d3628fd70f54fba03fb5f7648
30|2021-09-26T12:07:38.5190000+01:00|344|Aspected Helios|0.00|10675739|Jasy Heavensong|107401EC|Raesa Velan|00|96887|97086||b60efab382785352a1efcf9089341653
38|2021-09-26T12:07:38.5190000+01:00|40011DEA|Liquid Hand|00505000|4554799|12889320|10000|10000|0|0|91.90503|113.4508|0|0.08576035|994C|31|0|0A00A3|419A2D03|107401EC|0767|41503509|1057B8A2|04CC|42305575|107ABEEC|2804B1|41A84174|107629AA|0759|41B6E343|10675739|2804B0|41BC9B95|107629AA||894b1218b2cbdee8c9a4dc1bcc5ae403
37|2021-09-26T12:07:38.5630000+01:00|40011DEA|Liquid Hand|00008C58|4530799|12889320|10000|10000|0||91.90503|113.4508|0|0.08576035||1d6ef1c1e5d72ea070055240570652d5
21|2021-09-26T12:07:38.5630000+01:00|107ABEEC|Greiyan Fletz|1D35|Hakaze|40011DF6|Jagd Doll|710103|37750000|1B|1D358000|0|0|0|0|0|0|0|0|0|0|0|0|65260|167240|10000|10000|0|1000|93.52246|102.678|0|2.995571|93287|106544|10000|10000|0|1000|93.79712|100.8191|-0.001758888|-0.1821923|00008C5E|0|fe777c514eb36741f4a75805de6f0e93
21|2021-09-26T12:07:38.6520000+01:00|40011DED|Liquid Rage|4829|Pressurize|40011DED|Liquid Rage|3C|0|1B|48298000|0|0|0|0|0|0|0|0|0|0|0|0|11919920|11919920|10000|10000|0|1000|85|100|0|-4.792213E-05|11919920|11919920|10000|10000|0|1000|85|100|0|-4.792213E-05|00008C5F|0|19f65983a45dd2efe85a64fbfb8e9b5b
21|2021-09-26T12:07:38.6520000+01:00|40011DEC|Liquid Rage|4829|Pressurize|40011DEC|Liquid Rage|3C|0|1B|48298000|0|0|0|0|0|0|0|0|0|0|0|0|11919920|11919920|10000|10000|0|1000|115|100|0|-4.792213E-05|11919920|11919920|10000|10000|0|1000|115|100|0|-4.792213E-05|00008C60|0|1dc4726adacc7b6543b0991b50324e99
21|2021-09-26T12:07:38.6520000+01:00|10752D6C|Volkon Vysk|3F13|Savage Claw|40011DEA|Liquid Hand|710003|373D0000|F|7338000|0|0|0|0|0|0|0|0|0|0|0|0|4530799|12889320|10000|10000|0|1000|91.90503|113.4508|0|0.08576035|101459|152511|10000|10000|0|1000|89.48164|112.4113|0|2.611948|00008C61|0|27a67fbf542bd86b3d84fe47aaca69b5
38|2021-09-26T12:07:38.6520000+01:00|1068703B|Tomo Uchuu|00505026|54842|106478|10000|10000|0|0|108.3016|107.019|0|-2.15932|948D|31|0|14016A|41F00000|E0000000|0A0168|41F00000|E0000000|071F|42700000|1068703B|28FE0030|4511BBD8|1068703B|013B|40507272|40011DA6|08A9|4039FBDD|107629AA|0716|C1A00000|1068703B|071D|4221019E|1068703B|0737|4221019E|1068703B|0|0|0|0401|3F81A9FF|40011D79|0|0|0|0|0|0|0|0|0|0763|416F9545|10675739||721669d37e3f2032d52e7033fb1d62a1
30|2021-09-26T12:07:38.6520000+01:00|344|Aspected Helios|0.00|10675739|Jasy Heavensong|1068703B|Tomo Uchuu|00|106478|97086||6bc2bd678f03872ac79d1a9b8573e17a
38|2021-09-26T12:07:38.6520000+01:00|10752D6C|Volkon Vysk|00505025|101459|152511|10000|10000|0|0|89.48164|112.4113|0|2.611948|948D|31|0|14016A|41F00000|E0000000|0A0168|41F00000|E0000000|28FD0030|45125F7C|10752D6C|320742|40B1B22B|1075A2E4|0344|3F02D1D9|10675739|072C|3FAD4F95|10752D6C|0733|C1200000|10752D6C|013B|4036B812|40011DA6|0401|3F81A9FF|40011D78|0|0|0|0|0|0|0|0|0|0|0|0|0763|41782CCC|10675739|0|0|0|0729|0|10752D6C||d8c09eb2e2f63d246ad38ce1907fc0e1
26|2021-09-26T12:07:38.6520000+01:00|733|Ready To Tear|10.00|10752D6C|Volkon Vysk|10752D6C|Volkon Vysk|00|152511|152511||59c889756bc1a7195ec30ffc8ead3a7a
21|2021-09-26T12:07:38.6960000+01:00|40011DF5|Jagd Doll|4B4E|Unknown_4B4e|107401EC|Raesa Velan|F1720006|E890000|0|0|0|0|0|0|0|0|0|0|0|0|0|0|77029|96887|8800|10000|0|1000|87.38831|90.83691|0|1.306551|155128|167240|10000|10000|0|1000|91.21957|91.86831|0|-1.804721|00008C62|0|b9955100bc05565515b361d8b9b26b9f
21|2021-09-26T12:07:38.6960000+01:00|40011DF7|Jagd Doll|4B4E|Unknown_4B4e|1068703B|Tomo Uchuu|720003|FF80000|0|0|0|0|0|0|0|0|0|0|0|0|0|0|54842|106478|10000|10000|0|1000|108.3016|107.019|0|-2.15932|127778|167240|10000|10000|0|1000|108.8241|107.3157|0|0.9056703|00008C63|0|41cea6ee8a85dc5ae20b6bd5d28fb82f
21|2021-09-26T12:07:38.6960000+01:00|40011DF8|Jagd Doll|4B4E|Unknown_4B4e|107629AA|Joeson Lmoa|720003|400|0|0|0|0|0|0|0|0|0|0|0|0|0|0|106059|106059|10000|10000|0|1000|115.4955|91.29468|0|-0.9865086|108207|167240|10000|10000|0|1000|112.0753|93.56987|0|2.120224|00008C64|0|e1e66b2eacce1dc4e578ffe98ab3af94
38|2021-09-26T12:07:38.7850000+01:00|107ABEEC|Greiyan Fletz|00505022|93287|106544|10000|10000|0|0|93.79712|100.9433|-0.001178374|-0.1797185|9504|31|0|0720|42700000|1068703B|14016A|41F00000|E0000000|0A0168|41F00000|E0000000|28FE0030|451113E7|107ABEEC|013B|403F5BE6|40011DA6|0|0|0|0|0|0|0839|42207868|1068703B|0737|42207868|1068703B|08A9|4034394E|107629AA|0513|42110435|107ABEEC|04E2|4014DD11|107ABEEC|0102C2|4061CAB7|40011DF6|0|0|0|0|0|0|0|0|0|0512|41221119|107ABEEC|0|0|0|0|0|0|0|0|0|0763|416F995A|10675739||beaeaac4bffa8f94263597e43a35a127
26|2021-09-26T12:07:38.7850000+01:00|720|Dance Partner|60.00|1068703B|Tomo Uchuu|107ABEEC|Greiyan Fletz|00|106544|106478||cae6f6f3ad8a2ab1421ca7845d1dcc3d
30|2021-09-26T12:07:38.7850000+01:00|344|Aspected Helios|0.00|10675739|Jasy Heavensong|107ABEEC|Greiyan Fletz|00|106544|97086||9fe36305aa4ff16d03f6fb08833c6605
21|2021-09-26T12:07:38.9200000+01:00|40011DFC|Seraph|40A4|Seraphic Veil|1068703B|Tomo Uchuu|4|15C40000|C40E|77D0000|1B|40A48000|0|0|0|0|0|0|0|0|0|0|54842|106478|10000|10000|0|1000|106.7099|105.9746|0|-2.148848|92601|92601|10000|10000|0|1000|100.1449|100.0533|0|-0.1105531|00008C65|0|ec94644609f470bd6c8aae6441ad3ac6
38|2021-09-26T12:07:38.9210000+01:00|1057B8A2|Alex Knightfall|0050501C|95648|97285|6822|10000|0|0|97.7909|92.08303|-0.01531982|0.2492577|9504|31|0|0A016D|41F00000|E0000000|1E016C|41F00000|E0000000|28FE0030|44D9EDF3|1057B8A2|020130|0|1057B8A2|075B|41648B47|10675739|0102C2|405926E0|40011DF5|013B|4058D4D4|40011DA6|08A9|402B9577|107629AA|0|0|0|0|0|0|0|0|0|0|0|0|0|0|0|0|0|0|0|0|0|0763|416F9542|10675739||e8510780541ab2f17b0f271050e8c198
30|2021-09-26T12:07:38.9210000+01:00|344|Aspected Helios|0.00|10675739|Jasy Heavensong|1057B8A2|Alex Knightfall|00|97285|97086||52294ddeef6edb4a0a6fdd2a191ca5af
37|2021-09-26T12:07:38.9640000+01:00|1075A2E4|Niru Summers|00008C5C|116925|153077|10000|10000|0||89.46362|111.3451|0|1.400493|1500|0|0|0||20976ab56aa6615a096be7d7910cab37
20|2021-09-26T12:07:39.0090000+01:00|107401EC|Raesa Velan|DF9|Fire IV|40011DF5|Jagd Doll|2.62|87.63876|90.92156|0|1.164843||e308ada7ecabc25d1d1d0224fd5b5b4b
21|2021-09-26T12:07:39.0090000+01:00|1068703B|Tomo Uchuu|3E8A|En Avant|1068703B|Tomo Uchuu|0|0|0|0|0|0|0|0|0|0|0|0|0|0|0|0|54842|106478|10000|10000|0|1000|106.6085|105.9085|0|-2.148848|54842|106478|10000|10000|0|1000|106.6085|105.9085|0|-2.148848|00008C66|0|85e7960d61280be4ea25283d956728a1
38|2021-09-26T12:07:39.0530000+01:00|1075A2E4|Niru Summers|00505015|116925|153077|10000|10000|0|0|89.46362|111.3451|0|1.400493|0|0|0|0A016D|41F00000|E0000000|0A0168|41F00000|E0000000|5B|0|1075A2E4|28FD0030|4512779C|1075A2E4|320741|40A4D4FA|1075A2E4|0763|416F995A|10675739|0|0|0|0|0|0|0|0|0|5A|4229D237|1075A2E4|0|0|0|0|0|0|0|0|0|3204C4|41D5C762|1057B8A2|0|0|0|013B|4058E535|40011DA6||62a71f2cb917e59ea82c57cf660618bc
30|2021-09-26T12:07:39.0530000+01:00|344|Aspected Helios|0.00|10675739|Jasy Heavensong|1075A2E4|Niru Summers|00|153077|97086||b3c43fdc3b4a74a79dcc07076090a802
37|2021-09-26T12:07:39.0970000+01:00|40011DF7|Jagd Doll|00008C5A|104755|167240|10000|10000|0||109.5942|107.4242|0|-1.723328||2bca1b1d0ca8d86eaae9dce7d7ac245f
37|2021-09-26T12:07:39.0970000+01:00|1068703B|Tomo Uchuu|00008C5A|54842|106478|10000|10000|0||106.1549|105.6125|0|-2.148848|2600|0|0|01|06000D16|0|41A00000|1068703B||0d0bac9a7a2c891e0b799d6eecb8e549
21|2021-09-26T12:07:39.0970000+01:00|107ABEEC|Greiyan Fletz|07|Attack|40011DF6|Jagd Doll|710003|11220000|0|0|0|0|0|0|0|0|0|0|0|0|0|0|65260|167240|10000|10000|0|1000|93.52246|102.678|0|2.968058|93287|106544|10000|10000|0|1000|93.79712|101.0242|0|-0.2384885|00008C67|0|c08dc127b45c84fd02c64c1bdf07b7a2
38|2021-09-26T12:07:39.0970000+01:00|1068703B|Tomo Uchuu|00505026|54842|106478|10000|10000|0|0|106.1549|105.6125|0|-2.148848|0|0|0|14016A|41F00000|E0000000|0A0168|41F00000|E0000000|071F|42700000|1068703B|28FE0030|4511B4B8|1068703B|013B|4033E72F|40011DA6|08A9|401D709A|107629AA|0716|419FA5E3|1068703B|071D|421F38ED|1068703B|0737|421F38ED|1068703B|0|0|0|0401|3F1126EE|40011D79|0|0|0|0|0|0|0|0|0|0763|41687276|10675739||29809a8ed79faa3c888ce19d5b55f352
21|2021-09-26T12:07:39.1420000+01:00|107629AA|Joeson Lmoa|406F|Burst Shot|40011DF8|Jagd Doll|720003|2C620000|F|7A8000|1B|406F8000|0|0|0|0|0|0|0|0|0|0|108207|167240|10000|10000|0|1000|112.7489|93.12573|0|2.417512|106059|106059|10000|10000|0|1000|114.1226|91.37491|-0.001845772|-1.889015|00008C68|0|2b6337a063d2b40e9f81cc81c59c09c3
38|2021-09-26T12:07:39.1420000+01:00|107629AA|Joeson Lmoa|00505017|106059|106059|10000|10000|4|0|114.1226|91.37491|-0.001845772|-1.889015|0|0|0|0A016D|41F00000|E0000000|0A0168|41F00000|E0000000|28FE0030|45110B57|107629AA|013B|4039A9C6|40011DA6|0344|3E1DB5DD|10675739|7A|C1200000|107629AA|0|0|0|0|0|0|0129|41139D85|1057B8A2|0|0|0|0|0|0|0763|41727688|10675739||fafd85243f38b2d4c70d504bfb721064
26|2021-09-26T12:07:39.1420000+01:00|7a|Straight Shot Ready|10.00|107629AA|Joeson Lmoa|107629AA|Joeson Lmoa|00|106059|106059||f4bce8c1d65791d367768b6c6085db28
31|2021-09-26T12:07:39.1420000+01:00|1068703B|1E0026|00|10762900|00|4bab833a749a868b29d1b0ac1151dbce
37|2021-09-26T12:07:39.1860000+01:00|40011DF6|Jagd Doll|00008C5E|51063|167240|10000|10000|0||93.52246|102.678|0|-3.104189||60fe6b41a8fff1ad1e7f91cb4e90924e
38|2021-09-26T12:07:39.1860000+01:00|10752D6C|Volkon Vysk|00505025|101459|152511|10000|10000|0|0|89.18956|111.0867|-0.002089763|1.058761|0|0|0|14016A|41F00000|E0000000|0A0168|41F00000|E0000000|28FD0030|451256F4|10752D6C|320742|40A09BA1|1075A2E4|0|0|0|072C|3F51EAF0|10752D6C|0733|C1200000|10752D6C|013B|40148B05|40011DA6|0401|3EF53F85|40011D78|0|0|0|0|0|0|0|0|0|0|0|0|0763|416FA18B|10675739|0|0|0|0729|0|10752D6C||dada92eec6fd93690cb86be3177711ec
30|2021-09-26T12:07:39.1860000+01:00|344|Aspected Helios|0.00|10675739|Jasy Heavensong|10752D6C|Volkon Vysk|00|152511|97086||f44a91310cfa6eef942b593ec5b76c19
37|2021-09-26T12:07:39.2310000+01:00|107401EC|Raesa Velan|00008C62|73308|96887|8800|10000|0||88.31799|91.27319|-0.0009775179|1.326564|1900|0|0|0||df370978a8c7db420be938f0bee06cdc
37|2021-09-26T12:07:39.2310000+01:00|1068703B|Tomo Uchuu|00008C63|50754|106478|10000|10000|0||103.9065|104.1457|0|-2.148848|2600|0|0|0||eece6b6d5135b4982f206a205e5f7fbe
37|2021-09-26T12:07:39.2310000+01:00|107629AA|Joeson Lmoa|00008C64|106059|106059|10000|10000|1||113.2659|91.45289|-0.001767538|0.3541152|1700|0|0|01|0500067A|0|C1200000|107629AA||079aa29926d2229cb9267bd823953db0
21|2021-09-26T12:07:39.2310000+01:00|107629AA|Joeson Lmoa|08|Shot|40011DF8|Jagd Doll|720003|EAB0000|0|0|0|0|0|0|0|0|0|0|0|0|0|0|108207|167240|10000|10000|0|1000|112.7489|93.12573|0|2.504838|106059|106059|10000|10000|0|1000|113.2659|91.45289|-0.001767538|0.3541152|00008C69|0|dc91d590a031caf9a9c35015306361ec
37|2021-09-26T12:07:39.2760000+01:00|40011DEA|Liquid Hand|00008C61|4516658|12889320|10000|10000|0||91.90503|113.4508|0|0.08576035||c094eb925e40b659239c9b6d3e64ec08
37|2021-09-26T12:07:39.2760000+01:00|10752D6C|Volkon Vysk|00008C61|101459|152511|10000|10000|0||89.18956|111.0867|-0.002089763|1.058761|2500|0|0|01|06000D33|0|41200000|10752D6C||b6a08e2c627b8a3183dbc260e2bdbe91
26|2021-09-26T12:07:39.2760000+01:00|130|Aetherflow|9999.00|1057B8A2|Alex Knightfall|1057B8A2|Alex Knightfall|01|97285|97285||98bd2056ab2d241a21b79f3f9ab3cd57
22|2021-09-26T12:07:39.2760000+01:00|1057B8A2|Alex Knightfall|BC|Sacred Soil|1057B8A2|Alex Knightfall|F9170F|7988000|A3D|C38000|0|0|0|0|0|0|0|0|0|0|0|0|95648|97285|6822|10000|0|1000|98.28333|94.26688|0|0.2747453|95648|97285|6822|10000|0|1000|98.28333|94.26688|0|0.2747453|00008C6A|0|8088393b829ee00f97251352ea818214
21|2021-09-26T12:07:39.2760000+01:00|10752D6C|Volkon Vysk|3F1D|Abdomen Tear|40011DEA|Liquid Hand|710103|2C1D0000|0|0|0|0|0|0|0|0|0|0|0|0|0|0|4530799|12889320|10000|10000|0|1000|91.90503|113.4508|0|0.08576035|101459|152511|10000|10000|0|1000|89.18956|111.0867|-0.002089763|1.058761|00008C6B|0|05bfed1787bbee27e3fc0b6730918bae
38|2021-09-26T12:07:39.2760000+01:00|10752D6C|Volkon Vysk|00505025|101459|152511|10000|10000|0|0|89.18956|111.0867|-0.002089763|1.058761|DEAD|30|0|14016A|41F00000|E0000000|0A0168|41F00000|E0000000|28FD0030|45125584|10752D6C|320742|409DBA59|1075A2E4|0|0|0|072C|3F3AE0B2|10752D6C|0|0|0|013B|400EC875|40011DA6|0401|3EC72B0A|40011D78|0|0|0|0|0|0|0|0|0|0|0|0|0763|416E30E7|10675739|0|0|0|0729|0|10752D6C||377d4aea7934227745d3554660eada1a
30|2021-09-26T12:07:39.2760000+01:00|733|Ready To Tear|0.00|10752D6C|Volkon Vysk|10752D6C|Volkon Vysk|00|152511|152511||06013621460a39636b6b83c1d7eeffb0
37|2021-09-26T12:07:39.3200000+01:00|40011DF5|Jagd Doll|00008C59|117498|167240|10000|10000|0||90.56226|91.69141|0|-1.651372||0afed2a8023190d394820f5552c5ae51
21|2021-09-26T12:07:39.3200000+01:00|1075A2E4|Niru Summers|34|Infuriate|1075A2E4|Niru Summers|323D|340000|E|7690000|0|0|0|0|0|0|0|0|0|0|0|0|116925|153077|10000|10000|0|1000|89.46362|111.3451|0|1.543544|116925|153077|10000|10000|0|1000|89.46362|111.3451|0|1.543544|00008C6C|0|3aba5f8c2deb1c1cf43309a86ca844b8
38|2021-09-26T12:07:39.3200000+01:00|107629AA|Joeson Lmoa|00505017|106059|106059|10000|10000|1|0|112.9884|91.43019|-0.002028419|0.3541152|989A|31|0|0A016D|41F00000|E0000000|0A0168|41F00000|E0000000|28FE0030|4511087F|107629AA|013B|402E456C|40011DA6|0|0|0|7A|C1200000|107629AA|0|0|0|0|0|0|0129|4110C46F|1057B8A2|0|0|0|0|0|0|0763|416F9D72|10675739||187c2b18e3a12c8af47f3dcbdec1f790
30|2021-09-26T12:07:39.3200000+01:00|344|Aspected Helios|0.00|10675739|Jasy Heavensong|107629AA|Joeson Lmoa|00|106059|97086||5aed748f6dc161d0b4a04bfa25c3a5d1
38|2021-09-26T12:07:39.3200000+01:00|1075A2E4|Niru Summers|00505015|116925|153077|10000|10000|0|0|89.46362|111.3451|0|1.543544|989A|31|0|0A016D|41F00000|E0000000|0A0168|41F00000|E0000000|5B|0|1075A2E4|28FD0030|4512735C|1075A2E4|320741|409C51E6|1075A2E4|0763|416B57D2|10675739|0769|C1F00000|1075A2E4|0|0|0|0|0|0|5A|4228C1D7|1075A2E4|0|0|0|0|0|0|0|0|0|3204C4|41D3A69C|1057B8A2|0|0|0|013B|4047DF11|40011DA6||e334b59a7a77dbe9c867208771dc40ef
26|2021-09-26T12:07:39.3200000+01:00|769|Nascent Chaos|30.00|1075A2E4|Niru Summers|1075A2E4|Niru Summers|00|153077|153077||701154a0776002fab342a69e1f50673b
37|2021-09-26T12:07:39.3640000+01:00|40011D69|Living Liquid|00008C5B|4000083|12889320|10000|10000|0||92.66797|111.5281|0|-1.630695||4ada582d1bd893ca4a59b9b99e16df20
21|2021-09-26T12:07:39.3640000+01:00|10675739|Jasy Heavensong|40AB|Malefic IV|40011DEA|Liquid Hand|750103|59CA0000|1B|40AB8000|0|0|0|0|0|0|0|0|0|0|0|0|4516658|12889320|10000|10000|0|1000|91.90503|113.4508|0|0.08576035|89583|97086|8240|10000|0|1000|98.19177|91.75244|0|-0.2826884|00008C6D|0|609f49ac5ac9a1a0b020cdf10b224ec6
03|2021-09-26T12:07:39.2210000+01:00|40011e00|Embolus|0|50|0|0||9215|11339|14800000|14800000|10000|10000|0|0|115|100|0|-1.042979||c4b744eb4669e10f46d6e2ba2a8cc38d
03|2021-09-26T12:07:39.2210000+01:00|40011e01|Embolus|0|50|0|0||9215|11339|14800000|14800000|10000|10000|0|0|85|100|0|0.5863249||99a31db7a46592841f362aee67c85170
24|2021-09-26T12:07:39.4540000+01:00|10675739|Jasy Heavensong|HoT|0|EBE|89583|97086|7840|10000|0|1000|98.19177|91.75244|0|-0.2826884||40a9ac2db466df5e41fa20a67f780815
24|2021-09-26T12:07:39.4540000+01:00|1075A2E4|Niru Summers|HoT|0|EB3|116925|153077|10000|10000|0|1000|89.46362|111.3451|0|1.543544||ef78f6ba274b527b05faa9acf92a96b4
24|2021-09-26T12:07:39.4540000+01:00|10752D6C|Volkon Vysk|HoT|0|DF5|101459|152511|10000|10000|0|1000|89.27888|111.0159|-0.01531982|0.8540131||ef340b110bf9ceb21efc814f0a85f7f4
38|2021-09-26T12:07:39.4540000+01:00|10675739|Jasy Heavensong|00505021|93357|97086|7840|10000|0|0|98.19177|91.75244|0|-0.2826884|0|0|0|0A0168|41F00000|E0000000|0F016B|41F00000|E0000000|0|0|0|28FE0030|451102CB|10675739|0|0|0|08A9|4006A7E6|107629AA|013B|402E3515|40011DA6|0347|0|10675739|0|0|0|0102C2|4039EB7D|40011DF5|0|0|0|0|0|0|0763|415E7AA9|10675739||1f0a588cec9af6da83139b69674ff0d2
38|2021-09-26T12:07:39.4540000+01:00|1075A2E4|Niru Summers|00505015|120688|153077|10000|10000|0|0|89.46362|111.3451|0|1.543544|0|0|0|0A016D|41F00000|E0000000|0A0168|41F00000|E0000000|5B|0|1075A2E4|28FD0030|45127138|1075A2E4|320741|4098082B|1075A2E4|0763|416932F5|10675739|0769|C1F00000|1075A2E4|0|0|0|0|0|0|5A|422838A1|1075A2E4|0|0|0|0|0|0|0|0|0|3204C4|41D2942D|1057B8A2|0|0|0|013B|403F4B9C|40011DA6||2483e28e32f4d9f11d4c1f0c7a01229f
38|2021-09-26T12:07:39.4540000+01:00|10752D6C|Volkon Vysk|00505025|105032|152511|10000|10000|0|0|89.27888|111.0159|-0.01531982|0.8540131|0|0|0|14016A|41F00000|E0000000|0A0168|41F00000|E0000000|28FD0030|451252AC|10752D6C|320742|4098082B|1075A2E4|0|0|0|072C|3F0D4F48|10752D6C|0|0|0|013B|4003641B|40011DA6|0401|3E581071|40011D78|0|0|0|0|0|0|0|0|0|0|0|0|0763|416B57D1|10675739|0|0|0|0729|0|10752D6C||aeaf18a6940b6d5d9956a65314039f50
24|2021-09-26T12:07:39.5430000+01:00|1068703B|Tomo Uchuu|HoT|0|F00|50754|106478|10000|10000|0|1000|98.91215|100.8875|0|-2.148848||44e6694605233d44a44d7e3b5331ee7f
38|2021-09-26T12:07:39.5430000+01:00|1068703B|Tomo Uchuu|00505026|54594|106478|10000|10000|0|0|98.91215|100.8875|0|-2.148848|0|0|0|14016A|41F00000|E0000000|0A0168|41F00000|E0000000|071F|42700000|1068703B|28FE0030|4511AD9C|1068703B|013B|40176C4E|40011DA6|08A9|4000F5B9|107629AA|0716|419C1685|1068703B|071D|421D7143|1068703B|0737|421D7143|1068703B|0|0|0|0401|3DF9DB40|40011D79|0|0|0|0|0|0|0|0|0|0763|416153BF|10675739||448a160006c2f5b201d3b760de66bedd
24|2021-09-26T12:07:39.5880000+01:00|107629AA|Joeson Lmoa|HoT|0|F27|106059|106059|10000|10000|0|1000|112.1865|91.51128|0|0.2477491||d8ee15adf1fe35b04f80833c94587348
21|2021-09-26T12:07:39.5880000+01:00|1068703B|Tomo Uchuu|07|Attack|40011DF7|Jagd Doll|720203|15750000|0|0|0|0|0|0|0|0|0|0|0|0|0|0|104755|167240|10000|10000|0|1000|109.5545|107.3695|0|-1.968812|54594|106478|10000|10000|0|1000|98.39543|100.549|0|-2.220057|00008C6E|0|2ecda1ddd7f2a4397bc09842921d474e
38|2021-09-26T12:07:39.5880000+01:00|107ABEEC|Greiyan Fletz|00505022|93287|106544|10000|10000|0|0|93.41634|102.4202|-0.001286805|-0.2633107|0|0|0|0720|42700000|1068703B|14016A|41F00000|E0000000|0A0168|41F00000|E0000000|28FE0030|45110717|107ABEEC|013B|400C07EF|40011DA6|0|0|0|0|0|0|0839|421D432F|1068703B|0737|421D432F|1068703B|08A9|40A00000|107629AA|0513|420DCEFC|107ABEEC|04E2|3FC31235|107ABEEC|0102C2|402E76C0|40011DF6|0|0|0|0|0|0|0|0|0|0512|41153C1E|107ABEEC|0|0|0|0|0|0|0|0|0|0763|4162C45F|10675739||a0ec7f717e8b78d880046782e12921c8
26|2021-09-26T12:07:39.5880000+01:00|8a9|Mage's Ballad|5.00|107629AA|Joeson Lmoa|107ABEEC|Greiyan Fletz|00|106544|106059||0b77e9915f3f8793488ac9c411d1535c
38|2021-09-26T12:07:39.5880000+01:00|107401EC|Raesa Velan|00505019|73308|96887|8800|10000|0|0|89.06351|91.65914|0|1.550199|0|0|0|0A016D|41F00000|E0000000|0A0168|41F00000|E0000000|29020030|45933A1C|107401EC|0|0|0|08A9|40A00000|107629AA|013B|4003747D|40011DA6|0|0|0|A4|41433F83|107401EC|0401|3D9DB24A|40011D7A|0|0|0|0|0|0|0|0|0|0|0|0|0|0|0|0|0|0|0|0|0|0763|415E7AA8|10675739||96dd8d8e76e79aaba313eaf1bb7ef802
26|2021-09-26T12:07:39.5880000+01:00|8a9|Mage's Ballad|5.00|107629AA|Joeson Lmoa|107401EC|Raesa Velan|00|96887|106059||9fd08d74b1fcf0e658b5aabb360e9ede
38|2021-09-26T12:07:39.5880000+01:00|40011DFC|Seraph|00505000|92601|92601|10000|10000|0|0|100.1449|100.0533|0|0.8338353|0|0|0|28FE0030|44D9D89C|1057B8A2|08A9|40A00000|107629AA|075B|4159DF41|10675739||7a159d4606939d6665e695bdcad8c809
26|2021-09-26T12:07:39.5880000+01:00|8a9|Mage's Ballad|5.00|107629AA|Joeson Lmoa|40011DFC|Seraph|00|92601|106059||b233ece9f335b20fa1f5129629f03ea6
38|2021-09-26T12:07:39.5880000+01:00|1057B8A2|Alex Knightfall|0050501C|95648|97285|6822|10000|0|0|98.8552|96.28909|-0.01531982|0.1247125|0|0|0|0A016D|41F00000|E0000000|1E016C|41F00000|E0000000|28FE0030|44D9D89C|1057B8A2|010130|0|1057B8A2|075B|4159DF41|10675739|0102C2|402E76C0|40011DF5|013B|402E24B4|40011DA6|08A9|40A00000|107629AA|0|0|0|0|0|0|0|0|0|0|0|0|0|0|0|0|0|0|0|0|0|0763|4164E93C|10675739||0bb3134af195570c6470c70b38af3964
26|2021-09-26T12:07:39.5880000+01:00|8a9|Mage's Ballad|5.00|107629AA|Joeson Lmoa|1057B8A2|Alex Knightfall|00|97285|106059||3b369bde929ade8de52ad5ea105771bc
38|2021-09-26T12:07:39.5880000+01:00|107629AA|Joeson Lmoa|00505017|106059|106059|10000|10000|1|0|112.1865|91.51128|0|0.2477491|0|0|0|0A016D|41F00000|E0000000|0A0168|41F00000|E0000000|28FE0030|45110437|107629AA|013B|401D1E82|40011DA6|0|0|0|7A|C1200000|107629AA|0|0|0|0|0|0|0129|410C7AB5|1057B8A2|0|0|0|0|0|0|0763|416B53B8|10675739||e2d8e1518a29ef849384986dd5f41bf5
38|2021-09-26T12:07:39.5880000+01:00|10675739|Jasy Heavensong|00505021|93357|97086|7840|10000|0|0|98.19177|91.75244|0|-0.2826884|0|0|0|0A0168|41F00000|E0000000|0F016B|41F00000|E0000000|0|0|0|28FE0030|451100A7|10675739|0|0|0|08A9|409E8F5C|107629AA|013B|4025A1A0|40011DA6|0347|0|10675739|0|0|0|0102C2|40315808|40011DF5|0|0|0|0|0|0|0763|415C55CC|10675739||9ba2e11f5d7f4547058eeb720b660c01
26|2021-09-26T12:07:39.5880000+01:00|8a9|Mage's Ballad|4.96|107629AA|Joeson Lmoa|10675739|Jasy Heavensong|00|97086|106059||0ea7ef0872e7c3d03495343274a54758
38|2021-09-26T12:07:39.5880000+01:00|1068703B|Tomo Uchuu|00505026|54594|106478|10000|10000|0|0|98.39543|100.549|0|-2.220057|0|0|0|14016A|41F00000|E0000000|0A0168|41F00000|E0000000|071F|42700000|1068703B|28FE0030|4511ACE4|1068703B|013B|40148B06|40011DA6|08A9|409E8F5C|107629AA|0716|419BBA5C|1068703B|071D|421D432F|1068703B|0737|421D432F|1068703B|0|0|0|0401|3D9DB24A|40011D79|0|0|0|0|0|0|0|0|0|0763|41609B6D|10675739||816df047b464f66c0cbb38cf1fe076e0
26|2021-09-26T12:07:39.5880000+01:00|8a9|Mage's Ballad|4.96|107629AA|Joeson Lmoa|1068703B|Tomo Uchuu|00|106478|106059||1db9e62d65fc3ba230f746d9b5a6c1f5
38|2021-09-26T12:07:39.5880000+01:00|1075A2E4|Niru Summers|00505015|120688|153077|10000|10000|0|0|89.46362|111.3451|0|1.543872|0|0|0|0A016D|41F00000|E0000000|0A0168|41F00000|E0000000|5B|0|1075A2E4|28FD0030|45126F14|1075A2E4|320741|4093BE70|1075A2E4|0763|41670E18|10675739|0769|C1F00000|1075A2E4|08A9|409E8F5C|107629AA|0|0|0|5A|4227AF6B|1075A2E4|0|0|0|0|0|0|0|0|0|3204C4|41D181BE|1057B8A2|0|0|0|013B|4036B827|40011DA6||8ebc9ad0f79ef5fe9207eba2b0ec2af6
26|2021-09-26T12:07:39.5880000+01:00|8a9|Mage's Ballad|4.96|107629AA|Joeson Lmoa|1075A2E4|Niru Summers|00|153077|106059||c8dc6684dd31327cb3ee3d36f8309227
38|2021-09-26T12:07:39.5880000+01:00|10752D6C|Volkon Vysk|00505025|105032|152511|10000|10000|0|0|89.31015|110.9911|-0.0008228824|0.8991572|0|0|0|14016A|41F00000|E0000000|0A0168|41F00000|E0000000|28FD0030|45125088|10752D6C|320742|4093BE70|1075A2E4|08A9|409E8F5C|107629AA|072C|3ED602E8|10752D6C|0|0|0|013B|3FF5A14E|40011DA6|0401|3D9DB24A|40011D78|0|0|0|0|0|0|0|0|0|0|0|0|0763|416932F4|10675739|0|0|0|0729|0|10752D6C||7323d737bd617e7cfdd602e2df9a681c
26|2021-09-26T12:07:39.5880000+01:00|8a9|Mage's Ballad|4.96|107629AA|Joeson Lmoa|10752D6C|Volkon Vysk|00|152511|106059||7e59bcf46e9ccab72f4edd242f345484
37|2021-09-26T12:07:39.6310000+01:00|40011DF6|Jagd Doll|00008C67|46677|167240|10000|10000|0||93.52246|102.678|0|-1.803036||1a7ab6768ca62587571463dad9646f9f
24|2021-09-26T12:07:39.6310000+01:00|107ABEEC|Greiyan Fletz|HoT|0|E3E|93287|106544|10000|10000|0|1000|93.3864|102.543|0|-0.2647289||2a02b48097586f8b52a384674ad3b6fb
21|2021-09-26T12:07:39.6320000+01:00|107ABEEC|Greiyan Fletz|1D42|Hissatsu: Shinten|40011DF6|Jagd Doll|710203|44770000|0|0|0|0|0|0|0|0|0|0|0|0|0|0|46677|167240|10000|10000|0|1000|93.52246|102.678|0|-1.803036|93287|106544|10000|10000|0|1000|93.3864|102.543|0|-0.2647289|00008C6F|0|eaaac08ecac3cee578294cf20dfe5781
38|2021-09-26T12:07:39.6320000+01:00|107ABEEC|Greiyan Fletz|00505022|96933|106544|10000|10000|0|0|93.3864|102.543|0|-0.2647289|0|0|0|0720|42700000|1068703B|14016A|41F00000|E0000000|0A0168|41F00000|E0000000|28FE0030|45110663|107ABEEC|013B|4009370A|40011DA6|0|0|0|0|0|0|0839|421D1621|1068703B|0737|421D1621|1068703B|08A9|409E978D|107629AA|0513|420DA1EE|107ABEEC|04E2|3FBD706A|107ABEEC|0102C2|402BA5DB|40011DF6|0|0|0|0|0|0|0|0|0|0512|411487E5|107ABEEC|0|0|0|0|0|0|0|0|0|0763|41621026|10675739||a63a2e0eac69486301662e6e92b8ece5
24|2021-09-26T12:07:39.6770000+01:00|1057B8A2|Alex Knightfall|HoT|0|E64|95648|97285|6822|10000|0|1000|99.05946|96.93736|-0.0008662108|0.1687632||b5bcbc5638c1c2d91abd2e342d9b034d
21|2021-09-26T12:07:39.6770000+01:00|40011DF6|Jagd Doll|4B4E|Unknown_4B4e|107ABEEC|Greiyan Fletz|720003|11100000|0|0|0|0|0|0|0|0|0|0|0|0|0|0|93287|106544|10000|10000|0|1000|93.3864|102.543|0|-0.2647289|46677|167240|10000|10000|0|1000|93.52246|102.678|0|-1.803036|00008C70|0|ed520607d6541d5901a19f8640dde383
22|2021-09-26T12:07:39.6770000+01:00|1068703B|Tomo Uchuu|3E8C|Shield Samba|1068703B|Tomo Uchuu|F60E|7220000|0|0|0|0|0|0|0|0|0|0|0|0|0|0|54594|106478|10000|10000|0|1000|98.17493|100.3796|0|-2.22634|54594|106478|10000|10000|0|1000|98.17493|100.3796|0|-2.22634|00008C71|0|74f0fe9f17470e6680f9d378ed3be8d9
22|2021-09-26T12:07:39.6770000+01:00|1068703B|Tomo Uchuu|3E8C|Shield Samba|1057B8A2|Alex Knightfall|F60E|7220000|0|0|0|0|0|0|0|0|0|0|0|0|0|0|95648|97285|6822|10000|0|1000|99.05946|96.93736|-0.0008662108|0.1687632|54594|106478|10000|10000|0|1000|98.17493|100.3796|0|-2.22634|00008C71|1|81a73562311696cbfdd2fda21202e2fd
22|2021-09-26T12:07:39.6770000+01:00|1068703B|Tomo Uchuu|3E8C|Shield Samba|107ABEEC|Greiyan Fletz|F60E|7220000|0|0|0|0|0|0|0|0|0|0|0|0|0|0|93287|106544|10000|10000|0|1000|93.3864|102.543|0|-0.2647289|54594|106478|10000|10000|0|1000|98.17493|100.3796|0|-2.22634|00008C71|2|3c360e63b6ddb532d170f0cc0021ab9c
22|2021-09-26T12:07:39.6770000+01:00|1068703B|Tomo Uchuu|3E8C|Shield Samba|10675739|Jasy Heavensong|F60E|7220000|0|0|0|0|0|0|0|0|0|0|0|0|0|0|93357|97086|7840|10000|0|1000|98.19177|91.75244|0|-0.2826884|54594|106478|10000|10000|0|1000|98.17493|100.3796|0|-2.22634|00008C71|3|4ee2193c5cbe16340c7865c3e627c100
22|2021-09-26T12:07:39.6770000+01:00|1068703B|Tomo Uchuu|3E8C|Shield Samba|107401EC|Raesa Velan|F60E|7220000|0|0|0|0|0|0|0|0|0|0|0|0|0|0|73308|96887|8800|10000|0|1000|89.06689|91.66089|0|1.551214|54594|106478|10000|10000|0|1000|98.17493|100.3796|0|-2.22634|00008C71|4|7b2f29fe690bd74d510cdb361b8554a9
22|2021-09-26T12:07:39.6770000+01:00|1068703B|Tomo Uchuu|3E8C|Shield Samba|10752D6C|Volkon Vysk|F60E|7220000|0|0|0|0|0|0|0|0|0|0|0|0|0|0|105032|152511|10000|10000|0|1000|89.34171|110.9661|-0.003169669|0.9447122|54594|106478|10000|10000|0|1000|98.17493|100.3796|0|-2.22634|00008C71|5|522c516cd25ebc52a0c7700820bc923a
22|2021-09-26T12:07:39.6770000+01:00|1068703B|Tomo Uchuu|3E8C|Shield Samba|1075A2E4|Niru Summers|F60E|7220000|0|0|0|0|0|0|0|0|0|0|0|0|0|0|120688|153077|10000|10000|0|1000|89.46362|111.3451|0|1.545038|54594|106478|10000|10000|0|1000|98.17493|100.3796|0|-2.22634|00008C71|6|172fcc455565490670c8a71f760b9894
22|2021-09-26T12:07:39.6770000+01:00|1068703B|Tomo Uchuu|3E8C|Shield Samba|107629AA|Joeson Lmoa|F60E|7220000|0|0|0|0|0|0|0|0|0|0|0|0|0|0|106059|106059|10000|10000|0|1000|111.2953|91.88387|-0.0015909|-0.07530413|54594|106478|10000|10000|0|1000|98.17493|100.3796|0|-2.22634|00008C71|7|94e5896bb2d6d323862237fa0a47bca9
38|2021-09-26T12:07:39.6770000+01:00|107ABEEC|Greiyan Fletz|00505022|96933|106544|10000|10000|0|0|93.3864|102.543|0|-0.2647289|948D|31|0|0720|42700000|1068703B|14016A|41F00000|E0000000|0A0168|41F00000|E0000000|28FE0030|451105AF|107ABEEC|013B|40066625|40011DA6|0722|C1700000|1068703B|0|0|0|0839|421CE913|1068703B|0737|421CE913|1068703B|08A9|409D2F1A|107629AA|0513|420D74E0|107ABEEC|04E2|3FB7CE9F|107ABEEC|0102C2|4028D4F6|40011DF6|0|0|0|0|0|0|0|0|0|0512|4113D3AC|107ABEEC|0|0|0|0|0|0|0|0|0|0763|41615BED|10675739||15ec5651a89b19ce38702c32ca7b7af6
26|2021-09-26T12:07:39.6770000+01:00|722|Shield Samba|15.00|1068703B|Tomo Uchuu|107ABEEC|Greiyan Fletz|00|106544|106478||02889fd7ca1bf3a9fb3e0ad94883c9f0
38|2021-09-26T12:07:39.6770000+01:00|107401EC|Raesa Velan|00505019|73308|96887|8800|10000|0|0|89.06689|91.66089|0|1.551214|948D|31|0|0A016D|41F00000|E0000000|0A0168|41F00000|E0000000|29020030|45933968|107401EC|0722|C1700000|1068703B|08A9|409D2F1A|107629AA|013B|3FFBA565|40011DA6|0|0|0|A4|4141D711|107401EC|0|0|0|0|0|0|0|0|0|0|0|0|0|0|0|0|0|0|0|0|0|0|0|0|0763|415D1236|10675739||67d271070375a3d66cd7ed702e27788a
26|2021-09-26T12:07:39.6770000+01:00|722|Shield Samba|15.00|1068703B|Tomo Uchuu|107401EC|Raesa Velan|00|96887|106478||b51e53ee13aac026daf33dc9f3065360
30|2021-09-26T12:07:39.6770000+01:00|401|Water Resistance Down II|0.00|40011D7A|Liquid Rage|107401EC|Raesa Velan|00|96887|44||10fc697231199e01edb560ecaa36f4a8
38|2021-09-26T12:07:39.6770000+01:00|1057B8A2|Alex Knightfall|0050501C|97285|97285|6822|10000|0|0|99.05946|96.93736|-0.0008662108|0.1687632|948D|31|0|0A016D|41F00000|E0000000|1E016C|41F00000|E0000000|28FE0030|44D9D5CC|1057B8A2|010130|0|1057B8A2|075B|415876CF|10675739|0102C2|4028D4F6|40011DF5|013B|402882EA|40011DA6|08A9|409D2F1A|107629AA|0722|C1700000|1068703B|0|0|0|0|0|0|0|0|0|0|0|0|0|0|0|0|0|0|0763|416380CA|10675739||f6abf9ba177546a0ef9e50ef0f6978ff
26|2021-09-26T12:07:39.6770000+01:00|722|Shield Samba|15.00|1068703B|Tomo Uchuu|1057B8A2|Alex Knightfall|00|97285|106478||7b8acea64599ca250a4e663bb86c2137
38|2021-09-26T12:07:39.6770000+01:00|107629AA|Joeson Lmoa|00505017|106059|106059|10000|10000|1|0|111.2953|91.88387|-0.0015909|-0.07530413|948D|31|0|0A016D|41F00000|E0000000|0A0168|41F00000|E0000000|28FE0030|451102CF|107629AA|013B|40177CB8|40011DA6|0722|C1700000|1068703B|7A|C1200000|107629AA|0|0|0|0|0|0|0129|410B1243|1057B8A2|0|0|0|0|0|0|0763|4169EB46|10675739||a00f6482a0b6faa56bf171ca7abf8377
26|2021-09-26T12:07:39.6770000+01:00|722|Shield Samba|15.00|1068703B|Tomo Uchuu|107629AA|Joeson Lmoa|00|106059|106478||a2da6f37fca64a11b309781663329d1d
38|2021-09-26T12:07:39.6770000+01:00|10675739|Jasy Heavensong|00505021|93357|97086|7840|10000|0|0|98.19177|91.75244|0|-0.2826884|948D|31|0|0A0168|41F00000|E0000000|0F016B|41F00000|E0000000|0722|C1700000|1068703B|28FE0030|4510FF3F|10675739|0|0|0|08A9|409BBE76|107629AA|013B|401FFFD6|40011DA6|0347|0|10675739|0|0|0|0102C2|402BB63E|40011DF5|0|0|0|0|0|0|0763|415AED5A|10675739||a92067fb13379afe78afd05ccaa8dd03
26|2021-09-26T12:07:39.6770000+01:00|722|Shield Samba|15.00|1068703B|Tomo Uchuu|10675739|Jasy Heavensong|00|97086|106478||fef19f5fa057936b4db92dfbf5a5a16d
38|2021-09-26T12:07:39.6770000+01:00|1068703B|Tomo Uchuu|00505026|54594|106478|10000|10000|0|0|98.17493|100.3796|0|-2.22634|948D|31|0|14016A|41F00000|E0000000|0A0168|41F00000|E0000000|071F|42700000|1068703B|28FE0030|4511AB7C|1068703B|013B|400EE93C|40011DA6|08A9|409BBE76|107629AA|0716|419B0622|1068703B|071D|421CE913|1068703B|0737|421CE913|1068703B|0722|C1700000|1068703B|0|0|0|0|0|0|0|0|0|0|0|0|0763|415F32FB|10675739||8c2af0c59fd7dfae701651e2b8e0f707
26|2021-09-26T12:07:39.6770000+01:00|722|Shield Samba|15.00|1068703B|Tomo Uchuu|1068703B|Tomo Uchuu|00|106478|106478||c46b6d5a689f2dbbd62f453b79363109
30|2021-09-26T12:07:39.6770000+01:00|401|Water Resistance Down II|0.00|40011D79|Liquid Rage|1068703B|Tomo Uchuu|00|106478|44||aa5de7295b9508350a0f9005b4961a6a
38|2021-09-26T12:07:39.6770000+01:00|1075A2E4|Niru Summers|00505015|120688|153077|10000|10000|0|0|89.46362|111.3451|0|1.545038|948D|31|0|0A016D|41F00000|E0000000|0A0168|41F00000|E0000000|5B|0|1075A2E4|28FD0030|45126DAC|1075A2E4|320741|4090ED8A|1075A2E4|0763|4165A5A6|10675739|0769|C1F00000|1075A2E4|08A9|409BBE76|107629AA|0722|C1700000|1068703B|5A|4227554F|1075A2E4|0|0|0|0|0|0|0|0|0|3204C4|41D0CD84|1057B8A2|0|0|0|013B|4031165D|40011DA6||e46c7c555303a8d13f387dad43c6a0ba
26|2021-09-26T12:07:39.6770000+01:00|722|Shield Samba|15.00|1068703B|Tomo Uchuu|1075A2E4|Niru Summers|00|153077|106478||09eb0663e18eedb8ffe3c6bb6fd94151
38|2021-09-26T12:07:39.6770000+01:00|10752D6C|Volkon Vysk|00505025|105032|152511|10000|10000|0|0|89.34171|110.9661|-0.003169669|0.9447122|948D|31|0|14016A|41F00000|E0000000|0A0168|41F00000|E0000000|28FD0030|45124F20|10752D6C|320742|4090ED8A|1075A2E4|08A9|409BBE76|107629AA|072C|3EA8F492|10752D6C|0722|C1700000|1068703B|013B|3FEA5DB8|40011DA6|0|0|0|0|0|0|0|0|0|0|0|0|0|0|0|0763|4167CA82|10675739|0|0|0|0729|0|10752D6C||7e4fcb226a2038853aa35ae5e539240a
26|2021-09-26T12:07:39.6770000+01:00|722|Shield Samba|15.00|1068703B|Tomo Uchuu|10752D6C|Volkon Vysk|00|152511|106478||820e7b31755b9ae51ce4dc23f586655a
30|2021-09-26T12:07:39.6770000+01:00|401|Water Resistance Down II|0.00|40011D78|Liquid Rage|10752D6C|Volkon Vysk|00|152511|44||646ddd9b40e84077c3b99928aa8c3505
24|2021-09-26T12:07:39.7210000+01:00|107401EC|Raesa Velan|HoT|0|E52|73308|96887|8800|10000|0|1000|89.06689|91.66089|0|1.551214||57ed7b0d44613635157de7430ca5dbef
38|2021-09-26T12:07:39.7210000+01:00|107401EC|Raesa Velan|00505019|76974|96887|8800|10000|0|0|89.06689|91.66089|0|1.551214|948D|31|0|0A016D|41F00000|E0000000|0A0168|41F00000|E0000000|29020030|4593390C|107401EC|0722|C1700000|1068703B|08A9|409BBE76|107629AA|013B|3FF5E2D6|40011DA6|0|0|0|A4|41411EBF|107401EC|0|0|0|0|0|0|0|0|0|0|0|0|0|0|0|0|0|0|0|0|0|0|0|0|0763|415C59E4|10675739||a801f6f22be6ab14d831b3119f3d706f
22|2021-09-26T12:07:39.8110000+01:00|40011DEA|Liquid Hand|482D|Hand Of Pain|1075A2E4|Niru Summers|750003|18BD0000|1B|482D8000|0|0|0|0|0|0|0|0|0|0|0|0|120688|153077|10000|10000|0|1000|89.46362|111.3451|0|1.567483|4516658|12889320|10000|10000|0|1000|91.90503|113.4508|0|0.08576035|00008C72|0|3fcdc749b050a71dd4c6403d7890a85b
22|2021-09-26T12:07:39.8110000+01:00|40011DEA|Liquid Hand|482D|Hand Of Pain|10752D6C|Volkon Vysk|750003|18A60000|1B|482D8000|0|0|0|0|0|0|0|0|0|0|0|0|105032|152511|10000|10000|0|1000|89.40212|110.8866|-0.001285924|0.9771601|4516658|12889320|10000|10000|0|1000|91.90503|113.4508|0|0.08576035|00008C72|1|b40e7c457e4915d4a1a315d54e69dccc
22|2021-09-26T12:07:39.8110000+01:00|40011DEA|Liquid Hand|482D|Hand Of Pain|107ABEEC|Greiyan Fletz|750003|29630000|1B|482D8000|0|0|0|0|0|0|0|0|0|0|0|0|96933|106544|10000|10000|0|1000|93.352|102.684|-0.003920191|2.420419|4516658|12889320|10000|10000|0|1000|91.90503|113.4508|0|0.08576035|00008C72|2|b809856d5173d336f3e59d5e96479ac2
22|2021-09-26T12:07:39.8110000+01:00|40011DEA|Liquid Hand|482D|Hand Of Pain|1068703B|Tomo Uchuu|750003|280F0000|1B|482D8000|0|0|0|0|0|0|0|0|0|0|0|0|54594|106478|10000|10000|0|1000|97.66957|99.97781|0|-2.261945|4516658|12889320|10000|10000|0|1000|91.90503|113.4508|0|0.08576035|00008C72|3|211d0f27ae873f945a12ea0cb70e6d30
22|2021-09-26T12:07:39.8110000+01:00|40011DEA|Liquid Hand|482D|Hand Of Pain|1057B8A2|Alex Knightfall|750003|26EA0000|1B|482D8000|0|0|0|0|0|0|0|0|0|0|0|0|97285|97285|6822|10000|0|1000|99.29419|97.68237|0|0.2193862|4516658|12889320|10000|10000|0|1000|91.90503|113.4508|0|0.08576035|00008C72|4|a20bbe8ebfe75d93074a38ebf4dea154
22|2021-09-26T12:07:39.8110000+01:00|40011DEA|Liquid Hand|482D|Hand Of Pain|107401EC|Raesa Velan|750003|272A0000|1B|482D8000|0|0|0|0|0|0|0|0|0|0|0|0|76974|96887|8800|10000|0|1000|89.06689|91.66089|0|1.551214|4516658|12889320|10000|10000|0|1000|91.90503|113.4508|0|0.08576035|00008C72|5|27f1d214c702c60f0c4a11d0cf18a856
22|2021-09-26T12:07:39.8110000+01:00|40011DEA|Liquid Hand|482D|Hand Of Pain|10675739|Jasy Heavensong|750003|28850000|1B|482D8000|0|0|0|0|0|0|0|0|0|0|0|0|93357|97086|7840|10000|0|1000|98.19652|91.79038|0|-0.2182424|4516658|12889320|10000|10000|0|1000|91.90503|113.4508|0|0.08576035|00008C72|6|bd6c5911628380c02ab6673236c2bfdd
22|2021-09-26T12:07:39.8110000+01:00|40011DEA|Liquid Hand|482D|Hand Of Pain|107629AA|Joeson Lmoa|750003|29B60400|1B|482D8000|0|0|0|0|0|0|0|0|0|0|0|0|106059|106059|10000|10000|0|1000|110.2712|92.31204|-0.001276863|-0.4465578|4516658|12889320|10000|10000|0|1000|91.90503|113.4508|0|0.08576035|00008C72|7|377ed14e436b3fbe79093a1724b2389f
37|2021-09-26T12:07:39.8550000+01:00|1075A2E4|Niru Summers|00008C6C|120688|153077|10000|10000|0||89.46362|111.3451|0|1.602864|1500|0|0|02|06000D69|0|41F00000|1075A2E4|08004162|0|C1700000|1068703B||7989e415ec2f060b3d9be68c4a12fcd2
21|2021-09-26T12:07:39.8560000+01:00|10752D6C|Volkon Vysk|07|Attack|40011DEA|Liquid Hand|710003|A140000|0|0|0|0|0|0|0|0|0|0|0|0|0|0|4516658|12889320|10000|10000|0|1000|91.90503|113.4508|0|0.08576035|105032|152511|10000|10000|0|1000|89.48113|110.7686|-0.0009860032|0.9950767|00008C73|0|262506b50e9c567d73995c5a8de06fc0
38|2021-09-26T12:07:39.8560000+01:00|1075A2E4|Niru Summers|00505015|120688|153077|10000|10000|0|0|89.46362|111.3451|0|1.602864|948D|31|0|0A016D|41F00000|E0000000|0A0168|41F00000|E0000000|5B|0|1075A2E4|28FD0030|45126ACC|1075A2E4|320741|408B2AFA|1075A2E4|0763|4162C45E|10675739|0769|41EFA3D7|1075A2E4|08A9|4095FBE6|107629AA|0722|C1700000|1068703B|5A|42269CFF|1075A2E4|0|0|0|0|0|0|0|0|0|3204C4|41CF5CE0|1057B8A2|0|0|0|013B|4025913D|40011DA6||9249fa48f87567686e4bb6aa3b877cee
24|2021-09-26T12:07:39.9010000+01:00|1057B8A2|Alex Knightfall|HoT|798|1182|97285|97285|6822|10000|0|1000|99.49625|98.32365|-0.005886968|0.2629625||8f5e6c074889c248cb3e7fac91411dfb
24|2021-09-26T12:07:39.9010000+01:00|1068703B|Tomo Uchuu|HoT|798|1B73|54594|106478|10000|10000|0|1000|97.18657|99.47449|0|-2.636842||08f9a22bc39145f59c59835dc5629a95
24|2021-09-26T12:07:39.9010000+01:00|107ABEEC|Greiyan Fletz|HoT|798|10BE|96933|106544|10000|10000|0|1000|93.32792|102.768|-0.001286638|2.420419||b9cec33923fb1e051a831795bde10538
37|2021-09-26T12:07:39.9010000+01:00|1057B8A2|Alex Knightfall|00008C6A|97285|97285|6822|10000|0||99.49625|98.32365|-0.005886968|0.2629625|1C00|0|0|03|08000D22|0|C1700000|1068703B|090041D8|0|41700000|1057B8A2|0A0007EB|0|40A00000|1057B8A2||57d6cdead254e168e4b387e729ed65b4
26|2021-09-26T12:07:39.9010000+01:00|798|Sacred Soil|15.00|1057B8A2|Alex Knightfall|1057B8A2|Alex Knightfall|00|97285|97285||e9203a507fbab7422e1a55db55bbfa95
26|2021-09-26T12:07:39.9010000+01:00|12b|Sacred Soil|5.00|1057B8A2|Alex Knightfall|1057B8A2|Alex Knightfall|00|97285|97285||f59ec87892d4000b38bf6475f243ecf8
21|2021-09-26T12:07:39.9010000+01:00|107629AA|Joeson Lmoa|6E|Bloodletter|40011DF8|Jagd Doll|720003|1ADF0000|0|0|0|0|0|0|0|0|0|0|0|0|0|0|108207|167240|10000|10000|0|1000|112.7489|93.12573|0|-2.494119|106059|106059|10000|10000|0|1000|109.4923|92.70432|0|-0.6863583|00008C74|0|b3d859acd44fa4170ff822c3cca19ab4
38|2021-09-26T12:07:39.9010000+01:00|107ABEEC|Greiyan Fletz|00505022|101219|106544|10000|10000|0|0|93.32792|102.768|-0.001286638|2.420419|948D|31|0|0720|42700000|1068703B|14016A|41F00000|E0000000|0A0168|41F00000|E0000000|28FE0030|45110217|107ABEEC|013B|3FEFFF7D|40011DA6|0722|C1700000|1068703B|012B|409E8F5C|1057B8A2|0839|421C02AF|1068703B|0737|421C02AF|1068703B|08A9|4095FBE6|107629AA|0513|420C8E7C|107ABEEC|04E2|3F9B01D4|107ABEEC|0102C2|401A6E8E|40011DF6|0|0|0|0|0|0|0|0|0|0512|41103A12|107ABEEC|0|0|0|0|0|0|0|0|0|0763|415DC253|10675739||850ac4c15868b607b19f535f6e8661e1
26|2021-09-26T12:07:39.9010000+01:00|12b|Sacred Soil|4.96|1057B8A2|Alex Knightfall|107ABEEC|Greiyan Fletz|00|106544|97285||dc0ed483e926385012ef7e58712c146e
38|2021-09-26T12:07:39.9010000+01:00|1057B8A2|Alex Knightfall|0050501C|97285|97285|6822|10000|0|0|99.49625|98.32365|-0.005886968|0.2629625|948D|31|0|0A016D|41F00000|E0000000|1E016C|41F00000|E0000000|28FE0030|44D9CE97|1057B8A2|010130|0|1057B8A2|075B|4154DD35|10675739|0102C2|401A6E8E|40011DF5|013B|401A1C82|40011DA6|08A9|4095FBE6|107629AA|0722|C1700000|1068703B|0798|416F47AE|1057B8A2|012B|409E8F5C|1057B8A2|0|0|0|0|0|0|0|0|0|0|0|0|0763|415FE730|10675739||ea4d2fbb0c00c6f495c5e588d74c226e
38|2021-09-26T12:07:39.9010000+01:00|1068703B|Tomo Uchuu|00505026|61621|106478|10000|10000|0|0|97.18657|99.47449|0|-2.636842|948D|31|0|14016A|41F00000|E0000000|0A0168|41F00000|E0000000|071F|42700000|1068703B|28FE0030|4511A7E4|1068703B|013B|400082D4|40011DA6|08A9|40948B42|107629AA|0716|41993955|1068703B|071D|421C02AF|1068703B|0737|421C02AF|1068703B|0722|C1700000|1068703B|012B|409E8F5C|1057B8A2|0|0|0|0|0|0|0|0|0|0763|415B9961|10675739||daad829ec2a40c00b10d1ed05047d118
26|2021-09-26T12:07:39.9010000+01:00|12b|Sacred Soil|4.96|1057B8A2|Alex Knightfall|1068703B|Tomo Uchuu|00|106478|97285||38ff7110903547cead8b02d2f3e07e7e
37|2021-09-26T12:07:39.9450000+01:00|1068703B|Tomo Uchuu|00008C65|67193|106478|10000|10000|5||97.04192|98.90348|0|3.003364|2600|0|0|02|09000D22|0|C1700000|1068703B|0B0041BD|0|41F00000|40011DFC||b07521c2a4291b503832c9a35efbf815
26|2021-09-26T12:07:39.9450000+01:00|77d|Seraphic Veil|30.00|40011DFC|Seraph|1068703B|Tomo Uchuu|00|106478|92601||3e397a11361a2fb3469e6a4d98ffbe8b
21|2021-09-26T12:07:39.9450000+01:00|10752D6C|Volkon Vysk|1D6B|Rampart|10752D6C|Volkon Vysk|EC0E|4A70000|0|0|0|0|0|0|0|0|0|0|0|0|0|0|105032|152511|10000|10000|0|1000|89.54862|110.6677|-0.003926017|1.010379|105032|152511|10000|10000|0|1000|89.54862|110.6677|-0.003926017|1.010379|00008C75|0|94e4ed6fa1f6f4f297c88fb4fdcc4e36
38|2021-09-26T12:07:39.9450000+01:00|1068703B|Tomo Uchuu|00505026|67193|106478|10000|10000|5|0|97.04192|98.90348|0|3.003364|948D|31|0|14016A|41F00000|E0000000|0A0168|41F00000|E0000000|071F|42700000|1068703B|28FE0030|4511A72C|1068703B|013B|3FFB4319|40011DA6|08A9|40931A9E|107629AA|0716|4198DD2C|1068703B|071D|421BD49B|1068703B|0737|421BD49B|1068703B|0722|C1700000|1068703B|012B|409D1EB8|1057B8A2|077D|41EFA3D7|40011DFC|0|0|0|0|0|0|0763|415AE10F|10675739||1e455f158a051adcd80a10d7e2cba2c3
37|2021-09-26T12:07:39.9890000+01:00|40011DF8|Jagd Doll|00008C69|104452|167240|10000|10000|0||112.7489|93.12573|0|-2.272008||640b7cb842c1130409cb7da49fa68ca1
37|2021-09-26T12:07:39.9890000+01:00|107629AA|Joeson Lmoa|00008C69|106059|106059|10000|10000|1||108.9428|93.13451|-0.001547418|1.682946|1700|0|0|02|04000D22|0|C1700000|1068703B|05003ABA|0|C1200000|107629AA||4ba57195e98f7e9c4b9423e5af915e89
21|2021-09-26T12:07:39.9890000+01:00|1057B8A2|Alex Knightfall|40A2|Consolation|1057B8A2|Alex Knightfall|F023D|EF0000|0|0|0|0|0|0|0|0|0|0|0|0|0|0|97285|97285|6822|10000|0|1000|99.61343|98.87323|-0.0006729748|0.2583272|97285|97285|6822|10000|0|1000|99.61343|98.87323|-0.0006729748|0.2583272|00008C76|0|c736a043dcceb7aa8e6f09c441622b32
37|2021-09-26T12:07:40.0350000+01:00|40011DEA|Liquid Hand|00008C6B|4505365|12889320|10000|10000|0||91.90503|113.4508|0|0.08576035||83edf5d0080fea0e80a53e1f3317a14c
37|2021-09-26T12:07:40.0350000+01:00|10752D6C|Volkon Vysk|00008C6B|105032|152511|10000|10000|0||89.54862|110.6677|-0.003926017|1.010379|2500|0|0|01|06000D22|0|C1700000|1068703B||1fcb8e8d4c58a4a1c11f498ad13b8c2d
38|2021-09-26T12:07:40.0350000+01:00|10752D6C|Volkon Vysk|00505025|105032|152511|10000|10000|0|0|89.54862|110.6677|-0.003926017|1.010379|948D|31|0|14016A|41F00000|E0000000|0A0168|41F00000|E0000000|28FD0030|45124960|10752D6C|320742|4085686A|1075A2E4|08A9|40903956|107629AA|0|0|0|0722|C1700000|1068703B|013B|3FBC493F|40011DA6|0|0|0|0|0|0|0|0|0|0|0|0|0|0|0|0763|416207F3|10675739|0|0|0|0729|0|10752D6C||d6b85c4bd0e90986efe0edd45c7ed2ae
30|2021-09-26T12:07:40.0350000+01:00|72c|Superbolide|0.00|10752D6C|Volkon Vysk|10752D6C|Volkon Vysk|00|152511|152511||d2bbb472a29eb8bee5a0245bbc3c25d0
37|2021-09-26T12:07:40.1230000+01:00|40011DF7|Jagd Doll|00008C6E|99262|167240|10000|10000|0||108.144|106.5406|0|-2.086295||b424a01099f31c060ec72872d38876a8
37|2021-09-26T12:07:40.1230000+01:00|1068703B|Tomo Uchuu|00008C6E|67193|106478|10000|10000|5||97.52097|98.63321|0|2.4295|2600|0|0|01|09000D22|0|C1700000|1068703B||f800ffa318282f123e9897e5d5c6505d
37|2021-09-26T12:07:40.2120000+01:00|107ABEEC|Greiyan Fletz|00008C70|96851|106544|10000|10000|0||93.10828|103.5591|-0.0007364834|1.79285|2200|0|0|01|05000D22|0|C1700000|1068703B||0dd6c4b92080b308b95ec2a040bd2af0
37|2021-09-26T12:07:40.2120000+01:00|1068703B|Tomo Uchuu|00008C71|67193|106478|10000|10000|5||98.20684|98.73235|0|1.905901|2600|0|0|01|09000D22|0|41700000|1068703B||fa79b3e492887cfc5e86a28f1d1b2236
38|2021-09-26T12:07:40.2120000+01:00|1068703B|Tomo Uchuu|00505026|67193|106478|10000|10000|5|0|98.20684|98.73235|0|1.905901|D7F7|30|0|14016A|41F00000|E0000000|0A0168|41F00000|E0000000|071F|42700000|1068703B|28FE0030|4511A2E8|1068703B|013B|3FD9160B|40011DA6|08A9|408A8F59|107629AA|0716|4196BA5B|1068703B|071D|421AC334|1068703B|0737|421AC334|1068703B|0722|416F47AE|1068703B|012B|40949373|1057B8A2|077D|41ED8106|40011DFC|0|0|0|0|0|0|0763|41569B6E|10675739||017cf4f7a3f5fdac16066610facc2da3
37|2021-09-26T12:07:40.2560000+01:00|40011DF6|Jagd Doll|00008C6F|29150|167240|10000|10000|0||93.52246|102.678|0|-0.6538354||7eceebe6cad83ea79afe5d3ca3604d94
37|2021-09-26T12:07:40.2560000+01:00|107ABEEC|Greiyan Fletz|00008C6F|96851|106544|10000|10000|0||93.10828|103.5591|-0.0007364834|1.79285|2200|0|0|01|05000D22|0|C1700000|1068703B||b8a15b6e83c12ab8c6a13e5aefc18526
04|2021-09-26T12:07:40.0180000+01:00|40011da6|Eos|0|50|1057b8a2|0||1398|1008|0|92601|0|10000|0|0|100.1449|100.0533|0|-0.5777924||2e8b1ac2bd1df3f1d73fbbccd68183f9
37|2021-09-26T12:07:40.3460000+01:00|1057B8A2|Alex Knightfall|00008C71|97285|97285|6822|10000|0||99.66377|100.8129|0|0.09390811|1C01|0|0|01|08000D22|0|41700000|1068703B||c9b05be1c10582ba1becde060740fa7e
24|2021-09-26T12:07:40.3460000+01:00|10752D6C|Volkon Vysk|HoT|742|690|105032|152511|10000|10000|0|1000|89.64673|110.5211|-0.01531982|1.032624||8ff9c49379012ec4c8a0b24b7a5595ad
37|2021-09-26T12:07:40.3460000+01:00|40011D69|Living Liquid|00008C5D|3993170|12889320|10000|10000|0||92.66797|111.5281|0|-1.705393||17cc3a44433a699b932615c2474468eb
37|2021-09-26T12:07:40.3460000+01:00|1075A2E4|Niru Summers|00008C5D|124048|153077|10000|10000|0||89.66705|110.9396|-0.0008831018|1.672565|1500|0|0|01|08000D22|0|C1700000|1068703B||5e2c94dc434cf751daa0aba82cf6b91c
38|2021-09-26T12:07:40.3460000+01:00|1057B8A2|Alex Knightfall|0050501C|97285|97285|6822|10000|0|0|99.66377|100.8129|0|0.09390811|D7F7|30|0|0A016D|41F00000|E0000000|1E016C|41F00000|E0000000|28FE0030|44D9C051|1057B8A2|010130|0|1057B8A2|075B|414DBA65|10675739|0102C2|3FFBC695|40011DF5|013B|3FFB227D|40011DA6|08A9|4087B642|107629AA|0722|416F47AE|1068703B|0798|416824DE|1057B8A2|012B|409049B8|1057B8A2|0|0|0|0|0|0|0|0|0|0|0|0|0763|4158C460|10675739||0b8153c676a86d7174aef0d01f47770f
38|2021-09-26T12:07:40.3460000+01:00|10752D6C|Volkon Vysk|00505025|106712|152511|10000|10000|0|0|89.64673|110.5211|-0.01531982|1.032624|D7F7|30|0|14016A|41F00000|E0000000|0A0168|41F00000|E0000000|28FD0030|45124468|10752D6C|320742|4076E965|1075A2E4|08A9|4086459E|107629AA|0|0|0|0722|C1700000|1068703B|013B|3F947A67|40011DA6|0|0|0|0|0|0|0|0|0|0|0|0|0|0|0|0763|415D0E18|10675739|0|0|0|0729|0|10752D6C||120672f2ae9766810fe06fd06677bf4c
37|2021-09-26T12:07:40.3900000+01:00|40011DEA|Liquid Hand|00008C73|4502785|12889320|10000|10000|0||91.90503|113.4508|0|0.08576035||fb86821038ddb50b431948cc000439c7
37|2021-09-26T12:07:40.3900000+01:00|10752D6C|Volkon Vysk|00008C73|106712|152511|10000|10000|0||89.64673|110.5211|-0.01531982|1.032624|2500|0|0|01|06000D22|0|C1700000|1068703B||261d83d729d16689a280d4756a665800
37|2021-09-26T12:07:40.4350000+01:00|40011DEA|Liquid Hand|00008C6D|4479799|12889320|10000|10000|0||91.90503|113.4508|0|0.08576035||c7bfc6f6beaf4a47f2edc9c47f92e24f
37|2021-09-26T12:07:40.4350000+01:00|10675739|Jasy Heavensong|00008C6D|93357|97086|7840|10000|0||98.50418|94.74829|-0.01531982|0.0865102|2100|0|0|01|02000D22|0|C1700000|1068703B||e3c60b230f3e734d267df7588e2d6426
37|2021-09-26T12:07:40.4800000+01:00|107ABEEC|Greiyan Fletz|00008C71|96851|106544|10000|10000|0||92.76241|105.1159|-0.01531982|0.5893661|2202|0|0|01|05000D22|0|41700000|1068703B||52f0267488ed6bf64673b53ea08deff5
24|2021-09-26T12:07:40.4800000+01:00|10752D6C|Volkon Vysk|HoT|742|AAD|106712|152511|10000|10000|0|1000|89.64673|110.5211|-0.01531982|1.032624||82005fa099084bb428709365fe728fbb
37|2021-09-26T12:07:40.4800000+01:00|40011DEA|Liquid Hand|00008C5D|4468557|12889320|10000|10000|0||91.90503|113.4508|0|0.08576035|01|0|0|0||09ccad0d9daea4840147121a86489cea
37|2021-09-26T12:07:40.4800000+01:00|1075A2E4|Niru Summers|00008C5D|129514|153077|10000|10000|0||89.75021|110.7932|-0.01531982|1.675471|1501|0|0|01|08000D22|0|C1700000|1068703B||904efab25dd0ce8c59505719e4399c63
21|2021-09-26T12:07:40.4800000+01:00|10675739|Jasy Heavensong|E1E|Essential Dignity|10752D6C|Volkon Vysk|4|62020000|0|0|0|0|0|0|0|0|0|0|0|0|0|0|106712|152511|10000|10000|0|1000|89.64673|110.5211|-0.01531982|1.032624|93357|97086|7840|10000|0|1000|98.50418|94.74829|-0.01531982|0.0865102|00008C77|0|7f7ab84a1215cff4f6824e13a2c24541
21|2021-09-26T12:07:40.4800000+01:00|1075A2E4|Niru Summers|07|Attack|40011D69|Living Liquid|710003|F0D0000|204|7508000|0|0|0|0|0|0|0|0|0|0|0|0|3993170|12889320|10000|10000|0|1000|92.66797|111.5281|0|-1.794909|124048|153077|10000|10000|0|1000|89.75021|110.7932|-0.01531982|1.675471|00008C78|0|496a9491b91697a633cb7a88debf4097
38|2021-09-26T12:07:40.4800000+01:00|107ABEEC|Greiyan Fletz|00505022|96851|106544|10000|10000|0|0|92.76241|105.1159|-0.01531982|0.5893661|DE54|30|0|0720|42700000|1068703B|14016A|41F00000|E0000000|0A0168|41F00000|E0000000|28FE0030|4510F8D3|107ABEEC|013B|3FA5C20E|40011DA6|0722|416F47AE|1068703B|012B|408BFFFD|1057B8A2|0839|4219B0C7|1068703B|0737|4219B0C7|1068703B|08A9|40836C87|107629AA|0513|420A3C94|107ABEEC|04E2|3F2188C7|107ABEEC|0102C2|3FEA9FAC|40011DF6|0|0|0|0|0|0|0|0|0|0512|4106F265|107ABEEC|0|0|0|0|0|0|0|0|0|0763|41547AA6|10675739||d3db939478710877885a4c625a4ad4af
38|2021-09-26T12:07:40.4800000+01:00|10752D6C|Volkon Vysk|00505025|109445|152511|10000|10000|0|0|89.64673|110.5211|-0.01531982|1.032624|DE54|30|0|14016A|41F00000|E0000000|0A0168|41F00000|E0000000|28FD0030|45124244|10752D6C|320742|406E55F0|1075A2E4|08A9|4081FBE3|107629AA|0|0|0|0722|C1700000|1068703B|013B|3F83537E|40011DA6|0|0|0|0|0|0|0|0|0|0|0|0|0|0|0|0763|415AE93B|10675739|0|0|0|0729|0|10752D6C||9bc8ee02d25b253edd823962ae6d9cc0
37|2021-09-26T12:07:40.5680000+01:00|10752D6C|Volkon Vysk|00008C75|109445|152511|10000|10000|0||89.64673|110.5211|0|1.032624|2500|0|0|02|05000AA7|0|41A00000|10752D6C|06004162|0|C1700000|1068703B||7faa77fcc58de938d49f114e61d6779f
26|2021-09-26T12:07:40.5680000+01:00|4a7|Rampart|20.00|10752D6C|Volkon Vysk|10752D6C|Volkon Vysk|00|152511|152511||c743852be3a1ca6e89010924e075b1b2
38|2021-09-26T12:07:40.6120000+01:00|40011DFC|Seraph|00505000|92601|92601|10000|10000|0|0|100.1449|100.0533|0|-0.5553093|0|0|0|28FE0030|44D9B93F|1057B8A2|08A9|4080A3D2|107629AA|075B|414A312E|10675739|0107AD|41F00000|40011DFC||2062f12621b0bcee492a3179a4714b6a
26|2021-09-26T12:07:40.6120000+01:00|7ad|Summon Order III|30.00|40011DFC|Seraph|40011DFC|Seraph|01|92601|92601||13c1b1b41257e9fce439b7af5be2541c
37|2021-09-26T12:07:40.6120000+01:00|40011DF8|Jagd Doll|00008C68|93090|167240|10000|10000|0||110.8672|93.37139|0|-1.475771||ef80c09c1c38424788b5851961ede447
37|2021-09-26T12:07:40.6120000+01:00|107629AA|Joeson Lmoa|00008C68|106059|106059|10000|10000|1||105.1766|94.89578|-0.0007698472|-0.6197518|1700|0|0|02|04000D22|0|C1700000|1068703B|05003ABA|0|41200000|107629AA||b16e4bcb61ef70706eb4aae99cb239aa
37|2021-09-26T12:07:40.6120000+01:00|10675739|Jasy Heavensong|00008C71|93357|97086|7840|10000|0||98.65079|96.21783|0|0.0953498|2103|0|0|01|02000D22|0|41700000|1068703B||d3e2f116020087f99a46d1c86c8ce849
37|2021-09-26T12:07:40.6120000+01:00|1075A2E4|Niru Summers|00008C72|123181|153077|10000|10000|0||89.87434|110.5747|0|1.660471|1500|0|0|01|08000D22|0|C1700000|1068703B||7651a1638b4dee78e9d5c87d9519e6a4
38|2021-09-26T12:07:40.6120000+01:00|107629AA|Joeson Lmoa|00505017|106059|106059|10000|10000|1|0|105.1766|94.89578|-0.0007698472|-0.6197518|DE54|30|0|0A016D|41F00000|E0000000|0A0168|41F00000|E0000000|28FE0030|4510F3DB|107629AA|013B|3FB72A95|40011DA6|0722|C1700000|1068703B|7A|411F4BC7|107629AA|0|0|0|0|0|0|0129|40F830CF|1057B8A2|0|0|0|0|0|0|0763|415AF16C|10675739||bd68a7f7863e064a662a7e3a219c3f17
38|2021-09-26T12:07:40.6120000+01:00|10675739|Jasy Heavensong|00505021|93357|97086|7840|10000|0|0|98.65079|96.21783|0|0.0953498|DE54|30|0|0A0168|41F00000|E0000000|0F016B|41F00000|E0000000|0722|416F4BC7|1068703B|28FE0030|4510F04B|10675739|0|0|0|08A9|407B9578|107629AA|013B|3FC830D1|40011DA6|0347|0|10675739|0|0|0|0102C2|3FDF9D9F|40011DF5|0|0|0|0|0|0|0763|414BF380|10675739||a2ee59d88d06558a4d139a01e8c4ca92
37|2021-09-26T12:07:40.6570000+01:00|10752D6C|Volkon Vysk|00008C72|103135|152511|10000|10000|0||89.64673|110.5211|0|1.032624|2501|0|0|01|06000D22|0|C1700000|1068703B||cf7a7cc8dc828cef4e07215a09cb1817
22|2021-09-26T12:07:40.6570000+01:00|40011DFC|Seraph|40A3|Consolation|1068703B|Tomo Uchuu|4|202F0000|2F0E|77D0000|1B|40A38000|0|0|0|0|0|0|0|0|0|0|67193|106478|10000|10000|0|1000|99.94137|100.642|0|1.436757|92601|92601|10000|10000|0|1000|100.1449|100.0533|0|-0.5553093|00008C79|0|60ed8defd764b7bc0b9a9ace0191daef
22|2021-09-26T12:07:40.6570000+01:00|40011DFC|Seraph|40A3|Consolation|1057B8A2|Alex Knightfall|10004|33290000|290E|77D0000|1B|40A38000|0|0|0|0|0|0|0|0|0|0|97285|97285|6822|10000|0|1000|99.63936|100.9733|-0.00332267|0.2065517|92601|92601|10000|10000|0|1000|100.1449|100.0533|0|-0.5553093|00008C79|1|96645b02fd4ac80deb216d0a0138c5b9
22|2021-09-26T12:07:40.6570000+01:00|40011DFC|Seraph|40A3|Consolation|10675739|Jasy Heavensong|4|20E40000|E40E|77D0000|1B|40A38000|0|0|0|0|0|0|0|0|0|0|93357|97086|7840|10000|0|1000|98.65079|96.21783|0|0.0953498|92601|92601|10000|10000|0|1000|100.1449|100.0533|0|-0.5553093|00008C79|2|9f9a203ceb60dd3974e7a894abb09b22
22|2021-09-26T12:07:40.6570000+01:00|40011DFC|Seraph|40A3|Consolation|107629AA|Joeson Lmoa|4|20260000|260E|77D0000|1B|40A38000|0|0|0|0|0|0|0|0|0|0|106059|106059|10000|10000|0|1000|105.1766|94.89578|-0.0007698472|-0.6197518|92601|92601|10000|10000|0|1000|100.1449|100.0533|0|-0.5553093|00008C79|3|024b1773687cc6247809ac16cb7ecac9
22|2021-09-26T12:07:40.6570000+01:00|40011DFC|Seraph|40A3|Consolation|107ABEEC|Greiyan Fletz|10004|330D0000|D0E|77D0000|1B|40A38000|0|0|0|0|0|0|0|0|0|0|96851|106544|10000|10000|0|1000|92.77757|106.6905|-0.003322768|0.2449511|92601|92601|10000|10000|0|1000|100.1449|100.0533|0|-0.5553093|00008C79|4|9aab94b13e01fbec9830ba5e5fc24882
22|2021-09-26T12:07:40.6570000+01:00|40011DFC|Seraph|40A3|Consolation|107401EC|Raesa Velan|4|208E0000|8E0E|77D0000|1B|40A38000|0|0|0|0|0|0|0|0|0|0|76974|96887|8800|10000|0|1000|89.06689|91.66089|0|1.551214|92601|92601|10000|10000|0|1000|100.1449|100.0533|0|-0.5553093|00008C79|5|50e2bbbec43c645073e6dc50f74b8228
22|2021-09-26T12:07:40.6570000+01:00|40011DFC|Seraph|40A3|Consolation|1075A2E4|Niru Summers|4|1FE90000|E90E|77D0000|1B|40A38000|0|0|0|0|0|0|0|0|0|0|123181|153077|10000|10000|0|1000|89.87434|110.5747|0|1.660471|92601|92601|10000|10000|0|1000|100.1449|100.0533|0|-0.5553093|00008C79|6|b2678b99fcc96cf93c597249bb38de36
22|2021-09-26T12:07:40.6570000+01:00|40011DFC|Seraph|40A3|Consolation|10752D6C|Volkon Vysk|10004|329D0000|9D0E|77D0000|1B|40A38000|0|0|0|0|0|0|0|0|0|0|109445|152511|10000|10000|0|1000|89.64673|110.5211|0|1.032624|92601|92601|10000|10000|0|1000|100.1449|100.0533|0|-0.5553093|00008C79|7|cd2cba8d55f5b4af07c1bb660074d258
21|2021-09-26T12:07:40.6570000+01:00|40011DEA|Liquid Hand|4979|Unknown_4979|10752D6C|Volkon Vysk|730003|62EE0000|0|0|0|0|0|0|0|0|0|0|0|0|0|0|109445|152511|10000|10000|0|1000|89.64673|110.5211|0|1.032624|4468557|12889320|10000|10000|0|1000|91.90503|113.4508|0|0.08576035|00008C7A|0|f8cfb3c3b4ce641c91490dd634287383
37|2021-09-26T12:07:40.7010000+01:00|107ABEEC|Greiyan Fletz|00008C72|86256|106544|10000|10000|0||92.78339|107.2972|-0.002271104|0.1122348|2202|0|0|0||62afb4f25bf8166993170f55d40ea5c5
37|2021-09-26T12:07:40.7460000+01:00|107401EC|Raesa Velan|00008C71|76974|96887|8800|10000|0||89.06689|91.66089|0|1.551214|1904|0|0|01|03000D22|0|41700000|1068703B||e455f5e10036f55945d599912110f479
37|2021-09-26T12:07:40.7460000+01:00|1068703B|Tomo Uchuu|00008C72|56938|106478|10000|10000|5||100.2875|101.1329|0|1.371831|2603|0|0|0||003ada565d2f094bf03a67eed026e022
38|2021-09-26T12:07:40.7460000+01:00|107401EC|Raesa Velan|00505019|76974|96887|8800|10000|0|0|89.06689|91.66089|0|1.551214|DE54|30|0|0A016D|41F00000|E0000000|0A0168|41F00000|E0000000|29020030|459330DC|107401EC|0722|416F4BC7|1068703B|08A9|4075E34A|107629AA|013B|3F655F4A|40011DA6|0|0|0|A4|4130B85A|107401EC|0|0|0|0|0|0|0|0|0|0|0|0|0|0|0|0|0|0|0|0|0|0|0|0|0763|414BF37F|10675739||ebe1a4e6d27e7ecad7c915e6b309a304
37|2021-09-26T12:07:40.7890000+01:00|1057B8A2|Alex Knightfall|00008C72|87323|97285|6822|10000|0||99.63316|101.014|-0.002271767|0.2351589|1C04|0|0|0||f9a228dea1dc6dc11ed178f83726950b
21|2021-09-26T12:07:40.7910000+01:00|1068703B|Tomo Uchuu|3E77|Reverse Cascade|40011DF7|Jagd Doll|720203|42370000|13D|EB8000|0|0|0|0|0|0|0|0|0|0|0|0|99262|167240|10000|10000|0|1000|103.7927|103.8579|0|-2.120666|67193|106478|10000|10000|0|1000|100.2875|101.1329|0|1.371831|00008C7B|0|948dbe63a0c48a50ccc1f8c9336883d2
38|2021-09-26T12:07:40.7910000+01:00|1068703B|Tomo Uchuu|00505026|56938|106478|10000|10000|5|0|100.2875|101.1329|0|1.371831|DE54|30|0|14016A|41F00000|E0000000|0A0168|41F00000|E0000000|071F|42700000|1068703B|28FE0030|451199AC|1068703B|013B|3F8F1A25|40011DA6|08A9|407020BB|107629AA|0|0|0|071D|42187359|1068703B|0737|42187359|1068703B|0722|41660832|1068703B|012B|40821476|1057B8A2|077D|41E8E147|40011DFC|0|0|0|0|0|0|0763|414D5BF2|10675739||0df41cb003ce077868df962310d2d093
26|2021-09-26T12:07:40.7910000+01:00|71f|Closed Position|60.00|1068703B|Tomo Uchuu|1068703B|Tomo Uchuu|00|106478|106478||03e83b86a8a1246427e9b9f7898fbcb7
30|2021-09-26T12:07:40.7910000+01:00|716|Flourishing Cascade|0.00|1068703B|Tomo Uchuu|1068703B|Tomo Uchuu|00|106478|106478||cc2977602c9d05deae5a835330af510c
31|2021-09-26T12:07:40.7910000+01:00|1068703B|1E0126|00|10762900|00|18692b609faa33e37fc218ba4416a1ba
37|2021-09-26T12:07:40.8340000+01:00|107401EC|Raesa Velan|00008C72|66948|96887|8800|10000|0||89.06689|91.66089|0|1.551214|1905|0|0|0||ce1e4273a9242d9f7da4d9aa1f3cf56c
20|2021-09-26T12:07:40.8350000+01:00|1057B8A2|Alex Knightfall|BA|Succor|1057B8A2|Alex Knightfall|1.94|99.62682|101.0557|0|0.2644176||275100053b816a4eff5ba75093da0dfb
37|2021-09-26T12:07:40.8800000+01:00|10752D6C|Volkon Vysk|00008C71|103135|152511|10000|10000|0||89.64673|110.5211|0|1.032624|2505|0|0|01|06000D22|0|41700000|1068703B||20b8b661371c7709b17825cfd11452cc
37|2021-09-26T12:07:40.8810000+01:00|10675739|Jasy Heavensong|00008C72|82984|97086|7840|10000|0||98.69377|96.64352|-0.01531982|-0.1337584|2106|0|0|0||3681931f5195d350e02e5db5d7495ed0
22|2021-09-26T12:07:40.8810000+01:00|1075A2E4|Niru Summers|404F|Chaotic Cyclone|40011D69|Living Liquid|710303|59600000|204|2B758000|0|0|0|0|0|0|0|0|0|0|0|0|3993170|12889320|10000|10000|0|1000|92.66797|111.5281|0|-2.014867|123181|153077|10000|10000|0|1000|89.97387|110.3995|-0.01531982|1.720113|00008C7C|0|4b6a23fdd41bcb2279256ad6b4a3f263
22|2021-09-26T12:07:40.8810000+01:00|1075A2E4|Niru Summers|404F|Chaotic Cyclone|40011DEA|Liquid Hand|710303|5CD50000|204|2D238000|0|0|0|0|0|0|0|0|0|0|0|0|4468557|12889320|10000|10000|0|1000|91.90503|113.4508|0|0.08576035|123181|153077|10000|10000|0|1000|89.97387|110.3995|-0.01531982|1.720113|00008C7C|1|cdbb6f3884a70670c2f483778c13b5dd
22|2021-09-26T12:07:40.8810000+01:00|1075A2E4|Niru Summers|404F|Chaotic Cyclone|40011DF6|Jagd Doll|710303|5D050000|204|2D3A8000|0|0|0|0|0|0|0|0|0|0|0|0|29150|167240|10000|10000|0|1000|93.39442|103.4038|0|-0.2060818|123181|153077|10000|10000|0|1000|89.97387|110.3995|-0.01531982|1.720113|00008C7C|2|7d1e013ff29210dafdfbc55300fcdc4c
38|2021-09-26T12:07:40.8810000+01:00|1075A2E4|Niru Summers|00505015|123181|153077|10000|10000|0|0|89.97387|110.3995|-0.01531982|1.720113|9598|31|0|0A016D|41F00000|E0000000|0A0168|41F00000|E0000000|5B|0|1075A2E4|28FD0030|45125A6C|1075A2E4|320741|4054BC56|1075A2E4|0763|41525DF9|10675739|0|0|0|08A9|406A5E2B|107629AA|0722|C1700000|1068703B|5A|4222836D|1075A2E4|0|0|0|0|0|0|0|0|0|3204C4|41C729AC|1057B8A2|0|0|0|013B|3FC7EF47|40011DA6||e19f44604240a067c0c96302a7256df0
30|2021-09-26T12:07:40.8810000+01:00|769|Nascent Chaos|0.00|1075A2E4|Niru Summers|1075A2E4|Niru Summers|00|153077|153077||e27f06094567f5744f6aca1015a3e2e9
38|2021-09-26T12:07:40.8810000+01:00|10752D6C|Volkon Vysk|00505025|103135|152511|10000|10000|0|0|89.64673|110.5211|0|1.032624|9598|31|0|14016A|41F00000|E0000000|0A0168|41F00000|E0000000|28FD0030|45123BE0|10752D6C|320742|4054BC56|1075A2E4|08A9|406A5E2B|107629AA|04A7|419D24DC|10752D6C|0722|416F47AE|1068703B|013B|3F204093|40011DA6|0|0|0|0|0|0|0|0|0|0|0|0|0|0|0|0763|415482D5|10675739|0|0|0|0729|0|10752D6C||bc042de80f18c98a3cb5b348cffff374
37|2021-09-26T12:07:40.9250000+01:00|107629AA|Joeson Lmoa|00008C72|95381|106059|10000|10000|0||103.9267|95.33315|0|-0.9069188|1707|0|0|02|04000D22|0|C1700000|1068703B|08003A40|0|0|E0000000||0abb465651e777d2119fffe96069025f
38|2021-09-26T12:07:40.9250000+01:00|107629AA|Joeson Lmoa|00505017|95381|106059|10000|10000|0|0|103.9267|95.33315|0|-0.9069188|94AB|31|0|0A016D|41F00000|E0000000|0A0168|41F00000|E0000000|28FE0030|4510EED7|107629AA|013B|3F8EF970|40011DA6|0722|C1700000|1068703B|7A|411A45A2|107629AA|0|0|0|0|0|0|0|0|0|0|0|0|0|0|0|0763|4155EB47|10675739||d549aff07b58ba01923d309b823df16a
30|2021-09-26T12:07:40.9250000+01:00|129|Galvanize|0.00|1057B8A2|Alex Knightfall|107629AA|Joeson Lmoa|00|106059|97285||848012b615a234dc00f6c18e206f1e53
39|2021-09-26T12:07:40.9690000+01:00|10675739|Jasy Heavensong|83954|97086|8104|10000|0|0|98.69377|96.64352|-0.01531982|-0.1337584||1fa24d64f4cba00aa4aa8aae677b38ef
39|2021-09-26T12:07:40.9690000+01:00|1075A2E4|Niru Summers|124711|153077|10000|10000|0|0|89.97387|110.3995|-0.01531982|1.720113||ff4973e9e860209c7ccaaf27e1d75922
39|2021-09-26T12:07:40.9690000+01:00|10752D6C|Volkon Vysk|104660|152511|10000|10000|0|0|89.64673|110.5211|0|1.032624||6e151e92b9865c5b0ff3645612c3dcec
21|2021-09-26T12:07:40.9690000+01:00|107ABEEC|Greiyan Fletz|1D36|Jinpu|40011DEA|Liquid Hand|44710003|33D30000|D0F|5128000|11B|1D368000|0|0|0|0|0|0|0|0|0|0|4468557|12889320|10000|10000|0|1000|91.90503|113.4508|0|0.08576035|86256|106544|10000|10000|0|1000|92.54789|108.4425|-0.0014035|-0.04436783|00008C7D|0|12a64ff44bf06af0a3ed5167a30098b2
37|2021-09-26T12:07:41.0150000+01:00|1075A2E4|Niru Summers|00008C71|124711|153077|10000|10000|0||89.9944|110.3633|-0.001632981|1.752061|1506|0|0|01|08000D22|0|41700000|1068703B||e3d305954e9714fcca0263f9f2c438e9
24|2021-09-26T12:07:41.0150000+01:00|10752D6C|Volkon Vysk|HoT|742|3A8|105596|152511|10000|10000|0|1000|89.64673|110.5211|0|0.6515203||6e250fdd689e474bf4f70e9143a6528f
37|2021-09-26T12:07:41.0150000+01:00|40011D69|Living Liquid|00008C78|3989317|12889320|10000|10000|0||92.66797|111.5281|0|-2.014867||6f62fd5982701494c6b661d8a5f33ce6
37|2021-09-26T12:07:41.0150000+01:00|1075A2E4|Niru Summers|00008C78|126583|153077|10000|10000|0||89.9944|110.3633|-0.001632981|1.752061|1500|0|0|0||f545ccbe5449084f77ef2d383fa85c47
24|2021-09-26T12:07:41.0150000+01:00|40011D69|Living Liquid|DoT|0|532C|3968025|12889320|10000|10000|0|1000|92.66797|111.5281|0|-2.014867||4fa0dad3c0bb0815d14bd58eaa11cb78
21|2021-09-26T12:07:41.0150000+01:00|10752D6C|Volkon Vysk|3F16|Wicked Talon|40011DEA|Liquid Hand|710303|860E0000|F|7348000|0|0|0|0|0|0|0|0|0|0|0|0|4468557|12889320|10000|10000|0|1000|91.90503|113.4508|0|0.08576035|105596|152511|10000|10000|0|1000|89.64673|110.5211|0|0.6515203|00008C7E|0|ac11da5b1256248ec57ea61aaab0ead4
36|2021-09-26T12:07:41.0150000+01:00|0CE4|3|7e2710cd163ba690094e58e2c11ded40
38|2021-09-26T12:07:41.0150000+01:00|1075A2E4|Niru Summers|00505015|126583|153077|10000|10000|0|0|89.9944|110.3633|-0.001632981|1.752061|948D|31|0|0A016D|41F00000|E0000000|0A0168|41F00000|E0000000|5B|0|1075A2E4|28FD0030|45125848|1075A2E4|320741|404C28E1|1075A2E4|0763|4150391C|10675739|0|0|0|08A9|4061CAB6|107629AA|0722|416F4396|1068703B|5A|4221FA36|1075A2E4|0|0|0|0|0|0|0|0|0|3204C4|41C6173E|1057B8A2|0|0|0|013B|3FB6C85E|40011DA6||b82774446c3d141aac669e838ff0b417
38|2021-09-26T12:07:41.0150000+01:00|40011D69|Living Liquid|00505000|3968025|12889320|10000|10000|0|0|92.66797|111.5281|0|-2.014867|948D|31|0|0767|418FA5C8|1057B8A2|2804B1|414ECC91|107629AA|0759|418FA5C8|10675739|2804B0|414ECC91|107629AA|0A00A3|3FD51DF0|107401EC|04CC|4240B7A9|107ABEEC||5caebb92d31631067d9956425ce1d837
38|2021-09-26T12:07:41.0150000+01:00|10752D6C|Volkon Vysk|00505025|105596|152511|10000|10000|0|0|89.64673|110.5211|0|0.6515203|948D|31|0|14016A|41F00000|E0000000|0A0168|41F00000|E0000000|28FD0030|451239BC|10752D6C|320742|404C28E1|1075A2E4|08A9|4061CAB6|107629AA|04A7|419C126E|10752D6C|0722|416D22D1|1068703B|013B|3EFBE580|40011DA6|0734|C1200000|10752D6C|0|0|0|0|0|0|0|0|0|0|0|0|0763|41525DF8|10675739|0|0|0|0729|0|10752D6C||1ffa1769e6f3a6ed52da14f8c5f22e6b
26|2021-09-26T12:07:41.0150000+01:00|734|Ready To Gouge|10.00|10752D6C|Volkon Vysk|10752D6C|Volkon Vysk|00|152511|152511||114dbc3b9217cfd2aef5d31777d5eae1
39|2021-09-26T12:07:41.0570000+01:00|1068703B|Tomo Uchuu|58002|106478|10000|10000|0|0|101.3845|102.8051|0|1.30481||ff32d88bbfa8ba8528d1cd53c66918de
37|2021-09-26T12:07:41.1030000+01:00|10752D6C|Volkon Vysk|00008C77|130686|152511|10000|10000|0||89.64673|110.5211|0|0.6515203|2500|0|0|01|08000D34|0|C1200000|10752D6C||d22bbf7ecf79ccccc51230a8d79383eb
39|2021-09-26T12:07:41.1030000+01:00|107629AA|Joeson Lmoa|96441|106059|10000|10000|0|0|103.7955|95.38487|-0.01531982|-0.8921596||36a908ad3d77bc651040942fffc996a2
21|2021-09-26T12:07:41.1030000+01:00|107401EC|Raesa Velan|DF9|Fire IV|40011DF5|Jagd Doll|150003|92E70000|1B|DF98000|0|0|0|0|0|0|0|0|0|0|0|0|117498|167240|10000|10000|0|1000|90.56226|91.69141|0|-1.59896|66948|96887|8800|10000|0|1000|89.06689|91.66089|0|1.551214|00008C7F|0|d694462c86670dac18750f35f2b4b22d
37|2021-09-26T12:07:41.1470000+01:00|107629AA|Joeson Lmoa|00008C71|96441|106059|10000|10000|0||103.6979|95.42336|-0.0008204027|-0.8811787|1707|0|0|01|04000D22|0|41700000|1068703B||c67e4c525a3b39c022d9ba679bdbcee9
39|2021-09-26T12:07:41.1470000+01:00|107ABEEC|Greiyan Fletz|87321|106544|10000|10000|0|0|92.38373|109.1562|-0.00221758|-0.08710265||deb28a298e3163e6653eeb8041ac7dbc
38|2021-09-26T12:07:41.1470000+01:00|107ABEEC|Greiyan Fletz|00505022|87321|106544|10000|10000|0|0|92.38373|109.1562|-0.00221758|-0.08710265|994C|31|0|0720|42700000|1068703B|14016A|41F00000|E0000000|0A0168|41F00000|E0000000|28FE0030|4510EE2B|107ABEEC|013B|3F20C398|40011DA6|0722|41649BA7|1068703B|012B|406D4FD5|1057B8A2|0839|421705C9|1068703B|0737|421705C9|1068703B|08A9|405C28EB|107629AA|0513|42079196|107ABEEC|0|0|0|0102C2|3F953F6C|40011DF6|0|0|0|0|0|0|0|0|0|0512|40F88CB9|107ABEEC|0|0|0|0|0|0|0|0|0|0763|4149CE9F|10675739||c018af4ea49092c1f3a72a6f0a76b1e7
26|2021-09-26T12:07:41.1470000+01:00|720|Dance Partner|60.00|1068703B|Tomo Uchuu|107ABEEC|Greiyan Fletz|00|106544|106478||1dfe5e1c845c4b20292d4f8e62cfcfaa
30|2021-09-26T12:07:41.1470000+01:00|4e2|True North|0.00|107ABEEC|Greiyan Fletz|107ABEEC|Greiyan Fletz|00|106544|106544||23a02a01adc0e93a17d23d7e757b335e
38|2021-09-26T12:07:41.1470000+01:00|107629AA|Joeson Lmoa|00505017|96441|106059|10000|10000|0|0|103.6979|95.42336|-0.0008204027|-0.8811787|994C|31|0|0A016D|41F00000|E0000000|0A0168|41F00000|E0000000|28FE0030|4510EB4B|107629AA|013B|3F651DE2|40011DA6|0722|416F4BC7|1068703B|7A|4116B853|107629AA|0|0|0|0|0|0|0|0|0|0|0|0|0|0|0|0763|41525DF8|10675739||e10e83b028b832625c8712129e538059
37|2021-09-26T12:07:41.1920000+01:00|10752D6C|Volkon Vysk|00008C7A|105360|152511|10000|10000|0||89.64673|110.5211|0|0.6515203|2500|0|0|01|08000D34|0|C1200000|10752D6C||f38e9a0247165410c91cda4d878b99c3
39|2021-09-26T12:07:41.1920000+01:00|1057B8A2|Alex Knightfall|88295|97285|7068|10000|0|0|99.6261|101.0604|0|0.2677314||9766acef862e983d2a2ed3a244c35266
39|2021-09-26T12:07:41.2380000+01:00|107401EC|Raesa Velan|67916|96887|8000|10000|0|0|89.06689|91.66089|0|1.551214||b69fdb1908b71222c5ce34128c526810
20|2021-09-26T12:07:41.2380000+01:00|10675739|Jasy Heavensong|40AB|Malefic IV|40011DEA|Liquid Hand|1.43|98.78667|97.60976|0|-0.004115143||b90a8a5a177861c954fc0ac85caba25a
37|2021-09-26T12:07:41.4150000+01:00|40011DF7|Jagd Doll|00008C7B|82311|167240|10000|10000|0||101.6503|102.5342|0|-2.35111||f2b93fc2e215901651849d3b3b603b22
21|2021-09-26T12:07:41.4160000+01:00|107ABEEC|Greiyan Fletz|07|Attack|40011DEA|Liquid Hand|710103|18DB0000|0|0|0|0|0|0|0|0|0|0|0|0|0|0|4468557|12889320|10000|10000|0|1000|91.90503|113.4508|0|0.08576035|87321|106544|10000|10000|0|1000|92.14806|110.1527|0|-0.1208298|00008C80|0|219c706cb63a812de5d498fc545bb778
35|2021-09-26T12:07:41.4610000+01:00|40011DF6|Jagd Doll|40011D69|Living Liquid|0000|0000|0029|40011D69|000F|7FC8||e58af558b4042aa8ec75e9a45625e984
34|2021-09-26T12:07:41.4610000+01:00|40011DF6|Jagd Doll|40011DF6|Jagd Doll|00|fc6685585cecc52a28f9824c29ec57d0
21|2021-09-26T12:07:41.4610000+01:00|40011D69|Living Liquid|4978|Unknown_4978|1075A2E4|Niru Summers|730003|846F0000|0|0|0|0|0|0|0|0|0|0|0|0|0|0|126583|153077|10000|10000|0|1000|90.08884|110.2894|-0.0009141576|1.808528|3968025|12889320|10000|10000|0|1000|92.66797|111.5281|0|-2.014867|00008C81|0|b3e5ee9ba7f951b00e207966a72dd143
37|2021-09-26T12:07:41.5040000+01:00|40011DF8|Jagd Doll|00008C74|86211|167240|10000|10000|0||107.0136|94.2913|0|-1.268395||5be26a6b059a3be4186cc32dbb3a171b
37|2021-09-26T12:07:41.5500000+01:00|1068703B|Tomo Uchuu|00008C79|66241|106478|10000|10000|7||103.2046|105.196|0|1.158202|2600|0|0|01|0B000D7D|0|41F00000|40011DFC||2d2b7b6f5f711868a49ccf3657ef99c3
24|2021-09-26T12:07:41.5500000+01:00|40011DEA|Liquid Hand|DoT|0|6E9B|4440242|12889320|10000|10000|0|1000|91.90503|113.4508|0|0.08576035||af78097dea50d79c5d36f2c448f59950
38|2021-09-26T12:07:41.5500000+01:00|107401EC|Raesa Velan|00505019|67916|96887|8000|10000|0|0|89.13809|91.66089|-0.002725052|1.324638|DE54|30|0|0A016D|41F00000|E0000000|0A0168|41F00000|E0000000|29020030|45932A6E|107401EC|0722|41626A81|1068703B|08A9|40425E2A|107629AA|013B|3DBA5670|40011DA6|0|0|0|A4|41900000|107401EC|0|0|0|0|0|0|0|0|0|0|0|0|0|0|0|0|0|0|0|0|0|0|0|0|0763|413F1239|10675739||5762fa8a474782fc9979a7f11e126f77
26|2021-09-26T12:07:41.5500000+01:00|a4|Thundercloud|18.00|107401EC|Raesa Velan|107401EC|Raesa Velan|00|96887|96887||88baae48f93c2dd0c5fa45174e8b5862
38|2021-09-26T12:07:41.5500000+01:00|1068703B|Tomo Uchuu|00505026|66241|106478|10000|10000|7|0|103.2046|105.196|0|1.158202|DE54|30|0|14016A|41F00000|E0000000|0A0168|41F00000|E0000000|071F|42700000|1068703B|28FE0030|45118D88|1068703B|013B|3EB749DD|40011DA6|08A9|403F7CE3|107629AA|0|0|0|071D|4215691F|1068703B|0737|4215691F|1068703B|0722|4159DF3E|1068703B|012B|40538514|1057B8A2|077D|41EFA1CB|40011DFC|0|0|0|0|0|0|0763|414132FE|10675739||dd3250a1468538f0e8b4eb3ce4306bcd
38|2021-09-26T12:07:41.5500000+01:00|10752D6C|Volkon Vysk|00505025|105360|152511|10000|10000|0|0|89.64673|110.5211|0|0.7493623|DE54|30|0|14016A|41F00000|E0000000|0A0168|41F00000|E0000000|28FD0030|4512312C|10752D6C|320742|4029DB0E|1075A2E4|08A9|403F7CE3|107629AA|04A7|4197C8B4|10752D6C|0722|41648F5E|1068703B|0|0|0|0734|C1200000|10752D6C|0|0|0|0|0|0|0|0|0|0|0|0|0763|4149CA85|10675739|0|0|0|0729|0|10752D6C||2b5a0b182a60ff4ab7cb02b87b3dfa0a
30|2021-09-26T12:07:41.5500000+01:00|13b|Whispering Dawn|0.00|40011DA6|Eos|10752D6C|Volkon Vysk|00|152511|||cabb6cf8179a221f55cbf9527747eb7c
38|2021-09-26T12:07:41.5500000+01:00|40011DEA|Liquid Hand|00505000|4440242|12889320|10000|10000|0|0|91.90503|113.4508|0|0.08576035|DE54|30|0|0A00A3|4181EB75|107401EC|0767|411FB1FE|1057B8A2|04CC|422434C6|107ABEEC|2804B1|418FFFE6|107629AA|0759|419EA1B5|10675739|2804B0|41A45A07|107629AA||947c5968afb7fa6273e3456b4c199f06
37|2021-09-26T12:07:41.5930000+01:00|40011DEA|Liquid Hand|00008C7D|4426975|12889320|10000|10000|0||91.90503|113.4508|0|0.08576035||4d81ea81d95f635f009df05fa85d2381
37|2021-09-26T12:07:41.5930000+01:00|107ABEEC|Greiyan Fletz|00008C7D|87321|106544|10000|10000|0||92.04836|110.5572|0|-0.1754526|2200|0|0|01|10000B12|0|42200000|107ABEEC||480610b45da386117dee8dcd6f4181b4
26|2021-09-26T12:07:41.5930000+01:00|512|Jinpu|40.00|107ABEEC|Greiyan Fletz|107ABEEC|Greiyan Fletz|00|106544|106544||007a6d14cdae778a491e04565d97c94b
21|2021-09-26T12:07:41.6390000+01:00|107629AA|Joeson Lmoa|1CF1|Refulgent Arrow|40011DF8|Jagd Doll|720003|38880000|0|0|0|0|0|0|0|0|0|0|0|0|0|0|86211|167240|10000|10000|0|1000|106.7169|94.36165|0|-1.24542|96441|106059|10000|10000|0|1000|103.4035|95.53388|-0.001389324|-0.9619497|00008C82|0|71d240d6b7e6eb4250d1a6f11ae2daa0
21|2021-09-26T12:07:41.6390000+01:00|1075A2E4|Niru Summers|1CDB|Upheaval|40011D69|Living Liquid|710003|31F60000|204|184A8000|0|0|0|0|0|0|0|0|0|0|0|0|3968025|12889320|10000|10000|0|1000|92.66797|111.5281|0|-2.290019|126583|153077|10000|10000|0|1000|90.64245|109.8545|-0.0006149163|1.890705|00008C83|0|5482b6b4f81e63f693c5b3b5437e343a
38|2021-09-26T12:07:41.6390000+01:00|107629AA|Joeson Lmoa|00505017|96441|106059|10000|10000|0|0|103.4035|95.53388|-0.001389324|-0.9619497|94C8|31|0|0A016D|41F00000|E0000000|0A0168|41F00000|E0000000|28FE0030|4510E373|107629AA|013B|3ECED766|40011DA6|0722|416770A5|1068703B|0|0|0|0|0|0|0|0|0|0|0|0|0|0|0|0|0|0|0763|414A82D6|10675739||89cce883fae98e33ba7f025039e04be6
30|2021-09-26T12:07:41.6390000+01:00|7a|Straight Shot Ready|0.00|107629AA|Joeson Lmoa|107629AA|Joeson Lmoa|00|106059|106059||c36b1c94a5b6840cdb7be127c302e62f
37|2021-09-26T12:07:41.6830000+01:00|1057B8A2|Alex Knightfall|00008C79|97285|97285|7068|10000|13||99.6261|101.0604|0|0.2677314|1C01|0|0|01|0B000D7D|0|41F00000|40011DFC||b8c280a272d674458eadce9a6dfa81bd
26|2021-09-26T12:07:41.6830000+01:00|77d|Seraphic Veil|30.00|40011DFC|Seraph|1057B8A2|Alex Knightfall|00|97285|92601||89bd3320a23e40e21a3d2635e5d30488
38|2021-09-26T12:07:41.6830000+01:00|107401EC|Raesa Velan|00505019|67916|96887|8000|10000|0|0|89.17965|91.66089|-0.003514564|1.19243|94AB|31|0|0A016D|41F00000|E0000000|0A0168|41F00000|E0000000|29020030|4593295E|107401EC|0722|416049BC|1068703B|08A9|4039DB17|107629AA|0|0|0|0|0|0|A4|418EEF9E|107401EC|0|0|0|0|0|0|0|0|0|0|0|0|0|0|0|0|0|0|0|0|0|0|0|0|0763|413CF174|10675739||f21b0a58bc59542356317d3f2b1d9a92
30|2021-09-26T12:07:41.6830000+01:00|13b|Whispering Dawn|0.00|40011DA6|Eos|107401EC|Raesa Velan|00|96887|||9114130ee3d264049f1be654d27dc083
38|2021-09-26T12:07:41.6830000+01:00|1057B8A2|Alex Knightfall|0050501C|97285|97285|7068|10000|13|0|99.6261|101.0604|0|0.2677314|94AB|31|0|0A016D|41F00000|E0000000|1E016C|41F00000|E0000000|28FE0030|44D99587|1057B8A2|010130|0|1057B8A2|075B|4138560D|10675739|0102C2|3F21478C|40011DF5|013B|3F1FFF5C|40011DA6|08A9|4039DB17|107629AA|0722|4159E356|1068703B|0798|4152C086|1057B8A2|012B|404B0201|1057B8A2|077D|41EFA3D7|40011DFC|0|0|0|0|0|0|0|0|0|0763|41436008|10675739||ccb2496a1a37e60e93c6e70b4dd673c9
21|2021-09-26T12:07:41.7280000+01:00|107ABEEC|Greiyan Fletz|1D46|Hissatsu: Kaiten|107ABEEC|Greiyan Fletz|320F|4CD8000|0|0|0|0|0|0|0|0|0|0|0|0|0|0|87321|106544|10000|10000|0|1000|92.00635|110.7257|-0.004707789|-0.2040647|87321|106544|10000|10000|0|1000|92.00635|110.7257|-0.004707789|-0.2040647|00008C84|0|9ea7cdffe32b8a19ca9339bf0c2ffc52
21|2021-09-26T12:07:41.7280000+01:00|40011DF5|Jagd Doll|4B4E|Unknown_4B4e|107401EC|Raesa Velan|F1720006|DDB0000|0|0|0|0|0|0|0|0|0|0|0|0|0|0|67916|96887|8000|10000|0|1000|89.17965|91.66089|-0.003514564|1.19243|117498|167240|10000|10000|0|1000|90.56226|91.69141|0|-1.59896|00008C85|0|bd4f0ceede66ce811d43373ea79f63f1
21|2021-09-26T12:07:41.7280000+01:00|40011DF7|Jagd Doll|4B4E|Unknown_4B4e|1068703B|Tomo Uchuu|720003|0|0|0|0|0|0|0|0|0|0|0|0|0|0|0|66241|106478|10000|10000|0|1000|103.4607|105.8476|0|1.168674|82311|167240|10000|10000|0|1000|101.5253|102.457|0|-0.6804169|00008C86|0|0c56b2c0684e8011a5ad277cf19ca68b
21|2021-09-26T12:07:41.7280000+01:00|40011DF8|Jagd Doll|4B4E|Unknown_4B4e|107629AA|Joeson Lmoa|F1720006|CA80000|0|0|0|0|0|0|0|0|0|0|0|0|0|0|96441|106059|10000|10000|0|1000|103.3842|95.5349|-0.001108276|1.90298|86211|167240|10000|10000|0|1000|106.5264|94.40682|0|-1.230415|00008C87|0|0f3ef7ab38d4247e7fcf49a98cef8166
38|2021-09-26T12:07:41.7280000+01:00|107ABEEC|Greiyan Fletz|00505022|87321|106544|10000|10000|0|0|92.00635|110.7257|-0.004707789|-0.2040647|94AB|31|0|0720|42700000|1068703B|14016A|41F00000|E0000000|0A0168|41F00000|E0000000|28FE0030|4510E4E3|107ABEEC|013B|3D4072C0|40011DA6|0722|415B4FE1|1068703B|012B|404820B9|1057B8A2|0839|4214B2DB|1068703B|0737|4214B2DB|1068703B|08A9|4036F9CF|107629AA|0513|42053EA8|107ABEEC|04CD|C1200000|107ABEEC|0102C2|3F15C26D|40011DF6|0|0|0|0|0|0|0|0|0|0512|421F49BC|107ABEEC|0|0|0|0|0|0|0|0|0|0763|414082D9|10675739||deafccf8b150c8a51be74b3a0769c031
26|2021-09-26T12:07:41.7280000+01:00|4cd|Kaiten|10.00|107ABEEC|Greiyan Fletz|107ABEEC|Greiyan Fletz|00|106544|106544||c7e6e86b57df2d3ac39b94194b23b794
37|2021-09-26T12:07:41.8170000+01:00|10675739|Jasy Heavensong|00008C79|92374|97086|8104|10000|8||98.86316|98.4054|-0.01531982|-0.4346507|2102|0|0|01|04000D7D|0|41F00000|40011DFC||f31396e2cece9c2ce5a22fb0a6f803f8
26|2021-09-26T12:07:41.8170000+01:00|77d|Seraphic Veil|30.00|40011DFC|Seraph|10675739|Jasy Heavensong|00|97086|92601||b233faa65a5e9f96f087bae2e37c4414
38|2021-09-26T12:07:41.8170000+01:00|107ABEEC|Greiyan Fletz|00505022|87321|106544|10000|10000|0|0|91.97028|110.8703|-0.009039563|-0.2314909|948D|31|0|0720|42700000|1068703B|14016A|41F00000|E0000000|0A0168|41F00000|E0000000|28FE0030|4510E377|107ABEEC|0|0|0|0722|4159E356|1068703B|012B|40426E8C|1057B8A2|0839|421457B9|1068703B|0737|421457B9|1068703B|08A9|403147A2|107629AA|0513|4204E386|107ABEEC|04CD|C1200000|107ABEEC|0102C2|3EFDF372|40011DF6|0|0|0|0|0|0|0|0|0|0512|421EEE9A|107ABEEC|0|0|0|0|0|0|0|0|0|0763|413F164E|10675739||61a816fdbf77c2570b228a5331a1dbd8
30|2021-09-26T12:07:41.8170000+01:00|13b|Whispering Dawn|0.00|40011DA6|Eos|107ABEEC|Greiyan Fletz|00|106544|||bc96fab0203115ed625d8bd328721942
38|2021-09-26T12:07:41.8170000+01:00|10675739|Jasy Heavensong|00505021|92374|97086|8104|10000|8|0|98.86316|98.4054|-0.01531982|-0.4346507|948D|31|0|0A0168|41F00000|E0000000|0F016B|41F00000|E0000000|0722|415C0002|1068703B|28FE0030|4510DD07|10675739|077D|41EFA3D7|40011DFC|08A9|402E665B|107629AA|013B|3EB74A72|40011DA6|0347|0|10675739|0|0|0|0102C2|3F0A7ED7|40011DF5|0|0|0|0|0|0|0763|4138A7BB|10675739||fbd983a83c9ebafbaf9afa1bdfe2ef7b
20|2021-09-26T12:07:41.8620000+01:00|107401EC|Raesa Velan|8D|Fire|40011DF5|Jagd Doll|2.34|89.49403|91.88559|0|1.130716||5e8b4d110ad8529a48d61d5992b90379
21|2021-09-26T12:07:41.9080000+01:00|10752D6C|Volkon Vysk|3F1E|Eye Gouge|40011DEA|Liquid Hand|710003|1CD10000|0|0|0|0|0|0|0|0|0|0|0|0|0|0|4426975|12889320|10000|10000|0|1000|91.90503|113.4508|0|0.08576035|105360|152511|10000|10000|0|1000|89.64673|110.5211|0|1.282284|00008C88|0|7c22e1922beeaab2255e29fb8d025195
38|2021-09-26T12:07:41.9080000+01:00|10752D6C|Volkon Vysk|00505025|105360|152511|10000|10000|0|0|89.64673|110.5211|0|1.282284|948D|31|0|14016A|41F00000|E0000000|0A0168|41F00000|E0000000|28FD0030|45122B78|10752D6C|320742|401301F6|1075A2E4|08A9|4028A3CB|107629AA|04A7|4194ED91|10752D6C|0722|415ED918|1068703B|0|0|0|0|0|0|0|0|0|0|0|0|0|0|0|0|0|0|0763|4144143F|10675739|0|0|0|0729|0|10752D6C||ff24624890db3b55d3b495b7dfd9edd9
30|2021-09-26T12:07:41.9080000+01:00|734|Ready To Gouge|0.00|10752D6C|Volkon Vysk|10752D6C|Volkon Vysk|00|152511|152511||6a4e48cd9e59953976d68f64c27a3c83
37|2021-09-26T12:07:41.9520000+01:00|40011DEA|Liquid Hand|00008C80|4420612|12889320|10000|10000|0||91.90503|113.4508|0|0.08576035||670c46d757a3048f337d37659295229a
37|2021-09-26T12:07:41.9520000+01:00|107ABEEC|Greiyan Fletz|00008C80|87321|106544|10000|10000|0||91.96606|110.8872|0|-0.2314909|2200|0|0|01|0B000ACD|0|C1200000|107ABEEC||8b36fc784094d4f7a0e34cae84b1287b
37|2021-09-26T12:07:41.9520000+01:00|107629AA|Joeson Lmoa|00008C79|104671|106059|10000|10000|7||103.1381|95.59702|-0.01531982|2.569866|1703|0|0|01|05000D7D|0|41F00000|40011DFC||684d61aba5243bd79deb9762d8cd1e0b
26|2021-09-26T12:07:41.9520000+01:00|77d|Seraphic Veil|30.00|40011DFC|Seraph|107629AA|Joeson Lmoa|00|106059|92601||f9b5deb69456b2f62c917829d90d8ca6
38|2021-09-26T12:07:41.9520000+01:00|107629AA|Joeson Lmoa|00505017|104671|106059|10000|10000|7|0|103.1381|95.59702|-0.01531982|2.569866|948D|31|0|0A016D|41F00000|E0000000|0A0168|41F00000|E0000000|28FE0030|4510DE6F|107629AA|013B|3DB84B24|40011DA6|0722|41626A80|1068703B|077D|41EFA3D7|40011DFC|0|0|0|0|0|0|0|0|0|0|0|0|0|0|0|0763|41457CB1|10675739||8c59106c5621791f3e1eab9818e6a19b
38|2021-09-26T12:07:41.9520000+01:00|1068703B|Tomo Uchuu|00505026|66241|106478|10000|10000|7|0|104.2916|106.7176|0|1.189618|948D|31|0|14016A|41F00000|E0000000|0A0168|41F00000|E0000000|071F|42700000|1068703B|28FE0030|4511871C|1068703B|0|0|0|08A9|4025C283|107629AA|0|0|0|071D|4213CD7D|1068703B|0737|4213CD7D|1068703B|0722|415370A6|1068703B|012B|4039CAB4|1057B8A2|077D|41EC6A7F|40011DFC|0|0|0|0|0|0|0763|413AC466|10675739||50861dd619825da969c48747fb2bccb6
30|2021-09-26T12:07:41.9520000+01:00|13b|Whispering Dawn|0.00|40011DA6|Eos|1068703B|Tomo Uchuu|00|106478|||c024e428e0565b1509d2246c17407f36
37|2021-09-26T12:07:41.9970000+01:00|1075A2E4|Niru Summers|00008C81|92680|153077|10000|10000|0||91.60382|109.0751|-0.001803984|1.286864|1500|0|0|0||b8e51b1157f55b6ec30a049b7937ef57
37|2021-09-26T12:07:42.0850000+01:00|107ABEEC|Greiyan Fletz|00008C79|100390|106544|10000|10000|12||91.96606|110.8991|-0.001927163|-0.2314909|2204|0|0|02|04000D7D|0|41F00000|40011DFC|0B003F0D|0|C1200000|107ABEEC||851f29647c1506ebc727acd8759ef735
26|2021-09-26T12:07:42.0850000+01:00|77d|Seraphic Veil|30.00|40011DFC|Seraph|107ABEEC|Greiyan Fletz|00|106544|92601||94aaac93e15fabd45c04faa91bd14356
38|2021-09-26T12:07:42.0850000+01:00|107ABEEC|Greiyan Fletz|00505022|100390|106544|10000|10000|12|0|91.96606|110.8991|-0.001927163|-0.2314909|DEAD|30|0|0720|42700000|1068703B|14016A|41F00000|E0000000|0A0168|41F00000|E0000000|28FE0030|4510DF2F|107ABEEC|077D|41EFA5E3|40011DFC|0722|4155999C|1068703B|012B|403147A2|1057B8A2|0839|4213454D|1068703B|0737|4213454D|1068703B|08A9|402020B8|107629AA|0513|4203D11A|107ABEEC|04CD|C1200000|107ABEEC|0102C2|3E697848|40011DF6|0|0|0|0|0|0|0|0|0|0512|421DDC2E|107ABEEC|0|0|0|0|0|0|0|0|0|0763|413ACC94|10675739||2e48767765b79a3d4eb54954e13bb5de
38|2021-09-26T12:07:42.0850000+01:00|107629AA|Joeson Lmoa|00505017|104671|106059|10000|10000|7|0|102.9363|95.65139|-0.0006203908|-3.119981|DEAD|30|0|0A016D|41F00000|E0000000|0A0168|41F00000|E0000000|28FE0030|4510DC4F|107629AA|0|0|0|0722|416049BC|1068703B|077D|41EE9374|40011DFC|0|0|0|0|0|0|0|0|0|0|0|0|0|0|0|0763|41435BED|10675739||6db61f4414491e03fa8ab48fe77b1f6c
30|2021-09-26T12:07:42.0850000+01:00|13b|Whispering Dawn|0.00|40011DA6|Eos|107629AA|Joeson Lmoa|00|106059|||aebb0f554939193e0cc96a36d85423be
21|2021-09-26T12:07:42.1290000+01:00|10675739|Jasy Heavensong|40AB|Malefic IV|40011DEA|Liquid Hand|750003|3D330000|1B|40AB8000|0|0|0|0|0|0|0|0|0|0|0|0|4420612|12889320|10000|10000|0|1000|91.90503|113.4508|0|-0.2640589|92374|97086|8104|10000|0|1000|98.86316|98.4054|0|-0.4346507|00008C89|0|8f1c10b6cda466617ec85bea09573f40
37|2021-09-26T12:07:42.1740000+01:00|40011DEA|Liquid Hand|00008C7E|4386294|12889320|10000|10000|0||91.90503|113.4508|0|-0.2640589||986440c386fba887b3297a2b97595542
37|2021-09-26T12:07:42.2200000+01:00|107401EC|Raesa Velan|00008C79|76250|96887|8000|10000|8||90.30673|92.53548|-0.003936078|2.636237|1905|0|0|01|05000D7D|0|41F00000|40011DFC||1c56ab3e0e79afa1382dcc3e664276e8
26|2021-09-26T12:07:42.2200000+01:00|77d|Seraphic Veil|30.00|40011DFC|Seraph|107401EC|Raesa Velan|00|96887|92601||e06d9796f20192278490003e91aa3ff8
38|2021-09-26T12:07:42.2200000+01:00|107401EC|Raesa Velan|00505019|76250|96887|8000|10000|8|0|90.30673|92.53548|-0.003936078|2.636237|DEAD|30|0|0A016D|41F00000|E0000000|0A0168|41F00000|E0000000|29020030|45932516|107401EC|0722|4157B648|1068703B|08A9|40178D43|107629AA|077D|41EFA3D7|40011DFC|0|0|0|A4|418AA5E2|107401EC|0|0|0|0|0|0|0|0|0|0|0|0|0|0|0|0|0|0|0|0|0|0|0|0|0763|41345E00|10675739||2e0dcdb68db9f6b1deb0d38d24f3b28c
38|2021-09-26T12:07:42.2200000+01:00|10675739|Jasy Heavensong|00505021|92374|97086|7704|10000|8|0|98.86316|98.4054|0|-0.4346507|DEAD|30|0|0A0168|41F00000|E0000000|0F016B|41F00000|E0000000|0722|4155916B|1068703B|28FE0030|4510D69B|10675739|077D|41EC6C8A|40011DFC|08A9|4014ABFC|107629AA|0|0|0|0347|0|10675739|0|0|0|0102C2|3E0E5574|40011DF5|0|0|0|0|0|0|0763|41323924|10675739||b33e3bcb9ed70fe93f33667e9c13faf6
30|2021-09-26T12:07:42.2200000+01:00|13b|Whispering Dawn|0.00|40011DA6|Eos|10675739|Jasy Heavensong|00|97086|||34aaa719835d8dcc5c52be16be43b0d5
37|2021-09-26T12:07:42.2640000+01:00|107401EC|Raesa Velan|00008C85|72703|96887|8000|10000|8||90.30673|92.53548|-0.003936078|2.636237|1900|0|0|0||268eccb7431fd40fb9be0be3dccf55a0
37|2021-09-26T12:07:42.2640000+01:00|1068703B|Tomo Uchuu|00008C86|66241|106478|10000|10000|4||105.5099|107.981|0|1.158202|2600|0|0|0||da874374ab0c5d7d45ef18f4f108e6d9
37|2021-09-26T12:07:42.2640000+01:00|107629AA|Joeson Lmoa|00008C87|101431|106059|10000|10000|7||102.7407|95.68933|-0.0006719701|-2.831876|1700|0|0|0||803ce30f5cedf495e0296b9f4a93c621
37|2021-09-26T12:07:42.2640000+01:00|40011DF5|Jagd Doll|00008C7F|79891|167240|10000|10000|0||90.56226|91.69141|0|-0.7653852||cca250f60bab3067dd3b9699f413bd6f
24|2021-09-26T12:07:42.2640000+01:00|10752D6C|Volkon Vysk|HoT|742|C25|105360|152511|10000|10000|0|1000|90.81755|109.1887|-0.001573886|1.20508||558fed639c450e985b79e2c3163f6818
37|2021-09-26T12:07:42.2640000+01:00|40011D69|Living Liquid|00008C83|3955235|12889320|10000|10000|0||92.66797|111.5281|0|-2.899124||0924c87a13b3d194d37d244d23c38a62
37|2021-09-26T12:07:42.2640000+01:00|1075A2E4|Niru Summers|00008C83|98898|153077|10000|10000|0||91.85921|108.8681|0|0.6153914|1500|0|0|0||50448cd883946953cac3919f3d89ea04
22|2021-09-26T12:07:42.2640000+01:00|1057B8A2|Alex Knightfall|BA|Succor|1057B8A2|Alex Knightfall|4|1E6D0000|80E|1290000|1B|BA8000|0|0|0|0|0|0|0|0|0|0|97285|97285|7068|10000|0|1000|99.6261|101.0604|0|0.2677314|97285|97285|7068|10000|0|1000|99.6261|101.0604|0|0.2677314|00008C8A|0|3b41eeedb3108293b3ad6ee5aaf4eda4
22|2021-09-26T12:07:42.2640000+01:00|1057B8A2|Alex Knightfall|BA|Succor|10675739|Jasy Heavensong|10004|2EE80000|A20E|1290000|1B|BA8000|0|0|0|0|0|0|0|0|0|0|92374|97086|7704|10000|0|1000|98.86316|98.4054|0|-0.4346507|97285|97285|7068|10000|0|1000|99.6261|101.0604|0|0.2677314|00008C8A|1|a5a631fd8113ba8237c5a919ca7a408a
22|2021-09-26T12:07:42.2640000+01:00|1057B8A2|Alex Knightfall|BA|Succor|107629AA|Joeson Lmoa|4|1D320000|7E0E|1290000|1B|BA8000|0|0|0|0|0|0|0|0|0|0|104671|106059|10000|10000|0|1000|102.7407|95.68933|-0.0006719701|-2.831876|97285|97285|7068|10000|0|1000|99.6261|101.0604|0|0.2677314|00008C8A|2|c9d9a4a2b4fd9c2b93dcc08c98b66c46
22|2021-09-26T12:07:42.2640000+01:00|1057B8A2|Alex Knightfall|BA|Succor|1068703B|Tomo Uchuu|4|1DA60000|F0E|1290000|1B|BA8000|0|0|0|0|0|0|0|0|0|0|66241|106478|10000|10000|0|1000|105.5099|107.981|0|1.158202|97285|97285|7068|10000|0|1000|99.6261|101.0604|0|0.2677314|00008C8A|3|aa87388c915ab761d5bcce6259eca2f2
22|2021-09-26T12:07:42.2640000+01:00|1057B8A2|Alex Knightfall|BA|Succor|1075A2E4|Niru Summers|4|1E0A0000|8C0E|1290000|1B|BA8000|0|0|0|0|0|0|0|0|0|0|92680|153077|10000|10000|0|1000|91.85921|108.8681|0|0.6153914|97285|97285|7068|10000|0|1000|99.6261|101.0604|0|0.2677314|00008C8A|4|2abc5e1552b4c75c31cde705074306a0
22|2021-09-26T12:07:42.2640000+01:00|1057B8A2|Alex Knightfall|BA|Succor|10752D6C|Volkon Vysk|4|1D0F0000|520E|1290000|1B|BA8000|0|0|0|0|0|0|0|0|0|0|105360|152511|10000|10000|0|1000|90.81755|109.1887|-0.001573886|1.20508|97285|97285|7068|10000|0|1000|99.6261|101.0604|0|0.2677314|00008C8A|5|454ebdb2b99971138efb3f83da846db1
22|2021-09-26T12:07:42.2640000+01:00|1057B8A2|Alex Knightfall|BA|Succor|107401EC|Raesa Velan|4|1E6E0000|90E|1290000|1B|BA8000|0|0|0|0|0|0|0|0|0|0|67916|96887|8000|10000|0|1000|90.30673|92.53548|-0.003936078|2.636237|97285|97285|7068|10000|0|1000|99.6261|101.0604|0|0.2677314|00008C8A|6|40a902d2e298351d08618a259c4c5a1c
22|2021-09-26T12:07:42.2640000+01:00|1057B8A2|Alex Knightfall|BA|Succor|107ABEEC|Greiyan Fletz|4|1E8B0000|2D0E|1290000|1B|BA8000|0|0|0|0|0|0|0|0|0|0|100390|106544|10000|10000|0|1000|91.96606|110.9277|-0.003912247|-0.2314909|97285|97285|7068|10000|0|1000|99.6261|101.0604|0|0.2677314|00008C8A|7|dc0687fb74fcea92aa975fa6970cc943
38|2021-09-26T12:07:42.2640000+01:00|10752D6C|Volkon Vysk|00505025|108469|152511|10000|10000|0|0|90.81755|109.1887|-0.001573886|1.20508|DEAD|30|0|14016A|41F00000|E0000000|0A0168|41F00000|E0000000|28FD0030|451225C8|10752D6C|320742|3FF87284|1075A2E4|08A9|4011DB17|107629AA|04A7|41921479|10752D6C|0722|415926EC|1068703B|0|0|0|0|0|0|0|0|0|0|0|0|0|0|0|0|0|0|0763|413E6213|10675739|0|0|0|0729|0|10752D6C||dff6cdf3519590567cb0ac5132cfb4d0
24|2021-09-26T12:07:42.3100000+01:00|10752D6C|Volkon Vysk|HoT|742|15BA|105360|152511|10000|10000|0|1000|90.81755|109.1887|-0.001573886|1.20508||984f32aa54005a10a4f5048fa5f58d35
37|2021-09-26T12:07:42.3100000+01:00|40011D69|Living Liquid|00008C7C|3932355|12889320|10000|10000|0||92.66797|111.5281|0|-2.899124||53f6bdee4e5d5bcaff81e62de51efcc5
37|2021-09-26T12:07:42.3100000+01:00|1075A2E4|Niru Summers|00008C7C|110023|153077|10000|10000|0||91.85921|108.8681|0|0.6153914|1500|0|0|0||4830d6116cd94b23924f4db08e1ec156
21|2021-09-26T12:07:42.3100000+01:00|107629AA|Joeson Lmoa|08|Shot|40011DF8|Jagd Doll|720003|E670000|0|0|0|0|0|0|0|0|0|0|0|0|0|0|86211|167240|10000|10000|0|1000|106.0186|94.58918|0|-1.245629|104671|106059|10000|10000|0|1000|102.7407|95.68933|-0.0006719701|-2.831876|00008C8B|0|f50e57b9723dc04bfafe7e6952ddbfad
38|2021-09-26T12:07:42.3100000+01:00|1057B8A2|Alex Knightfall|0050501C|97285|97285|6068|10000|13|0|99.6261|101.0604|0|0.2677314|DC3F|30|0|0A016D|41F00000|E0000000|1E016C|41F00000|E0000000|28FE0030|44D9817E|1057B8A2|010130|0|1057B8A2|075B|412E51F6|10675739|0102C2|3B8300C8|40011DF5|0|0|0|08A9|4011CAB4|107629AA|0722|414FDF3F|1068703B|0798|4148BC6F|1057B8A2|012B|4022F19E|1057B8A2|077D|41EAA1C9|40011DFC|0|0|0|0|0|0|0|0|0|0763|41395BF1|10675739||86fc9285f853b8c7a33800fbf2c96ade
30|2021-09-26T12:07:42.3100000+01:00|13b|Whispering Dawn|0.00|40011DA6|Eos|1057B8A2|Alex Knightfall|00|97285|||b6bb72deebddb695476f92ab5f2f8486
38|2021-09-26T12:07:42.3100000+01:00|10752D6C|Volkon Vysk|00505025|114031|152511|10000|10000|0|0|90.81755|109.1887|-0.001573886|1.20508|DC3F|30|0|14016A|41F00000|E0000000|0A0168|41F00000|E0000000|28FD0030|4512250C|10752D6C|320742|3FF28F30|1075A2E4|08A9|400EE96D|107629AA|04A7|4191B644|10752D6C|0722|41586A82|1068703B|0|0|0|0|0|0|0|0|0|0|0|0|0|0|0|0|0|0|0763|413DA5A9|10675739|0|0|0|0729|0|10752D6C||72774522edccbcd170c86317a43154ce
37|2021-09-26T12:07:42.3530000+01:00|107ABEEC|Greiyan Fletz|00008C84|100390|106544|10000|10000|12||91.80058|111.2781|-0.001237716|-0.2616109|2200|0|0|01|0B000ACD|0|41200000|107ABEEC||4db50fc3cfe7530e56713987641aed9f
37|2021-09-26T12:07:42.3530000+01:00|1075A2E4|Niru Summers|00008C79|118192|153077|10000|10000|5||91.88008|108.7527|-0.002138223|0.9211375|1506|0|0|01|06000D7D|0|41F00000|40011DFC||7dbce2bee3817d2a460ab671fd1a1245
26|2021-09-26T12:07:42.3530000+01:00|77d|Seraphic Veil|30.00|40011DFC|Seraph|1075A2E4|Niru Summers|00|153077|92601||d31c5c150a115e29dbab2e2b0a4f9382
21|2021-09-26T12:07:42.3530000+01:00|107629AA|Joeson Lmoa|6E|Bloodletter|40011DF8|Jagd Doll|720203|20500000|0|0|0|0|0|0|0|0|0|0|0|0|0|0|86211|167240|10000|10000|0|1000|105.8729|94.63961|0|-1.243934|101431|106059|10000|10000|0|1000|102.748|95.68933|0|3.03113|00008C8C|0|d7d1ffafeda6afd4a04d6f9df608c816
38|2021-09-26T12:07:42.3530000+01:00|107ABEEC|Greiyan Fletz|00505022|100390|106544|10000|10000|12|0|91.80058|111.2781|-0.001237716|-0.2616109|D7F7|30|0|0720|42700000|1068703B|14016A|41F00000|E0000000|0A0168|41F00000|E0000000|28FE0030|4510DAEB|107ABEEC|077D|41ED8312|40011DFC|0722|415153FB|1068703B|012B|4020311B|1057B8A2|0839|421233E6|1068703B|0737|421233E6|1068703B|08A9|400F0A31|107629AA|0513|4202BFB3|107ABEEC|04CD|411F4FDF|107ABEEC|0|0|0|0|0|0|0|0|0|0|0|0|0512|421CCAC7|107ABEEC|0|0|0|0|0|0|0|0|0|0763|413686F3|10675739||00b2edc16f3b4bf20435dbbc98b503a2
30|2021-09-26T12:07:42.3530000+01:00|2c2|Luminous Aetheroplasm|0.00|40011DF6|Jagd Doll|107ABEEC|Greiyan Fletz|01|106544|167240||3ec8e16179b9d787c0b84343b9640f23
38|2021-09-26T12:07:42.3530000+01:00|1057B8A2|Alex Knightfall|0050501C|97285|97285|6068|10000|13|0|99.6261|101.0604|0|0.2677314|D7F7|30|0|0A016D|41F00000|E0000000|1E016C|41F00000|E0000000|28FE0030|44D9801E|1057B8A2|010130|0|1057B8A2|075B|412DA1D5|10675739|0|0|0|0|0|0|08A9|400F0A31|107629AA|0722|414F2F1E|1068703B|0798|41480C4E|1057B8A2|012B|4020311B|1057B8A2|077D|41EA49B9|40011DFC|0|0|0|0|0|0|0|0|0|0763|4138ABD0|10675739||78f707cc6909aa52be2af07eebcaf499
30|2021-09-26T12:07:42.3530000+01:00|2c2|Luminous Aetheroplasm|0.00|40011DF5|Jagd Doll|1057B8A2|Alex Knightfall|01|97285|167240||d4e78a5c1bf62dae84a2c0901c0b8f77
38|2021-09-26T12:07:42.3530000+01:00|1075A2E4|Niru Summers|00505015|118192|153077|10000|10000|5|0|91.88008|108.7527|-0.002138223|0.9211375|D7F7|30|0|0A016D|41F00000|E0000000|0A0168|41F00000|E0000000|5B|0|1075A2E4|28FD0030|451242E8|1075A2E4|320741|3FED0E2A|1075A2E4|0763|413AD0AC|10675739|077D|41EFA7F0|40011DFC|08A9|400C28EA|107629AA|0722|4159DB26|1068703B|5A|421CA022|1075A2E4|0|0|0|0|0|0|0|0|0|3204C4|41BB6304|1057B8A2|0|0|0|013B|3DB84C8C|40011DA6||2ae4ffbfbb3d00589fa454f5384728a2
38|2021-09-26T12:07:42.3960000+01:00|10675739|Jasy Heavensong|00505021|92374|97086|7704|10000|8|0|98.86675|98.42339|-0.01531982|-0.3710651|D7F7|30|0|0A0168|41F00000|E0000000|0F016B|41F00000|E0000000|0722|4152BC6E|1068703B|28FE0030|4510D3C7|10675739|077D|41EB020B|40011DFC|08A9|40095805|107629AA|0|0|0|0347|0|10675739|0|0|0|0|0|0|0|0|0|0|0|0|0763|412F6427|10675739||8a8ec1c312e0144948fb1217e69667c8
30|2021-09-26T12:07:42.3960000+01:00|2c2|Luminous Aetheroplasm|0.00|40011DF5|Jagd Doll|10675739|Jasy Heavensong|01|97086|167240||d3e99943a8296b96988df6e2e1b038d0
24|2021-09-26T12:07:42.4410000+01:00|10752D6C|Volkon Vysk|HoT|742|1691|114031|152511|10000|10000|0|1000|91.10641|108.894|0|1.309632||a4f4d86526501be5317676cf843b8d00
37|2021-09-26T12:07:42.4410000+01:00|40011DEA|Liquid Hand|00008C7C|4362529|12889320|10000|10000|0||91.90503|113.4508|0|-1.403846|01|0|0|0||9f2af60b0112989b93ede26d369b93c6
37|2021-09-26T12:07:42.4410000+01:00|1075A2E4|Niru Summers|00008C7C|129747|153077|10000|10000|5||91.88008|108.7527|-0.002138223|0.9211375|1501|0|0|0||bf7156194b73a8b89603c9175f599fe9
24|2021-09-26T12:07:42.4410000+01:00|1075A2E4|Niru Summers|HoT|0|E5F|110023|153077|10000|10000|0|1000|91.88008|108.7527|-0.002138223|0.9211375||31925cbb4d5d1700c692459843dad5e0
38|2021-09-26T12:07:42.4410000+01:00|1075A2E4|Niru Summers|00505015|133426|153077|10000|10000|5|0|91.88008|108.7527|-0.002138223|0.9211375|D7F7|30|0|0A016D|41F00000|E0000000|0A0168|41F00000|E0000000|5B|0|1075A2E4|28FD0030|45124180|1075A2E4|320741|3FE1CA94|1075A2E4|0763|4139683A|10675739|077D|41EEF3B6|40011DFC|08A9|40068720|107629AA|0722|415872B4|1068703B|5A|421C4606|1075A2E4|0|0|0|0|0|0|0|0|0|3204C4|41BAAECA|1057B8A2|0|0|0|013B|3B026680|40011DA6||a212136846b1c9f5cfcb03cf8c1013e6
38|2021-09-26T12:07:42.4410000+01:00|10752D6C|Volkon Vysk|00505025|119808|152511|10000|10000|0|0|91.10641|108.894|0|1.309632|D7F7|30|0|14016A|41F00000|E0000000|0A0168|41F00000|E0000000|28FD0030|451222F4|10752D6C|320742|3FE1CA94|1075A2E4|08A9|40068720|107629AA|04A7|4190A9FA|10752D6C|0722|415651EF|1068703B|0|0|0|0|0|0|0|0|0|0|0|0|0|0|0|0|0|0|0763|413B8D16|10675739|0|0|0|0729|0|10752D6C||be513ee170d2c1a738cd73a9d6bf31eb
37|2021-09-26T12:07:42.4860000+01:00|10752D6C|Volkon Vysk|00008C79|132765|152511|10000|10000|8||91.39314|108.6013|-0.003109245|1.413418|2507|0|0|01|07000D7D|0|41F00000|40011DFC||fd361d154b277c2c5c36085bb452ea46
26|2021-09-26T12:07:42.4860000+01:00|77d|Seraphic Veil|30.00|40011DFC|Seraph|10752D6C|Volkon Vysk|00|152511|92601||ddfef1ca9239a0c15c603be1ff41eb58
38|2021-09-26T12:07:42.4860000+01:00|40011DFC|Seraph|00505000|92601|92601|10000|10000|0|0|100.1449|100.0533|0|-0.7978586|D7F7|30|0|28FE0030|44D97BDD|1057B8A2|08A9|4006871F|107629AA|075B|412B8111|10675739||66dd78580d56073a89da6c4275ec4233
30|2021-09-26T12:07:42.4860000+01:00|7ad|Summon Order III|0.00|40011DFC|Seraph|40011DFC|Seraph|01|92601|92601||bd81e0538129a1cb26fb5c0ee2c6bafd
38|2021-09-26T12:07:42.4860000+01:00|1075A2E4|Niru Summers|00505015|133426|153077|10000|10000|5|0|91.90079|108.6381|-0.002230545|1.224643|D7F7|30|0|0A016D|41F00000|E0000000|0A0168|41F00000|E0000000|5B|0|1075A2E4|28FD0030|451240C8|1075A2E4|320741|3FDC0805|1075A2E4|0763|4138AFE8|10675739|077D|41EE978D|40011DFC|08A9|4003A5D8|107629AA|0722|4157BA62|1068703B|5A|421C17F2|1075A2E4|0|0|0|0|0|0|0|0|0|3204C4|41BA52A1|1057B8A2||b0af8ab248edd93548d416faa2fe7f78
30|2021-09-26T12:07:42.4860000+01:00|13b|Whispering Dawn|0.00|40011DA6|Eos|1075A2E4|Niru Summers|00|153077|||70d41fc7347f3d150a585f9965f53f46
38|2021-09-26T12:07:42.4860000+01:00|10752D6C|Volkon Vysk|00505025|132765|152511|10000|10000|8|0|91.39314|108.6013|-0.003109245|1.413418|D7F7|30|0|14016A|41F00000|E0000000|0A0168|41F00000|E0000000|28FD0030|4512223C|10752D6C|320742|3FDC0805|1075A2E4|08A9|4003A5D8|107629AA|04A7|41904DD1|10752D6C|0722|4155999D|1068703B|077D|41EFA3D7|40011DFC|0|0|0|0|0|0|0|0|0|0|0|0|0|0|0|0763|413AD4C4|10675739|0|0|0|0729|0|10752D6C||9aa4cd9b473529ec255268a7331a355e
22|2021-09-26T12:07:42.5300000+01:00|40011DF6|Jagd Doll|4820|Reducible Complexity|1075A2E4|Niru Summers|750003|3C880000|1B|48208000|0|0|0|0|0|0|0|0|0|0|0|0|133426|153077|10000|10000|0|1000|91.90079|108.6381|-0.002230545|1.224643|29150|167240|10000|10000|0|1000|92.63745|107.6523|0|-0.2078099|00008C8D|0|60d14af0c1c6036505d9f2b0ae4bb480
22|2021-09-26T12:07:42.5300000+01:00|40011DF6|Jagd Doll|4820|Reducible Complexity|10752D6C|Volkon Vysk|750003|E5A0000|1B|48208000|0|0|0|0|0|0|0|0|0|0|0|0|119808|152511|10000|10000|0|1000|91.39314|108.6013|-0.003109245|1.413418|29150|167240|10000|10000|0|1000|92.63745|107.6523|0|-0.2078099|00008C8D|1|734c6f73a8075bb4444b486d3412917b
22|2021-09-26T12:07:42.5300000+01:00|40011DF6|Jagd Doll|4820|Reducible Complexity|107ABEEC|Greiyan Fletz|750003|56B30000|1B|48208000|0|0|0|0|0|0|0|0|0|0|0|0|100390|106544|10000|10000|0|1000|91.54208|111.8203|-0.0006471976|-0.3433012|29150|167240|10000|10000|0|1000|92.63745|107.6523|0|-0.2078099|00008C8D|2|7e0fee59703e2bcfe50700896e77cd98
22|2021-09-26T12:07:42.5300000+01:00|40011DF6|Jagd Doll|4820|Reducible Complexity|1057B8A2|Alex Knightfall|750003|461D0000|1B|48208000|0|0|0|0|0|0|0|0|0|0|0|0|97285|97285|6068|10000|0|1000|99.6261|101.0604|0|0.2677314|29150|167240|10000|10000|0|1000|92.63745|107.6523|0|-0.2078099|00008C8D|3|a1057fcad60b7b206f2aca038fcf174c
22|2021-09-26T12:07:42.5300000+01:00|40011DF6|Jagd Doll|4820|Reducible Complexity|10675739|Jasy Heavensong|750003|637F0000|1B|48208000|0|0|0|0|0|0|0|0|0|0|0|0|92374|97086|7704|10000|0|1000|98.87503|98.46478|-0.001726909|-0.2247333|29150|167240|10000|10000|0|1000|92.63745|107.6523|0|-0.2078099|00008C8D|4|4106c39e5295c6aa9ce61e8d48a7fe8a
22|2021-09-26T12:07:42.5300000+01:00|40011DF6|Jagd Doll|4820|Reducible Complexity|1068703B|Tomo Uchuu|750003|70B90000|1B|48208000|0|0|0|0|0|0|0|0|0|0|0|0|66241|106478|10000|10000|0|1000|106.1262|109.2102|0|1.233601|29150|167240|10000|10000|0|1000|92.63745|107.6523|0|-0.2078099|00008C8D|5|a95533cd5be79c4f24d48317774a3e3a
22|2021-09-26T12:07:42.5300000+01:00|40011DF6|Jagd Doll|4820|Reducible Complexity|107401EC|Raesa Velan|750003|6DDE0000|1B|48208000|0|0|0|0|0|0|0|0|0|0|0|0|72703|96887|8000|10000|0|1000|90.4707|92.66797|0|3.075726|29150|167240|10000|10000|0|1000|92.63745|107.6523|0|-0.2078099|00008C8D|6|1a9f9b386dd633ca8ab1ed69a403ddc2
22|2021-09-26T12:07:42.5300000+01:00|40011DF6|Jagd Doll|4820|Reducible Complexity|107629AA|Joeson Lmoa|750003|6B8C0000|1B|48208000|0|0|0|0|0|0|0|0|0|0|0|0|101431|106059|10000|10000|0|1000|102.7538|95.68933|-0.01531982|1.90461|29150|167240|10000|10000|0|1000|92.63745|107.6523|0|-0.2078099|00008C8D|7|0657ad21078cb01cea78688da7044022
24|2021-09-26T12:07:42.5740000+01:00|10752D6C|Volkon Vysk|HoT|742|169D|119808|152511|10000|10000|0|1000|91.39314|108.6013|-0.003109245|1.413418||d05e47f713704d1a13a07624bc80d94b
37|2021-09-26T12:07:42.5740000+01:00|1075A2E4|Niru Summers|00008C7C|145004|153077|10000|10000|5||91.90079|108.6381|-0.002230545|1.224643|1502|0|0|0||2726f357350150e559b6325b434cac74
21|2021-09-26T12:07:42.5740000+01:00|40011DFC|Seraph|40A4|Seraphic Veil|107401EC|Raesa Velan|4|14F60000|F60E|77D0000|1B|40A48000|0|0|0|0|0|0|0|0|0|0|72703|96887|8000|10000|0|1000|90.4707|92.66797|0|3.075726|92601|92601|10000|10000|0|1000|100.1449|100.0533|0|-0.7978586|00008C8E|0|6a4aaf975aa0374f48fa999897d8bbc4
38|2021-09-26T12:07:42.5750000+01:00|107ABEEC|Greiyan Fletz|00505022|100390|106544|10000|10000|12|0|91.46054|112.0013|-0.002339588|-0.4279492|D7F7|30|0|0720|42700000|1068703B|14016A|41F00000|E0000000|0A0168|41F00000|E0000000|28FE0030|4510D75F|107ABEEC|077D|41EBBC69|40011DFC|0722|414DC6AC|1068703B|012B|4011FBDC|1057B8A2|0839|42115094|1068703B|0737|42115094|1068703B|08A9|40A00000|107629AA|0513|4201DC61|107ABEEC|04CD|411BC290|107ABEEC|0|0|0|0|0|0|0|0|0|0|0|0|0512|421BE775|107ABEEC|0|0|0|0|0|0|0|0|0|0763|4132F9A4|10675739||ced47af45b3b0122ed2f652fed0d067f
26|2021-09-26T12:07:42.5750000+01:00|8a9|Mage's Ballad|5.00|107629AA|Joeson Lmoa|107ABEEC|Greiyan Fletz|00|106544|106059||320556459b76388521e31b0d91f1dff0
38|2021-09-26T12:07:42.5750000+01:00|107401EC|Raesa Velan|00505019|72703|96887|8000|10000|8|0|90.4707|92.66797|0|3.075726|D7F7|30|0|0A016D|41F00000|E0000000|0A0168|41F00000|E0000000|29020030|45932240|107401EC|0722|41520835|1068703B|08A9|40A00000|107629AA|077D|41ECCCCC|40011DFC|0|0|0|A4|4187CED7|107401EC|0|0|0|0|0|0|0|0|0|0|0|0|0|0|0|0|0|0|0|0|0|0|0|0|0763|412EAFED|10675739||f13170e8da59f7e88aa756a70bd538ce
26|2021-09-26T12:07:42.5750000+01:00|8a9|Mage's Ballad|5.00|107629AA|Joeson Lmoa|107401EC|Raesa Velan|00|96887|106059||706db63204c77c03610a705283005cd1
38|2021-09-26T12:07:42.5750000+01:00|40011DFC|Seraph|00505000|92601|92601|10000|10000|0|0|100.1449|100.0533|0|-0.9300094|D7F7|30|0|28FE0030|44D97904|1057B8A2|08A9|40A00000|107629AA|075B|412A1486|10675739||f9a6a49b489a85a6d0a74fe4683a1ff7
26|2021-09-26T12:07:42.5750000+01:00|8a9|Mage's Ballad|5.00|107629AA|Joeson Lmoa|40011DFC|Seraph|00|92601|106059||5bdf2bf74415e456a84522ad2d8d9879
38|2021-09-26T12:07:42.5750000+01:00|1057B8A2|Alex Knightfall|0050501C|97285|97285|6068|10000|13|0|99.6261|101.0604|0|0.2677314|D7F7|30|0|0A016D|41F00000|E0000000|1E016C|41F00000|E0000000|28FE0030|44D97904|1057B8A2|010130|0|1057B8A2|075B|412A1486|10675739|0|0|0|0|0|0|08A9|40A00000|107629AA|0722|414BA1CF|1068703B|0798|41447EFF|1057B8A2|012B|4011FBDC|1057B8A2|077D|41E88310|40011DFC|0|0|0|0|0|0|0|0|0|0763|41351E81|10675739||3cb66be8aebd30cc503f92d77611a5f8
26|2021-09-26T12:07:42.5750000+01:00|8a9|Mage's Ballad|5.00|107629AA|Joeson Lmoa|1057B8A2|Alex Knightfall|00|97285|106059||754c0e9c9798504d1dacae932c928c81
38|2021-09-26T12:07:42.5750000+01:00|10675739|Jasy Heavensong|00505021|92374|97086|7704|10000|8|0|98.88216|98.50043|0|-0.09867699|D7F7|30|0|0A0168|41F00000|E0000000|0F016B|41F00000|E0000000|0722|414FE358|1068703B|28FE0030|4510D0EF|10675739|077D|41E9957F|40011DFC|08A9|409E978D|107629AA|0|0|0|0347|0|10675739|0|0|0|0|0|0|0|0|0|0|0|0|0763|412C8B11|10675739||f2aca987b474378f5c2217a3977fddd4
26|2021-09-26T12:07:42.5750000+01:00|8a9|Mage's Ballad|4.96|107629AA|Joeson Lmoa|10675739|Jasy Heavensong|00|97086|106059||4fb2e02620040047a5ecc466403a1923
38|2021-09-26T12:07:42.5750000+01:00|1068703B|Tomo Uchuu|00505026|66241|106478|10000|10000|4|0|106.3898|109.7502|0|1.260828|D7F7|30|0|14016A|41F00000|E0000000|0A0168|41F00000|E0000000|071F|42700000|1068703B|28FE0030|45117D2C|1068703B|0|0|0|08A9|409E978D|107629AA|0|0|0|071D|42115094|1068703B|0737|42115094|1068703B|0722|41497CF2|1068703B|012B|4011FBDC|1057B8A2|077D|41E770A2|40011DFC|0|0|0|0|0|0|0763|4130D0B2|10675739||8daceb0f72fb65d3e7fb702e3cd667dc
26|2021-09-26T12:07:42.5750000+01:00|8a9|Mage's Ballad|4.96|107629AA|Joeson Lmoa|1068703B|Tomo Uchuu|00|106478|106059||94aeefba077ff53acc393e4560017ae5
38|2021-09-26T12:07:42.5750000+01:00|1075A2E4|Niru Summers|00505015|145004|153077|10000|10000|5|0|91.98193|108.4618|0|1.4161|D7F7|30|0|0A016D|41F00000|E0000000|0A0168|41F00000|E0000000|5B|0|1075A2E4|28FD0030|45123F5C|1075A2E4|320741|3FD0A3AB|1075A2E4|0763|4137435D|10675739|077D|41EDE147|40011DFC|08A9|409E978D|107629AA|0722|41564DD7|1068703B|5A|421BBCD0|1075A2E4|0|0|0|0|0|0|0|0|0|3204C4|41B99C5B|1057B8A2||77e4b269e866989fefbf09bc2a6541e3
26|2021-09-26T12:07:42.5750000+01:00|8a9|Mage's Ballad|4.96|107629AA|Joeson Lmoa|1075A2E4|Niru Summers|00|153077|106059||e5eb422422c17ad1c8e39c74b29728e8
38|2021-09-26T12:07:42.5750000+01:00|10752D6C|Volkon Vysk|00505025|138554|152511|10000|10000|8|0|91.57623|108.3367|-0.01531982|1.458208|D7F7|30|0|14016A|41F00000|E0000000|0A0168|41F00000|E0000000|28FD0030|451220D0|10752D6C|320742|3FD0A3AB|1075A2E4|08A9|409E978D|107629AA|04A7|418F978B|10752D6C|0722|41542D12|1068703B|077D|41EEED91|40011DFC|0|0|0|0|0|0|0|0|0|0|0|0|0|0|0|0763|41396839|10675739|0|0|0|0729|0|10752D6C||271736071ef417dacb5c90c53c0d7b11
26|2021-09-26T12:07:42.5750000+01:00|8a9|Mage's Ballad|4.96|107629AA|Joeson Lmoa|10752D6C|Volkon Vysk|00|152511|106059||23e6f042f45854d800d4e0d8cea4eeef
24|2021-09-26T12:07:42.6650000+01:00|10675739|Jasy Heavensong|HoT|798|117C|92374|97086|7704|10000|0|1000|98.88216|98.50043|0|-0.09867699||415e355ae8585ea555c94e1d8aded748
24|2021-09-26T12:07:42.6650000+01:00|1057B8A2|Alex Knightfall|HoT|798|115D|97285|97285|6068|10000|0|1000|99.6261|101.0604|0|0.2677314||68d5894eb0eccfdef168abd321450485
24|2021-09-26T12:07:42.6650000+01:00|107629AA|Joeson Lmoa|HoT|798|1144|101431|106059|10000|10000|0|1000|102.758|95.68933|-0.0008731774|1.90461||3f33e29df106ec7a6ec7070588b47aeb
38|2021-09-26T12:07:42.6650000+01:00|1057B8A2|Alex Knightfall|0050501C|97285|97285|6068|10000|13|0|99.6261|101.0604|0|0.2677314|0|0|0|0A016D|41F00000|E0000000|1E016C|41F00000|E0000000|28FE0030|44D97622|1057B8A2|010130|0|1057B8A2|075B|4128A3E2|10675739|0|0|0|0|0|0|08A9|409D1EB8|107629AA|0722|414A312B|1068703B|0798|41430E5B|1057B8A2|012B|409E8F5C|1057B8A2|077D|41E7CABE|40011DFC|0|0|0|0|0|0|0|0|0|0763|4133ADDD|10675739||ec2cf65a312f7286669afaba8d07851d
26|2021-09-26T12:07:42.6650000+01:00|12b|Sacred Soil|4.96|1057B8A2|Alex Knightfall|1057B8A2|Alex Knightfall|00|97285|97285||d85564a398b1a5ebafdd985955e9aceb
38|2021-09-26T12:07:42.6650000+01:00|107629AA|Joeson Lmoa|00505017|105851|106059|10000|10000|7|0|102.758|95.68933|-0.0008731774|1.90461|0|0|0|0A016D|41F00000|E0000000|0A0168|41F00000|E0000000|28FE0030|4510D30F|107629AA|012B|409E8F5C|1057B8A2|0722|41570628|1068703B|077D|41E9F1A8|40011DFC|0|0|0|0|0|0|0|0|0|0|0|0|0|0|0|0763|413A1859|10675739||d559bd6809636c571c4453d6f24bb916
26|2021-09-26T12:07:42.6650000+01:00|12b|Sacred Soil|4.96|1057B8A2|Alex Knightfall|107629AA|Joeson Lmoa|00|106059|97285||263ac48fab72c8a686160032ee4bb7ae
38|2021-09-26T12:07:42.6650000+01:00|10675739|Jasy Heavensong|00505021|96850|97086|7704|10000|8|0|98.88799|98.52953|-0.004411876|0.004163198|0|0|0|0A0168|41F00000|E0000000|0F016B|41F00000|E0000000|0722|414E72B4|1068703B|28FE0030|4510CF7F|10675739|077D|41E8DD2D|40011DFC|08A9|409BB645|107629AA|012B|409E8F5C|1057B8A2|0347|0|10675739|0|0|0|0|0|0|0|0|0|0|0|0|0763|412B1A6D|10675739||6340be1cb11f3b8d75e87c0cca4bef72
26|2021-09-26T12:07:42.6650000+01:00|12b|Sacred Soil|4.96|1057B8A2|Alex Knightfall|10675739|Jasy Heavensong|00|97086|97285||046c59805ae904a53401408fd832a7a1
21|2021-09-26T12:07:42.7100000+01:00|1068703B|Tomo Uchuu|07|Attack|40011DF7|Jagd Doll|720203|15BE0000|0|0|0|0|0|0|0|0|0|0|0|0|0|0|82311|167240|10000|10000|0|1000|102.265|103.7225|0|0.5919455|66241|106478|10000|10000|0|1000|106.6647|110.2819|0|1.262922|00008C8F|0|e6aa12eee7844f4d6adee64832073e0a
38|2021-09-26T12:07:42.7100000+01:00|40011D69|Living Liquid|00505000|3932355|12889320|10000|10000|0|0|92.66797|111.5281|0|-3.056265|0|0|0|0767|4182166A|1057B8A2|2804B1|4133ADDC|107629AA|0759|4182166A|10675739|2804B0|4133ADDC|107629AA|0|0|0|04CC|4239F007|107ABEEC||d2081c1f413f4479d110cc9d0133ee95
30|2021-09-26T12:07:42.7100000+01:00|a3|Thunder III|0.00|107401EC|Raesa Velan|40011D69|Living Liquid|0A|12889320|96887||dabe4c368cbc1053fb4cb27a8665f3f5
22|2021-09-26T12:07:42.7990000+01:00|10675739|Jasy Heavensong|40A9|Celestial Opposition|10675739|Jasy Heavensong|4|208C0000|CAFD0E|7570000|0|0|0|0|0|0|0|0|0|0|0|0|96850|97086|7704|10000|0|1000|99.03107|99.42817|-0.0007839737|0.04646133|96850|97086|7704|10000|0|1000|99.03107|99.42817|-0.0007839737|0.04646133|00008C90|0|b7b44d2254ebd6c1bf7975876b44c7b0
22|2021-09-26T12:07:42.7990000+01:00|10675739|Jasy Heavensong|40A9|Celestial Opposition|1057B8A2|Alex Knightfall|4|20100000|CAFD0E|7570000|0|0|0|0|0|0|0|0|0|0|0|0|97285|97285|6068|10000|0|1000|99.6261|101.0604|0|0.2677314|96850|97086|7704|10000|0|1000|99.03107|99.42817|-0.0007839737|0.04646133|00008C90|1|37cee44c0e6f71114fdd5e076832c856
22|2021-09-26T12:07:42.7990000+01:00|10675739|Jasy Heavensong|40A9|Celestial Opposition|107629AA|Joeson Lmoa|10004|32DB0000|CAFD0E|7570000|0|0|0|0|0|0|0|0|0|0|0|0|105851|106059|10000|10000|0|1000|102.7662|95.68933|-0.004350307|1.90461|96850|97086|7704|10000|0|1000|99.03107|99.42817|-0.0007839737|0.04646133|00008C90|2|76144fe06492c88987a843ae3e439ed9
22|2021-09-26T12:07:42.7990000+01:00|10675739|Jasy Heavensong|40A9|Celestial Opposition|1075A2E4|Niru Summers|4|20720000|CAFD0E|7570000|0|0|0|0|0|0|0|0|0|0|0|0|145004|153077|10000|10000|0|1000|92.87301|107.04|-0.0012155|1.616533|96850|97086|7704|10000|0|1000|99.03107|99.42817|-0.0007839737|0.04646133|00008C90|3|d6199be7c64f5dc1e47dcbc0f42e9413
22|2021-09-26T12:07:42.7990000+01:00|10675739|Jasy Heavensong|40A9|Celestial Opposition|10752D6C|Volkon Vysk|4|20340000|CAFD0E|7570000|0|0|0|0|0|0|0|0|0|0|0|0|138554|152511|10000|10000|0|1000|91.81351|107.0932|-0.00217166|1.260668|96850|97086|7704|10000|0|1000|99.03107|99.42817|-0.0007839737|0.04646133|00008C90|4|b9670d73aee1b59e4796b9482226343a
22|2021-09-26T12:07:42.7990000+01:00|10675739|Jasy Heavensong|40A9|Celestial Opposition|1068703B|Tomo Uchuu|4|1F780000|CAFD0E|7570000|0|0|0|0|0|0|0|0|0|0|0|0|66241|106478|10000|10000|0|1000|107.2877|110.5491|0|1.306904|96850|97086|7704|10000|0|1000|99.03107|99.42817|-0.0007839737|0.04646133|00008C90|5|5c94b54502603694746ee55ba5e80ea6
22|2021-09-26T12:07:42.7990000+01:00|10675739|Jasy Heavensong|40A9|Celestial Opposition|107401EC|Raesa Velan|4|1F860000|CAFD0E|7570000|0|0|0|0|0|0|0|0|0|0|0|0|72703|96887|8000|10000|0|1000|90.4707|92.66797|0|3.075726|96850|97086|7704|10000|0|1000|99.03107|99.42817|-0.0007839737|0.04646133|00008C90|6|fa6cbea89f0cb5e0832866300d172859
22|2021-09-26T12:07:42.7990000+01:00|10675739|Jasy Heavensong|40A9|Celestial Opposition|107ABEEC|Greiyan Fletz|4|205D0000|CAFD0E|7570000|0|0|0|0|0|0|0|0|0|0|0|0|100390|106544|10000|10000|0|1000|91.29817|112.3616|0|-0.596509|96850|97086|7704|10000|0|1000|99.03107|99.42817|-0.0007839737|0.04646133|00008C90|7|1747b4a138f03116cd0a5d9bbc81e200
37|2021-09-26T12:07:42.8870000+01:00|40011DEA|Liquid Hand|00008C88|4355152|12889320|10000|10000|0||91.81232|112.5391|0|-2.941009||4b7b031beaf9b8b98f5d2573f5f15440
39|2021-09-26T12:07:42.8870000+01:00|40011DFC|Seraph|92601|92601|10000|10000|0|0|100.1449|100.0533|0|-1.800812||df08eb9c09594c01a22f24f9f2a120bb
22|2021-09-26T12:07:42.9770000+01:00|10752D6C|Volkon Vysk|3F20|Heart Of Light|10752D6C|Volkon Vysk|F60E|72F0000|0|0|0|0|0|0|0|0|0|0|0|0|0|0|138554|152511|10000|10000|0|1000|92.05491|106.5449|0|1.1867|138554|152511|10000|10000|0|1000|92.05491|106.5449|0|1.1867|00008C91|0|3678cd4776c72471c55b214f0511385f
22|2021-09-26T12:07:42.9770000+01:00|10752D6C|Volkon Vysk|3F20|Heart Of Light|1075A2E4|Niru Summers|F60E|72F0000|0|0|0|0|0|0|0|0|0|0|0|0|0|0|145004|153077|10000|10000|0|1000|93.33045|106.4296|-0.01531982|1.662906|138554|152511|10000|10000|0|1000|92.05491|106.5449|0|1.1867|00008C91|1|d5a75b589cd0c366634a5c3a97e4e59d
22|2021-09-26T12:07:42.9770000+01:00|10752D6C|Volkon Vysk|3F20|Heart Of Light|10675739|Jasy Heavensong|F60E|72F0000|0|0|0|0|0|0|0|0|0|0|0|0|0|0|96850|97086|7704|10000|0|1000|99.0845|99.74522|-0.002032705|0.07278932|138554|152511|10000|10000|0|1000|92.05491|106.5449|0|1.1867|00008C91|2|1b679c63bc9aa17f13bc1bfa2b9c6499
22|2021-09-26T12:07:42.9770000+01:00|10752D6C|Volkon Vysk|3F20|Heart Of Light|1057B8A2|Alex Knightfall|F60E|72F0000|0|0|0|0|0|0|0|0|0|0|0|0|0|0|97285|97285|6068|10000|0|1000|99.6261|101.0604|0|0.2677314|138554|152511|10000|10000|0|1000|92.05491|106.5449|0|1.1867|00008C91|3|bc3a93da0e8dd88d0d481b698cc570e5
22|2021-09-26T12:07:42.9770000+01:00|10752D6C|Volkon Vysk|3F20|Heart Of Light|107ABEEC|Greiyan Fletz|F60E|72F0000|0|0|0|0|0|0|0|0|0|0|0|0|0|0|100390|106544|10000|10000|0|1000|91.24155|112.4872|-0.009719603|-0.6552953|138554|152511|10000|10000|0|1000|92.05491|106.5449|0|1.1867|00008C91|4|c9044879b161bb05658e792d3cb6c627
22|2021-09-26T12:07:42.9770000+01:00|10752D6C|Volkon Vysk|3F20|Heart Of Light|107401EC|Raesa Velan|F60E|72F0000|0|0|0|0|0|0|0|0|0|0|0|0|0|0|72703|96887|8000|10000|0|1000|90.4707|92.66797|0|3.075726|138554|152511|10000|10000|0|1000|92.05491|106.5449|0|1.1867|00008C91|5|b6e5d36539428ac2ea0487f0a3aa7250
22|2021-09-26T12:07:42.9770000+01:00|10752D6C|Volkon Vysk|3F20|Heart Of Light|107629AA|Joeson Lmoa|F60E|72F0000|0|0|0|0|0|0|0|0|0|0|0|0|0|0|105851|106059|10000|10000|0|1000|102.7752|95.68933|0|1.892738|138554|152511|10000|10000|0|1000|92.05491|106.5449|0|1.1867|00008C91|6|94a03f6dfb5e3243db2a7bdceb62b2fe
22|2021-09-26T12:07:42.9770000+01:00|10752D6C|Volkon Vysk|3F20|Heart Of Light|1068703B|Tomo Uchuu|F60E|72F0000|0|0|0|0|0|0|0|0|0|0|0|0|0|0|66241|106478|10000|10000|0|1000|107.5876|111.0693|0|1.308999|138554|152511|10000|10000|0|1000|92.05491|106.5449|0|1.1867|00008C91|7|fa22d8cf6ca3acf9fb2586887e30bce0
37|2021-09-26T12:07:43.0650000+01:00|40011DF8|Jagd Doll|00008C8B|82524|167240|10000|10000|0||105.4856|94.77368|0|-1.239428||89158d9d46694a41c4063b46d18aa354
37|2021-09-26T12:07:43.1100000+01:00|40011DF8|Jagd Doll|00008C82|68052|167240|10000|10000|0||105.4856|94.77368|0|-1.239428||9e9177c1e2ba71b98383a70d5dc9e350
20|2021-09-26T12:07:43.1100000+01:00|107ABEEC|Greiyan Fletz|1D40|Tenka Goken|40011DEA|Liquid Hand|1.30|91.23364|112.5048|0|-0.6635048||4321ac57d8af0ff19fcee7e811645685
37|2021-09-26T12:07:43.1990000+01:00|40011DEA|Liquid Hand|00008C89|4339485|12889320|10000|10000|0||91.82627|111.5108|0|3.083638||610badf5d065562b95baccf42c817d4d
37|2021-09-26T12:07:43.2450000+01:00|40011DF7|Jagd Doll|00008C8F|76745|167240|10000|10000|0||103.9887|106.2083|0|0.6160623||613bb413dac7a24c3674baef13a22bfb
20|2021-09-26T12:07:43.2450000+01:00|1057B8A2|Alex Knightfall|409D|Broil III|40011D69|Living Liquid|2.43|99.6261|101.0604|0|0.2677314||7b46038c9bb1b5c5d2c569c116519e83
22|2021-09-26T12:07:43.2450000+01:00|1075A2E4|Niru Summers|29|Overpower|40011DEA|Liquid Hand|710003|F3A0000|204|7668000|1B|298000|0|0|0|0|0|0|0|0|0|0|4339485|12889320|10000|10000|0|1000|91.85913|110.9323|0|2.964642|145004|153077|10000|10000|0|1000|94.086|105.6137|-0.01531982|1.110311|00008C92|0|9cf55a488b1b4a456ae30186799878a5
22|2021-09-26T12:07:43.2450000+01:00|1075A2E4|Niru Summers|29|Overpower|40011D69|Living Liquid|710103|17180000|204|B398000|1B|298000|0|0|0|0|0|0|0|0|0|0|3932355|12889320|10000|10000|0|1000|92.72466|111.3297|0|2.933013|145004|153077|10000|10000|0|1000|94.086|105.6137|-0.01531982|1.110311|00008C92|1|eb56b36fd7765bcfd4b9e0f5ea7686b9
21|2021-09-26T12:07:43.2890000+01:00|1068703B|Tomo Uchuu|3E76|Fountain|40011DF7|Jagd Doll|42720203|42F50000|11B|3E768000|0|0|0|0|0|0|0|0|0|0|0|0|76745|167240|10000|10000|0|1000|104.2966|106.6432|0|0.6173534|66241|106478|10000|10000|0|1000|109.1012|113.1744|0|1.646196|00008C93|0|8349118bf35c1f304c4d3cea1ceae559
37|2021-09-26T12:07:43.3350000+01:00|1075A2E4|Niru Summers|00008C8D|129508|153077|10000|10000|0||94.18875|105.5063|-0.000703792|-0.1444217|1500|0|0|01|06002B00|0|0|E0000000||f7f7a8ce4e6825ba30e8cae417e8e566
38|2021-09-26T12:07:43.3350000+01:00|1075A2E4|Niru Summers|00505015|129508|153077|10000|10000|0|0|94.18875|105.5063|-0.000703792|-0.1444217|0|0|0|0A016D|41F00000|E0000000|0A0168|41F00000|E0000000|5B|0|1075A2E4|28FD0030|45123338|1075A2E4|320741|3F5EB7FC|1075A2E4|0763|412B1A6A|10675739|0|0|0|08A9|4086459E|107629AA|0722|414A24E4|1068703B|5A|4218B298|1075A2E4|0|0|0|0|0|0|0|0|0|3204C4|41B387DE|1057B8A2||d33670b5d598d9fd0a8e60543336e87c
30|2021-09-26T12:07:43.3350000+01:00|77d|Seraphic Veil|0.00|40011DFC|Seraph|1075A2E4|Niru Summers|00|153077|92601||3f1662085231817da98d921daff225d2
37|2021-09-26T12:07:43.3790000+01:00|10752D6C|Volkon Vysk|00008C8D|134880|152511|10000|10000|0||93.34629|105.0309|-0.001864756|0.9090412|2501|0|0|01|07002B00|0|0|E0000000||d00105fcc58d4e652ec6b64221a577c2
37|2021-09-26T12:07:43.3790000+01:00|1057B8A2|Alex Knightfall|00008C8A|97285|97285|6068|10000|10||99.6261|101.0604|0|0.2343907|1C00|0|0|01|05002C29|0|41F00000|1057B8A2||d7f832c754463951fa6012df0fb02625
26|2021-09-26T12:07:43.3790000+01:00|129|Galvanize|30.00|1057B8A2|Alex Knightfall|1057B8A2|Alex Knightfall|00|97285|97285||4a8cdfec903c4f6a2f28a400da9d9f61
38|2021-09-26T12:07:43.3790000+01:00|1057B8A2|Alex Knightfall|0050501C|97285|97285|6068|10000|10|0|99.6261|101.0604|0|0.04826261|0|0|0|0A016D|41F00000|E0000000|1E016C|41F00000|E0000000|28FE0030|44D95F41|1057B8A2|010130|0|1057B8A2|075B|411D3341|10675739|0129|41EFA3D7|1057B8A2|0|0|0|08A9|40863D6D|107629AA|0722|413EC08A|1068703B|0798|41379DBA|1057B8A2|012B|4087AE11|1057B8A2|077D|41E2126A|40011DFC|0|0|0|0|0|0|0|0|0|0763|41283D3C|10675739||65ed47dde8a071ee24bfd7887c44c99b
38|2021-09-26T12:07:43.3790000+01:00|10752D6C|Volkon Vysk|00505025|134880|152511|10000|10000|0|0|93.54341|104.9171|0|0.9090412|0|0|0|14016A|41F00000|E0000000|0A0168|41F00000|E0000000|28FD0030|451213F4|10752D6C|320742|3F5332DD|1075A2E4|08A9|4084D4FA|107629AA|04A7|418926E5|10752D6C|0722|41474BCD|1068703B|0|0|0|0|0|0|0|0|0|0|0|0|0|0|0|0|0|0|0763|412C86F4|10675739|0|0|0|0729|0|10752D6C||4bbb43b3e451e16757b3af3a3e0d2986
30|2021-09-26T12:07:43.3790000+01:00|77d|Seraphic Veil|0.00|40011DFC|Seraph|10752D6C|Volkon Vysk|00|152511|92601||89334b1c72fe8b0a2eb4b7f817af8a1a
37|2021-09-26T12:07:43.4230000+01:00|107ABEEC|Greiyan Fletz|00008C8D|78195|106544|10000|10000|0||91.23364|112.5048|0|1.14667|2202|0|0|01|04002B00|0|0|E0000000||2d1373b2419152828d9a782e31d6d929
38|2021-09-26T12:07:43.4230000+01:00|107ABEEC|Greiyan Fletz|00505022|78195|106544|10000|10000|0|0|91.23364|112.5048|0|1.14667|0|0|0|0720|42700000|1068703B|14016A|41F00000|E0000000|0A0168|41F00000|E0000000|28FE0030|4510C9CF|107ABEEC|0|0|0|0722|4140312E|1068703B|012B|3FB74BAF|1057B8A2|0839|420DEB3A|1068703B|0737|420DEB3A|1068703B|08A9|4084D4FA|107629AA|0513|41FCEE09|107ABEEC|04CD|410E2D12|107ABEEC|0|0|0|0|0|0|0|0|0|0|0|0|0512|4218821B|107ABEEC|0|0|0|0|0|0|0|0|0|0763|41256426|10675739||000b63b957b6a4c2c8ce473f9a763e46
26|2021-09-26T12:07:43.4230000+01:00|720|Dance Partner|60.00|1068703B|Tomo Uchuu|107ABEEC|Greiyan Fletz|00|106544|106478||ecd5c12d6ab543c3c5053bc1ffc3e8d7
30|2021-09-26T12:07:43.4230000+01:00|77d|Seraphic Veil|0.00|40011DFC|Seraph|107ABEEC|Greiyan Fletz|00|106544|92601||9b18b6029b918d1b348947c90a701194
37|2021-09-26T12:07:43.4670000+01:00|1057B8A2|Alex Knightfall|00008C8D|79336|97285|6068|10000|10||99.6261|101.0604|0|0.04826261|1C03|0|0|01|0B002B00|0|0|E0000000||4c94419727531abd628fe51c0fb8d330
38|2021-09-26T12:07:43.4670000+01:00|1057B8A2|Alex Knightfall|0050501C|79336|97285|6068|10000|10|0|99.6261|101.0604|0|0.04826261|0|0|0|0A016D|41F00000|E0000000|1E016C|41F00000|E0000000|28FE0030|44D95C71|1057B8A2|010130|0|1057B8A2|075B|411BCACF|10675739|0129|41EEEF9D|1057B8A2|0|0|0|08A9|40836C87|107629AA|0722|413D5818|1068703B|0798|41363548|1057B8A2|012B|4084DD2B|1057B8A2|0|0|0|0|0|0|0|0|0|0|0|0|0763|4126D4CA|10675739||0d2d3180994e5f73d93f14772c5e9435
30|2021-09-26T12:07:43.4670000+01:00|77d|Seraphic Veil|0.00|40011DFC|Seraph|1057B8A2|Alex Knightfall|00|97285|92601||21c9c7a1bd01a2af42bf8637a6db890d
37|2021-09-26T12:07:43.5120000+01:00|10675739|Jasy Heavensong|00008C8D|71379|97086|7704|10000|0||99.25989|100.7858|0|0.1592007|2104|0|0|01|04002B00|0|0|E0000000||6711016b7556c563c217b92c148d3730
37|2021-09-26T12:07:43.5120000+01:00|10675739|Jasy Heavensong|00008C8A|83387|97086|7704|10000|15||99.25989|100.7858|0|0.1592007|2101|0|0|01|04002C29|0|41F00000|1057B8A2||8b4c1f6c39eab8e2e657507e713d3835
30|2021-09-26T12:07:43.5120000+01:00|77d|Seraphic Veil|0.00|40011DFC|Seraph|10675739|Jasy Heavensong|00|97086|92601||1268f3ec5dfc1102b81605980ac07f09
26|2021-09-26T12:07:43.5120000+01:00|129|Galvanize|30.00|1057B8A2|Alex Knightfall|10675739|Jasy Heavensong|00|97086|97285||6d03b1d5ba28f165ab747233e10f8175
38|2021-09-26T12:07:43.5120000+01:00|10675739|Jasy Heavensong|00505021|83387|97086|7704|10000|15|0|99.25989|100.7858|0|0.1592007|0|0|0|0A0168|41F00000|E0000000|0F016B|41F00000|E0000000|0722|4140E14F|1068703B|28FE0030|4510C1F3|10675739|0129|41EFA3D7|1057B8A2|08A9|40809370|107629AA|012B|40836C87|1057B8A2|0347|0|10675739|0|0|0|0|0|0|0|0|0|0|0|0|0763|411D8908|10675739||696d14718327b866b1b28adc7dfda728
37|2021-09-26T12:07:43.5560000+01:00|1068703B|Tomo Uchuu|00008C8D|37384|106478|10000|10000|0||110.0872|113.8539|0|1.859825|2605|0|0|01|0B002B00|0|0|E0000000||efc8bcd40376e276b59b37737c60ad28
38|2021-09-26T12:07:43.5560000+01:00|1068703B|Tomo Uchuu|00505026|37384|106478|10000|10000|0|0|110.0872|113.8539|0|1.859825|0|0|0|14016A|41F00000|E0000000|0A0168|41F00000|E0000000|071F|42700000|1068703B|28FE0030|45116D7C|1068703B|0|0|0|08A9|407E55FB|107629AA|0|0|0|071D|420D630A|1068703B|0737|420D630A|1068703B|0722|4139C6B0|1068703B|012B|3FA6458A|1057B8A2|0|0|0|0|0|0|0|0|0|0763|41211A70|10675739||e630fcad7ce2f63fdb032ed6b010af13
26|2021-09-26T12:07:43.5560000+01:00|71f|Closed Position|60.00|1068703B|Tomo Uchuu|1068703B|Tomo Uchuu|00|106478|106478||d96945bc3e82b3ef44b7a6874a5a65a4
30|2021-09-26T12:07:43.5560000+01:00|77d|Seraphic Veil|0.00|40011DFC|Seraph|1068703B|Tomo Uchuu|00|106478|92601||a7234601472925108f3ede04c6da2d59
37|2021-09-26T12:07:43.6000000+01:00|107401EC|Raesa Velan|00008C8D|44577|96887|8000|10000|0||90.4707|92.66797|0|3.075726|1906|0|0|01|05002B00|0|0|E0000000||d32cdb1336356285caf8dca2d192fd55
37|2021-09-26T12:07:43.6000000+01:00|107401EC|Raesa Velan|00008C8E|49943|96887|8000|10000|5||90.4707|92.66797|0|3.075726|1900|0|0|01|0500327D|0|41F00000|40011DFC||f254e5c0d22c822b7301fd06b230e34d
37|2021-09-26T12:07:43.6000000+01:00|10752D6C|Volkon Vysk|00008C91|134880|152511|10000|10000|0||93.89762|104.7195|-0.01531982|0.9048091|2500|0|0|01|0700322F|0|41700000|10752D6C||3aa65182350f8a52df4f7554f69cc913
26|2021-09-26T12:07:43.6000000+01:00|72f|Heart Of Light|15.00|10752D6C|Volkon Vysk|10752D6C|Volkon Vysk|00|152511|152511||ddb0dc9a9947c2de0091a29ec63f13b8
20|2021-09-26T12:07:43.6010000+01:00|10675739|Jasy Heavensong|40AB|Malefic IV|40011DEA|Liquid Hand|1.43|99.25989|100.7858|0|0.1592007||36c8153a25cae3e1627da30d8b9e0f26
38|2021-09-26T12:07:43.6010000+01:00|107401EC|Raesa Velan|00505019|49943|96887|8000|10000|5|0|90.4707|92.66797|0|3.075726|0|0|0|0A016D|41F00000|E0000000|0A0168|41F00000|E0000000|29020030|45931A0C|107401EC|0722|414199A1|1068703B|08A9|407E4598|107629AA|077D|41EFA3D7|40011DFC|0|0|0|A4|417F2F11|107401EC|0|0|0|0|0|0|0|0|0|0|0|0|0|0|0|0|0|0|0|0|0|0|0|0|0763|411E4159|10675739||2cb125caa3bc7fdaf5a6048c34c2bb60
37|2021-09-26T12:07:43.6450000+01:00|107629AA|Joeson Lmoa|00008C8D|78319|106059|10000|10000|0||103.0192|95.63808|-0.0008860679|1.816823|1707|0|0|01|05002B00|0|0|E0000000||13c47207d639adbf507f5ac46a702aee
37|2021-09-26T12:07:43.6450000+01:00|107629AA|Joeson Lmoa|00008C8A|85793|106059|10000|10000|8||103.0192|95.63808|-0.0008860679|1.816823|1702|0|0|01|05002C29|0|41F00000|1057B8A2||03dcc8c77689c5adadbf4af16334b929
30|2021-09-26T12:07:43.6450000+01:00|77d|Seraphic Veil|0.00|40011DFC|Seraph|107629AA|Joeson Lmoa|00|106059|92601||8d32a1b9edf9b7a0ebcc1525b13f58b0
26|2021-09-26T12:07:43.6450000+01:00|129|Galvanize|30.00|1057B8A2|Alex Knightfall|107629AA|Joeson Lmoa|00|106059|97285||9da42fb835de542497df6b1b777f2849
38|2021-09-26T12:07:43.6460000+01:00|107629AA|Joeson Lmoa|00505017|85793|106059|10000|10000|8|0|103.0192|95.63808|-0.0008860679|1.816823|0|0|0|0A016D|41F00000|E0000000|0A0168|41F00000|E0000000|28FE0030|4510C363|107629AA|012B|407E55FB|1057B8A2|0722|414753FF|1068703B|0129|41EFA5E3|1057B8A2|0|0|0|0|0|0|0|0|0|0|0|0|0|0|0|0763|412A6630|10675739||beaa6ef47788bd8976bb429458d98912
21|2021-09-26T12:07:43.6900000+01:00|107401EC|Raesa Velan|8D|Fire|40011DF5|Jagd Doll|150203|66B50000|13D|2D8000|F|A58000|1B|8D8000|0|0|0|0|0|0|0|0|79891|167240|10000|10000|0|1000|90.56226|91.69141|0|-0.09803271|49943|96887|8000|10000|0|1000|90.4707|92.66797|0|3.075726|00008C94|0|f6a0509696cab3b7e6e14a82f9665619
38|2021-09-26T12:07:43.6900000+01:00|107401EC|Raesa Velan|00505019|49943|96887|7200|10000|5|0|90.4707|92.66797|0|3.075726|0|0|0|0A016D|41F00000|E0000000|0A0168|41F00000|E0000000|29020030|45931956|107401EC|0722|41402D16|1068703B|08A9|4078936B|107629AA|077D|41EEED91|40011DFC|A5|C1900000|107401EC|A4|417DC286|107401EC|0|0|0|0|0|0|0|0|0|0|0|0|0|0|0|0|0|0|0|0|0|0|0|0|0763|411CD4CE|10675739||204633a4a285cb943f2eeba0253b86cf
26|2021-09-26T12:07:43.6900000+01:00|a5|Firestarter|18.00|107401EC|Raesa Velan|107401EC|Raesa Velan|00|96887|96887||d2ad0a7ab8220e4f389aff2beee09a7e
37|2021-09-26T12:07:43.7340000+01:00|1075A2E4|Niru Summers|00008C91|129508|153077|10000|10000|0||94.48873|105.2137|-0.001572047|0.4113951|1501|0|0|01|0600322F|0|41700000|10752D6C||b5c570de9d85c96be83239f8daee43bb
26|2021-09-26T12:07:43.7340000+01:00|72f|Heart Of Light|15.00|10752D6C|Volkon Vysk|1075A2E4|Niru Summers|00|153077|152511||83bfbcca3016e8a8db965e9aa56a22aa
37|2021-09-26T12:07:43.7790000+01:00|1068703B|Tomo Uchuu|00008C8A|44974|106478|10000|10000|8||111.2416|113.3631|0|2.253571|2603|0|0|01|04002C29|0|41F00000|1057B8A2||7c5ae67398d2459e38e260bc0d22944b
26|2021-09-26T12:07:43.7790000+01:00|129|Galvanize|30.00|1057B8A2|Alex Knightfall|1068703B|Tomo Uchuu|00|106478|97285||1dba603ced6cda66e9f678bbeb4a6548
38|2021-09-26T12:07:43.7790000+01:00|1068703B|Tomo Uchuu|00505026|44974|106478|10000|10000|8|0|111.2416|113.3631|0|2.253571|994C|31|0|14016A|41F00000|E0000000|0A0168|41F00000|E0000000|071F|42700000|1068703B|28FE0030|451169EC|1068703B|0129|41EFA3D7|1057B8A2|08A9|40701059|107629AA|0|0|0|071D|420C7EB2|1068703B|0737|420C7EB2|1068703B|0722|41363548|1068703B|012B|3F89BA47|1057B8A2|0|0|0|0|0|0|0|0|0|0763|411D8908|10675739||139c03b33a45f51dcc138b1bb3184e0f
37|2021-09-26T12:07:43.8690000+01:00|10675739|Jasy Heavensong|00008C90|91719|97086|7704|10000|15||99.25989|100.7858|0|-0.1300656|2100|0|0|01|08003257|0|41700000|10675739||a78b6c4d9f92027039c4f57da25832a4
26|2021-09-26T12:07:43.8690000+01:00|757|Diurnal Opposition|15.00|10675739|Jasy Heavensong|10675739|Jasy Heavensong|00|97086|97086||9ac9cbc424256211ac2751a8e73059ae
24|2021-09-26T12:07:43.8690000+01:00|10752D6C|Volkon Vysk|HoT|742|3B3|134880|152511|10000|10000|0|1000|96.22205|103.3437|-0.0006608953|0.8692952||45d1614c2577ff72e81b18a0b056e292
37|2021-09-26T12:07:43.8690000+01:00|40011DEA|Liquid Hand|00008C92|4335587|12889320|10000|10000|0||92.79099|108.3401|0|2.635425||cb281b484be853fa60b1f15542228be2
37|2021-09-26T12:07:43.8690000+01:00|1075A2E4|Niru Summers|00008C92|131402|153077|10000|10000|0||94.55422|105.1611|0|0.5032601|1500|0|0|0||f2a74878ffc6edf2c8f571fec47292bd
37|2021-09-26T12:07:43.8690000+01:00|10675739|Jasy Heavensong|00008C91|91719|97086|7704|10000|15||99.25989|100.7858|0|-0.1300656|2102|0|0|01|0900322F|0|41700000|10752D6C||5cc141590b75decfc4412d2fd946caf6
26|2021-09-26T12:07:43.8690000+01:00|72f|Heart Of Light|15.00|10752D6C|Volkon Vysk|10675739|Jasy Heavensong|00|97086|152511||528da23242e63db349ce8ef0986c7bc6
22|2021-09-26T12:07:43.8690000+01:00|107ABEEC|Greiyan Fletz|1D40|Tenka Goken|40011D69|Living Liquid|710003|5CD10000|13D|FF8000|0|0|0|0|0|0|0|0|0|0|0|0|3932355|12889320|10000|10000|0|1000|92.85107|110.8872|0|2.855692|78195|106544|10000|10000|0|1000|91.23364|112.5048|0|2.247153|00008C95|0|e02e6878a2b1f5b3b6a033d772830016
22|2021-09-26T12:07:43.8690000+01:00|107ABEEC|Greiyan Fletz|1D40|Tenka Goken|40011DEA|Liquid Hand|710203|721C0000|0|0|0|0|0|0|0|0|0|0|0|0|0|0|4339485|12889320|10000|10000|0|1000|92.79099|108.3401|0|2.635425|78195|106544|10000|10000|0|1000|91.23364|112.5048|0|2.247153|00008C95|1|df4e5a1781d5eb3539e94b9fdaa594cf
21|2021-09-26T12:07:43.8690000+01:00|1075A2E4|Niru Summers|07|Attack|40011D69|Living Liquid|710003|EDC0000|204|7388000|0|0|0|0|0|0|0|0|0|0|0|0|3932355|12889320|10000|10000|0|1000|92.85107|110.8872|0|2.855692|129508|153077|10000|10000|0|1000|94.55422|105.1611|0|0.5032601|00008C96|0|13073a7df7269010d8ca09c0bdf163ee
38|2021-09-26T12:07:43.8690000+01:00|107ABEEC|Greiyan Fletz|00505022|78195|106544|10000|10000|0|0|91.23364|112.5048|0|2.247153|994C|31|0|0720|42700000|1068703B|14016A|41F00000|E0000000|0A0168|41F00000|E0000000|28FE0030|4510C2B3|107ABEEC|0|0|0|0722|41391277|1068703B|012B|3F7CABD9|1057B8A2|0839|420C2390|1068703B|0737|420C2390|1068703B|08A9|406D2F11|107629AA|0513|41F95EAB|107ABEEC|0|0|0|0|0|0|0|0|0|0|0|0|0|0|0|0512|4216BA71|107ABEEC|0|0|0|0|0|0|0|0|0|0763|411E456F|10675739||74ae34cdefa6848404422a103dc2fef5
30|2021-09-26T12:07:43.8690000+01:00|4cd|Kaiten|0.00|107ABEEC|Greiyan Fletz|107ABEEC|Greiyan Fletz|00|106544|106544||7a4b4c12b9a04fc5a239b610fd1e651b
38|2021-09-26T12:07:43.8690000+01:00|10752D6C|Volkon Vysk|00505025|135827|152511|10000|10000|0|0|96.22205|103.3437|-0.0006608953|0.8692952|994C|31|0|14016A|41F00000|E0000000|0A0168|41F00000|E0000000|28FD0030|45120C24|10752D6C|320742|3EAC0786|1075A2E4|08A9|406A5E2C|107629AA|04A7|41853D6A|10752D6C|0722|413F78DD|1068703B|072F|416B020D|10752D6C|0|0|0|0|0|0|0|0|0|0|0|0|0|0|0|0763|4124B404|10675739|0|0|0|0729|0|10752D6C||e3751e90ac06b434851c037532b671fd
37|2021-09-26T12:07:43.9130000+01:00|1075A2E4|Niru Summers|00008C8A|139092|153077|10000|10000|6||94.55422|105.1611|0|0.5032601|1504|0|0|01|0A002C29|0|41F00000|1057B8A2||22b450e5868e7f158bba3a2a0aa1b7f2
26|2021-09-26T12:07:43.9130000+01:00|129|Galvanize|30.00|1057B8A2|Alex Knightfall|1075A2E4|Niru Summers|00|153077|97285||ec55a1a024b2ce34e18732d67a3a8fa0
38|2021-09-26T12:07:43.9130000+01:00|1075A2E4|Niru Summers|00505015|139092|153077|10000|10000|6|0|94.55422|105.1611|0|0.5032601|948D|31|0|0A016D|41F00000|E0000000|0A0168|41F00000|E0000000|5B|0|1075A2E4|28FD0030|451229F8|1075A2E4|320741|3E94FD48|1075A2E4|0763|4121D6D6|10675739|072F|416C6E98|10752D6C|08A9|40677CE4|107629AA|0722|4140E150|1068703B|5A|421661B8|1075A2E4|0129|41EFA3D7|1057B8A2|0|0|0|0|0|0|3204C4|41AEE611|1057B8A2||5d4ce30b3a39466cf945ba614410a137
37|2021-09-26T12:07:43.9580000+01:00|40011DF8|Jagd Doll|00008C8C|59780|167240|10000|10000|0||105.4856|94.77368|0|-1.220636||a580474eeeacf4d95419cd4d9897cef8
39|2021-09-26T12:07:43.9580000+01:00|10675739|Jasy Heavensong|92689|97086|7968|10000|0|0|99.25989|100.7858|0|-0.2558044||8584e0405f8eaf561466a15cab3eb2b6
39|2021-09-26T12:07:43.9580000+01:00|1075A2E4|Niru Summers|140622|153077|10000|10000|0|0|94.80333|104.974|-0.01531982|0.6393957||ac8f0a0e722f290845e43369b8c2383a
39|2021-09-26T12:07:43.9580000+01:00|10752D6C|Volkon Vysk|137352|152511|10000|10000|0|0|96.53913|103.103|-0.002033321|0.8663557||a5b13d5241847f1e31b623b2bf1b943c
37|2021-09-26T12:07:44.0030000+01:00|1057B8A2|Alex Knightfall|00008C90|87544|97285|6068|10000|10||99.6261|101.0604|0|-0.5015325|1C01|0|0|01|06003257|0|41700000|10675739||dda8e5161fa3c3051d78b122eda5b967
26|2021-09-26T12:07:44.0030000+01:00|757|Diurnal Opposition|15.00|10675739|Jasy Heavensong|1057B8A2|Alex Knightfall|00|97285|97086||8b99388e86504556bd468215d0061ce2
24|2021-09-26T12:07:44.0030000+01:00|10752D6C|Volkon Vysk|HoT|742|59C|135827|152511|10000|10000|0|1000|96.53913|103.103|-0.002033321|0.8663557||d6033f61c95063312fb4c311843089e5
37|2021-09-26T12:07:44.0030000+01:00|40011D69|Living Liquid|00008C92|3926443|12889320|10000|10000|0||92.96497|110.6381|0|2.823735|01|0|0|0||05018d3d016dd51440ea45adfc5cddab
37|2021-09-26T12:07:44.0030000+01:00|1075A2E4|Niru Summers|00008C92|143495|153077|10000|10000|6||94.80333|104.974|-0.01531982|0.6393957|1501|0|0|0||f1e053a3696dd3493073aaef4e6a636e
37|2021-09-26T12:07:44.0030000+01:00|1057B8A2|Alex Knightfall|00008C91|87544|97285|6068|10000|10||99.6261|101.0604|0|-0.5015325|1C03|0|0|01|0B00322F|0|41700000|10752D6C||2ff10594892f301ae3c46f3312c3af00
26|2021-09-26T12:07:44.0030000+01:00|72f|Heart Of Light|15.00|10752D6C|Volkon Vysk|1057B8A2|Alex Knightfall|00|97285|152511||0a0efe31b9f46efab69c95e518e02a86
24|2021-09-26T12:07:44.0030000+01:00|40011D69|Living Liquid|DoT|0|5FB4|3932355|12889320|10000|10000|0|1000|92.96497|110.6381|0|2.823735||4951ac19d6ace712b3e303ef4f5e6eb6
22|2021-09-26T12:07:44.0030000+01:00|10752D6C|Volkon Vysk|3F0D|Demon Slice|40011DEA|Liquid Hand|710103|18B40000|1B|3F0D8000|0|0|0|0|0|0|0|0|0|0|0|0|4335587|12889320|10000|10000|0|1000|93.05791|107.9371|0|2.57103|135827|152511|10000|10000|0|1000|96.53913|103.103|-0.002033321|0.8663557|00008C97|0|3d822daa98110e1dd8835b80cf382991
22|2021-09-26T12:07:44.0030000+01:00|10752D6C|Volkon Vysk|3F0D|Demon Slice|40011D69|Living Liquid|710003|E290000|1B|3F0D8000|0|0|0|0|0|0|0|0|0|0|0|0|3932355|12889320|10000|10000|0|1000|92.96497|110.6381|0|2.823735|135827|152511|10000|10000|0|1000|96.53913|103.103|-0.002033321|0.8663557|00008C97|1|9b4f0e23691896981a1cfed9528db2d4
36|2021-09-26T12:07:44.0030000+01:00|0DC0|3|7ccb289398d5cf8087aa6f8e14cd141b
38|2021-09-26T12:07:44.0030000+01:00|40011D69|Living Liquid|00505000|3901943|12889320|10000|10000|0|0|92.96497|110.6381|0|2.823735|DC3F|30|0|0767|416F7CB6|1057B8A2|2804B1|411EFDC0|107629AA|0759|416F7CB6|10675739|2804B0|411EFDC0|107629AA|0|0|0|04CC|4234C409|107ABEEC||f7dfddb216d49d0464f4836720c756b3
38|2021-09-26T12:07:44.0030000+01:00|10752D6C|Volkon Vysk|00505025|138788|152511|10000|10000|0|0|96.53913|103.103|-0.002033321|0.8663557|DC3F|30|0|14016A|41F00000|E0000000|0A0168|41F00000|E0000000|28FD0030|45120A00|10752D6C|320742|3E4ED7BF|1075A2E4|08A9|4061CAB7|107629AA|04A7|41842AFB|10752D6C|0722|413D5400|1068703B|072F|4168DD30|10752D6C|0|0|0|0|0|0|0|0|0|0|0|0|0|0|0|0763|41228F27|10675739|0|0|0|0729|0|10752D6C||464e44dc2e8b6ba4fb47f1146dbd62fc
37|2021-09-26T12:07:44.0470000+01:00|10752D6C|Volkon Vysk|00008C8A|146227|152511|10000|10000|6||96.9094|102.8218|-0.002080454|0.8566933|2505|0|0|01|08002C29|0|41F00000|1057B8A2||40316c4b5f8647e84e84dc6957d8dec8
26|2021-09-26T12:07:44.0470000+01:00|129|Galvanize|30.00|1057B8A2|Alex Knightfall|10752D6C|Volkon Vysk|00|152511|97285||a9d42149cefa635fd0bac6aa0786dd5b
39|2021-09-26T12:07:44.0470000+01:00|1068703B|Tomo Uchuu|46038|106478|10000|10000|0|0|112.7801|112.4263|0|2.67245||f1b9c52cf53f0b6ee29157cfd47737e1
38|2021-09-26T12:07:44.0470000+01:00|10752D6C|Volkon Vysk|00505025|146227|152511|10000|10000|6|0|96.9094|102.8218|-0.002080454|0.8566933|DC3F|30|0|14016A|41F00000|E0000000|0A0168|41F00000|E0000000|28FD0030|4512094C|10752D6C|320742|3E21C969|1075A2E4|08A9|405EF9D2|107629AA|04A7|4183D0DE|10752D6C|0722|413C9FC7|1068703B|072F|416828F7|10752D6C|0129|41EFA5E3|1057B8A2|0|0|0|0|0|0|0|0|0|0|0|0|0763|4121DAEE|10675739|0|0|0|0729|0|10752D6C||c71f63e21059ef2796b75bf4b91f02fb
39|2021-09-26T12:07:44.0910000+01:00|107629AA|Joeson Lmoa|86853|106059|10000|10000|0|0|103.2882|95.56726|0|1.820815||4ff74ace3dda312ce5112f6e444ef734
37|2021-09-26T12:07:44.1360000+01:00|107629AA|Joeson Lmoa|00008C90|99872|106059|10000|10000|8||103.2977|95.56251|0|1.873986|1702|0|0|01|06003257|0|41700000|10675739||3d7ff8e01e32891e17c850ebd915d035
26|2021-09-26T12:07:44.1360000+01:00|757|Diurnal Opposition|15.00|10675739|Jasy Heavensong|107629AA|Joeson Lmoa|00|106059|97086||f60b6353902adfefc4d65e410d3fb3ac
37|2021-09-26T12:07:44.1360000+01:00|107ABEEC|Greiyan Fletz|00008C91|78195|106544|10000|10000|0||91.23364|112.5048|0|2.432385|2204|0|0|01|0400322F|0|41700000|10752D6C||bcb0ae14fd67103b9da8af9497d8f6e5
26|2021-09-26T12:07:44.1360000+01:00|72f|Heart Of Light|15.00|10752D6C|Volkon Vysk|107ABEEC|Greiyan Fletz|00|106544|152511||00b5772777928405f975124d883227a5
39|2021-09-26T12:07:44.1360000+01:00|107ABEEC|Greiyan Fletz|79260|106544|10000|10000|0|0|91.23364|112.5048|0|2.432385||246e8af4a59c34d8b0f25c444b88d499
37|2021-09-26T12:07:44.1810000+01:00|107401EC|Raesa Velan|00008C8A|57733|96887|7200|10000|15||90.4707|92.66797|0|3.07563|1906|0|0|02|06002BA5|0|C1900000|107401EC|08000129|0|41F00000|1057B8A2||f7a59fe17ca79b4c38fd0f9753e545e9
26|2021-09-26T12:07:44.1810000+01:00|129|Galvanize|30.00|1057B8A2|Alex Knightfall|107401EC|Raesa Velan|00|96887|97285||c3034119baf8e331bfee35a4c7a6afb5
39|2021-09-26T12:07:44.1810000+01:00|1057B8A2|Alex Knightfall|88516|97285|6314|10000|0|0|99.6261|101.0604|0|-0.5638496||ffee6b7d340923310fedf20ffde8937c
38|2021-09-26T12:07:44.1810000+01:00|107401EC|Raesa Velan|00505019|57733|96887|7200|10000|15|0|90.4707|92.66797|0|3.07563|DC3F|30|0|0A016D|41F00000|E0000000|0A0168|41F00000|E0000000|29020030|4593156C|107401EC|0722|4138560D|1068703B|08A9|40593742|107629AA|077D|41EB020A|40011DFC|A5|C1900000|107401EC|A4|4175EB7D|107401EC|0129|41EFA5E3|1057B8A2|0|0|0|0|0|0|0|0|0|0|0|0|0|0|0|0|0|0|0|0|0|0763|4114FDC5|10675739||c75e0818522f2f61ed848717d1b013bd
39|2021-09-26T12:07:44.2250000+01:00|107401EC|Raesa Velan|58701|96887|7200|10000|0|0|90.4707|92.66797|0|3.07563||934a5d10bc4716eeb1cbbb1fdca7ee47
38|2021-09-26T12:07:44.2250000+01:00|1075A2E4|Niru Summers|00505015|143495|153077|10000|10000|6|0|96.7536|103.5305|-0.004430164|1.34965|DC3F|30|0|0A016D|41F00000|E0000000|0A0168|41F00000|E0000000|5B|0|1075A2E4|28FD0030|451224FC|1075A2E4|0|0|0|0763|411CD8E3|10675739|072F|416770A5|10752D6C|08A9|40538515|107629AA|0722|413BE35D|1068703B|5A|4215223E|1075A2E4|0129|41ED24DC|1057B8A2|0|0|0|0|0|0|3204C4|41AC6716|1057B8A2||42a7b78e272aa685d3b445cad24bf675
30|2021-09-26T12:07:44.2250000+01:00|741|Nascent Flash|0.00|1075A2E4|Niru Summers|1075A2E4|Niru Summers|32|153077|153077||2ef4cba8d064948ac40f4eead71a76e2
38|2021-09-26T12:07:44.2250000+01:00|10752D6C|Volkon Vysk|00505025|146227|152511|10000|10000|6|0|96.73801|103.1447|-0.01531982|0.8566933|DC3F|30|0|14016A|41F00000|E0000000|0A0168|41F00000|E0000000|28FD0030|45120670|10752D6C|0|0|0|08A9|40538515|107629AA|04A7|41826246|10752D6C|0722|4139C298|1068703B|072F|41654BC8|10752D6C|0129|41EE374B|1057B8A2|0|0|0|0|0|0|0|0|0|0|0|0|0763|411EFDBF|10675739|0|0|0|0729|0|10752D6C||4f75c735827bf08fbafed41fca36143c
30|2021-09-26T12:07:44.2250000+01:00|742|Nascent Glint|0.00|1075A2E4|Niru Summers|10752D6C|Volkon Vysk|32|152511|153077||84eb44bb2cefd6b039bee07cb2ac02c0
37|2021-09-26T12:07:44.2690000+01:00|1075A2E4|Niru Summers|00008C90|151801|153077|10000|10000|6||96.7536|103.5305|-0.004430164|1.34965|1503|0|0|01|04003257|0|41700000|10675739||3f90e3a991912f06d56a1e9ca6825a4d
26|2021-09-26T12:07:44.2690000+01:00|757|Diurnal Opposition|15.00|10675739|Jasy Heavensong|1075A2E4|Niru Summers|00|153077|97086||abaca93c0c17576fa23ba880532a9772
37|2021-09-26T12:07:44.2690000+01:00|40011DF7|Jagd Doll|00008C93|59604|167240|10000|10000|0||107.423|110.781|0|0.8114486||95e70b2249a86f158ed52adf533af9fd
37|2021-09-26T12:07:44.2690000+01:00|107401EC|Raesa Velan|00008C91|58701|96887|7200|10000|15||90.4707|92.66797|0|3.07563|1905|0|0|02|06002BA5|0|C1900000|107401EC|0900072F|0|41700000|10752D6C||44e11545829d41e46d9d8c774228f5fe
26|2021-09-26T12:07:44.2690000+01:00|72f|Heart Of Light|15.00|10752D6C|Volkon Vysk|107401EC|Raesa Velan|00|96887|152511||78d72ffd111962e4333be3b551388c85
37|2021-09-26T12:07:44.3150000+01:00|107ABEEC|Greiyan Fletz|00008C8A|87079|106544|10000|10000|9||91.23364|112.5048|0|2.495738|2207|0|0|01|0B002C29|0|41F00000|1057B8A2||bd262316c9097e0e30258d4dd6a1167a
26|2021-09-26T12:07:44.3150000+01:00|129|Galvanize|30.00|1057B8A2|Alex Knightfall|107ABEEC|Greiyan Fletz|00|106544|97285||7e5de3fc62fbd707c6fa797e0652ced1
21|2021-09-26T12:07:44.3150000+01:00|107401EC|Raesa Velan|9C|Scathe|40011DF5|Jagd Doll|750003|33D60000|1B|9C8000|0|0|0|0|0|0|0|0|0|0|0|0|79891|167240|10000|10000|0|1000|90.56226|91.69141|0|-0.09803271|58701|96887|6400|10000|0|1000|90.4707|92.66797|0|3.07563|00008C98|0|33239ce5f0cd7ce5da2888e81bc749d7
38|2021-09-26T12:07:44.3150000+01:00|107ABEEC|Greiyan Fletz|00505022|87079|106544|10000|10000|9|0|91.23364|112.5048|0|2.548754|DB16|30|0|0720|42700000|1068703B|14016A|41F00000|E0000000|0A0168|41F00000|E0000000|28FE0030|4510BB93|107ABEEC|072F|416C6E98|10752D6C|0722|4131EFA7|1068703B|012B|3F0A7EC9|1057B8A2|0839|420A5AE0|1068703B|0737|420A5AE0|1068703B|08A9|4050A3CD|107629AA|0513|41F5CD41|107ABEEC|0129|41EFA3D7|1057B8A2|0|0|0|0|0|0|0|0|0|0|0|0|0512|4214F1C1|107ABEEC|0|0|0|0|0|0|0|0|0|0763|4117229F|10675739||1e9973f27026a1d8a6bb896885ed68c5
37|2021-09-26T12:07:44.4030000+01:00|10752D6C|Volkon Vysk|00008C90|152511|152511|10000|10000|6||96.63107|103.3019|-0.0017186|0.8566933|2504|0|0|01|03003257|0|41700000|10675739||a1917353f6927f90d9ee9577bb23d4ec
26|2021-09-26T12:07:44.4030000+01:00|757|Diurnal Opposition|15.00|10675739|Jasy Heavensong|10752D6C|Volkon Vysk|00|152511|97086||67e3c5b70e2915c5a97614a2e5cc879e
37|2021-09-26T12:07:44.4030000+01:00|40011D69|Living Liquid|00008C96|3898139|12889320|10000|10000|0||93.51392|109.5141|0|2.686065||f811ece1d3cb2c324aaedd90f91f6863
37|2021-09-26T12:07:44.4030000+01:00|1075A2E4|Niru Summers|00008C96|153077|153077|10000|10000|6||97.23937|103.0229|-0.0007262084|1.427008|1500|0|0|0||2a042fbc1fd009e96a2d5953586e08db
37|2021-09-26T12:07:44.4030000+01:00|107629AA|Joeson Lmoa|00008C91|99872|106059|10000|10000|8||103.3494|95.51371|-0.0006346498|2.047356|1706|0|0|01|0700322F|0|41700000|10752D6C||5705d8adec238184914f7b6b825a1202
26|2021-09-26T12:07:44.4030000+01:00|72f|Heart Of Light|15.00|10752D6C|Volkon Vysk|107629AA|Joeson Lmoa|00|106059|152511||52d43a10a4d4e1da74e93360cb6e7772
37|2021-09-26T12:07:44.4920000+01:00|40011D69|Living Liquid|00008C95|3874378|12889320|10000|10000|0||93.63695|109.2839|0|2.662456||83003904db863d9b9294ba5661ad8a94
21|2021-09-26T12:07:44.4920000+01:00|10675739|Jasy Heavensong|40AB|Malefic IV|40011DEA|Liquid Hand|750103|5C350000|1B|40AB8000|0|0|0|0|0|0|0|0|0|0|0|0|4335587|12889320|10000|10000|0|1000|94.4883|106.0849|0|2.474282|92689|97086|7568|10000|0|1000|99.25989|100.7858|0|-0.6709046|00008C99|0|ec5961295f2751dfc9968093536c2eca
37|2021-09-26T12:07:44.5370000+01:00|1068703B|Tomo Uchuu|00008C90|54094|106478|10000|10000|8||114.6285|110.958|0|3.030592|2605|0|0|01|06003257|0|41700000|10675739||6f2e5a9e4593f86caf2ead27c0ae949d
26|2021-09-26T12:07:44.5370000+01:00|757|Diurnal Opposition|15.00|10675739|Jasy Heavensong|1068703B|Tomo Uchuu|00|106478|97086||56d50730117037874f5fa7062a960e33
37|2021-09-26T12:07:44.5370000+01:00|1068703B|Tomo Uchuu|00008C91|54094|106478|10000|10000|8||114.6285|110.958|0|3.030592|2607|0|0|01|0B00322F|0|41700000|10752D6C||2c8ea1882aaf17e41d00c1cbd55f503e
26|2021-09-26T12:07:44.5370000+01:00|72f|Heart Of Light|15.00|10752D6C|Volkon Vysk|1068703B|Tomo Uchuu|00|106478|152511||8c6a12d2bdc1b79ee863ecedee25a058
24|2021-09-26T12:07:44.5370000+01:00|40011DEA|Liquid Hand|DoT|0|6D10|4335587|12889320|10000|10000|0|1000|94.4883|106.0849|0|2.474282||89f661184ebedc2b217f207ca2e54cab
38|2021-09-26T12:07:44.5370000+01:00|40011DEA|Liquid Hand|00505000|4307667|12889320|10000|10000|0|0|94.4883|106.0849|0|2.474282|DB16|30|0|0A00A3|41540C31|107401EC|0767|40DFCE80|1057B8A2|04CC|4218422F|107ABEEC|2804B1|41703504|107629AA|0759|4186BC4C|10675739|2804B0|418C749E|107629AA||29cc601c073e36001209fba0ffb27203
37|2021-09-26T12:07:44.6250000+01:00|40011DEA|Liquid Hand|00008C95|4278455|12889320|10000|10000|0||94.60023|105.9423|0|2.472943|01|0|0|0||3c1f7e344596b226301b6a39c619f812
37|2021-09-26T12:07:44.6250000+01:00|40011DEA|Liquid Hand|00008C97|4272131|12889320|10000|10000|0||94.60023|105.9423|0|2.472943||c03f18950f8a4bc6ab88f4038d6fec77
37|2021-09-26T12:07:44.6700000+01:00|107401EC|Raesa Velan|00008C90|66771|96887|6400|10000|15||90.4707|92.66797|0|3.07563|1906|0|0|02|06002BA5|0|C1900000|107401EC|0A000757|0|41700000|10675739||c5fa2136b63c9863e19c81197af51a4c
26|2021-09-26T12:07:44.6700000+01:00|757|Diurnal Opposition|15.00|10675739|Jasy Heavensong|107401EC|Raesa Velan|00|96887|97086||7524e81120bfadec54a7bea90543bb3a
37|2021-09-26T12:07:44.7170000+01:00|40011DF5|Jagd Doll|00008C94|53598|167240|10000|10000|0||90.56226|91.69141|0|-0.09803271||cc685d163453cb9b7185d4fb7332904d
37|2021-09-26T12:07:44.7170000+01:00|107401EC|Raesa Velan|00008C94|66771|96887|6400|10000|15||90.4707|92.66797|0|3.07563|1900|0|0|01|06002BA5|0|41900000|107401EC||3fc6abb31dc6f238624bf78967df3c85
21|2021-09-26T12:07:44.7170000+01:00|10752D6C|Volkon Vysk|07|Attack|40011DEA|Liquid Hand|710303|14BE0000|0|0|0|0|0|0|0|0|0|0|0|0|0|0|4272131|12889320|10000|10000|0|1000|94.70135|105.8135|0|2.471233|152511|152511|10000|10000|0|1000|96.49886|103.5285|-0.001209697|0.8566933|00008C9A|0|6a8df7f03e00712f1160a7376473a457
21|2021-09-26T12:07:44.7170000+01:00|40011DEA|Liquid Hand|4979|Unknown_4979|10752D6C|Volkon Vysk|730003|46DF0400|0|0|0|0|0|0|0|0|0|0|0|0|0|0|152511|152511|10000|10000|0|1000|96.49886|103.5285|-0.001209697|0.8566933|4272131|12889320|10000|10000|0|1000|94.70135|105.8135|0|2.471233|00008C9B|0|bafe07fdf3391d6e0bd4b21afd444ca4
38|2021-09-26T12:07:44.7170000+01:00|107401EC|Raesa Velan|00505019|66771|96887|6400|10000|15|0|90.4707|92.66797|0|3.07563|D7F7|30|0|0A016D|41F00000|E0000000|0A0168|41F00000|E0000000|29020030|45931124|107401EC|0722|412FC29A|1068703B|08A9|4036E96F|107629AA|077D|41E6B84E|40011DFC|A5|418FA1CB|107401EC|A4|416D580A|107401EC|0129|41EB5C27|1057B8A2|072F|416824DF|10752D6C|0757|416E8B44|10675739|0|0|0|0|0|0|0|0|0|0|0|0|0|0|0|0763|410C6A52|10675739||1f28e4e0f6ab0387d08533eea54f6041
37|2021-09-26T12:07:44.7600000+01:00|40011D69|Living Liquid|00008C97|3870753|12889320|10000|10000|0||94.10627|108.4742|0|2.610558|01|0|0|0||ee59ad7db4aeab3265a1d9adcbbb03e8
21|2021-09-26T12:07:44.7610000+01:00|40011DF5|Jagd Doll|4B4E|Unknown_4B4e|107401EC|Raesa Velan|720003|400|0|0|0|0|0|0|0|0|0|0|0|0|0|0|58701|96887|6400|10000|0|1000|90.4707|92.66797|0|3.07563|79891|167240|10000|10000|0|1000|90.56226|91.69141|0|-0.09803271|00008C9C|0|36b689975b7f4e81f20809a3025fe2de
21|2021-09-26T12:07:44.7610000+01:00|40011DF7|Jagd Doll|4B4E|Unknown_4B4e|1068703B|Tomo Uchuu|720003|400|0|0|0|0|0|0|0|0|0|0|0|0|0|0|54094|106478|10000|10000|0|1000|115.1074|110.975|0|-2.911207|59604|167240|10000|10000|0|1000|108.9598|111.5618|0|1.277498|00008C9D|0|80f9dd08c3c69980ac0988752ef11b4c
21|2021-09-26T12:07:44.7610000+01:00|40011DF8|Jagd Doll|4B4E|Unknown_4B4e|107629AA|Joeson Lmoa|720003|400|0|0|0|0|0|0|0|0|0|0|0|0|0|0|99872|106059|10000|10000|0|1000|103.5182|95.29071|0|2.291216|59780|167240|10000|10000|0|1000|105.4856|94.77368|0|-1.283123|00008C9E|0|3548a48d1faa4fddc9b0fe258a71160f
37|2021-09-26T12:07:44.8040000+01:00|107ABEEC|Greiyan Fletz|00008C90|95364|106544|10000|10000|9||91.24787|112.4762|0|2.635276|2207|0|0|01|0C003257|0|41700000|10675739||2ac74b3ec431e529a5b1e3a4860d1673
26|2021-09-26T12:07:44.8040000+01:00|757|Diurnal Opposition|15.00|10675739|Jasy Heavensong|107ABEEC|Greiyan Fletz|00|106544|97086||eb8f3b4adc9bfa4f4afadf5ef93b36b4
21|2021-09-26T12:07:44.8490000+01:00|107629AA|Joeson Lmoa|406F|Burst Shot|40011DF8|Jagd Doll|720003|2A800000|1B|406F8000|0|0|0|0|0|0|0|0|0|0|0|0|59780|167240|10000|10000|0|1000|105.4856|94.77368|0|-1.335399|99872|106059|10000|10000|0|1000|103.5514|95.25277|-0.001238228|2.26578|00008C9F|0|9df9948e07e3bfd4bafb26a09dae908a
38|2021-09-26T12:07:44.8930000+01:00|107ABEEC|Greiyan Fletz|00505022|95364|106544|10000|10000|9|0|91.24787|112.4762|0|2.635276|D7F7|30|0|0720|42700000|1068703B|14016A|41F00000|E0000000|0A0168|41F00000|E0000000|28FE0030|4510B253|107ABEEC|072F|41632B05|10752D6C|0722|4128AC14|1068703B|0|0|0|0839|420809FF|1068703B|0737|420809FF|1068703B|08A9|402B9578|107629AA|0513|41F12B74|107ABEEC|0129|41EB020A|1057B8A2|0757|416DDF3C|10675739|0|0|0|0|0|0|0|0|0|0512|4212A0E0|107ABEEC|0|0|0|0|0|0|0|0|0|0763|410DDF0C|10675739||fdb7d4dd470b8d33553e8ea46d61a105
30|2021-09-26T12:07:44.8930000+01:00|12b|Sacred Soil|0.00|1057B8A2|Alex Knightfall|107ABEEC|Greiyan Fletz|00|106544|97285||71afcbd5e84b1b3ac8fe879723394a76
38|2021-09-26T12:07:44.8930000+01:00|1068703B|Tomo Uchuu|00505026|54094|106478|10000|10000|8|0|115.1287|110.659|0|-2.770883|D7F7|30|0|14016A|41F00000|E0000000|0A0168|41F00000|E0000000|071F|42700000|1068703B|28FE0030|45115820|1068703B|0129|41E6BA5A|1057B8A2|08A9|4028C493|107629AA|0757|41699583|10675739|071D|420809FF|1068703B|0737|420809FF|1068703B|0722|4124625A|1068703B|0|0|0|072F|41699583|10752D6C|0|0|0|0|0|0|0763|410BB61A|10675739||166da0bb45b8e5fb39c3f0a6d2460f7a
30|2021-09-26T12:07:44.8930000+01:00|12b|Sacred Soil|0.00|1057B8A2|Alex Knightfall|1068703B|Tomo Uchuu|00|106478|97285||659f05c49277020baea9daa03517b7cf
37|2021-09-26T12:07:44.9840000+01:00|40011DF5|Jagd Doll|00008C98|40328|167240|10000|10000|0||90.56226|91.69141|0|-0.09803271||9508cb2e4b6f05912cfac8221e1f4664
21|2021-09-26T12:07:45.1610000+01:00|1057B8A2|Alex Knightfall|409D|Broil III|40011D69|Living Liquid|750003|4C690000|1B|409D8000|0|0|0|0|0|0|0|0|0|0|0|0|3870753|12889320|10000|10000|0|1000|95.32163|106.568|0|2.540274|88516|97285|5914|10000|0|1000|99.6261|101.0604|0|-0.6378304|00008CA0|0|01e75d78c3a09a2d05a2e9fe828dbcf0
37|2021-09-26T12:07:45.2500000+01:00|40011DEA|Liquid Hand|00008C9A|4266821|12889320|10000|10000|0||94.74316|105.7603|0|2.46031||ab56680838ad0bde85734db8641446a2
37|2021-09-26T12:07:45.2500000+01:00|10752D6C|Volkon Vysk|00008C9B|134368|152511|10000|10000|0||98.57844|101.6468|-0.0007842327|1.026273|2500|0|0|01|08000600|0|0|E0000000||8e41438460485f6ba509c07682f29bc5
38|2021-09-26T12:07:45.2500000+01:00|10752D6C|Volkon Vysk|00505025|134368|152511|10000|10000|0|0|98.57844|101.6468|-0.0007842327|1.026273|0|0|0|14016A|41F00000|E0000000|0A0168|41F00000|E0000000|28FD0030|4511F610|10752D6C|0757|4161BA61|10675739|08A9|4011EB7C|107629AA|04A7|41745E26|10752D6C|0722|41295C35|1068703B|072F|4154E565|10752D6C|0|0|0|0|0|0|0|0|0|0|0|0|0|0|0|0763|410E975C|10675739|0|0|0|0729|0|10752D6C||85083e29574afc1828d2f4fd34bf6b03
30|2021-09-26T12:07:45.2500000+01:00|129|Galvanize|0.00|1057B8A2|Alex Knightfall|10752D6C|Volkon Vysk|00|152511|97285||bbcbdd2305f6dacefe2144e77e077571
37|2021-09-26T12:07:45.2930000+01:00|107401EC|Raesa Velan|00008C9C|66771|96887|6400|10000|11||90.4707|92.66797|0|3.07563|1900|0|0|0||778aed2037c6763c43f2dc4a316c20f9
37|2021-09-26T12:07:45.2930000+01:00|1068703B|Tomo Uchuu|00008C9D|54094|106478|10000|10000|5||115.3234|109.5647|0|-2.393892|2600|0|0|0||56997b34e865d43245f8802f8b8932fc
37|2021-09-26T12:07:45.2930000+01:00|107629AA|Joeson Lmoa|00008C9E|99872|106059|10000|10000|5||103.6777|95.14326|0|1.81987|1700|0|0|0||b99032955cb7df5cdea5ebb67f01e64d
21|2021-09-26T12:07:45.3840000+01:00|107629AA|Joeson Lmoa|08|Shot|40011DF8|Jagd Doll|720203|11C30000|0|0|0|0|0|0|0|0|0|0|0|0|0|0|59780|167240|10000|10000|0|1000|105.4856|94.77368|0|-1.363341|99872|106059|10000|10000|0|1000|103.7046|95.13406|-0.002086687|1.769633|00008CA1|0|857fb844e6ba4c32f0bcbc4606bc60fe
24|2021-09-26T12:07:45.4730000+01:00|10675739|Jasy Heavensong|HoT|0|1053|92689|97086|7568|10000|0|1000|99.32037|100.6043|-0.001521961|-2.552819||84c5ce34f3725991ec320d1b28b286e2
24|2021-09-26T12:07:45.4730000+01:00|1075A2E4|Niru Summers|HoT|0|11BD|153077|153077|10000|10000|0|1000|100.9412|98.93477|-0.01531982|0.5884628||52029e6ecacd272ef0a3e0e431f02c80
24|2021-09-26T12:07:45.4730000+01:00|10752D6C|Volkon Vysk|HoT|0|1A32|134368|152511|10000|10000|0|1000|98.90063|100.8369|0|0.9974108||8baec7b18bc6bda72208934e95a15e15
38|2021-09-26T12:07:45.4730000+01:00|10675739|Jasy Heavensong|00505021|96868|97086|7568|10000|15|0|99.32037|100.6043|-0.001521961|-2.552819|DE54|30|0|0A0168|41F00000|E0000000|0F016B|41F00000|E0000000|0722|41218113|1068703B|28FE0030|4510A29F|10675739|0129|41DFF3B1|1057B8A2|08A9|4003A5DA|107629AA|012B|40095807|1057B8A2|0347|0|10675739|0757|4155999E|10675739|072F|4155999E|10752D6C|0|0|0|0|0|0|0763|40FC5198|10675739||26b302eebadde2c428803462bbf3fd92
38|2021-09-26T12:07:45.4730000+01:00|1075A2E4|Niru Summers|00505015|153077|153077|10000|10000|6|0|100.9412|98.93477|-0.01531982|0.5884628|DE54|30|0|0A016D|41F00000|E0000000|0A0168|41F00000|E0000000|5B|0|1075A2E4|28FD0030|4512110C|1075A2E4|0757|415C0835|10675739|0763|4108E118|10675739|072F|415378DA|10752D6C|08A9|4003A5DA|107629AA|0722|4127EB92|1068703B|5A|42102453|1075A2E4|0129|41E328F2|1057B8A2|0|0|0|0|0|0|3204C4|41A26B2C|1057B8A2||05456bb45ae49bcd767dfa9f08c59a44
38|2021-09-26T12:07:45.4730000+01:00|10752D6C|Volkon Vysk|00505025|141074|152511|10000|10000|0|0|98.90063|100.8369|0|0.9974108|DE54|30|0|14016A|41F00000|E0000000|0A0168|41F00000|E0000000|28FD0030|4511F280|10752D6C|0757|415E28F9|10675739|08A9|4003A5DA|107629AA|04A7|4170CCBE|10752D6C|0722|4125CACD|1068703B|072F|415153FD|10752D6C|0|0|0|0|0|0|0|0|0|0|0|0|0|0|0|0763|410B05F4|10675739|0|0|0|0729|0|10752D6C||758e89753dfc469f17079284f0789323
21|2021-09-26T12:07:45.5170000+01:00|40011D69|Living Liquid|4978|Unknown_4978|1075A2E4|Niru Summers|730003|575F0400|0|0|0|0|0|0|0|0|0|0|0|0|0|0|153077|153077|10000|10000|0|1000|101.0462|98.82027|-0.01531982|0.3135873|3870753|12889320|10000|10000|0|1000|96.66373|104.6561|0|2.518054|00008CA2|0|08458d6ba3e0c562666784ee27013ae6
37|2021-09-26T12:07:45.5610000+01:00|40011DEA|Liquid Hand|00008C99|4243216|12889320|10000|10000|0||94.9988|105.4195|0|2.470836||37f88fa70e3e4e802d74a8862121a547
24|2021-09-26T12:07:45.5610000+01:00|1068703B|Tomo Uchuu|HoT|0|115E|54094|106478|10000|10000|0|1000|115.4009|109.29|0|-2.190736||5e878a9131367dfd5fa3b3554c88c918
38|2021-09-26T12:07:45.5610000+01:00|1068703B|Tomo Uchuu|00505026|58540|106478|10000|10000|5|0|115.4009|109.29|0|-2.190736|DE54|30|0|14016A|41F00000|E0000000|0A0168|41F00000|E0000000|071F|42700000|1068703B|28FE0030|45114D74|1068703B|0129|41E16249|1057B8A2|08A9|3FFC081F|107629AA|0757|415EE564|10675739|071D|42055DFB|1068703B|0737|42055DFB|1068703B|0722|4119B23B|1068703B|0|0|0|072F|415EE564|10752D6C|0|0|0|0|0|0|0763|410105FB|10675739||4f6ee3e78c3cf2b9b3d78b99da7fb28e
26|2021-09-26T12:07:45.5610000+01:00|71f|Closed Position|60.00|1068703B|Tomo Uchuu|1068703B|Tomo Uchuu|00|106478|106478||ddb0b46796ed690c5d5d3ba206830aa8
24|2021-09-26T12:07:45.6060000+01:00|107629AA|Joeson Lmoa|HoT|0|11C1|99872|106059|10000|10000|0|1000|103.8263|95.10483|0|1.73455||2c6b4ceb2c7ab8336adf6bc3d43437d2
21|2021-09-26T12:07:45.6060000+01:00|10675739|Jasy Heavensong|1D8A|Lucid Dreaming|10675739|Jasy Heavensong|F40E|4B40000|0|0|0|0|0|0|0|0|0|0|0|0|0|0|96868|97086|7568|10000|0|1000|99.49359|99.08702|-0.00195621|-2.919599|96868|97086|7568|10000|0|1000|99.49359|99.08702|-0.00195621|-2.919599|00008CA3|0|a970d3488c0a5a12d2c38def1780f0e0
38|2021-09-26T12:07:45.6060000+01:00|107ABEEC|Greiyan Fletz|00505022|95364|106544|10000|10000|9|0|93.64026|108.4615|-0.00129483|2.597382|DE54|30|0|0720|42700000|1068703B|14016A|41F00000|E0000000|0A0168|41F00000|E0000000|28FE0030|4510A6F3|107ABEEC|072F|4157C6AD|10752D6C|0722|411D47BC|1068703B|0|0|0|0839|420530ED|1068703B|0737|420530ED|1068703B|08A9|40A00000|107629AA|0513|41EB7946|107ABEEC|0129|41E54FDC|1057B8A2|0757|41627AE4|10675739|0|0|0|0|0|0|0|0|0|0512|420FC7CE|107ABEEC|0|0|0|0|0|0|0|0|0|0763|41027AB4|10675739||1daa01c17c0a207f91bc7c43f4b09b83
26|2021-09-26T12:07:45.6060000+01:00|720|Dance Partner|60.00|1068703B|Tomo Uchuu|107ABEEC|Greiyan Fletz|00|106544|106478||96eb2b07bb2234a33668b1a026f1d765
26|2021-09-26T12:07:45.6060000+01:00|8a9|Mage's Ballad|5.00|107629AA|Joeson Lmoa|107ABEEC|Greiyan Fletz|00|106544|106059||cb09853a9dfb5198d451cbf5a944e451
38|2021-09-26T12:07:45.6060000+01:00|107401EC|Raesa Velan|00505019|66771|96887|6400|10000|11|0|90.4707|92.66797|0|3.07563|DE54|30|0|0A016D|41F00000|E0000000|0A0168|41F00000|E0000000|29020030|45930A0A|107401EC|0722|41218945|1068703B|08A9|40A00000|107629AA|077D|41DF9BA0|40011DFC|A5|4188851D|107401EC|A4|415F1EB5|107401EC|0129|41E43F79|1057B8A2|072F|4159EB8A|10752D6C|0757|416051EF|10675739|0|0|0|0|0|0|0|0|0|0|0|0|0|0|0|0763|40FC61F7|10675739||a6eb8b443854df7ef625b0f16d19e401
26|2021-09-26T12:07:45.6060000+01:00|8a9|Mage's Ballad|5.00|107629AA|Joeson Lmoa|107401EC|Raesa Velan|00|96887|106059||bf5915a34b099e596c6f8ff53780cf86
38|2021-09-26T12:07:45.6060000+01:00|40011DFC|Seraph|00505000|92601|92601|10000|10000|0|0|100.1449|100.0533|0|-0.6499785|DE54|30|0|28FE0030|44D91808|1057B8A2|08A9|40A00000|107629AA|075B|40F32B27|10675739||409dd56443225e56b7d0bab9f10f4634
26|2021-09-26T12:07:45.6060000+01:00|8a9|Mage's Ballad|5.00|107629AA|Joeson Lmoa|40011DFC|Seraph|00|92601|106059||a4c6adb19823b75f7701c319540ab4c2
38|2021-09-26T12:07:45.6060000+01:00|1057B8A2|Alex Knightfall|0050501C|88516|97285|5914|10000|10|0|99.6261|101.0604|0|-0.6445459|DE54|30|0|0A016D|41F00000|E0000000|1E016C|41F00000|E0000000|28FE0030|44D91808|1057B8A2|010130|0|1057B8A2|075B|40F32B27|10675739|0129|41DDD4F7|1057B8A2|0757|4155A5E9|10675739|08A9|40A00000|107629AA|0722|411B22DF|1068703B|0798|4114000F|1057B8A2|012B|4000E558|1057B8A2|072F|4155A5E9|10752D6C|0|0|0|0|0|0|0|0|0|0763|41049F91|10675739||65c3e86ec2ea3b917f8c65dd75813d35
26|2021-09-26T12:07:45.6060000+01:00|8a9|Mage's Ballad|5.00|107629AA|Joeson Lmoa|1057B8A2|Alex Knightfall|00|97285|106059||ddf8a3131d137be23064a297cf2fc722
38|2021-09-26T12:07:45.6070000+01:00|107629AA|Joeson Lmoa|00505017|104417|106059|10000|10000|5|0|103.8263|95.10483|0|1.73455|DE54|30|0|0A016D|41F00000|E0000000|0A0168|41F00000|E0000000|28FE0030|4510A413|107629AA|012B|4000E558|1057B8A2|0722|4127F7DC|1068703B|0129|41DFF7C9|1057B8A2|0757|4157C6AD|10675739|072F|415C0C4E|10752D6C|0|0|0|0|0|0|0|0|0|0763|410B0A0D|10675739||18317924332eac295d47f18ba9f370b7
38|2021-09-26T12:07:45.6070000+01:00|10675739|Jasy Heavensong|00505021|96868|97086|7568|10000|15|0|99.49359|99.08702|-0.00195621|-2.919599|DE54|30|0|0A0168|41F00000|E0000000|0F016B|41F00000|E0000000|0722|411F6468|1068703B|28FE0030|4510A083|10675739|0129|41DEE55A|1057B8A2|08A9|409E978D|107629AA|012B|4000E558|1057B8A2|0347|0|10675739|0757|41537CF3|10675739|072F|41537CF3|10752D6C|0|0|0|0|0|0|0763|40F8183F|10675739||c9f6cb5ab0bc0342e4939ff36a3b4437
26|2021-09-26T12:07:45.6070000+01:00|8a9|Mage's Ballad|4.96|107629AA|Joeson Lmoa|10675739|Jasy Heavensong|00|97086|106059||8733857f0eba5e74d00075411aaed9be
38|2021-09-26T12:07:45.6070000+01:00|1068703B|Tomo Uchuu|00505026|58540|106478|10000|10000|5|0|115.4009|109.29|0|-2.150942|DE54|30|0|14016A|41F00000|E0000000|0A0168|41F00000|E0000000|071F|42700000|1068703B|28FE0030|45114CC0|1068703B|0129|41E1082C|1057B8A2|08A9|409E978D|107629AA|0757|415E312B|10675739|071D|420530ED|1068703B|0737|420530ED|1068703B|0722|4118FE02|1068703B|0|0|0|072F|415E312B|10752D6C|0|0|0|0|0|0|0763|410051C2|10675739||0e2d72a8e62a576748605ecdcee67a81
26|2021-09-26T12:07:45.6070000+01:00|8a9|Mage's Ballad|4.96|107629AA|Joeson Lmoa|1068703B|Tomo Uchuu|00|106478|106059||9364d7cd87a2c81a9079cf5f604c044b
38|2021-09-26T12:07:45.6070000+01:00|1075A2E4|Niru Summers|00505015|153077|153077|10000|10000|6|0|101.1468|98.71049|0|0.04435357|DE54|30|0|0A016D|41F00000|E0000000|0A0168|41F00000|E0000000|5B|0|1075A2E4|28FD0030|45120EF0|1075A2E4|0757|4159EB8A|10675739|0763|4106C46D|10675739|072F|41515C2F|10752D6C|08A9|409E978D|107629AA|0722|4125CEE7|1068703B|5A|420F9D29|1075A2E4|0129|41E21A9B|1057B8A2|0|0|0|0|0|0|3204C4|41A15CD5|1057B8A2||e6449e4faee766485566ae353f90d91d
26|2021-09-26T12:07:45.6070000+01:00|8a9|Mage's Ballad|4.96|107629AA|Joeson Lmoa|1075A2E4|Niru Summers|00|153077|106059||4d22b11cf3df6c015a654125dfd7f053
38|2021-09-26T12:07:45.6070000+01:00|10752D6C|Volkon Vysk|00505025|141074|152511|10000|10000|0|0|99.63556|99.63217|-0.0007994236|0.9211789|DE54|30|0|14016A|41F00000|E0000000|0A0168|41F00000|E0000000|28FD0030|4511F064|10752D6C|0757|415C0C4E|10675739|08A9|409E978D|107629AA|04A7|416EB013|10752D6C|0722|4123AE22|1068703B|072F|414F3752|10752D6C|0|0|0|0|0|0|0|0|0|0|0|0|0|0|0|0763|4108E949|10675739|0|0|0|0729|0|10752D6C||0966003c082928d78cdd659dd918aa6d
26|2021-09-26T12:07:45.6070000+01:00|8a9|Mage's Ballad|4.96|107629AA|Joeson Lmoa|10752D6C|Volkon Vysk|00|152511|106059||e16a4b8402f536dba700f02162ab49e1
24|2021-09-26T12:07:45.6500000+01:00|107ABEEC|Greiyan Fletz|HoT|0|118A|95364|106544|10000|10000|0|1000|93.64026|108.4615|-0.00129483|2.597382||590b3bceb116a73e8fdd4a58b650442d
38|2021-09-26T12:07:45.6500000+01:00|107ABEEC|Greiyan Fletz|00505022|99854|106544|10000|10000|9|0|93.64026|108.4615|-0.00129483|2.597382|DE54|30|0|0720|42700000|1068703B|14016A|41F00000|E0000000|0A0168|41F00000|E0000000|28FE0030|4510A63B|107ABEEC|072F|41570E5B|10752D6C|0722|411C8F6A|1068703B|0|0|0|0839|420502D9|1068703B|0737|420502D9|1068703B|08A9|409E8F5C|107629AA|0513|41EB1D1D|107ABEEC|0129|41E4F3B3|1057B8A2|0757|4161C292|10675739|0|0|0|0|0|0|0|0|0|0512|420F99BA|107ABEEC|0|0|0|0|0|0|0|0|0|0763|4101C262|10675739||3e3c43761af58229d8296437563e4c8d
24|2021-09-26T12:07:45.6960000+01:00|1057B8A2|Alex Knightfall|HoT|798|1155|88516|97285|5914|10000|0|1000|99.6261|101.0604|0|-0.6573542||8819e8a226ae7329f419efa8099f867c
24|2021-09-26T12:07:45.6960000+01:00|10752D6C|Volkon Vysk|HoT|798|1AFE|141074|152511|10000|10000|0|1000|100.045|99.08337|-0.003082311|0.8767275||fa440bf49b0792ad8d435a1b8e2ba77e
24|2021-09-26T12:07:45.6960000+01:00|1075A2E4|Niru Summers|HoT|798|115D|153077|153077|10000|10000|0|1000|101.2317|98.61792|-0.001948916|-0.1826495||2ccd7281d507a5def1f3e50a34ee64a9
24|2021-09-26T12:07:45.6960000+01:00|10675739|Jasy Heavensong|HoT|798|10BC|96868|97086|7568|10000|0|1000|99.57812|98.33619|0|3.070357||f7b7bccb7c4dd4a8681717fe5b3e726f
24|2021-09-26T12:07:45.6960000+01:00|107629AA|Joeson Lmoa|HoT|798|1181|104417|106059|10000|10000|0|1000|103.8881|95.09119|-0.001478215|1.73517||bfad341260f48ada36a0060942d42527
24|2021-09-26T12:07:45.6960000+01:00|107ABEEC|Greiyan Fletz|HoT|798|1C0E|99854|106544|10000|10000|0|1000|93.88709|108.0925|0|2.50267||073feda3440d26bb295ae55ec541d159
24|2021-09-26T12:07:45.6960000+01:00|1057B8A2|Alex Knightfall|HoT|0|11CD|88516|97285|5914|10000|0|1000|99.6261|101.0604|0|-0.6573542||89fd9381de047e9a2a74427c3b9a4b1e
38|2021-09-26T12:07:45.6960000+01:00|107ABEEC|Greiyan Fletz|00505022|106544|106544|10000|10000|9|0|93.88709|108.0925|0|2.50267|0|0|0|0720|42700000|1068703B|14016A|41F00000|E0000000|0A0168|41F00000|E0000000|28FE0030|4510A583|107ABEEC|072F|41565609|10752D6C|0722|411BD718|1068703B|012B|40A00000|1057B8A2|0839|4204D4C5|1068703B|0737|4204D4C5|1068703B|08A9|409D1EB8|107629AA|0513|41EAC0F4|107ABEEC|0129|41E4978A|1057B8A2|0757|41610A40|10675739|0|0|0|0|0|0|0|0|0|0512|420F6BA6|107ABEEC|0|0|0|0|0|0|0|0|0|0763|41010A10|10675739||e39e2f3d74f16ef7e3086504f3f8e6b9
26|2021-09-26T12:07:45.6960000+01:00|12b|Sacred Soil|5.00|1057B8A2|Alex Knightfall|107ABEEC|Greiyan Fletz|00|106544|97285||c884345245c603b88265bf4552eb97b1
38|2021-09-26T12:07:45.6960000+01:00|1057B8A2|Alex Knightfall|0050501C|97285|97285|5914|10000|10|0|99.6261|101.0604|0|-0.6573542|0|0|0|0A016D|41F00000|E0000000|1E016C|41F00000|E0000000|28FE0030|44D91526|1057B8A2|010130|0|1057B8A2|075B|40F049DF|10675739|0129|41DD1CA5|1057B8A2|0757|41543545|10675739|08A9|409D1EB8|107629AA|0722|4119B23B|1068703B|0798|41128F6B|1057B8A2|012B|409E8F5C|1057B8A2|072F|41543545|10752D6C|0|0|0|0|0|0|0|0|0|0763|41032EED|10675739||cfe1326603457a793d2dabbc46917d87
26|2021-09-26T12:07:45.6960000+01:00|12b|Sacred Soil|4.96|1057B8A2|Alex Knightfall|1057B8A2|Alex Knightfall|00|97285|97285||0e89b75e0a1e537fffd1cc27f7d2a9f3
38|2021-09-26T12:07:45.6960000+01:00|107629AA|Joeson Lmoa|00505017|106059|106059|10000|10000|5|0|103.8881|95.09119|-0.001478215|1.73517|0|0|0|0A016D|41F00000|E0000000|0A0168|41F00000|E0000000|28FE0030|4510A2A3|107629AA|012B|409E8F5C|1057B8A2|0722|41268738|1068703B|0129|41DF3F77|1057B8A2|0757|41565609|10675739|072F|415A9BAA|10752D6C|0|0|0|0|0|0|0|0|0|0763|41099969|10675739||67382d6aff269df0055ca169da84f612
26|2021-09-26T12:07:45.6960000+01:00|12b|Sacred Soil|4.96|1057B8A2|Alex Knightfall|107629AA|Joeson Lmoa|00|106059|97285||947f00a1d3cb10aeb92d58f9d4e9c622
38|2021-09-26T12:07:45.6960000+01:00|10675739|Jasy Heavensong|00505021|97086|97086|7568|10000|15|0|99.57812|98.33619|0|3.070357|0|0|0|0A0168|41F00000|E0000000|0F016B|41F00000|E0000000|0722|411DF3C4|1068703B|28FE0030|45109F13|10675739|0129|41DE2D08|1057B8A2|08A9|409BB645|107629AA|012B|409E8F5C|1057B8A2|0347|0|10675739|0757|41520C4F|10675739|072F|41520C4F|10752D6C|0|0|0|0|0|0|0763|40F536F7|10675739||8d98509b9d2b9e10f23d0a85c1f7835a
26|2021-09-26T12:07:45.6960000+01:00|12b|Sacred Soil|4.96|1057B8A2|Alex Knightfall|10675739|Jasy Heavensong|00|97086|97285||1a9f7863554e11440d1a8df39caa9daa
38|2021-09-26T12:07:45.6960000+01:00|1075A2E4|Niru Summers|00505015|153077|153077|10000|10000|6|0|101.2317|98.61792|-0.001948916|-0.1826495|0|0|0|0A016D|41F00000|E0000000|0A0168|41F00000|E0000000|5B|0|1075A2E4|28FD0030|45120D80|1075A2E4|0757|41587AE6|10675739|0763|410553C9|10675739|072F|414FEB8B|10752D6C|08A9|409BB645|107629AA|0722|41245E43|1068703B|5A|420F4101|1075A2E4|0129|41E16249|1057B8A2|012B|409E8F5C|1057B8A2|0|0|0|3204C4|41A0A483|1057B8A2||c3e28b6e04fff3d9e0f1e9dc49c9622d
26|2021-09-26T12:07:45.6960000+01:00|12b|Sacred Soil|4.96|1057B8A2|Alex Knightfall|1075A2E4|Niru Summers|00|153077|97285||ac561fa17f25583e26b9d335e74228f3
38|2021-09-26T12:07:45.6960000+01:00|10752D6C|Volkon Vysk|00505025|147984|152511|10000|10000|0|0|100.045|99.08337|-0.003082311|0.8767275|0|0|0|14016A|41F00000|E0000000|0A0168|41F00000|E0000000|28FD0030|4511EEF4|10752D6C|0757|415A9BAA|10675739|08A9|409BB645|107629AA|04A7|416D3F6F|10752D6C|0722|41223D7E|1068703B|072F|414DC6AE|10752D6C|012B|409E8F5C|1057B8A2|0|0|0|0|0|0|0|0|0|0|0|0|0763|410778A5|10675739|0|0|0|0729|0|10752D6C||66cce9db2e01c4e815896c814ce61a80
26|2021-09-26T12:07:45.6960000+01:00|12b|Sacred Soil|4.96|1057B8A2|Alex Knightfall|10752D6C|Volkon Vysk|00|152511|97285||03b7a0136c1c70690fbe1a6d38e9b687
24|2021-09-26T12:07:45.7400000+01:00|107401EC|Raesa Velan|HoT|0|1134|66771|96887|6400|10000|0|1000|90.4707|92.66797|0|2.99756||d0b79b74007bcb1063d8d463880073ab
38|2021-09-26T12:07:45.7400000+01:00|107401EC|Raesa Velan|00505019|71175|96887|6400|10000|11|0|90.4707|92.66797|0|2.99756|0|0|0|0A016D|41F00000|E0000000|0A0168|41F00000|E0000000|29020030|459308F6|107401EC|0722|411F604F|1068703B|08A9|409BAE14|107629AA|077D|41DE8725|40011DFC|A5|418770A2|107401EC|A4|415CF5BF|107401EC|0129|41E32AFE|1057B8A2|072F|4157C294|10752D6C|0757|415E28F9|10675739|0|0|0|0|0|0|0|0|0|0|0|0|0|0|0|0763|40F8100B|10675739||0014bdc3bb10bdf5b5098e418cd4db48
21|2021-09-26T12:07:45.7850000+01:00|107ABEEC|Greiyan Fletz|1D39|Gekko|40011DEA|Liquid Hand|4F710203|5FCC0000|23D|B88000|11B|1D398000|0|0|0|0|0|0|0|0|0|0|4243216|12889320|10000|10000|0|1000|95.7251|104.4641|0|2.488504|106544|106544|10000|10000|0|1000|94.06987|107.8262|-0.00129222|2.409264|00008CA4|0|59d5251024e5d3cb57e5d76891b79ab1
21|2021-09-26T12:07:45.7850000+01:00|1068703B|Tomo Uchuu|3E75|Cascade|40011DF7|Jagd Doll|720003|2C7A0000|F|7168000|1B|3E758000|0|0|0|0|0|0|0|0|0|0|59604|167240|10000|10000|0|1000|111.9026|111.3822|0|2.053307|58540|106478|10000|10000|0|1000|115.4009|109.29|0|-1.970824|00008CA5|0|806a50000a04843bc13f229b903f397c
38|2021-09-26T12:07:45.7850000+01:00|1068703B|Tomo Uchuu|00505026|58540|106478|10000|10000|5|0|115.4009|109.29|0|-1.970824|0|0|0|14016A|41F00000|E0000000|0A0168|41F00000|E0000000|071F|42700000|1068703B|28FE0030|451149E4|1068703B|0129|41DF9994|1057B8A2|08A9|4098DD2E|107629AA|0757|415B53FC|10675739|071D|420479A3|1068703B|0737|420479A3|1068703B|0722|411620D3|1068703B|0716|C1A00000|1068703B|072F|415B53FC|10752D6C|0|0|0|0|0|0|0763|40FAE925|10675739||02afc2f6b8cb411420cb8c450d81391d
26|2021-09-26T12:07:45.7850000+01:00|716|Flourishing Cascade|20.00|1068703B|Tomo Uchuu|1068703B|Tomo Uchuu|00|106478|106478||7714f8cee3cd270d6293e77c9160630e
39|2021-09-26T12:07:45.8740000+01:00|40011DFC|Seraph|92601|92601|10000|10000|0|0|100.1449|100.0533|0|-0.6870565||8266f776cbbb5342987588747810f304
20|2021-09-26T12:07:45.8740000+01:00|1057B8A2|Alex Knightfall|409D|Broil III|40011DEA|Liquid Hand|2.43|99.6261|101.0604|0|-0.6704883||582f4a5b38ea5d1f364ba8945580433a
21|2021-09-26T12:07:45.8740000+01:00|1068703B|Tomo Uchuu|07|Attack|40011DF7|Jagd Doll|720103|1C5F0000|0|0|0|0|0|0|0|0|0|0|0|0|0|0|59604|167240|10000|10000|0|1000|111.9026|111.3822|0|2.053307|58540|106478|10000|10000|0|1000|115.4009|109.29|0|-1.970824|00008CA6|0|c6c4387955cd66fd6d7bb1093877dcea
22|2021-09-26T12:07:45.9190000+01:00|1075A2E4|Niru Summers|404E|Mythril Tempest|40011D69|Living Liquid|32710003|16980000|143D|340000|11B|404E8000|0|0|0|0|0|0|0|0|0|0|3870753|12889320|10000|10000|0|1000|97.73401|103.1356|0|2.47804|153077|153077|10000|10000|0|1000|101.3321|98.51368|-0.002003889|-0.5061538|00008CA7|0|bf69837afacd644c035bfa1b7b5d7c0e
22|2021-09-26T12:07:45.9190000+01:00|1075A2E4|Niru Summers|404E|Mythril Tempest|40011DEA|Liquid Hand|32710003|16ED0000|0|0|0|0|0|0|0|0|0|0|0|0|0|0|4243216|12889320|10000|10000|0|1000|96.04248|104.0493|0|2.492609|153077|153077|10000|10000|0|1000|101.3321|98.51368|-0.002003889|-0.5061538|00008CA7|1|8c7accc34d2bf70f2029bd4ad1bec2b6
38|2021-09-26T12:07:45.9190000+01:00|1075A2E4|Niru Summers|00505015|153077|153077|10000|10000|6|0|101.3321|98.51368|-0.002003889|-0.5061538|948D|31|0|0A016D|41F00000|E0000000|0A0168|41F00000|E0000000|5B|0|1075A2E4|28FD0030|451209F0|1075A2E4|0757|4154E97E|10675739|0763|4101C261|10675739|072F|414C5A23|10752D6C|08A9|40949373|107629AA|0722|4120CCDB|1068703B|5A|42700000|1075A2E4|0129|41DF9994|1057B8A2|012B|40976C8A|1057B8A2|0|0|0|3204C4|419EDBCE|1057B8A2||83967bc520b812f303abd6507ef7f69b
26|2021-09-26T12:07:45.9190000+01:00|5a|Storm's Eye|60.00|1075A2E4|Niru Summers|1075A2E4|Niru Summers|00|153077|153077||234ff84d213064cb7d2645de79badcac
37|2021-09-26T12:07:45.9620000+01:00|40011D69|Living Liquid|00008CA0|3851192|12889320|10000|10000|0||97.73401|103.1356|0|2.47804||3a06acb2ab31addf748d59bea958fd4c
37|2021-09-26T12:07:46.0510000+01:00|1075A2E4|Niru Summers|00008CA2|130710|153077|10000|10000|0||101.3332|98.51857|-0.002079628|-0.3916984|1500|0|0|01|0A002B00|0|0|E0000000||fd0871c02f2d7bf47118ad44fe148a53
38|2021-09-26T12:07:46.0510000+01:00|1075A2E4|Niru Summers|00505015|130710|153077|10000|10000|0|0|101.3332|98.51857|-0.002079628|-0.3916984|94AB|31|0|0A016D|41F00000|E0000000|0A0168|41F00000|E0000000|5B|0|1075A2E4|28FD0030|451207D0|1075A2E4|0757|4152C8BA|10675739|0763|40FF433A|10675739|072F|414A395F|10752D6C|08A9|409051E9|107629AA|0722|411EAC17|1068703B|5A|426F77D0|1075A2E4|0|0|0|012B|40932B00|1057B8A2|0|0|0|3204C4|419DCB6B|1057B8A2||918d6d4f2c9414c88d25e60421dcd785
30|2021-09-26T12:07:46.0510000+01:00|129|Galvanize|0.00|1057B8A2|Alex Knightfall|1075A2E4|Niru Summers|00|153077|97285||534b7130353eb28515927392e4d65791
37|2021-09-26T12:07:46.1390000+01:00|40011DF8|Jagd Doll|00008CA1|55233|167240|10000|10000|0||105.4856|94.77368|0|-1.368284||afdda529a89c7fd69b74764123f5c15c
37|2021-09-26T12:07:46.2290000+01:00|10675739|Jasy Heavensong|00008CA3|97086|97086|7568|10000|15||99.74817|96.51331|-0.01531982|3.070357|2100|0|0|01|0A002FB4|0|41A80000|10675739||659fb07002352db89b701200edb8d227
26|2021-09-26T12:07:46.2290000+01:00|4b4|Lucid Dreaming|21.00|10675739|Jasy Heavensong|10675739|Jasy Heavensong|00|97086|97086||be369e940dae1b036990936e08ea4a76
37|2021-09-26T12:07:46.3160000+01:00|40011DF8|Jagd Doll|00008C9F|44353|167240|10000|10000|0||105.4856|94.77368|0|-1.433558||7a472588d87cb8cfe06e6c49664d6df2
20|2021-09-26T12:07:46.3170000+01:00|10675739|Jasy Heavensong|40AB|Malefic IV|40011DEA|Liquid Hand|1.43|99.74817|96.51331|0|-2.996037||eb69b971e8d4d3f0450d812c8e7a7a68
37|2021-09-26T12:07:46.4070000+01:00|40011DF7|Jagd Doll|00008CA6|52341|167240|10000|10000|0||112.5963|111.0094|0|2.126369||b5496ea1bca58f7dbcd7b881b2b9cb09
37|2021-09-26T12:07:46.4070000+01:00|1068703B|Tomo Uchuu|00008CA6|58540|106478|10000|10000|5||115.1075|109.2325|0|-1.72578|2600|0|0|01|0A003216|0|C1A00000|1068703B||7385aa18dfe469191effcdce8ffcf8b2
37|2021-09-26T12:07:46.4070000+01:00|40011D69|Living Liquid|00008CA7|3845408|12889320|10000|10000|0||97.73401|103.1356|0|2.417849||cbe311add28161f6c5c05e143274f128
22|2021-09-26T12:07:46.4070000+01:00|10752D6C|Volkon Vysk|3F15|Demon Slaughter|40011DEA|Liquid Hand|3C710003|18660000|13D|ED8000|11B|3F158000|0|0|0|0|0|0|0|0|0|0|4243216|12889320|10000|10000|0|1000|98.17829|101.2917|0|2.418126|147984|152511|10000|10000|0|1000|102.3121|97.18172|-0.0006875474|0.6597655|00008CA8|0|ca3c691cf6399ee3a2cf2361ef9d3243
22|2021-09-26T12:07:46.4070000+01:00|10752D6C|Volkon Vysk|3F15|Demon Slaughter|40011D69|Living Liquid|3C710003|18630000|0|0|0|0|0|0|0|0|0|0|0|0|0|0|3845408|12889320|10000|10000|0|1000|97.73401|103.1356|0|2.39525|147984|152511|10000|10000|0|1000|102.3121|97.18172|-0.0006875474|0.6597655|00008CA8|1|e59b61ed2f53282b7be58b1ee89a01e6
22|2021-09-26T12:07:46.4070000+01:00|10752D6C|Volkon Vysk|3F15|Demon Slaughter|40011DF8|Jagd Doll|3C710003|19F60000|0|0|0|0|0|0|0|0|0|0|0|0|0|0|44353|167240|10000|10000|0|1000|105.4856|94.77368|0|-1.720138|147984|152511|10000|10000|0|1000|102.3121|97.18172|-0.0006875474|0.6597655|00008CA8|2|f15c08fa5e4341b28357347d6583bcd4
21|2021-09-26T12:07:46.4510000+01:00|40011DFC|Seraph|40A4|Seraphic Veil|10752D6C|Volkon Vysk|10004|22DF0000|DF0E|77D0000|1B|40A48000|0|0|0|0|0|0|0|0|0|0|147984|152511|10000|10000|0|1000|102.3121|97.18172|-0.0006875474|0.6597655|92601|92601|10000|10000|0|1000|100.1449|100.0533|0|-2.080567|00008CA9|0|614c4ef594e8c925e468711307461ea0
31|2021-09-26T12:07:46.4960000+01:00|1068703B|280126|00|E0000000|00|29dc19050fe2978224f38f79af357154
37|2021-09-26T12:07:46.5400000+01:00|40011DEA|Liquid Hand|00008CA4|4218692|12889320|10000|10000|0||98.49159|100.9231|0|2.379115||1e8adb1ca8bffc76dc10fe810f5315cf
37|2021-09-26T12:07:46.5400000+01:00|40011DEA|Liquid Hand|00008CA7|4212823|12889320|10000|10000|0||98.49159|100.9231|0|2.379115|01|0|0|0||13d1193ce4df79eb276fce5e35f11a24
31|2021-09-26T12:07:46.5410000+01:00|1068703B|320126|00|E0000000|00|1dcf97d012ff264dacb9e8fc58b1b234
37|2021-09-26T12:07:46.5860000+01:00|40011DF7|Jagd Doll|00008CA5|40955|167240|10000|10000|0||112.5963|111.0094|0|2.133982||98bc3113bd52a75d8d0cf430271de335
37|2021-09-26T12:07:46.5860000+01:00|1068703B|Tomo Uchuu|00008CA5|58540|106478|10000|10000|5||115.1075|109.2325|0|-1.72578|2600|0|0|01|0A003216|0|41A00000|1068703B||b229cc42ba8a194a7c27660d2a0ed04c
38|2021-09-26T12:07:46.5860000+01:00|1068703B|Tomo Uchuu|00505026|58540|106478|10000|10000|5|0|115.1075|109.2325|0|-1.72578|0|0|0|14016A|41F00000|E0000000|0A0168|41F00000|E0000000|071F|42700000|1068703B|28FE0030|45113D18|1068703B|0129|41D9311F|1057B8A2|08A9|407E76BE|107629AA|0757|414E8319|10675739|071D|42014570|1068703B|0737|42014570|1068703B|0722|41094FF0|1068703B|0716|419FA3D7|1068703B|072F|414E8319|10752D6C|0|0|0|0|0|0|0763|40E14756|10675739||d3c9891f308d37f734e68e238bc2f89f
20|2021-09-26T12:07:46.6740000+01:00|107401EC|Raesa Velan|DF9|Fire IV|40011DEA|Liquid Hand|2.62|91.66089|93.64453|0|0.8645551||bb0521beca8038c591b16415e0a2cf33
21|2021-09-26T12:07:46.8070000+01:00|107ABEEC|Greiyan Fletz|07|Attack|40011DEA|Liquid Hand|710003|10EE0000|0|0|0|0|0|0|0|0|0|0|0|0|0|0|4212823|12889320|10000|10000|0|1000|99.03444|100.3752|0|2.385603|106544|106544|10000|10000|0|1000|96.31911|104.3624|-0.0008647794|2.636006|00008CAA|0|9e879d0ff632a41229bfc802258fee60
39|2021-09-26T12:07:46.9410000+01:00|10675739|Jasy Heavensong|97086|97086|7832|10000|0|0|99.74817|96.51331|0|-0.7866056||f10817aa713e93447d24f07e571dc257
39|2021-09-26T12:07:46.9410000+01:00|1075A2E4|Niru Summers|132240|153077|10000|10000|0|0|103.0642|98.10233|0|1.028769||aca7068402ec67af190a98a834f7ab63
39|2021-09-26T12:07:46.9410000+01:00|10752D6C|Volkon Vysk|149509|152511|10000|10000|0|0|100.5693|98.54208|-0.01531982|0.6597655||912af06c3156f3174603431b4093108b
24|2021-09-26T12:07:46.9870000+01:00|40011D69|Living Liquid|DoT|0|4A0C|3826452|12889320|10000|10000|0|1000|97.73401|103.1356|0|2.36874||053ae94160abb06307bdc7b69954c022
36|2021-09-26T12:07:46.9870000+01:00|0E9C|3|8dc6df8b5a0ccedc2355393a8cff3293
38|2021-09-26T12:07:46.9870000+01:00|40011D69|Living Liquid|00505000|3826452|12889320|10000|10000|0|0|97.73401|103.1356|0|2.36874|D7F7|30|0|0767|413FBE49|1057B8A2|2804B1|40DE7E98|107629AA|0759|413FBE49|10675739|2804B0|40DE7E98|107629AA|0|0|0|04CC|4228D482|107ABEEC||47fe728f99b06ee7160f2544f851baf9
37|2021-09-26T12:07:47.0300000+01:00|40011DEA|Liquid Hand|00008CA8|4206577|12889320|10000|10000|0||99.34359|100.0632|0|2.563323||5ae804a347400b4f5a0f0eb4c40b98d0
39|2021-09-26T12:07:47.0300000+01:00|1068703B|Tomo Uchuu|59604|106478|10000|10000|0|0|114.5661|109.1479|0|-1.72578||440a53766fd61cf4401754c40cd83089
39|2021-09-26T12:07:47.0750000+01:00|107629AA|Joeson Lmoa|106059|106059|10000|10000|0|0|104.2175|94.33556|-0.01531982|-2.373852||1eda702210fad39eb8df4e5253a2c447
37|2021-09-26T12:07:47.1640000+01:00|40011D69|Living Liquid|00008CA8|3820209|12889320|10000|10000|0||97.73401|103.1356|0|2.3785|01|0|0|0||44e1d70b90afc02785617066660aab94
39|2021-09-26T12:07:47.1640000+01:00|1057B8A2|Alex Knightfall|97285|97285|6160|10000|0|0|99.6261|101.0604|0|-1.968479||b780a7ef95e62f59da462d292ad38c31
39|2021-09-26T12:07:47.2100000+01:00|107401EC|Raesa Velan|72143|96887|6400|10000|0|0|91.66089|93.64453|0|0.8520533||8b71c7281cc60d04b2bda26638b195e9
21|2021-09-26T12:07:47.2100000+01:00|10675739|Jasy Heavensong|40AB|Malefic IV|40011DEA|Liquid Hand|750103|5DB60000|1B|40AB8000|0|0|0|0|0|0|0|0|0|0|0|0|4206577|12889320|10000|10000|0|1000|99.47982|99.92574|0|2.932788|97086|97086|7832|10000|0|1000|99.74817|96.51331|0|-0.5047578|00008CAB|0|65bec9bf44cb94d5eaf9d81fe374f839
21|2021-09-26T12:07:47.2550000+01:00|1075A2E4|Niru Summers|07|Attack|40011D69|Living Liquid|710003|F280000|0|0|0|0|0|0|0|0|0|0|0|0|0|0|3820209|12889320|10000|10000|0|1000|97.92567|102.9298|0|2.379667|132240|153077|10000|10000|0|1000|103.856|96.88171|-0.001164228|1.369914|00008CAC|0|1f7218dff28dcaf5c0b1bfebaa643d86
37|2021-09-26T12:07:47.2990000+01:00|40011DF8|Jagd Doll|00008CA8|37707|167240|10000|10000|0||105.4856|94.77368|0|-1.866242|02|0|0|0||fe232806af715435f00ffd5bb8ed2573
37|2021-09-26T12:07:47.3450000+01:00|40011DEA|Liquid Hand|00008CAA|4202243|12889320|10000|10000|0||99.50245|99.90292|0|-3.04828||0d42f581367e7b1a2b7edf7077fd1d36
21|2021-09-26T12:07:47.3900000+01:00|40011DF5|Jagd Doll|481E|Exhaust|107401EC|Raesa Velan|750003|400|100000E|2C20000|1B|481E8000|0|0|0|0|0|0|0|0|0|0|72143|96887|6400|10000|0|1000|91.66089|93.64453|0|0.8593903|40328|167240|10000|10000|0|1000|90.56226|91.69141|0|0.5105836|00008CAD|0|cfaff093c843f79a1e995182b7fb9f9a
21|2021-09-26T12:07:47.3900000+01:00|40011DF7|Jagd Doll|481E|Exhaust|1068703B|Tomo Uchuu|750003|14D90400|100000E|2C20000|1B|481E8000|0|0|0|0|0|0|0|0|0|0|59604|106478|10000|10000|0|1000|114.5661|109.1479|0|-1.72578|40955|167240|10000|10000|0|1000|112.5963|111.0094|0|2.280467|00008CAE|0|e37918b70408ce69c6a4b9b0618aefeb
22|2021-09-26T12:07:47.3900000+01:00|40011DF8|Jagd Doll|481E|Exhaust|1075A2E4|Niru Summers|750003|19AA0000|100000E|2C20000|1B|481E8000|0|0|0|0|0|0|0|0|0|0|132240|153077|10000|10000|0|1000|104.0166|96.62184|-0.01531982|1.350406|44353|167240|10000|10000|0|1000|105.4856|94.77368|0|-1.866242|00008CAF|0|80eea779c7110980faad741ea65fbe6c
22|2021-09-26T12:07:47.3900000+01:00|40011DF8|Jagd Doll|481E|Exhaust|107629AA|Joeson Lmoa|750003|14550400|100000E|2C20000|1B|481E8000|0|0|0|0|0|0|0|0|0|0|106059|106059|10000|10000|0|1000|103.5332|94.28746|0|-2.007749|44353|167240|10000|10000|0|1000|105.4856|94.77368|0|-1.866242|00008CAF|1|ba4ef45417e74ecf8a93403414ef72b0
22|2021-09-26T12:07:47.3900000+01:00|40011DF8|Jagd Doll|481E|Exhaust|10675739|Jasy Heavensong|750003|400|100000E|2C20000|1B|481E8000|0|0|0|0|0|0|0|0|0|0|97086|97086|7432|10000|0|1000|99.74817|96.51331|0|-0.3494005|44353|167240|10000|10000|0|1000|105.4856|94.77368|0|-1.866242|00008CAF|2|bcba6f10b26bfee6ca25dbdd6126eb01
22|2021-09-26T12:07:47.3900000+01:00|40011DF8|Jagd Doll|481E|Exhaust|107ABEEC|Greiyan Fletz|750003|3CD0400|100000E|2C20000|1B|481E8000|0|0|0|0|0|0|0|0|0|0|106544|106544|10000|10000|0|1000|97.6905|101.0864|-0.0006402701|2.723989|44353|167240|10000|10000|0|1000|105.4856|94.77368|0|-1.866242|00008CAF|3|b084a124f746b9688af258ed6a85896d
22|2021-09-26T12:07:47.3900000+01:00|40011DF8|Jagd Doll|481E|Exhaust|1057B8A2|Alex Knightfall|750003|38E0400|100000E|2C20000|1B|481E8000|0|0|0|0|0|0|0|0|0|0|97285|97285|6160|10000|0|1000|99.6261|101.0604|0|-2.370036|44353|167240|10000|10000|0|1000|105.4856|94.77368|0|-1.866242|00008CAF|4|550660071d83877cb1a33ecc7aefc506
37|2021-09-26T12:07:47.4780000+01:00|10752D6C|Volkon Vysk|00008CA9|152511|152511|10000|10000|5||98.51508|99.99748|-0.01531982|0.5722375|2500|0|0|01|090021FD|0|41F00000|40011DFC||ae7822a788cfea630a3cfc981a0453ee
26|2021-09-26T12:07:47.4780000+01:00|77d|Seraphic Veil|30.00|40011DFC|Seraph|10752D6C|Volkon Vysk|00|152511|92601||46decd807def337ad62c97ce66348302
38|2021-09-26T12:07:47.4780000+01:00|10752D6C|Volkon Vysk|00505025|152511|152511|10000|10000|5|0|98.51508|99.99748|-0.01531982|0.5722375|D7F7|30|0|14016A|41F00000|E0000000|0A0168|41F00000|E0000000|28FD0030|4511D278|10752D6C|0757|413E1486|10675739|08A9|40454FD6|107629AA|04A7|4150B84B|10752D6C|0722|4105B65A|1068703B|072F|41313F8A|10752D6C|012B|404B0203|1057B8A2|077D|41EFA3D7|40011DFC|0|0|0|0|0|0|0|0|0|0763|40D5E2EF|10675739|0|0|0|0729|0|10752D6C||5244728dccb0a45aa2adbab2f72f5185
24|2021-09-26T12:07:47.5230000+01:00|40011DEA|Liquid Hand|DoT|0|5E0F|4202243|12889320|10000|10000|0|1000|99.5444|99.83972|0|-2.461549||743d3c6db5ae6f39263a41226ea01f53
21|2021-09-26T12:07:47.5230000+01:00|10752D6C|Volkon Vysk|07|Attack|40011DEA|Liquid Hand|710003|AF40000|0|0|0|0|0|0|0|0|0|0|0|0|0|0|4202243|12889320|10000|10000|0|1000|99.5444|99.83972|0|-2.461549|152511|152511|10000|10000|0|1000|98.47813|99.77102|-0.0008402527|0.3983465|00008CB0|0|3f67a3e3adb9246e912fa68ddac9aef0
38|2021-09-26T12:07:47.5230000+01:00|40011DEA|Liquid Hand|00505000|4178164|12889320|10000|10000|0|0|99.5444|99.83972|0|-2.461549|D7F7|30|0|0A00A3|41244594|107401EC|0767|40804121|1057B8A2|04CC|420C509A|107ABEEC|2804B1|41406E67|107629AA|0759|415DB1F5|10675739|2804B0|41692292|107629AA||05d779ad182e206e4781f44bb3a21bcc
21|2021-09-26T12:07:47.6110000+01:00|107629AA|Joeson Lmoa|406F|Burst Shot|40011DF8|Jagd Doll|720303|56630000|1B|406F8000|0|0|0|0|0|0|0|0|0|0|0|0|37707|167240|10000|10000|0|1000|105.4856|94.77368|0|-1.803254|106059|106059|10000|10000|0|1000|103.8804|93.57616|-0.002608611|-2.739447|00008CB1|0|43438aee90603d70544370a3b82d6fb9
21|2021-09-26T12:07:47.7460000+01:00|40011DEA|Liquid Hand|4979|Unknown_4979|10752D6C|Volkon Vysk|730003|39490000|0|0|0|0|0|0|0|0|0|0|0|0|0|0|152511|152511|10000|10000|0|1000|98.02499|99.71704|-0.01531982|0.3796278|4178164|12889320|10000|10000|0|1000|99.55527|99.83972|0|-1.961528|00008CB2|0|5679d29513fafb43beeea5e08a30462c
37|2021-09-26T12:07:47.7920000+01:00|40011D69|Living Liquid|00008CAC|3816329|12889320|10000|10000|0||99.65509|101.1208|0|2.380902||89f6f3c626d943ff480af271ec58993c
21|2021-09-26T12:07:47.7920000+01:00|40011DF5|Jagd Doll|4B4E|Unknown_4B4e|107401EC|Raesa Velan|720003|EB10400|0|0|0|0|0|0|0|0|0|0|0|0|0|0|72143|96887|6400|10000|0|1000|91.66089|93.64453|0|0.8864973|40328|167240|10000|10000|0|1000|90.56226|91.69141|0|0.5105836|00008CB3|0|f33c13b2922bc74944070d2c1cdf1b1c
21|2021-09-26T12:07:47.7920000+01:00|40011DF7|Jagd Doll|4B4E|Unknown_4B4e|1068703B|Tomo Uchuu|720003|E600400|0|0|0|0|0|0|0|0|0|0|0|0|0|0|59604|106478|10000|10000|0|1000|114.5661|109.1479|0|-1.807462|40955|167240|10000|10000|0|1000|112.5963|111.0094|0|2.333748|00008CB4|0|a6062a53bbef5fc67f4fb5a8de5a5500
21|2021-09-26T12:07:47.7920000+01:00|40011DF8|Jagd Doll|4B4E|Unknown_4B4e|107629AA|Joeson Lmoa|720003|DAD0400|0|0|0|0|0|0|0|0|0|0|0|0|0|0|106059|106059|10000|10000|0|1000|104.0004|93.41767|-0.00139742|0.6532459|37707|167240|10000|10000|0|1000|105.4856|94.77368|0|-1.785782|00008CB5|0|ab3a93ba98465af4202237386672c719
21|2021-09-26T12:07:47.7920000+01:00|1057B8A2|Alex Knightfall|409D|Broil III|40011DEA|Liquid Hand|750103|77F20000|1B|409D8000|0|0|0|0|0|0|0|0|0|0|0|0|4178164|12889320|10000|10000|0|1000|99.55527|99.83972|0|-1.961528|97285|97285|6160|10000|0|1000|99.6261|101.0604|0|-2.816919|00008CB6|0|a1d2958c425a9addebeedf9ec87ccca3
21|2021-09-26T12:07:47.7920000+01:00|10752D6C|Volkon Vysk|3F21|Heart Of Stone|10752D6C|Volkon Vysk|F10E|7300000|0|0|0|0|0|0|0|0|0|0|0|0|0|0|152511|152511|10000|10000|0|1000|98.02499|99.71704|-0.01531982|0.3796278|152511|152511|10000|10000|0|1000|98.02499|99.71704|-0.01531982|0.3796278|00008CB7|0|8e7626c425b9973e272686d71bf731b8
21|2021-09-26T12:07:47.9260000+01:00|107ABEEC|Greiyan Fletz|1D35|Hakaze|40011D69|Living Liquid|710003|21DB0000|1B|1D358000|0|0|0|0|0|0|0|0|0|0|0|0|3816329|12889320|10000|10000|0|1000|100.0929|100.6668|0|2.391673|106544|106544|10000|10000|0|1000|98.48179|99.70947|0|-3.103697|00008CB8|0|a81d87d9fc71ae0d107073530bec1efa
21|2021-09-26T12:07:47.9710000+01:00|10675739|Jasy Heavensong|40AF|Neutral Sect|10675739|Jasy Heavensong|140F|7648000|0|0|0|0|0|0|0|0|0|0|0|0|0|0|97086|97086|7432|10000|0|1000|99.97856|96.30579|-0.002209951|0.1335778|97086|97086|7432|10000|0|1000|99.97856|96.30579|-0.002209951|0.1335778|00008CB9|0|0e404dfd08d7416ed6652d4f6c323a31
37|2021-09-26T12:07:48.0150000+01:00|107401EC|Raesa Velan|00008CAD|72143|96887|6400|10000|0||91.66089|93.64453|0|0.8952684|1900|0|0|03|05000600|0|0|E0000000|08003A40|0|0|E0000000|0B000982|01|40A00000|40011DF5||d2087cf69156afb56bf08ac01e90dcef
26|2021-09-26T12:07:48.0150000+01:00|2c2|Luminous Aetheroplasm|5.00|40011DF5|Jagd Doll|107401EC|Raesa Velan|01|96887|167240||18f0dd98531991e4ea0b09349ab3bdc6
37|2021-09-26T12:07:48.0150000+01:00|1068703B|Tomo Uchuu|00008CAE|54267|106478|10000|10000|0||114.5661|109.1479|0|-1.912181|2600|0|0|02|04000600|0|0|E0000000|0C003D02|01|40A00000|40011DF7||f70c4dfc023f2c09c32714901d6464f3
26|2021-09-26T12:07:48.0150000+01:00|2c2|Luminous Aetheroplasm|5.00|40011DF7|Jagd Doll|1068703B|Tomo Uchuu|01|106478|167240||16f12921f50d4d8633e653426167d9a0
37|2021-09-26T12:07:48.0150000+01:00|1075A2E4|Niru Summers|00008CAF|125670|153077|10000|10000|0||104.3662|96.03912|-0.001290928|-0.1685103|1500|0|0|01|0A0008C2|01|40A00000|40011DF8||764200841d4ab1bd86e1ecbe557e7bed
26|2021-09-26T12:07:48.0150000+01:00|2c2|Luminous Aetheroplasm|5.00|40011DF8|Jagd Doll|1075A2E4|Niru Summers|01|153077|167240||845f7085a34ce3a4bc7b5eb61a3c1c86
38|2021-09-26T12:07:48.0150000+01:00|107401EC|Raesa Velan|00505019|72143|96887|6400|10000|0|0|91.66089|93.64453|0|0.8952684|0|0|0|0A016D|41F00000|E0000000|0A0168|41F00000|E0000000|29020030|4592F6CC|107401EC|0722|40F5FC10|1068703B|08A9|4025D2E8|107629AA|0|0|0|A5|416A7EF5|107401EC|A4|41389379|107401EC|0|0|0|072F|4133604E|10752D6C|0757|4139C6B3|10675739|0102C2|409E9FBE|40011DF5|0|0|0|0|0|0|0|0|0|0|0|0|0763|40AF4B64|10675739||4532b84106561f9926b4419e0c111306
30|2021-09-26T12:07:48.0150000+01:00|77d|Seraphic Veil|0.00|40011DFC|Seraph|107401EC|Raesa Velan|00|96887|92601||81ede318c0b631e57b0feeeb997f8810
30|2021-09-26T12:07:48.0150000+01:00|129|Galvanize|0.00|1057B8A2|Alex Knightfall|107401EC|Raesa Velan|00|96887|97285||8aa78937b973d0b88c37ef26d7406f3f
38|2021-09-26T12:07:48.0150000+01:00|1068703B|Tomo Uchuu|00505026|54267|106478|10000|10000|0|0|114.5661|109.1479|0|-1.912181|0|0|0|14016A|41F00000|E0000000|0A0168|41F00000|E0000000|071F|42700000|1068703B|28FE0030|45112644|1068703B|0|0|0|08A9|40230202|107629AA|0757|4137A5EF|10675739|071D|41F71C4A|1068703B|0737|41F71C4A|1068703B|0722|40E4E583|1068703B|0716|4194353C|1068703B|072F|4137A5EF|10752D6C|0102C2|409E9FBE|40011DF7|0|0|0|0763|40B38CF1|10675739||a9c46eef1c0805a260c258bbf3e03d7d
26|2021-09-26T12:07:48.0150000+01:00|71f|Closed Position|60.00|1068703B|Tomo Uchuu|1068703B|Tomo Uchuu|00|106478|106478||1238633075a6f97e442010c851b817c8
30|2021-09-26T12:07:48.0150000+01:00|129|Galvanize|0.00|1057B8A2|Alex Knightfall|1068703B|Tomo Uchuu|00|106478|97285||9b0bccaeb3345e27d035799dab162480
37|2021-09-26T12:07:48.0590000+01:00|107629AA|Joeson Lmoa|00008CAF|100854|106059|10000|10000|0||104.1127|93.20203|0|-0.1918787|1701|0|0|02|05000600|0|0|E0000000|08003D02|01|40A00000|40011DF8||239af4fb71a3dd46c4b153a6f3e1aa89
26|2021-09-26T12:07:48.0590000+01:00|2c2|Luminous Aetheroplasm|5.00|40011DF8|Jagd Doll|107629AA|Joeson Lmoa|01|106059|167240||86d63772b3bc23f4d8514d8c141fcb39
37|2021-09-26T12:07:48.0590000+01:00|40011DEA|Liquid Hand|00008CB0|4175360|12889320|10000|10000|0||99.56231|99.83972|0|-1.544108||177f5f87713adb4a562a411c1c9e3038
38|2021-09-26T12:07:48.0590000+01:00|107629AA|Joeson Lmoa|00505017|100854|106059|10000|10000|0|0|104.1127|93.20203|0|-0.1918787|0|0|0|0A016D|41F00000|E0000000|0A0168|41F00000|E0000000|28FE0030|45107CDF|107629AA|012B|4025D2E7|1057B8A2|0722|4100B44E|1068703B|0|0|0|0757|4130831F|10675739|072F|4134C8C0|10752D6C|0102C2|409E8F5C|40011DF8|0|0|0|0|0|0|0763|40C78CE9|10675739||2018a19db7846b56bee217e280de2373
30|2021-09-26T12:07:48.0590000+01:00|129|Galvanize|0.00|1057B8A2|Alex Knightfall|107629AA|Joeson Lmoa|00|106059|97285||d3d04fbeb31f8d1833a48210ad5dc11a
37|2021-09-26T12:07:48.1030000+01:00|10675739|Jasy Heavensong|00008CAF|97086|97086|7432|10000|4||100.1493|96.18952|-0.001226215|1.533093|2102|0|0|01|0B0008C2|01|40A00000|40011DF8||88c4d9264aeb2fd7d3b85dc58521623b
26|2021-09-26T12:07:48.1030000+01:00|2c2|Luminous Aetheroplasm|5.00|40011DF8|Jagd Doll|10675739|Jasy Heavensong|01|97086|167240||dffe805f9b75c423cc9d7dc939b8b44b
37|2021-09-26T12:07:48.1480000+01:00|107ABEEC|Greiyan Fletz|00008CAF|105571|106544|10000|10000|0||98.34673|99.59718|-0.0006571493|1.010234|2203|0|0|02|0B000600|0|0|E0000000|0D003D02|01|40A00000|40011DF8||544660304c8db55c1e3f8a8df3672349
26|2021-09-26T12:07:48.1480000+01:00|2c2|Luminous Aetheroplasm|5.00|40011DF8|Jagd Doll|107ABEEC|Greiyan Fletz|01|106544|167240||e6dd21f3132f3ae7c28592241d9a0c25
38|2021-09-26T12:07:48.1480000+01:00|107ABEEC|Greiyan Fletz|00505022|105571|106544|10000|10000|0|0|98.34673|99.59718|-0.0006571493|1.010234|0|0|0|0720|42700000|1068703B|14016A|41F00000|E0000000|0A0168|41F00000|E0000000|28FE0030|45107E57|107ABEEC|072F|412F1AAD|10752D6C|0722|40E93772|1068703B|012B|40231264|1057B8A2|0839|41F60BE7|1068703B|0737|41F60BE7|1068703B|08A9|401D4FD6|107629AA|0513|41D7233B|107ABEEC|0|0|0|0757|4139CEE4|10675739|0102C2|409E978D|40011DF8|0|0|0|0|0|0|0512|42059CDF|107ABEEC|0|0|0|0|0|0|0|0|0|0763|40B39D4B|10675739||76fa12a305e59f0fe6f8a938e2db8f91
26|2021-09-26T12:07:48.1480000+01:00|720|Dance Partner|60.00|1068703B|Tomo Uchuu|107ABEEC|Greiyan Fletz|00|106544|106478||61fcfcf1ca6a698f664bcb997de85a4c
30|2021-09-26T12:07:48.1480000+01:00|129|Galvanize|0.00|1057B8A2|Alex Knightfall|107ABEEC|Greiyan Fletz|00|106544|97285||fe7e6a40bfe7cc4cbd50ceb1e8d0c75a
37|2021-09-26T12:07:48.1920000+01:00|1057B8A2|Alex Knightfall|00008CAF|96375|97285|5760|10000|0||99.6261|101.0604|0|-2.257172|1C04|0|0|02|05000600|0|0|E0000000|0C003D02|01|40A00000|40011DF8||b976ef8eee2c9d9eb46d7d7ca8090c8c
26|2021-09-26T12:07:48.1920000+01:00|2c2|Luminous Aetheroplasm|5.00|40011DF8|Jagd Doll|1057B8A2|Alex Knightfall|01|97285|167240||b546a291aaf902dc196ac0e18b082ec8
38|2021-09-26T12:07:48.1920000+01:00|1057B8A2|Alex Knightfall|0050501C|96375|97285|5760|10000|0|0|99.6261|101.0604|0|-2.257172|0|0|0|0A016D|41F00000|E0000000|1E016C|41F00000|E0000000|28FE0030|44D8C540|1057B8A2|010130|0|1057B8A2|075B|40A06266|10675739|0|0|0|0757|412C4197|10675739|08A9|401A6E8E|107629AA|0722|40E37D11|1068703B|0798|40D5376C|1057B8A2|012B|401D4FD5|1057B8A2|072F|412C4197|10752D6C|0102C2|409E8F5C|40011DF8|0|0|0|0|0|0|0763|40B67663|10675739||f6b273c877c9cba46b67fcb01fa81588
30|2021-09-26T12:07:48.1920000+01:00|129|Galvanize|0.00|1057B8A2|Alex Knightfall|1057B8A2|Alex Knightfall|00|97285|97285||b39ba84cbf8bdf52b90b81ee8406085c
37|2021-09-26T12:07:48.2810000+01:00|40011DEA|Liquid Hand|00008CAB|4151370|12889320|10000|10000|0||99.56506|99.83972|0|-1.371525||bf617af5b3d70b414420af5421d9ecd0
37|2021-09-26T12:07:48.2810000+01:00|10752D6C|Volkon Vysk|00008CB2|137846|152511|10000|10000|0||96.5111|100.3222|-0.002708695|1.181897|2500|0|0|01|09000600|0|0|E0000000||bd230aeb46b9765b511a16ee5b3bb1ee
21|2021-09-26T12:07:48.2820000+01:00|1068703B|Tomo Uchuu|3E76|Fountain|40011D69|Living Liquid|42720203|47F60000|11B|3E768000|0|0|0|0|0|0|0|0|0|0|0|0|3816329|12889320|10000|10000|0|1000|100.4196|100.328|0|2.399709|54267|106478|10000|10000|0|1000|114.5661|109.1479|0|-1.983391|00008CBA|0|9d7526cab8b51f93f22f5283644ae8af
38|2021-09-26T12:07:48.2820000+01:00|10752D6C|Volkon Vysk|00505025|137846|152511|10000|10000|0|0|96.5111|100.3222|-0.002708695|1.181897|0|0|0|14016A|41F00000|E0000000|0A0168|41F00000|E0000000|28FD0030|4511C5A4|10752D6C|0757|41313B71|10675739|08A9|4011EB7B|107629AA|04A7|4143DF36|10752D6C|0722|40F1BA85|1068703B|072F|41246675|10752D6C|012B|40179DA8|1057B8A2|0|0|0|0|0|0|0|0|0|0|0|0|0763|40BC30BE|10675739|0|0|0|0729|0|10752D6C||e2f9376bb4630e5cafa6bdcfc91bf905
30|2021-09-26T12:07:48.2820000+01:00|77d|Seraphic Veil|0.00|40011DFC|Seraph|10752D6C|Volkon Vysk|00|152511|92601||dcf55e1ee0e78f525e1862d9ed9bd84c
37|2021-09-26T12:07:48.3260000+01:00|107401EC|Raesa Velan|00008CB3|68382|96887|6400|10000|0||91.66089|93.64453|0|0.9049184|1900|0|0|0||6a209679e4cca01598eaede24e15fbbe
37|2021-09-26T12:07:48.3260000+01:00|1068703B|Tomo Uchuu|00008CB4|50587|106478|10000|10000|0||114.5661|109.1479|0|-1.983391|2600|0|0|0||c4240fca508b4f4ea676e530d9d8e68e
37|2021-09-26T12:07:48.3260000+01:00|107629AA|Joeson Lmoa|00008CB5|97353|106059|10000|10000|0||103.5546|93.39951|-0.0007676422|-0.8508508|1700|0|0|0||cd574a5b9189272fac059eae0d7b8257
21|2021-09-26T12:07:48.3260000+01:00|1057B8A2|Alex Knightfall|409C|Biolysis|40011DEA|Liquid Hand|F9780E|7670000|1B|409C8000|0|0|0|0|0|0|0|0|0|0|0|0|4175360|12889320|10000|10000|0|1000|99.56506|99.83972|0|-1.371525|96375|97285|5760|10000|0|1000|99.6261|101.0604|0|-2.449681|00008CBB|0|110a22806be71e54bb9e64f69ce5a607
22|2021-09-26T12:07:48.3260000+01:00|1075A2E4|Niru Summers|29|Overpower|40011D69|Living Liquid|710103|172C0000|1B|298000|0|0|0|0|0|0|0|0|0|0|0|0|3816329|12889320|10000|10000|0|1000|100.4196|100.328|0|2.399709|125670|153077|10000|10000|0|1000|104.4182|95.95252|-0.001251622|-0.5101375|00008CBC|0|181595a6c8927509c8c8f777498e62c0
22|2021-09-26T12:07:48.3260000+01:00|1075A2E4|Niru Summers|29|Overpower|40011DEA|Liquid Hand|710003|E350000|1B|298000|0|0|0|0|0|0|0|0|0|0|0|0|4175360|12889320|10000|10000|0|1000|99.56506|99.83972|0|-1.371525|125670|153077|10000|10000|0|1000|104.4182|95.95252|-0.001251622|-0.5101375|00008CBC|1|94b0e25f468ef9bee1cbf6164b1c1c11
37|2021-09-26T12:07:48.4140000+01:00|10752D6C|Volkon Vysk|00008CB7|137846|152511|10000|10000|0||96.30221|100.3391|0|1.256892|2500|0|0|01|09000D30|0|40E00000|10752D6C||9d16c226791f1eeb7ef00f1ccaabee11
26|2021-09-26T12:07:48.4140000+01:00|730|Heart Of Stone|7.00|10752D6C|Volkon Vysk|10752D6C|Volkon Vysk|00|152511|152511||34bac46f19e58a4009180479f913f1ea
24|2021-09-26T12:07:48.4600000+01:00|10675739|Jasy Heavensong|HoT|0|1167|97086|97086|7432|10000|0|1000|100.4806|95.96399|-0.01531982|1.533093||cd0695037976ed311c8b6fddb4c65293
24|2021-09-26T12:07:48.4600000+01:00|1075A2E4|Niru Summers|HoT|0|10B5|125670|153077|10000|10000|0|1000|103.9131|96.57|-0.0008159435|-0.7320613||8ba9f8d0c32181a4b9f0a864d3f458cc
24|2021-09-26T12:07:48.4600000+01:00|10752D6C|Volkon Vysk|HoT|0|1B30|137846|152511|10000|10000|0|1000|95.98644|100.3287|-0.001539374|1.340727||26d6890f2b1d0e8a81e0da3b83c54d17
21|2021-09-26T12:07:48.4600000+01:00|107629AA|Joeson Lmoa|08|Shot|40011DF8|Jagd Doll|720003|E9E0000|0|0|0|0|0|0|0|0|0|0|0|0|0|0|37707|167240|10000|10000|0|1000|105.4856|94.77368|0|-2.278968|97353|106059|10000|10000|0|1000|102.4288|93.88204|-0.001753795|-0.9879452|00008CBD|0|7dad700bee394afc956f2ee8103ca0dc
38|2021-09-26T12:07:48.4600000+01:00|10675739|Jasy Heavensong|00505021|97086|97086|7932|10000|4|0|100.4806|95.96399|-0.01531982|1.533093|0|0|0|0A0168|41F00000|E0000000|0F016B|41F00000|E0000000|0722|40E37D13|1068703B|28FE0030|451072EF|10675739|0129|41C81260|1057B8A2|08A9|40069784|107629AA|012B|400C49B1|1057B8A2|0347|0|10675739|0757|4125D719|10675739|072F|4125D719|10752D6C|04B4|4195CED2|10675739|0102C2|40933B62|40011DF8|0763|409CCC6A|10675739||5971bbe97f27de010d39fc1ffb79c54d
38|2021-09-26T12:07:48.4600000+01:00|1075A2E4|Niru Summers|00505015|129947|153077|10000|10000|0|0|103.9131|96.57|-0.0008159435|-0.7320613|0|0|0|0A016D|41F00000|E0000000|0A0168|41F00000|E0000000|5B|0|1075A2E4|28FD0030|4511E15C|1075A2E4|0757|412C45B0|10675739|0763|40B23D09|10675739|072F|4123B655|10752D6C|08A9|40069784|107629AA|0722|40F05213|1068703B|5A|4265D71D|1075A2E4|0102C2|40906A7C|40011DF8|012B|400C49B1|1057B8A2|0|0|0|3204C4|418A89DB|1057B8A2||886843d94954ecd5b3bf8930d746a6a3
38|2021-09-26T12:07:48.4600000+01:00|10752D6C|Volkon Vysk|00505025|144806|152511|10000|10000|0|0|95.98644|100.3287|-0.001539374|1.340727|0|0|0|14016A|41F00000|E0000000|0A0168|41F00000|E0000000|28FD0030|4511C2D0|10752D6C|0757|412E6674|10675739|08A9|40069784|107629AA|04A7|41410A39|10752D6C|0722|40EC1088|1068703B|072F|41219178|10752D6C|012B|400C49B1|1057B8A2|0730|40DD2F1A|10752D6C|0|0|0|0|0|0|0|0|0|0763|40B686C1|10675739|0|0|0|0729|0|10752D6C||2c34f41feceaddd2db77515939636984
37|2021-09-26T12:07:48.5480000+01:00|40011D69|Living Liquid|00008CB8|3807662|12889320|10000|10000|0||100.4196|100.328|0|2.399709||d77e1837d9cbaeb0a9cdd66145f5ecf5
24|2021-09-26T12:07:48.5480000+01:00|1068703B|Tomo Uchuu|HoT|0|11B3|50587|106478|10000|10000|0|1000|114.5661|109.1479|0|-1.96873||2251e49315de2abdb98c0a7b85a10b71
21|2021-09-26T12:07:48.5480000+01:00|40011D69|Living Liquid|4978|Unknown_4978|1075A2E4|Niru Summers|730003|77E40000|0|0|0|0|0|0|0|0|0|0|0|0|0|0|125670|153077|10000|10000|0|1000|103.9131|96.57|-0.0008159435|-0.7320613|3816329|12889320|10000|10000|0|1000|100.4196|100.328|0|2.399709|00008CBE|0|78d9e42fc2e75392059446bb5cddd3d8
38|2021-09-26T12:07:48.5480000+01:00|1068703B|Tomo Uchuu|00505026|55118|106478|10000|10000|0|0|114.5661|109.1479|0|-1.96873|0|0|0|14016A|41F00000|E0000000|0A0168|41F00000|E0000000|071F|42700000|1068703B|28FE0030|45111DBC|1068703B|0|0|0|08A9|4000D4F4|107629AA|0757|412F1AAD|10675739|071D|41F2D6A6|1068703B|0737|41F2D6A6|1068703B|0722|40D3CEF9|1068703B|0716|418FEF98|1068703B|072F|412F1AAD|10752D6C|0102C2|408D8934|40011DF7|0|0|0|0763|40A27667|10675739||56d0e8a52e3a9d66261dbe5988accc08
37|2021-09-26T12:07:48.5930000+01:00|40011DEA|Liquid Hand|00008CB6|4120664|12889320|10000|10000|0||99.56506|99.83972|0|-1.413345||2592fb8bc1ffeca266a9de1adf32eb25
24|2021-09-26T12:07:48.5930000+01:00|107629AA|Joeson Lmoa|HoT|0|118B|97353|106059|10000|10000|0|1000|101.8806|94.14623|0|-1.027971||12ecc7d99e9d60ba2173099fbd2fa143
38|2021-09-26T12:07:48.5930000+01:00|107ABEEC|Greiyan Fletz|00505022|105571|106544|10000|10000|0|0|98.32037|98.74919|-0.001730566|1.989457|0|0|0|0720|42700000|1068703B|14016A|41F00000|E0000000|0A0168|41F00000|E0000000|28FE0030|4510773B|107ABEEC|072F|4127FBF6|10752D6C|0722|40DAF9FF|1068703B|012B|40069783|1057B8A2|0839|41F27C89|1068703B|0737|41F27C89|1068703B|08A9|40A00000|107629AA|0513|41D393DD|107ABEEC|0|0|0|0757|4132B02D|10675739|0102C2|40905A1A|40011DF8|0|0|0|0|0|0|0512|4203D535|107ABEEC|0|0|0|0|0|0|0|0|0|0763|40A55FD8|10675739||fd48c02c5bbec52dfcdf7d09b1d6a617
26|2021-09-26T12:07:48.5930000+01:00|8a9|Mage's Ballad|5.00|107629AA|Joeson Lmoa|107ABEEC|Greiyan Fletz|00|106544|106059||39add1a5d08482dcf24b7e9d3276b017
38|2021-09-26T12:07:48.5930000+01:00|107401EC|Raesa Velan|00505019|68382|96887|6400|10000|0|0|91.66089|93.64453|0|0.9049184|0|0|0|0A016D|41F00000|E0000000|0A0168|41F00000|E0000000|29020030|4592F22E|107401EC|0722|40E37D13|1068703B|08A9|40A00000|107629AA|0|0|0|A5|41613F7A|107401EC|A4|412F53FE|107401EC|0|0|0|072F|412A20D3|10752D6C|0757|41308738|10675739|0102C2|408C20C1|40011DF5|0|0|0|0|0|0|0|0|0|0|0|0|0763|409CCC67|10675739||27f32642201935f811379d2f687c3745
26|2021-09-26T12:07:48.5930000+01:00|8a9|Mage's Ballad|5.00|107629AA|Joeson Lmoa|107401EC|Raesa Velan|00|96887|106059||a526eaab880edf6365c367acbf872cf9
38|2021-09-26T12:07:48.5930000+01:00|40011DFC|Seraph|00505000|92601|92601|10000|10000|0|0|100.1449|100.0533|0|0.5272074|0|0|0|28FE0030|44D8B874|1057B8A2|08A9|40A00000|107629AA|075B|40939597|10675739||3810971c7aa4569dc38edd882f3ff519
26|2021-09-26T12:07:48.5930000+01:00|8a9|Mage's Ballad|5.00|107629AA|Joeson Lmoa|40011DFC|Seraph|00|92601|106059||fa99103eea0e3aa0cec927c00aef761f
38|2021-09-26T12:07:48.5930000+01:00|1057B8A2|Alex Knightfall|0050501C|96375|97285|5360|10000|0|0|99.6261|101.0604|0|-3.075343|0|0|0|0A016D|41F00000|E0000000|1E016C|41F00000|E0000000|28FE0030|44D8B874|1057B8A2|010130|0|1057B8A2|075B|40939597|10675739|0|0|0|0757|4125DB32|10675739|08A9|40A00000|107629AA|0722|40D6B042|1068703B|0798|40C86A9D|1057B8A2|012B|4003B63C|1057B8A2|072F|4125DB32|10752D6C|0102C2|4091C28D|40011DF8|0|0|0|0|0|0|0763|40A9A994|10675739||55d5de09dd5caf640f20a0036c3640f2
26|2021-09-26T12:07:48.5930000+01:00|8a9|Mage's Ballad|5.00|107629AA|Joeson Lmoa|1057B8A2|Alex Knightfall|00|97285|106059||f728d1af5f90aaf49b30b13c6e29e146
38|2021-09-26T12:07:48.5930000+01:00|107629AA|Joeson Lmoa|00505017|101844|106059|10000|10000|0|0|101.8806|94.14623|0|-1.027971|0|0|0|0A016D|41F00000|E0000000|0A0168|41F00000|E0000000|28FE0030|4510745B|107629AA|012B|4003B63C|1057B8A2|0722|40F05A44|1068703B|0|0|0|0757|4127FBF6|10675739|072F|412C4197|10752D6C|0102C2|408D8103|40011DF8|0|0|0|0|0|0|0763|40B67E90|10675739||c842e6c8c5b2d77b7c9ffae4d78011a0
38|2021-09-26T12:07:48.5930000+01:00|10675739|Jasy Heavensong|00505021|97086|97086|7932|10000|4|0|100.4806|95.96399|0|1.533093|0|0|0|0A0168|41F00000|E0000000|0F016B|41F00000|E0000000|0722|40DF3358|1068703B|28FE0030|451070CB|10675739|0129|41C6FFF1|1057B8A2|08A9|409E978D|107629AA|012B|4003B63C|1057B8A2|0347|0|10675739|0757|4123B23C|10675739|072F|4123B23C|10752D6C|04B4|4194BC63|10675739|0102C2|408EF1A7|40011DF8|0763|409882AF|10675739||a6c20358077031973e905a9ac3882c40
26|2021-09-26T12:07:48.5930000+01:00|8a9|Mage's Ballad|4.96|107629AA|Joeson Lmoa|10675739|Jasy Heavensong|00|97086|106059||b67aaf7f572190cd02f12be8fca5af61
38|2021-09-26T12:07:48.5930000+01:00|1068703B|Tomo Uchuu|00505026|55118|106478|10000|10000|0|0|114.5661|109.1479|0|-1.928936|0|0|0|14016A|41F00000|E0000000|0A0168|41F00000|E0000000|071F|42700000|1068703B|28FE0030|45111D08|1068703B|0|0|0|08A9|409E978D|107629AA|0757|412E6674|10675739|071D|41F27C89|1068703B|0737|41F27C89|1068703B|0722|40D26686|1068703B|0716|418F957B|1068703B|072F|412E6674|10752D6C|0102C2|408C20C1|40011DF7|0|0|0|0763|40A10DF4|10675739||712dc99a62f9a22d595d0aab5d835aa3
26|2021-09-26T12:07:48.5930000+01:00|8a9|Mage's Ballad|4.96|107629AA|Joeson Lmoa|1068703B|Tomo Uchuu|00|106478|106059||1f94aace300c095546edf2c079027f8c
38|2021-09-26T12:07:48.5930000+01:00|1075A2E4|Niru Summers|00505015|129947|153077|10000|10000|0|0|103.4606|97.12711|0|-0.7109315|0|0|0|0A016D|41F00000|E0000000|0A0168|41F00000|E0000000|5B|0|1075A2E4|28FD0030|4511DF38|1075A2E4|0757|412A20D3|10675739|0763|40ADF34E|10675739|072F|41219178|10752D6C|08A9|409E978D|107629AA|0722|40EC0858|1068703B|5A|42654DE7|1075A2E4|0102C2|408C20C1|40011DF8|012B|4003B63C|1057B8A2|0|0|0|3204C4|4189776C|1057B8A2||697710c9441b97dd3e69ea8f3c34f70c
26|2021-09-26T12:07:48.5930000+01:00|8a9|Mage's Ballad|4.96|107629AA|Joeson Lmoa|1075A2E4|Niru Summers|00|153077|106059||6287c238c7eeee8504b5919fa5abfaf3
38|2021-09-26T12:07:48.5930000+01:00|10752D6C|Volkon Vysk|00505025|144806|152511|10000|10000|0|0|95.61535|100.3163|-0.001279741|1.43925|0|0|0|14016A|41F00000|E0000000|0A0168|41F00000|E0000000|28FD0030|4511C0AC|10752D6C|0757|412C4197|10675739|08A9|409E978D|107629AA|04A7|413EE55C|10752D6C|0722|40E7C6CD|1068703B|072F|411F6C9B|10752D6C|012B|4003B63C|1057B8A2|0730|40D8E55F|10752D6C|0|0|0|0|0|0|0|0|0|0763|40B23D06|10675739|0|0|0|0729|0|10752D6C||b0b5c797b1b4dbf1c9c13a4b038f8eb7
26|2021-09-26T12:07:48.5930000+01:00|8a9|Mage's Ballad|4.96|107629AA|Joeson Lmoa|10752D6C|Volkon Vysk|00|152511|106059||391d20277ed0e732ab49757972d3587c
37|2021-09-26T12:07:48.6370000+01:00|10675739|Jasy Heavensong|00008CB9|97086|97086|7932|10000|4||100.4806|95.96399|0|1.533093|2100|0|0|01|0D000D64|0|41A00000|10675739||6cb9922285ee4eeadcb9a3572d28fcf7
26|2021-09-26T12:07:48.6370000+01:00|764|Neutral Sect|20.00|10675739|Jasy Heavensong|10675739|Jasy Heavensong|00|97086|97086||631c20f868b8a8c53f796204ee93feb8
24|2021-09-26T12:07:48.6370000+01:00|107ABEEC|Greiyan Fletz|HoT|0|1B1E|105571|106544|10000|10000|0|1000|98.32037|98.74919|-0.001730566|1.989457||a48f353ac7cef84929f71d113c2ae601
38|2021-09-26T12:07:48.6370000+01:00|107ABEEC|Greiyan Fletz|00505022|106544|106544|10000|10000|0|0|98.32037|98.74919|-0.001730566|1.989457|0|0|0|0720|42700000|1068703B|14016A|41F00000|E0000000|0A0168|41F00000|E0000000|28FE0030|45107687|107ABEEC|072F|412747BD|10752D6C|0722|40D9918C|1068703B|012B|4003C69E|1057B8A2|0839|41F2226C|1068703B|0737|41F2226C|1068703B|08A9|409E978D|107629AA|0513|41D339C0|107ABEEC|0|0|0|0757|4131FBF4|10675739|0102C2|408EF1A7|40011DF8|0|0|0|0|0|0|0512|4203A827|107ABEEC|0|0|0|0|0|0|0|0|0|0763|40A3F765|10675739||16983dc36e0d1cd8d4ec3874ba03f2dc
24|2021-09-26T12:07:48.6820000+01:00|1057B8A2|Alex Knightfall|HoT|798|1195|96375|97285|5360|10000|0|1000|99.6261|101.0604|0|-3.075343||373af185ce18531fa665bb866bd1eef5
24|2021-09-26T12:07:48.6820000+01:00|107ABEEC|Greiyan Fletz|HoT|798|10E5|105571|106544|10000|10000|0|1000|98.32037|98.74919|-0.001730566|1.989457||2c99bb1daa345775954c86ecf3d7b1d7
24|2021-09-26T12:07:48.6820000+01:00|10752D6C|Volkon Vysk|HoT|798|1130|144806|152511|10000|10000|0|1000|95.61535|100.3163|-0.001279741|1.43925||2740310be962b1a74b987ff73658a14f
24|2021-09-26T12:07:48.6820000+01:00|10675739|Jasy Heavensong|HoT|798|1134|97086|97086|7932|10000|0|1000|100.4806|95.96399|0|1.533093||53140f71c688230d9ccb18c7d024c8f1
24|2021-09-26T12:07:48.6820000+01:00|1075A2E4|Niru Summers|HoT|798|10FC|129947|153077|10000|10000|0|1000|103.4606|97.12711|0|-0.7109315||390a60aed9011e8f12f2f9fb46b9b9ae
24|2021-09-26T12:07:48.6820000+01:00|107629AA|Joeson Lmoa|HoT|798|1163|97353|106059|10000|10000|0|1000|101.8806|94.14623|0|-1.027971||07c67d7caf81e4df6aedc7a63c8397d0
24|2021-09-26T12:07:48.6820000+01:00|1057B8A2|Alex Knightfall|HoT|0|10C8|96375|97285|5360|10000|0|1000|99.6261|101.0604|0|-3.075343||da8302f31b4eb801d29a2eabe300fa28
20|2021-09-26T12:07:48.6820000+01:00|10675739|Jasy Heavensong|40AB|Malefic IV|40011DEA|Liquid Hand|1.43|100.4806|95.96399|0|1.533093||3885feb8878a39f60b5ea0df8a1167d9
38|2021-09-26T12:07:48.6820000+01:00|107ABEEC|Greiyan Fletz|00505022|106544|106544|10000|10000|0|0|98.32037|98.74919|-0.001730566|1.989457|0|0|0|0720|42700000|1068703B|14016A|41F00000|E0000000|0A0168|41F00000|E0000000|28FE0030|451075CF|107ABEEC|072F|41268F6B|10752D6C|0722|40D820E8|1068703B|012B|40A00000|1057B8A2|0839|41F1C643|1068703B|0737|41F1C643|1068703B|08A9|409D26E9|107629AA|0513|41D2DD97|107ABEEC|0|0|0|0757|413143A2|10675739|0102C2|408D8103|40011DF8|0|0|0|0|0|0|0512|42037A13|107ABEEC|0|0|0|0|0|0|0|0|0|0763|40A286C1|10675739||12f78058dfa3d4ee7a9491ccc8d2ff66
26|2021-09-26T12:07:48.6820000+01:00|12b|Sacred Soil|5.00|1057B8A2|Alex Knightfall|107ABEEC|Greiyan Fletz|00|106544|97285||83c28adbabc270adef59ae7f3c5c9ef8
38|2021-09-26T12:07:48.6820000+01:00|1057B8A2|Alex Knightfall|0050501C|97285|97285|5360|10000|0|0|99.6261|101.0604|0|-3.075343|0|0|0|0A016D|41F00000|E0000000|1E016C|41F00000|E0000000|28FE0030|44D8B59B|1057B8A2|010130|0|1057B8A2|075B|4090BC80|10675739|0|0|0|0757|41246EA7|10675739|08A9|409D26E9|107629AA|0722|40D3D72B|1068703B|0798|40C59186|1057B8A2|012B|409E8F5C|1057B8A2|072F|41246EA7|10752D6C|0102C2|408EE976|40011DF8|0|0|0|0|0|0|0763|40A6D07D|10675739||a1a11448daf5b712786e68308ea12101
26|2021-09-26T12:07:48.6820000+01:00|12b|Sacred Soil|4.96|1057B8A2|Alex Knightfall|1057B8A2|Alex Knightfall|00|97285|97285||b9d876a9aa7be1b35dd3a392347b0675
38|2021-09-26T12:07:48.6820000+01:00|107629AA|Joeson Lmoa|00505017|106059|106059|10000|10000|0|0|101.8806|94.14623|0|-1.027971|0|0|0|0A016D|41F00000|E0000000|0A0168|41F00000|E0000000|28FE0030|451072EF|107629AA|012B|409E8F5C|1057B8A2|0722|40ED812D|1068703B|0|0|0|0757|41268F6B|10675739|072F|412AD50C|10752D6C|0102C2|408AA7EC|40011DF8|0|0|0|0|0|0|0763|40B3A579|10675739||bca95f7db089b539ba5714b6c0937a7a
26|2021-09-26T12:07:48.6820000+01:00|12b|Sacred Soil|4.96|1057B8A2|Alex Knightfall|107629AA|Joeson Lmoa|00|106059|97285||c039c10b6d3fb020da7d7249b9eb4e23
38|2021-09-26T12:07:48.6820000+01:00|10675739|Jasy Heavensong|00505021|97086|97086|7932|10000|4|0|100.4806|95.96399|0|1.533093|0|0|0|0A0168|41F00000|E0000000|0F016B|41F00000|E0000000|0722|40DC5A41|1068703B|28FE0030|45106F5F|10675739|0129|41C649AB|1057B8A2|08A9|409BBE76|107629AA|012B|409E8F5C|1057B8A2|0347|0|10675739|0757|412245B1|10675739|072F|412245B1|10752D6C|04B4|4194061D|10675739|0102C2|408C1890|40011DF8|0763|4095A998|10675739|0764|419F49BA|10675739||95a6cd7fe383125c2fc91ac4b06fa8ef
26|2021-09-26T12:07:48.6820000+01:00|12b|Sacred Soil|4.96|1057B8A2|Alex Knightfall|10675739|Jasy Heavensong|00|97086|97285||7611ada63712df3207d847aa7cab5b47
38|2021-09-26T12:07:48.6820000+01:00|1075A2E4|Niru Summers|00505015|134295|153077|10000|10000|0|0|103.4606|97.12711|0|-0.7109315|0|0|0|0A016D|41F00000|E0000000|0A0168|41F00000|E0000000|5B|0|1075A2E4|28FD0030|4511DDCC|1075A2E4|0757|4128B448|10675739|0763|40AB1A37|10675739|072F|412024ED|10752D6C|08A9|409BBE76|107629AA|0722|40E92F41|1068703B|5A|4264F2C5|1075A2E4|0102C2|408947AA|40011DF8|012B|409E8F5C|1057B8A2|0|0|0|3204C4|4188C126|1057B8A2||c3829f739300969b4dbd12bcefc4eda9
26|2021-09-26T12:07:48.6820000+01:00|12b|Sacred Soil|4.96|1057B8A2|Alex Knightfall|1075A2E4|Niru Summers|00|153077|97285||2199b0da9cef246e61854ed3bebd7545
38|2021-09-26T12:07:48.6820000+01:00|10752D6C|Volkon Vysk|00505025|149206|152511|10000|10000|0|0|95.61535|100.3163|-0.001279741|1.43925|0|0|0|14016A|41F00000|E0000000|0A0168|41F00000|E0000000|28FD0030|4511BF40|10752D6C|0757|412AD50C|10675739|08A9|409BBE76|107629AA|04A7|413D78D1|10752D6C|0722|40E4EDB6|1068703B|072F|411E0010|10752D6C|012B|409E8F5C|1057B8A2|0730|40D60C48|10752D6C|0|0|0|0|0|0|0|0|0|0763|40AF63EF|10675739|0|0|0|0729|0|10752D6C||b04e24e4468c2a59e0f5f08bbb0078a2
26|2021-09-26T12:07:48.6820000+01:00|12b|Sacred Soil|4.96|1057B8A2|Alex Knightfall|10752D6C|Volkon Vysk|00|152511|97285||95c34dd3c1601b0460cd487e6bae4b4f
24|2021-09-26T12:07:48.7260000+01:00|107401EC|Raesa Velan|HoT|0|1134|68382|96887|6400|10000|0|1000|91.66089|93.64453|0|0.9049184||3da58dd58e2392fd9f7ad0b54677a5d2
38|2021-09-26T12:07:48.7260000+01:00|107401EC|Raesa Velan|00505019|72786|96887|6400|10000|0|0|91.66089|93.64453|0|0.9049184|0|0|0|0A016D|41F00000|E0000000|0A0168|41F00000|E0000000|29020030|4592F11E|107401EC|0722|40DF3B89|1068703B|08A9|409BBE76|107629AA|0|0|0|A5|415F1EB6|107401EC|A4|412D333A|107401EC|0|0|0|072F|4128000F|10752D6C|0757|412E6674|10675739|0102C2|4087DF37|40011DF5|0|0|0|0|0|0|0|0|0|0|0|0|0763|40988ADD|10675739||fa3d94f20961c529417cd31e94aabbf4
21|2021-09-26T12:07:48.7700000+01:00|107401EC|Raesa Velan|DF9|Fire IV|40011DEA|Liquid Hand|150203|B1300000|1B|DF98000|0|0|0|0|0|0|0|0|0|0|0|0|4120664|12889320|10000|10000|0|1000|99.56506|99.83972|0|-1.359927|72786|96887|6400|10000|0|1000|91.66089|93.64453|0|0.9049184|00008CBF|0|5afd6e318e520a45f994e5c92a1ecac3
22|2021-09-26T12:07:48.8150000+01:00|10752D6C|Volkon Vysk|3F0D|Demon Slice|40011D69|Living Liquid|710003|ECE0000|1B|3F0D8000|0|0|0|0|0|0|0|0|0|0|0|0|3807662|12889320|10000|10000|0|1000|100.4196|100.328|0|2.387092|149206|152511|10000|10000|0|1000|95.38789|100.6477|-0.001542302|1.563305|00008CC0|0|5c9ea89a720bb247d2bfb631aea03faf
22|2021-09-26T12:07:48.8150000+01:00|10752D6C|Volkon Vysk|3F0D|Demon Slice|40011DEA|Liquid Hand|710003|ED50000|1B|3F0D8000|0|0|0|0|0|0|0|0|0|0|0|0|4120664|12889320|10000|10000|0|1000|99.56506|99.83972|0|-1.359927|149206|152511|10000|10000|0|1000|95.38789|100.6477|-0.001542302|1.563305|00008CC0|1|cbd33b92f5a4ce390e6a4fbcdb82cb30
39|2021-09-26T12:07:48.9040000+01:00|40011DFC|Seraph|92601|92601|10000|10000|0|0|100.1449|100.0533|0|0.7213173||829ad1973e838c65306587b829354876
37|2021-09-26T12:07:48.9490000+01:00|40011DEA|Liquid Hand|00008CBB|4120664|12889320|10000|10000|0||99.56506|99.83972|0|-1.311229|0|0|0|01|01003267|0|41F00000|1057B8A2||0957f03e026d45aa2f74c4a70df9968e
26|2021-09-26T12:07:48.9490000+01:00|767|Biolysis|30.00|1057B8A2|Alex Knightfall|40011DEA|Liquid Hand|00|12889320|97285||3edb63337c4ffde488dcf6c5f12947c2
37|2021-09-26T12:07:48.9490000+01:00|40011D69|Living Liquid|00008CBC|3801730|12889320|10000|10000|0||100.4196|100.328|0|2.362551||d693da0b7fd4ca417d8f8238d4fef1f1
21|2021-09-26T12:07:49.0380000+01:00|1068703B|Tomo Uchuu|07|Attack|40011DEA|Liquid Hand|720003|11090000|0|0|0|0|0|0|0|0|0|0|0|0|0|0|4120664|12889320|10000|10000|0|1000|99.51871|99.85754|0|-1.275247|55118|106478|10000|10000|0|1000|114.5661|109.1479|0|-1.924748|00008CC1|0|815e16ddd168a5e7646be598a0ecc83e
37|2021-09-26T12:07:49.0830000+01:00|40011DF8|Jagd Doll|00008CB1|15592|167240|10000|10000|0||105.0863|94.71664|0|-1.866184||1ef8332a4c06cc3743be152c3330f212
37|2021-09-26T12:07:49.0830000+01:00|40011DEA|Liquid Hand|00008CBC|4117027|12889320|10000|10000|0||99.51871|99.85754|0|-1.275247|01|0|0|0||3b1e295f3da3e3457a3c16f38ed8518c
37|2021-09-26T12:07:49.0830000+01:00|1075A2E4|Niru Summers|00008CBE|103603|153077|10000|10000|0||102.5279|98.36444|-0.0006445595|-0.6643772|1500|0|0|0||878d0234bffe97545fe9c79742022b32
21|2021-09-26T12:07:49.0830000+01:00|1057B8A2|Alex Knightfall|BD|Lustrate|1068703B|Tomo Uchuu|4|65AF0000|A3D|C38000|0|0|0|0|0|0|0|0|0|0|0|0|55118|106478|10000|10000|0|1000|114.5661|109.1479|0|-1.924748|97285|97285|5360|10000|0|1000|99.6261|101.0604|0|-3.075343|00008CC2|0|51c7b2b4423a6197dea5719fc0acb6aa
38|2021-09-26T12:07:49.0830000+01:00|1057B8A2|Alex Knightfall|0050501C|97285|97285|5360|10000|0|0|99.6261|101.0604|0|-3.075343|DC3F|30|0|0A016D|41F00000|E0000000|1E016C|41F00000|E0000000|28FE0030|44D8A8C7|1057B8A2|0|0|0|075B|4083E780|10675739|0|0|0|0757|411E042A|10675739|08A9|409051E9|107629AA|0722|40C7022B|1068703B|0798|40B8BC86|1057B8A2|012B|4091BA5C|1057B8A2|072F|411E042A|10752D6C|0102C2|40821476|40011DF8|0|0|0|0|0|0|0763|4099FB7D|10675739||76ca8e351e470509ea544317034aa15b
30|2021-09-26T12:07:49.0830000+01:00|130|Aetherflow|0.00|1057B8A2|Alex Knightfall|1057B8A2|Alex Knightfall|01|97285|97285||e52c4e22081077c0d797293725d6ec78
21|2021-09-26T12:07:49.1270000+01:00|107ABEEC|Greiyan Fletz|07|Attack|40011D69|Living Liquid|710103|1A150000|0|0|0|0|0|0|0|0|0|0|0|0|0|0|3801730|12889320|10000|10000|0|1000|100.4196|100.328|0|2.272045|106544|106544|10000|10000|0|1000|98.4611|98.25772|-0.001403936|2.314275|00008CC3|0|a1853b6a44a98b5e993da56cd090a0f2
37|2021-09-26T12:07:49.2160000+01:00|40011DF8|Jagd Doll|00008CBD|11850|167240|10000|10000|0||104.6464|94.78442|0|-1.735838||d192cd7a8300593ab51db43fc531b8c9
37|2021-09-26T12:07:49.2610000+01:00|40011D69|Living Liquid|00008CBA|3783308|12889320|10000|10000|0||100.4196|100.328|0|2.134617||1adcae036ae75971fa4801ec06c224a7
37|2021-09-26T12:07:49.4390000+01:00|40011D69|Living Liquid|00008CC0|3779518|12889320|10000|10000|0||100.4196|100.328|0|1.697176||609696842cda3d2fac30604b2c2ac964
37|2021-09-26T12:07:49.5730000+01:00|40011DEA|Liquid Hand|00008CC1|4112666|12889320|10000|10000|0||98.88322|100.1069|0|-1.205536||2d4c63caa497c53f435df16fb87d40c7
37|2021-09-26T12:07:49.5730000+01:00|40011DEA|Liquid Hand|00008CC0|4108869|12889320|10000|10000|0||98.88322|100.1069|0|-1.205536|01|0|0|0||6a5b5185763c6570479c99abf861e531
21|2021-09-26T12:07:49.5730000+01:00|10675739|Jasy Heavensong|40AB|Malefic IV|40011DEA|Liquid Hand|750003|3A180000|1B|40AB8000|0|0|0|0|0|0|0|0|0|0|0|0|4117027|12889320|10000|10000|0|1000|98.88322|100.1069|0|-1.205536|97086|97086|7932|10000|0|1000|100.4806|95.96399|0|-0.2534205|00008CC4|0|52b7eebdfac0fe8d2516ffc3fb82f20b
21|2021-09-26T12:07:49.5730000+01:00|1075A2E4|Niru Summers|1D6B|Rampart|1075A2E4|Niru Summers|EC0E|4A70000|0|0|0|0|0|0|0|0|0|0|0|0|0|0|103603|153077|10000|10000|0|1000|100.9709|101.2818|-0.001247605|-0.5078875|103603|153077|10000|10000|0|1000|100.9709|101.2818|-0.001247605|-0.5078875|00008CC5|0|035d1c6e6ef80e4f56bb05f1538effc4
37|2021-09-26T12:07:49.6610000+01:00|40011D69|Living Liquid|00008CC3|3772841|12889320|10000|10000|0||100.4196|100.328|0|1.138086||508cae71fc5c8b943cf474d12a06bd62
21|2021-09-26T12:07:49.6610000+01:00|40011DFC|Seraph|40A4|Seraphic Veil|1068703B|Tomo Uchuu|4|156A0000|6A0E|77D0000|1B|40A48000|0|0|0|0|0|0|0|0|0|0|55118|106478|10000|10000|0|1000|114.5661|109.1479|0|-1.914276|92601|92601|10000|10000|0|1000|100.1449|100.0533|0|0.7213173|00008CC6|0|6ed20196c8251dd62a839eeaf3c9eb6a
35|2021-09-26T12:07:49.6610000+01:00|40011DF8|Jagd Doll|40011D69|Living Liquid|0000|0000|0029|40011D69|000F|7FC8||57e2b5b7c539ff058cefc183de2477db
34|2021-09-26T12:07:49.6610000+01:00|40011DF8|Jagd Doll|40011DF8|Jagd Doll|00|a5115b53eb9c563b3bc33d63af2fafae
37|2021-09-26T12:07:49.7050000+01:00|1068703B|Tomo Uchuu|00008CC2|81149|106478|10000|10000|0||114.5661|109.1479|0|-1.914276|2600|0|0|0||8e718f649d7a4cb738b07783bb052dfb
21|2021-09-26T12:07:49.8830000+01:00|107401EC|Raesa Velan|99|Thunder III|40011DEA|Liquid Hand|550003|67630000|ADC5A0E|A30000|1B|998000|0|0|0|0|0|0|0|0|0|0|4108869|12889320|10000|10000|0|1000|98.46283|100.2618|0|-1.202143|72786|96887|4800|10000|0|1000|91.66089|93.64453|0|0.8426329|00008CC7|0|3955bddf105833112750a0521aac5f16
38|2021-09-26T12:07:49.8830000+01:00|107401EC|Raesa Velan|00505019|72786|96887|4800|10000|0|0|91.66089|93.64453|0|0.8426329|D7F7|30|0|0A016D|41F00000|E0000000|0A0168|41F00000|E0000000|29020030|4592E7E0|107401EC|0722|40BA355E|1068703B|08A9|406D709B|107629AA|0|0|0|A5|414C9BA8|107401EC|0|0|0|0|0|0|072F|41157D01|10752D6C|0757|411BE366|10675739|0102C2|4045B224|40011DF5|0|0|0|0|0|0|0|0|0|0|0|0|0763|4067096A|10675739||a0f776436537733dd9dfbbb7e902b1d4
30|2021-09-26T12:07:49.8830000+01:00|a4|Thundercloud|0.00|107401EC|Raesa Velan|107401EC|Raesa Velan|00|96887|96887||7b0835230ce9579647d36206ae958473
37|2021-09-26T12:07:49.9270000+01:00|40011DEA|Liquid Hand|00008CBF|4063509|12889320|10000|10000|0||98.46283|100.2618|0|-1.202143||04573ec8f46b14969491ed96d2f222d1
39|2021-09-26T12:07:49.9720000+01:00|10675739|Jasy Heavensong|97086|97086|7796|10000|0|0|100.4806|95.96399|0|-0.3467222||17a82ab46b3a3fa229c0a78346d2bc9b
39|2021-09-26T12:07:49.9720000+01:00|1075A2E4|Niru Summers|105133|153077|10000|10000|0|0|100.5855|102.0854|0|-1.253589||2095c77e1eb2897e8531235f37869b08
39|2021-09-26T12:07:49.9720000+01:00|10752D6C|Volkon Vysk|150731|152511|10000|10000|0|0|94.46863|101.8234|0|1.753639||f2cde83da06592f6c48ec048f81f227e
24|2021-09-26T12:07:50.0160000+01:00|40011D69|Living Liquid|DoT|0|4BEA|3772841|12889320|10000|10000|0|1000|100.4196|100.328|0|0.3679641||d325588605c77b7d2031a35dc061ee3f
36|2021-09-26T12:07:50.0170000+01:00|0F78|3|415f8242b262e7451a38ce9042ab05c9
38|2021-09-26T12:07:50.0170000+01:00|40011D69|Living Liquid|00505000|3753407|12889320|10000|10000|0|0|100.4196|100.328|0|0.3679641|D7F7|30|0|0767|410F4372|1057B8A2|2804B1|407B118D|107629AA|0759|410F4372|10675739|2804B0|407B118D|107629AA|0|0|0|04CC|421CB5E2|107ABEEC||45f05ec2bc1b522c0e05dec684499ed1
39|2021-09-26T12:07:50.0610000+01:00|1068703B|Tomo Uchuu|82213|106478|10000|10000|0|0|114.5661|109.1479|0|-1.914276||44200388df48503af7a5c42ce8cd77e6
21|2021-09-26T12:07:50.0610000+01:00|107ABEEC|Greiyan Fletz|1D38|Yukikaze|40011D69|Living Liquid|48710003|3F340000|13D|B88000|11B|1D388000|0|0|0|0|0|0|0|0|0|0|3753407|12889320|10000|10000|0|1000|100.4196|100.328|0|0.171774|106544|106544|10000|10000|0|1000|99.39163|97.05929|0|-3.072515|00008CC8|0|b151c6246c9ca41b29ec1c76285cd5c8
39|2021-09-26T12:07:50.1060000+01:00|107629AA|Joeson Lmoa|106059|106059|10000|10000|0|0|97.6797|101.2031|-0.001312476|-0.7156523||1146d94ebd3cd69dc399262d672bd6b4
21|2021-09-26T12:07:50.1510000+01:00|1057B8A2|Alex Knightfall|40A2|Consolation|1057B8A2|Alex Knightfall|F023D|EF0000|0|0|0|0|0|0|0|0|0|0|0|0|0|0|97285|97285|5360|10000|0|1000|100.3539|98.2402|-0.0006633119|2.820346|97285|97285|5360|10000|0|1000|100.3539|98.2402|-0.0006633119|2.820346|00008CC9|0|0b2cf16be77e352aaf5d6058a602aa8c
37|2021-09-26T12:07:50.1950000+01:00|1075A2E4|Niru Summers|00008CC5|105133|153077|10000|10000|0||100.5023|102.2588|-0.0006682303|-1.965285|1500|0|0|01|0C002FA7|0|41A00000|1075A2E4||9e7f6bafe7fc992f5f56df805a7532a1
26|2021-09-26T12:07:50.1950000+01:00|4a7|Rampart|20.00|1075A2E4|Niru Summers|1075A2E4|Niru Summers|00|153077|153077||c145d49e71212aeaf012c93ac49be194
39|2021-09-26T12:07:50.1950000+01:00|1057B8A2|Alex Knightfall|97285|97285|5606|10000|0|0|100.4368|97.74557|0|2.84187||45dc4a9ee116c8134f83e22855031ff3
39|2021-09-26T12:07:50.2390000+01:00|107401EC|Raesa Velan|73754|96887|4800|10000|0|0|91.66089|93.64453|0|0.8037051||15e4681d50db768a42db1d805372638f
21|2021-09-26T12:07:50.3280000+01:00|10752D6C|Volkon Vysk|07|Attack|40011DEA|Liquid Hand|710003|AB40000|0|0|0|0|0|0|0|0|0|0|0|0|0|0|4063509|12889320|10000|10000|0|1000|98.28333|100.328|0|-1.1529|150731|152511|10000|10000|0|1000|94.56356|101.9895|-0.001726204|1.927074|00008CCA|0|e6990f39192fb63ced3351991ee61c95
24|2021-09-26T12:07:50.5510000+01:00|40011DEA|Liquid Hand|DoT|0|6344|4063509|12889320|10000|10000|0|1000|98.28333|100.328|0|-1.096224||24e17e1db70069665e3ee7295d528af4
38|2021-09-26T12:07:50.5510000+01:00|40011DEA|Liquid Hand|00505000|4038097|12889320|10000|10000|0|0|98.28333|100.328|0|-1.096224|DE54|30|0|0A00A3|40E7AE02|107401EC|0767|41E2D4F8|1057B8A2|04CC|4200350E|107ABEEC|2804B1|410FFFD8|107629AA|0759|412D4366|10675739|2804B0|4138B403|107629AA||e5d91060c98b297a91cb2e9b30772f48
37|2021-09-26T12:07:50.6390000+01:00|40011DEA|Liquid Hand|00008CC4|4023225|12889320|10000|10000|0||98.28333|100.328|0|-1.079023||2318eeae1fb7c199d94cc030afdc8268
21|2021-09-26T12:07:50.6390000+01:00|1075A2E4|Niru Summers|07|Attack|40011D69|Living Liquid|710003|EC20000|0|0|0|0|0|0|0|0|0|0|0|0|0|0|3753407|12889320|10000|10000|0|1000|100.4196|100.328|0|-0.01385427|105133|153077|10000|10000|0|1000|100.4241|102.4218|-0.01531982|-2.680207|00008CCB|0|5d5e38adc2d76d6895d49aefe66ae46c
22|2021-09-26T12:07:50.6840000+01:00|1075A2E4|Niru Summers|404E|Mythril Tempest|40011D69|Living Liquid|32710003|172B0000|143D|340000|11B|404E8000|0|0|0|0|0|0|0|0|0|0|3753407|12889320|10000|10000|0|1000|100.4196|100.328|0|-0.01385427|105133|153077|10000|10000|0|1000|100.4241|102.4218|-0.01531982|-2.680207|00008CCC|0|cc26605b7a55fc067bd9aefccc213a00
22|2021-09-26T12:07:50.6840000+01:00|1075A2E4|Niru Summers|404E|Mythril Tempest|40011DEA|Liquid Hand|32710003|16300000|0|0|0|0|0|0|0|0|0|0|0|0|0|0|4038097|12889320|10000|10000|0|1000|98.28333|100.328|0|-1.079023|105133|153077|10000|10000|0|1000|100.4241|102.4218|-0.01531982|-2.680207|00008CCC|1|d9ec636d4d34882d9e45e48f49592e5c
38|2021-09-26T12:07:50.6840000+01:00|1075A2E4|Niru Summers|00505015|105133|153077|10000|10000|0|0|100.4241|102.4218|-0.01531982|-2.680207|94C8|31|0|0A016D|41F00000|E0000000|0A0168|41F00000|E0000000|5B|0|1075A2E4|28FD0030|4511BDCC|1075A2E4|0757|4108A804|10675739|0763|40560338|10675739|072F|410018A9|10752D6C|08A9|40374BBD|107629AA|0722|40A916A3|1068703B|5A|42700000|1075A2E4|0102C2|40125E2B|40011DF8|012B|403CED87|1057B8A2|04A7|419BBC6A|1075A2E4|3204C4|417175FC|1057B8A2||611f6333d2619986793972c94a71db10
26|2021-09-26T12:07:50.6840000+01:00|5a|Storm's Eye|60.00|1075A2E4|Niru Summers|1075A2E4|Niru Summers|00|153077|153077||9619471032c63859b4330267ec0d1807
37|2021-09-26T12:07:50.7290000+01:00|1068703B|Tomo Uchuu|00008CC6|87695|106478|10000|10000|5||114.5661|109.1479|0|-1.914276|2600|0|0|01|0400327D|0|41F00000|40011DFC||8db34c1b2b835a6a391e0a65b005d954
26|2021-09-26T12:07:50.7290000+01:00|77d|Seraphic Veil|30.00|40011DFC|Seraph|1068703B|Tomo Uchuu|00|106478|92601||8e9fda0723d9655c35458d07dadd3240
22|2021-09-26T12:07:50.7290000+01:00|40011DF8|Jagd Doll|4820|Reducible Complexity|1057B8A2|Alex Knightfall|750003|6D930000|1B|48208000|0|0|0|0|0|0|0|0|0|0|0|0|97285|97285|5606|10000|0|1000|100.6332|96.75745|0|2.858665|11850|167240|10000|10000|0|1000|101.1215|96.57422|0|-0.8213155|00008CCD|0|3315ee7eaca9b92388a449abf3b993ae
22|2021-09-26T12:07:50.7290000+01:00|40011DF8|Jagd Doll|4820|Reducible Complexity|10675739|Jasy Heavensong|750003|5D840400|1B|48208000|0|0|0|0|0|0|0|0|0|0|0|0|97086|97086|7796|10000|0|1000|100.2442|96.7308|1.592002E-05|-0.1305442|11850|167240|10000|10000|0|1000|101.1215|96.57422|0|-0.8213155|00008CCD|1|6fda578c5812b135030420c8d2151e63
22|2021-09-26T12:07:50.7290000+01:00|40011DF8|Jagd Doll|4820|Reducible Complexity|107ABEEC|Greiyan Fletz|750003|77E10000|1B|48208000|0|0|0|0|0|0|0|0|0|0|0|0|106544|106544|10000|10000|0|1000|99.47351|96.91003|0|0.2642801|11850|167240|10000|10000|0|1000|101.1215|96.57422|0|-0.8213155|00008CCD|2|df8d1e6b69d3a3d789ec6ec11da88f37
22|2021-09-26T12:07:50.7290000+01:00|40011DF8|Jagd Doll|4820|Reducible Complexity|107629AA|Joeson Lmoa|750003|7AA20000|1B|48208000|0|0|0|0|0|0|0|0|0|0|0|0|106059|106059|10000|10000|0|1000|98.79549|100.1149|0|-3.131058|11850|167240|10000|10000|0|1000|101.1215|96.57422|0|-0.8213155|00008CCD|3|25dbbacf434e9a6ce227e7958a77254e
22|2021-09-26T12:07:50.7290000+01:00|40011DF8|Jagd Doll|4820|Reducible Complexity|1075A2E4|Niru Summers|750003|3C180000|1B|48208000|0|0|0|0|0|0|0|0|0|0|0|0|105133|153077|10000|10000|0|1000|100.4137|102.4433|-0.0008646263|-2.999314|11850|167240|10000|10000|0|1000|101.1215|96.57422|0|-0.8213155|00008CCD|4|f243cee775c857970d4bffa2e6f7ddb0
22|2021-09-26T12:07:50.7290000+01:00|40011DF8|Jagd Doll|4820|Reducible Complexity|10752D6C|Volkon Vysk|750003|31AB0000|1B|48208000|0|0|0|0|0|0|0|0|0|0|0|0|150731|152511|10000|10000|0|1000|94.71277|102.2507|0|2.079774|11850|167240|10000|10000|0|1000|101.1215|96.57422|0|-0.8213155|00008CCD|5|a7be0717446b2faa73101824d19b3191
22|2021-09-26T12:07:50.7290000+01:00|40011DF8|Jagd Doll|4820|Reducible Complexity|107401EC|Raesa Velan|750003|7F190000|1B|48208000|0|0|0|0|0|0|0|0|0|0|0|0|73754|96887|4800|10000|0|1000|91.66089|93.64453|0|0.7800889|11850|167240|10000|10000|0|1000|101.1215|96.57422|0|-0.8213155|00008CCD|6|ef57a2de7799a8d9ea506220792605de
22|2021-09-26T12:07:50.7290000+01:00|40011DF8|Jagd Doll|4820|Reducible Complexity|1068703B|Tomo Uchuu|750003|70A60000|1B|48208000|0|0|0|0|0|0|0|0|0|0|0|0|82213|106478|10000|10000|0|1000|114.5661|109.1479|0|-1.914276|11850|167240|10000|10000|0|1000|101.1215|96.57422|0|-0.8213155|00008CCD|7|459e629783f15bafa9c5aba78c355e6a
38|2021-09-26T12:07:50.7290000+01:00|1068703B|Tomo Uchuu|00505026|87695|106478|10000|10000|5|0|114.5661|109.1479|0|-1.914276|94AB|31|0|14016A|41F00000|E0000000|0A0168|41F00000|E0000000|071F|42700000|1068703B|28FE0030|4510FAE8|1068703B|077D|41EFA5E3|40011DFC|08A9|40347AD8|107629AA|0757|410C396C|10675739|071D|41E165FB|1068703B|0737|41E165FB|1068703B|0722|408E0C5E|1068703B|0716|417CFDDA|1068703B|072F|410C396C|10752D6C|0102C2|400F8D46|40011DF7|0|0|0|0763|403967A4|10675739||163d22ad9474e202642ed157fadb7bc0
26|2021-09-26T12:07:50.7290000+01:00|71f|Closed Position|60.00|1068703B|Tomo Uchuu|1068703B|Tomo Uchuu|00|106478|106478||6a5ba56f19868ea5866e1162c004712b
21|2021-09-26T12:07:50.7720000+01:00|107ABEEC|Greiyan Fletz|1D4A|Third Eye|107ABEEC|Greiyan Fletz|F60F|4D08000|0|0|0|0|0|0|0|0|0|0|0|0|0|0|106544|106544|10000|10000|0|1000|99.47351|96.91003|0|0.2642801|106544|106544|10000|10000|0|1000|99.47351|96.91003|0|0.2642801|00008CCE|0|4ed16dbab6001c0fba127275ffb661a3
21|2021-09-26T12:07:50.7720000+01:00|40011DEA|Liquid Hand|4979|Unknown_4979|10752D6C|Volkon Vysk|730003|4F790000|0|0|0|0|0|0|0|0|0|0|0|0|0|0|150731|152511|10000|10000|0|1000|94.71277|102.2507|0|2.079774|4023225|12889320|10000|10000|0|1000|98.28333|100.328|0|-1.077782|00008CCF|0|b400e242f9202f7bd473e77838456f9c
38|2021-09-26T12:07:50.7720000+01:00|107ABEEC|Greiyan Fletz|00505022|106544|106544|10000|10000|0|0|99.47351|96.91003|0|0.2642801|94AB|31|0|0720|42700000|1068703B|14016A|41F00000|E0000000|0A0168|41F00000|E0000000|28FE0030|45105467|107ABEEC|072F|41051AB5|10752D6C|0722|40953764|1068703B|012B|403A2D05|1057B8A2|0839|41E10BDE|1068703B|0737|41E10BDE|1068703B|08A9|40347AD8|107629AA|0513|41C22332|107ABEEC|04D0|C0400000|107ABEEC|0757|410FCEEC|10675739|0102C2|40152F11|40011DF8|0|0|0|0|0|0|0512|41F639D2|107ABEEC|0|0|0|0|0|0|0|0|0|0763|403F3A86|10675739||93942cb9e0ef3f6ca25965777877198d
26|2021-09-26T12:07:50.7720000+01:00|720|Dance Partner|60.00|1068703B|Tomo Uchuu|107ABEEC|Greiyan Fletz|00|106544|106478||8f0adfd8021c2e24fc2f19978c1789a8
26|2021-09-26T12:07:50.7720000+01:00|4d0|Third Eye|3.00|107ABEEC|Greiyan Fletz|107ABEEC|Greiyan Fletz|00|106544|106544||868d1f5e17e5c7f9c6e8e38507ceaa03
38|2021-09-26T12:07:50.8170000+01:00|40011DFC|Seraph|00505000|92601|92601|10000|10000|0|0|100.1449|100.0533|0|1.007889|D86D|30|0|28FE0030|44D872B4|1057B8A2|08A9|40347AD8|107629AA|075B|401BA60B|10675739|0107AD|41F00000|40011DFC||085ddfbd4ea81937a72edd4646a958ce
26|2021-09-26T12:07:50.8170000+01:00|7ad|Summon Order III|30.00|40011DFC|Seraph|40011DFC|Seraph|01|92601|92601||c3468cb586424c94f2ea16f8ba427e32
21|2021-09-26T12:07:50.8170000+01:00|40011DF5|Jagd Doll|4B4E|Unknown_4B4e|107401EC|Raesa Velan|720003|F650000|0|0|0|0|0|0|0|0|0|0|0|0|0|0|73754|96887|4800|10000|0|1000|91.66089|93.64453|0|0.7800889|40328|167240|10000|10000|0|1000|90.56226|91.69141|0|0.5105836|00008CD0|0|3d3afce5605df5a0bde90ce875850f66
21|2021-09-26T12:07:50.8170000+01:00|40011DF7|Jagd Doll|4B4E|Unknown_4B4e|1068703B|Tomo Uchuu|720003|E580000|0|0|0|0|0|0|0|0|0|0|0|0|0|0|87695|106478|10000|10000|0|1000|114.5661|109.1479|0|-1.914276|40955|167240|10000|10000|0|1000|112.5963|111.0094|0|2.333748|00008CD1|0|983b08baf747a8ee13551dd4a56fa1f2
37|2021-09-26T12:07:50.8610000+01:00|40011D69|Living Liquid|00008CC8|3737227|12889320|10000|10000|0||100.4196|100.328|0|-0.01385427||c159a225d33a54c8d21555c912ab1df7
37|2021-09-26T12:07:50.8610000+01:00|107ABEEC|Greiyan Fletz|00008CC8|106544|106544|10000|10000|0||99.47351|96.91003|0|0.2642801|2200|0|0|01|0B002FD0|0|C0400000|107ABEEC||a9f8211dbe945eb3631f58e5d20a657e
37|2021-09-26T12:07:50.8610000+01:00|40011DEA|Liquid Hand|00008CCA|4020485|12889320|10000|10000|0||98.28333|100.328|0|-1.077782||fc2a8401b8dd68659a65cfb03d35a9a0
22|2021-09-26T12:07:50.8630000+01:00|40011DFC|Seraph|40A3|Consolation|107629AA|Joeson Lmoa|4|1F680000|680E|77D0000|1B|40A38000|0|0|0|0|0|0|0|0|0|0|106059|106059|10000|10000|0|1000|99.32183|99.4762|-0.003587307|2.916399|92601|92601|10000|10000|0|1000|100.1449|100.0533|0|1.007889|00008CD2|0|995839e14241bfb5e975db7e3704884a
22|2021-09-26T12:07:50.8630000+01:00|40011DFC|Seraph|40A3|Consolation|1075A2E4|Niru Summers|4|1F2D0000|2D0E|77D0000|1B|40A38000|0|0|0|0|0|0|0|0|0|0|105133|153077|10000|10000|0|1000|100.389|102.4583|0|-3.006606|92601|92601|10000|10000|0|1000|100.1449|100.0533|0|1.007889|00008CD2|1|9fefd92fda1bc9156843fc1fdc713bbd
22|2021-09-26T12:07:50.8630000+01:00|40011DFC|Seraph|40A3|Consolation|10675739|Jasy Heavensong|10004|347C0000|7C0E|77D0000|1B|40A38000|0|0|0|0|0|0|0|0|0|0|97086|97086|7796|10000|0|1000|100.1861|96.95975|0|0.0205099|92601|92601|10000|10000|0|1000|100.1449|100.0533|0|1.007889|00008CD2|2|af2ff2e6a1dbf12c6cc59d7ab6420bce
22|2021-09-26T12:07:50.8630000+01:00|40011DFC|Seraph|40A3|Consolation|107ABEEC|Greiyan Fletz|4|1F1D0000|1D0E|77D0000|1B|40A38000|0|0|0|0|0|0|0|0|0|0|106544|106544|10000|10000|0|1000|99.47351|96.91003|0|0.2642801|92601|92601|10000|10000|0|1000|100.1449|100.0533|0|1.007889|00008CD2|3|4570c0dcfd865698fcf24cacb12596c1
22|2021-09-26T12:07:50.8630000+01:00|40011DFC|Seraph|40A3|Consolation|1057B8A2|Alex Knightfall|4|1FB40000|B40E|77D0000|1B|40A38000|0|0|0|0|0|0|0|0|0|0|97285|97285|5606|10000|0|1000|100.6332|96.75745|0|2.858665|92601|92601|10000|10000|0|1000|100.1449|100.0533|0|1.007889|00008CD2|4|5570ec230819d76317033fb95a26b1e1
22|2021-09-26T12:07:50.8630000+01:00|40011DFC|Seraph|40A3|Consolation|10752D6C|Volkon Vysk|4|20330000|330E|77D0000|1B|40A38000|0|0|0|0|0|0|0|0|0|0|150731|152511|10000|10000|0|1000|94.71277|102.2507|0|2.079774|92601|92601|10000|10000|0|1000|100.1449|100.0533|0|1.007889|00008CD2|5|e2538c21ecea96130d9b6c7cc2eaeba1
22|2021-09-26T12:07:50.8630000+01:00|40011DFC|Seraph|40A3|Consolation|107401EC|Raesa Velan|4|1F620000|620E|77D0000|1B|40A38000|0|0|0|0|0|0|0|0|0|0|73754|96887|4800|10000|0|1000|91.66089|93.64453|0|0.7800889|92601|92601|10000|10000|0|1000|100.1449|100.0533|0|1.007889|00008CD2|6|1f8d6f710e8a1e91487aeb6d0d6cb531
22|2021-09-26T12:07:50.8630000+01:00|40011DFC|Seraph|40A3|Consolation|1068703B|Tomo Uchuu|4|20720000|720E|77D0000|1B|40A38000|0|0|0|0|0|0|0|0|0|0|87695|106478|10000|10000|0|1000|114.5661|109.1479|0|-1.914276|92601|92601|10000|10000|0|1000|100.1449|100.0533|0|1.007889|00008CD2|7|295fc87ca196cfb05cdc7c84f3642410
20|2021-09-26T12:07:50.8630000+01:00|1057B8A2|Alex Knightfall|BA|Succor|1057B8A2|Alex Knightfall|1.94|100.6332|96.75745|0|2.858665||50ba4fffad340695714be5a58871e68b
37|2021-09-26T12:07:50.9060000+01:00|40011DEA|Liquid Hand|00008CC7|3994018|12889320|10000|10000|0||98.28333|100.328|0|-1.077782|0|0|0|01|2BA3|0A|41C00000|107401EC||7c1c1e977e519e5a1c34936507af9fe2
26|2021-09-26T12:07:50.9060000+01:00|a3|Thunder III|24.00|107401EC|Raesa Velan|40011DEA|Liquid Hand|0A|12889320|96887||01834960fe1fe2d53ad76452cab742a2
21|2021-09-26T12:07:51.0860000+01:00|1068703B|Tomo Uchuu|3E77|Reverse Cascade|40011DEA|Liquid Hand|720103|55A70000|0|0|0|0|0|0|0|0|0|0|0|0|0|0|3994018|12889320|10000|10000|0|1000|98.28333|100.328|0|-1.077782|87695|106478|10000|10000|0|1000|114.5661|109.1479|0|-1.98758|00008CD3|0|97e182c1e6c3004234b87e810fd39c7f
38|2021-09-26T12:07:51.0860000+01:00|1068703B|Tomo Uchuu|00505026|87695|106478|10000|10000|5|0|114.5661|109.1479|0|-1.98758|94AB|31|0|14016A|41F00000|E0000000|0A0168|41F00000|E0000000|071F|42700000|1068703B|28FE0030|4510F534|1068703B|077D|41ECCABF|40011DFC|08A9|401DA1C2|107629AA|0757|41068328|10675739|071D|41DE8AD7|1068703B|0737|41DE8AD7|1068703B|0722|40829FD1|1068703B|0|0|0|072F|41068328|10752D6C|0102C2|3FF16861|40011DF7|0|0|0|0763|40228E8E|10675739||3f84197cfe3a7df78c574da54a795f22
30|2021-09-26T12:07:51.0860000+01:00|716|Flourishing Cascade|0.00|1068703B|Tomo Uchuu|1068703B|Tomo Uchuu|00|106478|106478||0b92044c6a066dfc4c4a0254a473ab8f
20|2021-09-26T12:07:51.1310000+01:00|10675739|Jasy Heavensong|40AB|Malefic IV|40011DEA|Liquid Hand|1.43|100.1754|97.00159|0|0.048177||dcc2cb798cb9da26b24ed813b88b6f55
37|2021-09-26T12:07:51.1750000+01:00|40011D69|Living Liquid|00008CCB|3733449|12889320|10000|10000|0||100.4196|100.328|0|-0.01385427||22f9c179dc32298386c5fdd770938329
37|2021-09-26T12:07:51.1750000+01:00|40011D69|Living Liquid|00008CCC|3727518|12889320|10000|10000|0||100.4196|100.328|0|-0.01385427||e75ed4b2513fd5b865efa29e91b9a15c
22|2021-09-26T12:07:51.2200000+01:00|10752D6C|Volkon Vysk|3F23|Fated Circle|40011DEA|Liquid Hand|710103|34FE0000|0|0|0|0|0|0|0|0|0|0|0|0|0|0|3994018|12889320|10000|10000|0|1000|98.28333|100.328|0|-1.077782|150731|152511|10000|10000|0|1000|94.71277|102.2507|0|2.079774|00008CD4|0|7b275a7735ad06f59958c8642a5acc5f
22|2021-09-26T12:07:51.2200000+01:00|10752D6C|Volkon Vysk|3F23|Fated Circle|40011D69|Living Liquid|710003|1ECF0000|0|0|0|0|0|0|0|0|0|0|0|0|0|0|3737227|12889320|10000|10000|0|1000|100.4196|100.328|0|-0.01385427|150731|152511|10000|10000|0|1000|94.71277|102.2507|0|2.079774|00008CD4|1|8ea1c84c213dc1ca7e3a703674c102c3
37|2021-09-26T12:07:51.3090000+01:00|40011DEA|Liquid Hand|00008CCC|3988338|12889320|10000|10000|0||98.28333|100.328|0|-1.077782|01|0|0|0||b01e406874e61176b725f7f7cfe35468
37|2021-09-26T12:07:51.3090000+01:00|10752D6C|Volkon Vysk|00008CCF|130386|152511|10000|10000|0||94.71277|102.2507|0|2.079678|2500|0|0|0||ba4afeff569930d8484db262bb90d21d
21|2021-09-26T12:07:51.3090000+01:00|107629AA|Joeson Lmoa|DE8|Iron Jaws|40011DEA|Liquid Hand|720003|11190000|28C4EA0E|4B00000|28C4A60E|4B10000|0|0|0|0|0|0|0|0|0|0|3994018|12889320|10000|10000|0|1000|98.28333|100.328|0|-1.077782|106059|106059|10000|10000|0|1000|97.8827|98.46188|0|-1.993617|00008CD5|0|a0802e20af4acaee33e123b266a6754f
37|2021-09-26T12:07:51.3540000+01:00|107401EC|Raesa Velan|00008CD0|69813|96887|4800|10000|0||91.66089|93.64453|0|0.8038871|1900|0|0|0||670135a1957222afc6ef0d8c2758d4c2
37|2021-09-26T12:07:51.3540000+01:00|1068703B|Tomo Uchuu|00008CD1|84023|106478|10000|10000|0||114.452|109.0943|0|-2.010618|2600|0|0|01|04002B00|0|0|E0000000||355d3a5c97f5f3665529733ddedf67d2
38|2021-09-26T12:07:51.3540000+01:00|1068703B|Tomo Uchuu|00505026|84023|106478|10000|10000|0|0|114.452|109.0943|0|-2.010618|9504|31|0|14016A|41F00000|E0000000|0A0168|41F00000|E0000000|071F|42700000|1068703B|28FE0030|4510F0E8|1068703B|0|0|0|08A9|400C6A76|107629AA|0757|41023556|10675739|071D|41DC63ED|1068703B|0737|41DC63ED|1068703B|0722|40740856|1068703B|0|0|0|072F|41023556|10752D6C|0102C2|3FCEF9CA|40011DF7|0|0|0|0763|40115742|10675739||780ebc8f1883a15cfd202aaec8a68aaa
30|2021-09-26T12:07:51.3540000+01:00|77d|Seraphic Veil|0.00|40011DFC|Seraph|1068703B|Tomo Uchuu|00|106478|92601||6c0d101ac488221eff61db2bbe9f9e27
37|2021-09-26T12:07:51.3990000+01:00|107ABEEC|Greiyan Fletz|00008CCE|106544|106544|10000|10000|0||100.9503|96.51127|-0.002743801|1.545417|2200|0|0|01|0B002FD0|0|40400000|107ABEEC||7dd8b696d6f6d61bc0226250dda10776
38|2021-09-26T12:07:51.3990000+01:00|107ABEEC|Greiyan Fletz|00505022|106544|106544|10000|10000|0|0|100.9503|96.51127|-0.002743801|1.545417|DE54|30|0|0720|42700000|1068703B|14016A|41F00000|E0000000|0A0168|41F00000|E0000000|28FE0030|45104A63|107ABEEC|072F|40F62509|10752D6C|0722|408126FF|1068703B|012B|40120C40|1057B8A2|0839|41DC07C4|1068703B|0737|41DC07C4|1068703B|08A9|400C5A13|107629AA|0513|41BD1F18|107ABEEC|04D0|403D1EB8|107ABEEC|0757|4105C6BD|10675739|0102C2|3FDA1C9A|40011DF8|0|0|0|0|0|0|0512|41F135B8|107ABEEC|0|0|0|0|0|0|0|0|0|0763|401719C1|10675739||22baa501299c19df1574eaa1513500f4
24|2021-09-26T12:07:51.4430000+01:00|10675739|Jasy Heavensong|HoT|0|10DB|97086|97086|7796|10000|0|1000|100.1754|97.00159|0|-0.3299085||78762bf6bfa6d62f7bccfc1fee661472
24|2021-09-26T12:07:51.4430000+01:00|1075A2E4|Niru Summers|HoT|0|1A11|105133|153077|10000|10000|0|1000|100.5546|102.5957|0|-3.049378||c8ec8aa69f16081e168bc974536577da
24|2021-09-26T12:07:51.4430000+01:00|10752D6C|Volkon Vysk|HoT|0|105F|130386|152511|10000|10000|0|1000|94.71277|102.2507|0|2.079208||8f7ec45627d9278e627ce96c47a89704
21|2021-09-26T12:07:51.4430000+01:00|107ABEEC|Greiyan Fletz|07|Attack|40011D69|Living Liquid|710003|10EB0000|0|0|0|0|0|0|0|0|0|0|0|0|0|0|3727518|12889320|10000|10000|0|1000|100.4196|100.328|0|-0.001584632|106544|106544|10000|10000|0|1000|100.9503|96.51127|-0.002743801|1.545417|00008CD6|0|2b2bdf6df00f7317798ced7501e3a94a
38|2021-09-26T12:07:51.4430000+01:00|10675739|Jasy Heavensong|00505021|97086|97086|8296|10000|4|0|100.1754|97.00159|0|-0.3299085|D7F7|30|0|0A0168|41F00000|E0000000|0F016B|41F00000|E0000000|0722|4083F7E5|1068703B|28FE0030|4510433F|10675739|0129|41B0310F|1057B8A2|08A9|4006B849|107629AA|012B|400C5A13|1057B8A2|0347|0|10675739|0757|40EC291F|10675739|072F|40EC291F|10752D6C|04B4|417BDB04|10675739|0102C2|3FCED904|40011DF8|0763|3FF51D1E|10675739|0764|4189311E|10675739||a3f4fc6eb09fc7b5a805fdb9219f980e
38|2021-09-26T12:07:51.4430000+01:00|1075A2E4|Niru Summers|00505015|111806|153077|10000|10000|0|0|100.5546|102.5957|0|-3.049378|D7F7|30|0|0A016D|41F00000|E0000000|0A0168|41F00000|E0000000|5B|0|1075A2E4|28FD0030|4511B1AC|1075A2E4|0757|40F90653|10675739|0763|40256FC4|10675739|072F|40E7E794|10752D6C|08A9|4006B849|107629AA|0722|4090CCE5|1068703B|5A|426CF6CE|1075A2E4|0102C2|3FC39570|40011DF8|012B|400C5A13|1057B8A2|04A7|4195A9F9|1075A2E4|3204C4|41655122|1057B8A2||918bd7d50d08b51b7719fbceeaa88de8
38|2021-09-26T12:07:51.4430000+01:00|10752D6C|Volkon Vysk|00505025|134577|152511|10000|10000|0|0|94.71277|102.2507|0|2.079208|D7F7|30|0|14016A|41F00000|E0000000|0A0168|41F00000|E0000000|28FD0030|45119320|10752D6C|0757|40FD47DB|10675739|08A9|4006B849|107629AA|04A7|411147B3|10752D6C|0722|408C8B5A|1068703B|072F|40E39DD9|10752D6C|012B|400C5A13|1057B8A2|0730|407B53D9|10752D6C|0|0|0|0|0|0|0|0|0|0763|402E0334|10675739|0|0|0|0729|0|10752D6C||9bfb2d11c4b2f10223d5fdb9919785a2
37|2021-09-26T12:07:51.5320000+01:00|1057B8A2|Alex Knightfall|00008CCD|69234|97285|5606|10000|0||100.6332|96.75745|0|2.858665|1C00|0|0|0||b10d9012416dcfa2ee3c6846b509770f
24|2021-09-26T12:07:51.5320000+01:00|1068703B|Tomo Uchuu|HoT|0|10BD|84023|106478|10000|10000|0|1000|113.427|108.6297|0|-1.98758||56ebdee76ace90c6cdee571450073bd3
21|2021-09-26T12:07:51.5320000+01:00|107629AA|Joeson Lmoa|08|Shot|40011DEA|Liquid Hand|720203|12150000|0|0|0|0|0|0|0|0|0|0|0|0|0|0|3988338|12889320|10000|10000|0|1000|98.28333|100.328|0|-1.077782|106059|106059|10000|10000|0|1000|98.85443|99.83519|-0.001286698|-0.9607182|00008CD7|0|52a7280701329436c4568e6db04415ed
38|2021-09-26T12:07:51.5320000+01:00|1068703B|Tomo Uchuu|00505026|88308|106478|10000|10000|0|0|113.427|108.6297|0|-1.98758|D7F7|30|0|14016A|41F00000|E0000000|0A0168|41F00000|E0000000|071F|42700000|1068703B|28FE0030|4510EE14|1068703B|0|0|0|08A9|4001167F|107629AA|0757|40FEC0B1|10675739|071D|41DAF96D|1068703B|0737|41DAF96D|1068703B|0722|4068B45F|1068703B|0|0|0|072F|40FEC0B1|10752D6C|0102C2|3FB851DA|40011DF7|0|0|0|0763|4006034B|10675739||df3e17ac20243d9c7858a19fcd3e948b
37|2021-09-26T12:07:51.5770000+01:00|10675739|Jasy Heavensong|00008CCD|73146|97086|8296|10000|0||100.1754|97.00159|0|-0.438223|2101|0|0|01|04002B00|0|0|E0000000||94be201b9036958894f64ac74a9fe264
24|2021-09-26T12:07:51.5770000+01:00|107629AA|Joeson Lmoa|HoT|0|106B|106059|106059|10000|10000|0|1000|98.85443|99.83519|-0.001286698|-0.9607182||ccedc5291a2026bda954197532a85aac
21|2021-09-26T12:07:51.5770000+01:00|40011D69|Living Liquid|4978|Unknown_4978|1075A2E4|Niru Summers|730003|5E380000|0|0|0|0|0|0|0|0|0|0|0|0|0|0|105133|153077|10000|10000|0|1000|100.6128|102.6284|-0.001828156|-3.054881|3727518|12889320|10000|10000|0|1000|100.4196|100.328|0|0.03591513|00008CD8|0|17a5014c7cb4d6df8b21a4518e2800c1
38|2021-09-26T12:07:51.5770000+01:00|107ABEEC|Greiyan Fletz|00505022|106544|106544|10000|10000|0|0|101.6679|96.31138|-0.001735361|1.651409|DB16|30|0|0720|42700000|1068703B|14016A|41F00000|E0000000|0A0168|41F00000|E0000000|28FE0030|4510478F|107ABEEC|072F|40F07B0C|10752D6C|0722|4076FA07|1068703B|012B|4006B849|1057B8A2|0839|41DA9D44|1068703B|0737|41DA9D44|1068703B|08A9|40A00000|107629AA|0513|41BBB498|107ABEEC|04D0|4031CAC1|107ABEEC|0757|4102F1C0|10675739|0102C2|3FC374AA|40011DF8|0|0|0|0|0|0|0512|41EFCB38|107ABEEC|0|0|0|0|0|0|0|0|0|0763|400BC5CA|10675739||532701011090bb9e0042e60afabbde15
26|2021-09-26T12:07:51.5770000+01:00|8a9|Mage's Ballad|5.00|107629AA|Joeson Lmoa|107ABEEC|Greiyan Fletz|00|106544|106059||0865c0f3c6e9872e2b2ec0f26b185d1f
38|2021-09-26T12:07:51.5770000+01:00|107401EC|Raesa Velan|00505019|69813|96887|4800|10000|0|0|91.66089|93.64453|0|0.845534|DB16|30|0|0A016D|41F00000|E0000000|0A0168|41F00000|E0000000|29020030|4592DA58|107401EC|0722|40840016|1068703B|08A9|40A00000|107629AA|0|0|0|A5|4131810D|107401EC|0|0|0|0|0|0|072F|40F4C4C9|10752D6C|0757|4100C8CB|10675739|0102C2|3FB28F4B|40011DF5|0|0|0|0|0|0|0|0|0|0|0|0|0763|3FF53DD6|10675739||a18ec3a5a32b8a765d179779d3630588
26|2021-09-26T12:07:51.5770000+01:00|8a9|Mage's Ballad|5.00|107629AA|Joeson Lmoa|107401EC|Raesa Velan|00|96887|106059||27709acb490c876356d3d43578325ebe
38|2021-09-26T12:07:51.5770000+01:00|40011DFC|Seraph|00505000|92601|92601|10000|10000|0|0|100.1449|100.0533|0|0.7213173|DB16|30|0|28FE0030|44D858FA|1057B8A2|08A9|40A00000|107629AA|075B|3FD0629F|10675739|0107AD|41E99166|40011DFC||3dfa8c93e7b803fb9773759796aeec44
26|2021-09-26T12:07:51.5770000+01:00|8a9|Mage's Ballad|5.00|107629AA|Joeson Lmoa|40011DFC|Seraph|00|92601|106059||b602c8c69f2aad8a5d49d9c374b03a8f
38|2021-09-26T12:07:51.5770000+01:00|1057B8A2|Alex Knightfall|0050501C|69234|97285|5606|10000|0|0|100.6332|96.75745|0|2.858665|DB16|30|0|0A016D|41F00000|E0000000|1E016C|41F00000|E0000000|28FE0030|44D858FA|1057B8A2|0|0|0|075B|3FD0629F|10675739|0|0|0|0757|40EC3983|10675739|08A9|40A00000|107629AA|0722|406E668D|1068703B|0798|4051DB47|1057B8A2|012B|4003D701|1057B8A2|072F|40EC3983|10752D6C|0102C2|3FC91676|40011DF8|0|0|0|0|0|0|0763|4014593F|10675739||66e676d8558f634f393aa672b88d95d2
26|2021-09-26T12:07:51.5770000+01:00|8a9|Mage's Ballad|5.00|107629AA|Joeson Lmoa|1057B8A2|Alex Knightfall|00|97285|106059||b8c6dcb33a18eb97ba2f5fdc8f23ea34
38|2021-09-26T12:07:51.5770000+01:00|107629AA|Joeson Lmoa|00505017|106059|106059|10000|10000|0|0|98.85443|99.83519|-0.001286698|-0.9607182|DB16|30|0|0A016D|41F00000|E0000000|0A0168|41F00000|E0000000|28FE0030|451044AF|107629AA|012B|4003D701|1057B8A2|0722|4090DD47|1068703B|0|0|0|0757|40F07B0C|10675739|072F|40F90651|10752D6C|0102C2|3FB81050|40011DF8|0|0|0|0|0|0|0763|402E0333|10675739||c0d5c5fe4194d8df551951318393b20c
38|2021-09-26T12:07:51.5770000+01:00|10675739|Jasy Heavensong|00505021|73146|97086|8296|10000|0|0|100.1754|97.00159|0|-0.438223|DB16|30|0|0A0168|41F00000|E0000000|0F016B|41F00000|E0000000|0722|407F6CB6|1068703B|28FE0030|4510411F|10675739|0|0|0|08A9|409E8F5C|107629AA|012B|4003D701|1057B8A2|0347|0|10675739|0757|40E7E795|10675739|072F|40E7E795|10752D6C|04B4|4179BA40|10675739|0102C2|3FBDD2DF|40011DF8|0763|3FE416F9|10675739|0764|418820BB|10675739||77404db884eb9a71364cd8af0bdceb63
30|2021-09-26T12:07:51.5770000+01:00|129|Galvanize|0.00|1057B8A2|Alex Knightfall|10675739|Jasy Heavensong|00|97086|97285||9e446d060bdd178e200678f9fc8de1aa
26|2021-09-26T12:07:51.5770000+01:00|8a9|Mage's Ballad|4.96|107629AA|Joeson Lmoa|10675739|Jasy Heavensong|00|97086|106059||70bad4f02710736d217c5a14fd0db220
38|2021-09-26T12:07:51.5770000+01:00|1068703B|Tomo Uchuu|00505026|88308|106478|10000|10000|0|0|113.427|108.6297|0|-1.98758|DB16|30|0|14016A|41F00000|E0000000|0A0168|41F00000|E0000000|071F|42700000|1068703B|28FE0030|4510ED5C|1068703B|0|0|0|08A9|409E8F5C|107629AA|0757|40FD500D|10675739|071D|41DA9D44|1068703B|0737|41DA9D44|1068703B|0722|4065D317|1068703B|0|0|0|072F|40FD500D|10752D6C|0102C2|3FB28F4B|40011DF7|0|0|0|0763|40032203|10675739||eb4894e2846c45c592a29d9b9a0d6057
26|2021-09-26T12:07:51.5770000+01:00|8a9|Mage's Ballad|4.96|107629AA|Joeson Lmoa|1068703B|Tomo Uchuu|00|106478|106059||9047798b50c427a2404851cc8cdc03c1
38|2021-09-26T12:07:51.5770000+01:00|1075A2E4|Niru Summers|00505015|111806|153077|10000|10000|0|0|100.6128|102.6284|-0.001828156|-3.054881|DB16|30|0|0A016D|41F00000|E0000000|0A0168|41F00000|E0000000|5B|0|1075A2E4|28FD0030|4511AF8C|1075A2E4|0757|40F4C4C9|10675739|0763|401CECB2|10675739|072F|40E3A60A|10752D6C|08A9|409E8F5C|107629AA|0722|408C8B5B|1068703B|5A|426C6E9E|1075A2E4|0102C2|3FB28F4B|40011DF8|012B|4003D701|1057B8A2|04A7|41949996|1075A2E4|3204C4|4163305E|1057B8A2||921b7bd0e9f496778386b36a35a313d4
26|2021-09-26T12:07:51.5770000+01:00|8a9|Mage's Ballad|4.96|107629AA|Joeson Lmoa|1075A2E4|Niru Summers|00|153077|106059||d8ccfbe3ab35688b37489ad3a90cc26f
38|2021-09-26T12:07:51.5770000+01:00|10752D6C|Volkon Vysk|00505025|134577|152511|10000|10000|0|0|94.71277|102.2507|0|2.076297|DB16|30|0|14016A|41F00000|E0000000|0A0168|41F00000|E0000000|28FD0030|45119100|10752D6C|0757|40F90651|10675739|08A9|409E8F5C|107629AA|04A7|410F26EF|10752D6C|0722|408849D0|1068703B|072F|40DF5C4F|10752D6C|012B|4003D701|1057B8A2|0730|4072D0C7|10752D6C|0|0|0|0|0|0|0|0|0|0763|40258022|10675739|0|0|0|0729|0|10752D6C||4aaec289909994df0f3fa57d678acfa8
26|2021-09-26T12:07:51.5770000+01:00|8a9|Mage's Ballad|4.96|107629AA|Joeson Lmoa|10752D6C|Volkon Vysk|00|152511|106059||126b613f0f79403736b23a08c7b5e073
37|2021-09-26T12:07:51.6200000+01:00|107ABEEC|Greiyan Fletz|00008CCD|75855|106544|10000|10000|0||102.3564|96.78049|0|1.470547|2202|0|0|0||6f708ac6f566b5424a0157ce45a1dd5a
24|2021-09-26T12:07:51.6200000+01:00|107ABEEC|Greiyan Fletz|HoT|0|1104|106544|106544|10000|10000|0|1000|102.3564|96.78049|0|1.470547||4d41e143a4a9e62d79cbca7e2a6c8f54
21|2021-09-26T12:07:51.6210000+01:00|107ABEEC|Greiyan Fletz|1D46|Hissatsu: Kaiten|107ABEEC|Greiyan Fletz|320F|4CD8000|0|0|0|0|0|0|0|0|0|0|0|0|0|0|84514|106544|10000|10000|0|1000|102.9496|97.18465|-0.002047324|0.7849786|84514|106544|10000|10000|0|1000|102.9496|97.18465|-0.002047324|0.7849786|00008CD9|0|572909e08480641a1866783d61d13e97
38|2021-09-26T12:07:51.6210000+01:00|107ABEEC|Greiyan Fletz|00505022|80211|106544|10000|10000|0|0|102.9496|97.18465|-0.002047324|0.7849786|DB16|30|0|0720|42700000|1068703B|14016A|41F00000|E0000000|0A0168|41F00000|E0000000|28FE0030|451046DB|107ABEEC|072F|40EF1299|10752D6C|0722|40742922|1068703B|012B|4003E764|1057B8A2|0839|41DA4327|1068703B|0737|41DA4327|1068703B|08A9|409E978D|107629AA|0513|41BB5A7B|107ABEEC|04D0|402EF9DC|107ABEEC|0757|41023D87|10675739|0102C2|3FBDD2DF|40011DF8|04CD|C1200000|107ABEEC|0|0|0|0512|41EF711B|107ABEEC|0|0|0|0|0|0|0|0|0|0763|4008F4E5|10675739||d9443af52324f737aef32a82df9603cd
26|2021-09-26T12:07:51.6210000+01:00|4cd|Kaiten|10.00|107ABEEC|Greiyan Fletz|107ABEEC|Greiyan Fletz|00|106544|106544||7fc7336663dc7646ca8694a38ec56e9e
37|2021-09-26T12:07:51.6660000+01:00|107629AA|Joeson Lmoa|00008CCD|74665|106059|10000|10000|0||99.61199|99.11485|-0.001701288|-1.96152|1703|0|0|0||00c4ed3d1e7c45578ac4d4c1ee163ac5
24|2021-09-26T12:07:51.6660000+01:00|107629AA|Joeson Lmoa|HoT|798|1B76|81695|106059|10000|10000|0|1000|99.61199|99.11485|-0.001701288|-1.96152||953c56f2fd48d57b9918d90a96e5599b
24|2021-09-26T12:07:51.6660000+01:00|1075A2E4|Niru Summers|HoT|798|1138|116214|153077|10000|10000|0|1000|100.6213|102.6997|-0.01531982|-3.057813||9006aa7ef74c320b1bc27c7bb56bbc73
24|2021-09-26T12:07:51.6660000+01:00|10675739|Jasy Heavensong|HoT|798|1178|77618|97086|8296|10000|0|1000|100.1754|97.00159|0|-0.5237186||879c325793a4af585f3defc212b90752
24|2021-09-26T12:07:51.6660000+01:00|1057B8A2|Alex Knightfall|HoT|798|1B15|80684|97285|5606|10000|0|1000|100.6332|96.75745|0|2.858665||77b8dbef7923eefaf8cc98b631e553fc
24|2021-09-26T12:07:51.6660000+01:00|107ABEEC|Greiyan Fletz|HoT|798|10CF|84514|106544|10000|10000|0|1000|102.9496|97.18465|-0.002047324|0.7849786||ceca3cd62ed66709f58cfae4784c9a95
24|2021-09-26T12:07:51.6660000+01:00|10752D6C|Volkon Vysk|HoT|798|1095|138822|152511|10000|10000|0|1000|94.71277|102.2507|0|2.062209||8fc2d55ff47589c4460846101a5ab698
24|2021-09-26T12:07:51.6660000+01:00|1057B8A2|Alex Knightfall|HoT|0|11A5|80684|97285|5606|10000|0|1000|100.6332|96.75745|0|2.858665||b85ae1f977eb524fefbacb4dfc058bab
38|2021-09-26T12:07:51.6660000+01:00|107ABEEC|Greiyan Fletz|00505022|84514|106544|10000|10000|0|0|102.9496|97.18465|-0.002047324|0.7849786|0|0|0|0720|42700000|1068703B|14016A|41F00000|E0000000|0A0168|41F00000|E0000000|28FE0030|45104627|107ABEEC|072F|40EDAA26|10752D6C|0722|4071583D|1068703B|012B|40A00000|1057B8A2|0839|41D9E90A|1068703B|0737|41D9E90A|1068703B|08A9|409D2F1A|107629AA|0513|41BB005E|107ABEEC|04D0|402C28F7|107ABEEC|0757|4101894E|10675739|0102C2|3FB83114|40011DF8|04CD|C1200000|107ABEEC|0|0|0|0512|41EF16FE|107ABEEC|0|0|0|0|0|0|0|0|0|0763|40062400|10675739||33ecf310d1da9b39c610abd2aadfd317
26|2021-09-26T12:07:51.6660000+01:00|12b|Sacred Soil|5.00|1057B8A2|Alex Knightfall|107ABEEC|Greiyan Fletz|00|106544|97285||2c002cb10eda76a5c578a6e1ad2b4e8b
38|2021-09-26T12:07:51.6660000+01:00|1057B8A2|Alex Knightfall|0050501C|80684|97285|5606|10000|0|0|100.6332|96.75745|0|2.858665|0|0|0|0A016D|41F00000|E0000000|1E016C|41F00000|E0000000|28FE0030|44D8562A|1057B8A2|0|0|0|075B|3FC51F09|10675739|0|0|0|0757|40E9689D|10675739|08A9|409D2F1A|107629AA|0722|4068C4C3|1068703B|0798|404C397D|1057B8A2|012B|409E978D|1057B8A2|072F|40E9689D|10752D6C|0102C2|3FBDD2E0|40011DF8|0|0|0|0|0|0|0763|400EB775|10675739||b822307f0ebc50b7f175b9285183f0ce
26|2021-09-26T12:07:51.6660000+01:00|12b|Sacred Soil|4.96|1057B8A2|Alex Knightfall|1057B8A2|Alex Knightfall|00|97285|97285||09c0b0289005fdea93924c54568b2345
38|2021-09-26T12:07:51.6660000+01:00|107629AA|Joeson Lmoa|00505017|81695|106059|10000|10000|0|0|99.61199|99.11485|-0.001701288|-1.96152|0|0|0|0A016D|41F00000|E0000000|0A0168|41F00000|E0000000|28FE0030|45104347|107629AA|012B|409E978D|1057B8A2|0722|408E0C61|1068703B|0|0|0|0757|40EDAA26|10675739|072F|40F6356B|10752D6C|0102C2|3FACCCBA|40011DF8|0|0|0|0|0|0|0763|40286169|10675739||7ba69014ef537365cd9950ee1064c466
26|2021-09-26T12:07:51.6660000+01:00|12b|Sacred Soil|4.96|1057B8A2|Alex Knightfall|107629AA|Joeson Lmoa|00|106059|97285||46ba7b7aafb05d4579cd25915b449d84
38|2021-09-26T12:07:51.6660000+01:00|10675739|Jasy Heavensong|00505021|77618|97086|8296|10000|0|0|100.1754|97.00159|0|-0.5237186|0|0|0|0A0168|41F00000|E0000000|0F016B|41F00000|E0000000|0722|4079CAEC|1068703B|28FE0030|45103FB7|10675739|0|0|0|08A9|409BBE76|107629AA|012B|409E978D|1057B8A2|0347|0|10675739|0757|40E516AF|10675739|072F|40E516AF|10752D6C|04B4|417851CE|10675739|0102C2|3FB28F49|40011DF8|0763|3FD8D363|10675739|0764|41876C81|10675739||4b8cb0b048ace2f21bdb0109fb7a94fb
26|2021-09-26T12:07:51.6660000+01:00|12b|Sacred Soil|4.96|1057B8A2|Alex Knightfall|10675739|Jasy Heavensong|00|97086|97285||e81d8678cf73dc929a5fa180d3ff40ba
38|2021-09-26T12:07:51.6660000+01:00|1075A2E4|Niru Summers|00505015|116214|153077|10000|10000|0|0|100.6213|102.6997|-0.01531982|-3.057813|0|0|0|0A016D|41F00000|E0000000|0A0168|41F00000|E0000000|5B|0|1075A2E4|28FD0030|4511AE24|1075A2E4|0757|40F1F3E3|10675739|0763|40174AE8|10675739|072F|40E0D524|10752D6C|08A9|409BBE76|107629AA|0722|4089BA75|1068703B|5A|426C1482|1075A2E4|0102C2|3FA74BB5|40011DF8|012B|409E978D|1057B8A2|04A7|4193E55C|1075A2E4|3204C4|4161C7EC|1057B8A2||d4cf3a223732c899f5b90cd3a10523df
26|2021-09-26T12:07:51.6660000+01:00|12b|Sacred Soil|4.96|1057B8A2|Alex Knightfall|1075A2E4|Niru Summers|00|153077|97285||099d4be7fe5bd3908a6d71c1555f89c2
38|2021-09-26T12:07:51.6660000+01:00|10752D6C|Volkon Vysk|00505025|138822|152511|10000|10000|0|0|94.71277|102.2507|0|2.062209|0|0|0|14016A|41F00000|E0000000|0A0168|41F00000|E0000000|28FD0030|45118F98|10752D6C|0757|40F6356B|10675739|08A9|409BBE76|107629AA|04A7|410DBE7D|10752D6C|0722|408578EA|1068703B|072F|40DC8B69|10752D6C|012B|409E978D|1057B8A2|0730|406D2EFD|10752D6C|0|0|0|0|0|0|0|0|0|0763|401FDE58|10675739|0|0|0|0729|0|10752D6C||d8d66b0d538e06c9111367632716dad9
26|2021-09-26T12:07:51.6660000+01:00|12b|Sacred Soil|4.96|1057B8A2|Alex Knightfall|10752D6C|Volkon Vysk|00|152511|97285||58e7f92315eb6e7978c475e9b04708d9
37|2021-09-26T12:07:51.7100000+01:00|1075A2E4|Niru Summers|00008CCD|100830|153077|10000|10000|0||100.6213|102.6997|-0.01531982|-3.057813|1504|0|0|0||ad769a7d0028dcf2b3fe67fa073ce4ce
37|2021-09-26T12:07:51.7100000+01:00|40011DEA|Liquid Hand|00008CD3|3966411|12889320|10000|10000|0||98.28333|100.328|0|-1.077782||274889ed71040e2d1ddd427691ac71d4
24|2021-09-26T12:07:51.7100000+01:00|107401EC|Raesa Velan|HoT|0|1AF5|69813|96887|4800|10000|0|1000|91.66089|93.64453|0|0.8795221||79f5af9aa0abd33f360a110e734dbb1c
38|2021-09-26T12:07:51.7100000+01:00|107401EC|Raesa Velan|00505019|76714|96887|4800|10000|0|0|91.66089|93.64453|0|0.8795221|0|0|0|0A016D|41F00000|E0000000|0A0168|41F00000|E0000000|29020030|4592D948|107401EC|0722|407F7D18|1068703B|08A9|409BBE76|107629AA|0|0|0|A5|412F6049|107401EC|0|0|0|0|0|0|072F|40F0833F|10752D6C|0757|40FD500D|10675739|0102C2|3FA18926|40011DF5|0|0|0|0|0|0|0|0|0|0|0|0|0763|3FE437B1|10675739||612549870436f4b36635c4c4e12805e8
37|2021-09-26T12:07:51.7550000+01:00|10752D6C|Volkon Vysk|00008CCD|126107|152511|10000|10000|0||94.71277|102.2507|0|2.062209|2505|0|0|0||b73ceb8cabca6e756ead2c7d635e67d3
37|2021-09-26T12:07:51.7550000+01:00|107629AA|Joeson Lmoa|00008CD2|89735|106059|10000|10000|7||99.61199|99.11485|-0.001701288|-1.96152|1700|0|0|01|0500327D|0|41F00000|40011DFC||b75a05351eacbe8d69ba21cb22e76780
26|2021-09-26T12:07:51.7550000+01:00|77d|Seraphic Veil|30.00|40011DFC|Seraph|107629AA|Joeson Lmoa|00|106059|92601||d42359ee826f8b8f515f9f6becebf6da
37|2021-09-26T12:07:51.7550000+01:00|40011DEA|Liquid Hand|00008CD4|3952845|12889320|10000|10000|0||98.28333|100.328|0|-1.077782||7c4ad867ee20114d13a8044f29f4ddb2
38|2021-09-26T12:07:51.7550000+01:00|107629AA|Joeson Lmoa|00505017|89735|106059|10000|10000|7|0|99.61199|99.11485|-0.001701288|-1.96152|0|0|0|0A016D|41F00000|E0000000|0A0168|41F00000|E0000000|28FE0030|451041D7|107629AA|012B|409BB645|1057B8A2|0722|408B2B19|1068703B|077D|41EFA3D7|40011DFC|0757|40EAC8DE|10675739|072F|40F35423|10752D6C|0102C2|3FA1479C|40011DF8|0|0|0|0|0|0|0763|40229ED9|10675739||e5d5a93d89706d8ebdd7dc1f05ba139e
37|2021-09-26T12:07:51.7990000+01:00|107401EC|Raesa Velan|00008CCD|44177|96887|4800|10000|0||91.81521|93.76026|-0.01531982|0.9013855|1906|0|0|0||0e6247117da6510da5a572c9360db1b1
37|2021-09-26T12:07:51.8430000+01:00|1068703B|Tomo Uchuu|00008CCD|59470|106478|10000|10000|0||111.6026|107.8009|0|-2.008523|2607|0|0|0||dc0a9508f11542ecb58b04d39327a5a4
37|2021-09-26T12:07:51.8880000+01:00|1075A2E4|Niru Summers|00008CD2|108811|153077|10000|10000|5||100.6247|102.7283|-0.001567132|-3.057235|1501|0|0|01|0E00327D|0|41F00000|40011DFC||6ad2ba38a057051ef03258134a5fbb04
26|2021-09-26T12:07:51.8880000+01:00|77d|Seraphic Veil|30.00|40011DFC|Seraph|1075A2E4|Niru Summers|00|153077|92601||1da73948d32f8cb755b44695829f5a1e
37|2021-09-26T12:07:51.8880000+01:00|40011D69|Living Liquid|00008CD4|3719631|12889320|10000|10000|0||100.4196|100.328|0|0.1002432|01|0|0|0||6fd3c9d444971514f5c23e7fc37bba56
39|2021-09-26T12:07:51.8880000+01:00|40011DFC|Seraph|92601|92601|10000|10000|0|0|100.1449|100.0533|0|0.7213173||584e3b47893bd42dc2751a1e01746b9f
38|2021-09-26T12:07:51.8880000+01:00|1075A2E4|Niru Summers|00505015|108811|153077|10000|10000|5|0|100.6275|102.7524|0|-3.055784|0|0|0|0A016D|41F00000|E0000000|0A0168|41F00000|E0000000|5B|0|1075A2E4|28FD0030|4511AA90|1075A2E4|0757|40EAC8E0|10675739|0763|4008F4E4|10675739|072F|40D9AA21|10752D6C|08A9|40949373|107629AA|0722|40828F72|1068703B|5A|426B2F23|1075A2E4|0102C2|3F8A9FAD|40011DF8|012B|40976C8A|1057B8A2|04A7|41921A9B|1075A2E4|3204C4|415E326C|1057B8A2|077D|41EFA1CB|40011DFC||b5a9dcdbd0e4b71bb861a3b174bb9b59
37|2021-09-26T12:07:51.9320000+01:00|40011DEA|Liquid Hand|00008CD5|3948468|12889320|10000|10000|0||98.28333|100.328|0|-1.077782|0|0|0|02|03002FB1|28|41F00000|107629AA|050004B0|28|41F00000|107629AA||5a1bc1ed4bbde06ddd9d879e55d2f86a
26|2021-09-26T12:07:51.9320000+01:00|4b1|Stormbite|30.00|107629AA|Joeson Lmoa|40011DEA|Liquid Hand|28|12889320|106059||d3ecd523c3f023d975727da0870b73e0
26|2021-09-26T12:07:51.9320000+01:00|4b0|Caustic Bite|30.00|107629AA|Joeson Lmoa|40011DEA|Liquid Hand|28|12889320|106059||f04bdc9ebf8924a6fa75640f36a19cd1
37|2021-09-26T12:07:51.9760000+01:00|40011D69|Living Liquid|00008CD6|3715300|12889320|10000|10000|0||100.4196|100.328|0|0.0968784||0ba2e4bfefdcfb40ea475bd985fe487e
37|2021-09-26T12:07:51.9760000+01:00|107ABEEC|Greiyan Fletz|00008CD6|84514|106544|10000|10000|0||103.5095|97.68515|-0.01531982|0.6954571|2200|0|0|01|0E002FCD|0|C1200000|107ABEEC||76e6c2190cd75acae0e5e517f34dcd9c
37|2021-09-26T12:07:52.0220000+01:00|10675739|Jasy Heavensong|00008CD2|91054|97086|8296|10000|13||100.1754|97.00159|0|-0.5237186|2102|0|0|01|0400327D|0|41F00000|40011DFC||4e8b5c9e5a562c4e652b575c58d4562b
26|2021-09-26T12:07:52.0220000+01:00|77d|Seraphic Veil|30.00|40011DFC|Seraph|10675739|Jasy Heavensong|00|97086|92601||ff0ace42076905d76663ecf5e36c0c3b
21|2021-09-26T12:07:52.0220000+01:00|10675739|Jasy Heavensong|40AB|Malefic IV|40011DEA|Liquid Hand|750003|3BF10000|1B|40AB8000|0|0|0|0|0|0|0|0|0|0|0|0|3948468|12889320|10000|10000|0|1000|98.28333|100.328|0|-1.077782|77618|97086|8296|10000|0|1000|100.1754|97.00159|0|-0.5237186|00008CDA|0|d2a413b25741dc1c74e447572a304804
38|2021-09-26T12:07:52.0220000+01:00|10675739|Jasy Heavensong|00505021|91054|97086|7896|10000|13|0|100.1754|97.00159|0|-0.5237186|0|0|0|0A0168|41F00000|E0000000|0F016B|41F00000|E0000000|0722|4062F1D6|1068703B|28FE0030|45103A03|10675739|077D|41EFA3D7|40011DFC|08A9|409051E9|107629AA|012B|40932B00|1057B8A2|0347|0|10675739|0757|40D9AA22|10675739|072F|40D9AA22|10752D6C|04B4|41729B8A|10675739|0102C2|3F84DD1C|40011DF8|0763|3FAB2136|10675739|0764|4184915D|10675739||72bd31afa70226bfca37d9e603f0bb49
37|2021-09-26T12:07:52.1100000+01:00|1075A2E4|Niru Summers|00008CD8|84691|153077|10000|10000|5||100.63|102.7728|-0.002009626|-3.055784|1500|0|0|0||bb4da617cf44087a51c70e6660baffb1
37|2021-09-26T12:07:52.1550000+01:00|107ABEEC|Greiyan Fletz|00008CD2|92479|106544|10000|10000|7||103.7322|98.32439|0|0.3040665|2203|0|0|02|0E002FCD|0|C1200000|107ABEEC|0F00077D|0|41F00000|40011DFC||14548d7cf99ab905f88ac5520a86dbf5
26|2021-09-26T12:07:52.1550000+01:00|77d|Seraphic Veil|30.00|40011DFC|Seraph|107ABEEC|Greiyan Fletz|00|106544|92601||b4e6509a4ec5737e3d725e48d22a4b80
38|2021-09-26T12:07:52.1550000+01:00|107ABEEC|Greiyan Fletz|00505022|92479|106544|10000|10000|7|0|103.7322|98.32439|0|0.3040665|0|0|0|0720|42700000|1068703B|14016A|41F00000|E0000000|0A0168|41F00000|E0000000|28FE0030|45103E4F|107ABEEC|072F|40DDF3DE|10752D6C|0722|4051EBB2|1068703B|012B|409049B8|1057B8A2|0839|41D5FB77|1068703B|0737|41D5FB77|1068703B|08A9|408D78D2|107629AA|0513|41B712CB|107ABEEC|04D0|400CBC6C|107ABEEC|0757|40F35C54|10675739|0102C2|3F72AFFB|40011DF8|04CD|C1200000|107ABEEC|077D|41EFA3D7|40011DFC|0512|41EB296B|107ABEEC|0|0|0|0|0|0|0|0|0|0763|3FCD6EE8|10675739||aa51e49be328228bea4328bb3c449dbe
21|2021-09-26T12:07:52.2000000+01:00|1068703B|Tomo Uchuu|07|Attack|40011DEA|Liquid Hand|720203|163F0000|0|0|0|0|0|0|0|0|0|0|0|0|0|0|3948468|12889320|10000|10000|0|1000|98.28333|100.328|0|-1.077782|59470|106478|10000|10000|0|1000|110.1441|106.7475|0|-2.077639|00008CDB|0|ce6ec76ada1d4d4f90651e8b0807cb11
37|2021-09-26T12:07:52.2430000+01:00|107ABEEC|Greiyan Fletz|00008CD9|92479|106544|10000|10000|7||103.8175|98.56917|-0.004493375|0.1541894|2200|0|0|01|0E002FCD|0|41200000|107ABEEC||2da724ae4e56e76de42d4401df423614
38|2021-09-26T12:07:52.2430000+01:00|107ABEEC|Greiyan Fletz|00505022|92479|106544|10000|10000|7|0|103.8175|98.56917|-0.004493375|0.1541894|0|0|0|0720|42700000|1068703B|14016A|41F00000|E0000000|0A0168|41F00000|E0000000|28FE0030|45103CE7|107ABEEC|072F|40DB22F8|10752D6C|0722|404C49E8|1068703B|012B|408D78D2|1057B8A2|0839|41D5473D|1068703B|0737|41D5473D|1068703B|08A9|408AA7EC|107629AA|0513|41B65E91|107ABEEC|04D0|40071AA2|107ABEEC|0757|40F08B6E|10675739|0102C2|3F5C28D0|40011DF8|04CD|411F4BC7|107ABEEC|077D|41EEEF9D|40011DFC|0512|41EA7531|107ABEEC|0|0|0|0|0|0|0|0|0|0763|3FC22B52|10675739||70dc0f287ff4ff41e7a3b320a8df74ab
37|2021-09-26T12:07:52.2890000+01:00|1057B8A2|Alex Knightfall|00008CD2|88800|97285|5606|10000|8||100.6332|96.75745|0|2.858665|1C04|0|0|01|0300327D|0|41F00000|40011DFC||0f216e903478b6ed0eda2a9c9a499581
26|2021-09-26T12:07:52.2890000+01:00|77d|Seraphic Veil|30.00|40011DFC|Seraph|1057B8A2|Alex Knightfall|00|97285|92601||8852ffdec6ab661a43455c2e829e8cb7
37|2021-09-26T12:07:52.2890000+01:00|40011DEA|Liquid Hand|00008CD7|3943839|12889320|10000|10000|0||98.28333|100.328|0|-1.077782||8c8272c16a4f54e0a9fb63d42b8074f9
22|2021-09-26T12:07:52.2890000+01:00|1057B8A2|Alex Knightfall|BA|Succor|1057B8A2|Alex Knightfall|4|1E3D0000|CC0E|1290000|1B|BA8000|0|0|0|0|0|0|0|0|0|0|80684|97285|5606|10000|0|1000|100.6332|96.75745|0|2.858665|80684|97285|5606|10000|0|1000|100.6332|96.75745|0|2.858665|00008CDC|0|e0fced71aad0d6ad6f994cf23052ded7
22|2021-09-26T12:07:52.2890000+01:00|1057B8A2|Alex Knightfall|BA|Succor|10675739|Jasy Heavensong|4|1DC80000|3A0E|1290000|1B|BA8000|0|0|0|0|0|0|0|0|0|0|91054|97086|7896|10000|0|1000|100.1754|97.00159|0|-0.5237186|80684|97285|5606|10000|0|1000|100.6332|96.75745|0|2.858665|00008CDC|1|e8df38a9ea283671340da5c48556d9d1
22|2021-09-26T12:07:52.2890000+01:00|1057B8A2|Alex Knightfall|BA|Succor|107629AA|Joeson Lmoa|10004|2F350000|20E|1290000|1B|BA8000|0|0|0|0|0|0|0|0|0|0|89735|106059|10000|10000|0|1000|100.2469|95.75471|-0.001365683|-3.139582|80684|97285|5606|10000|0|1000|100.6332|96.75745|0|2.858665|00008CDC|2|0ff1d582364eb83535889f0dc27ca2de
22|2021-09-26T12:07:52.2890000+01:00|1057B8A2|Alex Knightfall|BA|Succor|107ABEEC|Greiyan Fletz|10004|30810000|A10E|1290000|1B|BA8000|0|0|0|0|0|0|0|0|0|0|92479|106544|10000|10000|0|1000|103.8175|98.56917|-0.004493375|0.1541894|80684|97285|5606|10000|0|1000|100.6332|96.75745|0|2.858665|00008CDC|3|70ef925c15d7cecc5acc322d1538fee3
22|2021-09-26T12:07:52.2890000+01:00|1057B8A2|Alex Knightfall|BA|Succor|1075A2E4|Niru Summers|4|1D230000|6B0E|1290000|1B|BA8000|0|0|0|0|0|0|0|0|0|0|84691|153077|10000|10000|0|1000|100.568|102.792|-0.002349491|-3.055784|80684|97285|5606|10000|0|1000|100.6332|96.75745|0|2.858665|00008CDC|4|fa918fb6eeefe1fef829a398df77f04b
22|2021-09-26T12:07:52.2890000+01:00|1057B8A2|Alex Knightfall|BA|Succor|10752D6C|Volkon Vysk|4|1E910000|350E|1290000|1B|BA8000|0|0|0|0|0|0|0|0|0|0|126107|152511|10000|10000|0|1000|94.71277|102.2507|0|2.048423|80684|97285|5606|10000|0|1000|100.6332|96.75745|0|2.858665|00008CDC|5|7d35fcce8d3c200de02a2ef6dac40e0f
22|2021-09-26T12:07:52.2890000+01:00|1057B8A2|Alex Knightfall|BA|Succor|107401EC|Raesa Velan|4|1D0A0000|4C0E|1290000|1B|BA8000|0|0|0|0|0|0|0|0|0|0|44177|96887|4800|10000|0|1000|92.18571|94.03815|0|0.9570143|80684|97285|5606|10000|0|1000|100.6332|96.75745|0|2.858665|00008CDC|6|11802fe5a80aa25765a983537724cbac
22|2021-09-26T12:07:52.2890000+01:00|1057B8A2|Alex Knightfall|BA|Succor|1068703B|Tomo Uchuu|4|1E710000|D0E|1290000|1B|BA8000|0|0|0|0|0|0|0|0|0|0|59470|106478|10000|10000|0|1000|109.6815|106.4043|0|-2.083922|80684|97285|5606|10000|0|1000|100.6332|96.75745|0|2.858665|00008CDC|7|ef4cc940211c5e49fb71ceaf63edc858
38|2021-09-26T12:07:52.2890000+01:00|1057B8A2|Alex Knightfall|0050501C|88800|97285|4606|10000|8|0|100.6332|96.75745|0|2.858665|0|0|0|0A016D|41F00000|E0000000|1E016C|41F00000|E0000000|28FE0030|44D84233|1057B8A2|077D|41EFA3D7|40011DFC|075B|3F6A7F9B|10675739|0|0|0|0757|40D570CB|10675739|08A9|40893748|107629AA|0722|4040D526|1068703B|0798|402449E0|1057B8A2|012B|408A9FBB|1057B8A2|072F|40D570CB|10752D6C|0102C2|3F5BE749|40011DF8|0|0|0|0|0|0|0763|3FCD8FAF|10675739||4e9bef543e578bb2e96b5e6c378b460d
21|2021-09-26T12:07:52.3330000+01:00|107401EC|Raesa Velan|98|Fire III|40011DEA|Liquid Hand|150003|70470000|33D|438000|1B|988000|0|0|0|0|0|0|0|0|0|0|3943839|12889320|10000|10000|0|1000|98.28333|100.328|0|-1.077782|44177|96887|4800|10000|0|1000|92.21468|94.05987|-0.002714302|0.7628312|00008CDD|0|fa9a75776cad35212037af25960d8fd2
38|2021-09-26T12:07:52.3330000+01:00|107401EC|Raesa Velan|00505019|44177|96887|4800|10000|0|0|92.21468|94.05987|-0.002714302|0.7628312|0|0|0|0A016D|41F00000|E0000000|0A0168|41F00000|E0000000|29020030|4592D44E|107401EC|0722|40579DDE|1068703B|08A9|4087CED5|107629AA|0|0|0|0|0|0|0|0|0|0|0|0|072F|40DC939E|10752D6C|0757|40E9606C|10675739|0102C2|3F23955C|40011DF5|0|0|0|0|0|0|0|0|0|0|0|0|0763|3F94793A|10675739||3af3e850a304149351ae236b5928592d
30|2021-09-26T12:07:52.3330000+01:00|a5|Firestarter|0.00|107401EC|Raesa Velan|107401EC|Raesa Velan|00|96887|96887||47ea083723d2b8070b7679f909f8d9a4
20|2021-09-26T12:07:52.3770000+01:00|107ABEEC|Greiyan Fletz|1D40|Tenka Goken|40011D69|Living Liquid|1.30|103.8943|98.78953|-0.008516009|0.01926638||5a388a3e11435c8af4986149f1705e40
37|2021-09-26T12:07:52.4220000+01:00|10752D6C|Volkon Vysk|00008CD2|134350|152511|10000|10000|5||94.71277|102.2507|0|2.048423|2505|0|0|01|0A00327D|0|41F00000|40011DFC||af3f2c8280ffeb16b245c9ec656c6053
26|2021-09-26T12:07:52.4220000+01:00|77d|Seraphic Veil|30.00|40011DFC|Seraph|10752D6C|Volkon Vysk|00|152511|92601||38d6306bc0e2b815f1bddf8f19a47645
38|2021-09-26T12:07:52.4220000+01:00|10752D6C|Volkon Vysk|00505025|134350|152511|10000|10000|5|0|94.71277|102.2507|0|2.048423|994C|31|0|14016A|41F00000|E0000000|0A0168|41F00000|E0000000|28FD0030|4511837C|10752D6C|0757|40DDF3DE|10675739|08A9|40837CE9|107629AA|04A7|41019DBB|10752D6C|0722|405A6EC1|1068703B|072F|40C449DC|10752D6C|012B|40865600|1057B8A2|0730|403CABEB|10752D6C|077D|41EFA3D7|40011DFC|0|0|0|0|0|0|0763|3FDEB68C|10675739|0|0|0|0729|0|10752D6C||64d884e82f417178d734d6b5871260a2
37|2021-09-26T12:07:52.5570000+01:00|107401EC|Raesa Velan|00008CD2|52211|96887|4800|10000|8||92.27275|94.09748|-0.001946066|0.7628312|1906|0|0|01|0500327D|0|41F00000|40011DFC||904a751586d56bb0768e017de960b2ca
26|2021-09-26T12:07:52.5570000+01:00|77d|Seraphic Veil|30.00|40011DFC|Seraph|107401EC|Raesa Velan|00|96887|92601||75cac6ce460984037ab0cc29f37ab543
38|2021-09-26T12:07:52.5570000+01:00|107401EC|Raesa Velan|00505019|52211|96887|4800|10000|8|0|92.27275|94.09748|-0.001946066|0.7628312|994C|31|0|0A016D|41F00000|E0000000|0A0168|41F00000|E0000000|29020030|4592D284|107401EC|0722|404947D9|1068703B|08A9|4080A3D2|107629AA|077D|41EFA3D7|40011DFC|0|0|0|0|0|0|0|0|0|072F|40D5689B|10752D6C|0757|40E23569|10675739|0102C2|3ED47A96|40011DF5|0|0|0|0|0|0|0|0|0|0|0|0|0763|3F6F9A65|10675739||cb8d0827677e9ca14006bb108782b11b
37|2021-09-26T12:07:52.6890000+01:00|1068703B|Tomo Uchuu|00008CD2|67776|106478|10000|10000|7||108.062|104.6091|0|-2.121621|2607|0|0|01|0400327D|0|41F00000|40011DFC||cc4b8d4ee419934e7700c8534ab11b96
26|2021-09-26T12:07:52.6890000+01:00|77d|Seraphic Veil|30.00|40011DFC|Seraph|1068703B|Tomo Uchuu|00|106478|92601||aca06d84f5e94a2df78b6a3843ae904b
38|2021-09-26T12:07:52.6890000+01:00|40011DFC|Seraph|00505000|92601|92601|10000|10000|0|0|100.1449|100.0533|0|0.7213173|994C|31|0|28FE0030|44D8355E|1057B8A2|08A9|4078C492|107629AA|075B|3F03D7AB|10675739||3036da50d2f111831b3729c3ac187576
30|2021-09-26T12:07:52.6890000+01:00|7ad|Summon Order III|0.00|40011DFC|Seraph|40011DFC|Seraph|01|92601|92601||6f7f36bea6a4dec3117653b0a649edce
38|2021-09-26T12:07:52.6900000+01:00|1068703B|Tomo Uchuu|00505026|67776|106478|10000|10000|7|0|108.062|104.6091|0|-2.121621|994C|31|0|14016A|41F00000|E0000000|0A0168|41F00000|E0000000|071F|42700000|1068703B|28FE0030|4510DB94|1068703B|077D|41EFA3D7|40011DFC|08A9|4075E34A|107629AA|0757|40D9B255|10675739|071D|41D1B5D3|1068703B|0737|41D1B5D3|1068703B|0722|401E97B4|1068703B|0|0|0|072F|40D9B255|10752D6C|0102C2|3E906202|40011DF7|0|0|0|0763|3F6F9A7D|10675739||1cc3623b9f71ea7289eb660d8077baff
37|2021-09-26T12:07:52.7350000+01:00|40011DEA|Liquid Hand|00008CDB|3938144|12889320|10000|10000|0||98.28333|100.328|0|-1.077782||8d1500bc2f1579f4f234d81c68c39d80
39|2021-09-26T12:07:52.9570000+01:00|10675739|Jasy Heavensong|92024|97086|8160|10000|0|0|100.2273|97.00159|0|0.09347319||5185f18910eb29d5356fee8883654eac
39|2021-09-26T12:07:52.9570000+01:00|1075A2E4|Niru Summers|86221|153077|10000|10000|0|0|100.4501|102.8233|-0.001312314|-3.062133||7aaf27455c1fabda044006588a83a866
39|2021-09-26T12:07:52.9570000+01:00|10752D6C|Volkon Vysk|135875|152511|10000|10000|0|0|94.71277|102.2507|0|2.048423||a1ae0b6c69cf7ac6da07c578c7d7baf3
24|2021-09-26T12:07:53.0020000+01:00|40011D69|Living Liquid|DoT|0|4AFD|3715300|12889320|10000|10000|0|1000|100.4196|100.328|0|0.016155||73edb15682d14dbe4ff11dd4ec72f6f7
36|2021-09-26T12:07:53.0020000+01:00|1054|3|6bedb5a5663901b64512224e63360c24
38|2021-09-26T12:07:53.0020000+01:00|107401EC|Raesa Velan|00505019|52211|96887|4800|10000|8|0|93.7446|94.91965|-0.001861993|0.9195329|DC3F|30|0|0A016D|41F00000|E0000000|0A0168|41F00000|E0000000|29020030|4592CEF6|107401EC|0722|402CCCF8|1068703B|08A9|4064CCC3|107629AA|077D|41EC147A|40011DFC|0|0|0|0|0|0|0|0|0|072F|40C72B28|10752D6C|0757|40D3F7F6|10675739|0|0|0|0|0|0|0|0|0|0|0|0|0|0|0|0763|3EFB5DBD|10675739||b3dbd5055754cd2bed3f2d52bdc32f7a
30|2021-09-26T12:07:53.0020000+01:00|2c2|Luminous Aetheroplasm|0.00|40011DF5|Jagd Doll|107401EC|Raesa Velan|01|96887|167240||4af9792abeb5261d46ba3bdb0275a6c4
38|2021-09-26T12:07:53.0020000+01:00|1068703B|Tomo Uchuu|00505026|67776|106478|10000|10000|7|0|106.8695|103.1887|0|-2.146753|DC3F|30|0|14016A|41F00000|E0000000|0A0168|41F00000|E0000000|071F|42700000|1068703B|28FE0030|4510D698|1068703B|077D|41ED24DD|40011DFC|08A9|4061EB7B|107629AA|0757|40CFB66C|10675739|071D|41CF36D9|1068703B|0737|41CF36D9|1068703B|0722|400A9FE5|1068703B|0|0|0|072F|40CFB66C|10752D6C|0|0|0|0|0|0|0763|3F1FBB40|10675739||ee656a2d87dce73236541394aa113259
26|2021-09-26T12:07:53.0020000+01:00|71f|Closed Position|60.00|1068703B|Tomo Uchuu|1068703B|Tomo Uchuu|00|106478|106478||ae3d519a6fae9c632a62fad1379f5a33
30|2021-09-26T12:07:53.0020000+01:00|2c2|Luminous Aetheroplasm|0.00|40011DF7|Jagd Doll|1068703B|Tomo Uchuu|01|106478|167240||f0ac53d6272becd7badf2f9210f58c84
38|2021-09-26T12:07:53.0020000+01:00|1075A2E4|Niru Summers|00505015|86221|153077|10000|10000|5|0|100.4501|102.8252|-0.0007003291|-3.066169|DC3F|30|0|0A016D|41F00000|E0000000|0A0168|41F00000|E0000000|5B|0|1075A2E4|28FD0030|451198C8|1075A2E4|0757|40C72B28|10675739|0763|3F837302|10675739|072F|40B60C69|10752D6C|08A9|4061EB7B|107629AA|0722|403DE37F|1068703B|5A|4266BB76|1075A2E4|0|0|0|012B|40679DA8|1057B8A2|04A7|4189332B|1075A2E4|3204C4|414C6396|1057B8A2|077D|41E6BA5B|40011DFC||bacc92ac59a7f729df28062f2ee82c21
30|2021-09-26T12:07:53.0020000+01:00|2c2|Luminous Aetheroplasm|0.00|40011DF8|Jagd Doll|1075A2E4|Niru Summers|01|153077|167240||d230b5f942b7be5fb3599c59f142cfc1
38|2021-09-26T12:07:53.0020000+01:00|40011D69|Living Liquid|00505000|3696103|12889320|10000|10000|0|0|100.4196|100.328|0|0.016155|DC3F|30|0|0767|40BF01C0|1057B8A2|2804B1|3F701D48|107629AA|0759|40BF01C0|10675739|2804B0|3F701D48|107629AA|0|0|0|04CC|4210C555|107ABEEC||c2701fd0ea9428c74ff49ec5191cd19b
39|2021-09-26T12:07:53.0470000+01:00|1068703B|Tomo Uchuu|68840|106478|10000|10000|0|0|106.8695|103.1887|0|-2.146753||1128cea8f1e7d2b8858ef20ddc31e664
38|2021-09-26T12:07:53.0470000+01:00|107629AA|Joeson Lmoa|00505017|89735|106059|10000|10000|7|0|100.1118|95.15874|0|1.057921|DC3F|30|0|0A016D|41F00000|E0000000|0A0168|41F00000|E0000000|28FE0030|45102D33|107629AA|012B|4064BC60|1057B8A2|0722|4043A60E|1068703B|077D|41E54DCF|40011DFC|0757|40C170C7|10675739|072F|40C9FC0C|10752D6C|0|0|0|0|0|0|0|0|0|0763|3F9FDD75|10675739||e056ebdea547648360dc037178ab268c
30|2021-09-26T12:07:53.0470000+01:00|2c2|Luminous Aetheroplasm|0.00|40011DF8|Jagd Doll|107629AA|Joeson Lmoa|01|106059|167240||d6d5219e3115c62d30886a5f98be385b
37|2021-09-26T12:07:53.0910000+01:00|40011DEA|Liquid Hand|00008CDA|3922799|12889320|10000|10000|0||98.28333|100.328|0|-1.077782||5240cd37bf48e5d52344f21df2874a9b
39|2021-09-26T12:07:53.0910000+01:00|107629AA|Joeson Lmoa|90795|106059|10000|10000|0|0|100.1127|95.22113|-0.002099526|0.7393241||0e416fe6943099bdc019b660e948abf6
22|2021-09-26T12:07:53.0910000+01:00|1075A2E4|Niru Summers|29|Overpower|40011D69|Living Liquid|710003|EE90000|1B|298000|0|0|0|0|0|0|0|0|0|0|0|0|3696103|12889320|10000|10000|0|1000|100.4196|100.328|0|0.016155|86221|153077|10000|10000|0|1000|100.4501|102.8267|-0.00248046|-3.069658|00008CDE|0|926bb0335ae8f1965f7224764abf1d99
22|2021-09-26T12:07:53.0910000+01:00|1075A2E4|Niru Summers|29|Overpower|40011DEA|Liquid Hand|710003|EB80000|1B|298000|0|0|0|0|0|0|0|0|0|0|0|0|3938144|12889320|10000|10000|0|1000|98.28333|100.328|0|-1.077782|86221|153077|10000|10000|0|1000|100.4501|102.8267|-0.00248046|-3.069658|00008CDE|1|178400a30fc21577145f0b34f1d143cd
38|2021-09-26T12:07:53.0910000+01:00|10675739|Jasy Heavensong|00505021|92024|97086|8160|10000|13|0|100.2695|97.00159|-0.0006306771|0.7352687|DC3F|30|0|0A0168|41F00000|E0000000|0F016B|41F00000|E0000000|0722|401E76F4|1068703B|28FE0030|451028EB|10675739|077D|41E71478|40011DFC|08A9|405C28EB|107629AA|012B|4061DB18|1057B8A2|0347|0|10675739|0757|40B76CAC|10675739|072F|40B76CAC|10752D6C|04B4|41617CD4|10675739|0|0|0|0763|3E88ADCA|10675739|0764|417803FF|10675739||b9500a4373ce5eee4a7362f6cfb0e32a
30|2021-09-26T12:07:53.0910000+01:00|2c2|Luminous Aetheroplasm|0.00|40011DF8|Jagd Doll|10675739|Jasy Heavensong|01|97086|167240||45e6570dddaf45fdb627587b916027d9
39|2021-09-26T12:07:53.1350000+01:00|107ABEEC|Greiyan Fletz|93544|106544|10000|10000|0|0|103.8987|98.80212|0|-1.167042||d8faf6b5fe3ccff1ca404fabce75de24
22|2021-09-26T12:07:53.1360000+01:00|107ABEEC|Greiyan Fletz|1D40|Tenka Goken|40011D69|Living Liquid|710003|5D120000|13D|FF8000|0|0|0|0|0|0|0|0|0|0|0|0|3696103|12889320|10000|10000|0|1000|100.4196|100.328|0|0.016155|92479|106544|10000|10000|0|1000|103.8987|98.80212|0|-1.167042|00008CDF|0|e1ec02c3cde22ace0c76d268ec8bfcb5
22|2021-09-26T12:07:53.1360000+01:00|107ABEEC|Greiyan Fletz|1D40|Tenka Goken|40011DEA|Liquid Hand|710303|A9EF0000|0|0|0|0|0|0|0|0|0|0|0|0|0|0|3938144|12889320|10000|10000|0|1000|98.28333|100.328|0|-1.077782|92479|106544|10000|10000|0|1000|103.8987|98.80212|0|-1.167042|00008CDF|1|8d96ad326b1f64c6a16c2a8c50653e13
21|2021-09-26T12:07:53.1360000+01:00|10752D6C|Volkon Vysk|07|Attack|40011DEA|Liquid Hand|710203|D410000|0|0|0|0|0|0|0|0|0|0|0|0|0|0|3938144|12889320|10000|10000|0|1000|98.28333|100.328|0|-1.077782|135875|152511|10000|10000|0|1000|94.71277|102.2507|0|2.048423|00008CE0|0|f0dfc8315272515ffe150bfd6cfd8ba8
38|2021-09-26T12:07:53.1360000+01:00|107ABEEC|Greiyan Fletz|00505022|93544|106544|10000|10000|7|0|103.8987|98.80212|0|-1.167042|DC3F|30|0|0720|42700000|1068703B|14016A|41F00000|E0000000|0A0168|41F00000|E0000000|28FE0030|45102EA7|107ABEEC|072F|40BE97B0|10752D6C|0722|40133360|1068703B|012B|4061DB18|1057B8A2|0839|41CE246A|1068703B|0737|41CE246A|1068703B|08A9|405C394E|107629AA|0513|41AF3BBE|107ABEEC|04D0|3F9C0838|107ABEEC|0757|40D40026|10675739|0|0|0|0|0|0|077D|41E7CCCA|40011DFC|0512|41E3525E|107ABEEC|0|0|0|0|0|0|0|0|0|0763|3F1FFC88|10675739||fe50c067f2e63db4df8752e9a153f4b4
26|2021-09-26T12:07:53.1360000+01:00|720|Dance Partner|60.00|1068703B|Tomo Uchuu|107ABEEC|Greiyan Fletz|00|106544|106478||29e5d68f95e000749e8f17357e1a730d
30|2021-09-26T12:07:53.1360000+01:00|2c2|Luminous Aetheroplasm|0.00|40011DF8|Jagd Doll|107ABEEC|Greiyan Fletz|01|106544|167240||e0fd5c38ce4c5f40b6502d6345d802d3
30|2021-09-26T12:07:53.1360000+01:00|4cd|Kaiten|0.00|107ABEEC|Greiyan Fletz|107ABEEC|Greiyan Fletz|00|106544|106544||d34beb340e6a7c8aeeeb295564fbf840
39|2021-09-26T12:07:53.1800000+01:00|1057B8A2|Alex Knightfall|89772|97285|4852|10000|0|0|100.6332|96.75745|0|2.858665||689fbd7fb145c6155459f5250c088bb8
38|2021-09-26T12:07:53.1800000+01:00|1057B8A2|Alex Knightfall|0050501C|89772|97285|4852|10000|8|0|100.6332|96.75745|0|2.858665|948D|31|0|0A016D|41F00000|E0000000|1E016C|41F00000|E0000000|28FE0030|44D825A7|1057B8A2|077D|41E88104|40011DFC|075B|3CC4AFA8|10675739|0|0|0|0757|40B8E583|10675739|08A9|40595806|107629AA|0722|4007BE9E|1068703B|0798|3FD666B2|1057B8A2|012B|405C28EB|1057B8A2|072F|40B8E583|10752D6C|0|0|0|0|0|0|0|0|0|0763|3F36C543|10675739||20e674bcece4374dc4500546e9910d1a
30|2021-09-26T12:07:53.1800000+01:00|2c2|Luminous Aetheroplasm|0.00|40011DF8|Jagd Doll|1057B8A2|Alex Knightfall|01|97285|167240||67b35027361720987efabbc6aa42f08f
39|2021-09-26T12:07:53.2240000+01:00|107401EC|Raesa Velan|53179|96887|4800|10000|0|0|94.64888|95.42347|-0.01531982|1.02198||bce888989c94ea415d9781e69fe007e9
38|2021-09-26T12:07:53.2240000+01:00|40011DFC|Seraph|00505000|92601|92601|10000|10000|0|0|100.1449|100.0533|0|0.4745241|948D|31|0|28FE0030|44D82447|1057B8A2|08A9|40569783|107629AA||6273d0b1e393282e9cd9bf0020841bde
30|2021-09-26T12:07:53.2240000+01:00|75b|The Bole|0.00|10675739|Jasy Heavensong|40011DFC|Seraph|00|92601|97086||3861fa196ec3f666a0bad0a37ced1b54
38|2021-09-26T12:07:53.2240000+01:00|1057B8A2|Alex Knightfall|0050501C|89772|97285|4852|10000|8|0|100.6332|96.75745|0|2.858665|948D|31|0|0A016D|41F00000|E0000000|1E016C|41F00000|E0000000|28FE0030|44D82447|1057B8A2|077D|41E828F4|40011DFC|0|0|0|0|0|0|0757|40B78541|10675739|08A9|40569783|107629AA|0722|4004FE1B|1068703B|0798|3FD0E5AC|1057B8A2|012B|40596868|1057B8A2|072F|40B78541|10752D6C|0|0|0|0|0|0|0|0|0|0763|3F2BC337|10675739||391b36694483954ce63f35b35f685942
30|2021-09-26T12:07:53.2240000+01:00|75b|The Bole|0.00|10675739|Jasy Heavensong|1057B8A2|Alex Knightfall|00|97285|97086||9cd78c2cddc719f7ce8a1b98ec0ccfe2
21|2021-09-26T12:07:53.3140000+01:00|1057B8A2|Alex Knightfall|409C|Biolysis|40011D69|Living Liquid|F96D0E|7670000|1B|409C8000|0|0|0|0|0|0|0|0|0|0|0|0|3696103|12889320|10000|10000|0|1000|100.4196|100.328|0|0.016155|89772|97285|4852|10000|0|1000|100.6332|96.75745|0|2.858665|00008CE1|0|b07f17bf23b967f4db240f05e94b4ac3
37|2021-09-26T12:07:53.4020000+01:00|1057B8A2|Alex Knightfall|00008CDC|97285|97285|4452|10000|18||100.6332|96.75745|0|-0.06524324|1C00|0|0|01|04002C29|0|41F00000|1057B8A2||61a53fcd6dd0c6b06c0c41315d44326c
26|2021-09-26T12:07:53.4020000+01:00|129|Galvanize|30.00|1057B8A2|Alex Knightfall|1057B8A2|Alex Knightfall|00|97285|97285||177f2abdc270ddd5e30001b544bacc91
24|2021-09-26T12:07:53.4020000+01:00|10675739|Jasy Heavensong|HoT|763|63F9|92024|97086|8160|10000|0|1000|100.3112|97.00159|0|1.368751||4bd3abcc25629872c8b7293807fec390
38|2021-09-26T12:07:53.4020000+01:00|1057B8A2|Alex Knightfall|0050501C|97285|97285|4452|10000|18|0|100.6332|96.75745|0|-0.06524324|0|0|0|0A016D|41F00000|E0000000|1E016C|41F00000|E0000000|28FE0030|44D81E8C|1057B8A2|077D|41E6BA5C|40011DFC|0129|41EFA3D7|1057B8A2|0|0|0|0757|40B1CAE2|10675739|08A9|404B22C6|107629AA|0722|3FF312BD|1068703B|0798|3FB9FC34|1057B8A2|012B|404DF3AB|1057B8A2|072F|40B1CAE2|10752D6C|0|0|0|0|0|0|0|0|0|0763|3EFBE08A|10675739||1c4ef8fa7b07e8e0ef4614d6619dc029
38|2021-09-26T12:07:53.4020000+01:00|10675739|Jasy Heavensong|00505021|97086|97086|8160|10000|13|0|100.3112|97.00159|0|1.368751|0|0|0|0A0168|41F00000|E0000000|0F016B|41F00000|E0000000|0722|400A8F87|1068703B|28FE0030|451023F3|10675739|077D|41E4978A|40011DFC|08A9|4048417E|107629AA|012B|404DF3AB|1057B8A2|0347|0|10675739|0757|40AD78F4|10675739|072F|40AD78F4|10752D6C|04B4|415C82F9|10675739|0|0|0|0|0|0|0764|41730A24|10675739||b9167901f188d0133d89d3deddc1a291
30|2021-09-26T12:07:53.4020000+01:00|763|Horoscope Helios|0.00|10675739|Jasy Heavensong|10675739|Jasy Heavensong|00|97086|97086||e94bbd597a3b0ebea958624a51171303
20|2021-09-26T12:07:53.4920000+01:00|10675739|Jasy Heavensong|40AB|Malefic IV|40011DEA|Liquid Hand|1.43|100.3112|97.00159|0|1.368751||e9e52338a5abc0a8640876f08e454ddc
37|2021-09-26T12:07:53.5370000+01:00|10675739|Jasy Heavensong|00008CDC|97086|97086|8160|10000|23||100.3214|97.00159|-0.005628746|1.524824|2101|0|0|01|0B002C29|0|41F00000|1057B8A2||b5be135148c0fc5ed8d5ced97919b1fd
26|2021-09-26T12:07:53.5370000+01:00|129|Galvanize|30.00|1057B8A2|Alex Knightfall|10675739|Jasy Heavensong|00|97086|97285||c8bedfcc1e3842bc664817b2e08ca90d
24|2021-09-26T12:07:53.5370000+01:00|107401EC|Raesa Velan|HoT|763|67AB|53179|96887|4800|10000|0|1000|95.02223|95.63564|4.627529E-05|1.053354||a9db48b262d218f408d924cabd521b48
24|2021-09-26T12:07:53.5370000+01:00|40011DEA|Liquid Hand|DoT|0|598A|3922799|12889320|10000|10000|0|1000|98.28333|100.328|0|-1.077782||57da178eea3718b8e9ffde5d93df2184
38|2021-09-26T12:07:53.5370000+01:00|107401EC|Raesa Velan|00505019|79718|96887|4800|10000|8|0|95.02223|95.63564|4.627529E-05|1.053354|0|0|0|0A016D|41F00000|E0000000|0A0168|41F00000|E0000000|29020030|4592CAB0|107401EC|0722|400A8F86|1068703B|08A9|40428F51|107629AA|077D|41E7CCCB|40011DFC|A4|41900000|107401EC|0|0|0|0|0|0|072F|40B60C6D|10752D6C|0757|40C2D93B|10675739||91fb31b06cdfca231dbe037f57f45298
26|2021-09-26T12:07:53.5370000+01:00|a4|Thundercloud|18.00|107401EC|Raesa Velan|107401EC|Raesa Velan|00|96887|96887||b459d391f20f9cf889a27a77f5c0f364
30|2021-09-26T12:07:53.5370000+01:00|763|Horoscope Helios|0.00|10675739|Jasy Heavensong|107401EC|Raesa Velan|00|96887|97086||a9e6ced7becd9bc5edf7de2c8f40f391
38|2021-09-26T12:07:53.5370000+01:00|10675739|Jasy Heavensong|00505021|97086|97086|8160|10000|23|0|100.3214|97.00159|-0.005628746|1.524824|0|0|0|0A0168|41F00000|E0000000|0F016B|41F00000|E0000000|0722|4001FC12|1068703B|28FE0030|451021CF|10675739|077D|41E3851B|40011DFC|08A9|403FAE09|107629AA|012B|40456036|1057B8A2|0347|0|10675739|0757|40A92F39|10675739|072F|40A92F39|10752D6C|04B4|415A5E1C|10675739|0129|41EFA3D7|1057B8A2|0|0|0|0764|4170E547|10675739||cc13a2c3e79c1d77bd99c90bd84294f5
38|2021-09-26T12:07:53.5370000+01:00|40011DEA|Liquid Hand|00505000|3899877|12889320|10000|10000|0|0|98.28333|100.328|0|-1.077782|0|0|0|0A00A3|41AA9B9E|107401EC|0767|41CAF19C|1057B8A2|04CC|41E886C0|107ABEEC|2804B1|41E2D0E1|107629AA|0759|40FAF98D|10675739|2804B0|41E2D0E1|107629AA||e88a3a9718fd74efbdedd8d1d0ee16e5
21|2021-09-26T12:07:53.5810000+01:00|1068703B|Tomo Uchuu|3E75|Cascade|40011DEA|Liquid Hand|720103|45A00000|F|7168000|1B|3E758000|0|0|0|0|0|0|0|0|0|0|3922799|12889320|10000|10000|0|1000|98.28333|100.328|0|-1.077782|68840|106478|10000|10000|0|1000|106.0947|100.278|0|-2.224246|00008CE2|0|51e53de925aaa27499ef2fd1976d20dc
38|2021-09-26T12:07:53.5810000+01:00|1068703B|Tomo Uchuu|00505026|68840|106478|10000|10000|7|0|106.0947|100.278|0|-2.224246|94C8|31|0|14016A|41F00000|E0000000|0A0168|41F00000|E0000000|071F|42700000|1068703B|28FE0030|4510CD58|1068703B|077D|41E88311|40011DFC|08A9|403CDD24|107629AA|0757|40BD2F3E|10675739|071D|41CA950D|1068703B|0737|41CA950D|1068703B|0722|3FCB231F|1068703B|0716|C1A00000|1068703B|072F|40BD2F3E|10752D6C|0|0|0|0|0|0|0763|3D381E74|10675739||7a4dc3410edfc2f879d8aa4b94bc31f2
26|2021-09-26T12:07:53.5810000+01:00|716|Flourishing Cascade|20.00|1068703B|Tomo Uchuu|1068703B|Tomo Uchuu|00|106478|106478||79bec040f3e40817ba620752dbc41ac8
37|2021-09-26T12:07:53.6250000+01:00|40011DEA|Liquid Hand|00008CDD|3871134|12889320|10000|10000|0||98.28333|100.328|0|-1.077782||bfd1fa758f066464bd0044feb8e1bc39
21|2021-09-26T12:07:53.6250000+01:00|40011DFC|Seraph|40A4|Seraphic Veil|107401EC|Raesa Velan|4|15770000|77000014|77D0000|1B|40A48000|0|0|0|0|0|0|0|0|0|0|79718|96887|4800|10000|0|1000|95.37906|95.91491|-0.01531982|1.034493|92601|92601|10000|10000|0|1000|100.1449|100.0533|0|-0.68901|00008CE3|0|c5b1abad7797551606f43e0a035602ad
22|2021-09-26T12:07:53.6250000+01:00|10752D6C|Volkon Vysk|3F15|Demon Slaughter|40011DEA|Liquid Hand|3C710003|19AA0000|13D|ED8000|11B|3F158000|0|0|0|0|0|0|0|0|0|0|3899877|12889320|10000|10000|0|1000|98.28333|100.328|0|-1.077782|135875|152511|10000|10000|0|1000|94.71277|102.2507|0|2.048423|00008CE4|0|c378021983cc48ac8820f79ff34ebe82
22|2021-09-26T12:07:53.6250000+01:00|10752D6C|Volkon Vysk|3F15|Demon Slaughter|40011D69|Living Liquid|3C710003|188E0000|0|0|0|0|0|0|0|0|0|0|0|0|0|0|3696103|12889320|10000|10000|0|1000|100.4196|100.328|0|0.016155|135875|152511|10000|10000|0|1000|94.71277|102.2507|0|2.048423|00008CE4|1|0ba89dd745d1a9455d2182f2bd8b37fa
37|2021-09-26T12:07:53.6700000+01:00|107629AA|Joeson Lmoa|00008CDC|102880|106059|10000|10000|21||99.98762|96.09164|-0.001982482|0.2194753|1702|0|0|01|08002C29|0|41F00000|1057B8A2||3f712936045ae8096223a3407c2f62b8
26|2021-09-26T12:07:53.6700000+01:00|129|Galvanize|30.00|1057B8A2|Alex Knightfall|107629AA|Joeson Lmoa|00|106059|97285||8219ee9762e3daa7f814dd6a4bf90b7d
37|2021-09-26T12:07:53.6700000+01:00|40011DEA|Liquid Hand|00008CE0|3867741|12889320|10000|10000|0||98.28333|100.328|0|-1.077782||ae12fc670940f2505c6284e60600fd15
24|2021-09-26T12:07:53.6700000+01:00|1068703B|Tomo Uchuu|HoT|763|4196|68840|106478|10000|10000|0|1000|106.0128|99.68481|0|-2.217963||597720eae3d0774fe4ed4ecc2e1acf06
38|2021-09-26T12:07:53.6700000+01:00|107629AA|Joeson Lmoa|00505017|102880|106059|10000|10000|21|0|99.98762|96.09164|-0.001982482|0.2194753|0|0|0|0A016D|41F00000|E0000000|0A0168|41F00000|E0000000|28FE0030|4510233F|107629AA|012B|403CDD24|1057B8A2|0722|401BC6D2|1068703B|077D|41E051E6|40011DFC|0757|40AD8126|10675739|072F|40B60C6B|10752D6C|0129|41EFA3D7|1057B8A2|0|0|0|0|0|0|0763|3F203DFD|10675739||3eb81746b653e8885df01e0b372aca77
38|2021-09-26T12:07:53.6700000+01:00|1068703B|Tomo Uchuu|00505026|85630|106478|10000|10000|7|0|106.0128|99.68481|0|-2.217963|0|0|0|14016A|41F00000|E0000000|0A0168|41F00000|E0000000|071F|42700000|1068703B|28FE0030|4510CBEC|1068703B|077D|41E7CCCB|40011DFC|08A9|40372AF7|107629AA|0757|40BA5627|10675739|071D|41C9DEC7|1068703B|0737|41C9DEC7|1068703B|0722|3FBFBEC5|1068703B|0716|C1A00000|1068703B|072F|40BA5627|10752D6C||680491ab3e608df6476179e3091a1d47
30|2021-09-26T12:07:53.6700000+01:00|763|Horoscope Helios|0.00|10675739|Jasy Heavensong|1068703B|Tomo Uchuu|00|106478|97086||eac0a8dab053d84db0f3790c57364a0a
37|2021-09-26T12:07:53.7150000+01:00|40011D69|Living Liquid|00008CDE|3692286|12889320|10000|10000|0||100.4196|100.328|0|0.016155||8ebd19e5acce140fa9e4477eabc2a3fa
37|2021-09-26T12:07:53.7600000+01:00|40011D69|Living Liquid|00008CDF|3668460|12889320|10000|10000|0||100.4196|100.328|0|0.016155||173100b5e7f1ee437674ee164b3c8140
36|2021-09-26T12:07:53.7600000+01:00|1180|3|32dc92cf4d39faf30aac3b931f61a394
21|2021-09-26T12:07:53.7600000+01:00|40011D69|Living Liquid|49B0|Fluid Swing|1075A2E4|Niru Summers|730003|C3CB0000|E|4010000|1B|49B08000|0|0|0|0|0|0|0|0|0|0|86221|153077|10000|10000|0|1000|100.4501|102.8306|0|-3.124431|3696103|12889320|10000|10000|0|1000|100.4196|100.328|0|0.016155|00008CE5|0|0c4c64ffebe52ef07edc97e8bb6a191e
21|2021-09-26T12:07:53.7600000+01:00|107ABEEC|Greiyan Fletz|4067|Shoha|40011D69|Living Liquid|710003|43EB0000|0|0|0|0|0|0|0|0|0|0|0|0|0|0|3696103|12889320|10000|10000|0|1000|100.4196|100.328|0|0.016155|93544|106544|10000|10000|0|1000|103.8987|98.80212|0|-1.167042|00008CE6|0|3fdeebd4ed31c038788b469a7805b880
21|2021-09-26T12:07:53.7600000+01:00|107629AA|Joeson Lmoa|DE8|Iron Jaws|40011D69|Living Liquid|720203|15BD0000|28C4EA0E|4B00000|28C4A60E|4B10000|F|7A8000|0|0|0|0|0|0|0|0|3696103|12889320|10000|10000|0|1000|100.4196|100.328|0|0.016155|102880|106059|10000|10000|0|1000|99.96573|96.24208|0|0.1376828|00008CE7|0|5e7ab5b8aee14d5c59f2f8a8853f5966
38|2021-09-26T12:07:53.7600000+01:00|107629AA|Joeson Lmoa|00505017|102880|106059|10000|10000|21|0|99.96573|96.24208|0|0.1376828|DC3F|30|0|0A016D|41F00000|E0000000|0A0168|41F00000|E0000000|28FE0030|451021CF|107629AA|012B|40371A95|1057B8A2|0722|40160443|1068703B|077D|41DF9994|40011DFC|0757|40AA9FDE|10675739|072F|40B32B23|10752D6C|0129|41EEEB85|1057B8A2|7A|C1200000|107629AA|0|0|0|0763|3F0933C0|10675739||82363b6c74639a577c75030d05c6baa2
26|2021-09-26T12:07:53.7600000+01:00|7a|Straight Shot Ready|10.00|107629AA|Joeson Lmoa|107629AA|Joeson Lmoa|00|106059|106059||a9c2af0d3946a956d559c998eee1ac40
38|2021-09-26T12:07:53.7600000+01:00|1075A2E4|Niru Summers|00505015|86221|153077|10000|10000|0|0|100.4501|102.8306|0|-3.124431|DC3F|30|0|0A016D|41F00000|E0000000|0A0168|41F00000|E0000000|5B|0|1075A2E4|28FD0030|45118CAC|1075A2E4|0757|40AEE99B|10675739|0763|3E89B36F|10675739|072F|409DCADC|10752D6C|08A9|40316868|107629AA|0722|400D606C|1068703B|5A|4263B34B|1075A2E4|0401|407D2F1B|40011D69|012B|40371A95|1057B8A2|04A7|418322C7|1075A2E4|3204C4|414042D3|1057B8A2|077D|41E0A9F7|40011DFC||d44f57a58b1c3a2030bdb14e5be5cf29
26|2021-09-26T12:07:53.7600000+01:00|401|Water Resistance Down II|3.96|40011D69|Living Liquid|1075A2E4|Niru Summers|00|153077|12889320||aca1745889f81537e8637e78391f1033
37|2021-09-26T12:07:53.8050000+01:00|107ABEEC|Greiyan Fletz|00008CDC|105961|106544|10000|10000|22||103.8987|98.80212|0|-1.167042|2203|0|0|01|0D002C29|0|41F00000|1057B8A2||3a3f1545fdfcf5ed8d14f374c77d705a
26|2021-09-26T12:07:53.8050000+01:00|129|Galvanize|30.00|1057B8A2|Alex Knightfall|107ABEEC|Greiyan Fletz|00|106544|97285||593937e0b729e53076f8044794eed53a
24|2021-09-26T12:07:53.8050000+01:00|107ABEEC|Greiyan Fletz|HoT|763|3FF4|93544|106544|10000|10000|0|1000|103.8987|98.80212|0|-1.167042||3ed8d8737fa72f38879894995b60b182
21|2021-09-26T12:07:53.8050000+01:00|40011DEA|Liquid Hand|4979|Unknown_4979|10752D6C|Volkon Vysk|730003|31D10000|0|0|0|0|0|0|0|0|0|0|0|0|0|0|135875|152511|10000|10000|0|1000|94.71277|102.2507|0|2.048423|3867741|12889320|10000|10000|0|1000|98.28333|100.328|0|-1.077782|00008CE8|0|b8526b77ebc57ce5f31709995ed63210
38|2021-09-26T12:07:53.8050000+01:00|107ABEEC|Greiyan Fletz|00505022|106544|106544|10000|10000|22|0|103.8987|98.80212|0|-1.167042|0|0|0|0720|42700000|1068703B|14016A|41F00000|E0000000|0A0168|41F00000|E0000000|28FE0030|451023F7|107ABEEC|072F|40A92F3A|10752D6C|0722|3FD0C4F4|1068703B|012B|40370A32|1057B8A2|0839|41C8CA4C|1068703B|0737|41C8CA4C|1068703B|08A9|40316868|107629AA|0513|41A9E1A0|107ABEEC|04D0|3F0CCCDB|107ABEEC|0757|40BE97B0|10675739|0129|41EFA3D7|1057B8A2|0|0|0|077D|41E272AC|40011DFC|0512|41DDF840|107ABEEC||c54625fe55a9e2db299fba6accad1ed9
30|2021-09-26T12:07:53.8050000+01:00|763|Horoscope Helios|0.00|10675739|Jasy Heavensong|107ABEEC|Greiyan Fletz|00|106544|97086||e6f8319614c7c127f5cb4e201bf8720e
37|2021-09-26T12:07:53.8490000+01:00|40011DEA|Liquid Hand|00008CDE|3863973|12889320|10000|10000|0||98.28333|100.328|0|-1.077782|01|0|0|0||d907fe018ad29289801351f615812864
21|2021-09-26T12:07:53.8490000+01:00|40011DF7|Jagd Doll|4B4E|Unknown_4B4e|1068703B|Tomo Uchuu|720003|0|0|0|0|0|0|0|0|0|0|0|0|0|0|0|85630|106478|10000|10000|0|1000|106.134|98.47416|0|-2.243095|40955|167240|10000|10000|0|1000|108.8136|105.5568|0|-2.548129|00008CE9|0|1ce9e823fdf8d4cf90427a6621437ed3
37|2021-09-26T12:07:53.8930000+01:00|40011DEA|Liquid Hand|00008CDF|3820470|12889320|10000|10000|0||98.28333|100.328|0|-1.077782|01|0|0|0||d6f38e447eeef63fd97e5d3b8eae6635
37|2021-09-26T12:07:53.9390000+01:00|40011D69|Living Liquid|00008CE1|3668460|12889320|10000|10000|0||100.4196|100.328|0|0.016155|0|0|0|01|3267|0|41F00000|1057B8A2||419b7ad1171257cca6dccfefc619f481
26|2021-09-26T12:07:53.9390000+01:00|767|Biolysis|30.00|1057B8A2|Alex Knightfall|40011D69|Living Liquid|00|12889320|97285||556a22ad091116d50975e12ea1a7cb20
37|2021-09-26T12:07:53.9390000+01:00|1075A2E4|Niru Summers|00008CDC|93680|153077|10000|10000|6||100.4501|102.8306|0|-3.124431|1504|0|0|01|0F002C29|0|41F00000|1057B8A2||bb9bf22d401ee75d75df5a2fa067a685
26|2021-09-26T12:07:53.9390000+01:00|129|Galvanize|30.00|1057B8A2|Alex Knightfall|1075A2E4|Niru Summers|00|153077|97285||59e9d4a6a4d9713e5e104f2311a1b7a7
24|2021-09-26T12:07:53.9390000+01:00|1057B8A2|Alex Knightfall|HoT|763|3F5D|97285|97285|4452|10000|0|1000|100.6781|96.66234|-0.01531982|1.412992||bfab00b8a76601b70c032fd8a9284a69
38|2021-09-26T12:07:53.9390000+01:00|1057B8A2|Alex Knightfall|0050501C|97285|97285|4452|10000|18|0|100.6781|96.66234|-0.01531982|1.412992|0|0|0|0A016D|41F00000|E0000000|1E016C|41F00000|E0000000|28FE0030|44D80D65|1057B8A2|077D|41E270A0|40011DFC|0129|41EB5A1B|1057B8A2|0|0|0|0757|40A0A3F6|10675739|08A9|4028D4F3|107629AA|0722|3FAE7718|1068703B|0798|3F6AC11D|1057B8A2|012B|402BA5D8|1057B8A2|072F|40A0A3F6|10752D6C||9bba35f5f1276fc6be22d71dd747c547
30|2021-09-26T12:07:53.9390000+01:00|763|Horoscope Helios|0.00|10675739|Jasy Heavensong|1057B8A2|Alex Knightfall|00|97285|97086||bd2077bae91c2d74e3fd88d934e38e13
38|2021-09-26T12:07:53.9390000+01:00|1075A2E4|Niru Summers|00505015|93680|153077|10000|10000|6|0|100.4501|102.8306|0|-3.124431|0|0|0|0A016D|41F00000|E0000000|0A0168|41F00000|E0000000|5B|0|1075A2E4|28FD0030|451189D0|1075A2E4|0757|40A92F3C|10675739|0763|3DB8362E|10675739|072F|4098107D|10752D6C|08A9|4025F3AB|107629AA|0722|4001EBAF|1068703B|5A|4262FC01|1075A2E4|0401|4071BA5E|40011D69|012B|402BA5D8|1057B8A2|04A7|4181B42F|1075A2E4|3204C4|413D65A4|1057B8A2|077D|41DF3B5F|40011DFC|0129|41EFA3D7|1057B8A2||05dc70f90e0ba01cb28c9d33dc4448b6
21|2021-09-26T12:07:53.9830000+01:00|40011DEA|Liquid Hand|49B7|Fluid Strike|10752D6C|Volkon Vysk|730003|CA300000|E|4010000|1B|49B78000|0|0|0|0|0|0|0|0|0|0|135875|152511|10000|10000|0|1000|94.71277|102.2507|0|2.048423|3820470|12889320|10000|10000|0|1000|98.28333|100.328|0|-1.077782|00008CEA|0|1c78a7f3afe4283e55b71fabd025a05a
38|2021-09-26T12:07:53.9830000+01:00|40011D69|Living Liquid|00505000|3668460|12889320|10000|10000|0|0|100.4196|100.328|0|0.016155|0|0|0|0767|41EF49BA|1057B8A2|0|0|0|0759|409F9D61|10675739|0|0|0|0|0|0|04CC|420CD8D2|107ABEEC||92f2d73151e103c9398627857d43175d
30|2021-09-26T12:07:53.9830000+01:00|4b1|Stormbite|0.00|107629AA|Joeson Lmoa|40011D69|Living Liquid|28|12889320|106059||ba09534cfd65b5f2422fb1b99ddd3be2
30|2021-09-26T12:07:53.9830000+01:00|4b0|Caustic Bite|0.00|107629AA|Joeson Lmoa|40011D69|Living Liquid|28|12889320|106059||764d0c6b36c9d6a7ad1f29be6f0b44fc
38|2021-09-26T12:07:53.9830000+01:00|10752D6C|Volkon Vysk|00505025|135875|152511|10000|10000|0|0|94.71277|102.2507|0|2.048423|0|0|0|14016A|41F00000|E0000000|0A0168|41F00000|E0000000|28FD0030|45116A90|10752D6C|0757|40AC0851|10675739|08A9|402322C6|107629AA|04A7|40D14FEA|10752D6C|0722|3FED2F6C|1068703B|072F|40925E4F|10752D6C|012B|4028D4F3|1057B8A2|0730|3FB1A9C1|10752D6C|077D|41E328F2|40011DFC|0401|407D2F1B|40011DEA|0|0|0|0763|3E3843C1|10675739|0|0|0|0729|0|10752D6C||cc253882dfc9d3075a6c6b2d8f90d2ec
26|2021-09-26T12:07:53.9830000+01:00|401|Water Resistance Down II|3.96|40011DEA|Liquid Hand|10752D6C|Volkon Vysk|00|152511|12889320||3df26f7c3f16ba574c85da6e82036ab5
21|2021-09-26T12:07:54.0270000+01:00|1075A2E4|Niru Summers|07|Attack|40011D69|Living Liquid|710003|E880000|0|0|0|0|0|0|0|0|0|0|0|0|0|0|3668460|12889320|10000|10000|0|1000|100.4196|100.328|0|0.016155|93680|153077|10000|10000|0|1000|100.4501|102.8306|0|-3.124431|00008CEB|0|210c27918f7848dd8ad6ef44cf58c3b4
37|2021-09-26T12:07:54.0720000+01:00|10752D6C|Volkon Vysk|00008CDC|143700|152511|10000|10000|6||94.71277|102.2507|0|2.048423|2505|0|0|01|0C002C29|0|41F00000|1057B8A2||e381cbc64b59e20d08e08359ac649d5d
26|2021-09-26T12:07:54.0720000+01:00|129|Galvanize|30.00|1057B8A2|Alex Knightfall|10752D6C|Volkon Vysk|00|152511|97285||c029dc59ad14b2f44c12a9e85fa5b690
24|2021-09-26T12:07:54.0720000+01:00|1075A2E4|Niru Summers|HoT|763|3F2E|93680|153077|10000|10000|0|1000|100.4501|102.8306|0|-3.124431||b8de4884704c0e81d355433035dd3b79
38|2021-09-26T12:07:54.0720000+01:00|1075A2E4|Niru Summers|00505015|109854|153077|10000|10000|6|0|100.4501|102.8306|0|-3.124431|0|0|0|0A016D|41F00000|E0000000|0A0168|41F00000|E0000000|5B|0|1075A2E4|28FD0030|451187B0|1075A2E4|0757|40A4EDB2|10675739|0|0|0|072F|4093CEF3|10752D6C|08A9|401D7099|107629AA|0722|3FF2D139|1068703B|5A|426273D1|1075A2E4|0401|4069374C|40011D69|012B|402322C6|1057B8A2|04A7|4180A3CC|1075A2E4|3204C4|413B44E0|1057B8A2|077D|41DE2AFC|40011DFC|0129|41EE9374|1057B8A2||18fefa2c15bd82c6d6f6c71557a62680
30|2021-09-26T12:07:54.0720000+01:00|763|Horoscope Helios|0.00|10675739|Jasy Heavensong|1075A2E4|Niru Summers|00|153077|97086||e109a1cd53c095e10f31e7820a6a361e
38|2021-09-26T12:07:54.0720000+01:00|10752D6C|Volkon Vysk|00505025|143700|152511|10000|10000|6|0|94.71277|102.2507|0|2.048423|0|0|0|14016A|41F00000|E0000000|0A0168|41F00000|E0000000|28FD0030|45116924|10752D6C|0757|40A92F3A|10675739|08A9|401D7099|107629AA|04A7|40CE76D3|10752D6C|0722|3FE1CB12|1068703B|072F|408F8538|10752D6C|012B|402322C6|1057B8A2|0730|3FA64567|10752D6C|077D|41E272AC|40011DFC|0401|40777CEE|40011DEA|0129|41EFA3D7|1057B8A2|0763|3DBA41E0|10675739|0|0|0|0729|0|10752D6C||3150f8393d82a88f051ba4b5241eab8b
37|2021-09-26T12:07:54.2050000+01:00|107401EC|Raesa Velan|00008CDC|87152|96887|4800|10000|17||98.25721|98.36385|-0.003604765|0.8686633|1906|0|0|01|07002C29|0|41F00000|1057B8A2||07119919ada4454cf8c86e0c72911ef5
26|2021-09-26T12:07:54.2050000+01:00|129|Galvanize|30.00|1057B8A2|Alex Knightfall|107401EC|Raesa Velan|00|96887|97285||d13f1cfa0dced409e07801033c9772c8
24|2021-09-26T12:07:54.2050000+01:00|10752D6C|Volkon Vysk|HoT|763|4067|152511|152511|10000|10000|0|1000|94.71277|102.2507|0|2.048423||2de42d884e706915cd621c6dcab85c61
38|2021-09-26T12:07:54.2050000+01:00|107401EC|Raesa Velan|00505019|87152|96887|4800|10000|17|0|98.85011|98.66982|-0.0006673849|0.7925639|0|0|0|0A016D|41F00000|E0000000|0A0168|41F00000|E0000000|29020030|4592C558|107401EC|0722|3FBF7D43|1068703B|08A9|4017BE6C|107629AA|077D|41E272AD|40011DFC|A4|418AA5E2|107401EC|0129|41EFA3D7|1057B8A2|0|0|0|072F|40A0A3F7|10752D6C|0757|40AD70C5|10675739||a8b1c89b5a130f7c69e8c6e9f3bf73ca
38|2021-09-26T12:07:54.2050000+01:00|10752D6C|Volkon Vysk|00505025|152511|152511|10000|10000|6|0|94.71277|102.2507|0|2.048423|0|0|0|14016A|41F00000|E0000000|0A0168|41F00000|E0000000|28FD0030|45116700|10752D6C|0757|40A4E57F|10675739|08A9|4014DD24|107629AA|04A7|40CA2D18|10752D6C|0722|3FD0A429|1068703B|072F|408B3B7D|10752D6C|012B|401A8F51|1057B8A2|0730|3F951E7E|10752D6C|077D|41E1603E|40011DFC|0401|406EE979|40011DEA|0129|41EE9169|1057B8A2|0|0|0|0|0|0|0729|0|10752D6C||2c214c886d8e021b16eddd7e60b23cf9
30|2021-09-26T12:07:54.2050000+01:00|763|Horoscope Helios|0.00|10675739|Jasy Heavensong|10752D6C|Volkon Vysk|00|152511|97086||079a6f86b5baeba06c512763b767ef6e
37|2021-09-26T12:07:54.2490000+01:00|40011DEA|Liquid Hand|00008CE4|3813900|12889320|10000|10000|0||98.28333|100.328|0|-1.077782||0c50f355fa50a92c8534f1e5d683f5ba
37|2021-09-26T12:07:54.3400000+01:00|40011D69|Living Liquid|00008CE6|3651073|12889320|10000|10000|0||100.4196|100.328|0|0.016155||0626dc1654a0c44065e4cd32e23f3928
37|2021-09-26T12:07:54.3400000+01:00|1068703B|Tomo Uchuu|00008CDC|93423|106478|10000|10000|13||108.0076|96.00436|0|-2.19283|2607|0|0|02|0A003216|0|C1A00000|1068703B|0C000129|0|41F00000|1057B8A2||b272dded2490dfdadf863782beba5939
26|2021-09-26T12:07:54.3400000+01:00|129|Galvanize|30.00|1057B8A2|Alex Knightfall|1068703B|Tomo Uchuu|00|106478|97285||66dc86b096856ba449befd38824ffe7d
37|2021-09-26T12:07:54.3400000+01:00|10752D6C|Volkon Vysk|00008CE8|139758|152511|10000|10000|6||94.71277|102.2507|0|2.048423|2500|0|0|01|0A002B00|0|0|E0000000||b5fc3f484e5a4c8e926770d175363d91
24|2021-09-26T12:07:54.3400000+01:00|107629AA|Joeson Lmoa|HoT|763|41DB|102880|106059|10000|10000|0|1000|99.97012|96.34438|-0.0007885706|0.07753663||1ac989680d8a984e1ec8eb55ed20bec5
35|2021-09-26T12:07:54.3400000+01:00|40011DF5|Jagd Doll|40011DEA|Liquid Hand|0000|0000|0029|40011DEA|000F|0000||fe7703019160883c7641ce254881e122
34|2021-09-26T12:07:54.3400000+01:00|40011DF5|Jagd Doll|40011DF5|Jagd Doll|00|21df633ab5d88898023c6d2f241ce78b
38|2021-09-26T12:07:54.3400000+01:00|107629AA|Joeson Lmoa|00505017|106059|106059|10000|10000|21|0|99.97012|96.34438|-0.0007885706|0.07753663|0|0|0|0A016D|41F00000|E0000000|0A0168|41F00000|E0000000|28FE0030|4510188B|107629AA|012B|4011FBDD|1057B8A2|0722|3FE1CB15|1068703B|077D|41DAF5BC|40011DFC|0757|4098107F|10675739|072F|40A09BC4|10752D6C|0129|41EA47AD|1057B8A2|7A|C1200000|107629AA||4b5bed4fc61c0c3a4f2dbb6037438605
30|2021-09-26T12:07:54.3400000+01:00|763|Horoscope Helios|0.00|10675739|Jasy Heavensong|107629AA|Joeson Lmoa|00|106059|97086||a1325a1965fd52b982b64e1b8feac07d
38|2021-09-26T12:07:54.3400000+01:00|1068703B|Tomo Uchuu|00505026|93423|106478|10000|10000|13|0|108.0076|96.00436|0|-2.19283|0|0|0|14016A|41F00000|E0000000|0A0168|41F00000|E0000000|071F|42700000|1068703B|28FE0030|4510C138|1068703B|077D|41E270A1|40011DFC|08A9|400C49B0|107629AA|0757|40A4E580|10675739|071D|41C4829D|1068703B|0737|41C4829D|1068703B|0722|3F53F86C|1068703B|0716|C1A00000|1068703B|072F|40A4E580|10752D6C|0129|41EFA1CB|1057B8A2||121ae8ce9db43cf5b477aaee4a1232ae
38|2021-09-26T12:07:54.3400000+01:00|10752D6C|Volkon Vysk|00505025|139758|152511|10000|10000|6|0|94.71277|102.2507|0|2.048423|0|0|0|14016A|41F00000|E0000000|0A0168|41F00000|E0000000|28FD0030|451164DC|10752D6C|0757|40A09BC4|10675739|08A9|400C49B0|107629AA|04A7|40C5E35D|10752D6C|0722|3FBF7D3F|1068703B|072F|4086F1C2|10752D6C|012B|4011FBDD|1057B8A2|0730|3F83F794|10752D6C|0|0|0|0401|40665605|40011DEA|0129|41ED7EFA|1057B8A2|0|0|0|0|0|0|0729|0|10752D6C||2014fcfd55e0621ff7aea316ecb01020
30|2021-09-26T12:07:54.3400000+01:00|77d|Seraphic Veil|0.00|40011DFC|Seraph|10752D6C|Volkon Vysk|00|152511|92601||bfeaacdd6f9fdadf252868b8c4af7093
04|2021-09-26T12:07:53.9370000+01:00|40011df6|Jagd Doll|0|50|0|0||9214|11338|0|167240|0|10000|0|0|92.63745|107.6523|0|-0.2078099||5b91382924a8f09e7be016b3f130fe7b
37|2021-09-26T12:07:54.3840000+01:00|1068703B|Tomo Uchuu|00008CE9|93423|106478|10000|10000|13||108.0076|96.00436|0|-2.19283|2600|0|0|01|0A003216|0|C1A00000|1068703B||08170b05c02a0d8221934f5a2f205560
37|2021-09-26T12:07:54.3840000+01:00|40011D69|Living Liquid|00008CE7|3645508|12889320|10000|10000|0||100.4196|100.328|0|0.016155|0|0|0|02|01002FB0|28|41F00000|107629AA|030004B1|28|41F00000|107629AA||3daaa6ff65ab9cba7908de0c6970a8fc
26|2021-09-26T12:07:54.3840000+01:00|4b0|Caustic Bite|30.00|107629AA|Joeson Lmoa|40011D69|Living Liquid|28|12889320|106059||5437283547407e77ef6a85dcf32f7c87
26|2021-09-26T12:07:54.3840000+01:00|4b1|Stormbite|30.00|107629AA|Joeson Lmoa|40011D69|Living Liquid|28|12889320|106059||0c19289419c18f32cce42b427160f30f
37|2021-09-26T12:07:54.3840000+01:00|107629AA|Joeson Lmoa|00008CE7|106059|106059|10000|10000|21||99.97012|96.34438|-0.0007885706|0.07753663|1700|0|0|01|09002B7A|0|41200000|107629AA||5da0aa4ee7386e11146deed5b0b1c3ff
37|2021-09-26T12:07:54.3840000+01:00|40011DEA|Liquid Hand|00008CE2|3796076|12889320|10000|10000|0||98.28333|100.328|0|-1.077782||e8c61984be24059de29c58ef1e52c624
37|2021-09-26T12:07:54.3840000+01:00|1068703B|Tomo Uchuu|00008CE2|93423|106478|10000|10000|13||108.0076|96.00436|0|-2.19283|2600|0|0|01|0A003216|0|41A00000|1068703B||ffd2d34683f0e69d4298ef81e8d1c326
37|2021-09-26T12:07:54.3840000+01:00|40011D69|Living Liquid|00008CE4|3639222|12889320|10000|10000|0||100.4196|100.328|0|0.016155|01|0|0|0||085894170469d1fc98dae62c5ac60c5d
21|2021-09-26T12:07:54.3840000+01:00|10675739|Jasy Heavensong|40AB|Malefic IV|40011DEA|Liquid Hand|750003|39680000|1B|40AB8000|0|0|0|0|0|0|0|0|0|0|0|0|3813900|12889320|10000|10000|0|1000|98.28333|100.328|0|-1.077782|97086|97086|8160|10000|0|1000|100.328|97.00159|0|-0.5539196|00008CEC|0|3e38b5ac51dad24f566d99528027fe56
38|2021-09-26T12:07:54.3840000+01:00|107ABEEC|Greiyan Fletz|00505022|106544|106544|10000|10000|22|0|103.8987|98.80212|0|-1.167042|0|0|0|0720|42700000|1068703B|14016A|41F00000|E0000000|0A0168|41F00000|E0000000|28FE0030|45101AB7|107ABEEC|072F|4096A80C|10752D6C|0722|3F86A848|1068703B|012B|4011FBDD|1057B8A2|0839|41C42880|1068703B|0737|41C42880|1068703B|08A9|400C5A13|107629AA|0513|41A53FD4|107ABEEC|0|0|0|0757|40AC1082|10675739|0129|41EB020B|1057B8A2|0|0|0|077D|41DDD0E0|40011DFC|0512|41D95674|107ABEEC||73cb519916d66f29adab456d43f9077c
30|2021-09-26T12:07:54.3840000+01:00|4d0|Third Eye|0.00|107ABEEC|Greiyan Fletz|107ABEEC|Greiyan Fletz|00|106544|106544||02ea87dca035f2067f4a6c23c11c288c
38|2021-09-26T12:07:54.3840000+01:00|107629AA|Joeson Lmoa|00505017|106059|106059|10000|10000|21|0|99.97012|96.34438|-0.0007885706|0.07753663|0|0|0|0A016D|41F00000|E0000000|0A0168|41F00000|E0000000|28FE0030|451017D7|107629AA|012B|400F2AF8|1057B8A2|0722|3FDC294A|1068703B|077D|41DA9B9F|40011DFC|0757|4096A80C|10675739|072F|409F3351|10752D6C|0129|41E9ED90|1057B8A2|7A|411F4BC7|107629AA||75fb69302bcd8077250e6139a6cd8734
38|2021-09-26T12:07:54.3840000+01:00|1068703B|Tomo Uchuu|00505026|93423|106478|10000|10000|13|0|108.0076|96.00436|0|-2.19283|0|0|0|14016A|41F00000|E0000000|0A0168|41F00000|E0000000|071F|42700000|1068703B|28FE0030|4510C084|1068703B|077D|41E21684|40011DFC|08A9|400978CB|107629AA|0757|40A37D0D|10675739|071D|41C42880|1068703B|0737|41C42880|1068703B|0722|3F48B4D6|1068703B|0716|419FA5E3|1068703B|072F|40A37D0D|10752D6C|0129|41EF47AE|1057B8A2||74b6263e3dc1ce3e2f40c3c9b9946f07
24|2021-09-26T12:07:54.4720000+01:00|10675739|Jasy Heavensong|HoT|0|116E|97086|97086|8160|10000|0|1000|100.328|97.00159|0|-0.5539196||d07f985905677ee301f5c5bd5232c850
24|2021-09-26T12:07:54.4720000+01:00|1075A2E4|Niru Summers|HoT|0|1B5F|109854|153077|10000|10000|0|1000|100.4501|102.8306|0|-3.124431||ab88aa227918111b42cc6375ebcf1c6b
24|2021-09-26T12:07:54.4720000+01:00|10752D6C|Volkon Vysk|HoT|0|1124|152511|152511|10000|10000|0|1000|94.71277|102.2507|0|2.048423||2b4b2f71823b256f14c9f91509966325
38|2021-09-26T12:07:54.4720000+01:00|10675739|Jasy Heavensong|00505021|97086|97086|8260|10000|23|0|100.328|97.00159|0|-0.5539196|0|0|0|0A0168|41F00000|E0000000|0F016B|41F00000|E0000000|0722|3F8C294B|1068703B|28FE0030|451012DB|10675739|077D|41DC082B|40011DFC|08A9|4003C69E|107629AA|012B|400978CB|1057B8A2|0347|0|10675739|0757|408B3B7E|10675739|072F|408B3B7E|10752D6C|04B4|414B6445|10675739|0129|41E826E7|1057B8A2|0|0|0|0764|4161EB70|10675739||a5bc07a7fb6b59c262057135097da327
38|2021-09-26T12:07:54.4720000+01:00|1075A2E4|Niru Summers|00505015|116861|153077|10000|10000|6|0|100.4501|102.8306|0|-3.124431|0|0|0|0A016D|41F00000|E0000000|0A0168|41F00000|E0000000|5B|0|1075A2E4|28FD0030|45118148|1075A2E4|0757|409818B2|10675739|0|0|0|072F|4086F9F3|10752D6C|08A9|4003C69E|107629AA|0722|3FBF7D41|1068703B|5A|4260D933|1075A2E4|0401|404F8D51|40011D69|012B|400978CB|1057B8A2|04A7|417ADD1C|1075A2E4|3204C4|4134DA63|1057B8A2|077D|41DAF5BC|40011DFC|0129|41EB5E34|1057B8A2||28cfcd48b2f118e06427f60b5e4a1b21
38|2021-09-26T12:07:54.4720000+01:00|10752D6C|Volkon Vysk|00505025|144146|152511|10000|10000|6|0|94.71277|102.2507|0|2.048423|0|0|0|14016A|41F00000|E0000000|0A0168|41F00000|E0000000|28FD0030|451162BC|10752D6C|0757|409C5A3A|10675739|08A9|4003C69E|107629AA|04A7|40C1A1D3|10752D6C|0722|3FAE771A|1068703B|072F|4082B038|10752D6C|012B|400978CB|1057B8A2|0730|3F65E2DD|10752D6C|0|0|0|0401|405DD2F3|40011DEA|0129|41EC6E97|1057B8A2|0|0|0|0|0|0|0729|0|10752D6C||3f6faf867c6497a84da6f73d32340904
21|2021-09-26T12:07:54.5170000+01:00|107ABEEC|Greiyan Fletz|1D35|Hakaze|40011D69|Living Liquid|710203|27F20000|1B|1D358000|0|0|0|0|0|0|0|0|0|0|0|0|3639222|12889320|10000|10000|0|1000|100.4196|100.328|0|0.016155|106544|106544|10000|10000|0|1000|103.8987|98.80212|0|-1.167042|00008CED|0|ba20a2b95657c4a1100e0a852d42f7c9
37|2021-09-26T12:07:54.5620000+01:00|40011D69|Living Liquid|00008CEB|3635502|12889320|10000|10000|0||100.4196|100.328|0|0.016155||48c520d8ed9ff048fcf8d09585d6755f
37|2021-09-26T12:07:54.5620000+01:00|1075A2E4|Niru Summers|00008CE5|66738|153077|10000|10000|6||100.4501|102.8306|0|-3.102417|1500|0|0|03|0A002F01|0|404CBC6C|40011D69|0D0004C4|FF9C|0|1057B8A2|0E002BC0|0|0|E0000000||51d928eb96da2ca575ef852004d8e11e
26|2021-09-26T12:07:54.5620000+01:00|4c4|Excogitation|9999.00|1057B8A2|Alex Knightfall|1075A2E4|Niru Summers|FF9C|153077|97285||9fa7b82e0b16c862ad30d2e77c0f20a7
24|2021-09-26T12:07:54.5620000+01:00|1068703B|Tomo Uchuu|HoT|0|1115|97796|106478|10000|10000|0|1000|108.7494|94.85534|0|-2.132093||5968357275e3ac802da5fb1becc01813
24|2021-09-26T12:07:54.5620000+01:00|1075A2E4|Niru Summers|HoT|4C4|E856|126216|153077|10000|10000|0|1000|100.4501|102.8306|0|-3.102417||e50b4fce1d585230c9c7fd1d170a7456
21|2021-09-26T12:07:54.5620000+01:00|107ABEEC|Greiyan Fletz|07|Attack|40011D69|Living Liquid|710203|14760000|0|0|0|0|0|0|0|0|0|0|0|0|0|0|3635502|12889320|10000|10000|0|1000|100.4196|100.328|0|0.016155|106544|106544|10000|10000|0|1000|103.8987|98.80212|0|-1.167042|00008CEE|0|483edb43b39836ad980b84852c677b87
38|2021-09-26T12:07:54.5620000+01:00|1068703B|Tomo Uchuu|00505026|97796|106478|10000|10000|13|0|108.7494|94.85534|0|-2.132093|948D|31|0|14016A|41F00000|E0000000|0A0168|41F00000|E0000000|071F|42700000|1068703B|28FE0030|4510BDAC|1068703B|077D|41E0A9F8|40011DFC|08A9|3FFC28E3|107629AA|0757|409DCADF|10675739|071D|41C2BBF4|1068703B|0737|41C2BBF4|1068703B|0722|3F1B236D|1068703B|0716|419E3957|1068703B|072F|409DCADF|10752D6C|0129|41EDDB22|1057B8A2||5baf2b54bddabd3901058e393215f197
38|2021-09-26T12:07:54.5620000+01:00|1075A2E4|Niru Summers|00505015|126216|153077|10000|10000|6|0|100.4501|102.8306|0|-3.102417|948D|31|0|0A016D|41F00000|E0000000|0A0168|41F00000|E0000000|5B|0|1075A2E4|28FD0030|45117FDC|1075A2E4|0757|40953F9B|10675739|0|0|0|072F|408420DC|10752D6C|08A9|3FFC28E3|107629AA|0722|3FB418E7|1068703B|5A|42607E11|1075A2E4|0401|4049DB24|40011D69|012B|4003C69E|1057B8A2|04A7|41797091|1075A2E4|0|0|0|0|0|0|0129|41EAA7EE|1057B8A2||0832e3f8503a7b08631fd6d8cba6e16b
30|2021-09-26T12:07:54.5620000+01:00|4c4|Excogitation|0.00|1057B8A2|Alex Knightfall|1075A2E4|Niru Summers|FF9C|153077|97285||7df75cbc59d543196c34efd795cf99ec
30|2021-09-26T12:07:54.5620000+01:00|77d|Seraphic Veil|0.00|40011DFC|Seraph|1075A2E4|Niru Summers|00|153077|92601||9a0d66468afecb512302c15ad88b3ae3
24|2021-09-26T12:07:54.6070000+01:00|107629AA|Joeson Lmoa|HoT|0|1190|106059|106059|10000|10000|0|1000|99.98554|96.46183|-0.003973536|0.06079013||297874f8253f33e7eb01764f8f6c4f4b
21|2021-09-26T12:07:54.6070000+01:00|107629AA|Joeson Lmoa|08|Shot|40011D69|Living Liquid|720003|E5D0000|0|0|0|0|0|0|0|0|0|0|0|0|0|0|3635502|12889320|10000|10000|0|1000|100.4196|100.328|0|0.016155|106059|106059|10000|10000|0|1000|99.98554|96.46183|-0.003973536|0.06079013|00008CEF|0|5ffa69b409ddaa6c673cefa93467d43a
21|2021-09-26T12:07:54.6070000+01:00|40011D69|Living Liquid|4978|Unknown_4978|1075A2E4|Niru Summers|730003|3B010400|0|0|0|0|0|0|0|0|0|0|0|0|0|0|126216|153077|10000|10000|0|1000|100.4501|102.8306|0|-3.102417|3635502|12889320|10000|10000|0|1000|100.4196|100.328|0|0.016155|00008CF0|0|ebcb430632e31d0448173a42a8bd0ba9
38|2021-09-26T12:07:54.6070000+01:00|107ABEEC|Greiyan Fletz|00505022|106544|106544|10000|10000|22|0|103.8987|98.80212|0|-1.167042|948D|31|0|0720|42700000|1068703B|14016A|41F00000|E0000000|0A0168|41F00000|E0000000|28FE0030|4510172B|107ABEEC|072F|408F8D6B|10752D6C|0722|3F547B92|1068703B|012B|4003C69E|1057B8A2|0839|41C261D7|1068703B|0737|41C261D7|1068703B|08A9|40A00000|107629AA|0513|41A3792B|107ABEEC|0|0|0|0757|40A4F5E1|10675739|0129|41E93B62|1057B8A2|0|0|0|077D|41DC0A37|40011DFC|0512|41D78FCB|107ABEEC||24a4d0baa18fead3589bdcd745dbdc3c
26|2021-09-26T12:07:54.6070000+01:00|8a9|Mage's Ballad|5.00|107629AA|Joeson Lmoa|107ABEEC|Greiyan Fletz|00|106544|106059||7e129b015ef74a6fbc98e54001f2bdf8
38|2021-09-26T12:07:54.6070000+01:00|107401EC|Raesa Velan|00505019|87152|96887|4800|10000|17|0|100.6043|99.26712|-0.000655606|0.3025874|948D|31|0|0A016D|41F00000|E0000000|0A0168|41F00000|E0000000|29020030|4592C226|107401EC|0722|3F8C4A0F|1068703B|08A9|40A00000|107629AA|077D|41DF3F78|40011DFC|A4|418772AD|107401EC|0129|41EC70A2|1057B8A2|0|0|0|072F|4093D728|10752D6C|0757|40A0A3F6|10675739||8c4b69f9d208502fa0091481c55f1b03
26|2021-09-26T12:07:54.6070000+01:00|8a9|Mage's Ballad|5.00|107629AA|Joeson Lmoa|107401EC|Raesa Velan|00|96887|106059||fc3e243ba528ad025dfc2fc5ef3db879
38|2021-09-26T12:07:54.6070000+01:00|40011DFC|Seraph|00505000|92601|92601|10000|10000|0|0|100.1449|100.0533|0|-2.454533|948D|31|0|28FE0030|44D7F80F|1057B8A2|08A9|40A00000|107629AA||6c927ffa9361d89e62b15c56d035a0b1
26|2021-09-26T12:07:54.6070000+01:00|8a9|Mage's Ballad|5.00|107629AA|Joeson Lmoa|40011DFC|Seraph|00|92601|106059||1dc6fb3ae95135427a56e091b5896bcb
38|2021-09-26T12:07:54.6070000+01:00|1057B8A2|Alex Knightfall|0050501C|97285|97285|4452|10000|18|0|100.7552|96.51331|0|2.626263|948D|31|0|0A016D|41F00000|E0000000|1E016C|41F00000|E0000000|28FE0030|44D7F80F|1057B8A2|077D|41DD1A9A|40011DFC|0129|41E60415|1057B8A2|0|0|0|0757|408B4BE2|10675739|08A9|40A00000|107629AA|0722|3F322DAC|1068703B|0798|3E800131|1057B8A2|012B|4000F5B9|1057B8A2|072F|408B4BE2|10752D6C||165cd44f1157efc5a4a2dfafd801b5cb
26|2021-09-26T12:07:54.6070000+01:00|8a9|Mage's Ballad|5.00|107629AA|Joeson Lmoa|1057B8A2|Alex Knightfall|00|97285|106059||bb2cf9161b9090d8216d7092b8136b7a
38|2021-09-26T12:07:54.6070000+01:00|107629AA|Joeson Lmoa|00505017|106059|106059|10000|10000|21|0|99.98554|96.46183|-0.003973536|0.06079013|948D|31|0|0A016D|41F00000|E0000000|0A0168|41F00000|E0000000|28FE0030|4510144B|107629AA|012B|4000F5B9|1057B8A2|0722|3FBFBECB|1068703B|077D|41D8D4F6|40011DFC|0757|408F8D6B|10675739|072F|409818B0|10752D6C|0129|41E826E7|1057B8A2|7A|411BBE78|107629AA||ee0c79ce948f082b590ca08817b2e36c
38|2021-09-26T12:07:54.6070000+01:00|10675739|Jasy Heavensong|00505021|97086|97086|8260|10000|23|0|100.328|97.00159|0|-0.5539196|948D|31|0|0A0168|41F00000|E0000000|0F016B|41F00000|E0000000|0722|3F76464C|1068703B|28FE0030|451010BB|10675739|077D|41DAF7C8|40011DFC|08A9|409E978D|107629AA|012B|4000F5B9|1057B8A2|0347|0|10675739|0757|4086F9F4|10675739|072F|4086F9F4|10752D6C|04B4|41494381|10675739|0129|41E71684|1057B8A2|0|0|0|0764|415FCAAC|10675739||e69dff43d2e7da03569b3a93fb8af9b4
26|2021-09-26T12:07:54.6070000+01:00|8a9|Mage's Ballad|4.96|107629AA|Joeson Lmoa|10675739|Jasy Heavensong|00|97086|106059||1864597d5718894fc0f7af7084c5265d
38|2021-09-26T12:07:54.6070000+01:00|1068703B|Tomo Uchuu|00505026|97796|106478|10000|10000|13|0|108.7494|94.85534|0|-2.132093|948D|31|0|14016A|41F00000|E0000000|0A0168|41F00000|E0000000|071F|42700000|1068703B|28FE0030|4510BCF8|1068703B|077D|41E04FDB|40011DFC|08A9|409E978D|107629AA|0757|409C626C|10675739|071D|41C261D7|1068703B|0737|41C261D7|1068703B|0722|3F0FDFD8|1068703B|0716|419DDF3A|1068703B|072F|409C626C|10752D6C|0129|41ED8105|1057B8A2||511e332bb879a8582ff16e005e9583db
26|2021-09-26T12:07:54.6070000+01:00|8a9|Mage's Ballad|4.96|107629AA|Joeson Lmoa|1068703B|Tomo Uchuu|00|106478|106059||c8c034a8314c28196fedbbaa348bbaae
38|2021-09-26T12:07:54.6070000+01:00|1075A2E4|Niru Summers|00505015|126216|153077|10000|10000|6|0|100.4501|102.8306|0|-3.102417|948D|31|0|0A016D|41F00000|E0000000|0A0168|41F00000|E0000000|5B|0|1075A2E4|28FD0030|45117F28|1075A2E4|0757|4093D728|10675739|0|0|0|072F|4082B869|10752D6C|08A9|409E978D|107629AA|0722|3FAE771C|1068703B|5A|42605103|1075A2E4|0401|40470A3F|40011D69|012B|4000F5B9|1057B8A2|04A7|4178BC58|1075A2E4|0|0|0|0|0|0|0129|41EA4DD1|1057B8A2||542891dd79dc8ee48afd068d5b22628b
26|2021-09-26T12:07:54.6070000+01:00|8a9|Mage's Ballad|4.96|107629AA|Joeson Lmoa|1075A2E4|Niru Summers|00|153077|106059||4008df3f5d4e79628513193416beca8d
38|2021-09-26T12:07:54.6070000+01:00|10752D6C|Volkon Vysk|00505025|144146|152511|10000|10000|6|0|94.71277|102.2507|0|2.048423|948D|31|0|14016A|41F00000|E0000000|0A0168|41F00000|E0000000|28FD0030|4511609C|10752D6C|0757|409818B0|10675739|08A9|409E978D|107629AA|04A7|40BD6049|10752D6C|0722|3F9D70F5|1068703B|072F|407CDD5D|10752D6C|012B|4000F5B9|1057B8A2|0730|3F43D694|10752D6C|0|0|0|0401|40554FE1|40011DEA|0129|41EB5E34|1057B8A2|0|0|0|0|0|0|0729|0|10752D6C||e98e152bdd7419a665022a56916a4a29
26|2021-09-26T12:07:54.6070000+01:00|8a9|Mage's Ballad|4.96|107629AA|Joeson Lmoa|10752D6C|Volkon Vysk|00|152511|106059||5ea71f8441b126f654f773cd753ec30d
37|2021-09-26T12:07:54.6500000+01:00|107401EC|Raesa Velan|00008CE3|92647|96887|4800|10000|17||100.8816|99.29879|-0.002437255|-0.03336082|1900|0|0|0||e45f86a2c05f1e1ede6029ba10387237
24|2021-09-26T12:07:54.6500000+01:00|107ABEEC|Greiyan Fletz|HoT|0|1095|106544|106544|10000|10000|0|1000|103.8987|98.80212|0|-1.167042||85c22e248dc0b1e0e6dfa3822bc317ea
38|2021-09-26T12:07:54.6500000+01:00|107ABEEC|Greiyan Fletz|00505022|106544|106544|10000|10000|22|0|103.8987|98.80212|0|-1.167042|948D|31|0|0720|42700000|1068703B|14016A|41F00000|E0000000|0A0168|41F00000|E0000000|28FE0030|45101673|107ABEEC|072F|408E1CC7|10752D6C|0722|3F48F673|1068703B|012B|4000E556|1057B8A2|0839|41C205AE|1068703B|0737|41C205AE|1068703B|08A9|409E8F5C|107629AA|0513|41A31D02|107ABEEC|0|0|0|0757|40A3853D|10675739|0129|41E8DF39|1057B8A2|0|0|0|077D|41DBAE0E|40011DFC|0512|41D733A2|107ABEEC||5236a3936f3d77824b6f2b6b45810559
24|2021-09-26T12:07:54.6950000+01:00|107401EC|Raesa Velan|HoT|798|10E6|87152|96887|4800|10000|0|1000|100.8816|99.29879|-0.002437255|-0.03336082||5aed8d7137b6e0fe6607547ede86ce94
24|2021-09-26T12:07:54.6950000+01:00|1075A2E4|Niru Summers|HoT|798|1B3E|126216|153077|10000|10000|0|1000|100.4501|102.8306|0|-3.092284||3510e8d1711aa34be6994410d96160d4
24|2021-09-26T12:07:54.6950000+01:00|10675739|Jasy Heavensong|HoT|798|1178|97086|97086|8260|10000|0|1000|100.328|97.00159|0|-0.5539196||6936d76d9a2c21d68720ea34751a0174
24|2021-09-26T12:07:54.6950000+01:00|107629AA|Joeson Lmoa|HoT|798|1AAD|106059|106059|10000|10000|0|1000|99.99109|96.504|-0.005333152|0.05477763||72d791c7846eeddf6ed6bfd2b29b112c
24|2021-09-26T12:07:54.6950000+01:00|1057B8A2|Alex Knightfall|HoT|798|10F7|97285|97285|4452|10000|0|1000|100.7247|96.50272|-0.01531982|2.735572||4508f98f943b4ac830a2759a8517f77f
24|2021-09-26T12:07:54.6960000+01:00|107ABEEC|Greiyan Fletz|HoT|798|10F7|106544|106544|10000|10000|0|1000|103.8987|98.80212|0|-1.167042||e20b5873231e3fba00ef131d756f8e2d
24|2021-09-26T12:07:54.6960000+01:00|10752D6C|Volkon Vysk|HoT|798|115B|144146|152511|10000|10000|0|1000|94.71277|102.2507|0|2.048423||f7bf2844681c10db546796db7bae833d
24|2021-09-26T12:07:54.6960000+01:00|1057B8A2|Alex Knightfall|HoT|0|114D|97285|97285|4452|10000|0|1000|100.7247|96.50272|-0.01531982|2.735572||61b92bfe00d18a8e6290841b9929c2e4
38|2021-09-26T12:07:54.6960000+01:00|107ABEEC|Greiyan Fletz|00505022|106544|106544|10000|10000|22|0|103.8987|98.80212|0|-1.167042|0|0|0|0720|42700000|1068703B|14016A|41F00000|E0000000|0A0168|41F00000|E0000000|28FE0030|451015BB|107ABEEC|072F|408CAC23|10752D6C|0722|3F3D7154|1068703B|012B|40A00000|1057B8A2|0839|41C1A985|1068703B|0737|41C1A985|1068703B|08A9|409D1EB8|107629AA|0513|41A2C0D9|107ABEEC|0|0|0|0757|40A21499|10675739|0129|41E88310|1057B8A2|0|0|0|077D|41DB51E5|40011DFC|0512|41D6D779|107ABEEC||e1b8d9c96e95421bbacfc9aa2b6a4b8a
26|2021-09-26T12:07:54.6960000+01:00|12b|Sacred Soil|5.00|1057B8A2|Alex Knightfall|107ABEEC|Greiyan Fletz|00|106544|97285||6812d4678375ccbde25059b628cecb6b
38|2021-09-26T12:07:54.6960000+01:00|107401EC|Raesa Velan|00505019|96887|96887|4800|10000|17|0|100.8816|99.29879|-0.002437255|-0.03336082|0|0|0|0A016D|41F00000|E0000000|0A0168|41F00000|E0000000|29020030|4592C16E|107401EC|0722|3F80C4F1|1068703B|08A9|409D1EB8|107629AA|077D|41DE8726|40011DFC|A4|4186BA5B|107401EC|0129|41EBB850|1057B8A2|012B|40A00000|1057B8A2|072F|4090F5E0|10752D6C|0757|409DC2AE|10675739||d76966e726a062a7ba5dbea324fe5ef1
26|2021-09-26T12:07:54.6960000+01:00|12b|Sacred Soil|5.00|1057B8A2|Alex Knightfall|107401EC|Raesa Velan|00|96887|97285||49532ecff18c20bcc102202bdfd6ccbb
38|2021-09-26T12:07:54.6960000+01:00|1057B8A2|Alex Knightfall|0050501C|97285|97285|4452|10000|18|0|100.7247|96.50272|-0.01531982|2.735572|0|0|0|0A016D|41F00000|E0000000|1E016C|41F00000|E0000000|28FE0030|44D7F52D|1057B8A2|077D|41DC6248|40011DFC|0129|41E54BC3|1057B8A2|0|0|0|0757|40886A9A|10675739|08A9|409D1EB8|107629AA|0722|3F1B236E|1068703B|0798|3E23D96C|1057B8A2|012B|409E8F5C|1057B8A2|072F|40886A9A|10752D6C||4bdaa4ffe817ca4c7ad07f92fbeb071b
26|2021-09-26T12:07:54.6960000+01:00|12b|Sacred Soil|4.96|1057B8A2|Alex Knightfall|1057B8A2|Alex Knightfall|00|97285|97285||e5555f7786eee6c883c59ed7e57733b8
38|2021-09-26T12:07:54.6960000+01:00|107629AA|Joeson Lmoa|00505017|106059|106059|10000|10000|21|0|99.99109|96.504|-0.005333152|0.05477763|0|0|0|0A016D|41F00000|E0000000|0A0168|41F00000|E0000000|28FE0030|451012DB|107629AA|012B|409E8F5C|1057B8A2|0722|3FB439AD|1068703B|077D|41D81CA4|40011DFC|0757|408CAC23|10675739|072F|40953768|10752D6C|0129|41E76E95|1057B8A2|7A|411A4DD4|107629AA||12ea2ec9cfbadb9ba326ff8b15c17bbf
26|2021-09-26T12:07:54.6960000+01:00|12b|Sacred Soil|4.96|1057B8A2|Alex Knightfall|107629AA|Joeson Lmoa|00|106059|97285||9cdc4fcb2b01b69335a0d80123bc58d9
38|2021-09-26T12:07:54.6960000+01:00|10675739|Jasy Heavensong|00505021|97086|97086|8260|10000|23|0|100.328|97.00159|0|-0.5539196|0|0|0|0A0168|41F00000|E0000000|0F016B|41F00000|E0000000|0722|3F5F3C0E|1068703B|28FE0030|45100F4B|10675739|077D|41DA3F76|40011DFC|08A9|409BB645|107629AA|012B|409E8F5C|1057B8A2|0347|0|10675739|0757|408418AC|10675739|072F|408418AC|10752D6C|04B4|4147D2DD|10675739|0129|41E65E32|1057B8A2|0|0|0|0764|415E5A08|10675739||03906fbbe07455b802991a3a2d84929d
26|2021-09-26T12:07:54.6960000+01:00|12b|Sacred Soil|4.96|1057B8A2|Alex Knightfall|10675739|Jasy Heavensong|00|97086|97285||bc8d3dcb50316cda9f294464de20980f
38|2021-09-26T12:07:54.6960000+01:00|1075A2E4|Niru Summers|00505015|133190|153077|10000|10000|6|0|100.4501|102.8306|0|-3.092284|0|0|0|0A016D|41F00000|E0000000|0A0168|41F00000|E0000000|5B|0|1075A2E4|28FD0030|45117DB8|1075A2E4|0757|4090F5E0|10675739|0|0|0|072F|407FAE42|10752D6C|08A9|409BB645|107629AA|0722|3FA2F1FE|1068703B|5A|425FF4DB|1075A2E4|0401|404147AF|40011D69|012B|409E8F5C|1057B8A2|04A7|41774BB4|1075A2E4|0|0|0|0|0|0|0129|41E9957F|1057B8A2||872b593dd4f86cbab759c25a9170c07f
26|2021-09-26T12:07:54.6960000+01:00|12b|Sacred Soil|4.96|1057B8A2|Alex Knightfall|1075A2E4|Niru Summers|00|153077|97285||a07aa98bfbb26c23ff75e48deafb9c7f
38|2021-09-26T12:07:54.6960000+01:00|10752D6C|Volkon Vysk|00505025|148589|152511|10000|10000|6|0|94.71277|102.2507|0|2.048423|0|0|0|14016A|41F00000|E0000000|0A0168|41F00000|E0000000|28FD0030|45115F2C|10752D6C|0757|40953768|10675739|08A9|409BB645|107629AA|04A7|40BA7F01|10752D6C|0722|3F91EBD7|1068703B|072F|40771ACD|10752D6C|012B|409E8F5C|1057B8A2|0730|3F2CCC56|10752D6C|0|0|0|0401|404F8D51|40011DEA|0129|41EAA5E2|1057B8A2|0|0|0|0|0|0|0729|0|10752D6C||b9ebb6e8fbea395bd964ffbe4ff31313
26|2021-09-26T12:07:54.6960000+01:00|12b|Sacred Soil|4.96|1057B8A2|Alex Knightfall|10752D6C|Volkon Vysk|00|152511|97285||8246a570f5df5e5c63dc98594d997f09
37|2021-09-26T12:07:54.7400000+01:00|10752D6C|Volkon Vysk|00008CEA|96829|152511|10000|10000|6||94.71277|102.2507|0|2.048423|2500|0|0|01|0B002F01|0|404F8D51|40011DEA||6a88e0853c3287be0022efa7dd7e7d17
24|2021-09-26T12:07:54.7400000+01:00|107401EC|Raesa Velan|HoT|0|103E|87152|96887|4800|10000|0|1000|100.8816|99.29879|-0.002437255|-0.03336082||0c9a2cd5e0bcf6d0ee39039a8664da04
38|2021-09-26T12:07:54.7400000+01:00|107401EC|Raesa Velan|00505019|96887|96887|4800|10000|17|0|100.8816|99.29879|-0.002437255|-0.03336082|0|0|0|0A016D|41F00000|E0000000|0A0168|41F00000|E0000000|29020030|4592C114|107401EC|0722|3F76464C|1068703B|08A9|409BB645|107629AA|077D|41DE2D09|40011DFC|A4|4186603E|107401EC|0129|41EB5E33|1057B8A2|012B|409E978D|1057B8A2|072F|408F8D6D|10752D6C|0757|409C5A3B|10675739||7977be0ee215ab411dd217a66c531ffc
39|2021-09-26T12:07:54.8730000+01:00|40011DFC|Seraph|92601|92601|10000|10000|0|0|100.1449|100.0533|0|-2.841659||ac72e287d5266dcdaa47c6d22dd7d41b
38|2021-09-26T12:07:54.8730000+01:00|1057B8A2|Alex Knightfall|0050501C|97285|97285|4452|10000|18|0|100.7247|96.45638|0|-3.069201|0|0|0|0A016D|41F00000|E0000000|1E016C|41F00000|E0000000|28FE0030|44D7EF7B|1057B8A2|077D|41DAF5BC|40011DFC|0129|41E3DF37|1057B8A2|0|0|0|0757|4082B86C|10675739|08A9|40976C8A|107629AA|0722|3EDB240A|1068703B|0|0|0|012B|4098DD2E|1057B8A2|072F|4082B86C|10752D6C||911582fff57e4ba74e4c0011ed57c007
30|2021-09-26T12:07:54.8730000+01:00|798|Sacred Soil|0.00|1057B8A2|Alex Knightfall|1057B8A2|Alex Knightfall|00|97285|97285||940a406b91cb34136cda44c62235c4bd
37|2021-09-26T12:07:55.0970000+01:00|40011D69|Living Liquid|00008CEE|3630264|12889320|10000|10000|0||100.4196|100.328|0|0.016155||50ead3d43988b3c14c094368f73a2490
37|2021-09-26T12:07:55.1410000+01:00|40011D69|Living Liquid|00008CED|3620038|12889320|10000|10000|0||100.4196|100.328|0|0.016155||307e477a3a0f62e478dff0dc419c5c0f
37|2021-09-26T12:07:55.1410000+01:00|1075A2E4|Niru Summers|00008CF0|118085|153077|10000|10000|0||100.4501|102.8306|0|-3.086521|1500|0|0|01|0F001A80|0|0|E0000000||cd25a18960add854127678d710b30db7
38|2021-09-26T12:07:55.1410000+01:00|1075A2E4|Niru Summers|00505015|118085|153077|10000|10000|0|0|100.4501|102.8306|0|-3.086521|0|0|0|0A016D|41F00000|E0000000|0A0168|41F00000|E0000000|5B|0|1075A2E4|28FD0030|45117698|1075A2E4|0757|4082B03C|10675739|0|0|0|072F|406322FE|10752D6C|08A9|408D70A1|107629AA|0722|3F53B6EE|1068703B|5A|425E2C2B|1075A2E4|0401|4024BC6B|40011D69|012B|409049B8|1057B8A2|04A7|417028E4|1075A2E4||74d3865709973e5bf45415a2e1e5f373
30|2021-09-26T12:07:55.1410000+01:00|129|Galvanize|0.00|1057B8A2|Alex Knightfall|1075A2E4|Niru Summers|00|153077|97285||798d7126af623e80e082675457742ddc
21|2021-09-26T12:07:55.1870000+01:00|10675739|Jasy Heavensong|40AC|Celestial Intersection|1075A2E4|Niru Summers|4|21110000|220E|7610000|1B|40AC8000|0|0|0|0|0|0|0|0|0|0|118085|153077|10000|10000|0|1000|100.4501|102.8306|0|-3.087631|97086|97086|8260|10000|0|1000|100.328|97.00159|0|-0.5539196|00008CF1|0|980cbf1c1e8affc0c99795cb5d7e8172
38|2021-09-26T12:07:55.1870000+01:00|1068703B|Tomo Uchuu|00505026|97796|106478|10000|10000|13|0|108.877|91.41629|0|-1.637816|0|0|0|14016A|41F00000|E0000000|0A0168|41F00000|E0000000|071F|42700000|1068703B|28FE0030|4510B3B0|1068703B|077D|41DBA9F6|40011DFC|08A9|408BFFFD|107629AA|0757|4089CADC|10675739|071D|41BDBBF2|1068703B|0737|41BDBBF2|1068703B|0|0|0|0716|41993955|1068703B|072F|4089CADC|10752D6C|0129|41E8DB20|1057B8A2||36aa6ae94d0efc94fca09541eb70b565
26|2021-09-26T12:07:55.1870000+01:00|71f|Closed Position|60.00|1068703B|Tomo Uchuu|1068703B|Tomo Uchuu|00|106478|106478||01e53454baa69e5929f0222d0e6193a4
30|2021-09-26T12:07:55.1870000+01:00|722|Shield Samba|0.00|1068703B|Tomo Uchuu|1068703B|Tomo Uchuu|00|106478|106478||3db00ab93a4fb316d6841ce2e17478d3
20|2021-09-26T12:07:55.2310000+01:00|107401EC|Raesa Velan|DF9|Fire IV|40011DEA|Liquid Hand|2.62|100.5369|97.79126|-0.01531982|-1.008012||099d2a08aed85146e29ee7a27b089e96
21|2021-09-26T12:07:55.3210000+01:00|1068703B|Tomo Uchuu|07|Attack|40011DEA|Liquid Hand|720203|166A0000|0|0|0|0|0|0|0|0|0|0|0|0|0|0|3796076|12889320|10000|10000|0|1000|98.28333|100.328|0|-1.077782|97796|106478|10000|10000|0|1000|108.3715|90.92989|0|-1.405338|00008CF2|0|4c21dd4b91cdcf5f13492c8449ac9f3f
38|2021-09-26T12:07:55.3210000+01:00|1057B8A2|Alex Knightfall|0050501C|97285|97285|4452|10000|18|0|100.123|95.56416|-0.007235298|-2.570238|0|0|0|0A016D|41F00000|E0000000|1E016C|41F00000|E0000000|28FE0030|44D7E12C|1057B8A2|077D|41D76246|40011DFC|0129|41E04BC1|1057B8A2|0|0|0|0757|4068D531|10675739|08A9|40891EB5|107629AA|0|0|0|0|0|0|012B|408A8F59|1057B8A2|072F|4068D531|10752D6C||8e666b247d7a4f5497d3f0c985f2cb19
30|2021-09-26T12:07:55.3210000+01:00|722|Shield Samba|0.00|1068703B|Tomo Uchuu|1057B8A2|Alex Knightfall|00|97285|106478||132a5914328156b7bc03e6304a87eeb8
37|2021-09-26T12:07:55.3650000+01:00|40011D69|Living Liquid|00008CEF|3616361|12889320|10000|10000|0||100.4196|100.328|0|0.016155||6104192d3847b70b3325533f337522c8
22|2021-09-26T12:07:55.4110000+01:00|40011DF5|Jagd Doll|4820|Reducible Complexity|107629AA|Joeson Lmoa|750003|1A620400|1B|48208000|0|0|0|0|0|0|0|0|0|0|0|0|106059|106059|10000|10000|0|1000|99.99231|96.51331|0|0.05345011|40328|167240|10000|10000|0|1000|96.45227|96.81836|0|0.8677189|00008CF3|0|2af8fdd3eaa3d22a6e832e16b2cdfcfa
22|2021-09-26T12:07:55.4110000+01:00|40011DF5|Jagd Doll|4820|Reducible Complexity|107401EC|Raesa Velan|750003|29F80400|1B|48208000|0|0|0|0|0|0|0|0|0|0|0|0|96887|96887|4800|10000|0|1000|100.388|97.54588|0|-0.9137015|40328|167240|10000|10000|0|1000|96.45227|96.81836|0|0.8677189|00008CF3|1|1a7ec9cd9a215117859ffdd735e23455
22|2021-09-26T12:07:55.4110000+01:00|40011DF5|Jagd Doll|4820|Reducible Complexity|10675739|Jasy Heavensong|750003|192B0400|1B|48208000|0|0|0|0|0|0|0|0|0|0|0|0|97086|97086|8260|10000|0|1000|100.328|97.00159|0|-0.3083993|40328|167240|10000|10000|0|1000|96.45227|96.81836|0|0.8677189|00008CF3|2|f07c3ca5b6df266c5afe1d9bc24960fd
22|2021-09-26T12:07:55.4110000+01:00|40011DF5|Jagd Doll|4820|Reducible Complexity|1057B8A2|Alex Knightfall|750003|319A0400|1B|48208000|0|0|0|0|0|0|0|0|0|0|0|0|97285|97285|4452|10000|0|1000|100.0839|95.5061|0|-2.53777|40328|167240|10000|10000|0|1000|96.45227|96.81836|0|0.8677189|00008CF3|3|211a20bb072d15e3a7857607a665c933
22|2021-09-26T12:07:55.4110000+01:00|40011DF5|Jagd Doll|4820|Reducible Complexity|107ABEEC|Greiyan Fletz|750003|1EBE0400|1B|48208000|0|0|0|0|0|0|0|0|0|0|0|0|106544|106544|10000|10000|0|1000|102.3284|97.6442|-0.002142311|-1.993916|40328|167240|10000|10000|0|1000|96.45227|96.81836|0|0.8677189|00008CF3|4|f86c6a60857c59dab18ad1d73f520e20
22|2021-09-26T12:07:55.4110000+01:00|40011DF5|Jagd Doll|4820|Reducible Complexity|10752D6C|Volkon Vysk|750003|B860400|1B|48208000|0|0|0|0|0|0|0|0|0|0|0|0|96829|152511|10000|10000|0|1000|94.7625|102.2756|-0.00452014|1.938578|40328|167240|10000|10000|0|1000|96.45227|96.81836|0|0.8677189|00008CF3|5|da5e05ba756136a29408603a867b63ac
22|2021-09-26T12:07:55.4110000+01:00|40011DF5|Jagd Doll|4820|Reducible Complexity|1075A2E4|Niru Summers|750003|3CA90000|1B|48208000|0|0|0|0|0|0|0|0|0|0|0|0|118085|153077|10000|10000|0|1000|100.4501|102.8306|0|-3.089245|40328|167240|10000|10000|0|1000|96.45227|96.81836|0|0.8677189|00008CF3|6|a07e61f5d4f512436847b1926d92d727
22|2021-09-26T12:07:55.4110000+01:00|40011DF5|Jagd Doll|4820|Reducible Complexity|1068703B|Tomo Uchuu|750003|5E120400|1B|48208000|0|0|0|0|0|0|0|0|0|0|0|0|97796|106478|10000|10000|0|1000|107.8633|90.60944|0|-1.271297|40328|167240|10000|10000|0|1000|96.45227|96.81836|0|0.8677189|00008CF3|7|e7de2c868573c80846b7c6a1befb00c6
38|2021-09-26T12:07:55.4110000+01:00|10752D6C|Volkon Vysk|00505025|96829|152511|10000|10000|6|0|94.7625|102.2756|-0.00452014|1.938578|0|0|0|14016A|41F00000|E0000000|0A0168|41F00000|E0000000|28FD0030|451153C4|10752D6C|0757|407CBC9D|10675739|08A9|4084DD2B|107629AA|04A7|40A3A5E7|10752D6C|0722|3EDA1DEF|1068703B|072F|4049689F|10752D6C|012B|4087B642|1057B8A2|0|0|0|0|0|0|0401|4021DB23|40011DEA|0129|41E4EF9A|1057B8A2|0|0|0|0|0|0|0729|0|10752D6C||d1739afcc22ee9f252db40a9e1bbf079
30|2021-09-26T12:07:55.4110000+01:00|730|Heart Of Stone|0.00|10752D6C|Volkon Vysk|10752D6C|Volkon Vysk|00|152511|152511||45a530b96fe9a6f04db6ddd70f8c0b47
37|2021-09-26T12:07:55.4550000+01:00|40011DEA|Liquid Hand|00008CEC|3781380|12889320|10000|10000|0||98.28333|100.328|0|-1.077782||8e778990fdfc4dcd2f6ce73c5754a952
38|2021-09-26T12:07:55.4550000+01:00|107ABEEC|Greiyan Fletz|00505022|106544|106544|10000|10000|22|0|102.3284|97.6442|-0.002142311|-1.993916|0|0|0|0720|42700000|1068703B|14016A|41F00000|E0000000|0A0168|41F00000|E0000000|28FE0030|45100997|107ABEEC|072F|4068B46B|10752D6C|0|0|0|012B|4087AE11|1057B8A2|0839|41BB9508|1068703B|0737|41BB9508|1068703B|08A9|4084CCC9|107629AA|0513|419CAC5C|107ABEEC|0|0|0|0757|4089C2AA|10675739|0129|41E26E93|1057B8A2|0|0|0|077D|41D53D68|40011DFC|0512|41D0C2FC|107ABEEC||e2a8f41d218a438c0b9885c49a5d322c
26|2021-09-26T12:07:55.4550000+01:00|720|Dance Partner|60.00|1068703B|Tomo Uchuu|107ABEEC|Greiyan Fletz|00|106544|106478||a4153d264332c5dea600fd5332b358a2
30|2021-09-26T12:07:55.4550000+01:00|722|Shield Samba|0.00|1068703B|Tomo Uchuu|107ABEEC|Greiyan Fletz|00|106544|106478||904caac09bbca2fc0b6a3dc41bbb7111
22|2021-09-26T12:07:55.5000000+01:00|1075A2E4|Niru Summers|404E|Mythril Tempest|40011D69|Living Liquid|32710003|15A30000|143D|340000|11B|404E8000|0|0|0|0|0|0|0|0|0|0|3616361|12889320|10000|10000|0|1000|100.4196|100.328|0|0.016155|118085|153077|10000|10000|0|1000|100.4501|102.8306|0|-3.089245|00008CF4|0|f039d9bb28fbb04c81c1163220858990
22|2021-09-26T12:07:55.5000000+01:00|1075A2E4|Niru Summers|404E|Mythril Tempest|40011DEA|Liquid Hand|32710003|170F0000|0|0|0|0|0|0|0|0|0|0|0|0|0|0|3796076|12889320|10000|10000|0|1000|98.28333|100.328|0|-1.077782|118085|153077|10000|10000|0|1000|100.4501|102.8306|0|-3.089245|00008CF4|1|6dfd2fc5717a05572082e06d0d301d63
38|2021-09-26T12:07:55.5000000+01:00|1075A2E4|Niru Summers|00505015|118085|153077|10000|10000|0|0|100.4501|102.8306|0|-3.089245|0|0|0|0A016D|41F00000|E0000000|0A0168|41F00000|E0000000|5B|0|1075A2E4|28FD0030|451170E0|1075A2E4|0757|406E76FF|10675739|0|0|0|072F|404C3985|10752D6C|08A9|4081FBE3|107629AA|0722|3EF02215|1068703B|5A|42700000|1075A2E4|0401|400DD2F2|40011D69|012B|4084D4FA|1057B8A2|04A7|416A6E87|1075A2E4||804482109f41f0023d23c68dd5b9e6e2
26|2021-09-26T12:07:55.5000000+01:00|5a|Storm's Eye|60.00|1075A2E4|Niru Summers|1075A2E4|Niru Summers|00|153077|153077||71acc264f0ddf9daddffce8533780d23
38|2021-09-26T12:07:55.5890000+01:00|10675739|Jasy Heavensong|00505021|97086|97086|8260|10000|23|0|100.328|97.00159|0|-0.175538|94AB|31|0|0A0168|41F00000|E0000000|0F016B|41F00000|E0000000|0|0|0|28FE0030|45100103|10675739|077D|41D3188A|40011DFC|08A9|407E3536|107629AA|012B|4081F3B2|1057B8A2|0347|0|10675739|0757|404EFA0A|10675739|072F|404EFA0A|10752D6C|04B4|4139850C|10675739|0129|41DF3746|1057B8A2|0|0|0|0764|41500C37|10675739||4543d2c8f583b05a8613e6e316c0ca09
30|2021-09-26T12:07:55.5890000+01:00|722|Shield Samba|0.00|1068703B|Tomo Uchuu|10675739|Jasy Heavensong|00|97086|106478||77d19f59cf55e503218a4f36a822c332
38|2021-09-26T12:07:55.7220000+01:00|107401EC|Raesa Velan|00505019|96887|96887|4800|10000|17|0|100.2714|97.35365|-8.441199E-06|-0.6905216|94AB|31|0|0A016D|41F00000|E0000000|0A0168|41F00000|E0000000|29020030|4592B93C|107401EC|0|0|0|08A9|4078936D|107629AA|077D|41D651E3|40011DFC|A4|417D0A33|107401EC|0129|41E3830D|1057B8A2|012B|407E55FB|1057B8A2|072F|406041C0|10752D6C|0757|4079DB59|10675739||337f1bedcde5788e5e719835b1dda28b
30|2021-09-26T12:07:55.7220000+01:00|722|Shield Samba|0.00|1068703B|Tomo Uchuu|107401EC|Raesa Velan|00|96887|106478||2fe3c15706c7eab9d828036fb9c856d3
20|2021-09-26T12:07:55.7660000+01:00|1057B8A2|Alex Knightfall|B9|Adloquium|10752D6C|Volkon Vysk|1.94|100.0839|95.5061|0|-2.53777||8f9954bb781a9ade777de88b9c44c105
37|2021-09-26T12:07:55.8110000+01:00|1075A2E4|Niru Summers|00008CF1|126550|153077|10000|10000|11||100.4501|102.8306|0|-3.089818|1500|0|0|01|050021E1|0|41F00000|10675739||77c24b1ab9287ad1da13889db010a9fd
26|2021-09-26T12:07:55.8110000+01:00|761|Nocturnal Intersection|30.00|10675739|Jasy Heavensong|1075A2E4|Niru Summers|00|153077|97086||c7298ca1ad094c7bc0673ecebcf00214
38|2021-09-26T12:07:55.8110000+01:00|1075A2E4|Niru Summers|00505015|126550|153077|10000|10000|11|0|100.4501|102.8306|0|-3.089818|94AB|31|0|0A016D|41F00000|E0000000|0A0168|41F00000|E0000000|5B|0|1075A2E4|28FD0030|45116BE4|1075A2E4|0757|405A7F30|10675739|0761|41EFA3D7|10675739|072F|403841B6|10752D6C|08A9|406FFFF7|107629AA|0722|3E20C73C|1068703B|5A|426EC086|1075A2E4|0401|3FF3B647|40011D69|012B|4075B224|1057B8A2|04A7|41657094|1075A2E4||a771be8a331a7fabb99416e3f47df969
37|2021-09-26T12:07:55.8560000+01:00|40011DEA|Liquid Hand|00008CF2|3775642|12889320|10000|10000|0||98.28333|100.328|0|-1.077782||aaa041fa1fdfd5a0a41fc4b718361d1a
38|2021-09-26T12:07:55.8560000+01:00|10752D6C|Volkon Vysk|00505025|96829|152511|10000|10000|6|0|97.824|102.9394|0|2.159821|94AB|31|0|14016A|41F00000|E0000000|0A0168|41F00000|E0000000|28FD0030|45114CA0|10752D6C|0757|406020F7|10675739|08A9|406D1EAF|107629AA|04A7|40955812|10752D6C|0|0|0|072F|402CCCF9|10752D6C|012B|4072D0DC|1057B8A2|0|0|0|0|0|0|0401|40053F7D|40011DEA|0129|41E15C24|1057B8A2|0|0|0|0|0|0|0729|0|10752D6C||41b6fb3c62dc750fbae7096856dd770d
30|2021-09-26T12:07:55.8560000+01:00|722|Shield Samba|0.00|1068703B|Tomo Uchuu|10752D6C|Volkon Vysk|00|152511|106478||7cb1d67518dafbb927f82398d52b41fb
39|2021-09-26T12:07:55.9440000+01:00|10675739|Jasy Heavensong|97086|97086|8524|10000|0|0|100.328|97.00159|0|0.01951051||cbc5376c16f7beabf6a1e1b68a30ab2b
39|2021-09-26T12:07:55.9440000+01:00|1075A2E4|Niru Summers|128080|153077|10000|10000|0|0|100.4501|102.8306|0|-3.091354||c0d0a9f3e515d1b874bde02e91e56f14
39|2021-09-26T12:07:55.9440000+01:00|10752D6C|Volkon Vysk|98354|152511|10000|10000|0|0|97.824|102.9394|0|2.159821||05e78611cd4d4219c4b48c259755a3dc
37|2021-09-26T12:07:55.9900000+01:00|40011D69|Living Liquid|00008CF4|3610822|12889320|10000|10000|0||100.4196|100.328|0|0.016155||55b70b01e297a607dedc3e1cd30c1d5e
24|2021-09-26T12:07:55.9900000+01:00|40011D69|Living Liquid|DoT|0|3EC0|3616361|12889320|10000|10000|0|1000|100.4196|100.328|0|0.016155||fccd23793007e88b1b674a3468992b0b
20|2021-09-26T12:07:55.9900000+01:00|10675739|Jasy Heavensong|E11|Aspected Helios|10675739|Jasy Heavensong|1.90|100.328|97.00159|0|0.01951051||1ec1a31faced0c41593980c46cbbc969
36|2021-09-26T12:07:55.9910000+01:00|125C|3|d548663a462878afc11373b3a2c8c3b3
38|2021-09-26T12:07:55.9910000+01:00|1075A2E4|Niru Summers|00505015|128080|153077|10000|10000|11|0|100.4501|102.8306|0|-3.091354|94AB|31|0|0A016D|41F00000|E0000000|0A0168|41F00000|E0000000|5B|0|1075A2E4|28FD0030|45116908|1075A2E4|0757|404F0A73|10675739|0761|41EE3540|10675739|072F|402CCCF9|10752D6C|08A9|40648B3A|107629AA|0|0|0|5A|426E093B|1075A2E4|0401|3FDCCCCF|40011D69|012B|406A3D67|1057B8A2|04A7|41629365|1075A2E4||0a5199842b2e179103e6bfb8909e9f6f
30|2021-09-26T12:07:55.9910000+01:00|722|Shield Samba|0.00|1068703B|Tomo Uchuu|1075A2E4|Niru Summers|00|153077|106478||8630e47d0b7bfebc4b77b046ccd0c2c8
38|2021-09-26T12:07:55.9910000+01:00|40011D69|Living Liquid|00505000|3594758|12889320|10000|10000|0|0|100.4196|100.328|0|0.016155|94AB|31|0|0767|41DF3953|1057B8A2|2804B0|41E2CABC|107629AA|0759|403EB7A5|10675739|2804B1|41E2CABC|107629AA|0|0|0|04CC|4204D0B0|107ABEEC||88be93252651e07851b8f81c1429c600
39|2021-09-26T12:07:56.0340000+01:00|1068703B|Tomo Uchuu|98860|106478|10000|10000|0|0|104.5016|91.58306|0|-0.4377275||7bbd47860846d12a9cad4696c6eb3a80
39|2021-09-26T12:07:56.0800000+01:00|107629AA|Joeson Lmoa|106059|106059|10000|10000|0|0|99.99231|96.54459|0|0.02873776||1143c17258562af684dd295c464ff1a2
21|2021-09-26T12:07:56.0800000+01:00|1068703B|Tomo Uchuu|3E77|Reverse Cascade|40011DEA|Liquid Hand|720203|44640000|13D|EB8000|0|0|0|0|0|0|0|0|0|0|0|0|3775642|12889320|10000|10000|0|1000|98.28333|100.328|0|-1.077782|98860|106478|10000|10000|0|1000|104.5016|91.58306|0|-0.4377275|00008CF5|0|0774df0609349a4bebc5ef1ab630af69
38|2021-09-26T12:07:56.0800000+01:00|1068703B|Tomo Uchuu|00505026|98860|106478|10000|10000|13|0|104.5016|91.58306|0|-0.4377275|94C8|31|0|14016A|41F00000|E0000000|0A0168|41F00000|E0000000|071F|42700000|1068703B|28FE0030|4510A56C|1068703B|077D|41D48517|40011DFC|08A9|405ED90D|107629AA|0757|405A6ECC|10675739|071D|41B69713|1068703B|0737|41B69713|1068703B|0|0|0|0|0|0|072F|405A6ECC|10752D6C|0129|41E1B641|1057B8A2||8dfa55463c2da8274dc14ff337c32a7b
30|2021-09-26T12:07:56.0800000+01:00|716|Flourishing Cascade|0.00|1068703B|Tomo Uchuu|1068703B|Tomo Uchuu|00|106478|106478||83f77b934b405a355ec8d8fe5722c437
31|2021-09-26T12:07:56.0800000+01:00|1068703B|320226|00|10762900|757|35b347170293c51c4bd410ee98013fd2
37|2021-09-26T12:07:56.1240000+01:00|40011DEA|Liquid Hand|00008CF4|3769739|12889320|10000|10000|0||98.28333|100.328|0|-1.077782|01|0|0|0||1584b89f2143666ba449a6b87880c519
22|2021-09-26T12:07:56.1240000+01:00|10752D6C|Volkon Vysk|3F0D|Demon Slice|40011D69|Living Liquid|710203|123E0000|1B|3F0D8000|0|0|0|0|0|0|0|0|0|0|0|0|3594758|12889320|10000|10000|0|1000|100.4196|100.328|0|0.016155|98354|152511|10000|10000|0|1000|99.07916|102.9042|-0.0009013784|2.52943|00008CF6|0|dcaee42b7b590f008c171766564e6f78
22|2021-09-26T12:07:56.1240000+01:00|10752D6C|Volkon Vysk|3F0D|Demon Slice|40011DEA|Liquid Hand|710003|E790000|1B|3F0D8000|0|0|0|0|0|0|0|0|0|0|0|0|3775642|12889320|10000|10000|0|1000|98.28333|100.328|0|-1.077782|98354|152511|10000|10000|0|1000|99.07916|102.9042|-0.0009013784|2.52943|00008CF6|1|4c5cda4db504e135e415f4be7b188dee
38|2021-09-26T12:07:56.1240000+01:00|107629AA|Joeson Lmoa|00505017|106059|106059|10000|10000|21|0|99.99231|96.54459|0|0.02873776|9598|31|0|0A016D|41F00000|E0000000|0A0168|41F00000|E0000000|28FE0030|450FFC0B|107629AA|012B|4061BA55|1057B8A2|0|0|0|077D|41CCB015|40011DFC|0757|403DF3E8|10675739|072F|404F0A70|10752D6C|0129|41DC0206|1057B8A2|7A|410374C1|107629AA||8b1cae657bc2160fb934a073a0971325
30|2021-09-26T12:07:56.1240000+01:00|722|Shield Samba|0.00|1068703B|Tomo Uchuu|107629AA|Joeson Lmoa|00|106059|106478||ea6e3e478837f73f304c49cbedf612ba
39|2021-09-26T12:07:56.1680000+01:00|1057B8A2|Alex Knightfall|97285|97285|4698|10000|0|0|100.0839|95.5061|0|-1.062243||af139f8d86a0b3fcb6fd92aaa38b8757
37|2021-09-26T12:07:56.2130000+01:00|107629AA|Joeson Lmoa|00008CF3|99305|106059|10000|10000|0||99.99231|96.56759|-0.00155747|0.02061974|1700|0|0|02|05001A80|0|0|E0000000|08000000|0|0|E0000000||83044729ea5de963f27c4f32134df770
39|2021-09-26T12:07:56.2130000+01:00|107401EC|Raesa Velan|96887|96887|4800|10000|0|0|100.2059|97.24573|0|-0.5652325||59f4d4f02f1d5d98971999ec6c6969a1
21|2021-09-26T12:07:56.2130000+01:00|107629AA|Joeson Lmoa|1CF1|Refulgent Arrow|40011D69|Living Liquid|720203|46B60000|0|0|0|0|0|0|0|0|0|0|0|0|0|0|3594758|12889320|10000|10000|0|1000|100.4196|100.328|0|0.016155|106059|106059|10000|10000|0|1000|99.99231|96.56759|-0.00155747|0.02061974|00008CF7|0|5181769371d2625051fb93e76d267125
38|2021-09-26T12:07:56.2130000+01:00|107629AA|Joeson Lmoa|00505017|99305|106059|10000|10000|0|0|99.99231|96.56759|-0.00155747|0.02061974|9598|31|0|0A016D|41F00000|E0000000|0A0168|41F00000|E0000000|28FE0030|450FFA9F|107629AA|012B|405C0828|1057B8A2|0|0|0|0|0|0|0757|403841BB|10675739|072F|40495843|10752D6C||e2e083d11bae29e1b6a7ca5ce425bf79
30|2021-09-26T12:07:56.2130000+01:00|77d|Seraphic Veil|0.00|40011DFC|Seraph|107629AA|Joeson Lmoa|00|106059|92601||573eabc88f01d4c09aaf496e2738d2d9
30|2021-09-26T12:07:56.2130000+01:00|129|Galvanize|0.00|1057B8A2|Alex Knightfall|107629AA|Joeson Lmoa|00|106059|97285||507cf502dab963981f6865d6bd98bd43
30|2021-09-26T12:07:56.2130000+01:00|7a|Straight Shot Ready|0.00|107629AA|Joeson Lmoa|107629AA|Joeson Lmoa|00|106059|106059||88d9071d762109a0e6f79027c7f04818
37|2021-09-26T12:07:56.2570000+01:00|107401EC|Raesa Velan|00008CF3|86143|96887|4800|10000|0||100.2059|97.24573|0|-0.5652325|1901|0|0|02|05001A80|0|0|E0000000|07000000|0|0|E0000000||e3f36aa822b8dba84c67bd722e9d84d0
38|2021-09-26T12:07:56.2570000+01:00|107401EC|Raesa Velan|00505019|86143|96887|4800|10000|0|0|100.2059|97.24573|0|-0.5652325|9598|31|0|0A016D|41F00000|E0000000|0A0168|41F00000|E0000000|29020030|4592B4F4|107401EC|0|0|0|08A9|40564599|107629AA|0|0|0|A4|417476BF|107401EC|0|0|0|012B|405C0827|1057B8A2|072F|403DF3EC|10752D6C|0757|40578D85|10675739||475e9eebc1c5e8598460458dff2bfaa5
30|2021-09-26T12:07:56.2570000+01:00|77d|Seraphic Veil|0.00|40011DFC|Seraph|107401EC|Raesa Velan|00|96887|92601||a674084f59be462881b4188736c256e3
30|2021-09-26T12:07:56.2570000+01:00|129|Galvanize|0.00|1057B8A2|Alex Knightfall|107401EC|Raesa Velan|00|96887|97285||5332e11b554099ffadedb371d40b8514
37|2021-09-26T12:07:56.3010000+01:00|10675739|Jasy Heavensong|00008CF3|90643|97086|8524|10000|0||100.328|97.00159|0|0.01951051|2102|0|0|02|04001A80|0|0|E0000000|0B000000|0|0|E0000000||ae675a71cc2dcf0375d41c9cd32bcc7a
38|2021-09-26T12:07:56.3010000+01:00|10675739|Jasy Heavensong|00505021|90643|97086|8524|10000|0|0|100.328|97.00159|0|0.01951051|9598|31|0|0A0168|41F00000|E0000000|0F016B|41F00000|E0000000|0|0|0|28FE0030|450FF5A3|10675739|0|0|0|08A9|4050A3CE|107629AA|012B|405655FB|1057B8A2|0347|0|10675739|0757|402168A2|10675739|072F|402168A2|10752D6C|04B4|412E20B4|10675739|0|0|0|0|0|0|0764|4144A7DF|10675739||c4fd9e4eb175a7151cf069f1d01e8d4a
30|2021-09-26T12:07:56.3010000+01:00|77d|Seraphic Veil|0.00|40011DFC|Seraph|10675739|Jasy Heavensong|00|97086|92601||967e279233f4c51195acccd1571425b8
30|2021-09-26T12:07:56.3010000+01:00|129|Galvanize|0.00|1057B8A2|Alex Knightfall|10675739|Jasy Heavensong|00|97086|97285||1e90639719ef57c95327df5cb627d17e
37|2021-09-26T12:07:56.3470000+01:00|1057B8A2|Alex Knightfall|00008CF3|84587|97285|4698|10000|0||100.0839|95.5061|0|-0.6385249|1C03|0|0|02|03001A80|0|0|E0000000|04000000|0|0|E0000000||9f992b15382c85dec9cb01ca13845947
38|2021-09-26T12:07:56.3470000+01:00|1057B8A2|Alex Knightfall|0050501C|84587|97285|4698|10000|0|0|100.0839|95.5061|0|-0.6385249|9598|31|0|0A016D|41F00000|E0000000|1E016C|41F00000|E0000000|28FE0030|44D7C057|1057B8A2|0|0|0|0|0|0|0|0|0|0757|40272B35|10675739|08A9|4050936C|107629AA|0|0|0|0|0|0|012B|405374B3|1057B8A2|072F|40272B35|10752D6C||97226a6744aa99fb365529315f627b79
30|2021-09-26T12:07:56.3470000+01:00|77d|Seraphic Veil|0.00|40011DFC|Seraph|1057B8A2|Alex Knightfall|00|97285|92601||47c827fde348ff2b26982112e3d2791f
30|2021-09-26T12:07:56.3470000+01:00|129|Galvanize|0.00|1057B8A2|Alex Knightfall|1057B8A2|Alex Knightfall|00|97285|97285||98669f715fa8a6dd6291aa775b9b2035
37|2021-09-26T12:07:56.3910000+01:00|107ABEEC|Greiyan Fletz|00008CF3|98674|106544|10000|10000|0||101.0371|96.80415|-0.003310157|-1.647784|2204|0|0|02|0D001A80|0|0|E0000000|0F000000|0|0|E0000000||d155012a806143fb413837be12553a24
38|2021-09-26T12:07:56.3910000+01:00|107ABEEC|Greiyan Fletz|00505022|98674|106544|10000|10000|0|0|101.0371|96.80415|-0.003310157|-1.647784|9598|31|0|0720|42700000|1068703B|14016A|41F00000|E0000000|0A0168|41F00000|E0000000|28FE0030|450FFAA3|107ABEEC|072F|402CCCFE|10752D6C|0|0|0|012B|405374B2|1057B8A2|0839|41B41818|1068703B|0737|41B41818|1068703B|08A9|404DB224|107629AA|0513|41952F6C|107ABEEC|0|0|0|0757|40579DE3|10675739|0|0|0|0|0|0|0|0|0|0512|41C9460C|107ABEEC||e48c11f5279b0cb4c766a594e9b43485
30|2021-09-26T12:07:56.3910000+01:00|129|Galvanize|0.00|1057B8A2|Alex Knightfall|107ABEEC|Greiyan Fletz|00|106544|97285||5dd38fd0f519eb0694dfc43f0d046d36
30|2021-09-26T12:07:56.3910000+01:00|77d|Seraphic Veil|0.00|40011DFC|Seraph|107ABEEC|Greiyan Fletz|00|106544|92601||63f9bc6213b83ecf2e9fea13c5eeac85
37|2021-09-26T12:07:56.4350000+01:00|10752D6C|Volkon Vysk|00008CF3|95404|152511|10000|10000|0||100.4501|102.7999|0|3.049552|2505|0|0|01|0C001A80|0|0|E0000000||b3c2c810e89db5a04548fa6caa6332f1
38|2021-09-26T12:07:56.4350000+01:00|10752D6C|Volkon Vysk|00505025|95404|152511|10000|10000|0|0|100.4501|102.7999|0|3.049552|9598|31|0|14016A|41F00000|E0000000|0A0168|41F00000|E0000000|28FD0030|45114360|10752D6C|0757|403B12A1|10675739|08A9|40481059|107629AA|04A7|4082D0E4|10752D6C|0|0|0|072F|4007BEA3|10752D6C|012B|404DC286|1057B8A2|0|0|0|0|0|0|0401|3FC0624F|40011DEA|0|0|0|0|0|0|0|0|0|0729|0|10752D6C||7e84b58d9ef41c669a767cc518b8a1f7
30|2021-09-26T12:07:56.4350000+01:00|129|Galvanize|0.00|1057B8A2|Alex Knightfall|10752D6C|Volkon Vysk|00|152511|97285||9bb74a293b632ec46c70578cf2c9572c
37|2021-09-26T12:07:56.4800000+01:00|1075A2E4|Niru Summers|00008CF3|112551|153077|10000|10000|11||100.4501|102.8306|0|-3.091354|1506|0|0|0||5eb2339fac8e4956a9d23743876cc906
37|2021-09-26T12:07:56.5250000+01:00|1068703B|Tomo Uchuu|00008CF3|74778|106478|10000|10000|0||103.3137|93.86668|0|-0.4586711|2607|0|0|02|04001A80|0|0|E0000000|0C000000|0|0|E0000000||d8d9990c204a516284092bed5de58133
24|2021-09-26T12:07:56.5250000+01:00|40011DEA|Liquid Hand|DoT|0|61B4|3744727|12889320|10000|10000|0|1000|98.28333|100.328|0|0.04170334||98721e3840dc4364a541a6936b0f1434
38|2021-09-26T12:07:56.5250000+01:00|1068703B|Tomo Uchuu|00505026|74778|106478|10000|10000|0|0|103.3137|93.86668|0|-0.4586711|9598|31|0|14016A|41F00000|E0000000|0A0168|41F00000|E0000000|071F|42700000|1068703B|28FE0030|45109E4C|1068703B|0|0|0|08A9|40424DCA|107629AA|0757|403DE389|10675739|071D|41B305A9|1068703B|0737|41B305A9|1068703B|0|0|0|0|0|0|072F|403DE389|10752D6C||9ac66455ba2051afc38fd41d90cf99fa
30|2021-09-26T12:07:56.5250000+01:00|77d|Seraphic Veil|0.00|40011DFC|Seraph|1068703B|Tomo Uchuu|00|106478|92601||0b99e7208653cd6bcf1653c216fd4fc0
30|2021-09-26T12:07:56.5250000+01:00|129|Galvanize|0.00|1057B8A2|Alex Knightfall|1068703B|Tomo Uchuu|00|106478|97285||e8ead3a27f64bc9e00a12bf6442f3f2c
38|2021-09-26T12:07:56.5250000+01:00|40011DEA|Liquid Hand|00505000|3744727|12889320|10000|10000|0|0|98.28333|100.328|0|0.04170334|9598|31|0|0A00A3|4192B21D|107401EC|0767|41B3081B|1057B8A2|04CC|41D09D3F|107ABEEC|2804B1|41CAE760|107629AA|0759|409B539B|10675739|2804B0|41CAE760|107629AA||c39c1ee735dfdd913039306b3a76bb87
37|2021-09-26T12:07:56.7030000+01:00|40011DEA|Liquid Hand|00008CF5|3727219|12889320|10000|10000|0||98.28333|100.328|0|0.678946||4ea3d358b4818bfe6ebd138703c0b161
38|2021-09-26T12:07:56.7030000+01:00|107629AA|Joeson Lmoa|00505017|99305|106059|10000|10000|0|0|99.99231|96.63419|-0.009665871|0.1150024|9598|31|0|0A016D|41F00000|E0000000|0A0168|41F00000|E0000000|28FE0030|450FF2CB|107629AA|012B|403CAC00|1057B8A2|0|0|0|0|0|0|0757|4018E593|10675739|072F|4029FC1B|10752D6C||2aa74381e437db68b46dd8c99587ec1c
37|2021-09-26T12:07:56.7480000+01:00|40011D69|Living Liquid|00008CF6|3590088|12889320|10000|10000|0||100.4196|100.328|0|0.016155||5725ca0bafadec2e897d668285f2eeb6
21|2021-09-26T12:07:56.8360000+01:00|40011DEA|Liquid Hand|4979|Unknown_4979|10752D6C|Volkon Vysk|730003|649E0000|0|0|0|0|0|0|0|0|0|0|0|0|0|0|95404|152511|10000|10000|0|1000|100.4501|102.7999|0|3.073708|3727219|12889320|10000|10000|0|1000|98.28333|100.328|0|0.7196875|00008CF8|0|d4d3a9a8825eab47a8c3de6b2bcd7c3f
37|2021-09-26T12:07:56.8810000+01:00|40011DEA|Liquid Hand|00008CF6|3723514|12889320|10000|10000|0||98.28333|100.328|0|0.7196875|01|0|0|0||af59bb7c65366d34b71bda148015aa36
21|2021-09-26T12:07:56.8810000+01:00|40011DF7|Jagd Doll|4B4E|Unknown_4B4e|1068703B|Tomo Uchuu|F1720006|E5C0000|0|0|0|0|0|0|0|0|0|0|0|0|0|0|74778|106478|10000|10000|0|1000|102.5437|95.60435|0|-0.4272552|40955|167240|10000|10000|0|1000|107.5204|93.05785|0|-1.878647|00008CF9|0|27f67057f3c4f76cb25047cd82fff913
22|2021-09-26T12:07:56.9700000+01:00|107629AA|Joeson Lmoa|75|Rain Of Death|40011D69|Living Liquid|720203|1C4F0000|1B|758000|0|0|0|0|0|0|0|0|0|0|0|0|3590088|12889320|10000|10000|0|1000|100.4196|100.328|0|0.016155|99305|106059|10000|10000|0|1000|99.99231|96.63538|0|0.1150024|00008CFA|0|e9c2cb7119e1aa91abc3fc28119a48fc
22|2021-09-26T12:07:56.9700000+01:00|107629AA|Joeson Lmoa|75|Rain Of Death|40011DEA|Liquid Hand|720303|2CBA0000|1B|758000|0|0|0|0|0|0|0|0|0|0|0|0|3723514|12889320|10000|10000|0|1000|98.28333|100.328|0|0.7196875|99305|106059|10000|10000|0|1000|99.99231|96.63538|0|0.1150024|00008CFA|1|b3b6dfa2665eb281c7ffaac67ae21b19
21|2021-09-26T12:07:56.9700000+01:00|10752D6C|Volkon Vysk|07|Attack|40011D69|Living Liquid|710103|10480000|0|0|0|0|0|0|0|0|0|0|0|0|0|0|3590088|12889320|10000|10000|0|1000|100.4196|100.328|0|0.016155|95404|152511|10000|10000|0|1000|100.4477|102.7999|-0.01531982|3.085841|00008CFB|0|74767c930eec5cb20a023e7286fe79d8
21|2021-09-26T12:07:57.1920000+01:00|1057B8A2|Alex Knightfall|B9|Adloquium|10752D6C|Volkon Vysk|4|31BF0000|2E0E|1290000|1B|B98000|0|0|0|0|0|0|0|0|0|0|95404|152511|10000|10000|0|1000|100.3584|102.7999|-0.0008325612|3.092728|84587|97285|4698|10000|0|1000|100.0839|95.5061|0|0.04607458|00008CFC|0|342f01b8f701e456a78d7e2455f3e0fb
21|2021-09-26T12:07:57.3260000+01:00|107401EC|Raesa Velan|DF9|Fire IV|40011DEA|Liquid Hand|150103|DE840000|1B|DF98000|0|0|0|0|0|0|0|0|0|0|0|0|3723514|12889320|10000|10000|0|1000|98.28333|100.328|0|0.7097081|86143|96887|4800|10000|0|1000|100.2059|97.24573|0|-0.5652325|00008CFD|0|c1350c1193a7fe436b64cd649d34e158
37|2021-09-26T12:07:57.3710000+01:00|10752D6C|Volkon Vysk|00008CF8|69646|152511|10000|10000|0||100.2664|102.8142|-0.001416012|3.097834|2500|0|0|0||e9b50fe992e8d9679693de96e227d6f2
21|2021-09-26T12:07:57.3710000+01:00|40011DFC|Seraph|40A4|Seraphic Veil|1057B8A2|Alex Knightfall|4|14EC0000|EC0E|77D0000|1B|40A48000|0|0|0|0|0|0|0|0|0|0|84587|97285|3698|10000|0|1000|100.0839|95.5061|0|0.0413013|92601|92601|10000|10000|0|1000|100.1449|100.0533|0|1.731724|00008CFE|0|f879c96e5ad8e30ffbc02e9a2661f182
22|2021-09-26T12:07:57.3710000+01:00|10675739|Jasy Heavensong|E11|Aspected Helios|10675739|Jasy Heavensong|4|27300000|FC0E|7810000|CA620E|3440000|1B|E118000|0|0|0|0|0|0|0|0|90643|97086|8524|10000|0|1000|100.328|97.00159|0|0.01951051|90643|97086|8524|10000|0|1000|100.328|97.00159|0|0.01951051|00008CFF|0|61918d5a9905da2b5bd0bbfdb8204aa8
22|2021-09-26T12:07:57.3710000+01:00|10675739|Jasy Heavensong|E11|Aspected Helios|107401EC|Raesa Velan|4|27380000|60E|7810000|CA620E|3440000|1B|E118000|0|0|0|0|0|0|0|0|86143|96887|3200|10000|0|1000|100.2059|97.24573|0|-0.5652325|90643|97086|8524|10000|0|1000|100.328|97.00159|0|0.01951051|00008CFF|1|798e2131df819609456b174aaea6dd80
22|2021-09-26T12:07:57.3710000+01:00|10675739|Jasy Heavensong|E11|Aspected Helios|107629AA|Joeson Lmoa|4|277C0000|5B0E|7810000|CA620E|3440000|1B|E118000|0|0|0|0|0|0|0|0|99305|106059|10000|10000|0|1000|99.99231|96.63538|0|0.1150024|90643|97086|8524|10000|0|1000|100.328|97.00159|0|0.01951051|00008CFF|2|e65c850e537fd55b33e902433cba57f9
22|2021-09-26T12:07:57.3710000+01:00|10675739|Jasy Heavensong|E11|Aspected Helios|107ABEEC|Greiyan Fletz|4|26540000|E90E|7810000|CA620E|3440000|1B|E118000|0|0|0|0|0|0|0|0|98674|106544|10000|10000|0|1000|100.9384|96.90775|-0.01531982|2.316045|90643|97086|8524|10000|0|1000|100.328|97.00159|0|0.01951051|00008CFF|3|750914b9ebadeb4024ea2908d1f61fc8
22|2021-09-26T12:07:57.3710000+01:00|10675739|Jasy Heavensong|E11|Aspected Helios|1068703B|Tomo Uchuu|4|267D0000|1C0E|7810000|CA620E|3440000|1B|E118000|0|0|0|0|0|0|0|0|74778|106478|10000|10000|0|1000|101.0818|98.32866|0|-0.3769898|90643|97086|8524|10000|0|1000|100.328|97.00159|0|0.01951051|00008CFF|4|7c14337c6b19fefd2cc8fb60a6eee775
22|2021-09-26T12:07:57.3710000+01:00|10675739|Jasy Heavensong|E11|Aspected Helios|1057B8A2|Alex Knightfall|4|27310000|FD0E|7810000|CA620E|3440000|1B|E118000|0|0|0|0|0|0|0|0|84587|97285|3698|10000|0|1000|100.0839|95.5061|0|0.0413013|90643|97086|8524|10000|0|1000|100.328|97.00159|0|0.01951051|00008CFF|5|f99a9858d842599373da07343f65158d
22|2021-09-26T12:07:57.3710000+01:00|10675739|Jasy Heavensong|E11|Aspected Helios|10752D6C|Volkon Vysk|4|27340000|10E|7810000|CA620E|3440000|1B|E118000|0|0|0|0|0|0|0|0|95404|152511|10000|10000|0|1000|100.2664|102.8142|-0.001416012|3.097834|90643|97086|8524|10000|0|1000|100.328|97.00159|0|0.01951051|00008CFF|6|c5a372e8840da264228dd19286a68891
22|2021-09-26T12:07:57.3710000+01:00|10675739|Jasy Heavensong|E11|Aspected Helios|1075A2E4|Niru Summers|4|27A50000|8E0E|7810000|CA620E|3440000|1B|E118000|0|0|0|0|0|0|0|0|112551|153077|10000|10000|0|1000|100.4501|102.8306|0|-3.072803|90643|97086|8524|10000|0|1000|100.328|97.00159|0|0.01951051|00008CFF|7|4eac67a86fe59d1be0899b57221bb8ee
37|2021-09-26T12:07:57.4140000+01:00|1068703B|Tomo Uchuu|00008CF9|71102|106478|10000|10000|0||101.0818|98.32866|0|-0.3769898|2600|0|0|0||8498eae6c5c152a7fe5f79fe37f71fb9
21|2021-09-26T12:07:57.4150000+01:00|1075A2E4|Niru Summers|07|Attack|40011D69|Living Liquid|710003|E2E0000|0|0|0|0|0|0|0|0|0|0|0|0|0|0|3590088|12889320|10000|10000|0|1000|100.4196|100.328|0|0.016155|112551|153077|10000|10000|0|1000|100.4501|102.8306|0|-3.072803|00008D00|0|71aaabb5c5763e5ebb5e719685801be2
24|2021-09-26T12:07:57.4600000+01:00|10675739|Jasy Heavensong|HoT|0|1046|90643|97086|8524|10000|0|1000|100.328|97.00159|0|0.01951051||e8d5dbc93652471b647d2fb0e57ccccd
24|2021-09-26T12:07:57.4600000+01:00|1075A2E4|Niru Summers|HoT|0|10A5|112551|153077|10000|10000|0|1000|100.4501|102.8306|0|-3.072803||41f88544b2641878b0a8aa3c61d664cc
24|2021-09-26T12:07:57.4600000+01:00|10752D6C|Volkon Vysk|HoT|0|1AE3|95404|152511|10000|10000|0|1000|100.2664|102.8142|-0.001416012|3.097834||daabc7a03025c7b166ef35e7785c0d20
38|2021-09-26T12:07:57.4600000+01:00|10675739|Jasy Heavensong|00505021|94809|97086|8224|10000|0|0|100.328|97.00159|0|0.01951051|94C8|31|0|0A0168|41F00000|E0000000|0F016B|41F00000|E0000000|0|0|0|28FE0030|450FE323|10675739|0|0|0|08A9|40068722|107629AA|012B|400C394F|1057B8A2|0347|0|10675739|0757|3FAE97EE|10675739|072F|3FAE97EE|10752D6C|04B4|411B998C|10675739|0|0|0|0|0|0|0764|413220B7|10675739||0bf489992c6e85d19820c3d31fcbb03d
38|2021-09-26T12:07:57.4600000+01:00|1075A2E4|Niru Summers|00505015|116812|153077|10000|10000|11|0|100.4501|102.8306|0|-2.976208|94C8|31|0|0A016D|41F00000|E0000000|0A0168|41F00000|E0000000|5B|0|1075A2E4|28FD0030|45115190|1075A2E4|0757|3FE20CB9|10675739|0761|41E274B8|10675739|072F|3F9D91C5|10752D6C|08A9|40068722|107629AA|0|0|0|5A|42682906|1075A2E4|0401|3E831270|40011D69|012B|400C394F|1057B8A2|04A7|414B1263|1075A2E4||3ae2e22873570c1c4eaa8aa092d69e9d
38|2021-09-26T12:07:57.4600000+01:00|10752D6C|Volkon Vysk|00505025|76529|152511|10000|10000|0|0|100.2445|102.8827|0|3.098813|94C8|31|0|14016A|41F00000|E0000000|0A0168|41F00000|E0000000|28FD0030|45113304|10752D6C|0757|3FF312D6|10675739|08A9|40068722|107629AA|04A7|40441890|10752D6C|0|0|0|072F|3F8C6ADA|10752D6C|012B|400C394F|1057B8A2|0|0|0|0|0|0|0401|3EF53F7A|40011DEA|0|0|0|0|0|0|0|0|0|0729|0|10752D6C||f54ed011150a826bf0dfb2cacb725402
37|2021-09-26T12:07:57.5040000+01:00|40011D69|Living Liquid|00008CFB|3585920|12889320|10000|10000|0||100.4196|100.328|0|0.016155||8f489806ff87cf17b211821197df716b
24|2021-09-26T12:07:57.5490000+01:00|1068703B|Tomo Uchuu|HoT|0|1052|71102|106478|10000|10000|0|1000|100.6431|99.44525|0|-0.3707061||978dd8d3eac01369ec703f4bb1a57cfb
38|2021-09-26T12:07:57.5490000+01:00|1068703B|Tomo Uchuu|00505026|75280|106478|10000|10000|0|0|100.6431|99.44525|0|-0.3707061|94C8|31|0|14016A|41F00000|E0000000|0A0168|41F00000|E0000000|071F|42700000|1068703B|28FE0030|45108DF4|1068703B|0|0|0|08A9|4000D4F5|107629AA|0757|3FF8D568|10675739|071D|41AAD68B|1068703B|0737|41AAD68B|1068703B|0|0|0|0|0|0|072F|3FF8D568|10752D6C||dd3589c9433e10014e12ed78d95990e6
26|2021-09-26T12:07:57.5490000+01:00|71f|Closed Position|60.00|1068703B|Tomo Uchuu|1068703B|Tomo Uchuu|00|106478|106478||62f3639d647191d41ca947cf7f6bc0f9
24|2021-09-26T12:07:57.5940000+01:00|107629AA|Joeson Lmoa|HoT|0|105D|99305|106059|10000|10000|0|1000|99.99231|96.63538|0|0.1150024||83e27cc60be9452dbae2144e12bfe4b4
38|2021-09-26T12:07:57.5940000+01:00|107629AA|Joeson Lmoa|00505017|103494|106059|10000|10000|0|0|99.99231|96.63538|0|0.1150024|94C8|31|0|0A016D|41F00000|E0000000|0A0168|41F00000|E0000000|28FE0030|450FE48F|107629AA|012B|4003A5DA|1057B8A2|0|0|0|0|0|0|0757|3FBFBEDD|10675739|072F|3FE1EBED|10752D6C||c35ff1e722b96f3dc7968ea1851fb95e
24|2021-09-26T12:07:57.6380000+01:00|107ABEEC|Greiyan Fletz|HoT|0|1184|98674|106544|10000|10000|0|1000|100.9384|97.15079|-0.00246795|1.277809||169f5dbad61571b6532dd2162f1dbe13
21|2021-09-26T12:07:57.6380000+01:00|40011D69|Living Liquid|4978|Unknown_4978|1075A2E4|Niru Summers|730003|28FB0000|0|0|0|0|0|0|0|0|0|0|0|0|0|0|116812|153077|10000|10000|0|1000|100.4501|102.8306|0|-2.976208|3585920|12889320|10000|10000|0|1000|100.4196|100.328|0|0.016155|00008D01|0|e43ef02b7f98615409364f8097149ffb
38|2021-09-26T12:07:57.6390000+01:00|107ABEEC|Greiyan Fletz|00505022|103158|106544|10000|10000|0|0|100.9384|97.15079|-0.00246795|1.277809|94C8|31|0|0720|42700000|1068703B|14016A|41F00000|E0000000|0A0168|41F00000|E0000000|28FE0030|450FE6B7|107ABEEC|072F|3FB9FC4E|10752D6C|0|0|0|012B|4003A5D9|1057B8A2|0839|41AA1E39|1068703B|0737|41AA1E39|1068703B|08A9|3FFBC697|107629AA|0513|418B358D|107ABEEC|0|0|0|0757|4007CF0A|10675739|0|0|0|0|0|0|0|0|0|0512|41BF4C2D|107ABEEC||e73a76bac308863685cb8f59d8b8a774
26|2021-09-26T12:07:57.6390000+01:00|720|Dance Partner|60.00|1068703B|Tomo Uchuu|107ABEEC|Greiyan Fletz|00|106544|106478||839b60bc5093767b1be107667d6b4cbb
37|2021-09-26T12:07:57.6830000+01:00|40011D69|Living Liquid|00008CF7|3567818|12889320|10000|10000|0||100.4196|100.328|0|0.016155||db6b6810e20d33973a5a31a3e5f1e87a
24|2021-09-26T12:07:57.6830000+01:00|1057B8A2|Alex Knightfall|HoT|0|1A16|84587|97285|3698|10000|0|1000|100.0839|95.5061|0|0.03027513||1daca68ea7abf661c7e1eb581af248ef
21|2021-09-26T12:07:57.6830000+01:00|107629AA|Joeson Lmoa|08|Shot|40011D69|Living Liquid|720003|EE80000|0|0|0|0|0|0|0|0|0|0|0|0|0|0|3585920|12889320|10000|10000|0|1000|100.4196|100.328|0|0.016155|103494|106059|10000|10000|0|1000|99.99231|96.63538|0|0.1150024|00008D02|0|a75319b1f233519657c46c7f320c3804
38|2021-09-26T12:07:57.6830000+01:00|1057B8A2|Alex Knightfall|0050501C|91265|97285|3698|10000|0|0|100.0839|95.5061|0|0.03027513|94C8|31|0|0A016D|41F00000|E0000000|1E016C|41F00000|E0000000|28FE0030|44D79597|1057B8A2|0|0|0|0|0|0|0|0|0|0757|3FA35462|10675739|08A9|3FF624CC|107629AA|0|0|0|0|0|0|012B|3FFBE759|1057B8A2|072F|3FA35462|10752D6C||8c56c6d50d52c96e0fc433def63e4fd6
24|2021-09-26T12:07:57.7270000+01:00|107401EC|Raesa Velan|HoT|0|1056|86143|96887|3200|10000|0|1000|100.2059|97.24573|0|-0.7421508||4f2f86f2af9878650dca7e8f68e6bf95
38|2021-09-26T12:07:57.7270000+01:00|107401EC|Raesa Velan|00505019|90325|96887|3200|10000|0|0|100.2059|97.24573|0|-0.7421508|94C8|31|0|0A016D|41F00000|E0000000|0A0168|41F00000|E0000000|29020030|4592A938|107401EC|0|0|0|08A9|3FF08301|107629AA|0|0|0|A4|415CF5BD|107401EC|0|0|0|012B|3FFC081D|1057B8A2|072F|3FBFDFAB|10752D6C|0757|3FF312D9|10675739||854176f939f20167f37f7f4bf83013df
38|2021-09-26T12:07:57.7270000+01:00|1075A2E4|Niru Summers|00505015|116812|153077|10000|10000|0|0|100.4501|102.8306|0|-2.986467|94C8|31|0|0A016D|41F00000|E0000000|0A0168|41F00000|E0000000|5B|0|1075A2E4|28FD0030|45114D4C|1075A2E4|0757|3FBFDFAB|10675739|0761|41E051E6|10675739|072F|3F76C96E|10752D6C|08A9|3FEAE136|107629AA|0|0|0|5A|426717A0|1075A2E4|0|0|0|012B|3FF6458E|1057B8A2|04A7|4146CCC2|1075A2E4||09ce4604ca6904986bfceff031d444ae
30|2021-09-26T12:07:57.7270000+01:00|401|Water Resistance Down II|0.00|40011D69|Living Liquid|1075A2E4|Niru Summers|00|153077|12889320||892b91a7b62b4fa7cb0c692cbc3fa1dc
22|2021-09-26T12:07:57.8620000+01:00|1075A2E4|Niru Summers|29|Overpower|40011D69|Living Liquid|710003|DEE0000|1B|298000|0|0|0|0|0|0|0|0|0|0|0|0|3567818|12889320|10000|10000|0|1000|100.4196|100.328|0|0.016155|116812|153077|10000|10000|0|1000|100.4501|102.8306|0|-3.004216|00008D03|0|76e23820d712510590a7c7ec9d8bbce2
22|2021-09-26T12:07:57.8620000+01:00|1075A2E4|Niru Summers|29|Overpower|40011DEA|Liquid Hand|710003|F410000|1B|298000|0|0|0|0|0|0|0|0|0|0|0|0|3723514|12889320|10000|10000|0|1000|98.28333|100.328|0|0.6130431|116812|153077|10000|10000|0|1000|100.4501|102.8306|0|-3.004216|00008D03|1|19ef8c1cc516cf8028516133bd674a24
22|2021-09-26T12:07:57.8620000+01:00|1075A2E4|Niru Summers|29|Overpower|40011DF7|Jagd Doll|710003|DF90000|1B|298000|0|0|0|0|0|0|0|0|0|0|0|0|40955|167240|10000|10000|0|1000|104.999|94.21131|0|-0.8535324|116812|153077|10000|10000|0|1000|100.4501|102.8306|0|-3.004216|00008D03|2|eba769222d4366d1d6e4df8719b1f9ec
39|2021-09-26T12:07:57.9050000+01:00|40011DFC|Seraph|92601|92601|10000|10000|0|0|100.1449|100.0533|0|3.008826||9b57b3571d60e93382ea712233bf30da
04|2021-09-26T12:07:57.5280000+01:00|40011e01|Embolus|0|50|0|0||9215|11339|14800000|14800000|10000|10000|0|0|99.05745|121.1721|-3.508807E-15|0.5863249||ff4b5d0526dd824f3f266b6d05ef3363
37|2021-09-26T12:07:57.9510000+01:00|40011D69|Living Liquid|00008D00|3564188|12889320|10000|10000|0||100.4196|100.328|0|0.016155||8eb2827fd1ddcd73baff98d2a8db5a2a
21|2021-09-26T12:07:57.9510000+01:00|107ABEEC|Greiyan Fletz|1D37|Shifu|40011D69|Living Liquid|44710003|35C40000|F30F|5138000|11B|1D378000|0|0|0|0|0|0|0|0|0|0|3567818|12889320|10000|10000|0|1000|100.4196|100.328|0|0.016155|103158|106544|10000|10000|0|1000|100.9301|97.43739|-0.002110127|0.1950684|00008D04|0|97affc03e985b7ce0edfa5d5ab66a967
21|2021-09-26T12:07:57.9510000+01:00|107ABEEC|Greiyan Fletz|07|Attack|40011D69|Living Liquid|710303|1F150000|0|0|0|0|0|0|0|0|0|0|0|0|0|0|3567818|12889320|10000|10000|0|1000|100.4196|100.328|0|0.016155|103158|106544|10000|10000|0|1000|100.9301|97.43739|-0.002110127|0.1950684|00008D05|0|5313a2d47e650992a9b24f3c7ab98fe4
20|2021-09-26T12:07:57.9510000+01:00|107401EC|Raesa Velan|DF9|Fire IV|40011DEA|Liquid Hand|2.62|100.2059|97.24573|0|-1.118713||7edcd85a91feea5ba0830c498dde8d78
38|2021-09-26T12:07:57.9510000+01:00|10752D6C|Volkon Vysk|00505025|76529|152511|10000|10000|0|0|100.1756|103.2262|-0.01358192|3.1019|94C8|31|0|14016A|41F00000|E0000000|0A0168|41F00000|E0000000|28FD0030|45112B2C|10752D6C|0757|3FB439C1|10675739|08A9|3FCE352F|107629AA|04A7|4024AC04|10752D6C|0|0|0|072F|3F1B2385|10752D6C|012B|3FD99987|1057B8A2|0|0|0|0|0|0|0|0|0|0|0|0|0|0|0|0|0|0|0729|0|10752D6C||e6de8fc45d8a4f6b904dc86ba935fec7
30|2021-09-26T12:07:57.9510000+01:00|401|Water Resistance Down II|0.00|40011DEA|Liquid Hand|10752D6C|Volkon Vysk|00|152511|12889320||866b9aeeed6d066769424a4aea08d583
22|2021-09-26T12:07:58.0400000+01:00|40011DF7|Jagd Doll|481E|Exhaust|107ABEEC|Greiyan Fletz|750003|300C0000|100000E|2C20000|1B|481E8000|0|0|0|0|0|0|0|0|0|0|103158|106544|10000|10000|0|1000|100.9229|97.4836|-0.001112671|-0.2077141|40955|167240|10000|10000|0|1000|104.2492|94.85843|0|-0.7305126|00008D06|0|4fc4e3aac3d8f5a1f9ab89d598521aea
22|2021-09-26T12:07:58.0400000+01:00|40011DF7|Jagd Doll|481E|Exhaust|10675739|Jasy Heavensong|750003|2C6E0000|100000E|2C20000|1B|481E8000|0|0|0|0|0|0|0|0|0|0|94809|97086|8224|10000|0|1000|100.328|97.00159|0|0.01951051|40955|167240|10000|10000|0|1000|104.2492|94.85843|0|-0.7305126|00008D06|1|00f4638928f1bc89b25beaa6845a3a76
22|2021-09-26T12:07:58.0400000+01:00|40011DF7|Jagd Doll|481E|Exhaust|107401EC|Raesa Velan|750003|2A320000|100000E|2C20000|1B|481E8000|0|0|0|0|0|0|0|0|0|0|90325|96887|3200|10000|0|1000|100.2131|97.01752|-0.001414082|-1.233743|40955|167240|10000|10000|0|1000|104.2492|94.85843|0|-0.7305126|00008D06|2|d5eb366c82149d9f641790cf6a205386
22|2021-09-26T12:07:58.0400000+01:00|40011DF7|Jagd Doll|481E|Exhaust|107629AA|Joeson Lmoa|750003|2EA10000|100000E|2C20000|1B|481E8000|0|0|0|0|0|0|0|0|0|0|103494|106059|10000|10000|0|1000|99.99231|96.63538|0|0.1150024|40955|167240|10000|10000|0|1000|104.2492|94.85843|0|-0.7305126|00008D06|3|dccd7968196f3a9f85e960d9c4d3e81d
22|2021-09-26T12:07:58.0400000+01:00|40011DF7|Jagd Doll|481E|Exhaust|1057B8A2|Alex Knightfall|750003|2D810000|100000E|2C20000|1B|481E8000|0|0|0|0|0|0|0|0|0|0|91265|97285|3698|10000|0|1000|100.0839|95.5061|0|0.01964423|40955|167240|10000|10000|0|1000|104.2492|94.85843|0|-0.7305126|00008D06|4|cc84e936bccbc584f8e7cfc6f35dd41a
22|2021-09-26T12:07:58.0400000+01:00|40011DF7|Jagd Doll|481E|Exhaust|1068703B|Tomo Uchuu|750003|34E80000|100000E|2C20000|1B|481E8000|0|0|0|0|0|0|0|0|0|0|75280|106478|10000|10000|0|1000|99.74093|101.8819|0|-0.3434787|40955|167240|10000|10000|0|1000|104.2492|94.85843|0|-0.7305126|00008D06|5|12e338b2d3c33a8db16c7c15dde038b9
22|2021-09-26T12:07:58.0400000+01:00|40011DF7|Jagd Doll|481E|Exhaust|1075A2E4|Niru Summers|750003|16AA0000|100000E|2C20000|1B|481E8000|0|0|0|0|0|0|0|0|0|0|116812|153077|10000|10000|0|1000|100.4501|102.8306|0|-3.124431|40955|167240|10000|10000|0|1000|104.2492|94.85843|0|-0.7305126|00008D06|6|e447d25053958163b3dd1d7ab3f493f7
22|2021-09-26T12:07:58.0400000+01:00|40011DF7|Jagd Doll|481E|Exhaust|10752D6C|Volkon Vysk|750003|18310000|100000E|2C20000|1B|481E8000|0|0|0|0|0|0|0|0|0|0|76529|152511|10000|10000|0|1000|100.1754|103.2273|0|3.1019|40955|167240|10000|10000|0|1000|104.2492|94.85843|0|-0.7305126|00008D06|7|aa2ae97525be44b7f7ff7d7db83e5886
37|2021-09-26T12:07:58.1740000+01:00|10752D6C|Volkon Vysk|00008CFC|89264|152511|10000|10000|10||100.1754|103.2273|0|3.1019|2500|0|0|01|09001BA9|0|41F00000|1057B8A2||1b216663d685fd53a025d79372b4e81c
26|2021-09-26T12:07:58.1740000+01:00|129|Galvanize|30.00|1057B8A2|Alex Knightfall|10752D6C|Volkon Vysk|00|152511|97285||69c516957b541ee0078971a15642fee0
37|2021-09-26T12:07:58.1740000+01:00|1075A2E4|Niru Summers|00008D01|106321|153077|10000|10000|0||100.4501|102.8306|0|-3.109801|1500|0|0|01|05001A80|0|0|E0000000||a50cd459434c8698c2bd7deebdfa4c1f
21|2021-09-26T12:07:58.1740000+01:00|1057B8A2|Alex Knightfall|45CE|Ruin II|40011D69|Living Liquid|750003|328E0000|1B|45CE8000|0|0|0|0|0|0|0|0|0|0|0|0|3564188|12889320|10000|10000|0|1000|100.4196|100.328|0|0.016155|91265|97285|3698|10000|0|1000|100.0839|95.5061|0|0.01616612|00008D07|0|44dd915809c1c2a0e74f6cb013ccf86d
21|2021-09-26T12:07:58.1740000+01:00|107629AA|Joeson Lmoa|74|Army's Paeon|40011D69|Living Liquid|750203|11750000|0|0|0|0|0|0|0|0|0|0|0|0|0|0|3564188|12889320|10000|10000|0|1000|100.4196|100.328|0|0.016155|103494|106059|10000|10000|0|1000|99.99231|96.63538|0|0.1150024|00008D08|0|01ed32d783eba519e8965888c3994282
38|2021-09-26T12:07:58.1740000+01:00|107ABEEC|Greiyan Fletz|00505022|103158|106544|10000|10000|0|0|100.966|97.58358|0|-0.207618|948D|31|0|0720|42700000|1068703B|14016A|41F00000|E0000000|0A0168|41F00000|E0000000|28FE0030|450FDE2B|107ABEEC|072F|3F6B02DA|10752D6C|0102C2|409A45A1|40011DF7|012B|3FC2D0D2|1057B8A2|0839|41A5D689|1068703B|0737|41A5D689|1068703B|08AA|40A00000|107629AA|0513|4186EDDD|107ABEEC|0|0|0|0757|3FCB2335|10675739|0|0|0|0|0|0|0|0|0|0512|41BB047D|107ABEEC||fcebc109f58b9c9e9709d96f1c8c53c3
26|2021-09-26T12:07:58.1740000+01:00|2c2|Luminous Aetheroplasm|4.82|40011DF7|Jagd Doll|107ABEEC|Greiyan Fletz|01|106544|167240||0828b71fafe4a95e2eb980989fd542e8
30|2021-09-26T12:07:58.1740000+01:00|8a9|Mage's Ballad|0.00|107629AA|Joeson Lmoa|107ABEEC|Greiyan Fletz|00|106544|106059||fad52cabd1dc8fed8610d281f66e65ea
26|2021-09-26T12:07:58.1740000+01:00|8aa|Army's Paeon|5.00|107629AA|Joeson Lmoa|107ABEEC|Greiyan Fletz|00|106544|106059||a97fe0fec8b18e47624d180172494ee8
38|2021-09-26T12:07:58.1740000+01:00|107401EC|Raesa Velan|00505019|90325|96887|3200|10000|0|0|100.2195|96.81339|-0.0007759472|-1.021206|948D|31|0|0A016D|41F00000|E0000000|0A0168|41F00000|E0000000|29020030|4592A5A6|107401EC|0102C2|409A45A1|40011DF7|08AA|40A00000|107629AA|0|0|0|A4|4155CED5|107401EC|0|0|0|012B|3FC2D0D2|1057B8A2|072F|3F86A860|10752D6C|0757|3FB9DB8E|10675739||67386a0492fbd9c22514f63d199c9ed0
26|2021-09-26T12:07:58.1740000+01:00|2c2|Luminous Aetheroplasm|4.82|40011DF7|Jagd Doll|107401EC|Raesa Velan|01|96887|167240||901d9d173a04443e0fd3ec5400bfde8b
30|2021-09-26T12:07:58.1740000+01:00|8a9|Mage's Ballad|0.00|107629AA|Joeson Lmoa|107401EC|Raesa Velan|00|96887|106059||5409a89c0dd6bfdbe053fcf5d665420c
26|2021-09-26T12:07:58.1740000+01:00|8aa|Army's Paeon|5.00|107629AA|Joeson Lmoa|107401EC|Raesa Velan|00|96887|106059||97589a523d71689c36acc8dc1a514632
38|2021-09-26T12:07:58.1740000+01:00|40011DFC|Seraph|00505000|92601|92601|10000|10000|0|0|100.1449|100.0533|0|-3.130567|948D|31|0|28FE0030|44D785E1|1057B8A2|08AA|40A00000|107629AA||c6e45eab7c07a05cbecc7809cf1e8167
30|2021-09-26T12:07:58.1740000+01:00|8a9|Mage's Ballad|0.00|107629AA|Joeson Lmoa|40011DFC|Seraph|00|92601|106059||501551764bca2a1b170a8f55035d084d
26|2021-09-26T12:07:58.1740000+01:00|8aa|Army's Paeon|5.00|107629AA|Joeson Lmoa|40011DFC|Seraph|00|92601|106059||ac4b006c829b52b22d8fc061306eebba
38|2021-09-26T12:07:58.1740000+01:00|1057B8A2|Alex Knightfall|0050501C|91265|97285|3298|10000|0|0|100.0839|95.5061|0|0.01616612|948D|31|0|0A016D|41F00000|E0000000|1E016C|41F00000|E0000000|28FE0030|44D785E1|1057B8A2|0102C2|409A45A1|40011DF7|0|0|0|0|0|0|0757|3F48F698|10675739|08AA|40A00000|107629AA|0|0|0|0|0|0|012B|3FBD0E43|1057B8A2|072F|3F48F698|10752D6C||5ddd680b8895e341ab75c5a4a7dd2a26
26|2021-09-26T12:07:58.1740000+01:00|2c2|Luminous Aetheroplasm|4.82|40011DF7|Jagd Doll|1057B8A2|Alex Knightfall|01|97285|167240||1da107cd144ce36063ea6e2c3cdf5bb7
30|2021-09-26T12:07:58.1740000+01:00|8a9|Mage's Ballad|0.00|107629AA|Joeson Lmoa|1057B8A2|Alex Knightfall|00|97285|106059||a1c223e974da567b7d201b9f149f09d7
26|2021-09-26T12:07:58.1740000+01:00|8aa|Army's Paeon|5.00|107629AA|Joeson Lmoa|1057B8A2|Alex Knightfall|00|97285|106059||e448720b1f3b52cd9e352794fdd39f26
38|2021-09-26T12:07:58.1740000+01:00|107629AA|Joeson Lmoa|00505017|103494|106059|10000|10000|0|0|99.99231|96.63538|0|0.1150024|948D|31|0|0A016D|41F00000|E0000000|0A0168|41F00000|E0000000|28FE0030|450FDB4B|107629AA|012B|3FBD0E43|1057B8A2|0102C2|409A45A1|40011DF7|0|0|0|0757|3F6B02DA|10675739|072F|3F97AE7D|10752D6C||923d576d50b01c3ac28929b0c54d5ea6
26|2021-09-26T12:07:58.1740000+01:00|2c2|Luminous Aetheroplasm|4.82|40011DF7|Jagd Doll|107629AA|Joeson Lmoa|01|106059|167240||621b349559b0d8edafa6285dd32395f5
38|2021-09-26T12:07:58.1740000+01:00|10675739|Jasy Heavensong|00505021|94809|97086|8224|10000|0|0|100.328|97.00159|0|0.01951051|948D|31|0|0A0168|41F00000|E0000000|0F016B|41F00000|E0000000|0102C2|409A45A1|40011DF7|28FE0030|450FD7BB|10675739|0|0|0|08AA|40A00000|107629AA|012B|3FBD0E43|1057B8A2|0347|0|10675739|0757|3F26672A|10675739|072F|3F26672A|10752D6C|04B4|41102D03|10675739|0|0|0|0|0|0|0764|4126B42E|10675739||b3d4cae949d25b48e3d6ca7f84d61d06
26|2021-09-26T12:07:58.1740000+01:00|2c2|Luminous Aetheroplasm|4.82|40011DF7|Jagd Doll|10675739|Jasy Heavensong|01|97086|167240||f20fa7e91f861ad784213995bf4faca1
30|2021-09-26T12:07:58.1740000+01:00|8a9|Mage's Ballad|0.00|107629AA|Joeson Lmoa|10675739|Jasy Heavensong|00|97086|106059||00fdba9cc40f28d44fc5d6d18bf3e605
26|2021-09-26T12:07:58.1740000+01:00|8aa|Army's Paeon|5.00|107629AA|Joeson Lmoa|10675739|Jasy Heavensong|00|97086|106059||4ea1fad91b9e3851a0a4e7a554797d03
38|2021-09-26T12:07:58.1740000+01:00|1068703B|Tomo Uchuu|00505026|75280|106478|10000|10000|0|0|99.67326|102.0731|0|-0.3518562|948D|31|0|14016A|41F00000|E0000000|0A0168|41F00000|E0000000|071F|42700000|1068703B|28FE0030|451083F8|1068703B|0102C2|409A45A1|40011DF7|08AA|40A00000|107629AA|0757|3FA8D569|10675739|071D|41A5D689|1068703B|0737|41A5D689|1068703B|0|0|0|0|0|0|072F|3FA8D569|10752D6C||9a59a46185d84c3ce9f8a33492572f3a
26|2021-09-26T12:07:58.1740000+01:00|2c2|Luminous Aetheroplasm|4.82|40011DF7|Jagd Doll|1068703B|Tomo Uchuu|01|106478|167240||e024e28b522ae7e7c3b67c1d999c1faf
30|2021-09-26T12:07:58.1740000+01:00|8a9|Mage's Ballad|0.00|107629AA|Joeson Lmoa|1068703B|Tomo Uchuu|00|106478|106059||640eedef604e224cc39aed091175d92a
26|2021-09-26T12:07:58.1740000+01:00|8aa|Army's Paeon|5.00|107629AA|Joeson Lmoa|1068703B|Tomo Uchuu|00|106478|106059||95a0b6da92a81e4d2fcbdd90eb2beec4
38|2021-09-26T12:07:58.1740000+01:00|1075A2E4|Niru Summers|00505015|106321|153077|10000|10000|0|0|100.4501|102.8306|0|-3.109801|948D|31|0|0A016D|41F00000|E0000000|0A0168|41F00000|E0000000|5B|0|1075A2E4|28FD0030|45114628|1075A2E4|0757|3F86A860|10675739|0|0|0|072F|3F045AD6|10752D6C|08AA|40A00000|107629AA|0102C2|409A45A1|40011DF7|5A|42654DE9|1075A2E4|0|0|0|012B|3FBD0E43|1057B8A2|04A7|413FA5DA|1075A2E4||eb383d57742efbf419e642ec37dedc7d
30|2021-09-26T12:07:58.1740000+01:00|761|Nocturnal Intersection|0.00|10675739|Jasy Heavensong|1075A2E4|Niru Summers|00|153077|97086||1bc553006ab6ea4960fff223dd25c01d
30|2021-09-26T12:07:58.1740000+01:00|8a9|Mage's Ballad|0.00|107629AA|Joeson Lmoa|1075A2E4|Niru Summers|00|153077|106059||6230befe781c3fba094b32b271739a31
26|2021-09-26T12:07:58.1740000+01:00|8aa|Army's Paeon|5.00|107629AA|Joeson Lmoa|1075A2E4|Niru Summers|00|153077|106059||6bc15a8fda227543357db7827ee6753d
26|2021-09-26T12:07:58.1740000+01:00|2c2|Luminous Aetheroplasm|4.82|40011DF7|Jagd Doll|1075A2E4|Niru Summers|01|153077|167240||79cc1f48d664bad84f838272f84a896a
38|2021-09-26T12:07:58.1740000+01:00|10752D6C|Volkon Vysk|00505025|89264|152511|10000|10000|10|0|100.1754|103.2273|0|3.1019|948D|31|0|14016A|41F00000|E0000000|0A0168|41F00000|E0000000|28FD0030|4511279C|10752D6C|0757|3F97AE7D|10675739|08AA|40A00000|107629AA|04A7|40166663|10752D6C|0102C2|409A45A1|40011DF7|072F|3EC419FC|10752D6C|012B|3FBD0E43|1057B8A2|0129|41EFA5E3|1057B8A2|0|0|0|0|0|0|0|0|0|0|0|0|0|0|0|0729|0|10752D6C||131e006c98026f4b441ec7dd8d767e50
30|2021-09-26T12:07:58.1740000+01:00|8a9|Mage's Ballad|0.00|107629AA|Joeson Lmoa|10752D6C|Volkon Vysk|00|152511|106059||64b09bacbe4d5ea1134a517707ba8b8a
26|2021-09-26T12:07:58.1740000+01:00|8aa|Army's Paeon|5.00|107629AA|Joeson Lmoa|10752D6C|Volkon Vysk|00|152511|106059||f997d04e0f63ed558375b6b299df640d
26|2021-09-26T12:07:58.1740000+01:00|2c2|Luminous Aetheroplasm|4.82|40011DF7|Jagd Doll|10752D6C|Volkon Vysk|01|152511|167240||aa7259a1fd36096f15666c0a5be7fdcc
37|2021-09-26T12:07:58.3960000+01:00|1057B8A2|Alex Knightfall|00008CFE|96621|97285|3298|10000|5||100.0839|95.5061|0|0.06351733|1C00|0|0|01|040021FD|0|41F00000|40011DFC||41717a01fb6e7fa9083f4735638a502a
26|2021-09-26T12:07:58.3960000+01:00|77d|Seraphic Veil|30.00|40011DFC|Seraph|1057B8A2|Alex Knightfall|00|97285|92601||40b91c0c5beaf2cd160287e322e8c985
38|2021-09-26T12:07:58.3960000+01:00|1057B8A2|Alex Knightfall|0050501C|96621|97285|3298|10000|5|0|100.0839|95.5061|0|0.06351733|994C|31|0|0A016D|41F00000|E0000000|1E016C|41F00000|E0000000|28FE0030|44D77EC7|1057B8A2|0102C2|40932B00|40011DF7|077D|41EFA5E3|40011DFC|0|0|0|0757|3F102198|10675739|08AA|4098E55F|107629AA|0|0|0|0|0|0|012B|3FA0A3C4|1057B8A2|072F|3F102198|10752D6C||2612ffad4d42ff08e5d60092252c7379
37|2021-09-26T12:07:58.4410000+01:00|40011D69|Living Liquid|00008D02|3560372|12889320|10000|10000|0||100.4196|100.328|0|0.016155||b2a6bfb3c74d48cf9ca4fdd7d9932824
37|2021-09-26T12:07:58.4410000+01:00|10675739|Jasy Heavensong|00008CFF|97086|97086|8224|10000|12||100.267|96.71274|-0.01531982|-1.784757|2100|0|0|02|04002201|0|41F00000|10675739|0B000344|0|41700000|10675739||6e241a96a29cc2888c568073abe9a8a8
26|2021-09-26T12:07:58.4410000+01:00|781|Nocturnal Balance|30.00|10675739|Jasy Heavensong|10675739|Jasy Heavensong|00|97086|97086||89771d52ac06d7aadc824e2de3328413
26|2021-09-26T12:07:58.4410000+01:00|344|Aspected Helios|15.00|10675739|Jasy Heavensong|10675739|Jasy Heavensong|00|97086|97086||4977353ca947227b6036a881af57ab6d
21|2021-09-26T12:07:58.4410000+01:00|1068703B|Tomo Uchuu|07|Attack|40011DEA|Liquid Hand|720203|15A10000|0|0|0|0|0|0|0|0|0|0|0|0|0|0|3723514|12889320|10000|10000|0|1000|98.28333|100.328|0|0.5768335|75280|106478|10000|10000|0|1000|99.89175|101.5809|0|-0.7099977|00008D09|0|fd12fd14450ada30fd46277dca876f5e
38|2021-09-26T12:07:58.4410000+01:00|10675739|Jasy Heavensong|00505021|97086|97086|8224|10000|12|0|100.267|96.71274|-0.01531982|-1.784757|994C|31|0|0A0168|41F00000|E0000000|0F016B|41F00000|E0000000|0102C2|4091BA5C|40011DF7|28FE0030|450FD377|10675739|0781|41EFA3D7|10675739|08AA|409774BB|107629AA|012B|3F9AE135|1057B8A2|0347|0|10675739|0757|3EC41A18|10675739|072F|3EC41A18|10752D6C|04B4|410BE762|10675739|0344|416F47AE|10675739|0|0|0|0764|41226E8D|10675739||7445106faec0845b6fb09cfb439984cb
37|2021-09-26T12:07:58.4840000+01:00|40011D69|Living Liquid|00008D05|3552415|12889320|10000|10000|0||100.4196|100.328|0|0.016155||2f2e8604611ebac48ee6c46315a0966c
37|2021-09-26T12:07:58.4840000+01:00|40011DEA|Liquid Hand|00008CFD|3666550|12889320|10000|10000|0||98.28333|100.328|0|0.5768335||c750d7563999203217cf53c0991b86d4
37|2021-09-26T12:07:58.4840000+01:00|40011D69|Living Liquid|00008D03|3548849|12889320|10000|10000|0||100.4196|100.328|0|0.016155||3f9a803ad897b04b5d007fed91c85f2b
22|2021-09-26T12:07:58.5290000+01:00|10752D6C|Volkon Vysk|3F15|Demon Slaughter|40011D69|Living Liquid|3C710103|28B30000|13D|ED8000|11B|3F158000|0|0|0|0|0|0|0|0|0|0|3548849|12889320|10000|10000|0|1000|100.4196|100.328|0|0.016155|89264|152511|10000|10000|0|1000|100.1754|103.2273|0|3.1019|00008D0A|0|193a4c2ad718c538893611f31d441f24
22|2021-09-26T12:07:58.5290000+01:00|10752D6C|Volkon Vysk|3F15|Demon Slaughter|40011DEA|Liquid Hand|3C710003|17C90000|0|0|0|0|0|0|0|0|0|0|0|0|0|0|3666550|12889320|10000|10000|0|1000|98.28333|100.328|0|0.5768335|89264|152511|10000|10000|0|1000|100.1754|103.2273|0|3.1019|00008D0A|1|e02ebdc2a08a625c2752778e35ad7935
37|2021-09-26T12:07:58.5750000+01:00|107401EC|Raesa Velan|00008CFF|96887|96887|3200|10000|12||100.2365|96.26917|0|-0.4545927|1901|0|0|02|05002201|0|41F00000|10675739|07000344|0|41700000|10675739||401f0a6cfa601c9dfa3f50a47b977ec4
26|2021-09-26T12:07:58.5750000+01:00|781|Nocturnal Balance|30.00|10675739|Jasy Heavensong|107401EC|Raesa Velan|00|96887|97086||ddaf8f77e5489bd67d20f3d2d8166529
26|2021-09-26T12:07:58.5750000+01:00|344|Aspected Helios|15.00|10675739|Jasy Heavensong|107401EC|Raesa Velan|00|96887|97086||c1236f5f1aaf6d70dacc6fe7a484df62
38|2021-09-26T12:07:58.5750000+01:00|107401EC|Raesa Velan|00505019|96887|96887|3200|10000|12|0|100.2365|96.26917|0|-0.4545927|9504|31|0|0A016D|41F00000|E0000000|0A0168|41F00000|E0000000|29020030|4592A272|107401EC|0102C2|408D70A1|40011DF7|08AA|40932B00|107629AA|0781|41EFA3D7|10675739|A4|414F6457|107401EC|0344|416F47AE|10675739|012B|3F8F7CDB|1057B8A2|072F|3F26A8CE|10752D6C|0757|3F868797|10675739||0201d970f12d840b1b1c37c46f861306
38|2021-09-26T12:07:58.5750000+01:00|10752D6C|Volkon Vysk|00505025|89264|152511|10000|10000|10|0|100.1754|103.2273|0|3.1019|9504|31|0|14016A|41F00000|E0000000|0A0168|41F00000|E0000000|28FD0030|45112134|10752D6C|0757|3F48B50A|10675739|08AA|40932B00|107629AA|04A7|3FF978D0|10752D6C|0102C2|408D70A1|40011DF7|0|0|0|012B|3F89BA4C|1057B8A2|0129|41EC70A2|1057B8A2|0|0|0|0|0|0|0|0|0|0|0|0|0|0|0|0729|0|10752D6C||f4916c3eaa158284e5861521dad1052f
30|2021-09-26T12:07:58.5750000+01:00|72f|Heart Of Light|0.00|10752D6C|Volkon Vysk|10752D6C|Volkon Vysk|00|152511|152511||b0ac358f1e062e08c6e042e656251cd8
37|2021-09-26T12:07:58.6180000+01:00|40011D69|Living Liquid|00008CFA|3541602|12889320|10000|10000|0||100.4196|100.328|0|0.016155||2152e1e9deb948ce2889ba23446403b7
37|2021-09-26T12:07:58.6180000+01:00|40011DEA|Liquid Hand|00008D03|3662645|12889320|10000|10000|0||98.28333|100.328|0|0.5768335|01|0|0|0||f3c64152c04ccec535e4f237d3b57d98
21|2021-09-26T12:07:58.6200000+01:00|1068703B|Tomo Uchuu|3E76|Fountain|40011DEA|Liquid Hand|42720103|548B0000|F|7178000|11B|3E768000|0|0|0|0|0|0|0|0|0|0|3666550|12889320|10000|10000|0|1000|98.28333|100.328|0|0.5768335|75280|106478|10000|10000|0|1000|99.97896|101.3265|0|-1.206369|00008D0B|0|a42125c1267a6198cefc977266296edb
38|2021-09-26T12:07:58.6200000+01:00|1068703B|Tomo Uchuu|00505026|75280|106478|10000|10000|0|0|99.97896|101.3265|0|-1.206369|9504|31|0|14016A|41F00000|E0000000|0A0168|41F00000|E0000000|071F|42700000|1068703B|28FE0030|45107CD8|1068703B|0102C2|408BFFFD|40011DF7|08AA|4091BA5C|107629AA|0757|3F5F7DC3|10675739|071D|41A2451F|1068703B|0737|41A2451F|1068703B|0717|C1A00000|1068703B|0|0|0|072F|3F5F7DC3|10752D6C||5c2101e8f43587558e48e75bec83b975
26|2021-09-26T12:07:58.6200000+01:00|717|Flourishing Fountain|20.00|1068703B|Tomo Uchuu|1068703B|Tomo Uchuu|00|106478|106478||a407d4cb6175edb8db0e446d798b93b6
37|2021-09-26T12:07:58.6650000+01:00|107ABEEC|Greiyan Fletz|00008D06|90858|106544|10000|10000|0||102.6533|98.37201|0|1.000816|2200|0|0|01|05001D42|01|40A00000|40011DF7||4b98277478a1f030ffc644c5ad040ba2
38|2021-09-26T12:07:58.6650000+01:00|40011DFC|Seraph|00505000|0|92601|0|10000|0|0|100.1449|100.0533|0|2.993287|9504|31|0|28FE0030|44D7762A|1057B8A2||bb3dad41a8d0a8d997d495cce9bd7a9d
30|2021-09-26T12:07:58.6650000+01:00|8aa|Army's Paeon|0.00|107629AA|Joeson Lmoa|40011DFC|Seraph|00|92601|106059||c7a249c2ffe188a564aea730fe60510a
03|2021-09-26T12:07:58.3450000+01:00|40011e12|Eos|0|50|1057b8a2|0||1398|1008|92601|92601|10000|10000|0|0|100.1636|100.06|0|1.653033||27aba51423c4b49f10044f839aec0f5a
38|2021-09-26T12:07:58.7100000+01:00|40011E12|Eos|00505000|92601|92601|10000|10000|0|0|100.1636|100.06|0|1.653033|3A37|35|0|28FE0030|44D7762A|1057B8A2|08AA|409049B8|107629AA||11e2f7bde69cedc3ffa7e1384449b454
26|2021-09-26T12:07:58.7100000+01:00|30|Well Fed|1723.69|1057B8A2|Alex Knightfall|40011E12|Eos|28FE|92601|97285||ece6111a7535cb5b23e8b122f254a897
26|2021-09-26T12:07:58.7100000+01:00|8aa|Army's Paeon|4.51|107629AA|Joeson Lmoa|40011E12|Eos|00|92601|106059||6b27600caa9b08607097c0ea65765d48
37|2021-09-26T12:07:58.7100000+01:00|10675739|Jasy Heavensong|00008D06|85712|97086|8224|10000|12||100.267|96.40731|-0.01531982|-2.388284|2101|0|0|01|02001D42|01|40A00000|40011DF7||d922c456688cdc301ae98fe3558454df
37|2021-09-26T12:07:58.7100000+01:00|107629AA|Joeson Lmoa|00008CFF|106059|106059|10000|10000|11||99.99231|96.64001|-0.01531982|0.1060051|1702|0|0|02|05002201|0|41F00000|10675739|08000344|0|41700000|10675739||42be08e2cd853bb8d67d4aa6f138b636
26|2021-09-26T12:07:58.7100000+01:00|781|Nocturnal Balance|30.00|10675739|Jasy Heavensong|107629AA|Joeson Lmoa|00|106059|97086||24fcd8298251b587e209540c97a01ad6
26|2021-09-26T12:07:58.7100000+01:00|344|Aspected Helios|15.00|10675739|Jasy Heavensong|107629AA|Joeson Lmoa|00|106059|97086||6d5db326efc4007a8f284775d2327c52
35|2021-09-26T12:07:58.7100000+01:00|40011DF7|Jagd Doll|40011D69|Living Liquid|0000|0000|0029|40011D69|000F|7FC8||6753b741086be7d951cee170ea33597b
34|2021-09-26T12:07:58.7100000+01:00|40011DF7|Jagd Doll|40011DF7|Jagd Doll|00|f4c4f7a6adeaea0c535efa8a00b21649
21|2021-09-26T12:07:58.7100000+01:00|10675739|Jasy Heavensong|E0B|Aspected Benefic|10752D6C|Volkon Vysk|4|267F0000|3D0E|7810000|CACA0E|3430000|1B|E0B8000|0|0|0|0|0|0|0|0|89264|152511|10000|10000|0|1000|100.1754|103.2273|0|3.1019|85712|97086|7824|10000|0|1000|100.267|96.40731|-0.01531982|-2.388284|00008D0C|0|2960bac60fc6759acb699015dc43c68d
38|2021-09-26T12:07:58.7100000+01:00|40011E12|Eos|00505000|92601|92601|10000|10000|0|0|100.1636|100.06|0|1.653033|0|0|0|28FE0030|44D774B9|1057B8A2|08AA|408ED914|107629AA||a26a3a5175aeb28824f3d58cec1b75cd
38|2021-09-26T12:07:58.7100000+01:00|107629AA|Joeson Lmoa|00505017|106059|106059|10000|10000|11|0|99.99231|96.64001|-0.01531982|0.1060051|0|0|0|0A016D|41F00000|E0000000|0A0168|41F00000|E0000000|28FE0030|450FD2BB|107629AA|012B|3F70E53C|1057B8A2|0102C2|40891EB5|40011DF7|0781|41EFA3D7|10675739|0757|3EC39716|10675739|072F|3F2625AD|10752D6C|0344|416F47AE|10675739||c843cf874dab079f618d0566c87bd9c5
38|2021-09-26T12:07:58.7100000+01:00|1075A2E4|Niru Summers|00505015|106321|153077|10000|10000|0|0|100.4501|102.8306|0|-3.034364|0|0|0|0A016D|41F00000|E0000000|0A0168|41F00000|E0000000|5B|0|1075A2E4|28FD0030|45113D98|1075A2E4|0757|3F041971|10675739|0|0|0|0|0|0|08AA|408ED914|107629AA|0102C2|40891EB5|40011DF7|5A|42632911|1075A2E4|0|0|0|012B|3F70E53C|1057B8A2|04A7|41371266|1075A2E4||057c5371f96a77a4da5225d553420a9f
30|2021-09-26T12:07:58.7100000+01:00|72f|Heart Of Light|0.00|10752D6C|Volkon Vysk|1075A2E4|Niru Summers|00|153077|152511||e026119ca23ca439700bbe97726a9699
31|2021-09-26T12:07:58.7100000+01:00|1068703B|3C0226|00|E0000000|00|79c072db4f06fa169a67f4e768da3187
37|2021-09-26T12:07:58.7540000+01:00|40011D69|Living Liquid|00008D04|3527838|12889320|10000|10000|0||100.4196|100.328|0|0.016155||b794451a0431b8f5af29cfd514a4cb5e
37|2021-09-26T12:07:58.7540000+01:00|107ABEEC|Greiyan Fletz|00008D04|90858|106544|10000|10000|0||103.2908|98.65773|-0.01531982|0.9614919|2200|0|0|01|0A001F93|0|42200000|107ABEEC||4f03f9a16b8eefd09f254bed10a1653a
26|2021-09-26T12:07:58.7540000+01:00|513|Shifu|40.00|107ABEEC|Greiyan Fletz|107ABEEC|Greiyan Fletz|00|106544|106544||e06e3e008a6c60e1159976789e5311ca
37|2021-09-26T12:07:58.7540000+01:00|107401EC|Raesa Velan|00008D06|86085|96887|3200|10000|12||100.2365|96.26917|0|-0.4545927|1902|0|0|01|03001D42|01|40A00000|40011DF7||025c31ae2c8a281e6d542bfd36814828
37|2021-09-26T12:07:58.7540000+01:00|40011DEA|Liquid Hand|00008CFA|3651195|12889320|10000|10000|0||98.28333|100.328|0|0.5768335|01|0|0|0||7b7e5e5bdb636af56b755e0cef683dc5
38|2021-09-26T12:07:58.7540000+01:00|107ABEEC|Greiyan Fletz|00505022|90858|106544|10000|10000|0|0|103.2908|98.65773|-0.01531982|0.9614919|0|0|0|0720|42700000|1068703B|14016A|41F00000|E0000000|0A0168|41F00000|E0000000|28FE0030|450FD4E7|107ABEEC|072F|3EAD0FEB|10752D6C|0102C2|409BB645|40011DF7|012B|3F7126C6|1057B8A2|0839|41A132B0|1068703B|0737|41A132B0|1068703B|08AA|408D70A1|107629AA|0513|421FD2F2|107ABEEC|0|0|0|0757|3F80E5C6|10675739|0|0|0|0|0|0|0|0|0|0512|41B660A4|107ABEEC||5d8d75201be7f47afdf25c6f9f534cc2
37|2021-09-26T12:07:58.7980000+01:00|107629AA|Joeson Lmoa|00008D06|94122|106059|10000|10000|11||99.99231|96.64001|-0.01531982|0.1060051|1703|0|0|01|04001D42|01|40A00000|40011DF7||fde5b37ce235e086e27c76e691300e73
37|2021-09-26T12:07:58.7980000+01:00|40011D69|Living Liquid|00008D08|3523369|12889320|10000|10000|0||100.4196|100.328|0|0.016155||4e450efc67201e8aa9fcfca2bfaf2926
37|2021-09-26T12:07:58.8420000+01:00|1057B8A2|Alex Knightfall|00008D06|84972|97285|3298|10000|5||100.0839|95.5061|0|0.06351733|1C04|0|0|01|03001D42|01|40A00000|40011DF7||e3b614e5a96009a7ac7c21de1fedff3b
37|2021-09-26T12:07:58.8420000+01:00|107ABEEC|Greiyan Fletz|00008CFF|100670|106544|10000|10000|11||103.4719|98.78164|-0.0006390481|0.8030015|2203|0|0|02|0B002201|0|41F00000|10675739|0D000344|0|41700000|10675739||25a9b114f8d385f3632380707dcce9c5
26|2021-09-26T12:07:58.8420000+01:00|781|Nocturnal Balance|30.00|10675739|Jasy Heavensong|107ABEEC|Greiyan Fletz|00|106544|97086||d74013a67b69d23ff6fb2a6bd5128a47
26|2021-09-26T12:07:58.8420000+01:00|344|Aspected Helios|15.00|10675739|Jasy Heavensong|107ABEEC|Greiyan Fletz|00|106544|97086||8675641df26cf86e2a75e10c6433dcbe
38|2021-09-26T12:07:58.8430000+01:00|107ABEEC|Greiyan Fletz|00505022|100670|106544|10000|10000|11|0|103.4719|98.78164|-0.0006390481|0.8030015|0|0|0|0720|42700000|1068703B|14016A|41F00000|E0000000|0A0168|41F00000|E0000000|28FE0030|450FD37B|107ABEEC|072F|3E7EFD06|10752D6C|0102C2|4098DD2E|40011DF7|012B|3F5A5E12|1057B8A2|0839|41A07C6A|1068703B|0737|41A07C6A|1068703B|08AA|408A978A|107629AA|0513|421F77D0|107ABEEC|0781|41EFA5E3|10675739|0757|3F6B02D8|10675739|0344|416F4BC7|10675739|0|0|0|0|0|0|0512|41B5AA5E|107ABEEC||b9f13e6bb5ec5fd5e4865a56a0e29ee8
38|2021-09-26T12:07:58.8430000+01:00|10675739|Jasy Heavensong|00505021|85712|97086|7824|10000|12|0|100.267|96.36452|-0.0008085323|-1.787222|0|0|0|0A0168|41F00000|E0000000|0F016B|41F00000|E0000000|0102C2|409A4DD2|40011DF7|28FE0030|450FCD0B|10675739|0781|41EC6C8A|10675739|08AA|408A978A|107629AA|012B|3F4ED8F2|1057B8A2|0347|0|10675739|0|0|0|0|0|0|04B4|410578CB|10675739|0344|4168D917|10675739|0|0|0|0764|411BFFF6|10675739||e1df12a950c555f05071a3aa32017cb2
30|2021-09-26T12:07:58.8430000+01:00|757|Diurnal Opposition|0.00|10675739|Jasy Heavensong|10675739|Jasy Heavensong|00|97086|97086||206b0bfd6dce62b7c1c947853272853e
30|2021-09-26T12:07:58.8430000+01:00|72f|Heart Of Light|0.00|10752D6C|Volkon Vysk|10675739|Jasy Heavensong|00|97086|152511||7ef0322cecda524e133c3ed0eb8e6667
37|2021-09-26T12:07:58.8860000+01:00|1068703B|Tomo Uchuu|00008D06|61736|106478|10000|10000|0||100.1319|100.0933|0|-1.53519|2605|0|0|02|04001D42|01|40A00000|40011DF7|09000717|0|C1A00000|1068703B||35bc6daf9d550fc4252f683bf2001e65
37|2021-09-26T12:07:58.9310000+01:00|1075A2E4|Niru Summers|00008D06|100519|153077|10000|10000|0||100.4501|102.8306|0|-3.043696|1506|0|0|01|08001D42|01|40A00000|40011DF7||6fbccbbd2faf0cce56eb1819a2254d7a
39|2021-09-26T12:07:58.9310000+01:00|10675739|Jasy Heavensong|86682|97086|8088|10000|0|0|100.267|96.36452|-0.0008085323|-1.787222||5544ab509a298ca6be29bd43d85deab9
39|2021-09-26T12:07:58.9310000+01:00|1075A2E4|Niru Summers|102049|153077|10000|10000|0|0|100.4501|102.8306|0|-3.043696||719fa24618c7d23e932e3e76e90a9b78
39|2021-09-26T12:07:58.9310000+01:00|10752D6C|Volkon Vysk|90789|152511|10000|10000|0|0|100.1754|103.2273|0|3.1019||a4de7f2a72cbe2fae993a213debd197e
37|2021-09-26T12:07:58.9770000+01:00|10752D6C|Volkon Vysk|00008D06|84596|152511|10000|10000|10||100.1754|103.2273|0|3.1019|2507|0|0|01|06001D42|01|40A00000|40011DF7||a9b844f45f5a15d11c823f538c8eaef9
37|2021-09-26T12:07:58.9770000+01:00|1068703B|Tomo Uchuu|00008CFF|71589|106478|10000|10000|11||100.1027|99.49137|0|-1.476547|2604|0|0|03|09002197|0|C1A00000|1068703B|0A000781|0|41F00000|10675739|0C001F04|0|41700000|10675739||22ee97ce9c01cd564a5cc581f1efdd87
26|2021-09-26T12:07:58.9770000+01:00|781|Nocturnal Balance|30.00|10675739|Jasy Heavensong|1068703B|Tomo Uchuu|00|106478|97086||210d71a44f7a1061525d84d609afe9e3
26|2021-09-26T12:07:58.9770000+01:00|344|Aspected Helios|15.00|10675739|Jasy Heavensong|1068703B|Tomo Uchuu|00|106478|97086||2b2e512121aa6b8495f3073213049074
37|2021-09-26T12:07:58.9770000+01:00|40011DEA|Liquid Hand|00008D09|3645658|12889320|10000|10000|0||98.28333|100.328|0|0.5768335||61f9de12984c9b7ebf68d07839866029
37|2021-09-26T12:07:58.9770000+01:00|1068703B|Tomo Uchuu|00008D09|71589|106478|10000|10000|11||100.1027|99.49137|0|-1.476547|2600|0|0|01|09002197|0|C1A00000|1068703B||11c057af9c5aa58f35360cbc098c4899
38|2021-09-26T12:07:58.9770000+01:00|1057B8A2|Alex Knightfall|0050501C|84972|97285|3298|10000|5|0|100.0839|95.5061|0|0.06351733|0|0|0|0A016D|41F00000|E0000000|1E016C|41F00000|E0000000|28FE0030|44D76C2E|1057B8A2|0102C2|409A4DD2|40011DF7|077D|41EAFFFE|40011DFC|0|0|0|0|0|0|08AA|40864DCF|107629AA|0|0|0|0|0|0|012B|3F2C8B1F|1057B8A2||1289cb132c8d27fda722dc3f275a31e9
30|2021-09-26T12:07:58.9770000+01:00|757|Diurnal Opposition|0.00|10675739|Jasy Heavensong|1057B8A2|Alex Knightfall|00|97285|97086||b7340fb6dd5a205fc14b14ca79617d1d
30|2021-09-26T12:07:58.9770000+01:00|72f|Heart Of Light|0.00|10752D6C|Volkon Vysk|1057B8A2|Alex Knightfall|00|97285|152511||ae3316e5ec8498afd6698801e81d0ccc
38|2021-09-26T12:07:58.9770000+01:00|1068703B|Tomo Uchuu|00505026|71589|106478|10000|10000|11|0|100.1027|99.49137|0|-1.476547|0|0|0|14016A|41F00000|E0000000|0A0168|41F00000|E0000000|071F|42700000|1068703B|28FE0030|45107724|1068703B|0102C2|409BB645|40011DF7|08AA|40864DCF|107629AA|0757|3F041969|10675739|071D|419F69FB|1068703B|0737|419F69FB|1068703B|0717|C1A00000|1068703B|0781|41EFA3D7|10675739|072F|3F041969|10752D6C|0344|416F47AE|10675739||f347f5993b12e320ed29e7c06d677c53
38|2021-09-26T12:07:58.9770000+01:00|40011D69|Living Liquid|00505000|3523369|12889320|10000|10000|0|0|100.4196|100.328|0|0.016155|0|0|0|0767|41C755F5|1057B8A2|2804B0|41CAE75E|107629AA|0|0|0|2804B1|41CAE75E|107629AA|0|0|0|04CC|41F1BE1B|107ABEEC||128da8aedcc732748cb94f5b6a3a6764
30|2021-09-26T12:07:58.9770000+01:00|759|Combust III|0.00|10675739|Jasy Heavensong|40011D69|Living Liquid|00|12889320|97086||8a73ce124e4de873bd9747e1b7153005
39|2021-09-26T12:07:59.0210000+01:00|1068703B|Tomo Uchuu|72653|106478|10000|10000|0|0|100.1027|99.49137|0|-1.476547||7f936d4f5ff3ac23a2fa1799505cb298
24|2021-09-26T12:07:59.0210000+01:00|40011D69|Living Liquid|DoT|0|3640|3523369|12889320|10000|10000|0|1000|100.4196|100.328|0|0.016155||de405826621c314035a370ed3bb1dc6f
36|2021-09-26T12:07:59.0210000+01:00|1338|3|b54ff0578dac8db609b0cddae926e355
38|2021-09-26T12:07:59.0210000+01:00|107629AA|Joeson Lmoa|00505017|94122|106059|10000|10000|11|0|99.99231|96.69076|-0.01531982|0.06016618|0|0|0|0A016D|41F00000|E0000000|0A0168|41F00000|E0000000|28FE0030|450FCDBF|107629AA|012B|3F210600|1057B8A2|0102C2|40976C8A|40011DF7|0781|41ED24DC|10675739|0757|3D8F627E|10675739|072F|3EAC8CE4|10752D6C|0344|416A49BB|10675739||de753b3103543e6e1af57eaeb4a38e67
38|2021-09-26T12:07:59.0210000+01:00|40011D69|Living Liquid|00505000|3509481|12889320|10000|10000|0|0|100.4196|100.328|0|0.016155|0|0|0|0767|41C6F9CC|1057B8A2|2804B0|41CA8B35|107629AA|0|0|0|2804B1|41CA8B35|107629AA|0|0|0|04CC|41F161F2|107ABEEC||d59f5018d7d2deb7bfeafec32ab4c7c4
37|2021-09-26T12:07:59.1110000+01:00|40011D69|Living Liquid|00008D07|3496539|12889320|10000|10000|0||100.4196|100.328|0|0.016155||4fdbdd416d079bc838664a078c0aa7ec
37|2021-09-26T12:07:59.1110000+01:00|1057B8A2|Alex Knightfall|00008CFF|95005|97285|3298|10000|18||100.0839|95.5061|0|0.06351733|1C05|0|0|02|050007C1|0|41F00000|10675739|060029C4|0|41700000|10675739||a88acf6548ad81bee7233250b709443f
26|2021-09-26T12:07:59.1110000+01:00|781|Nocturnal Balance|30.00|10675739|Jasy Heavensong|1057B8A2|Alex Knightfall|00|97285|97086||2b03697ec98a1d4f44f6219a407000e9
26|2021-09-26T12:07:59.1110000+01:00|344|Aspected Helios|15.00|10675739|Jasy Heavensong|1057B8A2|Alex Knightfall|00|97285|97086||1260820334484684e95d0066b02872c1
39|2021-09-26T12:07:59.1110000+01:00|107ABEEC|Greiyan Fletz|101735|106544|10000|10000|0|0|103.7315|98.95924|-0.001348017|0.5758409||2f06d03e6ee9ec3c1ce50400fea1fbfa
39|2021-09-26T12:07:59.1110000+01:00|107629AA|Joeson Lmoa|95182|106059|10000|10000|0|0|99.99231|96.72832|-0.0008496423|0.04148458||5b80fe92c6dd4c7b49ab9cc7bcb2f757
38|2021-09-26T12:07:59.1110000+01:00|107ABEEC|Greiyan Fletz|00505022|101735|106544|10000|10000|11|0|103.7315|98.95924|-0.001348017|0.5758409|0|0|0|0720|42700000|1068703B|14016A|41F00000|E0000000|0A0168|41F00000|E0000000|28FE0030|450FCF2F|107ABEEC|0|0|0|0102C2|40904187|40011DF7|012B|3F1580E2|1057B8A2|0839|419E5580|1068703B|0737|419E5580|1068703B|08AA|4081FBE3|107629AA|0513|421E645D|107ABEEC|0781|41ED7EF9|10675739|0757|3F2625A8|10675739|0344|416AFDF5|10675739|0|0|0|0|0|0|0512|41B38374|107ABEEC||35fa7ebdb2bb6d907c949cd95761ddef
30|2021-09-26T12:07:59.1110000+01:00|72f|Heart Of Light|0.00|10752D6C|Volkon Vysk|107ABEEC|Greiyan Fletz|00|106544|152511||be76f2b6f98dd560f9642038fe20de34
38|2021-09-26T12:07:59.1110000+01:00|1057B8A2|Alex Knightfall|0050501C|95005|97285|3298|10000|18|0|100.0839|95.5061|0|0.06351733|0|0|0|0A016D|41F00000|E0000000|1E016C|41F00000|E0000000|28FE0030|44D767DC|1057B8A2|0102C2|4095FBE6|40011DF7|077D|41E9EB83|40011DFC|0781|41EFA1CB|10675739|0344|416F4396|10675739|08AA|4081FBE3|107629AA|0|0|0|0|0|0|012B|3F09FBC2|1057B8A2||150521f5de729c4483ae64edb48b751b
38|2021-09-26T12:07:59.1110000+01:00|107629AA|Joeson Lmoa|00505017|95182|106059|10000|10000|11|0|99.99231|96.72832|-0.0008496423|0.04148458|0|0|0|0A016D|41F00000|E0000000|0A0168|41F00000|E0000000|28FE0030|450FCC4F|107629AA|012B|3F09FBC2|1057B8A2|0102C2|40948B42|40011DF7|0781|41EC6C8A|10675739|0|0|0|072F|3E7CF0D2|10752D6C|0344|4168D918|10675739||83c9f552f300bbec7e2caf8a803a153f
30|2021-09-26T12:07:59.1110000+01:00|757|Diurnal Opposition|0.00|10675739|Jasy Heavensong|107629AA|Joeson Lmoa|00|106059|97086||10230b6bc7effa1e3961d8773d262bb0
37|2021-09-26T12:07:59.1550000+01:00|40011D69|Living Liquid|00008D0A|3486120|12889320|10000|10000|0||100.4196|100.328|0|0.016155||068e0c38f85a505a7cc84fc623be7eb7
21|2021-09-26T12:07:59.1550000+01:00|40011E12|Eos|322|Embrace|10752D6C|Volkon Vysk|10004|1A2B0000|1B|3228000|0|0|0|0|0|0|0|0|0|0|0|0|84596|152511|10000|10000|0|1000|100.1754|103.2273|0|3.1019|92601|92601|10000|10000|0|1000|100.1449|100.0533|0|1.471146|00008D0D|0|bcf523b9630bc0be9a5d22f830c38174
39|2021-09-26T12:07:59.1560000+01:00|1057B8A2|Alex Knightfall|95977|97285|3544|10000|0|0|100.0839|95.5061|0|0.06351733||3c4d9e7089db2d96aab43f1c1278e7e0
38|2021-09-26T12:07:59.1560000+01:00|1057B8A2|Alex Knightfall|0050501C|95977|97285|3544|10000|18|0|100.0839|95.5061|0|0.06351733|0|E0|0|0A016D|41F00000|E0000000|1E016C|41F00000|E0000000|28FE0030|44D76674|1057B8A2|0102C2|40949373|40011DF7|077D|41E99166|40011DFC|0781|41EF47AE|10675739|0344|416E8F5D|10675739|08AA|40809370|107629AA|030130|0|1057B8A2|0|0|0|012B|3EFD7059|1057B8A2||f6eeef9fe58096083cd546d83f0dacf0
26|2021-09-26T12:07:59.1560000+01:00|130|Aetherflow|9999.00|1057B8A2|Alex Knightfall|1057B8A2|Alex Knightfall|03|97285|97285||d6ff7fe6d2793edc28de212f98c7fff8
21|2021-09-26T12:07:59.1560000+01:00|1057B8A2|Alex Knightfall|A6|Aetherflow|1057B8A2|Alex Knightfall|B|3E80000|0|0|0|0|0|0|0|0|0|0|0|0|0|0|84972|97285|3298|10000|0|1000|100.0839|95.5061|0|0.06351733|84972|97285|3298|10000|0|1000|100.0839|95.5061|0|0.06351733|00008D0E|0|179843687c63dac8a2bfaeaf61c908ed
39|2021-09-26T12:07:59.1990000+01:00|107401EC|Raesa Velan|87053|96887|3200|10000|0|0|100.2365|96.26917|0|-0.4545927||02e442afd6f883fd1ebc3a93ffc79d94
37|2021-09-26T12:07:59.2440000+01:00|10752D6C|Volkon Vysk|00008CFF|94632|152511|10000|10000|18||100.1754|103.2273|0|3.1019|2506|0|0|02|070007C1|0|41F00000|10675739|0A0029C4|0|41700000|10675739||fa9bc29a04eb68548f008b7e12f8ca25
26|2021-09-26T12:07:59.2440000+01:00|781|Nocturnal Balance|30.00|10675739|Jasy Heavensong|10752D6C|Volkon Vysk|00|152511|97086||252a69fa410891db773fe38e4b8af19a
26|2021-09-26T12:07:59.2440000+01:00|344|Aspected Helios|15.00|10675739|Jasy Heavensong|10752D6C|Volkon Vysk|00|152511|97086||a059800c475212e66c695960a3fd71a1
38|2021-09-26T12:07:59.2440000+01:00|107401EC|Raesa Velan|00505019|87053|96887|3200|10000|12|0|100.2365|96.26917|0|-0.4545927|989A|31|0|0A016D|41F00000|E0000000|0A0168|41F00000|E0000000|29020030|45929D1A|107401EC|0102C2|408EE976|40011DF7|08AA|407B8516|107629AA|0781|41EA49B8|10675739|A4|4144B020|107401EC|0344|41649377|10675739|012B|3EE76C42|1057B8A2|0|0|0|0757|3EC3972F|10675739||3cb6ff9e5d7fd721e760c3763965e547
30|2021-09-26T12:07:59.2440000+01:00|72f|Heart Of Light|0.00|10752D6C|Volkon Vysk|107401EC|Raesa Velan|00|96887|152511||b5592ec1235a7da75d8adbde535fdede
38|2021-09-26T12:07:59.2440000+01:00|1075A2E4|Niru Summers|00505015|102049|153077|10000|10000|0|0|100.4501|102.8306|0|-3.095573|989A|31|0|0A016D|41F00000|E0000000|0A0168|41F00000|E0000000|5B|0|1075A2E4|28FD0030|45113510|1075A2E4|0|0|0|0|0|0|0|0|0|08AA|407B8516|107629AA|0102C2|40949BA4|40011DF7|5A|42610644|1075A2E4|0|0|0|012B|3ED06203|1057B8A2|04A7|412E8725|1075A2E4||ef268a6d76a0e988a37431fd4bb2d573
30|2021-09-26T12:07:59.2440000+01:00|757|Diurnal Opposition|0.00|10675739|Jasy Heavensong|1075A2E4|Niru Summers|00|153077|97086||a986b94afd37eb1fe4ffbc7909c4d002
38|2021-09-26T12:07:59.2440000+01:00|10752D6C|Volkon Vysk|00505025|94632|152511|10000|10000|18|0|100.1754|103.2273|0|3.1019|989A|31|0|14016A|41F00000|E0000000|0A0168|41F00000|E0000000|28FD0030|45111684|10752D6C|0757|3DEB8BA0|10675739|08AA|407B8516|107629AA|04A7|3FA3D706|10752D6C|0102C2|40960417|40011DF7|0781|41EFA5E3|10675739|012B|3ED06203|1057B8A2|0129|41E71683|1057B8A2|0344|416F4BC7|10675739|0|0|0|0|0|0|0|0|0|0|0|0|0729|0|10752D6C||b4706e122145687e5249494e418c1082
37|2021-09-26T12:07:59.2890000+01:00|40011DEA|Liquid Hand|00008D0A|3639569|12889320|10000|10000|0||98.28333|100.328|0|0.5768335|01|0|0|0||530ce057ec53a5395460245eb78e988b
37|2021-09-26T12:07:59.3780000+01:00|1075A2E4|Niru Summers|00008CFF|112198|153077|10000|10000|8||100.4501|102.8306|0|-3.095573|1507|0|0|02|040007C1|0|41F00000|10675739|050029C4|0|41700000|10675739||3fa6aab634ad3e327448338c70a05a08
26|2021-09-26T12:07:59.3780000+01:00|781|Nocturnal Balance|30.00|10675739|Jasy Heavensong|1075A2E4|Niru Summers|00|153077|97086||2e1737d38847a8f425708d60d7380c06
26|2021-09-26T12:07:59.3780000+01:00|344|Aspected Helios|15.00|10675739|Jasy Heavensong|1075A2E4|Niru Summers|00|153077|97086||c0318111776dd5fcc07c6dd5b4301bf0
21|2021-09-26T12:07:59.3780000+01:00|107629AA|Joeson Lmoa|DE6|Empyreal Arrow|40011D69|Living Liquid|720003|28BF0000|1B|DE68000|0|0|0|0|0|0|0|0|0|0|0|0|3486120|12889320|10000|10000|0|1000|100.4196|100.328|0|0.016155|95182|106059|10000|10000|0|1000|99.99231|96.81524|0|-0.001754476|00008D0F|0|4d72793c05e06febee07c1b5a00599fc
38|2021-09-26T12:07:59.3780000+01:00|107629AA|Joeson Lmoa|00505017|95182|106059|10000|10000|11|0|99.99231|96.81524|0|-0.001754476|989A|31|0|0A016D|41F00000|E0000000|0A0168|41F00000|E0000000|28FE0030|450FC80B|107629AA|012B|3E8B434A|1057B8A2|0102C2|408BFFFD|40011DF7|0781|41EA49B9|10675739|0|0|0|0|0|0|0344|41649378|10675739||d4e5fb28966c9581863ba037b0cd769f
30|2021-09-26T12:07:59.3780000+01:00|72f|Heart Of Light|0.00|10752D6C|Volkon Vysk|107629AA|Joeson Lmoa|00|106059|152511||5ee545c6a397434d71da55b35344005a
38|2021-09-26T12:07:59.3780000+01:00|1075A2E4|Niru Summers|00505015|112198|153077|10000|10000|8|0|100.4501|102.8306|0|-3.095573|989A|31|0|0A016D|41F00000|E0000000|0A0168|41F00000|E0000000|5B|0|1075A2E4|28FD0030|451132E8|1075A2E4|0781|41EFA1CB|10675739|0344|416F4396|10675739|0|0|0|08AA|4072E13F|107629AA|0102C2|409049B8|40011DF7|5A|42607C06|1075A2E4|0|0|0|012B|3E8B434A|1057B8A2|04A7|412C5E30|1075A2E4||5fbf2e92fbab7b51a225761a892aeed7
38|2021-09-26T12:07:59.3780000+01:00|10752D6C|Volkon Vysk|00505025|94632|152511|10000|10000|18|0|100.1754|103.2273|0|3.1019|989A|31|0|14016A|41F00000|E0000000|0A0168|41F00000|E0000000|28FD0030|4511145C|10752D6C|0|0|0|08AA|4072E13F|107629AA|04A7|3F928F58|10752D6C|0102C2|4091B22B|40011DF7|0781|41EE9169|10675739|012B|3E8B434A|1057B8A2|0129|41E60209|1057B8A2|0344|416D22D2|10675739|0|0|0|0|0|0|0|0|0|0|0|0|0729|0|10752D6C||c3cafe8173de2330f146a8a72a75da68
30|2021-09-26T12:07:59.3780000+01:00|757|Diurnal Opposition|0.00|10675739|Jasy Heavensong|10752D6C|Volkon Vysk|00|152511|97086||bb439bd8ec4384e89272f26aba5bef4c
38|2021-09-26T12:07:59.5110000+01:00|1068703B|Tomo Uchuu|00505026|72653|106478|10000|10000|11|0|99.64134|96.94844|0|-0.7309422|0|0|0|14016A|41F00000|E0000000|0A0168|41F00000|E0000000|071F|42700000|1068703B|28FE0030|45106E98|1068703B|0102C2|408A978A|40011DF7|08AA|406A5E2C|107629AA|0|0|0|071D|419B224D|1068703B|0737|419B224D|1068703B|0717|C1A00000|1068703B|0781|41EB5C29|10675739|0|0|0|0344|4166B854|10675739||099fefd0768460c7b3388a180bc9467b
30|2021-09-26T12:07:59.5110000+01:00|757|Diurnal Opposition|0.00|10675739|Jasy Heavensong|1068703B|Tomo Uchuu|00|106478|97086||7ebc92fb05ac946c34c6d79d2ab7579f
30|2021-09-26T12:07:59.5110000+01:00|72f|Heart Of Light|0.00|10752D6C|Volkon Vysk|1068703B|Tomo Uchuu|00|106478|152511||11d655be72cdd024e2754002b989730a
24|2021-09-26T12:07:59.5560000+01:00|40011DEA|Liquid Hand|DoT|0|4F30|3639569|12889320|10000|10000|0|1000|98.28333|100.328|0|0.5768335||c9dc3cfce576758f090cc4fe9ea315c7
38|2021-09-26T12:07:59.5560000+01:00|40011DEA|Liquid Hand|00505000|3619297|12889320|10000|10000|0|0|98.28333|100.328|0|0.5768335|0|0|0|0A00A3|4174E533|107401EC|0767|419AC896|1057B8A2|04CC|41B85DBA|107ABEEC|2804B1|41B2A7DB|107629AA|0759|3FE9568D|10675739|2804B0|41B2A7DB|107629AA||ed849caa519aaa7f64eef5ab45669c65
37|2021-09-26T12:07:59.6000000+01:00|40011DEA|Liquid Hand|00008D0B|3597654|12889320|10000|10000|0||98.28333|100.328|0|0.5768335||3b9afe6bbd9fa43716e0554082a81036
37|2021-09-26T12:07:59.6000000+01:00|1068703B|Tomo Uchuu|00008D0B|72653|106478|10000|10000|11||99.64134|96.94844|0|-0.7309422|2600|0|0|01|09002197|0|41A00000|1068703B||e76824722a21b964c4f44ba3e95fb76b
38|2021-09-26T12:07:59.6000000+01:00|1068703B|Tomo Uchuu|00505026|72653|106478|10000|10000|11|0|99.64134|96.94844|0|-0.7309422|0|0|0|14016A|41F00000|E0000000|0A0168|41F00000|E0000000|071F|42700000|1068703B|28FE0030|45106D2C|1068703B|0102C2|4087BE73|40011DF7|08AA|4064ABFF|107629AA|0|0|0|071D|419A6C07|1068703B|0737|419A6C07|1068703B|0717|419FA5E3|1068703B|0781|41EAA5E3|10675739|0|0|0|0344|41654BC9|10675739||2316d919a351d12d6fc149a8877230f4
26|2021-09-26T12:07:59.6000000+01:00|71f|Closed Position|60.00|1068703B|Tomo Uchuu|1068703B|Tomo Uchuu|00|106478|106478||e031a2c58ae011a8ba517fdf0b0fe1e7
38|2021-09-26T12:07:59.6440000+01:00|107401EC|Raesa Velan|00505019|87053|96887|3200|10000|12|0|100.2365|96.26917|0|-0.4545927|0|0|0|0A016D|41F00000|E0000000|0A0168|41F00000|E0000000|29020030|459299E6|107401EC|0102C2|40821476|40011DF7|08AA|4061DB1A|107629AA|0781|41E71479|10675739|A4|413E45A2|107401EC|0344|415E28F9|10675739|012B|3D50E30C|1057B8A2||da2c7bdb3f66e8638e395c1b50191876
30|2021-09-26T12:07:59.6440000+01:00|757|Diurnal Opposition|0.00|10675739|Jasy Heavensong|107401EC|Raesa Velan|00|96887|97086||da4afa88489b42dac09c850890affca4
37|2021-09-26T12:07:59.6890000+01:00|1057B8A2|Alex Knightfall|00008D0E|95977|97285|4544|10000|18||100.0839|95.5061|0|0.06351733|1C00|0|0|0||c47ab62cf83ce7bfa2a1a49d5af74b3b
37|2021-09-26T12:07:59.6890000+01:00|10752D6C|Volkon Vysk|00008D0C|104487|152511|10000|10000|26||100.1754|103.2273|0|3.1019|2500|0|0|02|03001DC3|0|41700000|10675739|07000781|0|41F00000|10675739||f6c057229abe2fe095c4331fc298f8d1
26|2021-09-26T12:07:59.6890000+01:00|343|Aspected Benefic|15.00|10675739|Jasy Heavensong|10752D6C|Volkon Vysk|00|152511|97086||67d45216cfec57364e184b6aa67e340e
38|2021-09-26T12:07:59.6900000+01:00|1057B8A2|Alex Knightfall|0050501C|95977|97285|4544|10000|18|0|100.0839|95.5061|0|0.06351733|0|0|0|0A016D|41F00000|E0000000|1E016C|41F00000|E0000000|28FE0030|44D75567|1057B8A2|0102C2|4083851A|40011DF7|077D|41E54DD0|40011DFC|0781|41EB0418|10675739|0344|41660834|10675739|08AA|405F0A35|107629AA|030130|0|1057B8A2||d83edbbb65b56991cd7cbecfb96a0bdf
30|2021-09-26T12:07:59.6900000+01:00|12b|Sacred Soil|0.00|1057B8A2|Alex Knightfall|1057B8A2|Alex Knightfall|00|97285|97285||454603fbc85ff184b311973ad5afc375
38|2021-09-26T12:07:59.6900000+01:00|107629AA|Joeson Lmoa|00505017|95182|106059|10000|10000|11|0|99.99231|96.81682|-0.001112907|0.1217134|0|0|0|0A016D|41F00000|E0000000|0A0168|41F00000|E0000000|28FE0030|450FC317|107629AA|0|0|0|0102C2|40821476|40011DF7|0781|41E7CED7|10675739|0|0|0|0|0|0|0344|415F9DB6|10675739||d508b03add8878dbe373a1795003cef4
30|2021-09-26T12:07:59.6900000+01:00|12b|Sacred Soil|0.00|1057B8A2|Alex Knightfall|107629AA|Joeson Lmoa|00|106059|97285||97c78508c588388f798ef6ae06b8ffe5
38|2021-09-26T12:07:59.6900000+01:00|10675739|Jasy Heavensong|00505021|86682|97086|8088|10000|12|0|100.267|96.23853|0|-0.01701784|0|0|0|0A0168|41F00000|E0000000|0F016B|41F00000|E0000000|0102C2|407E76BF|40011DF7|28FE0030|450FBF87|10675739|0781|41E5A7ED|10675739|08AA|405F0A35|107629AA|0|0|0|0347|0|10675739|0|0|0|0|0|0|04B4|40EFDF27|10675739|0344|415B4FE3|10675739|0|0|0|0764|410E76C2|10675739||1c063e629d47e064e021ac5bc6e83592
30|2021-09-26T12:07:59.6900000+01:00|12b|Sacred Soil|0.00|1057B8A2|Alex Knightfall|10675739|Jasy Heavensong|00|97086|97285||852dc038fa79ffdca627cc47430b65ec
38|2021-09-26T12:07:59.6900000+01:00|1075A2E4|Niru Summers|00505015|112198|153077|10000|10000|8|0|100.4501|102.8306|0|-3.095573|0|0|0|0A016D|41F00000|E0000000|0A0168|41F00000|E0000000|5B|0|1075A2E4|28FD0030|45112DF4|1075A2E4|0781|41ED26E9|10675739|0344|416A4DD4|10675739|0|0|0|08AA|405F0A35|107629AA|0102C2|40865E31|40011DF7|5A|425F3E98|1075A2E4|0|0|0|0|0|0|04A7|4127686E|1075A2E4||20be176520e83bb8fba9c13f8d0355b9
30|2021-09-26T12:07:59.6900000+01:00|12b|Sacred Soil|0.00|1057B8A2|Alex Knightfall|1075A2E4|Niru Summers|00|153077|97285||63d759951342659d01fb7c82f49a8a9c
38|2021-09-26T12:07:59.6900000+01:00|10752D6C|Volkon Vysk|00505025|104487|152511|10000|10000|26|0|100.1754|103.2273|0|3.1019|0|0|0|14016A|41F00000|E0000000|0A0168|41F00000|E0000000|28FD0030|45110F68|10752D6C|0343|416F4BC7|10675739|08AA|405F0A35|107629AA|04A7|3F55C288|10752D6C|0102C2|4087C6A4|40011DF7|0781|41EFA5E3|10675739|0|0|0|0129|41E38727|1057B8A2|0344|41682D10|10675739|0|0|0|0|0|0|0|0|0|0|0|0|0729|0|10752D6C||9d05c4ffaed453714cb867bf41cf8184
30|2021-09-26T12:07:59.6900000+01:00|12b|Sacred Soil|0.00|1057B8A2|Alex Knightfall|10752D6C|Volkon Vysk|00|152511|97285||54240d66b724d0347b482b6717e1dc9a
34|2021-09-26T12:07:59.7330000+01:00|40011E12|Eos|40011E12|Eos|01|456762dbe42f6beac568bb5b983fe6b5
38|2021-09-26T12:07:59.7330000+01:00|107ABEEC|Greiyan Fletz|00505022|101735|106544|10000|10000|11|0|104.0818|99.19885|0|0.2693615|0|0|0|0720|42700000|1068703B|14016A|41F00000|E0000000|0A0168|41F00000|E0000000|28FE0030|450FC543|107ABEEC|0|0|0|0102C2|4078C493|40011DF7|0|0|0|0839|41995DB0|1068703B|0737|41995DB0|1068703B|08AA|405C3950|107629AA|0513|421BE879|107ABEEC|0781|41E88729|10675739|0757|3CE57950|10675739|0344|41610E5A|10675739|0|0|0|0|0|0|0512|41AE8BA4|107ABEEC||b5279e7a8899e336d75d163fe9d9f9ab
26|2021-09-26T12:07:59.7330000+01:00|720|Dance Partner|60.00|1068703B|Tomo Uchuu|107ABEEC|Greiyan Fletz|00|106544|106478||76dcd4a255e4c111709ec9db871f32aa
30|2021-09-26T12:07:59.7330000+01:00|12b|Sacred Soil|0.00|1057B8A2|Alex Knightfall|107ABEEC|Greiyan Fletz|00|106544|97285||e6ef0c700f2bb0a72c9b3c70ee562e06
38|2021-09-26T12:07:59.7330000+01:00|107401EC|Raesa Velan|00505019|87053|96887|3200|10000|12|0|100.2365|96.26917|0|-0.4545927|0|0|0|0A016D|41F00000|E0000000|0A0168|41F00000|E0000000|29020030|45929932|107401EC|0102C2|407E8721|40011DF7|08AA|405C3950|107629AA|0781|41E6603F|10675739|A4|413CDD30|107401EC|0344|415CC087|10675739||8fd01cd230d10f5bdb2b4217419ee1b8
30|2021-09-26T12:07:59.7330000+01:00|12b|Sacred Soil|0.00|1057B8A2|Alex Knightfall|107401EC|Raesa Velan|00|96887|97285||2613ce5b7cba0d00cb81dedea5deb006
37|2021-09-26T12:07:59.7780000+01:00|10752D6C|Volkon Vysk|00008D0D|111186|152511|10000|10000|26||100.1525|103.2273|-0.01531982|3.101425|2500|0|0|0||fd8aa2b145e38dba8e291116a659caf6
22|2021-09-26T12:07:59.7780000+01:00|40011DF7|Jagd Doll|4820|Reducible Complexity|10675739|Jasy Heavensong|750003|6CEE0000|1B|48208000|0|0|0|0|0|0|0|0|0|0|0|0|86682|97086|8088|10000|0|1000|100.267|96.23853|0|-0.01701784|40955|167240|10000|10000|0|1000|102.4032|97.15417|0|-0.5328269|00008D10|0|cf610ef5ab3f561e095a2cc7541681d0
22|2021-09-26T12:07:59.7780000+01:00|40011DF7|Jagd Doll|4820|Reducible Complexity|107401EC|Raesa Velan|750003|655A0000|1B|48208000|0|0|0|0|0|0|0|0|0|0|0|0|87053|96887|3200|10000|0|1000|100.2365|96.26917|0|-0.4545927|40955|167240|10000|10000|0|1000|102.4032|97.15417|0|-0.5328269|00008D10|1|79ff82f382f97d9be9980bfea9720dfb
22|2021-09-26T12:07:59.7780000+01:00|40011DF7|Jagd Doll|4820|Reducible Complexity|107629AA|Joeson Lmoa|750003|6C770000|1B|48208000|0|0|0|0|0|0|0|0|0|0|0|0|95182|106059|10000|10000|0|1000|99.99231|96.81836|-0.01531982|0.1217134|40955|167240|10000|10000|0|1000|102.4032|97.15417|0|-0.5328269|00008D10|2|22553b5fee408762e38e216cf3bcf236
22|2021-09-26T12:07:59.7780000+01:00|40011DF7|Jagd Doll|4820|Reducible Complexity|107ABEEC|Greiyan Fletz|750003|77020000|1B|48208000|0|0|0|0|0|0|0|0|0|0|0|0|101735|106544|10000|10000|0|1000|104.0818|99.19885|0|0.2693615|40955|167240|10000|10000|0|1000|102.4032|97.15417|0|-0.5328269|00008D10|3|77296e9997354b6c35f78ef3677ff79e
22|2021-09-26T12:07:59.7780000+01:00|40011DF7|Jagd Doll|4820|Reducible Complexity|1068703B|Tomo Uchuu|750003|7ACA0000|1B|48208000|0|0|0|0|0|0|0|0|0|0|0|0|72653|106478|10000|10000|0|1000|99.89886|96.24502|0|-0.1759267|40955|167240|10000|10000|0|1000|102.4032|97.15417|0|-0.5328269|00008D10|4|b3f622ae84d2e5ad7286eabc5056b640
22|2021-09-26T12:07:59.7780000+01:00|40011DF7|Jagd Doll|4820|Reducible Complexity|1057B8A2|Alex Knightfall|750003|526F0000|1B|48208000|0|0|0|0|0|0|0|0|0|0|0|0|95977|97285|4544|10000|0|1000|100.0839|95.5061|0|0.06351733|40955|167240|10000|10000|0|1000|102.4032|97.15417|0|-0.5328269|00008D10|5|a673117cd869e9e3e7a8a04f2b4b8dd9
22|2021-09-26T12:07:59.7780000+01:00|40011DF7|Jagd Doll|4820|Reducible Complexity|1075A2E4|Niru Summers|750003|215F0000|1B|48208000|0|0|0|0|0|0|0|0|0|0|0|0|112198|153077|10000|10000|0|1000|100.4501|102.8306|0|-3.095573|40955|167240|10000|10000|0|1000|102.4032|97.15417|0|-0.5328269|00008D10|6|9a84ade768cd72ce564fc90c1da1d4bf
22|2021-09-26T12:07:59.7780000+01:00|40011DF7|Jagd Doll|4820|Reducible Complexity|10752D6C|Volkon Vysk|750003|400|1B|48208000|0|0|0|0|0|0|0|0|0|0|0|0|111186|152511|10000|10000|0|1000|100.1525|103.2273|-0.01531982|3.101425|40955|167240|10000|10000|0|1000|102.4032|97.15417|0|-0.5328269|00008D10|7|bfaafb3bd8b7c8abc7b4f9bc72b1a2b1
21|2021-09-26T12:07:59.7780000+01:00|10752D6C|Volkon Vysk|07|Attack|40011D69|Living Liquid|710003|9EF0000|0|0|0|0|0|0|0|0|0|0|0|0|0|0|3486120|12889320|10000|10000|0|1000|100.4196|100.328|0|0.016155|111186|152511|10000|10000|0|1000|100.1525|103.2273|-0.01531982|3.101425|00008D11|0|bfbe4ace66fbfdc96bbfe97e6b7460b1
38|2021-09-26T12:07:59.7780000+01:00|107ABEEC|Greiyan Fletz|00505022|101735|106544|10000|10000|11|0|104.0818|99.19885|0|0.2693615|0|0|0|0720|42700000|1068703B|14016A|41F00000|E0000000|0A0168|41F00000|E0000000|28FE0030|450FC487|107ABEEC|0|0|0|0102C2|4075D2E9|40011DF7|0|0|0|0839|4198FF7B|1068703B|0737|4198FF7B|1068703B|08AA|405947A6|107629AA|0513|421BB95E|107ABEEC|0781|41E828F4|10675739|0|0|0|0344|416051F0|10675739|0|0|0|0|0|0|0512|41AE2D6F|107ABEEC||574bc43ad1fa503bc6365209f5ac4a0b
30|2021-09-26T12:07:59.7780000+01:00|757|Diurnal Opposition|0.00|10675739|Jasy Heavensong|107ABEEC|Greiyan Fletz|00|106544|97086||2abecf2ea566cbca4815fc34ec415eab
21|2021-09-26T12:07:59.8670000+01:00|40011DEA|Liquid Hand|4979|Unknown_4979|10752D6C|Volkon Vysk|730003|2D2F0400|0|0|0|0|0|0|0|0|0|0|0|0|0|0|111186|152511|10000|10000|0|1000|100.1525|103.2273|-0.01531982|3.101425|3597654|12889320|10000|10000|0|1000|98.28333|100.328|0|0.5757878|00008D12|0|cf5b202375d5e0d347cbbec484796937
21|2021-09-26T12:08:00.0450000+01:00|107401EC|Raesa Velan|DF9|Fire IV|40011DEA|Liquid Hand|150003|8A400000|1B|DF98000|0|0|0|0|0|0|0|0|0|0|0|0|3597654|12889320|10000|10000|0|1000|98.28333|100.328|0|0.5693259|87053|96887|3200|10000|0|1000|100.2365|96.26917|0|-0.4545927|00008D13|0|ef01c73f5f92b1688d4cb3b7365ed7ae
21|2021-09-26T12:08:00.0900000+01:00|107ABEEC|Greiyan Fletz|1D3A|Kasha|40011D69|Living Liquid|4F710003|534E0000|43D|B88000|11B|1D3A8000|0|0|0|0|0|0|0|0|0|0|3486120|12889320|10000|10000|0|1000|100.4196|100.328|0|0.016155|101735|106544|10000|10000|0|1000|104.0818|99.19885|0|0.2693615|00008D14|0|12014d91a29a970af213a3f71fb1e4bb
22|2021-09-26T12:08:00.2250000+01:00|107629AA|Joeson Lmoa|6A|Quick Nock|40011D69|Living Liquid|720303|2FF10000|1B|6A8000|0|0|0|0|0|0|0|0|0|0|0|0|3486120|12889320|10000|10000|0|1000|100.4196|100.328|0|0.016155|95182|106059|10000|10000|0|1000|99.99231|96.81836|0|0.1217134|00008D15|0|3ba3a85ad278ac29518e2960e7f51961
22|2021-09-26T12:08:00.2250000+01:00|107629AA|Joeson Lmoa|6A|Quick Nock|40011DEA|Liquid Hand|720003|19330000|1B|6A8000|0|0|0|0|0|0|0|0|0|0|0|0|3597654|12889320|10000|10000|0|1000|98.28333|100.328|0|0.5564341|95182|106059|10000|10000|0|1000|99.99231|96.81836|0|0.1217134|00008D15|1|33254cd302d462942a7b6debe47d64c5
22|2021-09-26T12:08:00.2250000+01:00|1075A2E4|Niru Summers|404E|Mythril Tempest|40011D69|Living Liquid|32710003|16530000|143D|340000|11B|404E8000|0|0|0|0|0|0|0|0|0|0|3486120|12889320|10000|10000|0|1000|100.4196|100.328|0|0.016155|112198|153077|10000|10000|0|1000|100.4501|102.8306|0|-3.095573|00008D16|0|62a52c2dd5fee8e45b35fab88891c60f
22|2021-09-26T12:08:00.2250000+01:00|1075A2E4|Niru Summers|404E|Mythril Tempest|40011DEA|Liquid Hand|32710003|172E0000|0|0|0|0|0|0|0|0|0|0|0|0|0|0|3597654|12889320|10000|10000|0|1000|98.28333|100.328|0|0.5564341|112198|153077|10000|10000|0|1000|100.4501|102.8306|0|-3.095573|00008D16|1|ea5a324622cf757d6410baf38eeefc76
38|2021-09-26T12:08:00.2250000+01:00|1075A2E4|Niru Summers|00505015|112198|153077|10000|10000|8|0|100.4501|102.8306|0|-3.095573|948D|31|0|0A016D|41F00000|E0000000|0A0168|41F00000|E0000000|5B|0|1075A2E4|28FD0030|45112564|1075A2E4|0781|41E8DD2D|10675739|0344|4161BA61|10675739|0|0|0|08AA|403CBC62|107629AA|0102C2|406A6E8D|40011DF7|5A|42700000|1075A2E4|0|0|0|0|0|0|04A7|411ED4FB|1075A2E4||30778dec913b4a9513fdb5ea57f71b2d
26|2021-09-26T12:08:00.2250000+01:00|5a|Storm's Eye|60.00|1075A2E4|Niru Summers|1075A2E4|Niru Summers|00|153077|153077||f82d269f23739851d8ad34be6dcd7e12
21|2021-09-26T12:08:00.2690000+01:00|107ABEEC|Greiyan Fletz|07|Attack|40011D69|Living Liquid|710303|20F20000|0|0|0|0|0|0|0|0|0|0|0|0|0|0|3486120|12889320|10000|10000|0|1000|100.4196|100.328|0|0.016155|101735|106544|10000|10000|0|1000|104.0818|99.19885|0|-1.279312|00008D17|0|28fece945e4a0b07b13dac4b0b66928d
37|2021-09-26T12:08:00.3140000+01:00|40011D69|Living Liquid|00008D11|3483577|12889320|10000|10000|0||100.4196|100.328|0|0.016155||abb464a13b722e203d53cf1d24dfb1e2
21|2021-09-26T12:08:00.3590000+01:00|107629AA|Joeson Lmoa|08|Shot|40011D69|Living Liquid|720003|E070000|0|0|0|0|0|0|0|0|0|0|0|0|0|0|3486120|12889320|10000|10000|0|1000|100.4196|100.328|0|0.016155|95182|106059|10000|10000|0|1000|99.99231|96.81836|0|0.1217134|00008D18|0|584d21b55651ee126651c0bb1666df37
37|2021-09-26T12:08:00.4040000+01:00|40011D69|Living Liquid|00008D0F|3473146|12889320|10000|10000|0||100.4196|100.328|0|0.016155||632993574313eec8b698d9bdf4b08124
37|2021-09-26T12:08:00.4040000+01:00|10752D6C|Volkon Vysk|00008D12|99619|152511|10000|10000|0||100.0683|103.3718|-0.001433366|3.091166|2500|0|0|02|07001A80|0|0|E0000000|09000000|0|0|E0000000||f5727fe2316f985ba77431b9a9668f37
38|2021-09-26T12:08:00.4040000+01:00|10752D6C|Volkon Vysk|00505025|99619|152511|10000|10000|0|0|100.0683|103.3718|-0.001433366|3.091166|94AB|31|0|14016A|41F00000|E0000000|0A0168|41F00000|E0000000|28FD0030|451103FC|10752D6C|0343|4163DB25|10675739|08AA|403147A5|107629AA|04A7|3DF5C240|10752D6C|0102C2|4061CAB5|40011DF7|0|0|0|0|0|0|0|0|0|0344|415CBC6E|10675739|0|0|0|0|0|0|0|0|0|0|0|0|0729|0|10752D6C||109c231e8133298fae177b212260c63b
30|2021-09-26T12:08:00.4040000+01:00|781|Nocturnal Balance|0.00|10675739|Jasy Heavensong|10752D6C|Volkon Vysk|00|152511|97086||77fbd842ee371551cb8a10cd42449cba
30|2021-09-26T12:08:00.4040000+01:00|129|Galvanize|0.00|1057B8A2|Alex Knightfall|10752D6C|Volkon Vysk|00|152511|97285||f2209c47b5a0f216b1937ac6b7922466
24|2021-09-26T12:08:00.4480000+01:00|10675739|Jasy Heavensong|HoT|0|1F29|86682|97086|8088|10000|0|1000|100.267|96.23853|0|-0.02407648||37c0afb7f57f6ac70f546880335edff4
24|2021-09-26T12:08:00.4480000+01:00|1075A2E4|Niru Summers|HoT|0|13EE|112198|153077|10000|10000|0|1000|100.4501|102.8306|0|-3.095669||c66e3a922dcb98bf65a66912a862f4c7
24|2021-09-26T12:08:00.4480000+01:00|10752D6C|Volkon Vysk|HoT|0|53FF|111186|152511|10000|10000|0|1000|100.0683|103.3718|-0.001433366|3.091166||5bd8fe26cd99260190ebd897811b7ca6
38|2021-09-26T12:08:00.4480000+01:00|10675739|Jasy Heavensong|00505021|94659|97086|8588|10000|12|0|100.2104|96.24207|-0.01531982|-0.1976387|94AB|31|0|0A0168|41F00000|E0000000|0F016B|41F00000|E0000000|0102C2|404DD2E7|40011DF7|28FE0030|450FB363|10675739|0781|41DF9370|10675739|08AA|402E665D|107629AA|0|0|0|0347|0|10675739|0|0|0|0|0|0|04B4|40D78D38|10675739|0344|414F26EF|10675739|0|0|0|0764|41024DCE|10675739||e452ffc09e1f6b50bb1fffca9a3cefdf
38|2021-09-26T12:08:00.4480000+01:00|1075A2E4|Niru Summers|00505015|117300|153077|10000|10000|8|0|100.4501|102.8306|0|-3.095669|94AB|31|0|0A016D|41F00000|E0000000|0A0168|41F00000|E0000000|5B|0|1075A2E4|28FD0030|451121D0|1075A2E4|0781|41E7126C|10675739|0344|415E24E0|10675739|0|0|0|08AA|402E665D|107629AA|0102C2|405C1888|40011DF7|5A|426F1AA2|1075A2E4|0|0|0|0|0|0|04A7|411B3F7A|1075A2E4||3303713cf89581f461cc41e1a50bbec1
38|2021-09-26T12:08:00.4480000+01:00|10752D6C|Volkon Vysk|00505025|121122|152511|10000|10000|0|0|100.0593|103.4134|0|3.08934|94AB|31|0|14016A|41F00000|E0000000|0A0168|41F00000|E0000000|28FD0030|45110344|10752D6C|0343|416322D3|10675739|08AA|402E665D|107629AA|04A7|3D99994A|10752D6C|0102C2|405EE96D|40011DF7|0|0|0|0|0|0|0|0|0|0344|415C041C|10675739|0|0|0|0|0|0|0|0|0|0|0|0|0729|0|10752D6C||0c4895d99e88dc7b317a3e66e404f947
24|2021-09-26T12:08:00.5380000+01:00|1068703B|Tomo Uchuu|HoT|0|14A2|72653|106478|10000|10000|0|1000|99.93559|96.00716|0|-0.07539511||623a26f9fe943b391c285648434173de
38|2021-09-26T12:08:00.5380000+01:00|1068703B|Tomo Uchuu|00505026|77935|106478|10000|10000|11|0|99.93559|96.00716|0|-0.07539511|94AB|31|0|14016A|41F00000|E0000000|0A0168|41F00000|E0000000|071F|42700000|1068703B|28FE0030|45105E30|1068703B|0102C2|405374B0|40011DF7|08AA|4028A3CD|107629AA|0|0|0|071D|4192EAFE|1068703B|0737|4192EAFE|1068703B|0717|419824DA|1068703B|0781|41E324DA|10675739|0|0|0|0344|415649BF|10675739||d1ba3ac09748582155b1fcd56afd0ce9
38|2021-09-26T12:08:00.5380000+01:00|10752D6C|Volkon Vysk|00505025|121122|152511|10000|10000|0|0|100.0593|103.4134|0|3.08934|94AB|31|0|14016A|41F00000|E0000000|0A0168|41F00000|E0000000|28FD0030|451101D4|10752D6C|0343|4161B22F|10675739|08AA|4028A3CD|107629AA|0|0|0|0102C2|405926DD|40011DF7|0|0|0|0|0|0|0|0|0|0344|415A9378|10675739|0|0|0|0|0|0|0|0|0|0|0|0|0729|0|10752D6C||8ac4e17911e12fe3cfb8a4ca99831c0e
30|2021-09-26T12:08:00.5380000+01:00|4a7|Rampart|0.00|10752D6C|Volkon Vysk|10752D6C|Volkon Vysk|00|152511|152511||c0070b8d4629ac0cbf39205b354a2c94
37|2021-09-26T12:08:00.5840000+01:00|10675739|Jasy Heavensong|00008D10|66773|97086|8588|10000|0||100.1941|96.33778|-0.0007099974|-0.1960617|2100|0|0|01|04001A80|0|0|E0000000||ec873d3f3b58fd1c514a53704cb7dd89
24|2021-09-26T12:08:00.5840000+01:00|107629AA|Joeson Lmoa|HoT|0|14ED|95182|106059|10000|10000|0|1000|99.99231|96.81836|0|0.1217134||e1d8e05211674681bf3ea295a12ab59d
38|2021-09-26T12:08:00.5840000+01:00|107ABEEC|Greiyan Fletz|00505022|101735|106544|10000|10000|11|0|104.0461|99.19885|-0.003335845|-1.498775|94AB|31|0|0720|42700000|1068703B|14016A|41F00000|E0000000|0A0168|41F00000|E0000000|28FE0030|450FB7AB|107ABEEC|0|0|0|0102C2|40424DC8|40011DF7|0|0|0|0839|41928ED5|1068703B|0737|41928ED5|1068703B|08AA|40A00000|107629AA|0513|42188114|107ABEEC|0781|41E1B84E|10675739|0|0|0|0344|415370A9|10675739|0|0|0|0|0|0|0512|41A7BCC9|107ABEEC||a4d8748b56e372d8bd2a93d3f3b88678
26|2021-09-26T12:08:00.5840000+01:00|8aa|Army's Paeon|5.00|107629AA|Joeson Lmoa|107ABEEC|Greiyan Fletz|00|106544|106059||7672c5cbc0edbd382cc47012abb116c7
38|2021-09-26T12:08:00.5840000+01:00|107401EC|Raesa Velan|00505019|87053|96887|1600|10000|12|0|100.2365|96.26917|0|-0.4545927|94AB|31|0|0A016D|41F00000|E0000000|0A0168|41F00000|E0000000|29020030|45929266|107401EC|0102C2|40481056|40011DF7|08AA|40A00000|107629AA|0781|41DF9164|10675739|A4|412F3F7F|107401EC|0344|414F22D6|10675739||992894386a9c9424390e45d5b7fcd507
26|2021-09-26T12:08:00.5840000+01:00|8aa|Army's Paeon|5.00|107629AA|Joeson Lmoa|107401EC|Raesa Velan|00|96887|106059||2a6ea68216443b7c656910993329f21b
38|2021-09-26T12:08:00.5840000+01:00|40011E12|Eos|00505000|92601|92601|10000|10000|0|0|100.1449|100.0533|0|0.4080902|94AB|31|0|28FE0030|44D738C1|1057B8A2|08AA|40A00000|107629AA||7d9a3889cae0c9ee825e872acbbe0b0b
26|2021-09-26T12:08:00.5840000+01:00|8aa|Army's Paeon|5.00|107629AA|Joeson Lmoa|40011E12|Eos|00|92601|106059||ed98ede6f5e22be73c04f63fbe9ff96c
38|2021-09-26T12:08:00.5840000+01:00|1057B8A2|Alex Knightfall|0050501C|95977|97285|4544|10000|18|0|100.0839|95.5061|0|0.06351733|94AB|31|0|0A016D|41F00000|E0000000|1E016C|41F00000|E0000000|28FE0030|44D738C1|1057B8A2|0102C2|404DC283|40011DF7|077D|41DE24D8|40011DFC|0781|41E3DB20|10675739|0344|4157B64A|10675739|08AA|40A00000|107629AA|030130|0|1057B8A2||04f2bf5003877864b3f56bbb3e5767eb
26|2021-09-26T12:08:00.5840000+01:00|8aa|Army's Paeon|5.00|107629AA|Joeson Lmoa|1057B8A2|Alex Knightfall|00|97285|106059||ef31c9de6e7c1008832ccda0e2cf727a
38|2021-09-26T12:08:00.5840000+01:00|107629AA|Joeson Lmoa|00505017|100539|106059|10000|10000|11|0|99.99231|96.81836|0|0.1217134|94AB|31|0|0A016D|41F00000|E0000000|0A0168|41F00000|E0000000|28FE0030|450FB4CB|107629AA|0|0|0|0102C2|404AE13B|40011DF7|0781|41E0A5DF|10675739|0|0|0|0|0|0|0344|41514BCC|10675739||f60c49a6a049bea6dfa90c51ebb1cb06
38|2021-09-26T12:08:00.5840000+01:00|10675739|Jasy Heavensong|00505021|66773|97086|8588|10000|0|0|100.1941|96.33778|-0.0007099974|-0.1960617|94AB|31|0|0A0168|41F00000|E0000000|0F016B|41F00000|E0000000|0102C2|40452F0F|40011DF7|28FE0030|450FB13B|10675739|0|0|0|08AA|409E8F5C|107629AA|0|0|0|0347|0|10675739|0|0|0|0|0|0|04B4|40D33B4C|10675739|0344|414CFDF9|10675739|0|0|0|0764|410024D8|10675739||5e585355c6f86aa9c018d7b765f8a940
30|2021-09-26T12:08:00.5840000+01:00|781|Nocturnal Balance|0.00|10675739|Jasy Heavensong|10675739|Jasy Heavensong|00|97086|97086||e7c238b22c39eaac9b1d996149c6186c
26|2021-09-26T12:08:00.5840000+01:00|8aa|Army's Paeon|4.96|107629AA|Joeson Lmoa|10675739|Jasy Heavensong|00|97086|106059||a5cf9d2316bfa28282ee5560130e49d4
38|2021-09-26T12:08:00.5840000+01:00|1068703B|Tomo Uchuu|00505026|77935|106478|10000|10000|11|0|99.93559|96.00716|0|-0.07539511|94AB|31|0|14016A|41F00000|E0000000|0A0168|41F00000|E0000000|071F|42700000|1068703B|28FE0030|45105D78|1068703B|0102C2|40509368|40011DF7|08AA|409E8F5C|107629AA|0|0|0|071D|41928ED5|1068703B|0737|41928ED5|1068703B|0717|4197C8B1|1068703B|0781|41E2C8B1|10675739|0|0|0|0344|4155916D|10675739||f8c3d49e71146ab95e6dfb21e85aa111
26|2021-09-26T12:08:00.5840000+01:00|8aa|Army's Paeon|4.96|107629AA|Joeson Lmoa|1068703B|Tomo Uchuu|00|106478|106059||6474348a6be33cfbb0599da78f4cfd46
38|2021-09-26T12:08:00.5840000+01:00|1075A2E4|Niru Summers|00505015|117300|153077|10000|10000|8|0|100.4501|102.8306|0|-3.095669|94AB|31|0|0A016D|41F00000|E0000000|0A0168|41F00000|E0000000|5B|0|1075A2E4|28FD0030|45111FA8|1075A2E4|0781|41E5FDF1|10675739|0344|415BFBEA|10675739|0|0|0|08AA|409E8F5C|107629AA|0102C2|405374B0|40011DF7|5A|426E9066|1075A2E4|0|0|0|0|0|0|04A7|41191684|1075A2E4||e7ec04749994f5e88adb259f597f5f42
26|2021-09-26T12:08:00.5840000+01:00|8aa|Army's Paeon|4.96|107629AA|Joeson Lmoa|1075A2E4|Niru Summers|00|153077|106059||db5c16ce77427cc99135d730e41d9389
38|2021-09-26T12:08:00.5840000+01:00|10752D6C|Volkon Vysk|00505025|121122|152511|10000|10000|0|0|100.0537|103.439|-0.01154106|3.08934|94AB|31|0|14016A|41F00000|E0000000|0A0168|41F00000|E0000000|28FD0030|4511011C|10752D6C|0343|4160F9DD|10675739|08AA|409E8F5C|107629AA|0|0|0|0102C2|40564595|40011DF7|0|0|0|0|0|0|0|0|0|0344|4159DB26|10675739|0|0|0|0|0|0|0|0|0|0|0|0|0729|0|10752D6C||f17f002d53a328e819784e53e806d6c5
26|2021-09-26T12:08:00.5840000+01:00|8aa|Army's Paeon|4.96|107629AA|Joeson Lmoa|10752D6C|Volkon Vysk|00|152511|106059||73253e18867e8396e37e24d6765d0891
37|2021-09-26T12:08:00.6280000+01:00|107401EC|Raesa Velan|00008D10|61107|96887|1600|10000|0||100.2365|96.26917|0|-0.4545927|1901|0|0|01|05001A80|0|0|E0000000||9a6e61a23816f4930370ea07eca7a6d8
24|2021-09-26T12:08:00.6280000+01:00|107ABEEC|Greiyan Fletz|HoT|0|1F32|101735|106544|10000|10000|0|1000|104.0461|99.19885|-0.003335845|-1.498775||ff69a844f18378eab46d4098dba6a2e9
38|2021-09-26T12:08:00.6280000+01:00|107ABEEC|Greiyan Fletz|00505022|106544|106544|10000|10000|11|0|104.0461|99.19885|-0.003335845|-1.498775|94AB|31|0|0720|42700000|1068703B|14016A|41F00000|E0000000|0A0168|41F00000|E0000000|28FE0030|450FB6F7|107ABEEC|0|0|0|0102C2|403F7CE3|40011DF7|0|0|0|0839|419234B8|1068703B|0737|419234B8|1068703B|08AA|409E978D|107629AA|0513|42185406|107ABEEC|0781|41E15E31|10675739|0|0|0|0344|4152BC70|10675739|0|0|0|0|0|0|0512|41A762AC|107ABEEC||d39c30297e6411ea3e6f909128b88091
38|2021-09-26T12:08:00.6280000+01:00|107401EC|Raesa Velan|00505019|61107|96887|1600|10000|0|0|100.2365|96.26917|0|-0.4545927|94AB|31|0|0A016D|41F00000|E0000000|0A0168|41F00000|E0000000|29020030|4592920C|107401EC|0102C2|40453F71|40011DF7|08AA|409E978D|107629AA|0|0|0|A4|412E8B46|107401EC|0344|414E6E9D|10675739||fd155fa82a2d95b146f9906286f1ef23
30|2021-09-26T12:08:00.6280000+01:00|781|Nocturnal Balance|0.00|10675739|Jasy Heavensong|107401EC|Raesa Velan|00|96887|97086||d9c6c6334ff0a99faf24ac77b7a15ebd
37|2021-09-26T12:08:00.6730000+01:00|107629AA|Joeson Lmoa|00008D10|72772|106059|10000|10000|0||99.99231|96.81836|0|0.1217134|1702|0|0|01|05001A80|0|0|E0000000||f613106080a63430f56104cee4ab094e
24|2021-09-26T12:08:00.6730000+01:00|1057B8A2|Alex Knightfall|HoT|0|13FD|97285|97285|4544|10000|0|1000|100.0839|95.5061|0|0.06351733||03cc383bb8c4efd1adfe36912f784a7d
20|2021-09-26T12:08:00.6730000+01:00|107401EC|Raesa Velan|4079|Despair|40011DEA|Liquid Hand|2.81|100.2365|96.26917|0|-0.4545927||e43e6595ba8ab7dc96955e219c22780b
21|2021-09-26T12:08:00.6730000+01:00|40011D69|Living Liquid|4978|Unknown_4978|1075A2E4|Niru Summers|730003|6DA00000|0|0|0|0|0|0|0|0|0|0|0|0|0|0|117300|153077|10000|10000|0|1000|100.4501|102.8306|0|-3.095669|3473146|12889320|10000|10000|0|1000|100.4196|100.328|0|0.016155|00008D19|0|3a1012e13c31a62c27bbe3d13cc6862b
38|2021-09-26T12:08:00.6730000+01:00|1057B8A2|Alex Knightfall|0050501C|97285|97285|4544|10000|18|0|100.0839|95.5061|0|0.06351733|94AB|31|0|0A016D|41F00000|E0000000|1E016C|41F00000|E0000000|28FE0030|44D735E0|1057B8A2|0102C2|4047FFF4|40011DF7|077D|41DD6C86|40011DFC|0781|41E322CE|10675739|0344|415645A7|10675739|08AA|409D1EB8|107629AA|030130|0|1057B8A2||65ddf4696107f4a7b24c67ffa68765f4
38|2021-09-26T12:08:00.6730000+01:00|107629AA|Joeson Lmoa|00505017|72772|106059|10000|10000|0|0|99.99231|96.81836|0|0.1217134|94AB|31|0|0A016D|41F00000|E0000000|0A0168|41F00000|E0000000|28FE0030|450FB35B|107629AA|0|0|0|0102C2|40451EAC|40011DF7|0|0|0|0|0|0|0|0|0|0344|414FDB29|10675739||b09ac63aea0e840015b71aa819dae48a
30|2021-09-26T12:08:00.6730000+01:00|781|Nocturnal Balance|0.00|10675739|Jasy Heavensong|107629AA|Joeson Lmoa|00|106059|97086||e8a9ce8f356dbe7b35b7a88f8644cc35
31|2021-09-26T12:08:00.6730000+01:00|1068703B|460226|00|E0000000|00|ffaf74d97f2d40afe5b861d5113f1bbf
37|2021-09-26T12:08:00.7180000+01:00|40011D69|Living Liquid|00008D14|3451820|12889320|10000|10000|0||100.4196|100.328|0|0.016155||fec0e20ff12043125869f9ab8343828e
37|2021-09-26T12:08:00.7180000+01:00|107ABEEC|Greiyan Fletz|00008D10|76078|106544|10000|10000|0||104.0319|99.19885|-0.004419047|-1.586198|2203|0|0|01|0B001A80|0|0|E0000000||30208b3cb4bc9a1d68a2517bba654580
37|2021-09-26T12:08:00.7180000+01:00|40011D69|Living Liquid|00008D16|3446105|12889320|10000|10000|0||100.4196|100.328|0|0.016155||28cccba0958f83ec1decd156bae3898f
24|2021-09-26T12:08:00.7180000+01:00|107401EC|Raesa Velan|HoT|0|13C0|61107|96887|1600|10000|0|1000|100.2365|96.26917|0|-0.4545927||b6aab91554e479af0cdde8c32af5d422
38|2021-09-26T12:08:00.7180000+01:00|107ABEEC|Greiyan Fletz|00505022|76078|106544|10000|10000|0|0|104.0319|99.19885|-0.004419047|-1.586198|0|0|0|0720|42700000|1068703B|14016A|41F00000|E0000000|0A0168|41F00000|E0000000|28FE0030|450FB587|107ABEEC|0|0|0|0102C2|4039BA54|40011DF7|0|0|0|0839|41917C66|1068703B|0737|41917C66|1068703B|08AA|409BB645|107629AA|0513|4217F7DD|107ABEEC|0|0|0|0|0|0|0344|41514BCD|10675739|0|0|0|0|0|0|0512|41A6AA5A|107ABEEC||d3ea6368e4ad6893e98862a723ca1412
30|2021-09-26T12:08:00.7180000+01:00|781|Nocturnal Balance|0.00|10675739|Jasy Heavensong|107ABEEC|Greiyan Fletz|00|106544|97086||d529e84a72cb33ed5ba5b20bd94b9ed0
38|2021-09-26T12:08:00.7180000+01:00|107401EC|Raesa Velan|00505019|66163|96887|1600|10000|0|0|100.2365|96.26917|0|-0.4545927|0|0|0|0A016D|41F00000|E0000000|0A0168|41F00000|E0000000|29020030|45929154|107401EC|0102C2|403F7CE2|40011DF7|08AA|409BB645|107629AA|0|0|0|A4|412D1AA3|107401EC|0344|414CFDFA|10675739||722b4857cc4485732b68e8e01911f8fc
37|2021-09-26T12:08:00.7610000+01:00|1068703B|Tomo Uchuu|00008D10|46501|106478|10000|10000|0||99.93559|96.00716|0|-0.07539511|2604|0|0|01|0A001A80|0|0|E0000000||3af79fcc9fef3bbd27605edbff83c9ab
38|2021-09-26T12:08:00.7620000+01:00|1068703B|Tomo Uchuu|00505026|46501|106478|10000|10000|0|0|99.93559|96.00716|0|-0.07539511|0|0|0|14016A|41F00000|E0000000|0A0168|41F00000|E0000000|071F|42700000|1068703B|28FE0030|45105AA0|1068703B|0102C2|40452F0F|40011DF7|08AA|4098DD2E|107629AA|0|0|0|071D|41912249|1068703B|0737|41912249|1068703B|0717|41965C25|1068703B|0|0|0|0|0|0|0344|4152B858|10675739||0adf4e1122826bf607dc8c89800bdf80
30|2021-09-26T12:08:00.7620000+01:00|781|Nocturnal Balance|0.00|10675739|Jasy Heavensong|1068703B|Tomo Uchuu|00|106478|97086||21d612de9c1c38940e91dcb66cd68970
37|2021-09-26T12:08:00.8070000+01:00|40011D69|Living Liquid|00008D17|3437671|12889320|10000|10000|0||100.4196|100.328|0|0.016155||34733c751feac197c49351be2353a36b
37|2021-09-26T12:08:00.8070000+01:00|1057B8A2|Alex Knightfall|00008D10|76182|97285|4544|10000|0||100.0839|95.5061|0|0.06351733|1C05|0|0|02|04001A80|0|0|E0000000|05000000|0|0|E0000000||aa9611f66e970e22bd229d37595e4c58
21|2021-09-26T12:08:00.8070000+01:00|1075A2E4|Niru Summers|07|Attack|40011D69|Living Liquid|710003|EA30000|0|0|0|0|0|0|0|0|0|0|0|0|0|0|3446105|12889320|10000|10000|0|1000|100.4196|100.328|0|0.016155|117300|153077|10000|10000|0|1000|100.4501|102.8306|0|-3.095669|00008D1A|0|6cac231f958d8468099b8cfdb1ee91eb
38|2021-09-26T12:08:00.8070000+01:00|1057B8A2|Alex Knightfall|0050501C|76182|97285|4544|10000|0|0|100.0839|95.5061|0|0.06351733|0|0|0|0A016D|41F00000|E0000000|1E016C|41F00000|E0000000|28FE0030|44D73197|1057B8A2|0102C2|403F6C80|40011DF7|0|0|0|0|0|0|0344|415420CB|10675739|08AA|4098D4FD|107629AA|030130|0|1057B8A2||eef3f25802357580614096eb26dbaf1a
30|2021-09-26T12:08:00.8070000+01:00|77d|Seraphic Veil|0.00|40011DFC|Seraph|1057B8A2|Alex Knightfall|00|97285|92601||4c262cc3b845465c63b1d00ff286c1d2
30|2021-09-26T12:08:00.8070000+01:00|781|Nocturnal Balance|0.00|10675739|Jasy Heavensong|1057B8A2|Alex Knightfall|00|97285|97086||d23516c5365605f06121fa64438d8c3e
37|2021-09-26T12:08:00.8510000+01:00|1075A2E4|Niru Summers|00008D10|108757|153077|10000|10000|0||100.4501|102.8306|0|-3.095669|1506|0|0|01|04001A80|0|0|E0000000||61b0b40adc8108ade774e3fd7fadc437
37|2021-09-26T12:08:00.8510000+01:00|40011DEA|Liquid Hand|00008D16|3591720|12889320|10000|10000|0||98.28333|100.328|0|0.5137475|01|0|0|0||d653bd89f6bfd69b75153e2de0cd7220
21|2021-09-26T12:08:00.8510000+01:00|107ABEEC|Greiyan Fletz|4062|Ikishoten|107ABEEC|Greiyan Fletz|0|0|0|0|0|0|0|0|0|0|0|0|0|0|0|0|76078|106544|10000|10000|0|1000|103.6895|99.04878|0|-1.654501|76078|106544|10000|10000|0|1000|103.6895|99.04878|0|-1.654501|00008D1B|0|63e922ad8405248d4fdb89542af1d3cf
38|2021-09-26T12:08:00.8510000+01:00|1075A2E4|Niru Summers|00505015|108757|153077|10000|10000|0|0|100.4501|102.8306|0|-3.095669|0|0|0|0A016D|41F00000|E0000000|0A0168|41F00000|E0000000|5B|0|1075A2E4|28FD0030|45111B64|1075A2E4|0|0|0|0344|4157B64A|10675739|0|0|0|08AA|40960417|107629AA|0102C2|40425E2A|40011DF7|5A|426D7EFE|1075A2E4|0|0|0|0|0|0|04A7|4114D0E4|1075A2E4||7714871337436b6aed1aa2d3be5f64a9
30|2021-09-26T12:08:00.8510000+01:00|781|Nocturnal Balance|0.00|10675739|Jasy Heavensong|1075A2E4|Niru Summers|00|153077|97086||a5355f5c0ae1aeef290aa9ebc72ba906
22|2021-09-26T12:08:00.9410000+01:00|10752D6C|Volkon Vysk|3F0D|Demon Slice|40011D69|Living Liquid|710003|E8B0000|1B|3F0D8000|0|0|0|0|0|0|0|0|0|0|0|0|3437671|12889320|10000|10000|0|1000|100.4196|100.328|0|0.016155|121122|152511|10000|10000|0|1000|100.0533|103.4408|0|3.08934|00008D1C|0|ecbc652517d4eb4144ae8595a8443a52
22|2021-09-26T12:08:00.9410000+01:00|10752D6C|Volkon Vysk|3F0D|Demon Slice|40011DEA|Liquid Hand|710003|EE40000|1B|3F0D8000|0|0|0|0|0|0|0|0|0|0|0|0|3591720|12889320|10000|10000|0|1000|98.28333|100.328|0|0.5137475|121122|152511|10000|10000|0|1000|100.0533|103.4408|0|3.08934|00008D1C|1|d4d966076694b378cdd34bb6c96c33b7
20|2021-09-26T12:08:01.0750000+01:00|10675739|Jasy Heavensong|40AB|Malefic IV|40011DEA|Liquid Hand|1.43|100.2059|96.72681|-0.01531982|0.05134106||a26b3de2c7c1f2c19665cfc7cd8f18c1
37|2021-09-26T12:08:01.1200000+01:00|40011D69|Living Liquid|00008D18|3434080|12889320|10000|10000|0||100.4196|100.328|0|0.016155||3a367f02d2fd5bdaa0a73e58f43d9479
21|2021-09-26T12:08:01.1200000+01:00|1068703B|Tomo Uchuu|3E7D|Standard Step|1068703B|Tomo Uchuu|E|71A0000|0|0|0|0|0|0|0|0|0|0|0|0|0|0|46501|106478|10000|10000|0|1000|99.93559|96.00716|0|-0.05654573|46501|106478|10000|10000|0|1000|99.93559|96.00716|0|-0.05654573|00008D1D|0|079c95d7922aa6526287042e23c49aa6
38|2021-09-26T12:08:01.1200000+01:00|1068703B|Tomo Uchuu|00505026|46501|106478|10000|10000|0|0|99.93559|96.00716|0|-0.05654573|948D|31|0|14016A|41F00000|E0000000|0A0168|41F00000|E0000000|071F|42700000|1068703B|28FE0030|451054E8|1068703B|0102C2|402E4595|40011DF7|08AA|408D6870|107629AA|071A|C1700000|1068703B|071D|418E451A|1068703B|0737|418E451A|1068703B|0717|41937EF6|1068703B|0|0|0|0|0|0|0344|414CFDFA|10675739||f6278f290494ac0f7bc34dc017cdf1f1
26|2021-09-26T12:08:01.1200000+01:00|71a|Standard Step|15.00|1068703B|Tomo Uchuu|1068703B|Tomo Uchuu|00|106478|106478||9b0cc6792e69fd95bd1e87f87efd56af
31|2021-09-26T12:08:01.1200000+01:00|1068703B|3460226|01|10762900|71A|e7ab206bded9154cebe968851b6eb8d2
37|2021-09-26T12:08:01.2090000+01:00|40011DEA|Liquid Hand|00008D13|3556328|12889320|10000|10000|0||98.28333|100.328|0|0.5137475||999f7b8610fd5b96a631bd03d4e7b03d
37|2021-09-26T12:08:01.2090000+01:00|1075A2E4|Niru Summers|00008D19|80693|153077|10000|10000|0||100.4501|102.8306|0|-3.095669|1500|0|0|0||6f78f123ef17a4cb054c058455bca408
21|2021-09-26T12:08:01.2990000+01:00|1057B8A2|Alex Knightfall|1D0D|Aetherpact|1075A2E4|Niru Summers|6023D|EF0000|0|0|0|0|0|0|0|0|0|0|0|0|0|0|80693|153077|10000|10000|0|1000|100.4501|102.8306|0|-3.095669|76182|97285|4544|10000|0|1000|100.0839|95.5061|0|0.06351733|00008D1E|0|64e5ac603d93154b316dafbef4303450
37|2021-09-26T12:08:01.3430000+01:00|40011D69|Living Liquid|00008D1A|3430333|12889320|10000|10000|0||100.4196|100.328|0|0.016155||c7b4d2fd78a2f1e34e30f8104047e556
38|2021-09-26T12:08:01.3880000+01:00|40011DEA|Liquid Hand|00505000|3556328|12889320|10000|10000|0|0|98.28333|100.328|0|0.5137475|9598|31|0|0A00A3|41579972|107401EC|0767|418C22AE|1057B8A2|04CC|41A9B7D2|107ABEEC|2804B1|41A401F3|107629AA|0|0|0|2804B0|41A401F3|107629AA||de20925738af763fe3d0236451812102
30|2021-09-26T12:08:01.3880000+01:00|759|Combust III|0.00|10675739|Jasy Heavensong|40011DEA|Liquid Hand|00|12889320|97086||157ee1f3ebe467755e0d7c3ca26d74aa
37|2021-09-26T12:08:01.5670000+01:00|40011D69|Living Liquid|00008D1C|3426610|12889320|10000|10000|0||100.4196|100.328|0|0.016155||44de792dcd31945602ce5f1cd90d12ad
22|2021-09-26T12:08:01.5670000+01:00|107ABEEC|Greiyan Fletz|1D43|Hissatsu: Kyuten|40011D69|Living Liquid|710003|19000000|0|0|0|0|0|0|0|0|0|0|0|0|0|0|3430333|12889320|10000|10000|0|1000|100.4196|100.328|0|0.016155|76078|106544|10000|10000|0|1000|100.2804|97.15101|-0.0008306825|-1.977852|00008D1F|0|fe6516bb361badfc6cd2bf33f856073b
22|2021-09-26T12:08:01.5670000+01:00|107ABEEC|Greiyan Fletz|1D43|Hissatsu: Kyuten|40011DEA|Liquid Hand|710203|1EC20000|0|0|0|0|0|0|0|0|0|0|0|0|0|0|3556328|12889320|10000|10000|0|1000|98.28333|100.328|0|0.5137475|76078|106544|10000|10000|0|1000|100.2804|97.15101|-0.0008306825|-1.977852|00008D1F|1|9c310c927b6702195a88ae322d5331e6
21|2021-09-26T12:08:01.5670000+01:00|1068703B|Tomo Uchuu|07|Attack|40011DEA|Liquid Hand|720103|19F00000|0|0|0|0|0|0|0|0|0|0|0|0|0|0|3556328|12889320|10000|10000|0|1000|98.28333|100.328|0|0.5137475|46501|106478|10000|10000|0|1000|99.93559|96.00716|0|0.1110065|00008D20|0|17f912278c770d76162ec679fe1cf16f
22|2021-09-26T12:08:01.6110000+01:00|10752D6C|Volkon Vysk|1D6F|Reprisal|40011D69|Living Liquid|F60E|4A90000|0|0|0|0|0|0|0|0|0|0|0|0|0|0|3430333|12889320|10000|10000|0|1000|100.4196|100.328|0|0.016155|121122|152511|10000|10000|0|1000|100.0533|103.4408|0|3.08934|00008D21|0|6f48b5de6731cb1b9b5c8bfcb5b9abb9
22|2021-09-26T12:08:01.6110000+01:00|10752D6C|Volkon Vysk|1D6F|Reprisal|40011DEA|Liquid Hand|F60E|4A90000|0|0|0|0|0|0|0|0|0|0|0|0|0|0|3556328|12889320|10000|10000|0|1000|98.28333|100.328|0|0.5137475|121122|152511|10000|10000|0|1000|100.0533|103.4408|0|3.08934|00008D21|1|3629e884f3ba322cc52c21a61605da30
37|2021-09-26T12:08:01.6990000+01:00|40011DEA|Liquid Hand|00008D1C|3552516|12889320|10000|10000|0||98.28333|100.328|0|0.5137475|01|0|0|0||1bf429205b7efc9f9c03e6166d8f2882
37|2021-09-26T12:08:01.8340000+01:00|1068703B|Tomo Uchuu|00008D1D|46501|106478|10000|10000|0||99.93559|96.00716|0|0.1654606|2600|0|0|01|0600219A|0|41700000|1068703B||ef480c461e208a3a68ea2457f56ffa8a
38|2021-09-26T12:08:01.8340000+01:00|1068703B|Tomo Uchuu|00505026|46501|106478|10000|10000|0|0|99.93559|96.00716|0|0.1654606|948D|31|0|14016A|41F00000|E0000000|0A0168|41F00000|E0000000|071F|42700000|1068703B|28FE0030|45104980|1068703B|0102C2|40009369|40011DF7|08AA|406D1EB0|107629AA|071A|416F4BC7|1068703B|071D|41888ED2|1068703B|0737|41888ED2|1068703B|0717|418DC8AE|1068703B|0|0|0|0|0|0|0344|41419172|10675739||bef29d83d82c2f6b86a5fb3132d9714b
26|2021-09-26T12:08:01.8340000+01:00|71f|Closed Position|60.00|1068703B|Tomo Uchuu|1068703B|Tomo Uchuu|00|106478|106478||ec9affeb6281711c6ad4e484bf932f83
37|2021-09-26T12:08:01.8770000+01:00|40011D69|Living Liquid|00008D15|3414337|12889320|10000|10000|0||100.4196|100.328|0|0.016155||ccd23b80ec2148792dac67d72776addb
39|2021-09-26T12:08:01.9670000+01:00|10675739|Jasy Heavensong|67743|97086|8852|10000|0|0|100.2059|96.72681|0|-0.494381||bf58eb2e300d4aaf74c554b1b5144766
39|2021-09-26T12:08:01.9670000+01:00|1075A2E4|Niru Summers|82223|153077|10000|10000|0|0|100.4501|102.8306|0|-3.02966||3373f879fdbe0a747f48f1091882110e
39|2021-09-26T12:08:01.9670000+01:00|10752D6C|Volkon Vysk|122647|152511|10000|10000|0|0|100.0533|103.4408|0|3.095046||6a9d3e7fd202f1a54c1ea43acfc44358
21|2021-09-26T12:08:01.9670000+01:00|10675739|Jasy Heavensong|40AB|Malefic IV|40011DEA|Liquid Hand|750103|5CD70000|1B|40AB8000|0|0|0|0|0|0|0|0|0|0|0|0|3552516|12889320|10000|10000|0|1000|98.28333|100.328|0|0.5137475|66773|97086|8588|10000|0|1000|100.2059|96.72681|0|-0.494381|00008D22|0|64fcc60bec88b9cdaf7093430323db90
04|2021-09-26T12:08:01.5530000+01:00|40011e00|Embolus|0|50|0|0||9215|11339|14800000|14800000|10000|10000|0|0|86.54576|116.6192|-3.185026E-15|-1.014984||cd2455e5f5ce1a58564195a3872ab2b0
37|2021-09-26T12:08:02.0110000+01:00|40011DEA|Liquid Hand|00008D15|3546065|12889320|10000|10000|0||98.28333|100.328|0|0.5137475|01|0|0|0||a731dfb014cdddce75ac7990ac68da24
24|2021-09-26T12:08:02.0110000+01:00|40011D69|Living Liquid|DoT|0|37A3|3414337|12889320|10000|10000|0|1000|100.4196|100.328|0|0.016155||20ce38d6dca2aab32dbb236f18085267
36|2021-09-26T12:08:02.0110000+01:00|1414|3|52fdbd71c2e6846e5cb384e8763100a2
38|2021-09-26T12:08:02.0110000+01:00|40011D69|Living Liquid|00505000|3400094|12889320|10000|10000|0|0|100.4196|100.328|0|0.016155|948D|31|0|0767|41AF0E40|1057B8A2|2804B0|41B29FA9|107629AA|0|0|0|2804B1|41B29FA9|107629AA|0|0|0|04CC|41D97666|107ABEEC||9e44e240683c6403d843cc454ffc62a4
39|2021-09-26T12:08:02.0560000+01:00|1068703B|Tomo Uchuu|47565|106478|10000|10000|0|0|99.93559|96.00716|0|0.0125699||31906d0422e78798dfa8a257b9c10b8a
20|2021-09-26T12:08:02.0560000+01:00|1057B8A2|Alex Knightfall|409D|Broil III|40011D69|Living Liquid|2.43|100.0839|95.5061|0|0.04597211||6f1bb01e213fd97193c011de03bcbd52
38|2021-09-26T12:08:02.1000000+01:00|40011E12|Eos|00505000|92601|92601|10000|10000|0|0|100.1449|100.0533|0|0.7201669|D86D|30|0|28FE0030|44D709A8|1057B8A2|08AA|4061CAB9|107629AA|0107AD|41F00000|1075A2E4||1b3336aa39eb49f1c3f05e43f522702d
26|2021-09-26T12:08:02.1000000+01:00|7ad|Summon Order III|30.00|1075A2E4|Niru Summers|40011E12|Eos|01|92601|153077||32967190cbfcf8c5af0e08e1af133d1f
37|2021-09-26T12:08:02.1000000+01:00|40011DEA|Liquid Hand|00008D20|3539425|12889320|10000|10000|0||98.28333|100.328|0|0.5137475||ab38bf9237688245ba98c1de641e34f5
39|2021-09-26T12:08:02.1000000+01:00|107629AA|Joeson Lmoa|73832|106059|10000|10000|0|0|99.99231|96.81836|0|0.1217134||afe5f0a6cad7fcdf3b02aea1b0fb74f2
39|2021-09-26T12:08:02.1450000+01:00|107ABEEC|Greiyan Fletz|77143|106544|10000|10000|0|0|100.0847|96.86263|-0.001953693|-2.865278||e580116e2130613819fa8c272c6eb4db
37|2021-09-26T12:08:02.1900000+01:00|40011D69|Living Liquid|00008D1F|3393694|12889320|10000|10000|0||100.4196|100.328|0|0.016155||6af5b050b70925db34de1371ebfb9426
39|2021-09-26T12:08:02.1900000+01:00|1057B8A2|Alex Knightfall|77154|97285|4790|10000|0|0|100.0839|95.5061|0|0.04802274||e98074d95269704ea63be048bb9c93d8
37|2021-09-26T12:08:02.2340000+01:00|40011D69|Living Liquid|00008D21|3393694|12889320|10000|10000|0||100.4196|100.328|0|0.016155|0|0|0|01|02001F29|0|41200000|10752D6C||fb248ebcde0622329026b8b69393b4e1
26|2021-09-26T12:08:02.2340000+01:00|4a9|Reprisal|10.00|10752D6C|Volkon Vysk|40011D69|Living Liquid|00|12889320|152511||6a1e3e1f693e61bb220b2226aa050529
21|2021-09-26T12:08:02.2340000+01:00|40011E12|Eos|1D0E|Fey Union|1075A2E4|Niru Summers|F9DD0E|4C70000|96E4F60F|4C68000|1B|1D0E8000|0|0|0|0|0|0|0|0|0|0|82223|153077|10000|10000|0|1000|100.4501|102.8306|0|-2.952254|92601|92601|10000|10000|0|1000|100.1449|100.0533|0|0.7201669|00008D23|0|f3d2337be32b15e481c4e75bc2d986f6
39|2021-09-26T12:08:02.2340000+01:00|107401EC|Raesa Velan|67131|96887|1600|10000|0|0|100.2365|96.26917|0|-0.4545927||49c71e4f9f8cffbe92f8bb81d60ee003
21|2021-09-26T12:08:02.2780000+01:00|107ABEEC|Greiyan Fletz|1D35|Hakaze|40011D69|Living Liquid|710003|225A0000|1B|1D358000|0|0|0|0|0|0|0|0|0|0|0|0|3393694|12889320|10000|10000|0|1000|100.4196|100.328|0|0.016155|77143|106544|10000|10000|0|1000|100.071|96.81663|0|-3.073371|00008D24|0|04b040c9c092d5879697db85abd7c9a9
37|2021-09-26T12:08:02.3220000+01:00|40011DEA|Liquid Hand|00008D1F|3531551|12889320|10000|10000|0||98.28333|100.328|0|0.5137475|01|0|0|0||d532f99f701e0a7d3461a9e659517e45
04|2021-09-26T12:08:01.9930000+01:00|40011df8|Jagd Doll|0|50|0|0||9214|11338|0|167240|0|10000|0|0|101.1215|96.57422|0|-0.8213155||075fd25a25acb852975a773f6671c2f9
04|2021-09-26T12:08:01.9930000+01:00|40011dfc|Seraph|0|50|1057b8a2|0||8227|10487|0|92601|0|10000|0|0|100.1449|100.0533|0|2.025796||71b61dd251943bfc234c600ecc3d0441
37|2021-09-26T12:08:02.3670000+01:00|40011DEA|Liquid Hand|00008D21|3531551|12889320|10000|10000|0||98.28333|100.328|0|0.5137475|01|0|0|01|04001F29|0|41200000|10752D6C||3c573d19bc0341e0364678be832d6ba8
26|2021-09-26T12:08:02.3670000+01:00|4a9|Reprisal|10.00|10752D6C|Volkon Vysk|40011DEA|Liquid Hand|00|12889320|152511||35ede3c41930d1e7f27bd8e99b611255
22|2021-09-26T12:08:02.4120000+01:00|107629AA|Joeson Lmoa|4070|Apex Arrow|40011DEA|Liquid Hand|720103|9C000000|1B|40708000|0|0|0|0|0|0|0|0|0|0|0|0|3531551|12889320|10000|10000|0|1000|98.28333|100.328|0|0.5137475|73832|106059|10000|10000|0|1000|99.99231|96.81836|0|0.1217134|00008D25|0|b993b3861d20b0286fe2be1c016cf4d7
22|2021-09-26T12:08:02.4120000+01:00|107629AA|Joeson Lmoa|4070|Apex Arrow|40011D69|Living Liquid|720203|844D0000|1B|40708000|0|0|0|0|0|0|0|0|0|0|0|0|3393694|12889320|10000|10000|0|1000|100.4196|100.328|0|0.016155|73832|106059|10000|10000|0|1000|99.99231|96.81836|0|0.1217134|00008D25|1|d08f03007b846f9540952360936ffef0
24|2021-09-26T12:08:02.5450000+01:00|40011DEA|Liquid Hand|DoT|0|5086|3531551|12889320|10000|10000|0|1000|98.28333|100.328|0|0.5137475||7b7e89bb037e56951c6a1d841fb5d396
38|2021-09-26T12:08:02.5450000+01:00|107629AA|Joeson Lmoa|00505017|73832|106059|10000|10000|0|0|99.99231|96.81836|0|0.1217134|94C8|31|0|0A016D|41F00000|E0000000|0A0168|41F00000|E0000000|28FE0030|450F9573|107629AA|0|0|0|0102C2|3F9A9FA7|40011DF7|0|0|0|0|0|0|0|0|0|0344|4131E779|10675739||42fc4182f4b8f8e21323bdf82f4dfc05
38|2021-09-26T12:08:02.5450000+01:00|40011DEA|Liquid Hand|00505000|3510937|12889320|10000|10000|0|0|98.28333|100.328|0|0.5137475|94C8|31|0|0A00A3|4145124B|107401EC|0767|4182DF15|1057B8A2|04CC|41A07439|107ABEEC|2804B1|419ABE5A|107629AA|04A9|411C72B1|10752D6C|2804B0|419ABE5A|107629AA||f22c71033c7e8f31a315214349fd9c45
21|2021-09-26T12:08:02.5900000+01:00|107ABEEC|Greiyan Fletz|07|Attack|40011DEA|Liquid Hand|710103|1A570000|0|0|0|0|0|0|0|0|0|0|0|0|0|0|3510937|12889320|10000|10000|0|1000|98.28333|100.328|0|0.5137475|77143|106544|10000|10000|0|1000|100.0533|96.75745|0|0.09419727|00008D26|0|96d0a1b5655cdbf4081b0afc625698e6
22|2021-09-26T12:08:02.5900000+01:00|1075A2E4|Niru Summers|29|Overpower|40011D69|Living Liquid|710003|E4F0000|1B|298000|0|0|0|0|0|0|0|0|0|0|0|0|3393694|12889320|10000|10000|0|1000|100.4196|100.328|0|0.016155|82223|153077|10000|10000|0|1000|100.4501|102.8306|0|-3.124431|00008D27|0|b55ed9fc6ef326a6945b58c5a0613a6f
22|2021-09-26T12:08:02.5900000+01:00|1075A2E4|Niru Summers|29|Overpower|40011DEA|Liquid Hand|710003|EBE0000|1B|298000|0|0|0|0|0|0|0|0|0|0|0|0|3510937|12889320|10000|10000|0|1000|98.28333|100.328|0|0.5137475|82223|153077|10000|10000|0|1000|100.4501|102.8306|0|-3.124431|00008D27|1|03dd88ec2e0c89cd05e9f67323e714b9
21|2021-09-26T12:08:02.5900000+01:00|10752D6C|Volkon Vysk|07|Attack|40011D69|Living Liquid|710003|ABE0000|0|0|0|0|0|0|0|0|0|0|0|0|0|0|3393694|12889320|10000|10000|0|1000|100.4196|100.328|0|0.016155|122647|152511|10000|10000|0|1000|100.0533|103.4408|0|-3.126828|00008D28|0|c57ed81fa7b786988d1c74ed48a4ec0a
21|2021-09-26T12:08:02.6340000+01:00|1068703B|Tomo Uchuu|3E81|Jete|1068703B|Tomo Uchuu|0|0|0|0|0|0|0|0|0|0|0|0|0|0|0|0|47565|106478|10000|10000|0|1000|99.93559|96.00716|0|0.1298563|47565|106478|10000|10000|0|1000|99.93559|96.00716|0|0.1298563|00008D29|0|eb4b8a856680236c624d6d6cad7f9d1f
31|2021-09-26T12:08:02.6340000+01:00|1068703B|3460226|1000001|10762900|00|d9ad7c4747476ef188dea641ac62c792
37|2021-09-26T12:08:02.9010000+01:00|1075A2E4|Niru Summers|00008D23|82223|153077|10000|10000|0||100.4501|102.8306|0|-3.124431|1500|0|0|01|04000507|0|42700000|40011E12||2db5e07645383f86ffd4cd96bde7dbe0
26|2021-09-26T12:08:02.9010000+01:00|4c7|Fey Union|60.00|40011E12|Eos|1075A2E4|Niru Summers|00|153077|92601||7637720c9fa1f0ce50fc48498f5aa582
37|2021-09-26T12:08:02.9010000+01:00|40011E12|Eos|00008D23|92601|92601|10000|10000|0||100.1449|100.0533|0|0.1074281|0|0|0|01|03000506|96|0|40011E12||805f00da839278684862ad43fb8ea505
26|2021-09-26T12:08:02.9010000+01:00|4c6|Fey Union|9999.00|40011E12|Eos|40011E12|Eos|96|92601|92601||fb81f9bfd05284190dc19b6c68b4ca38
21|2021-09-26T12:08:02.9010000+01:00|40011DEA|Liquid Hand|4979|Unknown_4979|10752D6C|Volkon Vysk|730003|83D40000|0|0|0|0|0|0|0|0|0|0|0|0|0|0|122647|152511|10000|10000|0|1000|100.0533|103.4408|0|-3.126828|3510937|12889320|10000|10000|0|1000|98.28333|100.328|0|0.5137475|00008D2A|0|ed5aa06935dc55edc432e40470ba3f72
38|2021-09-26T12:08:02.9010000+01:00|40011E12|Eos|00505000|92601|92601|10000|10000|0|0|100.1449|100.0533|0|0.1074281|9598|31|0|28FE0030|44D6EE96|1057B8A2|08AA|402BA5DC|107629AA|0|0|0|9604C6|0|40011E12||78dbc5569cf3809d18c9915e39149f0c
30|2021-09-26T12:08:02.9010000+01:00|7ad|Summon Order III|0.00|1075A2E4|Niru Summers|40011E12|Eos|01|92601|153077||ea0a7cd94021bf74d3fa157bcb9bc733
37|2021-09-26T12:08:02.9460000+01:00|40011D69|Living Liquid|00008D24|3384900|12889320|10000|10000|0||100.4196|100.328|0|0.016155||551a197bd6946655fea7b8faf1561799
21|2021-09-26T12:08:02.9460000+01:00|107401EC|Raesa Velan|4079|Despair|40011DEA|Liquid Hand|150003|AC8C0000|33D|438000|1B|40798000|0|0|0|0|0|0|0|0|0|0|3510937|12889320|10000|10000|0|1000|98.28333|100.328|0|0.5137475|67131|96887|1600|10000|0|1000|100.2365|96.26917|0|-0.4545927|00008D2B|0|ec59f2eb9ccebd563696d1545ea17471
21|2021-09-26T12:08:02.9460000+01:00|107629AA|Joeson Lmoa|08|Shot|40011D69|Living Liquid|720003|E310000|0|0|0|0|0|0|0|0|0|0|0|0|0|0|3393694|12889320|10000|10000|0|1000|100.4196|100.328|0|0.016155|73832|106059|10000|10000|0|1000|99.99231|96.81836|0|0.1217134|00008D2C|0|7053f3b21a63ea115c3b5d68b21ec267
37|2021-09-26T12:08:03.0340000+01:00|40011DEA|Liquid Hand|00008D22|3487170|12889320|10000|10000|0||98.28333|100.328|0|0.5137475||a9af0a001e7feae2c9fde731179b9131
37|2021-09-26T12:08:03.1230000+01:00|40011DEA|Liquid Hand|00008D26|3480427|12889320|10000|10000|0||98.28333|100.328|0|0.5137475||fc02fbaca5cd262a2a23da2cb80a1408
37|2021-09-26T12:08:03.1230000+01:00|40011D69|Living Liquid|00008D28|3382150|12889320|10000|10000|0||100.4196|100.328|0|0.016155||47fe31698ebdcacc9a91e1fc77707f21
37|2021-09-26T12:08:03.2550000+01:00|40011D69|Living Liquid|00008D27|3378487|12889320|10000|10000|0||100.4196|100.328|0|0.016155||5898ef0850e29591144d9c81c3c0fcb3
22|2021-09-26T12:08:03.3440000+01:00|10752D6C|Volkon Vysk|3F23|Fated Circle|40011D69|Living Liquid|710003|1EED0000|0|0|0|0|0|0|0|0|0|0|0|0|0|0|3378487|12889320|10000|10000|0|1000|100.4196|100.328|0|0.016155|122647|152511|10000|10000|0|1000|100.0533|103.4408|0|-3.126828|00008D2D|0|fd47c74d4d8f348a6f8f9a4c76080b43
22|2021-09-26T12:08:03.3440000+01:00|10752D6C|Volkon Vysk|3F23|Fated Circle|40011DEA|Liquid Hand|710003|204C0000|0|0|0|0|0|0|0|0|0|0|0|0|0|0|3480427|12889320|10000|10000|0|1000|98.28333|100.328|0|0.5137475|122647|152511|10000|10000|0|1000|100.0533|103.4408|0|-3.126828|00008D2D|1|b1b249e6b4b7c0d9544de3cc21a13f74
37|2021-09-26T12:08:03.3890000+01:00|40011DEA|Liquid Hand|00008D27|3476653|12889320|10000|10000|0||98.28333|100.328|0|0.5137475|01|0|0|0||d40206300848591a6e316943f834cdaa
37|2021-09-26T12:08:03.4340000+01:00|40011DEA|Liquid Hand|00008D2B|3432481|12889320|10000|10000|0||98.28333|100.328|0|0.5137475||01023930521ec7362080e12c5ed1a02d
37|2021-09-26T12:08:03.4340000+01:00|10752D6C|Volkon Vysk|00008D2A|88899|152511|10000|10000|0||100.0533|103.4408|0|-3.126924|2500|0|0|0||fb5abb72a48d1da569213ec6db4a8808
24|2021-09-26T12:08:03.4340000+01:00|10675739|Jasy Heavensong|HoT|0|200E|67743|97086|8452|10000|0|1000|99.83972|97.24573|0|-0.01768899||e8871c5b6c4cad6a126f8b7abad56d01
24|2021-09-26T12:08:03.4340000+01:00|1075A2E4|Niru Summers|HoT|0|14DF|82223|153077|10000|10000|0|1000|100.4501|102.8306|0|-3.124431||217f13c4f4d25f01a05449416e2269ae
24|2021-09-26T12:08:03.4340000+01:00|10752D6C|Volkon Vysk|HoT|0|3AFA|122647|152511|10000|10000|0|1000|100.0533|103.4408|0|-3.126924||734b12dfe7d4aadd94cbec1cc4d300e2
38|2021-09-26T12:08:03.4340000+01:00|10675739|Jasy Heavensong|00505021|75949|97086|8952|10000|0|0|99.83972|97.24573|0|-0.01768899|9504|31|0|0A0168|41F00000|E0000000|0F016B|41F00000|E0000000|0102C2|3E6B8474|40011DF7|28FE0030|450F83AE|10675739|0|0|0|08AA|4006A7EA|107629AA|0|0|0|0347|0|10675739|0|0|0|0|0|0|04B4|406FFFB8|10675739|0344|411F6051|10675739|0|0|0|0764|40A50E3E|10675739||b85b5de7f8cea6115d0d970ef044af4b
38|2021-09-26T12:08:03.4340000+01:00|1075A2E4|Niru Summers|00505015|87566|153077|10000|10000|0|0|100.4501|102.8306|0|-3.124431|9504|31|0|0A016D|41F00000|E0000000|0A0168|41F00000|E0000000|5B|0|1075A2E4|28FD0030|4510F21B|1075A2E4|04C7|42700000|40011E12|0344|412E5E42|10675739|0|0|0|08AA|4006A7EA|107629AA|0102C2|3EE7EF41|40011DF7|5A|4263290C|1075A2E4|0|0|0|0|0|0|04A7|40D6F1A9|1075A2E4||a34d1b58d7d3c6abc999968b1fdceb13
38|2021-09-26T12:08:03.4340000+01:00|10752D6C|Volkon Vysk|00505025|103997|152511|10000|10000|0|0|100.0533|103.4408|0|-3.126924|9504|31|0|14016A|41F00000|E0000000|0A0168|41F00000|E0000000|28FD0030|4510D38F|10752D6C|0343|41335C35|10675739|08AA|4006A7EA|107629AA|0|0|0|0102C2|3EFE766D|40011DF7|0|0|0|0|0|0|0|0|0|0344|412C3D7E|10675739|0|0|0|0|0|0|0|0|0|0|0|0|0729|0|10752D6C||50bf8ff5a2e2e282eec77e718b9a77ba
37|2021-09-26T12:08:03.4790000+01:00|40011DEA|Liquid Hand|00008D25|3392545|12889320|10000|10000|0||98.28333|100.328|0|0.5137475||6f55094379f22ac53720bf2dd8db628b
20|2021-09-26T12:08:03.4790000+01:00|10675739|Jasy Heavensong|E11|Aspected Helios|10675739|Jasy Heavensong|1.90|99.83972|97.24573|0|-0.01768899||197a695e7e4c22e8580b14ec05803ece
24|2021-09-26T12:08:03.5230000+01:00|1068703B|Tomo Uchuu|HoT|0|1F89|47565|106478|10000|10000|0|1000|99.93559|96.00716|0|0.1528947||061e38b824f3041bc667fd68157df525
38|2021-09-26T12:08:03.5230000+01:00|1068703B|Tomo Uchuu|00505026|55638|106478|10000|10000|0|0|99.93559|96.00716|0|0.1528947|9504|31|0|14016A|41F00000|E0000000|0A0168|41F00000|E0000000|071F|42700000|1068703B|28FE0030|45102E7F|1068703B|0102C2|3EA3539B|40011DF7|08AA|4000F5BD|107629AA|071A|4154418F|1068703B|071D|41761365|1068703B|0737|41761365|1068703B|0717|4180438A|1068703B|0|0|0|0|0|0|0344|4126873A|10675739||ceaaf44af97bbe06885e814a865b2f1c
24|2021-09-26T12:08:03.5680000+01:00|107629AA|Joeson Lmoa|HoT|0|153A|73832|106059|10000|10000|0|1000|99.99231|96.81836|0|0.1217134||34fb6f59d80a94459b70e31fce4a98ee
38|2021-09-26T12:08:03.5680000+01:00|107ABEEC|Greiyan Fletz|00505022|77143|106544|10000|10000|0|0|100.0533|96.75745|0|0.09419727|9504|31|0|0720|42700000|1068703B|14016A|41F00000|E0000000|0A0168|41F00000|E0000000|28FE0030|450F87FA|107ABEEC|0|0|0|0102C2|3D50E2C0|40011DF7|0|0|0|0839|41755B13|1068703B|0737|41755B13|1068703B|08AA|40A00000|107629AA|0513|420C9084|107ABEEC|0|0|0|0|0|0|0344|4123AE24|10675739|0|0|0|0|0|0|0512|418FDB79|107ABEEC||10e5c2d0dc545022359a65ec0a6e1e87
26|2021-09-26T12:08:03.5680000+01:00|720|Dance Partner|60.00|1068703B|Tomo Uchuu|107ABEEC|Greiyan Fletz|00|106544|106478||b9345ff0a746a22a925f619b95375eb7
26|2021-09-26T12:08:03.5680000+01:00|8aa|Army's Paeon|5.00|107629AA|Joeson Lmoa|107ABEEC|Greiyan Fletz|00|106544|106059||b96a93eae67288a8bbba68bdde604ffc
38|2021-09-26T12:08:03.5680000+01:00|107401EC|Raesa Velan|00505019|67131|96887|0|10000|0|0|100.2365|96.26917|0|-0.4545927|9504|31|0|0A016D|41F00000|E0000000|0A0168|41F00000|E0000000|29020030|45927A8E|107401EC|0102C2|3E106190|40011DF7|08AA|40A00000|107629AA|0|0|0|A4|40FEF9F4|107401EC|0344|411F6051|10675739||ee4a1d6d96471adcece7b2bb81c3fe77
26|2021-09-26T12:08:03.5680000+01:00|8aa|Army's Paeon|5.00|107629AA|Joeson Lmoa|107401EC|Raesa Velan|00|96887|106059||d4de3c0914f17260f3331f4592a24787
38|2021-09-26T12:08:03.5680000+01:00|40011E12|Eos|00505000|92601|92601|10000|10000|0|0|100.1449|100.0533|0|0.1074281|9504|31|0|28FE0030|44D6D940|1057B8A2|08AA|40A00000|107629AA|0|0|0|9604C6|0|40011E12||8317f5b771b0981be34b605586406fc9
26|2021-09-26T12:08:03.5680000+01:00|8aa|Army's Paeon|5.00|107629AA|Joeson Lmoa|40011E12|Eos|00|92601|106059||93388a80962db1b4b907f5714eb9fb0d
38|2021-09-26T12:08:03.5680000+01:00|1057B8A2|Alex Knightfall|0050501C|77154|97285|4790|10000|0|0|100.0839|95.5061|0|0.06351733|9504|31|0|0A016D|41F00000|E0000000|1E016C|41F00000|E0000000|28FE0030|44D6D940|1057B8A2|0102C2|3E6B8463|40011DF7|0|0|0|0|0|0|0344|4127F3C5|10675739|08AA|40A00000|107629AA|030130|0|1057B8A2||319a89e415b82859be19705dc0371964
26|2021-09-26T12:08:03.5680000+01:00|8aa|Army's Paeon|5.00|107629AA|Joeson Lmoa|1057B8A2|Alex Knightfall|00|97285|106059||9b6aecfb1fc47f048f3b32b44deb904c
38|2021-09-26T12:08:03.5680000+01:00|107629AA|Joeson Lmoa|00505017|79266|106059|10000|10000|0|0|99.99231|96.81836|0|0.1217134|9504|31|0|0A016D|41F00000|E0000000|0A0168|41F00000|E0000000|28FE0030|450F851A|107629AA|0|0|0|0102C2|3E3D6FE7|40011DF7|0|0|0|0|0|0|0|0|0|0344|41218947|10675739||3c0662d0db8595ca762172d9aaebb538
38|2021-09-26T12:08:03.5680000+01:00|10675739|Jasy Heavensong|00505021|75949|97086|8952|10000|0|0|99.83972|97.24573|0|-0.01768899|9504|31|0|0A0168|41F00000|E0000000|0F016B|41F00000|E0000000|0102C2|3DC49A50|40011DF7|28FE0030|450F818A|10675739|0|0|0|08AA|409E8F5C|107629AA|0|0|0|0347|0|10675739|0|0|0|0|0|0|04B4|40676C43|10675739|0344|411D3B74|10675739|0|0|0|0764|40A0C483|10675739||5d619f90ff81c4929d115be66950be81
26|2021-09-26T12:08:03.5680000+01:00|8aa|Army's Paeon|4.96|107629AA|Joeson Lmoa|10675739|Jasy Heavensong|00|97086|106059||518c168218043ac0855d524b0a457573
38|2021-09-26T12:08:03.5680000+01:00|1068703B|Tomo Uchuu|00505026|55638|106478|10000|10000|0|0|99.93559|96.00716|0|0.1528947|9504|31|0|14016A|41F00000|E0000000|0A0168|41F00000|E0000000|071F|42700000|1068703B|28FE0030|45102DC7|1068703B|0102C2|3E8C495E|40011DF7|08AA|409E8F5C|107629AA|071A|4153893D|1068703B|071D|41755B13|1068703B|0737|41755B13|1068703B|0717|417FCEC2|1068703B|0|0|0|0|0|0|0344|4125CEE8|10675739||b1f1cfae0f23ba3d58c1b9ad6a8cb1c9
26|2021-09-26T12:08:03.5680000+01:00|8aa|Army's Paeon|4.96|107629AA|Joeson Lmoa|1068703B|Tomo Uchuu|00|106478|106059||7152b276b2290103487193d512d3d6da
38|2021-09-26T12:08:03.5680000+01:00|1075A2E4|Niru Summers|00505015|87566|153077|10000|10000|0|0|100.4501|102.8306|0|-3.124431|9504|31|0|0A016D|41F00000|E0000000|0A0168|41F00000|E0000000|5B|0|1075A2E4|28FD0030|4510EFF7|1075A2E4|04C7|42700000|40011E12|0344|412C3965|10675739|0|0|0|08AA|409E8F5C|107629AA|0102C2|3EA3539C|40011DF7|5A|42629FD6|1075A2E4|0|0|0|0|0|0|04A7|40D2A7EE|1075A2E4||7b0ba9931a7943872eefdc9686ddeca5
26|2021-09-26T12:08:03.5680000+01:00|8aa|Army's Paeon|4.96|107629AA|Joeson Lmoa|1075A2E4|Niru Summers|00|153077|106059||239a86250732260b82667ee3b0679658
38|2021-09-26T12:08:03.5680000+01:00|10752D6C|Volkon Vysk|00505025|103997|152511|10000|10000|0|0|100.0533|103.4408|0|-3.126924|9504|31|0|14016A|41F00000|E0000000|0A0168|41F00000|E0000000|28FD0030|4510D16B|10752D6C|0343|41313758|10675739|08AA|409E8F5C|107629AA|0|0|0|0102C2|3EB9DAC8|40011DF7|0|0|0|0|0|0|0|0|0|0344|412A18A1|10675739|0|0|0|0|0|0|0|0|0|0|0|0|0729|0|10752D6C||70181c7c0449101a37ffa215f51aca5e
26|2021-09-26T12:08:03.5680000+01:00|8aa|Army's Paeon|4.96|107629AA|Joeson Lmoa|10752D6C|Volkon Vysk|00|152511|106059||03bac84dd6c9f6312c360efa92204854
37|2021-09-26T12:08:03.6130000+01:00|40011D69|Living Liquid|00008D25|3344618|12889320|10000|10000|0||100.4196|100.328|0|0.016155|01|0|0|0||452316d79dbc1a200aa7f8877eb02b3e
24|2021-09-26T12:08:03.6130000+01:00|107ABEEC|Greiyan Fletz|HoT|0|14CB|82466|106544|10000|10000|0|1000|100.0533|96.75745|0|0.09419727||af90b371582e2d566bd36fcf4d836371
21|2021-09-26T12:08:03.6130000+01:00|1068703B|Tomo Uchuu|3E7F|Emboite|1068703B|Tomo Uchuu|0|0|0|0|0|0|0|0|0|0|0|0|0|0|0|0|55638|106478|10000|10000|0|1000|99.93559|96.00716|0|0.1591783|55638|106478|10000|10000|0|1000|99.93559|96.00716|0|0.1591783|00008D2E|0|6f7ae96c5a8b54b931192ae553548507
38|2021-09-26T12:08:03.6130000+01:00|107ABEEC|Greiyan Fletz|00505022|82466|106544|10000|10000|0|0|100.0533|96.75745|0|0.09419727|9504|31|0|0720|42700000|1068703B|14016A|41F00000|E0000000|0A0168|41F00000|E0000000|28FE0030|450F8746|107ABEEC|0|0|0|0102C2|3BE54B40|40011DF7|0|0|0|0839|4174A6DA|1068703B|0737|4174A6DA|1068703B|08AA|409E978D|107629AA|0513|420C6376|107ABEEC|0|0|0|0|0|0|0344|4122F9EB|10675739|0|0|0|0|0|0|0512|418F815C|107ABEEC||293906c866eefd7c127f1b341e335b65
31|2021-09-26T12:08:03.6130000+01:00|1068703B|3460226|2000001|40011D00|00|3581175b004b7799b6fd523c919cbcee
24|2021-09-26T12:08:03.6570000+01:00|1057B8A2|Alex Knightfall|HoT|0|13BB|77154|97285|4790|10000|0|1000|100.0839|95.5061|0|0.06351733||6d387e22205e70d61c384ea2ac989d35
38|2021-09-26T12:08:03.6570000+01:00|107ABEEC|Greiyan Fletz|00505022|82466|106544|10000|10000|0|0|100.0533|96.75745|0|0.09419727|9598|31|0|0720|42700000|1068703B|14016A|41F00000|E0000000|0A0168|41F00000|E0000000|28FE0030|450F868E|107ABEEC|0|0|0|0|0|0|0|0|0|0839|4173EE88|1068703B|0737|4173EE88|1068703B|08AA|409D26E9|107629AA|0513|420C3562|107ABEEC|0|0|0|0|0|0|0344|41224199|10675739|0|0|0|0|0|0|0512|418F2533|107ABEEC||6b720e38527fa2162d8e4a7524b97566
30|2021-09-26T12:08:03.6570000+01:00|2c2|Luminous Aetheroplasm|0.00|40011DF7|Jagd Doll|107ABEEC|Greiyan Fletz|01|106544|167240||831d7cf9d555e94ff83f820ff92fd5cb
38|2021-09-26T12:08:03.6570000+01:00|1057B8A2|Alex Knightfall|0050501C|82205|97285|4790|10000|0|0|100.0839|95.5061|0|0.06351733|9598|31|0|0A016D|41F00000|E0000000|1E016C|41F00000|E0000000|28FE0030|44D6D667|1057B8A2|0102C2|3E106192|40011DF7|0|0|0|0|0|0|0344|4126873A|10675739|08AA|409D26E9|107629AA|030130|0|1057B8A2||1d8a481f4c63cf943ca8639a619be6ec
37|2021-09-26T12:08:03.7020000+01:00|40011D69|Living Liquid|00008D2C|3340985|12889320|10000|10000|0||100.4196|100.328|0|0.016155||73661656f1a0deacd93f336316316a13
24|2021-09-26T12:08:03.7020000+01:00|107401EC|Raesa Velan|HoT|0|14BF|67131|96887|0|10000|0|1000|100.2365|96.26917|0|-0.4545927||0fd9406cf0b119d899b8d9c1f3dfb469
21|2021-09-26T12:08:03.7020000+01:00|40011D69|Living Liquid|4978|Unknown_4978|1075A2E4|Niru Summers|730003|690E0000|0|0|0|0|0|0|0|0|0|0|0|0|0|0|87566|153077|10000|10000|0|1000|100.4501|102.8306|0|-3.124431|3344618|12889320|10000|10000|0|1000|100.4196|100.328|0|0.016155|00008D2F|0|2fb9d79fe27116c969c10fb3d63f459e
38|2021-09-26T12:08:03.7020000+01:00|107401EC|Raesa Velan|00505019|72442|96887|0|10000|0|0|100.2365|96.26917|0|-0.4545927|9598|31|0|0A016D|41F00000|E0000000|0A0168|41F00000|E0000000|29020030|4592797E|107401EC|0102C2|3C030690|40011DF7|08AA|409BBE76|107629AA|0|0|0|A4|40FAB86A|107401EC|0344|411D3F8D|10675739||0129946aaca5aa1a9ae47cb99f244fd3
38|2021-09-26T12:08:03.7020000+01:00|10675739|Jasy Heavensong|00505021|75949|97086|8952|10000|0|0|99.83972|97.24573|0|-0.01768899|9598|31|0|0A0168|41F00000|E0000000|0F016B|41F00000|E0000000|0|0|0|28FE0030|450F7F6A|10675739|0|0|0|08AA|409A4DD2|107629AA|0|0|0|0347|0|10675739|0|0|0|0|0|0|04B4|405EE931|10675739|0344|411B1AB0|10675739|0|0|0|0764|409C82F9|10675739||155d446402fd02086b25e30232e79ea4
30|2021-09-26T12:08:03.7020000+01:00|2c2|Luminous Aetheroplasm|0.00|40011DF7|Jagd Doll|10675739|Jasy Heavensong|01|97086|167240||94b9865f871261975e0f6800ad5d2c25
38|2021-09-26T12:08:03.7460000+01:00|107401EC|Raesa Velan|00505019|72442|96887|0|10000|0|0|100.2365|96.26917|0|-0.4545927|9598|31|0|0A016D|41F00000|E0000000|0A0168|41F00000|E0000000|29020030|45927922|107401EC|0|0|0|08AA|409A4DD2|107629AA|0|0|0|A4|40F947C6|107401EC|0344|411C873B|10675739||966de11c7ff91cd4fa3554d12a0cc335
30|2021-09-26T12:08:03.7460000+01:00|2c2|Luminous Aetheroplasm|0.00|40011DF7|Jagd Doll|107401EC|Raesa Velan|01|96887|167240||8376af98182b111456537ca81661f1fd
38|2021-09-26T12:08:03.7910000+01:00|107629AA|Joeson Lmoa|00505017|79266|106059|10000|10000|0|0|99.99231|96.81836|0|0.1217134|9598|31|0|0A016D|41F00000|E0000000|0A0168|41F00000|E0000000|28FE0030|450F818E|107629AA|0|0|0|0|0|0|0|0|0|0|0|0|0|0|0|0344|411DFBF8|10675739||fb390ebcb5f9771fd943fe0d2ee13add
30|2021-09-26T12:08:03.7910000+01:00|2c2|Luminous Aetheroplasm|0.00|40011DF7|Jagd Doll|107629AA|Joeson Lmoa|01|106059|167240||d3e005d7814c8c6300b29eab61589b5b
38|2021-09-26T12:08:03.8360000+01:00|1057B8A2|Alex Knightfall|0050501C|82205|97285|4790|10000|0|0|100.0839|95.5061|0|0.06351733|0|0|0|0A016D|41F00000|E0000000|1E016C|41F00000|E0000000|28FE0030|44D6D0B5|1057B8A2|0|0|0|0|0|0|0|0|0|0344|4123AE24|10675739|08AA|409774BB|107629AA|030130|0|1057B8A2||c65d44147044be9bef4a327dbd31380b
30|2021-09-26T12:08:03.8360000+01:00|2c2|Luminous Aetheroplasm|0.00|40011DF7|Jagd Doll|1057B8A2|Alex Knightfall|01|97285|167240||14fb5ecb9337d3e00427222c619d2965
03|2021-09-26T12:08:03.4970000+01:00|40011d74|Living Liquid|0|1|0|0||9211|9020|44|44|0|10000|0|0|100.4225|100.3544|0|-0.1159613||f699d7a0e64d48001ca0d6047bfb7055
03|2021-09-26T12:08:03.4970000+01:00|40011d77|Living Liquid|0|1|0|0||9211|9020|44|44|0|10000|0|0|100.4225|100.3544|0|-3.019927||0fc667964bc86ce824573f9af64077d4
03|2021-09-26T12:08:03.4970000+01:00|40011d7a|Living Liquid|0|1|0|0||9211|9020|44|44|0|10000|0|0|100.4225|100.3544|0|-3.03009||e781c0815731afca4f47617b7b762d52
03|2021-09-26T12:08:03.4970000+01:00|40011d75|Living Liquid|0|1|0|0||9211|9020|44|44|0|10000|0|0|100.4225|100.3544|0|-3.077836||8a6227647ea1ee0beaaaede1d4d6e197
03|2021-09-26T12:08:03.4970000+01:00|40011d76|Living Liquid|0|1|0|0||9211|9020|44|44|0|10000|0|0|100.4225|100.3544|0|-3.101133||f2bbcb244fb8c6d856a371049d242f28
03|2021-09-26T12:08:03.4970000+01:00|40011d79|Living Liquid|0|1|0|0||9211|9020|44|44|0|10000|0|0|100.4225|100.3544|0|-2.964895||6e4dda29e0603075d1da906217500cda
03|2021-09-26T12:08:03.4970000+01:00|40011d78|Living Liquid|0|1|0|0||9211|9020|44|44|0|10000|0|0|100.4225|100.3544|0|-3.047251||f88652bb0329fd3e439d20382f459ddf
37|2021-09-26T12:08:03.8810000+01:00|40011D69|Living Liquid|00008D2D|3333068|12889320|10000|10000|0||100.4196|100.328|0|0.016155||4eb8ca166b4b391b28ac5f3a5d09a287
38|2021-09-26T12:08:03.8810000+01:00|1068703B|Tomo Uchuu|00505026|55638|106478|10000|10000|0|0|99.93559|96.00716|0|0.1591783|0|0|0|14016A|41F00000|E0000000|0A0168|41F00000|E0000000|071F|42700000|1068703B|28FE0030|451028CB|1068703B|0|0|0|08AA|40949373|107629AA|071A|414E8B4A|1068703B|071D|41705D20|1068703B|0737|41705D20|1068703B|0717|417AD0CF|1068703B|0|0|0|0|0|0|0344|4120D0F5|10675739||e099cadf2d1c5c1cb2fecb921e767a29
26|2021-09-26T12:08:03.8810000+01:00|71f|Closed Position|60.00|1068703B|Tomo Uchuu|1068703B|Tomo Uchuu|00|106478|106478||519fbc27cdc4fc62a1f7435bef2f37d7
30|2021-09-26T12:08:03.8810000+01:00|2c2|Luminous Aetheroplasm|0.00|40011DF7|Jagd Doll|1068703B|Tomo Uchuu|01|106478|167240||ae2ae8f99ffe9a603396ec514624d33e
20|2021-09-26T12:08:03.9250000+01:00|40011D69|Living Liquid|4822|Protean Wave|40011D69|Living Liquid|2.70|100.4196|100.328|0|0.016155||2257977ebbfbd0eb62b3e04a52c9b3eb
20|2021-09-26T12:08:03.9250000+01:00|40011D74|Living Liquid|4824|Protean Wave|40011D74|Living Liquid|2.70|100.4225|100.3544|0|-0.1159613||a11dccf73dfed094ed712fc3fd8491b9
20|2021-09-26T12:08:03.9250000+01:00|40011D76|Living Liquid|4824|Protean Wave|40011D76|Living Liquid|2.70|100.4225|100.3544|0|-3.101133||03cb201748d9b31185fb0bf45c081cd3
20|2021-09-26T12:08:03.9250000+01:00|40011D75|Living Liquid|4824|Protean Wave|40011D75|Living Liquid|2.70|100.4225|100.3544|0|-3.077836||f958b4c57f2e3a71ec7a5c4e90bd1904
20|2021-09-26T12:08:03.9250000+01:00|40011D78|Living Liquid|4824|Protean Wave|40011D78|Living Liquid|2.70|100.4225|100.3544|0|-3.047251||62d52ae92d38c85a4a461d5606a65cbc
20|2021-09-26T12:08:03.9250000+01:00|40011D77|Living Liquid|4824|Protean Wave|40011D77|Living Liquid|2.70|100.4225|100.3544|0|-3.019927||3361a8d2dd71f887c76d305976bbc793
20|2021-09-26T12:08:03.9250000+01:00|40011D7A|Living Liquid|4824|Protean Wave|40011D7A|Living Liquid|2.70|100.4225|100.3544|0|-3.03009||2d14551d086429e4bbb38a27068ff7ba
20|2021-09-26T12:08:03.9250000+01:00|40011D79|Living Liquid|4824|Protean Wave|40011D79|Living Liquid|2.70|100.4225|100.3544|0|-2.964895||4f2c7c213cec84ed5d31827819c93247
20|2021-09-26T12:08:03.9250000+01:00|107401EC|Raesa Velan|9A|Blizzard III|40011DEA|Liquid Hand|1.64|100.2365|96.26917|0|-0.4545927||8b6d1cf3b61d669d3214ebb20d2728db
38|2021-09-26T12:08:03.9250000+01:00|1075A2E4|Niru Summers|00505015|87566|153077|10000|10000|0|0|100.4501|102.8306|0|-3.124431|0|0|0|0A016D|41F00000|E0000000|0A0168|41F00000|E0000000|5B|0|1075A2E4|28FD0030|4510EA47|1075A2E4|04C7|42700000|40011E12|0344|41268739|10675739|0|0|0|08AA|40932B00|107629AA|0|0|0|5A|4261334E|1075A2E4|0|0|0|0|0|0|04A7|40C74392|1075A2E4||1a269520522e21be77d101089a4032ee
30|2021-09-26T12:08:03.9250000+01:00|2c2|Luminous Aetheroplasm|0.00|40011DF7|Jagd Doll|1075A2E4|Niru Summers|01|153077|167240||53048bc6e8f3842e5e67b15afd18beae
21|2021-09-26T12:08:03.9690000+01:00|1057B8A2|Alex Knightfall|409D|Broil III|40011D69|Living Liquid|750003|462A0000|1B|409D8000|0|0|0|0|0|0|0|0|0|0|0|0|3333068|12889320|10000|10000|0|1000|100.4196|100.328|0|0.016155|82205|97285|4790|10000|0|1000|100.0839|95.5061|0|0.06351733|00008D30|0|04e98a3ea0846510ef3fe5188f74e51a
38|2021-09-26T12:08:03.9690000+01:00|10752D6C|Volkon Vysk|00505025|103997|152511|10000|10000|0|0|100.0533|103.4408|0|-3.105577|0|0|0|14016A|41F00000|E0000000|0A0168|41F00000|E0000000|28FD0030|4510CB07|10752D6C|0343|412AD0F3|10675739|08AA|4091C28D|107629AA|0|0|0|0|0|0|0|0|0|0|0|0|0|0|0|0344|4123B23C|10675739|0|0|0|0|0|0|0|0|0|0|0|0|0729|0|10752D6C||29058b2dfec2cb540143cd556643d868
30|2021-09-26T12:08:03.9690000+01:00|2c2|Luminous Aetheroplasm|0.00|40011DF7|Jagd Doll|10752D6C|Volkon Vysk|01|152511|167240||7f0cfed71a2ae6d6b99d1e34bbcac436
37|2021-09-26T12:08:04.0130000+01:00|40011DEA|Liquid Hand|00008D2D|3384277|12889320|10000|10000|0||98.28333|100.328|0|0.5137475|01|0|0|0||659885408ce0af4454a528e7b1af77cf
20|2021-09-26T12:08:04.1020000+01:00|40011DEA|Liquid Hand|482D|Hand Of Pain|40011DEA|Liquid Hand|2.70|98.28333|100.328|0|0.5137475||6a046c1c98b50b740fa28f840171a4ef
21|2021-09-26T12:08:04.1910000+01:00|1075A2E4|Niru Summers|07|Attack|40011D69|Living Liquid|710003|ECF0000|0|0|0|0|0|0|0|0|0|0|0|0|0|0|3333068|12889320|10000|10000|0|1000|100.4196|100.328|0|0.016155|60672|153077|10000|10000|0|1000|100.4501|102.8306|0|-3.124431|00008D31|0|85656c7b0c38d5efda035b8a6a7c443e
37|2021-09-26T12:08:04.2350000+01:00|1075A2E4|Niru Summers|00008D2F|60672|153077|10000|10000|0||100.4501|102.8306|0|-3.124431|1500|0|0|0||ae576f1ced483c07fd77b4dbf0c7f0a8
21|2021-09-26T12:08:04.4130000+01:00|107ABEEC|Greiyan Fletz|1D38|Yukikaze|40011D69|Living Liquid|48710103|5CBE0000|13D|B88000|11B|1D388000|0|0|0|0|0|0|0|0|0|0|3333068|12889320|10000|10000|0|1000|100.4196|100.328|0|0.016155|82466|106544|10000|10000|0|1000|100.0533|96.75745|0|0.09419727|00008D32|0|d1c6acf6747d709aca278d0809475bce
22|2021-09-26T12:08:04.5920000+01:00|107629AA|Joeson Lmoa|6A|Quick Nock|40011D69|Living Liquid|720003|18850000|1B|6A8000|0|0|0|0|0|0|0|0|0|0|0|0|3333068|12889320|10000|10000|0|1000|100.4196|100.328|0|0.016155|79266|106059|10000|10000|0|1000|99.99231|96.81836|0|0.1217134|00008D33|0|9b81731dd25e74e91fd54f1590f13bd7
22|2021-09-26T12:08:04.5920000+01:00|107629AA|Joeson Lmoa|6A|Quick Nock|40011DEA|Liquid Hand|720303|31AD0000|1B|6A8000|0|0|0|0|0|0|0|0|0|0|0|0|3384277|12889320|10000|10000|0|1000|98.28333|100.328|0|0.5137475|79266|106059|10000|10000|0|1000|99.99231|96.81836|0|0.1217134|00008D33|1|b09bb32e6dc42d2080f16b4b7f8c86a5
38|2021-09-26T12:08:04.5920000+01:00|107ABEEC|Greiyan Fletz|00505022|82466|106544|10000|10000|0|0|100.0533|96.75745|0|0.09419727|0|0|0|0720|42700000|1068703B|14016A|41F00000|E0000000|0A0168|41F00000|E0000000|28FE0030|450F77A6|107ABEEC|0|0|0|0|0|0|0|0|0|0839|42700000|1068703B|0737|416500FA|1068703B|08AA|407E9783|107629AA|0513|42087A05|107ABEEC|0|0|0|0|0|0|0344|4113540B|10675739|0|0|0|0|0|0|0512|4187AE67|107ABEEC||1039dc54101b1448012f1a9bbb77612d
26|2021-09-26T12:08:04.5920000+01:00|839|Standard Finish|60.00|1068703B|Tomo Uchuu|107ABEEC|Greiyan Fletz|00|106544|106478||f10fec01628abcc0ddfecb76a3a48fe7
38|2021-09-26T12:08:04.5920000+01:00|107ABEEC|Greiyan Fletz|00505022|82466|106544|10000|10000|0|0|100.0533|96.75745|0|0.09419727|948D|31|0|0720|42700000|1068703B|14016A|41F00000|E0000000|0A0168|41F00000|E0000000|28FE0030|450F77A6|107ABEEC|0|0|0|0|0|0|0|0|0|0839|42700000|1068703B|0737|42700000|1068703B|08AA|407E9783|107629AA|0513|42087A05|107ABEEC|0|0|0|0|0|0|0344|4113540B|10675739|0|0|0|0|0|0|0512|4187AE67|107ABEEC||23cbffe25b829b0319aea317dc7625f6
26|2021-09-26T12:08:04.5920000+01:00|737|Esprit|60.00|1068703B|Tomo Uchuu|107ABEEC|Greiyan Fletz|00|106544|106478||fa6257a655ffd76592103f7adcdd840e
22|2021-09-26T12:08:04.5920000+01:00|1068703B|Tomo Uchuu|3F40|Double Standard Finish|1068703B|Tomo Uchuu|50E|71D0000|E|7370000|0|0|0|0|0|0|0|0|0|0|0|0|55638|106478|10000|10000|0|1000|99.93559|96.00716|0|0.1696506|55638|106478|10000|10000|0|1000|99.93559|96.00716|0|0.1696506|00008D34|0|17906a7e1a212c299d47026bd69c2391
22|2021-09-26T12:08:04.5920000+01:00|1068703B|Tomo Uchuu|3F40|Double Standard Finish|40011D69|Living Liquid|720303|6B214001|0|0|0|0|0|0|0|0|0|0|0|0|0|0|3333068|12889320|10000|10000|0|1000|100.4196|100.328|0|0.016155|55638|106478|10000|10000|0|1000|99.93559|96.00716|0|0.1696506|00008D34|1|da258897c73fa22c9bf7686d674fd020
22|2021-09-26T12:08:04.5920000+01:00|1068703B|Tomo Uchuu|3F40|Double Standard Finish|40011DEA|Liquid Hand|720103|4A920000|0|0|0|0|0|0|0|0|0|0|0|0|0|0|3384277|12889320|10000|10000|0|1000|98.28333|100.328|0|0.5137475|55638|106478|10000|10000|0|1000|99.93559|96.00716|0|0.1696506|00008D34|2|f43870bfb5a4824461fb2674310f34c5
38|2021-09-26T12:08:04.5920000+01:00|1068703B|Tomo Uchuu|00505026|55638|106478|10000|10000|0|0|99.93559|96.00716|0|0.1696506|948D|31|0|14016A|41F00000|E0000000|0A0168|41F00000|E0000000|071F|42700000|1068703B|28FE0030|45101D73|1068703B|0|0|0|08AA|407BB63C|107629AA|0|0|0|071D|42700000|1068703B|0737|42700000|1068703B|0717|416F74A9|1068703B|0|0|0|0|0|0|0344|411574CF|10675739||c23b0980c0823e2bda6dcdf4e9891f6f
30|2021-09-26T12:08:04.5920000+01:00|71a|Standard Step|0.00|1068703B|Tomo Uchuu|1068703B|Tomo Uchuu|00|106478|106478||b2d4e2fdef8a4fc1f8ff20a3e6614a32
26|2021-09-26T12:08:04.5920000+01:00|71d|Standard Finish|60.00|1068703B|Tomo Uchuu|1068703B|Tomo Uchuu|00|106478|106478||ebe33c430701e9cfbff3409dfb2a6366
26|2021-09-26T12:08:04.5920000+01:00|737|Esprit|60.00|1068703B|Tomo Uchuu|1068703B|Tomo Uchuu|00|106478|106478||bc6fcd04ad81b748392d7e273c791832
31|2021-09-26T12:08:04.5920000+01:00|1068703B|460226|00|10762900|00|ddd5ffbdcef65f0f28786414da84c135
20|2021-09-26T12:08:04.6350000+01:00|1057B8A2|Alex Knightfall|BA|Succor|1057B8A2|Alex Knightfall|1.94|100.0533|95.5061|0|-1.275664||e969f921035236594a33a499cc58c682
24|2021-09-26T12:08:04.6790000+01:00|1075A2E4|Niru Summers|HoT|4C7|487C|60672|153077|10000|10000|0|1000|100.4501|102.8306|0|-2.966986||695f5d3bf76d08ee5d2d2b9befbc4859
37|2021-09-26T12:08:04.7240000+01:00|40011D69|Living Liquid|00008D31|3329277|12889320|10000|10000|0||100.4196|100.328|0|0.016155||ec0bf0befdb784d1f1bc98bfc1dd5eac
21|2021-09-26T12:08:04.7240000+01:00|1068703B|Tomo Uchuu|07|Attack|40011DEA|Liquid Hand|720003|11C60000|0|0|0|0|0|0|0|0|0|0|0|0|0|0|3384277|12889320|10000|10000|0|1000|98.28333|100.328|0|0.5137475|55638|106478|10000|10000|0|1000|99.93559|96.00716|0|0.1654615|00008D35|0|54f531a677f3f826786e168e5a85f5e8
37|2021-09-26T12:08:04.7680000+01:00|40011D69|Living Liquid|00008D30|3311315|12889320|10000|10000|0||100.4196|100.328|0|0.016155||54502ef881191b8acbac1870ed3d54f8
23|2021-09-26T12:08:04.8110000+01:00|1057B8A2|Alex Knightfall|BA|Succor|Cancelled||a9cbe0a3a199edf35587890cf7846ae0
22|2021-09-26T12:08:04.8570000+01:00|10675739|Jasy Heavensong|E11|Aspected Helios|10675739|Jasy Heavensong|4|26D80000|8E0E|7810000|CA620E|3440000|1B|E118000|0|0|0|0|0|0|0|0|75949|97086|8152|10000|0|1000|99.83972|97.24573|0|-0.01768899|75949|97086|8152|10000|0|1000|99.83972|97.24573|0|-0.01768899|00008D36|0|4bac15e747013d86a7105253b69d54d2
22|2021-09-26T12:08:04.8570000+01:00|10675739|Jasy Heavensong|E11|Aspected Helios|107629AA|Joeson Lmoa|4|26AA0000|540E|7810000|CA620E|3440000|1B|E118000|0|0|0|0|0|0|0|0|79266|106059|10000|10000|0|1000|99.99231|96.81836|0|0.1217134|75949|97086|8152|10000|0|1000|99.83972|97.24573|0|-0.01768899|00008D36|1|fc6637d951c5ee8b4d5125cbaccd4b73
22|2021-09-26T12:08:04.8570000+01:00|10675739|Jasy Heavensong|E11|Aspected Helios|107ABEEC|Greiyan Fletz|4|278B0000|6D0E|7810000|CA620E|3440000|1B|E118000|0|0|0|0|0|0|0|0|82466|106544|10000|10000|0|1000|100.0652|96.75745|-0.000701592|0.3766965|75949|97086|8152|10000|0|1000|99.83972|97.24573|0|-0.01768899|00008D36|2|d67348b9db752b165c278a1f2ec0455f
22|2021-09-26T12:08:04.8570000+01:00|10675739|Jasy Heavensong|E11|Aspected Helios|107401EC|Raesa Velan|4|25DC0000|530E|7810000|CA620E|3440000|1B|E118000|0|0|0|0|0|0|0|0|72442|96887|0|10000|0|1000|100.2365|96.26917|0|-0.4545927|75949|97086|8152|10000|0|1000|99.83972|97.24573|0|-0.01768899|00008D36|3|c0dc3cf63c78d594880ad9506483f408
22|2021-09-26T12:08:04.8570000+01:00|10675739|Jasy Heavensong|E11|Aspected Helios|1068703B|Tomo Uchuu|10004|3CEC0000|270E|7810000|CA620E|3440000|1B|E118000|0|0|0|0|0|0|0|0|55638|106478|10000|10000|0|1000|100.2073|96.12873|0|0.3958447|75949|97086|8152|10000|0|1000|99.83972|97.24573|0|-0.01768899|00008D36|4|26ff3571cd232876187700a8e070871d
22|2021-09-26T12:08:04.8570000+01:00|10675739|Jasy Heavensong|E11|Aspected Helios|1057B8A2|Alex Knightfall|4|26430000|D30E|7810000|CA620E|3440000|1B|E118000|0|0|0|0|0|0|0|0|82205|97285|4390|10000|0|1000|100.0058|95.5061|-0.001727439|-1.540495|75949|97086|8152|10000|0|1000|99.83972|97.24573|0|-0.01768899|00008D36|5|54c4dcf9df13a917c5d3c57542cf421e
22|2021-09-26T12:08:04.8570000+01:00|10675739|Jasy Heavensong|E11|Aspected Helios|1075A2E4|Niru Summers|4|26610000|F90E|7810000|CA620E|3440000|1B|E118000|0|0|0|0|0|0|0|0|60672|153077|10000|10000|0|1000|100.4501|102.8306|0|-2.998989|75949|97086|8152|10000|0|1000|99.83972|97.24573|0|-0.01768899|00008D36|6|4ed49d1703ab2c2505552f17c49b8d7e
22|2021-09-26T12:08:04.8570000+01:00|10675739|Jasy Heavensong|E11|Aspected Helios|10752D6C|Volkon Vysk|4|273E0000|D0E|7810000|CA620E|3440000|1B|E118000|0|0|0|0|0|0|0|0|103997|152511|10000|10000|0|1000|96.61667|102.1786|-0.002230379|-3.031118|75949|97086|8152|10000|0|1000|99.83972|97.24573|0|-0.01768899|00008D36|7|097051ec737837dcb39ef391a6bb8c17
21|2021-09-26T12:08:04.9020000+01:00|107ABEEC|Greiyan Fletz|07|Attack|40011D69|Living Liquid|710003|FF70000|0|0|0|0|0|0|0|0|0|0|0|0|0|0|3311315|12889320|10000|10000|0|1000|100.4196|100.328|0|0.016155|82466|106544|10000|10000|0|1000|100.0652|96.75745|-0.000701592|0.3766965|00008D37|0|594e681756a3478501509797f0eefacb
39|2021-09-26T12:08:04.9470000+01:00|10675739|Jasy Heavensong|76919|97086|8416|10000|0|0|99.83972|97.24573|0|-0.01768899||35284b74d850c18c1d1d9000f367efe4
39|2021-09-26T12:08:04.9470000+01:00|1075A2E4|Niru Summers|80758|153077|10000|10000|0|0|100.4501|102.8306|0|-2.998989||da61d34a711cc2cbabca4d547a23e8d7
39|2021-09-26T12:08:04.9470000+01:00|10752D6C|Volkon Vysk|105522|152511|10000|10000|0|0|96.61667|102.1786|-0.002230379|-3.031118||84a5612c82ee4d5f383b9e8df0b0a498
24|2021-09-26T12:08:04.9920000+01:00|40011D69|Living Liquid|DoT|0|30A0|3311315|12889320|10000|10000|0|1000|100.4196|100.328|0|0.016155||673a4d803fa4f00f618c318346c47538
36|2021-09-26T12:08:04.9920000+01:00|14F0|3|f9d84c93ae3c8214f10140e180eae400
38|2021-09-26T12:08:04.9920000+01:00|40011D69|Living Liquid|00505000|3298867|12889320|10000|10000|0|0|100.4196|100.328|0|0.016155|989A|31|0|0767|4197372C|1057B8A2|2804B0|419AC895|107629AA|04A9|40E65E3E|10752D6C|2804B1|419AC895|107629AA|0|0|0|04CC|41C19F52|107ABEEC||ac757a033dcd2e9b8338d0360e5520bf
39|2021-09-26T12:08:05.0370000+01:00|40011E12|Eos|92601|92601|10000|10000|0|0|100.1449|100.0533|0|0.1074281||166d7d5a3295e4c493ff620903d55f47
39|2021-09-26T12:08:05.0370000+01:00|1068703B|Tomo Uchuu|56702|106478|10000|10000|0|0|101.3788|96.56686|0|0.4796214||1d99a9a81beafb228c05cf552abf3826
21|2021-09-26T12:08:05.0370000+01:00|107401EC|Raesa Velan|9A|Blizzard III|40011DEA|Liquid Hand|250303|53350000|FD3D|438000|1B|9A8000|0|0|0|0|0|0|0|0|0|0|3384277|12889320|10000|10000|0|1000|98.28333|100.328|0|0.5137475|72442|96887|0|10000|0|1000|100.2365|96.26917|0|-0.4545927|00008D38|0|9863931b760f7b3df99c04b1ee8ea8a9
22|2021-09-26T12:08:05.0370000+01:00|1075A2E4|Niru Summers|404E|Mythril Tempest|40011D69|Living Liquid|32710003|17360000|143D|340000|11B|404E8000|0|0|0|0|0|0|0|0|0|0|3298867|12889320|10000|10000|0|1000|100.4196|100.328|0|0.016155|80758|153077|10000|10000|0|1000|100.4501|102.8306|0|-3.086122|00008D39|0|ed857def8243008cacb3eadc686cf7e8
22|2021-09-26T12:08:05.0370000+01:00|1075A2E4|Niru Summers|404E|Mythril Tempest|40011DEA|Liquid Hand|32710003|16890000|0|0|0|0|0|0|0|0|0|0|0|0|0|0|3384277|12889320|10000|10000|0|1000|98.28333|100.328|0|0.5137475|80758|153077|10000|10000|0|1000|100.4501|102.8306|0|-3.086122|00008D39|1|d8e16ac6ae56cc24e81042b42b3878ef
38|2021-09-26T12:08:05.0370000+01:00|1075A2E4|Niru Summers|00505015|80758|153077|10000|10000|0|0|100.4501|102.8306|0|-3.086122|94C8|31|0|0A016D|41F00000|E0000000|0A0168|41F00000|E0000000|5B|0|1075A2E4|28FD0030|4510D883|1075A2E4|04C7|42700000|40011E12|0344|4114BC7C|10675739|0|0|0|08AA|405F2AF8|107629AA|0|0|0|5A|42700000|1075A2E4|0|0|0|0|0|0|04A7|40A3AE0B|1075A2E4||2c7452721664ba46b495cc22c95224e2
26|2021-09-26T12:08:05.0370000+01:00|4c7|Fey Union|60.00|40011E12|Eos|1075A2E4|Niru Summers|00|153077|92601||58ce0f041a0ac7cf71c72eb451864dc9
26|2021-09-26T12:08:05.0370000+01:00|5a|Storm's Eye|60.00|1075A2E4|Niru Summers|1075A2E4|Niru Summers|00|153077|153077||6d81463d995cffe122e28397b227b084
39|2021-09-26T12:08:05.0810000+01:00|107629AA|Joeson Lmoa|80326|106059|10000|10000|0|0|99.95667|96.81836|-0.001741514|-0.5384105||294cc2839d041a01768d46efc2682a60
20|2021-09-26T12:08:05.0810000+01:00|1057B8A2|Alex Knightfall|BA|Succor|1057B8A2|Alex Knightfall|1.94|99.68008|95.49895|-0.01531982|-1.585498||a625e0ee55d4a89763ae73a4a1329050
37|2021-09-26T12:08:05.1250000+01:00|1068703B|Tomo Uchuu|00008D34|56702|106478|10000|10000|0||101.3788|96.56686|0|0.4796214|2600|0|0|02|0700219D|0|426E0A42|1068703B|08000737|0|426E0A42|1068703B||6d439838a54db60bbf78b9c68b0a8375
39|2021-09-26T12:08:05.1250000+01:00|107ABEEC|Greiyan Fletz|83531|106544|10000|10000|0|0|100.1194|96.76521|-0.00124888|0.9299221||cef1220512d934c49b611bb644c5b868
39|2021-09-26T12:08:05.1690000+01:00|1057B8A2|Alex Knightfall|83177|97285|4636|10000|0|0|99.11782|95.48475|-0.000869695|-1.64417||6e91c3a1dc86ae9efedf65a1feb81255
37|2021-09-26T12:08:05.2140000+01:00|40011D69|Living Liquid|00008D32|3275125|12889320|10000|10000|0||100.4196|100.328|0|0.016155||bd55042b39b8007064e73dbfe976f7a6
39|2021-09-26T12:08:05.2140000+01:00|107401EC|Raesa Velan|73410|96887|6200|10000|0|0|100.2365|96.26917|0|-0.4545927||e80e06e49fed77a25013cb67bcd132b7
21|2021-09-26T12:08:05.2140000+01:00|107ABEEC|Greiyan Fletz|1D7A|True North|107ABEEC|Greiyan Fletz|E|4E20000|0|0|0|0|0|0|0|0|0|0|0|0|0|0|83531|106544|10000|10000|0|1000|100.1503|96.77121|0|1.095154|83531|106544|10000|10000|0|1000|100.1503|96.77121|0|1.095154|00008D3A|0|149d1be8f999caa5fe67c527a9501d78
38|2021-09-26T12:08:05.2140000+01:00|107ABEEC|Greiyan Fletz|00505022|83531|106544|10000|10000|0|0|100.1503|96.77121|0|1.095154|94AB|31|0|0720|42700000|1068703B|14016A|41F00000|E0000000|0A0168|41F00000|E0000000|28FE0030|450F6DB2|107ABEEC|04E2|C1200000|107ABEEC|0|0|0|0|0|0|0839|426D8212|1068703B|0737|426D8212|1068703B|08AA|4056B848|107629AA|0513|4205FC17|107ABEEC|0|0|0|0|0|0|0344|41095C3E|10675739|0|0|0|0|0|0|0512|4182B27D|107ABEEC||d103fb59e915b8a63be8c227dc098396
26|2021-09-26T12:08:05.2140000+01:00|4e2|True North|10.00|107ABEEC|Greiyan Fletz|107ABEEC|Greiyan Fletz|00|106544|106544||31d646f57af5cee4c57aba21abe7f4ec
37|2021-09-26T12:08:05.2580000+01:00|40011DEA|Liquid Hand|00008D35|3379727|12889320|10000|10000|0||98.28333|100.328|0|0.5137475||1c5ae417b7fac9a9ff383d240dbd9e74
37|2021-09-26T12:08:05.2580000+01:00|40011D69|Living Liquid|00008D34|3182164|12889320|10000|10000|0||100.4196|100.328|0|0.016155|01|0|0|0||744e36a7a29959cbd364ab7344493cbc
37|2021-09-26T12:08:05.3920000+01:00|40011DEA|Liquid Hand|00008D34|3360637|12889320|10000|10000|0||98.28333|100.328|0|0.5137475|02|0|0|0||e6db5c809bd544bb90a2cf9a486d405b
21|2021-09-26T12:08:05.3920000+01:00|10752D6C|Volkon Vysk|07|Attack|40011D69|Living Liquid|710003|AA90000|0|0|0|0|0|0|0|0|0|0|0|0|0|0|3178077|12889320|10000|10000|0|1000|100.4196|100.328|0|0.016155|105522|152511|10000|10000|0|1000|94.29893|100.3583|-0.002762914|2.879853|00008D3B|0|ff4ca4a0fbe85f62862a1081259c8127
37|2021-09-26T12:08:05.4360000+01:00|40011D69|Living Liquid|00008D37|3178077|12889320|10000|10000|0||100.4196|100.328|0|0.016155||f758476ecd0e3198a4e5943ba213521b
37|2021-09-26T12:08:05.4360000+01:00|107ABEEC|Greiyan Fletz|00008D37|83531|106544|10000|10000|0||100.2746|96.82817|-0.001554494|0.965224|2200|0|0|01|04001F62|0|C1200000|107ABEEC||6b2a73fda9ea0144648f0b655e739008
37|2021-09-26T12:08:05.5240000+01:00|40011D69|Living Liquid|00008D39|3172135|12889320|10000|10000|0||100.4196|100.328|0|0.016155||05ec8fd42a1c24998badac8cfed31bee
24|2021-09-26T12:08:05.5240000+01:00|40011DEA|Liquid Hand|DoT|0|5544|3360637|12889320|10000|10000|0|1000|98.28333|100.328|0|0.5137475||7eb364d736be63d288a1be9378fa2a6b
21|2021-09-26T12:08:05.5250000+01:00|107629AA|Joeson Lmoa|08|Shot|40011D69|Living Liquid|720003|E250000|0|0|0|0|0|0|0|0|0|0|0|0|0|0|3178077|12889320|10000|10000|0|1000|100.4196|100.328|0|0.016155|80326|106059|10000|10000|0|1000|98.26079|97.33437|0|-1.234109|00008D3C|0|df213ce3d4ad436a15453fdf8474824d
38|2021-09-26T12:08:05.5250000+01:00|40011DEA|Liquid Hand|00505000|3338809|12889320|10000|10000|0|0|98.28333|100.328|0|0.5137475|94AB|31|0|0A00A3|41156859|107401EC|0767|41561437|1057B8A2|04CC|41889F30|107ABEEC|2804B1|4182E951|107629AA|04A9|40D9916E|10752D6C|2804B0|4182E951|107629AA||8d775c53464e28e79e9da7f657bb0a09
37|2021-09-26T12:08:05.6590000+01:00|40011DEA|Liquid Hand|00008D39|3333040|12889320|10000|10000|0||98.28333|100.328|0|0.5137475|01|0|0|0||ac76a180d2d96b5582ab866f2185309b
21|2021-09-26T12:08:05.6590000+01:00|107401EC|Raesa Velan|DF6|Sharpcast|107401EC|Raesa Velan|E|3630000|0|0|0|0|0|0|0|0|0|0|0|0|0|0|73410|96887|6200|10000|0|1000|100.2365|96.26917|0|-0.174087|73410|96887|6200|10000|0|1000|100.2365|96.26917|0|-0.174087|00008D3D|0|6f17520f98d72ca8b8d98bc60448fceb
38|2021-09-26T12:08:05.6590000+01:00|107401EC|Raesa Velan|00505019|73410|96887|6200|10000|0|0|100.2365|96.26917|0|-0.174087|94C8|31|0|0A016D|41F00000|E0000000|0A0168|41F00000|E0000000|29020030|459269DC|107401EC|0363|C1700000|107401EC|08AA|403A3D67|107629AA|0|0|0|A4|40BC18A1|107401EC|0344|40FBDF67|10675739||153124ee3686fea63815b8c0eda19217
26|2021-09-26T12:08:05.6590000+01:00|363|Sharpcast|15.00|107401EC|Raesa Velan|107401EC|Raesa Velan|00|96887|96887||0590576e1e9cf98d01b24b09a2a4f0ef
37|2021-09-26T12:08:05.7490000+01:00|107ABEEC|Greiyan Fletz|00008D3A|83531|106544|10000|10000|0||100.737|97.09857|-0.0006529132|0.9754359|2200|0|0|01|04001F62|0|41200000|107ABEEC||de42a1c13021095194e90926c48aec76
22|2021-09-26T12:08:05.7490000+01:00|107629AA|Joeson Lmoa|406E|Shadowbite|40011D69|Living Liquid|720003|25E10000|1B|406E8000|0|0|0|0|0|0|0|0|0|0|0|0|3172135|12889320|10000|10000|0|1000|100.4196|100.328|0|0.016155|80326|106059|10000|10000|0|1000|97.77463|97.48601|-0.001240566|-1.227458|00008D3E|0|b8848cfb38397202d5ba4b570b18dceb
22|2021-09-26T12:08:05.7490000+01:00|107629AA|Joeson Lmoa|406E|Shadowbite|40011DEA|Liquid Hand|720003|279C0000|1B|406E8000|0|0|0|0|0|0|0|0|0|0|0|0|3338809|12889320|10000|10000|0|1000|98.28333|100.328|0|0.5137475|80326|106059|10000|10000|0|1000|97.77463|97.48601|-0.001240566|-1.227458|00008D3E|1|c0c6792f3fb46d02455e57507aff4136
22|2021-09-26T12:08:05.7490000+01:00|10752D6C|Volkon Vysk|3F15|Demon Slaughter|40011DEA|Liquid Hand|3C710003|18AE0000|13D|ED8000|11B|3F158000|0|0|0|0|0|0|0|0|0|0|3338809|12889320|10000|10000|0|1000|98.28333|100.328|0|0.5137475|105522|152511|10000|10000|0|1000|93.51151|99.90386|-0.009791876|2.879853|00008D3F|0|f0ecb1c81b3798d8779154e15edfc78f
22|2021-09-26T12:08:05.7490000+01:00|10752D6C|Volkon Vysk|3F15|Demon Slaughter|40011D69|Living Liquid|3C710003|18CD0000|0|0|0|0|0|0|0|0|0|0|0|0|0|0|3172135|12889320|10000|10000|0|1000|100.4196|100.328|0|0.016155|105522|152511|10000|10000|0|1000|93.51151|99.90386|-0.009791876|2.879853|00008D3F|1|c850221a574a3390a600d9bb4a89f051
38|2021-09-26T12:08:05.7490000+01:00|107ABEEC|Greiyan Fletz|00505022|83531|106544|10000|10000|0|0|100.737|97.09857|-0.0006529132|0.9754359|94C8|31|0|0720|42700000|1068703B|14016A|41F00000|E0000000|0A0168|41F00000|E0000000|28FE0030|450F6526|107ABEEC|04E2|411F47AE|107ABEEC|0|0|0|0|0|0|0839|426B5E40|1068703B|0737|426B5E40|1068703B|08AA|40347AD7|107629AA|0513|4203D845|107ABEEC|0|0|0|0|0|0|0344|4100CCE3|10675739|0|0|0|0|0|0|0512|417CD59B|107ABEEC||beb89c45274787ed7681b52a14afc649
26|2021-09-26T12:08:05.7490000+01:00|720|Dance Partner|60.00|1068703B|Tomo Uchuu|107ABEEC|Greiyan Fletz|00|106544|106478||744b78ae445c92ca58260c2f47178cf0
37|2021-09-26T12:08:05.9280000+01:00|40011DEA|Liquid Hand|00008D38|3311739|12889320|10000|10000|0||98.28333|100.328|0|0.5137475||4d8a6fa54dc2dc1ff15c0a4baa83f65c
37|2021-09-26T12:08:05.9280000+01:00|107401EC|Raesa Velan|00008D38|73410|96887|6200|10000|0||101.5804|95.89843|-0.001104966|0.3828776|1900|0|0|01|03001DE3|0|C1700000|107401EC||89e506e0243d12845aa6ab225a0743dd
37|2021-09-26T12:08:05.9280000+01:00|10675739|Jasy Heavensong|00008D36|86863|97086|8416|10000|12||99.70492|97.24573|0|-1.374026|2100|0|0|02|02002201|0|41F00000|10675739|0B000344|0|41700000|10675739||4ababae4947f7e432e6628250634bb6c
26|2021-09-26T12:08:05.9280000+01:00|781|Nocturnal Balance|30.00|10675739|Jasy Heavensong|10675739|Jasy Heavensong|00|97086|97086||017cff85f16395314e606167b650bf5a
26|2021-09-26T12:08:05.9280000+01:00|344|Aspected Helios|15.00|10675739|Jasy Heavensong|10675739|Jasy Heavensong|00|97086|97086||f7207614b92cedff397ef098ff0fd859
37|2021-09-26T12:08:05.9280000+01:00|40011D69|Living Liquid|00008D3B|3169406|12889320|10000|10000|0||100.4196|100.328|0|0.016155||465cf1117500a9ca02dc4c3be8eae5d3
38|2021-09-26T12:08:05.9280000+01:00|10675739|Jasy Heavensong|00505021|86863|97086|8416|10000|12|0|99.70492|97.24573|0|-1.374026|9504|31|0|0A0168|41F00000|E0000000|0F016B|41F00000|E0000000|0781|41EFA1CB|10675739|28FE0030|450F5BD6|10675739|0|0|0|08AA|40261471|107629AA|0|0|0|0347|0|10675739|0|0|0|0|0|0|04B4|3FA0C410|10675739|0344|416F4396|10675739|0|0|0|0764|402A7EBD|10675739||d7fbe37abb25a36d7e383ee8d4011549
37|2021-09-26T12:08:06.0610000+01:00|107629AA|Joeson Lmoa|00008D36|90224|106059|10000|10000|11||96.9874|97.56856|-0.002586906|0.9135473|1701|0|0|02|03002201|0|41F00000|10675739|08000344|0|41700000|10675739||556a975252f45a55dc4a4889e40e4064
26|2021-09-26T12:08:06.0610000+01:00|781|Nocturnal Balance|30.00|10675739|Jasy Heavensong|107629AA|Joeson Lmoa|00|106059|97086||26813a7a0787f376cf433b6311f92db8
26|2021-09-26T12:08:06.0610000+01:00|344|Aspected Helios|15.00|10675739|Jasy Heavensong|107629AA|Joeson Lmoa|00|106059|97086||28eb9901c46699baa2dd56d3f071bec4
38|2021-09-26T12:08:06.0610000+01:00|107629AA|Joeson Lmoa|00505017|90224|106059|10000|10000|11|0|96.9874|97.56856|-0.002586906|0.9135473|9504|31|0|0A016D|41F00000|E0000000|0A0168|41F00000|E0000000|28FE0030|450F5D46|107629AA|0781|41EFA1CB|10675739|0|0|0|0|0|0|0|0|0|0|0|0|0344|416F4396|10675739||4a98e21bf7e4ede9cb02c4bed26ab496
22|2021-09-26T12:08:06.1050000+01:00|10675739|Jasy Heavensong|1D0F|Earthly Star|10675739|Jasy Heavensong|34|B0000|F|4C88000|0|0|0|0|0|0|0|0|0|0|0|0|86863|97086|8416|10000|0|1000|98.52505|98.12977|-0.001056111|-1.167818|86863|97086|8416|10000|0|1000|98.52505|98.12977|-0.001056111|-1.167818|00008D40|0|9c384feacadee88a8ce7375cece85fd4
21|2021-09-26T12:08:06.1050000+01:00|1068703B|Tomo Uchuu|3E78|Fountainfall|40011DEA|Liquid Hand|720203|4DF00000|0|0|0|0|0|0|0|0|0|0|0|0|0|0|3311739|12889320|10000|10000|0|1000|98.28333|100.328|0|0.5137475|56702|106478|10000|10000|0|1000|104.2298|101.5172|0|0.5969076|00008D41|0|20c1249f61be9376d3377d16b3666131
38|2021-09-26T12:08:06.1050000+01:00|1068703B|Tomo Uchuu|00505026|56702|106478|10000|10000|0|0|104.2298|101.5172|0|0.5969076|9504|31|0|14016A|41F00000|E0000000|0A0168|41F00000|E0000000|071F|42700000|1068703B|28FE0030|45100543|1068703B|0|0|0|08AA|401AD0DC|107629AA|0|0|0|071D|4269F1B6|1068703B|0737|4269F1B6|1068703B|0|0|0|0|0|0|0|0|0|0344|40FA76F4|10675739||7e3c4b05a0166b320cb94c6837684d65
26|2021-09-26T12:08:06.1050000+01:00|71f|Closed Position|60.00|1068703B|Tomo Uchuu|1068703B|Tomo Uchuu|00|106478|106478||6ae336ce506e1385b390104c31c19972
30|2021-09-26T12:08:06.1050000+01:00|717|Flourishing Fountain|0.00|1068703B|Tomo Uchuu|1068703B|Tomo Uchuu|00|106478|106478||4e7b2f812ffe8134d48389f9559dc6bf
37|2021-09-26T12:08:06.1940000+01:00|107ABEEC|Greiyan Fletz|00008D36|93654|106544|10000|10000|11||104.1065|99.04323|-0.01531982|1.044757|2202|0|0|02|05002201|0|41F00000|10675739|0D000344|0|41700000|10675739||b6f5d97d3597a498d87c57ce2b623532
26|2021-09-26T12:08:06.1940000+01:00|781|Nocturnal Balance|30.00|10675739|Jasy Heavensong|107ABEEC|Greiyan Fletz|00|106544|97086||9f1108992146fae0db09a4822e7b64e5
26|2021-09-26T12:08:06.1940000+01:00|344|Aspected Helios|15.00|10675739|Jasy Heavensong|107ABEEC|Greiyan Fletz|00|106544|97086||ef753cbac6b01d157256900eabcb79b4
38|2021-09-26T12:08:06.1940000+01:00|107ABEEC|Greiyan Fletz|00505022|93654|106544|10000|10000|11|0|104.1065|99.04323|-0.01531982|1.044757|9504|31|0|0720|42700000|1068703B|14016A|41F00000|E0000000|0A0168|41F00000|E0000000|28FE0030|450F5E06|107ABEEC|04E2|411824DE|107ABEEC|0781|41EFA3D7|10675739|0|0|0|0839|4269958E|1068703B|0737|4269958E|1068703B|08AA|4017EF93|107629AA|0513|42020F93|107ABEEC|0|0|0|0|0|0|0344|416F47AE|10675739|0|0|0|0|0|0|0512|4175B2CB|107ABEEC||41257e1744a784e040d4d34c10f9787a
37|2021-09-26T12:08:06.2380000+01:00|40011D69|Living Liquid|00008D33|3163129|12889320|10000|10000|0||100.4196|100.328|0|0.016155||44271e0c3f07546ac39b64e49eb80bba
37|2021-09-26T12:08:06.2830000+01:00|107401EC|Raesa Velan|00008D3D|73410|96887|6200|10000|0||102.9544|95.0979|-0.001956323|0.5252678|1900|0|0|01|03001DE3|0|41700000|107401EC||e05b8d3d26db2820ef741afd17afa3b4
37|2021-09-26T12:08:06.2830000+01:00|40011D69|Living Liquid|00008D3C|3159508|12889320|10000|10000|0||100.4196|100.328|0|0.016155||ae7b3bb99a122a3244604e232e874daf
38|2021-09-26T12:08:06.2830000+01:00|107401EC|Raesa Velan|00505019|73410|96887|6200|10000|0|0|102.9544|95.0979|-0.001956323|0.5252678|9504|31|0|0A016D|41F00000|E0000000|0A0168|41F00000|E0000000|29020030|459264DE|107401EC|0363|416F47AE|107401EC|08AA|40123D66|107629AA|0|0|0|A4|40A8189E|107401EC|0344|40E7DF64|10675739||89bbe46ffe817e97e392dcde72cd4a77
37|2021-09-26T12:08:06.3280000+01:00|107401EC|Raesa Velan|00008D36|83102|96887|6200|10000|12||102.9544|95.0979|-0.001956323|0.5252678|1903|0|0|02|05002201|0|41F00000|10675739|07000344|0|41700000|10675739||8c66b7ff06ab6edd5f77e9b9ce249158
26|2021-09-26T12:08:06.3280000+01:00|781|Nocturnal Balance|30.00|10675739|Jasy Heavensong|107401EC|Raesa Velan|00|96887|97086||ad9b2c66ce03409404ca30145065d2ef
26|2021-09-26T12:08:06.3280000+01:00|344|Aspected Helios|15.00|10675739|Jasy Heavensong|107401EC|Raesa Velan|00|96887|97086||b6bdf3c774fe1826b3fbd0a74b5fa05a
38|2021-09-26T12:08:06.3280000+01:00|107401EC|Raesa Velan|00505019|83102|96887|6200|10000|12|0|102.9544|95.0979|-0.001956323|0.5252678|9504|31|0|0A016D|41F00000|E0000000|0A0168|41F00000|E0000000|29020030|45926482|107401EC|0363|416E8F5C|107401EC|08AA|400F5C1E|107629AA|0781|41EFA3D7|10675739|A4|40A6A7FA|107401EC|0344|416F47AE|10675739||c9778614540b30c0393fe6f53a40d354
37|2021-09-26T12:08:06.3720000+01:00|40011DEA|Liquid Hand|00008D33|3299022|12889320|10000|10000|0||98.28333|100.328|0|0.5137475|01|0|0|0||e69931a34bf2fdd8de0e021d571d3702
37|2021-09-26T12:08:06.3720000+01:00|40011DEA|Liquid Hand|00008D3F|3292704|12889320|10000|10000|0||98.28333|100.328|0|0.5137475||4bc51827898233a7f97901a4573d1c19
21|2021-09-26T12:08:06.4170000+01:00|107401EC|Raesa Velan|99|Thunder III|40011DEA|Liquid Hand|550103|A3680000|ADC3D0E|A30000|11|3638000|F|A48000|1B|998000|0|0|0|0|0|0|3292704|12889320|10000|10000|0|1000|98.28333|100.328|0|0.5137475|83102|96887|6200|10000|0|1000|103.3806|94.67494|-0.0007563328|0.5862937|00008D42|0|b16ed28b1c8d955058d183b7892751a4
38|2021-09-26T12:08:06.4170000+01:00|107401EC|Raesa Velan|00505019|83102|96887|6200|10000|12|0|103.3806|94.67494|-0.0007563328|0.5862937|9504|31|0|0A016D|41F00000|E0000000|0A0168|41F00000|E0000000|29020030|459263CE|107401EC|0|0|0|08AA|4009BA54|107629AA|0781|41EEEF9D|10675739|A4|C1900000|107401EC|0344|416DDF3C|10675739||8bb79c99424dd13e642541c495d72364
30|2021-09-26T12:08:06.4170000+01:00|363|Sharpcast|0.00|107401EC|Raesa Velan|107401EC|Raesa Velan|00|96887|96887||46b7228cc7b0fad112abed0b2db40251
26|2021-09-26T12:08:06.4170000+01:00|a4|Thundercloud|18.00|107401EC|Raesa Velan|107401EC|Raesa Velan|00|96887|96887||f4bf13c61a9f2d2b5dc38320f11d8330
37|2021-09-26T12:08:06.4610000+01:00|1068703B|Tomo Uchuu|00008D36|72298|106478|10000|10000|18||105.2891|103.0969|0|0.619946|2604|0|0|02|04002201|0|41F00000|10675739|0C000344|0|41700000|10675739||d0b61c043e5834471cd123a6ab1d20fe
26|2021-09-26T12:08:06.4610000+01:00|781|Nocturnal Balance|30.00|10675739|Jasy Heavensong|1068703B|Tomo Uchuu|00|106478|97086||bed8ad42674e7d36d5c8d7f16284b179
26|2021-09-26T12:08:06.4610000+01:00|344|Aspected Helios|15.00|10675739|Jasy Heavensong|1068703B|Tomo Uchuu|00|106478|97086||a209eb7ea1ada84d0db71d1dd94094c3
24|2021-09-26T12:08:06.4620000+01:00|10675739|Jasy Heavensong|HoT|0|1537|86863|97086|8416|10000|0|1000|97.49014|100.0358|0|0.3133303||f84d68f47ede74d00ff95a6f3a3c9514
24|2021-09-26T12:08:06.4620000+01:00|1075A2E4|Niru Summers|HoT|0|1F0D|80758|153077|10000|10000|0|1000|101.9176|103.7639|-0.01531982|3.133316||182ecc8b4a139d08c0e96e91e42eaf6a
24|2021-09-26T12:08:06.4620000+01:00|10752D6C|Volkon Vysk|HoT|0|558F|105522|152511|10000|10000|0|1000|93.40039|99.83972|0|2.189732||426f0616cbc0e9ebda8ae7f57c0c3abf
22|2021-09-26T12:08:06.4620000+01:00|107629AA|Joeson Lmoa|75|Rain Of Death|40011D69|Living Liquid|720003|16EB0000|1B|758000|0|0|0|0|0|0|0|0|0|0|0|0|3159508|12889320|10000|10000|0|1000|100.4196|100.328|0|0.016155|90224|106059|10000|10000|0|1000|96.849|97.57426|-0.01531982|1.075677|00008D43|0|25e3e4c071d17dcd4810bf158ab67c2e
22|2021-09-26T12:08:06.4620000+01:00|107629AA|Joeson Lmoa|75|Rain Of Death|40011DEA|Liquid Hand|720203|1AB40000|1B|758000|0|0|0|0|0|0|0|0|0|0|0|0|3292704|12889320|10000|10000|0|1000|98.28333|100.328|0|0.5137475|90224|106059|10000|10000|0|1000|96.849|97.57426|-0.01531982|1.075677|00008D43|1|36ba28f42509cfdd256a988b17ddad6a
38|2021-09-26T12:08:06.4620000+01:00|10675739|Jasy Heavensong|00505021|92294|97086|8916|10000|12|0|97.49014|100.0358|0|0.3133303|9504|31|0|0A0168|41F00000|E0000000|0F016B|41F00000|E0000000|0781|41EB5E35|10675739|28FE0030|450F5352|10675739|0|0|0|08AA|4003F7C5|107629AA|0|0|0|0347|0|10675739|0|0|0|0|0|0|04B4|3F39156F|10675739|0344|4166BC6C|10675739|0|0|0|0764|40086211|10675739||4926d9da8ed96036082d6cbb6a6dc7ec
38|2021-09-26T12:08:06.4620000+01:00|1068703B|Tomo Uchuu|00505026|72298|106478|10000|10000|18|0|105.2891|103.0969|0|0.619946|9504|31|0|14016A|41F00000|E0000000|0A0168|41F00000|E0000000|071F|42700000|1068703B|28FE0030|450FFF8F|1068703B|0781|41EFA3D7|10675739|08AA|4003F7C5|107629AA|0|0|0|071D|42688428|1068703B|0737|42688428|1068703B|0|0|0|0|0|0|0|0|0|0344|416F47AE|10675739||6f40fb36e942e27d4c87d07409f43947
38|2021-09-26T12:08:06.4620000+01:00|1075A2E4|Niru Summers|00505015|88707|153077|10000|10000|0|0|101.9176|103.7639|-0.01531982|3.133316|9504|31|0|0A016D|41F00000|E0000000|0A0168|41F00000|E0000000|5B|0|1075A2E4|28FD0030|4510C1BF|1075A2E4|04C7|42700000|40011E12|0344|40FBDF64|10675739|0|0|0|08AA|4003F7C5|107629AA|0|0|0|5A|426A4CD8|1075A2E4|0|0|0|0|0|0|04A7|406C28D7|1075A2E4||e1a6e046ce0136a27bd925adc2b11185
38|2021-09-26T12:08:06.4620000+01:00|10752D6C|Volkon Vysk|00505025|127425|152511|10000|10000|0|0|93.40039|99.83972|0|2.189732|9504|31|0|14016A|41F00000|E0000000|0A0168|41F00000|E0000000|28FD0030|4510A333|10752D6C|0343|4102EDA6|10675739|08AA|4003F7C5|107629AA|0|0|0|0|0|0|0|0|0|0|0|0|0|0|0|0344|40F79DDB|10675739|0|0|0|0|0|0|0|0|0|0|0|0|0729|0|10752D6C||69bc370435e5582f058c7b8b1ecdf8c9
37|2021-09-26T12:08:06.5060000+01:00|40011D69|Living Liquid|00008D3F|3153159|12889320|10000|10000|0||100.4196|100.328|0|0.016155|01|0|0|0||3726ef88c3a3626bfca35d0e672954fd
22|2021-09-26T12:08:06.5070000+01:00|1057B8A2|Alex Knightfall|BA|Succor|1057B8A2|Alex Knightfall|4|1E100000|940E|1290000|1B|BA8000|0|0|0|0|0|0|0|0|0|0|83177|97285|4636|10000|0|1000|97.5509|95.44519|0|-1.80768|83177|97285|4636|10000|0|1000|97.5509|95.44519|0|-1.80768|00008D44|0|8e4c2b851c8c05e7c4347e1227345df7
22|2021-09-26T12:08:06.5070000+01:00|1057B8A2|Alex Knightfall|BA|Succor|107629AA|Joeson Lmoa|10004|2F920000|760E|1290000|1B|BA8000|0|0|0|0|0|0|0|0|0|0|90224|106059|10000|10000|0|1000|96.849|97.5529|0|0.8886197|83177|97285|4636|10000|0|1000|97.5509|95.44519|0|-1.80768|00008D44|1|53eca9dd006f329d0adb92ce0e01b5f4
22|2021-09-26T12:08:06.5070000+01:00|1057B8A2|Alex Knightfall|BA|Succor|10752D6C|Volkon Vysk|4|1E3B0000|C90E|1290000|1B|BA8000|0|0|0|0|0|0|0|0|0|0|127425|152511|10000|10000|0|1000|93.40039|99.83972|0|1.999622|83177|97285|4636|10000|0|1000|97.5509|95.44519|0|-1.80768|00008D44|2|95f57d10a2258ff5cf9c8f90ac65a733
22|2021-09-26T12:08:06.5070000+01:00|1057B8A2|Alex Knightfall|BA|Succor|10675739|Jasy Heavensong|10004|2FAC0000|970E|1290000|1B|BA8000|0|0|0|0|0|0|0|0|0|0|92294|97086|8916|10000|0|1000|97.27791|100.5671|-0.002236309|0.09229973|83177|97285|4636|10000|0|1000|97.5509|95.44519|0|-1.80768|00008D44|3|0e55505d4c9b3f48e62b4738a486b803
22|2021-09-26T12:08:06.5070000+01:00|1057B8A2|Alex Knightfall|BA|Succor|107401EC|Raesa Velan|4|1E420000|D20E|1290000|1B|BA8000|0|0|0|0|0|0|0|0|0|0|83102|96887|6200|10000|0|1000|103.7614|94.28684|-0.002766549|-0.7272618|83177|97285|4636|10000|0|1000|97.5509|95.44519|0|-1.80768|00008D44|4|53e4e9e9136922c89c2ed6f5617f0e15
22|2021-09-26T12:08:06.5070000+01:00|1057B8A2|Alex Knightfall|BA|Succor|1068703B|Tomo Uchuu|4|1D210000|690E|1290000|1B|BA8000|0|0|0|0|0|0|0|0|0|0|72298|106478|10000|10000|0|1000|105.6394|103.5843|0|0.6262295|83177|97285|4636|10000|0|1000|97.5509|95.44519|0|-1.80768|00008D44|5|a031f5df925ab51becfd4efe6fa0cc88
22|2021-09-26T12:08:06.5070000+01:00|1057B8A2|Alex Knightfall|BA|Succor|107ABEEC|Greiyan Fletz|4|1DF10000|6D0E|1290000|1B|BA8000|0|0|0|0|0|0|0|0|0|0|93654|106544|10000|10000|0|1000|105.1478|99.34399|-0.0006201611|1.509763|83177|97285|4636|10000|0|1000|97.5509|95.44519|0|-1.80768|00008D44|6|5e25976ab4674fe82dd22a2cee67f557
22|2021-09-26T12:08:06.5070000+01:00|1057B8A2|Alex Knightfall|BA|Succor|1075A2E4|Niru Summers|4|1D730000|CF0E|1290000|1B|BA8000|0|0|0|0|0|0|0|0|0|0|88707|153077|10000|10000|0|1000|101.9633|103.7439|-0.0008185474|-3.060814|83177|97285|4636|10000|0|1000|97.5509|95.44519|0|-1.80768|00008D44|7|87bb0f11dfea48288945b41dab36237d
24|2021-09-26T12:08:06.5510000+01:00|1068703B|Tomo Uchuu|HoT|0|14FF|72298|106478|10000|10000|0|1000|105.6394|103.5843|0|0.6262295||294835f8993af47d3c0836ceecb408ce
38|2021-09-26T12:08:06.5510000+01:00|1068703B|Tomo Uchuu|00505026|77673|106478|10000|10000|18|0|105.6394|103.5843|0|0.6262295|9504|31|0|14016A|41F00000|E0000000|0A0168|41F00000|E0000000|071F|42700000|1068703B|28FE0030|450FFE1F|1068703B|0781|41EEEB85|10675739|08AA|3FFC6A6B|107629AA|0|0|0|071D|42682800|1068703B|0737|42682800|1068703B|0|0|0|0|0|0|0|0|0|0344|416DD70A|10675739||01015fd5f2ade4140ac10d8a94cf6b77
37|2021-09-26T12:08:06.5960000+01:00|1057B8A2|Alex Knightfall|00008D36|92972|97285|3636|10000|12||97.54501|95.44519|-0.0007016409|-1.826557|1C05|0|0|02|03002201|0|41F00000|10675739|06000344|0|41700000|10675739||2c0b184bd303cf7df9740a2c52ff1789
26|2021-09-26T12:08:06.5960000+01:00|781|Nocturnal Balance|30.00|10675739|Jasy Heavensong|1057B8A2|Alex Knightfall|00|97285|97086||0cfaf0011443099f51118789a3bda9e4
26|2021-09-26T12:08:06.5960000+01:00|344|Aspected Helios|15.00|10675739|Jasy Heavensong|1057B8A2|Alex Knightfall|00|97285|97086||b356dac20bed5d13ea0b392625ecdddd
24|2021-09-26T12:08:06.5960000+01:00|107629AA|Joeson Lmoa|HoT|0|145C|90224|106059|10000|10000|0|1000|96.849|97.52802|-0.003349487|0.8886197||5c6eae508913e3f38a58b746b6cbacce
21|2021-09-26T12:08:06.5960000+01:00|107ABEEC|Greiyan Fletz|1D35|Hakaze|40011D69|Living Liquid|710303|412B0000|1B|1D358000|0|0|0|0|0|0|0|0|0|0|0|0|3153159|12889320|10000|10000|0|1000|100.4196|100.328|0|0.016155|93654|106544|10000|10000|0|1000|105.3083|99.36993|0|1.702878|00008D45|0|52dc29d909cb8f45d9da2eca6e39debc
38|2021-09-26T12:08:06.5960000+01:00|107ABEEC|Greiyan Fletz|00505022|93654|106544|10000|10000|11|0|105.3083|99.36993|0|1.702878|0|0|0|0720|42700000|1068703B|14016A|41F00000|E0000000|0A0168|41F00000|E0000000|28FE0030|450F579A|107ABEEC|04E2|4111B647|107ABEEC|0781|41EC6C8A|10675739|0|0|0|0839|4267F9EC|1068703B|0737|4267F9EC|1068703B|08AA|40A00000|107629AA|0513|420073F1|107ABEEC|0|0|0|0|0|0|0344|4168D917|10675739|0|0|0|0|0|0|0512|416F4434|107ABEEC||b56de134fdea2a0625b7b45d5efcaba8
26|2021-09-26T12:08:06.5960000+01:00|8aa|Army's Paeon|5.00|107629AA|Joeson Lmoa|107ABEEC|Greiyan Fletz|00|106544|106059||9f240279219ef69562a8df0fd483cca0
38|2021-09-26T12:08:06.5960000+01:00|107401EC|Raesa Velan|00505019|83102|96887|6200|10000|12|0|104.2047|93.83503|-0.003504544|-0.7272618|0|0|0|0A016D|41F00000|E0000000|0A0168|41F00000|E0000000|29020030|4592625E|107401EC|0|0|0|08AA|40A00000|107629AA|0781|41ED7EF9|10675739|A4|C1900000|107401EC|0344|416AFDF4|10675739||d7dd58edc688c30c4dbfc423a2fe9a8a
26|2021-09-26T12:08:06.5960000+01:00|8aa|Army's Paeon|5.00|107629AA|Joeson Lmoa|107401EC|Raesa Velan|00|96887|106059||d04a2a983e63fdee2b9de7afd256971c
38|2021-09-26T12:08:06.5960000+01:00|40011E12|Eos|00505000|92601|92601|10000|10000|0|0|100.1449|100.0533|0|0.1074281|0|0|0|28FE0030|44D6785C|1057B8A2|08AA|40A00000|107629AA|0|0|0|9604C6|0|40011E12||616da669aebcf6586b805e68e2f5a2fc
26|2021-09-26T12:08:06.5960000+01:00|8aa|Army's Paeon|5.00|107629AA|Joeson Lmoa|40011E12|Eos|00|92601|106059||bccba5fce4c2c66a00a914e5d9cebbbb
38|2021-09-26T12:08:06.5960000+01:00|1057B8A2|Alex Knightfall|0050501C|92972|97285|3636|10000|12|0|97.54501|95.44519|-0.0007016409|-1.826557|0|0|0|0A016D|41F00000|E0000000|1E016C|41F00000|E0000000|28FE0030|44D6785C|1057B8A2|0781|41EFA3D7|10675739|0|0|0|0|0|0|0344|416F47AE|10675739|08AA|40A00000|107629AA|030130|0|1057B8A2||8ebc2e0d529eeb4fb8b6e6caf1e75d38
26|2021-09-26T12:08:06.5960000+01:00|8aa|Army's Paeon|5.00|107629AA|Joeson Lmoa|1057B8A2|Alex Knightfall|00|97285|106059||0234239dccf102c3ffda4f4967b3d726
38|2021-09-26T12:08:06.5960000+01:00|107629AA|Joeson Lmoa|00505017|95436|106059|10000|10000|11|0|96.849|97.52802|-0.003349487|0.8886197|0|0|0|0A016D|41F00000|E0000000|0A0168|41F00000|E0000000|28FE0030|450F54BA|107629AA|0781|41EB5A1C|10675739|0|0|0|0|0|0|0|0|0|0|0|0|0344|4166B43A|10675739||79aeea77c50e437554e96939868b70e2
38|2021-09-26T12:08:06.5960000+01:00|10675739|Jasy Heavensong|00505021|92294|97086|8916|10000|12|0|97.09464|101.2554|-0.000701679|-0.02494526|0|0|0|0A0168|41F00000|E0000000|0F016B|41F00000|E0000000|0781|41EA49BA|10675739|28FE0030|450F512A|10675739|0|0|0|08AA|409E8F5C|107629AA|0|0|0|0347|0|10675739|0|0|0|0|0|0|04B4|3F168612|10675739|0344|41649376|10675739|0|0|0|0764|3FFF7C73|10675739||c6c1209dd8541f7e8a62ceb94d56f272
26|2021-09-26T12:08:06.5960000+01:00|8aa|Army's Paeon|4.96|107629AA|Joeson Lmoa|10675739|Jasy Heavensong|00|97086|106059||92055ac3d9ce8f868e140b75a1e13626
38|2021-09-26T12:08:06.5960000+01:00|1068703B|Tomo Uchuu|00505026|77673|106478|10000|10000|18|0|106.0598|104.1424|0|0.6869671|0|0|0|14016A|41F00000|E0000000|0A0168|41F00000|E0000000|071F|42700000|1068703B|28FE0030|450FFD67|1068703B|0781|41EE8F5C|10675739|08AA|409E8F5C|107629AA|0|0|0|071D|4267F9EC|1068703B|0737|4267F9EC|1068703B|0|0|0|0|0|0|0|0|0|0344|416D1EB8|10675739||edcadddaf7ceeb24d8779a7af2bda0dc
26|2021-09-26T12:08:06.5960000+01:00|8aa|Army's Paeon|4.96|107629AA|Joeson Lmoa|1068703B|Tomo Uchuu|00|106478|106059||01842ff281bbb98af9728780fce653e1
38|2021-09-26T12:08:06.5960000+01:00|1075A2E4|Niru Summers|00505015|88707|153077|10000|10000|0|0|102.0165|103.7206|0|-2.95714|0|0|0|0A016D|41F00000|E0000000|0A0168|41F00000|E0000000|5B|0|1075A2E4|28FD0030|4510BF97|1075A2E4|04C7|42700000|40011E12|0344|40F78D78|10675739|0|0|0|08AA|409E8F5C|107629AA|0|0|0|5A|4269C29C|1075A2E4|0|0|0|0|0|0|04A7|406384FF|1075A2E4||c9e47fec83464af7dc526702d101f836
26|2021-09-26T12:08:06.5960000+01:00|8aa|Army's Paeon|4.96|107629AA|Joeson Lmoa|1075A2E4|Niru Summers|00|153077|106059||73a4bc9625c1bdc6507a13a5ea114fc7
38|2021-09-26T12:08:06.5960000+01:00|10752D6C|Volkon Vysk|00505025|127425|152511|10000|10000|0|0|93.40039|99.83972|0|1.838852|0|0|0|14016A|41F00000|E0000000|0A0168|41F00000|E0000000|28FD0030|4510A10B|10752D6C|0343|4100C4B0|10675739|08AA|409E8F5C|107629AA|0|0|0|0|0|0|0|0|0|0|0|0|0|0|0|0344|40F34BEF|10675739|0|0|0|0|0|0|0|0|0|0|0|0|0729|0|10752D6C||41018200a6a7fcf055d9353c83bfb7c3
26|2021-09-26T12:08:06.5960000+01:00|8aa|Army's Paeon|4.96|107629AA|Joeson Lmoa|10752D6C|Volkon Vysk|00|152511|106059||7e665e390beb28e5c54b7f7db792d963
24|2021-09-26T12:08:06.6400000+01:00|107ABEEC|Greiyan Fletz|HoT|0|1566|93654|106544|10000|10000|0|1000|105.4401|99.39124|-0.001868049|-1.40951||1a846e9236b016018749cf567e7f7ba8
38|2021-09-26T12:08:06.6400000+01:00|107ABEEC|Greiyan Fletz|00505022|99132|106544|10000|10000|11|0|105.4401|99.39124|-0.001868049|-1.40951|948D|31|0|0720|42700000|1068703B|14016A|41F00000|E0000000|0A0168|41F00000|E0000000|28FE0030|450F56EA|107ABEEC|04E2|41110626|107ABEEC|0781|41EC147A|10675739|0|0|0|0839|4267CDE4|1068703B|0737|4267CDE4|1068703B|08AA|409E9FBE|107629AA|0513|420047E9|107ABEEC|0|0|0|0|0|0|0344|416828F6|10675739|0|0|0|0|0|0|0512|416E9413|107ABEEC||b77b2a82e21b334c71ae3a7e4e6be79d
24|2021-09-26T12:08:06.6850000+01:00|1057B8A2|Alex Knightfall|HoT|0|1398|92972|97285|3636|10000|0|1000|97.53783|95.44519|-0.002637998|-1.849585||b2ab5d23ea500b3331d7a830ca4e51f5
38|2021-09-26T12:08:06.6850000+01:00|1057B8A2|Alex Knightfall|0050501C|97285|97285|3636|10000|12|0|97.53783|95.44519|-0.002637998|-1.849585|948D|31|0|0A016D|41F00000|E0000000|1E016C|41F00000|E0000000|28FE0030|44D67583|1057B8A2|0781|41EEED92|10675739|0|0|0|0|0|0|0344|416DDB23|10675739|08AA|409D26E9|107629AA|030130|0|1057B8A2||ef296caeb8e3455978bfd27f1a296613
37|2021-09-26T12:08:06.7300000+01:00|1075A2E4|Niru Summers|00008D36|98532|153077|10000|10000|8||102.0551|103.7038|-0.004056795|-2.88201|1506|0|0|02|05001DC4|0|41700000|10675739|06000781|0|41F00000|10675739||bbad06d0b512f2e98721edf3e260cec8
26|2021-09-26T12:08:06.7300000+01:00|344|Aspected Helios|15.00|10675739|Jasy Heavensong|1075A2E4|Niru Summers|00|153077|97086||4e18fd255572f1ccfc929a94978892bd
26|2021-09-26T12:08:06.7300000+01:00|781|Nocturnal Balance|30.00|10675739|Jasy Heavensong|1075A2E4|Niru Summers|00|153077|97086||28905c49fc40bef0b50cc240276d866f
24|2021-09-26T12:08:06.7300000+01:00|107401EC|Raesa Velan|HoT|0|1436|83102|96887|6200|10000|0|1000|104.5673|93.36824|0|-0.4110772||03a67ccfbcb703706145a462efeda864
38|2021-09-26T12:08:06.7300000+01:00|107401EC|Raesa Velan|00505019|88276|96887|6200|10000|12|0|104.5673|93.36824|0|-0.4110772|948D|31|0|0A016D|41F00000|E0000000|0A0168|41F00000|E0000000|29020030|4592614E|107401EC|0|0|0|08AA|409BBE76|107629AA|0781|41EC6E97|10675739|A4|C1900000|107401EC|0344|4168DD30|10675739||03dc99b7bf0d907116e0e3c6a8c62407
38|2021-09-26T12:08:06.7300000+01:00|1075A2E4|Niru Summers|00505015|98532|153077|10000|10000|8|0|102.0551|103.7038|-0.004056795|-2.88201|948D|31|0|0A016D|41F00000|E0000000|0A0168|41F00000|E0000000|5B|0|1075A2E4|28FD0030|4510BD77|1075A2E4|04C7|42700000|40011E12|0344|416F4BC7|10675739|0781|41EFA5E3|10675739|08AA|409A4DD2|107629AA|0|0|0|5A|42693A6B|1075A2E4|0|0|0|0|0|0|04A7|405B01ED|1075A2E4||5ef36f3a0d94c8c64207d0b304e274fd
21|2021-09-26T12:08:06.8190000+01:00|1075A2E4|Niru Summers|4050|Nascent Flash|10752D6C|Volkon Vysk|3200F60E|7420000|326C000F|7418000|0|0|0|0|0|0|0|0|0|0|0|0|127425|152511|10000|10000|0|1000|93.40039|99.83972|0|1.585496|98532|153077|10000|10000|0|1000|102.0937|103.6869|-0.00661955|-2.806752|00008D46|0|8a8789c0d605a3d7e856ce5ed71f4607
37|2021-09-26T12:08:06.8630000+01:00|10752D6C|Volkon Vysk|00008D36|137471|152511|10000|10000|8||93.40039|99.83972|0|1.585496|2507|0|0|02|05002201|0|41F00000|10675739|0A000344|0|41700000|10675739||984b71271046013e7399823d6e954f06
26|2021-09-26T12:08:06.8630000+01:00|781|Nocturnal Balance|30.00|10675739|Jasy Heavensong|10752D6C|Volkon Vysk|00|152511|97086||3220ea166e8e36e2e3ccc483be659f79
26|2021-09-26T12:08:06.8630000+01:00|344|Aspected Helios|15.00|10675739|Jasy Heavensong|10752D6C|Volkon Vysk|00|152511|97086||5a0ba6f3b6270d642dc22329b78946b9
38|2021-09-26T12:08:06.8630000+01:00|10752D6C|Volkon Vysk|00505025|137471|152511|10000|10000|8|0|93.40039|99.83972|0|1.585496|948D|31|0|14016A|41F00000|E0000000|0A0168|41F00000|E0000000|28FD0030|45109CC7|10752D6C|0343|40F8FE1B|10675739|08AA|40960417|107629AA|0781|41EFA3D7|10675739|0|0|0|0|0|0|0|0|0|0|0|0|0344|416F47AE|10675739|0|0|0|0|0|0|0|0|0|0|0|0|0729|0|10752D6C||9b30f59e6135cb3e5680d462cc1b5e07
37|2021-09-26T12:08:06.9070000+01:00|10675739|Jasy Heavensong|00008D40|92294|97086|8916|10000|12||96.49924|103.0467|0|-0.213714|2100|0|0|01|04001F48|0|41200000|10675739||a01b2beedf8876a5f06bb25ba1cb0fa9
26|2021-09-26T12:08:06.9070000+01:00|4c8|Earthly Dominance|10.00|10675739|Jasy Heavensong|10675739|Jasy Heavensong|00|97086|97086||861d964a2aadfa39760b50d25ab1f307
21|2021-09-26T12:08:06.9090000+01:00|1068703B|Tomo Uchuu|3E8D|Flourish|1068703B|Tomo Uchuu|F|7168000|F|7178000|F|7188000|F|7198000|F|71C8000|0|0|0|0|0|0|77673|106478|10000|10000|0|1000|107.3584|105.5288|0|0.8147256|77673|106478|10000|10000|0|1000|107.3584|105.5288|0|0.8147256|00008D47|0|74ab60874075a85d16f66d0502bfed52
21|2021-09-26T12:08:06.9090000+01:00|40011D69|Living Liquid|4822|Protean Wave|E0000000||0|0|0|0|0|0|0|0|0|0|0|0|0|0|0|0|||||||||||3153159|12889320|10000|10000|0|1000|100.4196|100.328|0|0.016155|00008D48|0|5b3d8e6ddd087808acec194e8e21c28a
21|2021-09-26T12:08:06.9090000+01:00|40011D74|Living Liquid|4824|Protean Wave|E0000000||0|0|0|0|0|0|0|0|0|0|0|0|0|0|0|0|||||||||||44|44|0|10000|0|1000|100.4225|100.3544|0|-0.1159613|00008D49|0|36e7a16310e700ac849972c30f020de6
21|2021-09-26T12:08:06.9090000+01:00|40011D76|Living Liquid|4824|Protean Wave|E0000000||0|0|0|0|0|0|0|0|0|0|0|0|0|0|0|0|||||||||||44|44|0|10000|0|1000|100.4225|100.3544|0|-3.101133|00008D4A|0|8c54693bc061d092b3927e53ec957594
21|2021-09-26T12:08:06.9090000+01:00|40011D75|Living Liquid|4824|Protean Wave|E0000000||0|0|0|0|0|0|0|0|0|0|0|0|0|0|0|0|||||||||||44|44|0|10000|0|1000|100.4225|100.3544|0|-3.077836|00008D4B|0|28b91353157cbb4f02846b449864b7fc
21|2021-09-26T12:08:06.9090000+01:00|40011D78|Living Liquid|4824|Protean Wave|E0000000||0|0|0|0|0|0|0|0|0|0|0|0|0|0|0|0|||||||||||44|44|0|10000|0|1000|100.4225|100.3544|0|-3.047251|00008D4C|0|82862f8cc3f6608e2f978e75da62e6a7
21|2021-09-26T12:08:06.9090000+01:00|40011D77|Living Liquid|4824|Protean Wave|E0000000||0|0|0|0|0|0|0|0|0|0|0|0|0|0|0|0|||||||||||44|44|0|10000|0|1000|100.4225|100.3544|0|-3.019927|00008D4D|0|c9e9d696143564420beff38999d1f7e8
21|2021-09-26T12:08:06.9090000+01:00|40011D7A|Living Liquid|4824|Protean Wave|E0000000||0|0|0|0|0|0|0|0|0|0|0|0|0|0|0|0|||||||||||44|44|0|10000|0|1000|100.4225|100.3544|0|-3.03009|00008D4E|0|650dee7b531ad8867ee465db479e78d4
21|2021-09-26T12:08:06.9090000+01:00|40011D79|Living Liquid|4824|Protean Wave|E0000000||0|0|0|0|0|0|0|0|0|0|0|0|0|0|0|0|||||||||||44|44|0|10000|0|1000|100.4225|100.3544|0|-2.964895|00008D4F|0|7405ee7ca5bdaea440a1ebd0aba50ec8
38|2021-09-26T12:08:06.9090000+01:00|1068703B|Tomo Uchuu|00505026|77673|106478|10000|10000|18|0|107.3584|105.5288|0|0.8147256|948D|31|0|14016A|41F00000|E0000000|0A0168|41F00000|E0000000|071F|42700000|1068703B|28FE0030|450FF86F|1068703B|0781|41EC126E|10675739|08AA|40949BA4|107629AA|0716|C1A00000|1068703B|071D|4266BB77|1068703B|0737|4266BB77|1068703B|0717|C1A00000|1068703B|0718|C1A00000|1068703B|0719|C1A00000|1068703B|0344|416824DE|10675739|071C|C1A00000|1068703B||a60839a1d705d08043953f15d51b3cf0
26|2021-09-26T12:08:06.9090000+01:00|716|Flourishing Cascade|20.00|1068703B|Tomo Uchuu|1068703B|Tomo Uchuu|00|106478|106478||dbc04f54d9a8cbed8225da18f948fbfb
26|2021-09-26T12:08:06.9090000+01:00|717|Flourishing Fountain|20.00|1068703B|Tomo Uchuu|1068703B|Tomo Uchuu|00|106478|106478||0ac985bc94ca1ba7d5947a32a6c10df0
26|2021-09-26T12:08:06.9090000+01:00|718|Flourishing Windmill|20.00|1068703B|Tomo Uchuu|1068703B|Tomo Uchuu|00|106478|106478||6b99cfeb369483dd69083d262825085d
26|2021-09-26T12:08:06.9090000+01:00|719|Flourishing Shower|20.00|1068703B|Tomo Uchuu|1068703B|Tomo Uchuu|00|106478|106478||c2cc75305c839a5dd7e91ccfc06ef7d7
26|2021-09-26T12:08:06.9090000+01:00|71c|Flourishing Fan Dance|20.00|1068703B|Tomo Uchuu|1068703B|Tomo Uchuu|00|106478|106478||7d60643b0adae13e6360cd2802cc2447
38|2021-09-26T12:08:06.9530000+01:00|40011E3B||00505000|92424|92424|10000|10000|0|0|||||3A38|30|0|28FE0030|450F4C32|10675739|08AA|40949BA4|107629AA||fd9365c127b8cf08955e0e82e7f603dd
38|2021-09-26T12:08:06.9530000+01:00|40011E3B||00505000|92424|92424|10000|10000|0|0|||||948D|31|0|28FE0030|450F4B7A|10675739|08AA|40932B00|107629AA||2ce44f65764947134d28e80158af18b1
21|2021-09-26T12:08:07.0410000+01:00|10675739|Jasy Heavensong|40AA|Combust III|40011DEA|Liquid Hand|CA9E0E|7590000|1B|40AA8000|0|0|0|0|0|0|0|0|0|0|0|0|3292704|12889320|10000|10000|0|1000|98.28333|100.328|0|0.5137475|92294|97086|8916|10000|0|1000|96.13204|103.5499|-0.00179288|-0.3278394|00008D50|0|08e31c11a25fd868c6816cf1a53cee81
22|2021-09-26T12:08:07.0860000+01:00|40011DEA|Liquid Hand|482D|Hand Of Pain|107629AA|Joeson Lmoa|750003|0|1B|482D8000|0|0|0|0|0|0|0|0|0|0|0|0|95436|106059|10000|10000|0|1000|96.93645|97.04051|0|2.393188|3292704|12889320|10000|10000|0|1000|98.28333|100.328|0|0.5137475|00008D51|0|d253f0a927dc7f93bb8d45bea1a0acd9
22|2021-09-26T12:08:07.0860000+01:00|40011DEA|Liquid Hand|482D|Hand Of Pain|10675739|Jasy Heavensong|750003|0|1B|482D8000|0|0|0|0|0|0|0|0|0|0|0|0|92294|97086|8916|10000|0|1000|96.13204|103.5499|-0.00179288|-0.3278394|3292704|12889320|10000|10000|0|1000|98.28333|100.328|0|0.5137475|00008D51|1|74804b4acde9c605267d2673eda61b9e
22|2021-09-26T12:08:07.0860000+01:00|40011DEA|Liquid Hand|482D|Hand Of Pain|10752D6C|Volkon Vysk|750003|0|1B|482D8000|0|0|0|0|0|0|0|0|0|0|0|0|137471|152511|10000|10000|0|1000|93.40039|99.83972|0|1.436043|3292704|12889320|10000|10000|0|1000|98.28333|100.328|0|0.5137475|00008D51|2|a9ec981fc1d9b1cc939eaabb37b013bc
22|2021-09-26T12:08:07.0860000+01:00|40011DEA|Liquid Hand|482D|Hand Of Pain|1075A2E4|Niru Summers|750003|0|1B|482D8000|0|0|0|0|0|0|0|0|0|0|0|0|98532|153077|10000|10000|0|1000|102.0969|103.6849|-0.000736876|-2.700237|3292704|12889320|10000|10000|0|1000|98.28333|100.328|0|0.5137475|00008D51|3|eb33139e5106b20e29063515da809b51
22|2021-09-26T12:08:07.0860000+01:00|40011DEA|Liquid Hand|482D|Hand Of Pain|1057B8A2|Alex Knightfall|750003|0|1B|482D8000|0|0|0|0|0|0|0|0|0|0|0|0|97285|97285|3636|10000|0|1000|96.51965|94.55738|-0.001792877|-2.067817|3292704|12889320|10000|10000|0|1000|98.28333|100.328|0|0.5137475|00008D51|4|ae8a1f73c7e172d7cb05ee369fd4635c
22|2021-09-26T12:08:07.0860000+01:00|40011DEA|Liquid Hand|482D|Hand Of Pain|107ABEEC|Greiyan Fletz|750003|0|1B|482D8000|0|0|0|0|0|0|0|0|0|0|0|0|99132|106544|10000|10000|0|1000|105.7662|99.38196|-0.0006743456|-3.048602|3292704|12889320|10000|10000|0|1000|98.28333|100.328|0|0.5137475|00008D51|5|44b5da747e8c67940e0e0b2d2fd42dca
22|2021-09-26T12:08:07.0860000+01:00|40011DEA|Liquid Hand|482D|Hand Of Pain|1068703B|Tomo Uchuu|750003|0|1B|482D8000|0|0|0|0|0|0|0|0|0|0|0|0|77673|106478|10000|10000|0|1000|107.8116|105.9216|0|0.913162|3292704|12889320|10000|10000|0|1000|98.28333|100.328|0|0.5137475|00008D51|6|c53a963957947107218dbe48b21eddb8
22|2021-09-26T12:08:07.0860000+01:00|40011DEA|Liquid Hand|482D|Hand Of Pain|107401EC|Raesa Velan|750003|0|1B|482D8000|0|0|0|0|0|0|0|0|0|0|0|0|88276|96887|6200|10000|0|1000|105.7054|91.77124|-0.002106271|0.5066943|3292704|12889320|10000|10000|0|1000|98.28333|100.328|0|0.5137475|00008D51|7|52221ec20ab4644e0cbb7bfcbe0527de
37|2021-09-26T12:08:07.1750000+01:00|40011D69|Living Liquid|00008D3E|3143462|12889320|10000|10000|0||100.4196|100.328|0|0.016155||36ccc9af4f81f5b1cc0e2ca6262a7da6
03|2021-09-26T12:08:06.7980000+01:00|40011e3b|Earthly Star|0|50|10675739|0||6565|7245|92424|92424|10000|10000|0|0|99.06918|99.95715|0|-0.6909251||c4f7efd675ca1cc07db0545237498570
22|2021-09-26T12:08:07.1750000+01:00|107629AA|Joeson Lmoa|6A|Quick Nock|40011DEA|Liquid Hand|720003|19300000|1B|6A8000|0|0|0|0|0|0|0|0|0|0|0|0|3292704|12889320|10000|10000|0|1000|98.28333|100.328|0|0.5137475|95436|106059|10000|10000|0|1000|96.96927|96.849|-0.01531982|0.7783632|00008D52|0|315b5a4dcd240a3b9192e3ffefe39ea1
22|2021-09-26T12:08:07.1750000+01:00|107629AA|Joeson Lmoa|6A|Quick Nock|40011D69|Living Liquid|720203|1F130000|1B|6A8000|0|0|0|0|0|0|0|0|0|0|0|0|3126779|12889320|10000|10000|0|1000|100.4196|100.328|0|0.016155|95436|106059|10000|10000|0|1000|96.96927|96.849|-0.01531982|0.7783632|00008D52|1|c08ae911709588fa73978ba54b16736b
37|2021-09-26T12:08:07.2200000+01:00|40011D69|Living Liquid|00008D45|3126779|12889320|10000|10000|0||100.4196|100.328|0|0.016155||eedb29b51d8344cce5ae048a3c9cebcb
21|2021-09-26T12:08:07.2200000+01:00|107ABEEC|Greiyan Fletz|07|Attack|40011D69|Living Liquid|710303|215F0000|0|0|0|0|0|0|0|0|0|0|0|0|0|0|3126779|12889320|10000|10000|0|1000|100.4196|100.328|0|0.016155|99132|106544|10000|10000|0|1000|105.9082|99.38196|-0.002923941|2.521005|00008D53|0|f8e61220aef1e82517a6e33c95896c01
38|2021-09-26T12:08:07.2200000+01:00|10675739|Jasy Heavensong|00505021|92294|97086|8516|10000|12|0|95.67436|104.1746|0|2.547741|0|0|0|0A0168|41F00000|E0000000|0F016B|41F00000|E0000000|0781|41E54DD1|10675739|28FE0030|450F4736|10675739|04C8|411A4DD4|10675739|08AA|408A9FBB|107629AA|0|0|0|0347|0|10675739|0|0|0|0|0|0|0|0|0|0344|415A9BA9|10675739|0|0|0|0764|3FAFBDFD|10675739||a183d2650b991555e46926475c6a2627
30|2021-09-26T12:08:07.2200000+01:00|4b4|Lucid Dreaming|0.00|10675739|Jasy Heavensong|10675739|Jasy Heavensong|00|97086|97086||f3417c9696272f208f2bb6e68b3c4abf
37|2021-09-26T12:08:07.3100000+01:00|40011DEA|Liquid Hand|00008D41|3272752|12889320|10000|10000|0||98.28333|100.328|0|0.5137475||a7176f704867dcf5bcde848ab2ed93bf
37|2021-09-26T12:08:07.3100000+01:00|1068703B|Tomo Uchuu|00008D41|77673|106478|10000|10000|18||108.9215|106.7753|0|0.9110677|2600|0|0|04|06002196|0|C1A00000|1068703B|09000717|0|C1A00000|1068703B|0A0022D8|0|C1A00000|1068703B|0B002199|0|C1A00000|1068703B||a6074e6fa59dc2558c2e84a1f26f69e3
37|2021-09-26T12:08:07.3100000+01:00|40011DEA|Liquid Hand|00008D3E|3262612|12889320|10000|10000|0||98.28333|100.328|0|0.5137475|01|0|0|0||17b6fce9fe80fbc222c7d6430029935e
21|2021-09-26T12:08:07.3100000+01:00|107401EC|Raesa Velan|1CFD|Triplecast|107401EC|Raesa Velan|300000F|4BB8000|0|0|0|0|0|0|0|0|0|0|0|0|0|0|88276|96887|6200|10000|0|1000|106.4782|90.61426|-0.01531982|0.799601|88276|96887|6200|10000|0|1000|106.4782|90.61426|-0.01531982|0.799601|00008D54|0|8f534a6173ba697c8b5e15a8c6f5e533
38|2021-09-26T12:08:07.3100000+01:00|107401EC|Raesa Velan|00505019|88276|96887|6200|10000|12|0|106.4782|90.61426|-0.01531982|0.799601|0|0|0|0A016D|41F00000|E0000000|0A0168|41F00000|E0000000|29020030|45925CAC|107401EC|0304BB|C1700000|107401EC|08AA|40892F17|107629AA|0781|41E7CABE|10675739|A4|C1900000|107401EC|0344|415F9583|10675739||bfdd777f2fdcb7e859e823d5c11267d5
26|2021-09-26T12:08:07.3100000+01:00|4bb|Triplecast|15.00|107401EC|Raesa Velan|107401EC|Raesa Velan|03|96887|96887||4956874e517c2250a5d0de7982ac9d0d
21|2021-09-26T12:08:07.3540000+01:00|10752D6C|Volkon Vysk|3F0A|No Mercy|10752D6C|Volkon Vysk|140E|7270000|0|0|0|0|0|0|0|0|0|0|0|0|0|0|137471|152511|10000|10000|0|1000|93.40039|99.83972|0|1.434725|137471|152511|10000|10000|0|1000|93.40039|99.83972|0|1.434725|00008D55|0|44a94d714b72ec783662dc2505ccb8e3
21|2021-09-26T12:08:07.3540000+01:00|107ABEEC|Greiyan Fletz|1D46|Hissatsu: Kaiten|107ABEEC|Greiyan Fletz|320F|4CD8000|0|0|0|0|0|0|0|0|0|0|0|0|0|0|99132|106544|10000|10000|0|1000|105.9082|99.38196|-0.002923941|2.521005|99132|106544|10000|10000|0|1000|105.9082|99.38196|-0.002923941|2.521005|00008D56|0|b1851c8cf68d8d7b2e1b965684317b5a
38|2021-09-26T12:08:07.3540000+01:00|107ABEEC|Greiyan Fletz|00505022|99132|106544|10000|10000|11|0|105.9082|99.38196|-0.002923941|2.521005|0|0|0|0720|42700000|1068703B|14016A|41F00000|E0000000|0A0168|41F00000|E0000000|28FE0030|450F4B82|107ABEEC|04E2|4105999D|107ABEEC|0781|41E65E32|10675739|04CD|C1200000|107ABEEC|0839|4264F2C7|1068703B|0737|4264F2C7|1068703B|08AA|4087C6A4|107629AA|0513|41FAD989|107ABEEC|0|0|0|0|0|0|0344|415CBC6D|10675739|0|0|0|0|0|0|0512|4163278A|107ABEEC||c6619bc619d5f488eaa5d73840b1310d
26|2021-09-26T12:08:07.3540000+01:00|4cd|Kaiten|10.00|107ABEEC|Greiyan Fletz|107ABEEC|Greiyan Fletz|00|106544|106544||55fc10187bdba7ec5e46e030018999b2
37|2021-09-26T12:08:07.4430000+01:00|1068703B|Tomo Uchuu|00008D47|77673|106478|10000|10000|18||109.3975|107.1456|0|0.9152565|2600|0|0|04|06002196|0|41A00000|1068703B|09000717|0|41A00000|1068703B|0A0022D8|0|41A00000|1068703B|0B002199|0|41A00000|1068703B||aa301742c442ef2d1c78c0ebab80cae6
37|2021-09-26T12:08:07.4430000+01:00|10752D6C|Volkon Vysk|00008D46|137471|152511|10000|10000|8||93.40039|99.83972|0|1.434629|2500|0|0|01|060021C2|32|40C00000|1075A2E4||824ba047a82c6c76f4e5bbb8b8fa6b5a
26|2021-09-26T12:08:07.4430000+01:00|742|Nascent Glint|6.00|1075A2E4|Niru Summers|10752D6C|Volkon Vysk|32|152511|153077||3d795673fd45083fee65e57b45c36d68
37|2021-09-26T12:08:07.4430000+01:00|1075A2E4|Niru Summers|00008D46|98532|153077|10000|10000|8||102.0981|103.6849|0|-2.739673|1500|0|0|01|080021C1|32|40C00000|1075A2E4||38fa269de0043015c9b3717dd0af6d68
26|2021-09-26T12:08:07.4430000+01:00|741|Nascent Flash|6.00|1075A2E4|Niru Summers|1075A2E4|Niru Summers|32|153077|153077||766e3d755340b4be1761a76092cc37cd
37|2021-09-26T12:08:07.4430000+01:00|40011DEA|Liquid Hand|00008D42|3220780|12889320|10000|10000|0||98.28333|100.328|0|0.5137475|0|0|0|01|1B23|0A|41C00000|107401EC||39875e4ce0187757c6ec48398782d0fa
26|2021-09-26T12:08:07.4430000+01:00|a3|Thunder III|24.00|107401EC|Raesa Velan|40011DEA|Liquid Hand|0A|12889320|96887||db533058c47ae74ad0e339a71ef8645c
37|2021-09-26T12:08:07.4430000+01:00|107401EC|Raesa Velan|00008D42|88276|96887|6200|10000|12||106.6677|90.33379|-0.002123944|0.9525688|1900|0|0|02|03001F3B|03|C1700000|107401EC|060000A4|0|41900000|107401EC||f0806668e6b4987d8e107f7dbfdca61a
38|2021-09-26T12:08:07.4430000+01:00|1068703B|Tomo Uchuu|00505026|77673|106478|10000|10000|18|0|109.3975|107.1456|0|0.9152565|948D|31|0|14016A|41F00000|E0000000|0A0168|41F00000|E0000000|071F|42700000|1068703B|28FE0030|450FEFDF|1068703B|0781|41E7C8B2|10675739|08AA|408374B8|107629AA|0716|419FA5E3|1068703B|071D|4264969E|1068703B|0737|4264969E|1068703B|0717|419FA5E3|1068703B|0718|419FA5E3|1068703B|0719|419FA5E3|1068703B|0344|415F916B|10675739|071C|419FA5E3|1068703B||b9eb01a3390cc8873ceaee5dc5348bf6
38|2021-09-26T12:08:07.4430000+01:00|107401EC|Raesa Velan|00505019|88276|96887|6200|10000|12|0|106.6677|90.33379|-0.002123944|0.9525688|948D|31|0|0A016D|41F00000|E0000000|0A0168|41F00000|E0000000|29020030|45925B9A|107401EC|0304BB|C1700000|107401EC|08AA|4084E55C|107629AA|0781|41E6B84F|10675739|A4|418FA5E3|107401EC|0344|415D70A7|10675739||97488e66000e2738f5bff8a8ac0fb6dc
21|2021-09-26T12:08:07.5320000+01:00|1057B8A2|Alex Knightfall|45CE|Ruin II|40011D69|Living Liquid|750103|4CC90000|1B|45CE8000|0|0|0|0|0|0|0|0|0|0|0|0|3126779|12889320|10000|10000|0|1000|100.4196|100.328|0|0.016155|97285|97285|3636|10000|0|1000|93.91087|92.77865|-0.003508389|-2.145836|00008D57|0|7904c9f638f86d8f90426b1f43dab7dc
22|2021-09-26T12:08:07.5320000+01:00|1075A2E4|Niru Summers|DDE|Decimate|40011D69|Living Liquid|710103|2C460000|204|15868000|0|0|0|0|0|0|0|0|0|0|0|0|3126779|12889320|10000|10000|0|1000|100.4196|100.328|0|0.016155|98532|153077|10000|10000|0|1000|102.0981|103.6849|0|-2.645236|00008D58|0|5d39c1b89de141ecf90ace5a5e1ca956
22|2021-09-26T12:08:07.5320000+01:00|1075A2E4|Niru Summers|DDE|Decimate|40011DEA|Liquid Hand|710003|1B540000|204|D498000|0|0|0|0|0|0|0|0|0|0|0|0|3220780|12889320|10000|10000|0|1000|98.28333|100.328|0|0.5137475|98532|153077|10000|10000|0|1000|102.0981|103.6849|0|-2.645236|00008D58|1|ed6acbfe5014e1902d33620ce4ab5167
21|2021-09-26T12:08:07.5760000+01:00|1075A2E4|Niru Summers|07|Attack|40011D69|Living Liquid|710003|DA00000|204|69F8000|0|0|0|0|0|0|0|0|0|0|0|0|3126779|12889320|10000|10000|0|1000|100.4196|100.328|0|0.016155|98532|153077|10000|10000|0|1000|102.0981|103.6849|0|-2.645236|00008D59|0|07a6cdd3354fce9803abd94e85fd7b22
37|2021-09-26T12:08:07.6210000+01:00|1057B8A2|Alex Knightfall|00008D44|97285|97285|3236|10000|11||93.91087|92.77865|-0.003508389|-2.145836|1C00|0|0|01|04001BA9|0|41F00000|1057B8A2||ee58a02a5d4d41168a171ae32bbfb7fb
26|2021-09-26T12:08:07.6210000+01:00|129|Galvanize|30.00|1057B8A2|Alex Knightfall|1057B8A2|Alex Knightfall|00|97285|97285||4250949b1ddd7a2c32fcb8ae4d5f8318
38|2021-09-26T12:08:07.6210000+01:00|1057B8A2|Alex Knightfall|0050501C|97285|97285|3236|10000|11|0|93.91087|92.77865|-0.003508389|-2.145836|94AB|31|0|0A016D|41F00000|E0000000|1E016C|41F00000|E0000000|28FE0030|44D65790|1057B8A2|0781|41E770A1|10675739|0129|41EFA3D7|1057B8A2|0|0|0|0344|415EE14B|10675739|08AA|407E665C|107629AA|030130|0|1057B8A2||8b5e161346b5656cb9e213cd59651675
37|2021-09-26T12:08:07.6660000+01:00|40011DEA|Liquid Hand|00008D50|3220780|12889320|10000|10000|0||98.28333|100.328|0|0.5137475|0|0|0|01|060021D9|0|41F00000|10675739||7adab66c2d449fabf0a31590074c2f3b
26|2021-09-26T12:08:07.6660000+01:00|759|Combust III|30.00|10675739|Jasy Heavensong|40011DEA|Liquid Hand|00|12889320|97086||3785ceeea5e730a164d2b6094991d014
24|2021-09-26T12:08:07.6660000+01:00|1075A2E4|Niru Summers|HoT|4C7|2DED|98532|153077|10000|10000|0|1000|102.0981|103.6849|0|-2.381267||fe9d748de922fe11b9bbe3e05f7c7e05
22|2021-09-26T12:08:07.6660000+01:00|1068703B|Tomo Uchuu|3E89|Fan Dance III|40011DEA|Liquid Hand|720103|39D80000|0|0|0|0|0|0|0|0|0|0|0|0|0|0|3220780|12889320|10000|10000|0|1000|98.28333|100.328|0|0.5137475|77673|106478|10000|10000|0|1000|110.9906|108.1661|0|1.128885|00008D5A|0|2291a2a01b710fbfd9a98789e0d83791
22|2021-09-26T12:08:07.6660000+01:00|1068703B|Tomo Uchuu|3E89|Fan Dance III|40011D69|Living Liquid|720003|11850000|0|0|0|0|0|0|0|0|0|0|0|0|0|0|3126779|12889320|10000|10000|0|1000|100.4196|100.328|0|0.016155|77673|106478|10000|10000|0|1000|110.9906|108.1661|0|1.128885|00008D5A|1|557caf005e99cdd0803e8aa8e473d1a6
38|2021-09-26T12:08:07.6660000+01:00|1068703B|Tomo Uchuu|00505026|77673|106478|10000|10000|18|0|110.9906|108.1661|0|1.128885|94AB|31|0|14016A|41F00000|E0000000|0A0168|41F00000|E0000000|071F|42700000|1068703B|28FE0030|450FEC4F|1068703B|0781|41E5FFFD|10675739|08AA|4078A3CC|107629AA|0716|419DDD2E|1068703B|071D|4263B246|1068703B|0737|4263B246|1068703B|0717|419DDD2E|1068703B|0718|419DDD2E|1068703B|0719|419DDD2E|1068703B|0344|415C0003|10675739||32107d262e63c4ae12c84a3bfd6b136c
30|2021-09-26T12:08:07.6660000+01:00|71c|Flourishing Fan Dance|0.00|1068703B|Tomo Uchuu|1068703B|Tomo Uchuu|00|106478|106478||a544a1006c890f170cd3096ef12f7fb1
37|2021-09-26T12:08:07.7540000+01:00|107629AA|Joeson Lmoa|00008D44|106059|106059|10000|10000|16||96.99718|96.849|-0.002588656|1.052063|1701|0|0|01|04001BA9|0|41F00000|1057B8A2||b1fa05c46cd0b2a8fa1071deabe3353f
26|2021-09-26T12:08:07.7540000+01:00|129|Galvanize|30.00|1057B8A2|Alex Knightfall|107629AA|Joeson Lmoa|00|106059|97285||e71c50fc219490d2965822d4df717ee4
37|2021-09-26T12:08:07.7540000+01:00|40011D69|Living Liquid|00008D53|3118236|12889320|10000|10000|0||100.4196|100.328|0|0.016155||15f72f2e307c8926f16011aace83e934
37|2021-09-26T12:08:07.7540000+01:00|107ABEEC|Greiyan Fletz|00008D53|99132|106544|10000|10000|11||106.0349|99.38196|0|1.884284|2200|0|0|01|06001F4D|0|C1200000|107ABEEC||e12a54a5706293b62c6fbbdca800171b
38|2021-09-26T12:08:07.7550000+01:00|107629AA|Joeson Lmoa|00505017|106059|106059|10000|10000|16|0|97.1337|96.83947|-0.01531982|1.219024|989A|31|0|0A016D|41F00000|E0000000|0A0168|41F00000|E0000000|28FE0030|450F4236|107629AA|0781|41E21477|10675739|0129|41EFA3D7|1057B8A2|0|0|0|0|0|0|0|0|0|0344|415428FA|10675739||e3847b8d0943ad18675c7c8e0f840655
37|2021-09-26T12:08:07.8890000+01:00|10752D6C|Volkon Vysk|00008D44|145210|152511|10000|10000|10||93.40039|99.83972|0|1.434629|2502|0|0|01|07001BA9|0|41F00000|1057B8A2||cbc57304c50e5494ca125880af6ebd0d
26|2021-09-26T12:08:07.8890000+01:00|129|Galvanize|30.00|1057B8A2|Alex Knightfall|10752D6C|Volkon Vysk|00|152511|97285||acb4bf56e965b87d093615d7b5161664
38|2021-09-26T12:08:07.8890000+01:00|10675739|Jasy Heavensong|00505021|92294|97086|8516|10000|12|0|94.05746|106.3518|-0.001495822|-1.410345|0|0|0|0A0168|41F00000|E0000000|0F016B|41F00000|E0000000|0781|41DFF3B2|10675739|28FE0030|450F3C86|10675739|04C8|410F999D|10675739|08AA|406A6E8D|107629AA|0394|0|10675739|0347|0|10675739|0|0|0|0|0|0|0|0|0|0344|414FE772|10675739|0|0|0|0764|3F343863|10675739||022684b11b3a7a30acfd7774bafe7260
26|2021-09-26T12:08:07.8890000+01:00|394|Spear Drawn|9999.00|10675739|Jasy Heavensong|10675739|Jasy Heavensong|00|97086|97086||f40f4884e36daa08a76a830b57dc04be
21|2021-09-26T12:08:07.8890000+01:00|10675739|Jasy Heavensong|E06|Draw|10675739|Jasy Heavensong|B|3200000|43D|AF8000|0|0|0|0|0|0|0|0|0|0|0|0|92294|97086|8516|10000|0|1000|94.05746|106.3518|-0.001495822|-1.410345|92294|97086|8516|10000|0|1000|94.05746|106.3518|-0.001495822|-1.410345|00008D5B|0|dda4e7d14e61605f28e83dee937309b7
21|2021-09-26T12:08:07.8890000+01:00|1068703B|Tomo Uchuu|07|Attack|40011DEA|Liquid Hand|720003|112B0000|0|0|0|0|0|0|0|0|0|0|0|0|0|0|3220780|12889320|10000|10000|0|1000|98.28333|100.328|0|0.5137475|77673|106478|10000|10000|0|1000|112.1661|108.7222|0|1.128885|00008D5C|0|b73f36ea6e6df4962736f9e98d1e67a3
38|2021-09-26T12:08:07.8890000+01:00|10752D6C|Volkon Vysk|00505025|145210|152511|10000|10000|10|0|93.40039|99.83972|0|1.434629|989A|31|0|14016A|41F00000|E0000000|0A0168|41F00000|E0000000|28FD0030|45108C67|10752D6C|0343|40D83149|10675739|08AA|406A6E8D|107629AA|0781|41E770A0|10675739|320742|40B05A1A|1075A2E4|0129|41EFA3D7|1057B8A2|0|0|0|0|0|0|0344|415EE14B|10675739|0|0|0|0|0|0|0|0|0|0|0|0|0729|0|10752D6C||4fd8e71f5eab9625cb356e7a10478223
37|2021-09-26T12:08:07.9330000+01:00|10675739|Jasy Heavensong|00008D51|92294|97086|8516|10000|2||94.05746|106.3518|-0.001495822|-1.410345|2101|0|0|0||df875a2b42e4f51a1ef24ee3d5aea412
39|2021-09-26T12:08:07.9330000+01:00|10675739|Jasy Heavensong|93264|97086|8780|10000|0|0|94.05746|106.3518|-0.001495822|-1.410345||653d354fd646800080176cbaf877de73
39|2021-09-26T12:08:07.9330000+01:00|10752D6C|Volkon Vysk|146735|152511|10000|10000|0|0|93.40039|99.83972|0|1.434629||3cc6e6c6bb86950191257278b22717c8
39|2021-09-26T12:08:07.9330000+01:00|1075A2E4|Niru Summers|111819|153077|10000|10000|0|0|102.0981|103.6849|0|-2.139261||ba13d20f4540a843e59390c94eb77178
37|2021-09-26T12:08:07.9780000+01:00|10752D6C|Volkon Vysk|00008D55|146735|152511|10000|10000|10||93.40039|99.83972|0|1.434629|2500|0|0|01|080021A7|0|41A00000|10752D6C||d540a5c8dcd56fde2f7a78021659df77
26|2021-09-26T12:08:07.9780000+01:00|727|No Mercy|20.00|10752D6C|Volkon Vysk|10752D6C|Volkon Vysk|00|152511|152511||0d25f47102b6f19ff40c180224c388db
37|2021-09-26T12:08:07.9780000+01:00|107ABEEC|Greiyan Fletz|00008D56|99132|106544|10000|10000|11||106.0349|99.38196|0|1.884284|2200|0|0|01|06001F4D|0|41200000|107ABEEC||dd250226ac10c9662f3592ac2662b1c1
38|2021-09-26T12:08:07.9780000+01:00|107ABEEC|Greiyan Fletz|00505022|99132|106544|10000|10000|11|0|106.0349|99.38196|0|1.884284|9AEA|31|0|0720|42700000|1068703B|14016A|41F00000|E0000000|0A0168|41F00000|E0000000|28FE0030|450F418A|107ABEEC|04E2|40F73B6C|107ABEEC|0781|41E1603C|10675739|04CD|411F47AE|107ABEEC|0839|426273D2|1068703B|0737|426273D2|1068703B|08AA|40679DA8|107629AA|0513|41F5DB93|107ABEEC|0|0|0|0|0|0|0344|4152C088|10675739|0|0|0|0|0|0|0512|41592BA5|107ABEEC||03c32a93f63686c44cdce7b933396e64
26|2021-09-26T12:08:07.9780000+01:00|720|Dance Partner|60.00|1068703B|Tomo Uchuu|107ABEEC|Greiyan Fletz|00|106544|106478||9a5ed0ca4646e0adddf2a448fa2d38ff
37|2021-09-26T12:08:08.0220000+01:00|10675739|Jasy Heavensong|00008D44|97086|97086|8780|10000|18||93.53781|107.0094|-0.001201765|-0.9846869|2103|0|0|01|08001BA9|0|41F00000|1057B8A2||1ef9d86524af2810b9c0391fbe41a7f1
26|2021-09-26T12:08:08.0220000+01:00|129|Galvanize|30.00|1057B8A2|Alex Knightfall|10675739|Jasy Heavensong|00|97086|97285||409719fcee747e23b06fc6cc54fa0a86
37|2021-09-26T12:08:08.0220000+01:00|1075A2E4|Niru Summers|00008D51|111819|153077|10000|10000|4||102.0981|103.6849|0|-2.029891|1503|0|0|0||54b557d6352e39b26780bb6281e80127
39|2021-09-26T12:08:08.0220000+01:00|40011E12|Eos|92601|92601|10000|10000|0|0|100.1449|100.0533|0|0.1074281||10171af00d58d2ff0040841d1acae77a
39|2021-09-26T12:08:08.0220000+01:00|1068703B|Tomo Uchuu|78737|106478|10000|10000|0|0|112.8171|108.6398|0|1.128885||f9ab51df5d2dacfd3fd5216961db6ec5
24|2021-09-26T12:08:08.0220000+01:00|40011D69|Living Liquid|DoT|0|3B08|3118236|12889320|10000|10000|0|1000|100.4196|100.328|0|0.016155||efd2fe9cd4234d0b44cd74d332c2accc
36|2021-09-26T12:08:08.0220000+01:00|15CC|3|0fde7b61764bfa6d5717ec1b61e6a55d
38|2021-09-26T12:08:08.0220000+01:00|10675739|Jasy Heavensong|00505021|97086|97086|8780|10000|18|0|93.53781|107.0094|-0.001201765|-0.9846869|9AEA|31|0|0A0168|41F00000|E0000000|0F016B|41F00000|E0000000|0781|41DEE143|10675739|28FE0030|450F3A62|10675739|04C8|410D74C0|10675739|08AA|4061DB18|107629AA|0394|0|10675739|0347|0|10675739|0129|41EFA3D7|1057B8A2|0|0|0|0|0|0|0344|414DC295|10675739|0|0|0|0764|3F11EA90|10675739||25e6ea9d101ec1b840953573c4b390c4
38|2021-09-26T12:08:08.0220000+01:00|40011D69|Living Liquid|00505000|3103124|12889320|10000|10000|0|0|100.4196|100.328|0|0.016155|9AEA|31|0|0767|417DEF4F|1057B8A2|2804B0|41828910|107629AA|04A9|4085603B|10752D6C|2804B1|41828910|107629AA|0|0|0|04CC|41A95FCD|107ABEEC||a93808555d458b1a1af978cf8f4d8a1c
37|2021-09-26T12:08:08.1120000+01:00|40011D69|Living Liquid|00008D43|3097257|12889320|10000|10000|0||100.4196|100.328|0|0.016155||9a7325f620a332f5e4065dacb9615b3f
24|2021-09-26T12:08:08.1120000+01:00|10752D6C|Volkon Vysk|HoT|742|34F|146735|152511|10000|10000|0|1000|93.40039|99.83972|0|1.434629||6e601b51b3bfd0650b30816f435919b3
37|2021-09-26T12:08:08.1120000+01:00|40011D69|Living Liquid|00008D59|3093769|12889320|10000|10000|0||100.4196|100.328|0|0.016155||a10a5779cad483961e6a26393556029f
37|2021-09-26T12:08:08.1120000+01:00|1075A2E4|Niru Summers|00008D59|113514|153077|10000|10000|4||102.0981|103.6849|0|-2.029891|1500|0|0|0||9bcce9f4b51679f7749bad99d2cec5d0
37|2021-09-26T12:08:08.1120000+01:00|107ABEEC|Greiyan Fletz|00008D51|99132|106544|10000|10000|1||106.0349|99.38196|0|1.884284|2205|0|0|0||36a257f4650391f8acee4d2f2135c668
37|2021-09-26T12:08:08.1120000+01:00|107401EC|Raesa Velan|00008D54|88276|96887|6200|10000|12||107.5802|90.10828|-0.001727843|0.01532367|1900|0|0|01|03001F3B|03|41700000|107401EC||06eb6f0b7695529115d814af7ba4bcc6
39|2021-09-26T12:08:08.1120000+01:00|107629AA|Joeson Lmoa|106059|106059|10000|10000|0|0|98.51911|96.74956|-0.01531982|1.420588||09ce8e8ebac25acec1795735d93bd9d4
39|2021-09-26T12:08:08.1120000+01:00|107ABEEC|Greiyan Fletz|100197|106544|10000|10000|0|0|106.0349|99.38196|0|1.884284||29e950f7aad7456257ccd4cabd3cc573
21|2021-09-26T12:08:08.1120000+01:00|107629AA|Joeson Lmoa|08|Shot|40011D69|Living Liquid|720003|ED80000|0|0|0|0|0|0|0|0|0|0|0|0|0|0|3118236|12889320|10000|10000|0|1000|100.4196|100.328|0|0.016155|106059|106059|10000|10000|0|1000|98.51911|96.74956|-0.01531982|1.420588|00008D5D|0|d3724c70e32099e98392ea26ebc02edd
38|2021-09-26T12:08:08.1120000+01:00|10752D6C|Volkon Vysk|00505025|147582|152511|10000|10000|10|0|93.40039|99.83972|0|1.434629|94C8|31|0|14016A|41F00000|E0000000|0A0168|41F00000|E0000000|28FD0030|451088D7|10752D6C|0343|40D10E77|10675739|08AA|405C28EB|107629AA|0781|41E5A7EB|10675739|320742|40A93748|1075A2E4|0129|41EDDB22|1057B8A2|0727|419E9168|10752D6C|0|0|0|0344|415B4FE3|10675739|0|0|0|0|0|0|0|0|0|0|0|0|0729|0|10752D6C||e16706cdb858ccba8022e4b3785e64a9
38|2021-09-26T12:08:08.1120000+01:00|107401EC|Raesa Velan|00505019|88276|96887|6200|10000|12|0|107.5802|90.10828|-0.001727843|0.01532367|94C8|31|0|0A016D|41F00000|E0000000|0A0168|41F00000|E0000000|29020030|45925644|107401EC|0304BB|416F47AE|107401EC|08AA|405F0A33|107629AA|0781|41E1603C|10675739|A4|418A4DD0|107401EC|0344|4152C088|10675739||cdc1f6cf1610f7abc70d377e42d5c0fa
37|2021-09-26T12:08:08.1570000+01:00|107401EC|Raesa Velan|00008D44|96022|96887|6200|10000|12||107.6544|90.21174|0|-0.2098447|1904|0|0|01|08001BA9|0|41F00000|1057B8A2||fe760822f0ba819036fb2dd9907e575f
26|2021-09-26T12:08:08.1570000+01:00|129|Galvanize|30.00|1057B8A2|Alex Knightfall|107401EC|Raesa Velan|00|96887|97285||353f619c8ad0e18edb149ff334a804d0
37|2021-09-26T12:08:08.1570000+01:00|1068703B|Tomo Uchuu|00008D51|78737|106478|10000|10000|8||113.3707|108.6661|0|1.128885|2606|0|0|0||8a11cbba59e2e36a1cb4fa889bca892e
39|2021-09-26T12:08:08.1570000+01:00|1057B8A2|Alex Knightfall|97285|97285|3482|10000|0|0|92.98772|92.29121|-0.002739596|-1.192923||529ec75eb12581bb9b8084f83891d5e0
38|2021-09-26T12:08:08.1570000+01:00|107401EC|Raesa Velan|00505019|96022|96887|6200|10000|12|0|107.6544|90.21174|0|-0.2098447|94C8|31|0|0A016D|41F00000|E0000000|0A0168|41F00000|E0000000|29020030|459255E8|107401EC|0304BB|416E8F5C|107401EC|08AA|405C28EB|107629AA|0781|41E10413|10675739|A4|4189F1A7|107401EC|0344|41520836|10675739|0129|41EFA3D7|1057B8A2||ea9b26ea00c8f107b505ad469dce1194
39|2021-09-26T12:08:08.2020000+01:00|107401EC|Raesa Velan|96887|96887|10000|10000|0|0|107.7161|90.29774|-0.004468311|-0.3970695||6b384c6ad5887c936c68292bf8dac5b0
21|2021-09-26T12:08:08.2020000+01:00|10752D6C|Volkon Vysk|07|Attack|40011D69|Living Liquid|710103|13800000|0|0|0|0|0|0|0|0|0|0|0|0|0|0|3093769|12889320|10000|10000|0|1000|100.4196|100.328|0|0.016155|147582|152511|10000|10000|0|1000|93.40039|99.83972|0|1.453483|00008D5E|0|a45a08ac9cb375dfc9545a138c0f91b2
37|2021-09-26T12:08:08.2460000+01:00|40011DEA|Liquid Hand|00008D43|3213944|12889320|10000|10000|0||98.28333|100.328|0|0.5137475|01|0|0|0||9b58c86051fbcb5b8e6aa8d0dad8760b
37|2021-09-26T12:08:08.2920000+01:00|40011DEA|Liquid Hand|00008D5A|3199136|12889320|10000|10000|0||98.28333|100.328|0|0.5137475||1c3c4fb71b2fc233c9eae7d3cc605022
37|2021-09-26T12:08:08.2920000+01:00|1068703B|Tomo Uchuu|00008D44|86194|106478|10000|10000|17||113.9156|108.9239|0|1.128885|2605|0|0|01|0D001BA9|0|41F00000|1057B8A2||6ac12e4ca06203e681cf27c245d0c988
26|2021-09-26T12:08:08.2920000+01:00|129|Galvanize|30.00|1057B8A2|Alex Knightfall|1068703B|Tomo Uchuu|00|106478|97285||9185a4f9e52c08ca58ebff52b85325d4
21|2021-09-26T12:08:08.2920000+01:00|1057B8A2|Alex Knightfall|1D8A|Lucid Dreaming|1057B8A2|Alex Knightfall|F40E|4B40000|0|0|0|0|0|0|0|0|0|0|0|0|0|0|97285|97285|3482|10000|0|1000|92.9191|92.25523|-0.0006765486|-1.436697|97285|97285|3482|10000|0|1000|92.9191|92.25523|-0.0006765486|-1.436697|00008D5F|0|708539333522e68a8d853a2a7144d162
38|2021-09-26T12:08:08.2920000+01:00|1068703B|Tomo Uchuu|00505026|86194|106478|10000|10000|17|0|113.9156|108.9239|0|1.128885|94C8|31|0|14016A|41F00000|E0000000|0A0168|41F00000|E0000000|071F|42700000|1068703B|28FE0030|450FE24F|1068703B|0781|41E0FDEF|10675739|08AA|40509369|107629AA|0716|4198DB20|1068703B|071D|42613145|1068703B|0737|42613145|1068703B|0717|4198DB20|1068703B|0718|4198DB20|1068703B|0719|4198DB20|1068703B|0344|4151FBEC|10675739|0129|41EFA1CB|1057B8A2||5edcb35d5df8430bb852c83e948f2b48
26|2021-09-26T12:08:08.2920000+01:00|71f|Closed Position|60.00|1068703B|Tomo Uchuu|1068703B|Tomo Uchuu|00|106478|106478||85be199fe021d499c9d2ab09f86e03b8
37|2021-09-26T12:08:08.4250000+01:00|40011DEA|Liquid Hand|00008D5C|3194741|12889320|10000|10000|0||98.28333|100.328|0|0.5137475||f774edc6ee380e6c824ac9dabb7e8e74
37|2021-09-26T12:08:08.4250000+01:00|40011D69|Living Liquid|00008D5A|3089284|12889320|10000|10000|0||100.4196|100.328|0|0.016155|01|0|0|0||1fff1086fb3a5cca583776f7e71f81de
37|2021-09-26T12:08:08.4250000+01:00|107ABEEC|Greiyan Fletz|00008D44|106544|106544|10000|10000|10||106.0349|99.38196|0|1.884284|2206|0|0|01|0B001BA9|0|41F00000|1057B8A2||c4e6d0494e2da605a5bce2e72773018f
26|2021-09-26T12:08:08.4250000+01:00|129|Galvanize|30.00|1057B8A2|Alex Knightfall|107ABEEC|Greiyan Fletz|00|106544|97285||4917c190ab34c6738f37981adcb4a062
38|2021-09-26T12:08:08.4250000+01:00|107ABEEC|Greiyan Fletz|00505022|106544|106544|10000|10000|10|0|106.0349|99.38196|0|1.884284|94C8|31|0|0720|42700000|1068703B|14016A|41F00000|E0000000|0A0168|41F00000|E0000000|28FE0030|450F3A66|107ABEEC|04E2|40E8ED97|107ABEEC|0781|41DDCCC7|10675739|04CD|411820C5|107ABEEC|0839|4260AA1B|1068703B|0737|4260AA1B|1068703B|08AA|404B0201|107629AA|0513|41F2481E|107ABEEC|0129|41EFA5E3|1057B8A2|0|0|0|0344|414B999F|10675739|0|0|0|0|0|0|0512|415204BC|107ABEEC||72cd09d4dc6d8d538b7ac9b823a87553
37|2021-09-26T12:08:08.4680000+01:00|40011D69|Living Liquid|00008D57|3069627|12889320|10000|10000|0||100.4196|100.328|0|0.016155||78271f745721282e2bbd0d0c3e4d56cf
37|2021-09-26T12:08:08.5580000+01:00|1075A2E4|Niru Summers|00008D44|121053|153077|10000|10000|10||102.0981|103.6849|0|-1.566226|1507|0|0|01|0A001BA9|0|41F00000|1057B8A2||b6ef30b72e1eaed0c0d8b8be1d69a10f
26|2021-09-26T12:08:08.5580000+01:00|129|Galvanize|30.00|1057B8A2|Alex Knightfall|1075A2E4|Niru Summers|00|153077|97285||0efa2ea2b19a06081243e3ba20512879
24|2021-09-26T12:08:08.5580000+01:00|40011DEA|Liquid Hand|DoT|0|5707|3194741|12889320|10000|10000|0|1000|98.28333|100.328|0|0.5137475||6a713edcef424b15521dc1c291c88b6e
38|2021-09-26T12:08:08.5580000+01:00|1075A2E4|Niru Summers|00505015|121053|153077|10000|10000|10|0|102.0981|103.6849|0|-1.566226|94C8|31|0|0A016D|41F00000|E0000000|0A0168|41F00000|E0000000|5B|0|1075A2E4|28FD0030|4510A043|1075A2E4|04C7|42700000|40011E12|0344|41520C4F|10675739|0781|41E1061F|10675739|08AA|403F9DA7|107629AA|320741|409AF1A4|1075A2E4|5A|4261EA9B|1075A2E4|0129|41EFA3D7|1057B8A2|0|0|0|04A7|3FCC07F4|1075A2E4||621632fb53a97cfc7f533349fa1972bb
26|2021-09-26T12:08:08.5580000+01:00|4c7|Fey Union|60.00|40011E12|Eos|1075A2E4|Niru Summers|00|153077|92601||e3c3bef4f906b628b6687763fce18ecf
38|2021-09-26T12:08:08.5580000+01:00|40011DEA|Liquid Hand|00505000|3172462|12889320|10000|10000|0|0|98.28333|100.328|0|0.5137475|94C8|31|0|0A00A3|41B6BC67|107401EC|0767|41258D13|1057B8A2|04CC|4160B738|107ABEEC|2804B1|41554B7C|107629AA|04A9|40710616|10752D6C|2804B0|41554B7C|107629AA|0759|41E88310|10675739||a280bddcfe090b8b665d2306dc3a9fcf
21|2021-09-26T12:08:08.6030000+01:00|1068703B|Tomo Uchuu|3E78|Fountainfall|40011DEA|Liquid Hand|720203|4E120000|0|0|0|0|0|0|0|0|0|0|0|0|0|0|3194741|12889320|10000|10000|0|1000|98.28333|100.328|0|0.5137475|86194|106478|10000|10000|0|1000|115.1363|108.4923|0|0.5633986|00008D60|0|9f610ddb4ea5e1d471cb1d498131b30e
38|2021-09-26T12:08:08.6030000+01:00|10675739|Jasy Heavensong|00505021|97086|97086|8780|10000|18|0|91.8667|108.4988|0|-1.040613|94C8|31|0|0A0168|41F00000|E0000000|0F016B|41F00000|E0000000|0781|41DA3D6B|10675739|28FE0030|450F311E|10675739|04C8|41042D13|10675739|08AA|403CBC5F|107629AA|0394|0|10675739|0347|0|10675739|0129|41EAFFFF|1057B8A2|0|0|0|0|0|0|0344|41447AE8|10675739||b6dff45784c216a79eadca0069ed7436
30|2021-09-26T12:08:08.6030000+01:00|764|Neutral Sect|0.00|10675739|Jasy Heavensong|10675739|Jasy Heavensong|00|97086|97086||179ac4548bcec78c10712a395cc80289
38|2021-09-26T12:08:08.6030000+01:00|1068703B|Tomo Uchuu|00505026|86194|106478|10000|10000|17|0|115.1363|108.4923|0|0.5633986|94C8|31|0|14016A|41F00000|E0000000|0A0168|41F00000|E0000000|071F|42700000|1068703B|28FE0030|450FDD5B|1068703B|0781|41DE830D|10675739|08AA|403CBC5F|107629AA|0716|4196603E|1068703B|071D|425FF3D7|1068703B|0737|425FF3D7|1068703B|0|0|0|0718|4196603E|1068703B|0719|4196603E|1068703B|0344|414D062A|10675739|0129|41ED26E9|1057B8A2||08b2c03aabd915efb7fa462b641d8428
30|2021-09-26T12:08:08.6030000+01:00|717|Flourishing Fountain|0.00|1068703B|Tomo Uchuu|1068703B|Tomo Uchuu|00|106478|106478||36ba36a09139526e18c60d4d34659984
37|2021-09-26T12:08:08.7350000+01:00|40011D69|Living Liquid|00008D5E|3064635|12889320|10000|10000|0||100.4196|100.328|0|0.016155||eaa7e9610e929eb3e48bf2a0d9ba72d5
20|2021-09-26T12:08:08.7360000+01:00|107ABEEC|Greiyan Fletz|1D40|Tenka Goken|40011D69|Living Liquid|1.30|106.0349|99.38196|0|1.884284||acb2e1fe85ecb911bcbea8cb175505a8
21|2021-09-26T12:08:08.7360000+01:00|107401EC|Raesa Velan|DF8|Blizzard IV|40011DEA|Liquid Hand|250203|64540000|1B|DF88000|0|0|0|0|0|0|0|0|0|0|0|0|3172462|12889320|10000|10000|0|1000|98.28333|100.328|0|0.5137475|96887|96887|10000|10000|0|1000|107.8396|90.41828|-0.002590854|-0.7854581|00008D61|0|3f1fe2ba56b0f0e51477d1ca7d4e05af
38|2021-09-26T12:08:08.7360000+01:00|107401EC|Raesa Velan|00505019|96887|96887|10000|10000|12|0|107.8396|90.41828|-0.002590854|-0.7854581|94C8|31|0|0A016D|41F00000|E0000000|0A0168|41F00000|E0000000|29020030|45925148|107401EC|0204BB|41654BC8|107401EC|08AA|40371A95|107629AA|0781|41DC6247|10675739|A4|41854FDB|107401EC|0344|4148C4A2|10675739|0129|41EB020B|1057B8A2||5e977639d4e90533993d031a99ced2fc
26|2021-09-26T12:08:08.7360000+01:00|4bb|Triplecast|14.33|107401EC|Raesa Velan|107401EC|Raesa Velan|02|96887|96887||8a9ea402b6a82b7f8561c2a643261adb
37|2021-09-26T12:08:08.8240000+01:00|40011DEA|Liquid Hand|00008D52|3166014|12889320|10000|10000|0||98.28333|100.328|0|0.5137475||5d6147daf2892646d4205ea92bcc3ef0
37|2021-09-26T12:08:08.8680000+01:00|40011D69|Living Liquid|00008D5D|3060835|12889320|10000|10000|0||100.4196|100.328|0|0.016155||f291647c97faea054069cfb8f3b86c8a
37|2021-09-26T12:08:08.9140000+01:00|1057B8A2|Alex Knightfall|00008D5F|97285|97285|3482|10000|11||92.40405|91.96606|-0.01531982|-1.511742|1C00|0|0|01|05001F34|0|41A80000|1057B8A2||652d71ed0ac29b5dd94b7c453261a58b
26|2021-09-26T12:08:08.9140000+01:00|4b4|Lucid Dreaming|21.00|1057B8A2|Alex Knightfall|1057B8A2|Alex Knightfall|00|97285|97285||f530d9b92bd6caf79faf1e800a8a01a3
37|2021-09-26T12:08:08.9590000+01:00|40011D69|Living Liquid|00008D52|3052880|12889320|10000|10000|0||100.4196|100.328|0|0.016155|01|0|0|0||4479a405804d5168973b7fcb758c435c
21|2021-09-26T12:08:08.9590000+01:00|10752D6C|Volkon Vysk|3F12|Gnashing Fang|40011D69|Living Liquid|710103|58C60000|F|7328000|0|0|0|0|0|0|0|0|0|0|0|0|3060835|12889320|10000|10000|0|1000|100.4196|100.328|0|0.016155|147582|152511|10000|10000|0|1000|93.48494|99.84568|-0.001901236|1.503659|00008D62|0|be47aef4f51c9d4990a76c9f4e4b16b0
21|2021-09-26T12:08:08.9590000+01:00|40011DEA|Liquid Hand|4979|Unknown_4979|10752D6C|Volkon Vysk|730003|37D60400|0|0|0|0|0|0|0|0|0|0|0|0|0|0|147582|152511|10000|10000|0|1000|93.48494|99.84568|-0.001901236|1.503659|3166014|12889320|10000|10000|0|1000|98.28333|100.328|0|0.5137475|00008D63|0|c81183e9b0865f5f3e99ba09547255f3
38|2021-09-26T12:08:08.9590000+01:00|10752D6C|Volkon Vysk|00505025|147582|152511|10000|10000|10|0|93.48494|99.84568|-0.001901236|1.503659|994C|31|0|14016A|41F00000|E0000000|0A0168|41F00000|E0000000|28FD0030|45107B53|10752D6C|0343|40B5FC04|10675739|08AA|4026040E|107629AA|0781|41DEE34E|10675739|320742|408E24D5|1075A2E4|0129|41E71685|1057B8A2|0727|4197CCCB|10752D6C|0732|C1200000|10752D6C|0344|414DC6AE|10675739|0|0|0|0|0|0|0|0|0|0|0|0|0729|0|10752D6C||7bcc6888165b05d1840d247eb4b95275
26|2021-09-26T12:08:08.9590000+01:00|732|Ready To Rip|10.00|10752D6C|Volkon Vysk|10752D6C|Volkon Vysk|00|152511|152511||ebd92a297a7b0fa82fe2782248c80d24
21|2021-09-26T12:08:09.0030000+01:00|40011D69|Living Liquid|4823|Protean Wave|E0000000||0|0|0|0|0|0|0|0|0|0|0|0|0|0|0|0|||||||||||3060835|12889320|10000|10000|0|1000|100.4196|100.328|0|0.016155|00008D64|0|f6d4a6056fe716874416b2888167c0c6
20|2021-09-26T12:08:09.0030000+01:00|40011D73|Alexander Prime|49B1|Sluice|E0000000||2.70|97.39545|108.3706|0|-4.792213E-05||3e0e0a1d0a635c531cb94c6fe4efbf29
20|2021-09-26T12:08:09.0030000+01:00|40011D74|Living Liquid|49B1|Sluice|E0000000||2.70|100.4225|100.3544|0|-0.1159613||62b96cf08df345bce83595a7827a9cc3
20|2021-09-26T12:08:09.0030000+01:00|40011D76|Living Liquid|49B1|Sluice|E0000000||2.70|100.4225|100.3544|0|-3.101133||2f36991657689158cdabdb8726e030c5
21|2021-09-26T12:08:09.0030000+01:00|40011D77|Living Liquid|4825|Protean Wave|10752D6C|Volkon Vysk|650003|7EDE0400|E|4010000|1B|48258000|0|0|0|0|0|0|0|0|0|0|147582|152511|10000|10000|0|1000|93.48494|99.84568|-0.001901236|1.503659|44|44|0|10000|0|1000|100.4225|100.3544|0|-3.019927|00008D65|0|5c465c2e8b83a788cf1924b0f2c2b2c6
20|2021-09-26T12:08:09.0030000+01:00|40011D75|Living Liquid|49B1|Sluice|E0000000||2.70|100.4225|100.3544|0|-3.077836||286228bdb3ebe127a785b94432293302
21|2021-09-26T12:08:09.0030000+01:00|40011D78|Living Liquid|4825|Protean Wave|107ABEEC|Greiyan Fletz|650003|BA7F0400|E|4010000|1B|48258000|0|0|0|0|0|0|0|0|0|0|106544|106544|10000|10000|0|1000|106.0349|99.38196|0|-2.885495|44|44|0|10000|0|1000|100.4225|100.3544|0|-3.047251|00008D66|0|edf04cf9cac2e45c4e488a6b4740b914
21|2021-09-26T12:08:09.0030000+01:00|40011D7A|Living Liquid|4825|Protean Wave|107629AA|Joeson Lmoa|650003|98150400|E|4010000|1B|48258000|0|0|0|0|0|0|0|0|0|0|106059|106059|10000|10000|0|1000|99.77869|96.78796|0|1.59081|44|44|0|10000|0|1000|100.4225|100.3544|0|-3.03009|00008D67|0|852b281e55dba5ab676f1c20e66270bd
21|2021-09-26T12:08:09.0030000+01:00|40011D79|Living Liquid|4825|Protean Wave|1075A2E4|Niru Summers|650003|32810400|E|4010000|1B|48258000|0|0|0|0|0|0|0|0|0|0|121053|153077|10000|10000|0|1000|102.0981|103.6849|0|-1.278413|44|44|0|10000|0|1000|100.4225|100.3544|0|-2.964895|00008D68|0|de534801d7367af84e6204abc6ce3e34
38|2021-09-26T12:08:09.0030000+01:00|10752D6C|Volkon Vysk|00505025|147582|152511|10000|10000|0|0|93.48494|99.84568|-0.001901236|1.503659|9504|31|0|14016A|41F00000|E0000000|0A0168|41F00000|E0000000|28FD0030|45107A9B|10752D6C|0343|40B48B60|10675739|08AA|402322C6|107629AA|0781|41DE8725|10675739|320742|408CB431|1075A2E4|0129|41E6BA5C|1057B8A2|0727|419770A2|10752D6C|0732|C1200000|10752D6C|0344|414D0E5C|10675739|0401|407D1EB8|40011D77|0|0|0|0|0|0|0|0|0|0729|0|10752D6C||362d8b5ccf67d2fcf4a7b1f08821fc25
26|2021-09-26T12:08:09.0030000+01:00|401|Water Resistance Down II|3.96|40011D77|Living Liquid|10752D6C|Volkon Vysk|00|152511|44||77a43da0e4c2c59b0ace889c4c6e972d
38|2021-09-26T12:08:09.0030000+01:00|107629AA|Joeson Lmoa|00505017|106059|106059|10000|10000|0|0|99.77869|96.78796|0|1.59081|9504|31|0|0A016D|41F00000|E0000000|0A0168|41F00000|E0000000|28FE0030|450F2E4A|107629AA|0781|41D81A99|10675739|0129|41E5A9F9|1057B8A2|0401|407D1EB8|40011D7A|0|0|0|0|0|0|0344|41403547|10675739||e28d4fe26137c0e59c43c4e30eb1d453
26|2021-09-26T12:08:09.0030000+01:00|401|Water Resistance Down II|3.96|40011D7A|Living Liquid|107629AA|Joeson Lmoa|00|106059|44||6cde52b278cb317f11525822ef6e0d77
38|2021-09-26T12:08:09.0030000+01:00|1075A2E4|Niru Summers|00505015|121053|153077|10000|10000|0|0|102.0981|103.6849|0|-1.278413|9504|31|0|0A016D|41F00000|E0000000|0A0168|41F00000|E0000000|5B|0|1075A2E4|28FD0030|45109927|1075A2E4|04C7|42700000|40011E12|0344|414AED98|10675739|0781|41DD76C2|10675739|08AA|402322C6|107629AA|320741|408CB431|1075A2E4|5A|426022F0|1075A2E4|0129|41EC147A|1057B8A2|0401|407D1EB8|40011D79|04A7|3F931232|1075A2E4||947c93a0af991a96f0fbdc980e03d941
26|2021-09-26T12:08:09.0030000+01:00|401|Water Resistance Down II|3.96|40011D79|Living Liquid|1075A2E4|Niru Summers|00|153077|44||8b7de1a8b95d5dc8a5d22bc09039583e
38|2021-09-26T12:08:09.0030000+01:00|107ABEEC|Greiyan Fletz|00505022|106544|106544|10000|10000|0|0|106.0349|99.38196|0|-2.885495|9504|31|0|0720|42700000|1068703B|14016A|41F00000|E0000000|0A0168|41F00000|E0000000|28FE0030|450F312A|107ABEEC|04E2|40D66E9A|107ABEEC|0781|41D92D07|10675739|04CD|410EE14A|107ABEEC|0839|425E5A40|1068703B|0737|425E5A40|1068703B|08AA|4026040E|107629AA|0513|41EDA85E|107ABEEC|0129|41EB0623|1057B8A2|0401|407D1EB8|40011D78|0344|41425A24|10675739|0|0|0|0|0|0|0512|4148C541|107ABEEC||c194e6a74069ac5273e1f03176c8f77c
26|2021-09-26T12:08:09.0030000+01:00|401|Water Resistance Down II|3.96|40011D78|Living Liquid|107ABEEC|Greiyan Fletz|00|106544|44||1e34ae4702609686fcefa31cad01377b
03|2021-09-26T12:08:08.6490000+01:00|40011d73|Living Liquid|0|1|0|0||9211|9020|44|44|0|10000|0|0|97.39545|108.3706|0|-4.792213E-05||a0a5deb64fbfa032bb4cefe00a3e4eca
37|2021-09-26T12:08:09.1810000+01:00|10675739|Jasy Heavensong|00008D5B|97086|97086|9580|10000|18||90.4707|110.1548|0|-1.189956|2100|0|0|0||5255384cb44332c6a583abeb22317f04
22|2021-09-26T12:08:09.2700000+01:00|107629AA|Joeson Lmoa|6A|Quick Nock|40011D69|Living Liquid|720203|1FDA0000|1B|6A8000|0|0|0|0|0|0|0|0|0|0|0|0|3052880|12889320|10000|10000|0|1000|100.4196|100.328|0|0.016155|106059|106059|10000|10000|0|1000|99.77869|96.78796|0|1.59081|00008D69|0|de4a0b7f0583f5217a26bca0008fe84c
22|2021-09-26T12:08:09.2700000+01:00|107629AA|Joeson Lmoa|6A|Quick Nock|40011DEA|Liquid Hand|720003|1A910000|1B|6A8000|0|0|0|0|0|0|0|0|0|0|0|0|3166014|12889320|10000|10000|0|1000|98.28333|100.328|0|0.5137475|106059|106059|10000|10000|0|1000|99.77869|96.78796|0|1.59081|00008D69|1|a2e6c979d7b0e450b58bcc1f9514a37a
24|2021-09-26T12:08:09.3590000+01:00|10752D6C|Volkon Vysk|HoT|742|AC3|150337|152511|10000|10000|0|1000|93.72087|99.86874|-0.004574486|1.503659||51c1d5911a1f70db314b5f8da0462c19
37|2021-09-26T12:08:09.3590000+01:00|40011D69|Living Liquid|00008D58|3041546|12889320|10000|10000|0||100.4196|100.328|0|0.016155||df0e64630bbd9d03e94a153cd6d87188
37|2021-09-26T12:08:09.3590000+01:00|1075A2E4|Niru Summers|00008D58|126563|153077|10000|10000|0||102.0981|103.6849|0|-1.23475|1500|0|0|0||aa2a224f9455450aef2d0152028b9949
38|2021-09-26T12:08:09.3590000+01:00|10752D6C|Volkon Vysk|00505025|150337|152511|10000|10000|0|0|93.72087|99.86874|-0.004574486|1.503659|9504|31|0|14016A|41F00000|E0000000|0A0168|41F00000|E0000000|28FD0030|451074E7|10752D6C|0343|40A91ED3|10675739|08AA|400C49AF|107629AA|0781|41DBAC01|10675739|320742|408147A4|1075A2E4|0129|41E3DF38|1057B8A2|0727|4194957E|10752D6C|0732|C1200000|10752D6C|0344|41475817|10675739|0401|406645A1|40011D77|0|0|0|0|0|0|0|0|0|0729|0|10752D6C||a65e248e5b47b90bd2b222cd3c006d00
20|2021-09-26T12:08:09.4040000+01:00|10675739|Jasy Heavensong|40AB|Malefic IV|40011D69|Living Liquid|1.43|90.4707|110.1548|0|-1.405191||054b0ca257b9e99d10bc5da90166a3cb
24|2021-09-26T12:08:09.4480000+01:00|10675739|Jasy Heavensong|HoT|0|1ECD|97086|97086|9580|10000|0|1000|90.4707|110.1548|0|-1.405191||f4c24b4b5a0fa042bb927bba8ab99f2d
24|2021-09-26T12:08:09.4480000+01:00|10752D6C|Volkon Vysk|HoT|0|5FAE|150337|152511|10000|10000|0|1000|93.72087|99.86874|-0.004574486|1.503659||6c85eab8f5578937d844a39d28ed8cd0
24|2021-09-26T12:08:09.4480000+01:00|1075A2E4|Niru Summers|HoT|0|1511|126563|153077|10000|10000|0|1000|102.0981|103.6849|0|-1.23475||b5c4c4082e05fd5d5d9967300d773984
38|2021-09-26T12:08:09.4480000+01:00|10675739|Jasy Heavensong|00505021|97086|97086|9580|10000|18|0|90.4707|110.1548|0|-1.405191|9504|31|0|0A0168|41F00000|E0000000|0F016B|41F00000|E0000000|0781|41D37ADA|10675739|28FE0030|450F239E|10675739|04C8|40ED4FE7|10675739|08AA|4006A7E4|107629AA|0394|0|10675739|0347|0|10675739|0129|41E43D6E|1057B8A2|0|0|0|0|0|0|0344|4136F5CB|10675739||d9d4479d4f94876c1f88b96aabc75f28
38|2021-09-26T12:08:09.4480000+01:00|10752D6C|Volkon Vysk|00505025|152511|152511|10000|10000|0|0|93.72087|99.86874|-0.004574486|1.503659|9504|31|0|14016A|41F00000|E0000000|0A0168|41F00000|E0000000|28FD0030|4510737F|10752D6C|0343|40A64DED|10675739|08AA|4006A7E4|107629AA|0781|41DAF7C8|10675739|320742|407CED7D|1075A2E4|0129|41E32AFF|1057B8A2|0727|4193E145|10752D6C|0732|C1200000|10752D6C|0344|4145EFA4|10675739|0401|4060A3D6|40011D77|0|0|0|0|0|0|0|0|0|0729|0|10752D6C||808ada7711587aaac04350de5f552aa8
38|2021-09-26T12:08:09.4480000+01:00|1075A2E4|Niru Summers|00505015|131956|153077|10000|10000|0|0|102.0981|103.6849|0|-1.23475|9504|31|0|0A016D|41F00000|E0000000|0A0168|41F00000|E0000000|5B|0|1075A2E4|28FD0030|4510920B|1075A2E4|04C7|42700000|40011E12|0344|4143CEE0|10675739|0781|41D9E765|10675739|08AA|4006A7E4|107629AA|320741|407CED7D|1075A2E4|5A|425E5B46|1075A2E4|0129|41E8851D|1057B8A2|0401|4060A3D6|40011D79|04A7|3F3438DF|1075A2E4||f97e5aadd2027b556a5d0d50af48bc44
24|2021-09-26T12:08:09.4930000+01:00|10752D6C|Volkon Vysk|HoT|742|6A4|152511|152511|10000|10000|0|1000|93.73621|99.87024|0|1.503659||8029444cc978ac66845e8b41f36634de
37|2021-09-26T12:08:09.4930000+01:00|40011DEA|Liquid Hand|00008D58|3159018|12889320|10000|10000|0||98.28333|100.328|0|-0.1685014|01|0|0|0||ee57f85453400abe246d06c353cf93b9
37|2021-09-26T12:08:09.4930000+01:00|1075A2E4|Niru Summers|00008D58|135357|153077|10000|10000|0||102.0981|103.6849|0|-1.233675|1501|0|0|0||8b2d8a0525ab5c9b6c8a6197b5de5c77
37|2021-09-26T12:08:09.4930000+01:00|10752D6C|Volkon Vysk|00008D63|138217|152511|10000|10000|0||93.73621|99.87024|0|1.503659|2500|0|0|03|05001A80|0|0|E0000000|07000000|0|0|E0000000|090022F2|0|C1200000|10752D6C||0e24c2280bfe1612409df15979128b54
22|2021-09-26T12:08:09.4930000+01:00|107ABEEC|Greiyan Fletz|1D40|Tenka Goken|40011D69|Living Liquid|710003|58190000|13D|FF8000|0|0|0|0|0|0|0|0|0|0|0|0|3041546|12889320|10000|10000|0|1000|100.4196|100.328|0|0.016155|106544|106544|10000|10000|0|1000|106.0349|99.38196|0|-1.408935|00008D6A|0|9978f3704ca14572f2849ea1f7ce1a2e
22|2021-09-26T12:08:09.4930000+01:00|107ABEEC|Greiyan Fletz|1D40|Tenka Goken|40011DEA|Liquid Hand|710003|55920000|0|0|0|0|0|0|0|0|0|0|0|0|0|0|3166014|12889320|10000|10000|0|1000|98.28333|100.328|0|-0.1685014|106544|106544|10000|10000|0|1000|106.0349|99.38196|0|-1.408935|00008D6A|1|60f9416cead14217a3cb6d0d94b3047f
38|2021-09-26T12:08:09.4930000+01:00|10752D6C|Volkon Vysk|00505025|138217|152511|10000|10000|0|0|93.73621|99.87024|0|1.503659|9504|31|0|14016A|41F00000|E0000000|0A0168|41F00000|E0000000|28FD0030|451072C7|10752D6C|0343|40A4DD49|10675739|08AA|4003C69C|107629AA|0|0|0|320742|407A0C35|1075A2E4|0|0|0|0727|4193851C|10752D6C|0732|C1200000|10752D6C|0344|41453752|10675739|0401|405DC28E|40011D77|0|0|0|0|0|0|0|0|0|0729|0|10752D6C||84743fa6e6e0a43fda7a12d4bab59e6a
30|2021-09-26T12:08:09.4930000+01:00|781|Nocturnal Balance|0.00|10675739|Jasy Heavensong|10752D6C|Volkon Vysk|00|152511|97086||685d274bf3112999a3bb9f08274cac90
30|2021-09-26T12:08:09.4930000+01:00|129|Galvanize|0.00|1057B8A2|Alex Knightfall|10752D6C|Volkon Vysk|00|152511|97285||728dde4ee4e5c44301155f43e1a5f980
38|2021-09-26T12:08:09.4930000+01:00|107ABEEC|Greiyan Fletz|00505022|106544|106544|10000|10000|0|0|106.0349|99.38196|0|-1.408935|9504|31|0|0720|42700000|1068703B|14016A|41F00000|E0000000|0A0168|41F00000|E0000000|28FE0030|450F2956|107ABEEC|04E2|40C6C083|107ABEEC|0781|41D54181|10675739|0|0|0|0839|425C6482|1068703B|0737|425C6482|1068703B|08AA|4006A7E4|107629AA|0513|41E9BCD8|107ABEEC|0129|41E71A9D|1057B8A2|0401|405DC28E|40011D78|0344|413A831A|10675739|0|0|0|0|0|0|0512|4140EE37|107ABEEC||6a6abce93f81fb6367e7e662e3bc7914
30|2021-09-26T12:08:09.4930000+01:00|4cd|Kaiten|0.00|107ABEEC|Greiyan Fletz|107ABEEC|Greiyan Fletz|00|106544|106544||70329735dd394f779dfae15c34b948f4
24|2021-09-26T12:08:09.5370000+01:00|1068703B|Tomo Uchuu|HoT|0|14F9|86194|106478|10000|10000|0|1000|113.4899|108.5125|0|-1.740437||072c65c06f87c81c19389e445f267115
38|2021-09-26T12:08:09.5370000+01:00|1068703B|Tomo Uchuu|00505026|91563|106478|10000|10000|17|0|113.4899|108.5125|0|-1.740437|948D|31|0|14016A|41F00000|E0000000|0A0168|41F00000|E0000000|071F|42700000|1068703B|28FE0030|450FCE6F|1068703B|0781|41D70A36|10675739|08AA|4000F5B7|107629AA|0716|418EE767|1068703B|071D|425C3774|1068703B|0737|425C3774|1068703B|0|0|0|0718|418EE767|1068703B|0719|418EE767|1068703B|0344|413E1482|10675739|0129|41E5AE12|1057B8A2||da291d690dc4af6ad1beb56bb7b294b5
37|2021-09-26T12:08:09.5820000+01:00|40011D69|Living Liquid|00008D62|3018820|12889320|10000|10000|0||100.4196|100.328|0|0.016155||343b6c9e399c49a0db2bf65474c06381
37|2021-09-26T12:08:09.5820000+01:00|10752D6C|Volkon Vysk|00008D62|138217|152511|10000|10000|0||93.73621|99.87024|0|1.503659|2500|0|0|01|090021B2|0|41200000|10752D6C||3d985203aeb4e7d5280ad0ebe6f3d477
24|2021-09-26T12:08:09.5820000+01:00|107629AA|Joeson Lmoa|HoT|0|1407|106059|106059|10000|10000|0|1000|99.77869|96.78796|0|0.1786635||0156cfbe835606399c53ffe493c7a3b7
38|2021-09-26T12:08:09.5820000+01:00|40011E12|Eos|00505000|92601|92601|10000|10000|0|0|100.1449|100.0533|0|0.1074281|0|0|0|28FE0030|44D618D7|1057B8A2|08AA|40A00000|107629AA|0|0|0|9604C6|0|40011E12||7e40a43f4881568127382cfe631433f8
26|2021-09-26T12:08:09.5820000+01:00|8aa|Army's Paeon|5.00|107629AA|Joeson Lmoa|40011E12|Eos|00|92601|106059||380733d9f6374b00c564082babae58b9
38|2021-09-26T12:08:09.5820000+01:00|10675739|Jasy Heavensong|00505021|97086|97086|9580|10000|18|0|90.4707|110.1548|0|-2.045301|0|0|0|0A0168|41F00000|E0000000|0F016B|41F00000|E0000000|0781|41D2686B|10675739|28FE0030|450F217A|10675739|04C8|40E9062C|10675739|08AA|40A00000|107629AA|0394|0|10675739|0347|0|10675739|0129|41E32AFF|1057B8A2|0|0|0|0|0|0|0344|4134D0EE|10675739||b3c649cef0ecd5fb04bd6394bb5640d3
26|2021-09-26T12:08:09.5820000+01:00|8aa|Army's Paeon|5.00|107629AA|Joeson Lmoa|10675739|Jasy Heavensong|00|97086|106059||213dcc02865436bdfd438aaf5d97dbb8
38|2021-09-26T12:08:09.5820000+01:00|1068703B|Tomo Uchuu|00505026|91563|106478|10000|10000|17|0|113.4899|108.5125|0|-1.740437|0|0|0|14016A|41F00000|E0000000|0A0168|41F00000|E0000000|071F|42700000|1068703B|28FE0030|450FCDB7|1068703B|0781|41D6AE0D|10675739|08AA|40A00000|107629AA|0716|418E8B3E|1068703B|071D|425C0960|1068703B|0737|425C0960|1068703B|0|0|0|0718|418E8B3E|1068703B|0719|418E8B3E|1068703B|0344|413D5C30|10675739|0129|41E551E9|1057B8A2||6837c9fc98fa5fe3ee3d787b3e9fde71
26|2021-09-26T12:08:09.5820000+01:00|8aa|Army's Paeon|5.00|107629AA|Joeson Lmoa|1068703B|Tomo Uchuu|00|106478|106059||b90e18d603eae6ebf1e33dc2af3d1930
38|2021-09-26T12:08:09.5820000+01:00|40011E3B|Earthly Star|00505000|92424|92424|10000|10000|0|0|99.06918|99.95715|0|-0.6909251|0|0|0|28FE0030|450F217A|10675739|08AA|40A00000|107629AA||90ebab21d931ddccce3a9bd0eb5ffe05
26|2021-09-26T12:08:09.5820000+01:00|30|Well Fed|2290.09|10675739|Jasy Heavensong|40011E3B|Earthly Star|28FE|92424|97086||fee197191ff3ebda9423cd06be7f593f
26|2021-09-26T12:08:09.5820000+01:00|8aa|Army's Paeon|5.00|107629AA|Joeson Lmoa|40011E3B|Earthly Star|00|92424|106059||3b229b5c42fcbd1d553b31f6ef3c8b36
38|2021-09-26T12:08:09.5820000+01:00|10752D6C|Volkon Vysk|00505025|138217|152511|10000|10000|0|0|93.73621|99.87024|0|1.503659|0|0|0|14016A|41F00000|E0000000|0A0168|41F00000|E0000000|28FD0030|4510715B|10752D6C|0343|40A20432|10675739|08AA|40A00000|107629AA|0|0|0|320742|40745A08|1075A2E4|0|0|0|0727|4192CED6|10752D6C|0732|411F47AE|10752D6C|0344|4143CAC7|10675739|0401|40581061|40011D77|0|0|0|0|0|0|0|0|0|0729|0|10752D6C||c87a9da4049c3665ce5fecd00599185d
26|2021-09-26T12:08:09.5820000+01:00|8aa|Army's Paeon|5.00|107629AA|Joeson Lmoa|10752D6C|Volkon Vysk|00|152511|106059||726607a2bd4d2538e1b7dab695f66f42
38|2021-09-26T12:08:09.5820000+01:00|1057B8A2|Alex Knightfall|0050501C|97285|97285|3482|10000|11|0|92.24072|91.96606|0|-0.5811481|0|0|0|0A016D|41F00000|E0000000|1E016C|41F00000|E0000000|28FE0030|44D618D7|1057B8A2|0781|41D7C288|10675739|0129|41DFF5BE|1057B8A2|04B4|41A24BC6|1057B8A2|0344|413F8526|10675739|08AA|40A00000|107629AA|030130|0|1057B8A2||5d5a0abadb2ff4bcdfa7c6f315324009
26|2021-09-26T12:08:09.5820000+01:00|8aa|Army's Paeon|5.00|107629AA|Joeson Lmoa|1057B8A2|Alex Knightfall|00|97285|106059||4db58782d9c036579eee9420862ed4b0
38|2021-09-26T12:08:09.5820000+01:00|107629AA|Joeson Lmoa|00505017|106059|106059|10000|10000|0|0|99.77869|96.78796|0|0.1786635|0|0|0|0A016D|41F00000|E0000000|0A0168|41F00000|E0000000|28FE0030|450F250A|107629AA|0781|41D378CD|10675739|0129|41E1082D|1057B8A2|0401|40581061|40011D7A|0|0|0|0|0|0|0344|4136F1B2|10675739||4ee0f869211264aea444ef42ffe6a6a7
38|2021-09-26T12:08:09.5820000+01:00|1075A2E4|Niru Summers|00505015|135357|153077|10000|10000|0|0|102.0981|103.6849|0|-1.233675|0|0|0|0A016D|41F00000|E0000000|0A0168|41F00000|E0000000|5B|0|1075A2E4|28FD0030|45108FE7|1075A2E4|04C7|42700000|40011E12|0344|4141AA03|10675739|0781|41D8D4F6|10675739|08AA|409E8F5C|107629AA|320741|40745A08|1075A2E4|5A|425DD210|1075A2E4|0129|41E772AE|1057B8A2|0401|40581061|40011D79|04A7|3F11EB0B|1075A2E4||a0b9f849117adf9dcc12d15c55126973
26|2021-09-26T12:08:09.5820000+01:00|8aa|Army's Paeon|4.96|107629AA|Joeson Lmoa|1075A2E4|Niru Summers|00|153077|106059||e22860a8035c8149efeba7dbc8141aad
38|2021-09-26T12:08:09.5820000+01:00|107ABEEC|Greiyan Fletz|00505022|106544|106544|10000|10000|0|0|106.0349|99.38196|0|-1.408935|0|0|0|0720|42700000|1068703B|14016A|41F00000|E0000000|0A0168|41F00000|E0000000|28FE0030|450F27EA|107ABEEC|04E2|40C3E76C|107ABEEC|0781|41D48B3B|10675739|0|0|0|0839|425C0960|1068703B|0737|425C0960|1068703B|08AA|409E8F5C|107629AA|0513|41E90692|107ABEEC|0129|41E66457|1057B8A2|0401|40581061|40011D78|0344|4139168F|10675739|0|0|0|0|0|0|0512|413F81AC|107ABEEC||8d6882dc9ca2a731906643b7f1fb956f
26|2021-09-26T12:08:09.5820000+01:00|8aa|Army's Paeon|4.96|107629AA|Joeson Lmoa|107ABEEC|Greiyan Fletz|00|106544|106059||8954abe011dbfa46bb1faccf4f7b6f43
38|2021-09-26T12:08:09.5820000+01:00|107401EC|Raesa Velan|00505019|96887|96887|10000|10000|12|0|108.463|90.85474|0|-0.6810501|0|0|0|0A016D|41F00000|E0000000|0A0168|41F00000|E0000000|29020030|45924A86|107401EC|0204BB|4157C292|107401EC|08AA|409E8F5C|107629AA|0781|41D59DAA|10675739|A4|417D167C|107401EC|0344|413B3B6C|10675739|0129|41E43D6E|1057B8A2||04f3b43536fddde7d3715e3f884411d3
26|2021-09-26T12:08:09.5820000+01:00|8aa|Army's Paeon|4.96|107629AA|Joeson Lmoa|107401EC|Raesa Velan|00|96887|106059||1e60c54889b2e0a882da24245b04d8bb
24|2021-09-26T12:08:09.6260000+01:00|107ABEEC|Greiyan Fletz|HoT|0|1F26|106544|106544|10000|10000|0|1000|106.0349|99.38196|0|-1.408935||c3d97121b0e8ca99fbb1df713bb3733b
38|2021-09-26T12:08:09.6260000+01:00|107ABEEC|Greiyan Fletz|00505022|106544|106544|10000|10000|0|0|106.0349|99.38196|0|-1.408935|0|0|0|0720|42700000|1068703B|14016A|41F00000|E0000000|0A0168|41F00000|E0000000|28FE0030|450F2736|107ABEEC|04E2|40C27EF9|107ABEEC|0781|41D4311E|10675739|0|0|0|0839|425BDC52|1068703B|0737|425BDC52|1068703B|08AA|409D26E9|107629AA|0513|41E8AC75|107ABEEC|0129|41E60A3A|1057B8A2|0401|40553F7C|40011D78|0344|41386256|10675739|0|0|0|0|0|0|0512|413ECD73|107ABEEC||4fda7198060104718749a1d56a74c297
24|2021-09-26T12:08:09.6700000+01:00|1057B8A2|Alex Knightfall|HoT|0|155A|97285|97285|3982|10000|0|1000|92.24072|91.96606|0|-0.5811481||c828a9a7ea046d4c3a95da3aca6a0ef4
38|2021-09-26T12:08:09.6700000+01:00|1057B8A2|Alex Knightfall|0050501C|97285|97285|3982|10000|11|0|92.24072|91.96606|0|-0.5811481|0|0|0|0A016D|41F00000|E0000000|1E016C|41F00000|E0000000|28FE0030|44D61607|1057B8A2|0781|41D70E4E|10675739|0129|41DF4184|1057B8A2|04B4|41A1978C|1057B8A2|0344|413E1CB4|10675739|08AA|409D2F1A|107629AA|030130|0|1057B8A2||e6742d3175b92f0f15cd58dc2521b055
24|2021-09-26T12:08:09.7140000+01:00|107401EC|Raesa Velan|HoT|0|13EA|96887|96887|10000|10000|0|1000|108.514|90.89062|-0.001036089|-0.6879693||91db71bcda5fb2fba894e7abd20fb2ed
38|2021-09-26T12:08:09.7140000+01:00|107401EC|Raesa Velan|00505019|96887|96887|10000|10000|12|0|108.514|90.89062|-0.001036089|-0.6879693|0|0|0|0A016D|41F00000|E0000000|0A0168|41F00000|E0000000|29020030|45924976|107401EC|0204BB|4155A1CE|107401EC|08AA|409A4DD2|107629AA|0781|41D48D47|10675739|A4|417AF5B8|107401EC|0344|41391AA8|10675739|0129|41E32D0B|1057B8A2||9239a30c8aeeb9a2535efc79dfcd263c
21|2021-09-26T12:08:09.7590000+01:00|10752D6C|Volkon Vysk|3F1C|Jugular Rip|40011D69|Living Liquid|710003|1E2D0000|0|0|0|0|0|0|0|0|0|0|0|0|0|0|3018820|12889320|10000|10000|0|1000|100.4196|100.328|0|0.016155|138217|152511|10000|10000|0|1000|93.73621|99.87024|0|1.503659|00008D6B|0|33c16606796e1ed8815a6ef25dcc4038
38|2021-09-26T12:08:09.7590000+01:00|10752D6C|Volkon Vysk|00505025|138217|152511|10000|10000|0|0|93.73621|99.87024|0|1.503659|0|0|0|14016A|41F00000|E0000000|0A0168|41F00000|E0000000|28FD0030|45106E83|10752D6C|0343|409C5204|10675739|08AA|409A4DD2|107629AA|0|0|0|320742|4068F5AE|1075A2E4|0|0|0|0727|4191624A|10752D6C|0|0|0|0344|4140F1B1|10675739|0401|404CAC07|40011D77|0|0|0|0|0|0|0|0|0|0729|0|10752D6C||515e9d8861214cd39d542e09de0094e7
30|2021-09-26T12:08:09.7590000+01:00|732|Ready To Rip|0.00|10752D6C|Volkon Vysk|10752D6C|Volkon Vysk|00|152511|152511||706a31dd405340c7dcf3042265af358a
37|2021-09-26T12:08:09.8050000+01:00|40011DEA|Liquid Hand|00008D60|3139032|12889320|10000|10000|0||98.28333|100.328|0|-1.623976||94203251b4a583abf536f98fa5969531
37|2021-09-26T12:08:09.8050000+01:00|10752D6C|Volkon Vysk|00008D65|105739|152511|10000|10000|0||93.73621|99.87024|0|1.503564|2500|0|0|01|0B001E81|0|404CAC07|40011D77||db4fa4d2de9a94f11534893cd0bd99c9
37|2021-09-26T12:08:09.8050000+01:00|107ABEEC|Greiyan Fletz|00008D66|58801|106544|10000|10000|0||106.0349|99.38196|0|-1.408935|2200|0|0|03|05001A80|0|0|E0000000|0B000000|0|0|E0000000|0C001FC1|0|404CAC07|40011D78||c1c8c9fd9e14fce972ed0befb6c62af2
37|2021-09-26T12:08:09.8050000+01:00|107629AA|Joeson Lmoa|00008D67|67126|106059|10000|10000|0||99.77869|96.78796|0|0.1786635|1700|0|0|03|03001A80|0|0|E0000000|04000000|0|0|E0000000|05001FC1|0|404CAC07|40011D7A||073f083059580d592afc1efc59ee1c5d
37|2021-09-26T12:08:09.8050000+01:00|1075A2E4|Niru Summers|00008D68|122428|153077|10000|10000|0||102.0981|103.6849|0|-1.23359|1500|0|0|03|06001A80|0|0|E0000000|0A000000|0|0|E0000000|0B001FC1|0|404CAC07|40011D79||03292c32c51014fcbc315653c8397ddf
38|2021-09-26T12:08:09.8050000+01:00|107629AA|Joeson Lmoa|00505017|67126|106059|10000|10000|0|0|99.77869|96.78796|0|0.1786635|0|0|0|0A016D|41F00000|E0000000|0A0168|41F00000|E0000000|28FE0030|450F217A|107629AA|0|0|0|0|0|0|0401|4049CABF|40011D7A|0|0|0|0|0|0|0344|4133604A|10675739||cf9de9dccceec72ec377cc0dc9a101c9
30|2021-09-26T12:08:09.8050000+01:00|781|Nocturnal Balance|0.00|10675739|Jasy Heavensong|107629AA|Joeson Lmoa|00|106059|97086||2168fb82c7323dda80b355106f64118d
30|2021-09-26T12:08:09.8050000+01:00|129|Galvanize|0.00|1057B8A2|Alex Knightfall|107629AA|Joeson Lmoa|00|106059|97285||c9e44ce1dd051438c807c75256a764ee
38|2021-09-26T12:08:09.8050000+01:00|1075A2E4|Niru Summers|00505015|122428|153077|10000|10000|0|0|102.0981|103.6849|0|-1.23359|0|0|0|0A016D|41F00000|E0000000|0A0168|41F00000|E0000000|5B|0|1075A2E4|28FD0030|45108C57|1075A2E4|04C7|42700000|40011E12|0344|413E189B|10675739|0|0|0|08AA|40976C8A|107629AA|320741|40661466|1075A2E4|5A|425CEDB8|1075A2E4|0|0|0|0401|4049CABF|40011D79|04A7|3EB1A908|1075A2E4||e475d79cef79414b81fffc891ebbdcca
30|2021-09-26T12:08:09.8050000+01:00|781|Nocturnal Balance|0.00|10675739|Jasy Heavensong|1075A2E4|Niru Summers|00|153077|97086||378f0036b4b9107e26782380a20cfa27
30|2021-09-26T12:08:09.8050000+01:00|129|Galvanize|0.00|1057B8A2|Alex Knightfall|1075A2E4|Niru Summers|00|153077|97285||d5ecda0d04297a945bbdfb15246b8882
38|2021-09-26T12:08:09.8050000+01:00|107ABEEC|Greiyan Fletz|00505022|58801|106544|10000|10000|0|0|106.0349|99.38196|0|-1.408935|0|0|0|0720|42700000|1068703B|14016A|41F00000|E0000000|0A0168|41F00000|E0000000|28FE0030|450F245A|107ABEEC|04E2|40BCC49A|107ABEEC|0|0|0|0|0|0|0839|425B2508|1068703B|0737|425B2508|1068703B|08AA|40976C8A|107629AA|0513|41E73DDD|107ABEEC|0|0|0|0401|4049CABF|40011D78|0344|41358527|10675739|0|0|0|0|0|0|0512|413BF044|107ABEEC||f0728bd18353e3ec4baeb91a36f45d7e
30|2021-09-26T12:08:09.8050000+01:00|781|Nocturnal Balance|0.00|10675739|Jasy Heavensong|107ABEEC|Greiyan Fletz|00|106544|97086||6e54e16c9d665b0335bed9627b2a8872
30|2021-09-26T12:08:09.8050000+01:00|129|Galvanize|0.00|1057B8A2|Alex Knightfall|107ABEEC|Greiyan Fletz|00|106544|97285||1006d9bfc2a53d569f163cb1ff629d98
23|2021-09-26T12:08:09.8480000+01:00|10675739|Jasy Heavensong|40AB|Malefic IV|Cancelled||93c295c7aa371edfdc9c42a531a662fa
37|2021-09-26T12:08:09.8930000+01:00|40011DEA|Liquid Hand|00008D61|3113348|12889320|10000|10000|0||98.28333|100.328|0|-1.623976||96bb48d90bf5265ce61722113845d64d
22|2021-09-26T12:08:09.8940000+01:00|1075A2E4|Niru Summers|DDE|Decimate|40011D69|Living Liquid|710103|2DCA0000|204|16448000|0|0|0|0|0|0|0|0|0|0|0|0|3018820|12889320|10000|10000|0|1000|100.4196|100.328|0|0.016155|122428|153077|10000|10000|0|1000|102.0981|103.6849|0|-1.23359|00008D6C|0|cbdbb4a0c0fa51d59fa31fe25a059ff2
22|2021-09-26T12:08:09.8940000+01:00|1075A2E4|Niru Summers|DDE|Decimate|40011DEA|Liquid Hand|710003|1B4E0000|204|D468000|0|0|0|0|0|0|0|0|0|0|0|0|3139032|12889320|10000|10000|0|1000|98.28333|100.328|0|-1.623976|122428|153077|10000|10000|0|1000|102.0981|103.6849|0|-1.23359|00008D6C|1|9a22eeb8868811f38ac35762467e63e4
21|2021-09-26T12:08:09.9370000+01:00|1057B8A2|Alex Knightfall|45CE|Ruin II|40011D69|Living Liquid|750103|4B680000|1B|45CE8000|0|0|0|0|0|0|0|0|0|0|0|0|3018820|12889320|10000|10000|0|1000|100.4196|100.328|0|0.016155|97285|97285|3982|10000|0|1000|92.24072|91.97203|-0.0007280007|-0.3428578|00008D6D|0|eef805dc4262ea9dc731ab8baebbb66a
37|2021-09-26T12:08:10.1150000+01:00|40011D69|Living Liquid|00008D6A|2996267|12889320|10000|10000|0||100.4196|100.328|0|0.016155||cfa275bd64fc6abca3c33f760ef7d891
38|2021-09-26T12:08:10.1590000+01:00|1075A2E4|Niru Summers|00505015|122428|153077|10000|10000|0|0|102.0981|103.6849|0|-1.073295|94AB|31|0|0A016D|41F00000|E0000000|0A0168|41F00000|E0000000|5B|0|1075A2E4|28FD0030|451086AB|1075A2E4|04C7|42700000|40011E12|0344|41386A88|10675739|0|0|0|08AA|408C105F|107629AA|320741|404F5C15|1075A2E4|5A|425B8236|1075A2E4|0|0|0|0401|4033126E|40011D79||c5c03cb2b3a73f5c1a29a101d83f7cf1
30|2021-09-26T12:08:10.1590000+01:00|4a7|Rampart|0.00|1075A2E4|Niru Summers|1075A2E4|Niru Summers|00|153077|153077||40ca612a0492958560d66ca880fecdd8
37|2021-09-26T12:08:10.2480000+01:00|40011DEA|Liquid Hand|00008D6A|3091442|12889320|10000|10000|0||98.28333|100.328|0|-1.673455|01|0|0|0||9a73fabaa8a70dc65a216c4a9183ded7
21|2021-09-26T12:08:10.3380000+01:00|107ABEEC|Greiyan Fletz|07|Attack|40011D69|Living Liquid|710103|1AC40000|0|0|0|0|0|0|0|0|0|0|0|0|0|0|2996267|12889320|10000|10000|0|1000|100.4196|100.328|0|0.016155|58801|106544|10000|10000|0|1000|106.0349|99.38196|0|-1.408935|00008D6E|0|ad05191f80c24df32ca38bcdb210b5e6
37|2021-09-26T12:08:10.5610000+01:00|40011D69|Living Liquid|00008D6B|2988542|12889320|10000|10000|0||100.4196|100.328|0|0.016155||0d618f032ac312a9aa7c86c657dfa4f3
24|2021-09-26T12:08:10.6950000+01:00|1075A2E4|Niru Summers|HoT|4C7|2AB9|122428|153077|10000|10000|0|1000|102.0981|103.6849|0|-0.7429628||d93f0474c8878c95fe63948dde212b64
21|2021-09-26T12:08:10.6950000+01:00|107629AA|Joeson Lmoa|08|Shot|40011D69|Living Liquid|720003|F450000|0|0|0|0|0|0|0|0|0|0|0|0|0|0|2988542|12889320|10000|10000|0|1000|100.4196|100.328|0|0.016155|67126|106059|10000|10000|0|1000|99.77277|96.12141|0|2.444297|00008D6F|0|037607ba0576cc2ba23eedc193dbe382
37|2021-09-26T12:08:10.8740000+01:00|40011D69|Living Liquid|00008D6D|2969238|12889320|10000|10000|0||100.4196|100.328|0|0.016155||057f44bd641a04a6e3b3cab66e1c8c24
37|2021-09-26T12:08:10.8740000+01:00|40011D69|Living Liquid|00008D6E|2962386|12889320|10000|10000|0||100.4196|100.328|0|0.016155||a4caa98db51004f7bca5c40d5596e119
21|2021-09-26T12:08:10.8740000+01:00|107ABEEC|Greiyan Fletz|1D38|Yukikaze|40011D69|Living Liquid|48710203|485C0000|13D|B88000|11B|1D388000|0|0|0|0|0|0|0|0|0|0|2988542|12889320|10000|10000|0|1000|100.4196|100.328|0|0.016155|58801|106544|10000|10000|0|1000|106.0349|99.38196|0|-1.408935|00008D70|0|b051c771d382e78c306732ae62bbaea1
37|2021-09-26T12:08:10.9170000+01:00|40011D69|Living Liquid|00008D69|2954232|12889320|10000|10000|0||100.4196|100.328|0|0.016155||53a38b7d29d98448441184a8d31b79d1
39|2021-09-26T12:08:10.9630000+01:00|10675739|Jasy Heavensong|97086|97086|9844|10000|0|0|93.31319|106.194|-0.00587194|2.372041||c0bf7d14922defa09efb79e145e5c2d0
39|2021-09-26T12:08:10.9630000+01:00|10752D6C|Volkon Vysk|107264|152511|10000|10000|0|0|93.73621|99.87024|0|1.503564||d048e8c082e84ad1ee91cf698015cd61
39|2021-09-26T12:08:10.9630000+01:00|1075A2E4|Niru Summers|134895|153077|10000|10000|0|0|102.276|103.8036|-0.001727979|-0.6123161||0acb71729b02cc45343c004cdc8301f5
21|2021-09-26T12:08:10.9630000+01:00|1075A2E4|Niru Summers|07|Attack|40011D69|Living Liquid|710103|16FA0000|204|B2B8000|0|0|0|0|0|0|0|0|0|0|0|0|2962386|12889320|10000|10000|0|1000|100.4196|100.328|0|0.016155|122428|153077|10000|10000|0|1000|102.276|103.8036|-0.001727979|-0.6123161|00008D71|0|6be4bee0aa49364e370c77d88e031c37
24|2021-09-26T12:08:11.0070000+01:00|40011D69|Living Liquid|DoT|0|2E42|2962386|12889320|10000|10000|0|1000|100.4196|100.328|0|0.016155||278c5955984afdd566a8efc9aec85af5
21|2021-09-26T12:08:11.0070000+01:00|10752D6C|Volkon Vysk|07|Attack|40011DEA|Liquid Hand|710003|C9A0000|0|0|0|0|0|0|0|0|0|0|0|0|0|0|3091442|12889320|10000|10000|0|1000|98.28333|100.328|0|-1.673455|105739|152511|10000|10000|0|1000|93.73621|99.87024|0|1.503564|00008D72|0|e5950161d888edb983a39b0092ce7e11
22|2021-09-26T12:08:11.0070000+01:00|107629AA|Joeson Lmoa|75|Rain Of Death|40011D69|Living Liquid|720203|1BEF0000|1B|758000|0|0|0|0|0|0|0|0|0|0|0|0|2962386|12889320|10000|10000|0|1000|100.4196|100.328|0|0.016155|67126|106059|10000|10000|0|1000|99.81184|93.92688|-0.00185829|2.935089|00008D73|0|a53221c7f57b9b4fb0448f227d651253
22|2021-09-26T12:08:11.0070000+01:00|107629AA|Joeson Lmoa|75|Rain Of Death|40011DEA|Liquid Hand|720003|17110000|1B|758000|0|0|0|0|0|0|0|0|0|0|0|0|3091442|12889320|10000|10000|0|1000|98.28333|100.328|0|-1.673455|67126|106059|10000|10000|0|1000|99.81184|93.92688|-0.00185829|2.935089|00008D73|1|a36a7969511c27dba7fafe44bcb3011e
36|2021-09-26T12:08:11.0070000+01:00|16A8|3|fd2c02aa581e9fcf81946158e056bd02
38|2021-09-26T12:08:11.0070000+01:00|40011D69|Living Liquid|00505000|2942390|12889320|10000|10000|0|0|100.4196|100.328|0|0.016155|948D|31|0|0767|414E30E0|1057B8A2|2804B0|415553B1|107629AA|04A9|3F978D34|10752D6C|2804B1|415553B1|107629AA|0|0|0|04CC|4191808A|107ABEEC||ff44a6b89060f1ba095d140f29b7e92c
37|2021-09-26T12:08:11.0510000+01:00|40011DEA|Liquid Hand|00008D69|3084641|12889320|10000|10000|0||98.28333|100.328|0|-1.673455|01|0|0|0||5916a74a39f0e26234d01687ae6d1e4a
39|2021-09-26T12:08:11.0510000+01:00|40011E12|Eos|92601|92601|10000|10000|0|0|100.1449|100.0533|0|0.1074281||299457244958d8d24e46575a2cbe0946
39|2021-09-26T12:08:11.0510000+01:00|1068703B|Tomo Uchuu|92627|106478|10000|10000|0|0|106.801|103.4766|0|-1.933513||a32fcf82ab2783956ace9b63bd4efc1a
21|2021-09-26T12:08:11.0510000+01:00|1068703B|Tomo Uchuu|07|Attack|40011DEA|Liquid Hand|720003|11660000|0|0|0|0|0|0|0|0|0|0|0|0|0|0|3091442|12889320|10000|10000|0|1000|98.28333|100.328|0|-1.673455|91563|106478|10000|10000|0|1000|106.801|103.4766|0|-1.933513|00008D74|0|1dec2662aaa5b82a4e38fb4798299031
39|2021-09-26T12:08:11.0960000+01:00|107629AA|Joeson Lmoa|68186|106059|10000|10000|0|0|99.99292|92.51577|0|0.06332541||86744592124e2397c9f0afd49a55c261
22|2021-09-26T12:08:11.0960000+01:00|107401EC|Raesa Velan|1CFE|Foul|40011DEA|Liquid Hand|750003|A3B50000|1B|1CFE8000|0|0|0|0|0|0|0|0|0|0|0|0|3084641|12889320|10000|10000|0|1000|98.28333|100.328|0|-1.673455|96887|96887|10000|10000|0|1000|103.975|95.54515|-0.0007337589|-0.8967693|00008D75|0|e96e3affd6f9af2db9c885b59ded39cd
22|2021-09-26T12:08:11.0960000+01:00|107401EC|Raesa Velan|1CFE|Foul|40011D69|Living Liquid|750003|87200000|1B|1CFE8000|0|0|0|0|0|0|0|0|0|0|0|0|2942390|12889320|10000|10000|0|1000|100.4196|100.328|0|0.016155|96887|96887|10000|10000|0|1000|103.975|95.54515|-0.0007337589|-0.8967693|00008D75|1|3a096381a310c20532aab09c192a3f7f
38|2021-09-26T12:08:11.0960000+01:00|107401EC|Raesa Velan|00505019|96887|96887|10000|10000|12|0|103.975|95.54515|-0.0007337589|-0.8967693|94C8|31|0|0A016D|41F00000|E0000000|0A0168|41F00000|E0000000|29020030|45923E6E|107401EC|0104BB|413F893F|107401EC|08AA|405C394E|107629AA|0781|41C980F9|10675739|A4|4164DD29|107401EC|0344|41230219|10675739|0129|41D820BD|1057B8A2||85ba1e01b8bbd06edad57b295f025dd1
26|2021-09-26T12:08:11.0960000+01:00|4bb|Triplecast|11.97|107401EC|Raesa Velan|107401EC|Raesa Velan|01|96887|96887||f1fe4399bd45d1925b111c7e79ffd151
39|2021-09-26T12:08:11.1410000+01:00|107ABEEC|Greiyan Fletz|59866|106544|10000|10000|0|0|106.0349|99.38196|0|-1.408935||f524f6113bd05c2c1d4abbd70d9f08e8
21|2021-09-26T12:08:11.1410000+01:00|1068703B|Tomo Uchuu|3E77|Reverse Cascade|40011DEA|Liquid Hand|720203|471D0000|13D|EB8000|0|0|0|0|0|0|0|0|0|0|0|0|3084641|12889320|10000|10000|0|1000|98.28333|100.328|0|-1.673455|92627|106478|10000|10000|0|1000|106.2187|103.1283|0|-2.006425|00008D76|0|3921d56918e0a819be934d7d289411bd
38|2021-09-26T12:08:11.1410000+01:00|1068703B|Tomo Uchuu|00505026|92627|106478|10000|10000|17|0|106.2187|103.1283|0|-2.006425|994C|31|0|14016A|41F00000|E0000000|0A0168|41F00000|E0000000|071F|42700000|1068703B|28FE0030|450FB4CF|1068703B|0781|41CA3533|10675739|08AA|405C394E|107629AA|0|0|0|071D|4255CD02|1068703B|0737|4255CD02|1068703B|0|0|0|0718|41821264|1068703B|0719|41821264|1068703B|0344|41246A8B|10675739|0129|41D8D90F|1057B8A2||a0afac7c1f2299bf96623644afa6133f
26|2021-09-26T12:08:11.1410000+01:00|71f|Closed Position|60.00|1068703B|Tomo Uchuu|1068703B|Tomo Uchuu|00|106478|106478||81e8c99d6882f118dd737f317840f5a8
30|2021-09-26T12:08:11.1410000+01:00|716|Flourishing Cascade|0.00|1068703B|Tomo Uchuu|1068703B|Tomo Uchuu|00|106478|106478||1f2d2d3e302db2d134818018ee58dc57
31|2021-09-26T12:08:11.1410000+01:00|1068703B|460326|00|10762900|00|eddc8b7ccac458760ff96be84ae2795a
39|2021-09-26T12:08:11.1850000+01:00|1057B8A2|Alex Knightfall|97285|97285|3828|10000|0|0|95.52661|95.99501|-0.001464764|0.7062503||b6f0ae2790dd7b95e832dedbc09ba052
39|2021-09-26T12:08:11.2300000+01:00|107401EC|Raesa Velan|96887|96887|10000|10000|0|0|103.7849|95.77019|0|-0.8967693||6189d23f79ab9cd8d0db62c1cbe3b4e9
26|2021-09-26T12:08:11.3190000+01:00|130|Aetherflow|9999.00|1057B8A2|Alex Knightfall|1057B8A2|Alex Knightfall|02|97285|97285||790dabc78c9bb8d02893b485158c0c2d
22|2021-09-26T12:08:11.3190000+01:00|1057B8A2|Alex Knightfall|BC|Sacred Soil|1057B8A2|Alex Knightfall|F9170F|7988000|A3D|C38000|0|0|0|0|0|0|0|0|0|0|0|0|97285|97285|3828|10000|0|1000|96.42421|96.88985|-0.01531982|0.6073771|97285|97285|3828|10000|0|1000|96.42421|96.88985|-0.01531982|0.6073771|00008D77|0|d411d2fa2100174fdde5a05aaa7d6c6b
21|2021-09-26T12:08:11.3640000+01:00|10752D6C|Volkon Vysk|3F19|Sonic Break|40011DEA|Liquid Hand|710003|23B60000|F6FC0E|72D0000|0|0|0|0|0|0|0|0|0|0|0|0|3084641|12889320|10000|10000|0|1000|98.28333|100.328|0|-1.673455|107264|152511|10000|10000|0|1000|93.73621|99.87024|0|1.503564|00008D78|0|ae12be513e9adfc03907e5622dd1c0b0
37|2021-09-26T12:08:11.4530000+01:00|40011D69|Living Liquid|00008D6F|2938481|12889320|10000|10000|0||100.4196|100.328|0|0.016155||b3b38500f627cd8a1ad37d618294b404
24|2021-09-26T12:08:11.4980000+01:00|10752D6C|Volkon Vysk|HoT|742|595|107264|152511|10000|10000|0|1000|93.73621|99.87024|0|1.472213||11270b3ed827b004cbf85b04d45cfaa4
37|2021-09-26T12:08:11.4980000+01:00|40011D69|Living Liquid|00008D71|2932599|12889320|10000|10000|0||100.4196|100.328|0|0.016155||3a37621eaba956202738eb788315af60
37|2021-09-26T12:08:11.4980000+01:00|1075A2E4|Niru Summers|00008D71|137754|153077|10000|10000|0||104.2242|105.5857|-0.001242126|-0.1734293|1500|0|0|0||259380f03992cf5a718df08988e952db
38|2021-09-26T12:08:11.4980000+01:00|10752D6C|Volkon Vysk|00505025|108693|152511|10000|10000|0|0|93.73621|99.87024|0|1.472213|989A|31|0|14016A|41F00000|E0000000|0A0168|41F00000|E0000000|28FD0030|451052BB|10752D6C|0343|40495838|10675739|08AA|40454FD4|107629AA|0|0|0|320742|3FF353CF|1075A2E4|0|0|0|0727|418378CC|10752D6C|0|0|0|0344|41251EC4|10675739|0401|3FBAC085|40011D77|0|0|0|0|0|0|0|0|0|0729|0|10752D6C||68fd901166d3fe40dea7bf48ba834d79
37|2021-09-26T12:08:11.5430000+01:00|40011DEA|Liquid Hand|00008D72|3081415|12889320|10000|10000|0||98.28333|100.328|0|-1.673455||6b0191649e6a65839b7692255ec97323
24|2021-09-26T12:08:11.5430000+01:00|40011DEA|Liquid Hand|DoT|0|545A|3084641|12889320|10000|10000|0|1000|98.28333|100.328|0|-1.673455||66a5fa16c8ac99a7ff75e59a367c7823
38|2021-09-26T12:08:11.5430000+01:00|40011DEA|Liquid Hand|00505000|3059821|12889320|10000|10000|0|0|98.28333|100.328|0|-1.673455|989A|31|0|0A00A3|419ED90B|107401EC|0767|40EB8CDF|1057B8A2|04CC|4130F097|107ABEEC|2804B1|412584DB|107629AA|04A9|3F47ADDB|10752D6C|2804B0|412584DB|107629AA|0759|41D09FB4|10675739||7ccfd557b9509b37df33ec91c218b9f7
04|2021-09-26T12:08:11.2010000+01:00|40011df7|Jagd Doll|0|50|0|0||9214|11338|0|167240|0|10000|0|0|102.4032|97.15417|0|-0.5328269||e1ae401d76f6f7d245f89e55d34402bf
37|2021-09-26T12:08:11.5880000+01:00|40011DEA|Liquid Hand|00008D74|3055367|12889320|10000|10000|0||98.28333|100.328|0|-1.673455||aa2b2c459a20da46505d3f27bf2747b7
21|2021-09-26T12:08:11.6330000+01:00|107ABEEC|Greiyan Fletz|1D4B|Meikyo Shisui|107ABEEC|Greiyan Fletz|300000F|4D18000|0|0|0|0|0|0|0|0|0|0|0|0|0|0|59866|106544|10000|10000|0|1000|106.0349|99.38196|0|-1.408935|59866|106544|10000|10000|0|1000|106.0349|99.38196|0|-1.408935|00008D79|0|c7fe256dcc317ef36cacda695074cc5f
38|2021-09-26T12:08:11.6330000+01:00|107ABEEC|Greiyan Fletz|00505022|59866|106544|10000|10000|0|0|106.0349|99.38196|0|-1.408935|989A|31|0|0720|42700000|1068703B|14016A|41F00000|E0000000|0A0168|41F00000|E0000000|28FE0030|450F0726|107ABEEC|04E2|40824597|107ABEEC|0304D1|C1700000|107ABEEC|0|0|0|0839|4253D538|1068703B|0737|4253D538|1068703B|08AA|4039DB17|107629AA|0513|41D89E19|107ABEEC|0|0|0|0401|3FA9999C|40011D78|0344|411845AF|10675739|0|0|0|0|0|0|0512|411EB0CC|107ABEEC||ee40a96a7c8e01a3fa02825baec0e8a9
26|2021-09-26T12:08:11.6330000+01:00|720|Dance Partner|60.00|1068703B|Tomo Uchuu|107ABEEC|Greiyan Fletz|00|106544|106478||b3648ce3cb2e2b1ffa45a054715f5684
26|2021-09-26T12:08:11.6330000+01:00|4d1|Meikyo Shisui|15.00|107ABEEC|Greiyan Fletz|107ABEEC|Greiyan Fletz|03|106544|106544||d921f0fe430c0e1c726879ec2886a4f2
31|2021-09-26T12:08:11.6330000+01:00|1068703B|500326|00|107ABE00|00|2d99a180be21b0be0b7d948e9aa51270
37|2021-09-26T12:08:11.6770000+01:00|40011D69|Living Liquid|00008D70|2914075|12889320|10000|10000|0||100.4196|100.328|0|0.016155||1516152183a49dbe635ad7965a6a50a0
37|2021-09-26T12:08:11.6770000+01:00|107ABEEC|Greiyan Fletz|00008D70|59866|106544|10000|10000|0||106.0349|99.38196|0|-1.408935|2200|0|0|01|05001F51|03|C1700000|107ABEEC||8d17ace1a3af3579357bbf6b8b184874
24|2021-09-26T12:08:11.7210000+01:00|10752D6C|Volkon Vysk|HoT|742|B22|108693|152511|10000|10000|0|1000|93.73621|99.87024|0|1.472213||3890588ca8eb742db14377d4d616cdf2
37|2021-09-26T12:08:11.7210000+01:00|40011D69|Living Liquid|00008D6C|2902353|12889320|10000|10000|0||100.4196|100.328|0|0.016155||6e6da53c48c79ec3a9d88724ac434f7d
37|2021-09-26T12:08:11.7210000+01:00|1075A2E4|Niru Summers|00008D6C|143454|153077|10000|10000|0||104.8785|106.8892|-0.01531982|-0.2911794|1500|0|0|0||9528d5bec022f61c0803571b7d4d3430
38|2021-09-26T12:08:11.7220000+01:00|10752D6C|Volkon Vysk|00505025|111543|152511|10000|10000|0|0|93.7314|99.87024|0|1.472213|9598|31|0|14016A|41F00000|E0000000|0A0168|41F00000|E0000000|28FD0030|45104F2B|10752D6C|0343|403B1296|10675739|08AA|40370A32|107629AA|0|0|0|320742|3FD6C88C|1075A2E4|0|0|0|0727|4181B017|10752D6C|0|0|0|0344|41218D5C|10675739|0401|3F9E3542|40011D77|0|0|0|0|0|0|0|0|0|0729|0|10752D6C||3ee7d2f61e93bdc9cd4fcd05b8d85651
37|2021-09-26T12:08:11.7660000+01:00|40011DEA|Liquid Hand|00008D76|3037162|12889320|10000|10000|0||98.28333|100.328|0|-1.673455||7585290607b7592c93d1d5d02eb9441c
22|2021-09-26T12:08:11.7660000+01:00|107629AA|Joeson Lmoa|6A|Quick Nock|40011D69|Living Liquid|720003|19AC0000|1B|6A8000|0|0|0|0|0|0|0|0|0|0|0|0|2902353|12889320|10000|10000|0|1000|100.4196|100.328|0|0.016155|68186|106059|10000|10000|0|1000|100.0116|90.37882|-0.004809222|0.03858972|00008D7A|0|d56c7fe7ee082917291a4eec37b799be
22|2021-09-26T12:08:11.7660000+01:00|107629AA|Joeson Lmoa|6A|Quick Nock|40011DEA|Liquid Hand|720303|32520000|1B|6A8000|0|0|0|0|0|0|0|0|0|0|0|0|3037162|12889320|10000|10000|0|1000|98.28333|100.328|0|-1.673455|68186|106059|10000|10000|0|1000|100.0116|90.37882|-0.004809222|0.03858972|00008D7A|1|a5e83c724709d5c4e02e2e92521b71cb
24|2021-09-26T12:08:11.8560000+01:00|10752D6C|Volkon Vysk|HoT|742|6A3|113242|152511|10000|10000|0|1000|93.70731|99.86665|-0.001248562|1.472213||87aa4e8fe26ce2f1b55b925a9e5cdf8c
37|2021-09-26T12:08:11.8560000+01:00|40011DEA|Liquid Hand|00008D6C|3030172|12889320|10000|10000|0||98.28333|100.328|0|-1.673455|01|0|0|0||ba22b4c39b035919b5a3eaa4747a939b
37|2021-09-26T12:08:11.8560000+01:00|1075A2E4|Niru Summers|00008D6C|146852|153077|10000|10000|0||104.9155|107.0685|0|-0.7580965|1501|0|0|0||a3a030af6b1193ec5d20a9c7217742cb
38|2021-09-26T12:08:11.8560000+01:00|10752D6C|Volkon Vysk|00505025|113242|152511|10000|10000|0|0|93.70731|99.86665|-0.001248562|1.472213|9598|31|0|14016A|41F00000|E0000000|0A0168|41F00000|E0000000|28FD0030|45104D07|10752D6C|0343|40327F22|10675739|08AA|402E76BE|107629AA|0|0|0|320742|3FC5A1A2|1075A2E4|0|0|0|0727|41809DA8|10752D6C|0|0|0|0344|411F6880|10675739|0401|3F8D0E58|40011D77|0|0|0|0|0|0|0|0|0|0729|0|10752D6C||494a16daac7aaf90447ad478e5d4db91
37|2021-09-26T12:08:11.9460000+01:00|40011DEA|Liquid Hand|00008D78|3021030|12889320|10000|10000|0||98.19144|100.2975|0|-1.673359|0|0|0|01|070021AD|0|41F00000|10752D6C||c23ba6805633f534cd03587a5648b790
26|2021-09-26T12:08:11.9460000+01:00|72d|Sonic Break|30.00|10752D6C|Volkon Vysk|40011DEA|Liquid Hand|00|12889320|152511||3ebb9b18d845321ac4728b4aadd288fe
24|2021-09-26T12:08:11.9460000+01:00|1068703B|Tomo Uchuu|HoT|798|113B|97038|106478|10000|10000|0|1000|102.5169|100.9997|0|-1.933121||b1a7e9232a80dc2cfba4eb1dc9ef883c
24|2021-09-26T12:08:11.9460000+01:00|10675739|Jasy Heavensong|HoT|798|1BD9|97086|97086|9844|10000|0|1000|96.88065|102.8792|0|1.77259||6480c2e15e7604c0eddb89c318b408fc
24|2021-09-26T12:08:11.9460000+01:00|107401EC|Raesa Velan|HoT|798|111B|96887|96887|10000|10000|0|1000|102.1838|97.67419|-0.01531982|-0.7706192||3f00ad432885b7d2a33a22a21eb6e2cb
24|2021-09-26T12:08:11.9460000+01:00|1057B8A2|Alex Knightfall|HoT|798|1132|97285|97285|3828|10000|0|1000|97.64246|98.03918|0|-0.08547282||8b3cf16b67de54f1b07fc3298190d969
24|2021-09-26T12:08:11.9460000+01:00|107ABEEC|Greiyan Fletz|HoT|798|10F5|64207|106544|10000|10000|0|1000|106.0349|99.38196|0|-1.408935||3de03c9d8e9ac2da6fe4c92de4889ca9
24|2021-09-26T12:08:11.9460000+01:00|1075A2E4|Niru Summers|HoT|798|10A5|151113|153077|10000|10000|0|1000|104.9287|107.1321|-0.01531982|-1.181905||2f873e06af64bb30948b0a69a61eb65d
24|2021-09-26T12:08:11.9460000+01:00|10752D6C|Volkon Vysk|HoT|798|1BED|120391|152511|10000|10000|0|1000|93.65985|99.85838|-0.0009038302|1.472213||296b47f29ea7c5cb92e6a55cacdc3210
37|2021-09-26T12:08:11.9460000+01:00|1057B8A2|Alex Knightfall|00008D77|97285|97285|3828|10000|11||97.64246|98.03918|0|-0.08547282|1C00|0|0|02|09002218|0|41700000|1057B8A2|0A00012B|0|40A00000|1057B8A2||e49cb5be947e2790bc304d5cbd7a59c2
26|2021-09-26T12:08:11.9460000+01:00|798|Sacred Soil|15.00|1057B8A2|Alex Knightfall|1057B8A2|Alex Knightfall|00|97285|97285||18a57ee9c54e1e2f8c5c4be683eda857
26|2021-09-26T12:08:11.9460000+01:00|12b|Sacred Soil|5.00|1057B8A2|Alex Knightfall|1057B8A2|Alex Knightfall|00|97285|97285||7245667bc6f380e5fe5370894aad9154
38|2021-09-26T12:08:11.9460000+01:00|10675739|Jasy Heavensong|00505021|97086|97086|9844|10000|18|0|96.88065|102.8792|0|1.77259|9598|31|0|0A0168|41F00000|E0000000|0F016B|41F00000|E0000000|0781|41BF7EEB|10675739|28FE0030|450EFBB6|10675739|04C8|409D603D|10675739|08AA|4028B42F|107629AA|0394|0|10675739|0347|0|10675739|0129|41D0417F|1057B8A2|012B|409E872B|1057B8A2|0|0|0|0344|410EFE04|10675739||3035ec467370035b261ab90be6c9243d
26|2021-09-26T12:08:11.9460000+01:00|12b|Sacred Soil|4.95|1057B8A2|Alex Knightfall|10675739|Jasy Heavensong|00|97086|97285||26f670685752c6ac4d776b253b031db1
38|2021-09-26T12:08:11.9460000+01:00|1068703B|Tomo Uchuu|00505026|97038|106478|10000|10000|17|0|102.5169|100.9997|0|-1.933121|9598|31|0|14016A|41F00000|E0000000|0A0168|41F00000|E0000000|071F|42700000|1068703B|28FE0030|450FA7F3|1068703B|0781|41C3C48D|10675739|08AA|4028B42F|107629AA|012B|409E872B|1057B8A2|071D|425294B6|1068703B|0737|425294B6|1068703B|0|0|0|0718|41774382|1068703B|0719|41774382|1068703B|0344|41178946|10675739|0129|41D26869|1057B8A2||8c0ce4dbf74cb6cb3ae3e290097120e1
26|2021-09-26T12:08:11.9460000+01:00|12b|Sacred Soil|4.95|1057B8A2|Alex Knightfall|1068703B|Tomo Uchuu|00|106478|97285||f93f32a76cb0bf1fe968a7b2ef3b7483
38|2021-09-26T12:08:11.9460000+01:00|10752D6C|Volkon Vysk|00505025|120391|152511|10000|10000|0|0|93.65985|99.85838|-0.0009038302|1.472213|9598|31|0|14016A|41F00000|E0000000|0A0168|41F00000|E0000000|28FD0030|45104B97|10752D6C|0343|402CBC93|10675739|08AA|4028B42F|107629AA|012B|409E872B|1057B8A2|320742|3FBA1C83|1075A2E4|0|0|0|0727|417FCAAC|10752D6C|0|0|0|0344|411DF7DD|10675739|0401|3F818939|40011D77|0|0|0|0|0|0|0|0|0|0729|0|10752D6C||8527774f106d68c18f8c65ae5c0c6427
26|2021-09-26T12:08:11.9460000+01:00|12b|Sacred Soil|4.95|1057B8A2|Alex Knightfall|10752D6C|Volkon Vysk|00|152511|97285||8374f6278de9118e99e54c10a263bcc4
38|2021-09-26T12:08:11.9460000+01:00|1057B8A2|Alex Knightfall|0050501C|97285|97285|3828|10000|11|0|97.64246|98.03918|0|-0.08547282|9598|31|0|0A016D|41F00000|E0000000|1E016C|41F00000|E0000000|28FE0030|44D5CD32|1057B8A2|0781|41C4D908|10675739|0129|41CD0C3E|1057B8A2|04B4|418F6246|1057B8A2|0344|4119B23C|10675739|08AA|4028B42F|107629AA|020130|0|1057B8A2|0798|416F4396|1057B8A2|012B|409E872B|1057B8A2||702bb03097eb3d6db5d0a09a29481788
38|2021-09-26T12:08:11.9460000+01:00|1075A2E4|Niru Summers|00505015|151113|153077|10000|10000|0|0|104.9287|107.1321|-0.01531982|-1.181905|9598|31|0|0A016D|41F00000|E0000000|0A0168|41F00000|E0000000|5B|0|1075A2E4|28FD0030|45106A23|1075A2E4|04C7|42700000|40011E12|0344|411BD719|10675739|012B|409E872B|1057B8A2|08AA|4025D2E7|107629AA|320741|3FBA1C83|1075A2E4|5A|42545D66|1075A2E4|0|0|0|0401|3F818939|40011D79||be73e316a1fddeaa326c0bcdba863bd2
26|2021-09-26T12:08:11.9460000+01:00|4c7|Fey Union|60.00|40011E12|Eos|1075A2E4|Niru Summers|00|153077|92601||76cc7cd26e9b5e9003b50b79198bded9
26|2021-09-26T12:08:11.9460000+01:00|12b|Sacred Soil|4.95|1057B8A2|Alex Knightfall|1075A2E4|Niru Summers|00|153077|97285||8aca9952531e0b78b5c1aabd4f80a202
38|2021-09-26T12:08:11.9460000+01:00|107ABEEC|Greiyan Fletz|00505022|64207|106544|10000|10000|0|0|106.0349|99.38196|0|-1.408935|9598|31|0|0720|42700000|1068703B|14016A|41F00000|E0000000|0A0168|41F00000|E0000000|28FE0030|450F0226|107ABEEC|04E2|407082FE|107ABEEC|0304D1|C1700000|107ABEEC|012B|409E872B|1057B8A2|0839|425294B6|1068703B|0737|425294B6|1068703B|08AA|4025D2E7|107629AA|0513|41D61D12|107ABEEC|0|0|0|0401|3F818939|40011D78|0344|411343A5|10675739|0|0|0|0|0|0|0512|4119AEC2|107ABEEC||ee09baa636a4a08d4b8d31318d0abdb7
26|2021-09-26T12:08:11.9460000+01:00|12b|Sacred Soil|4.95|1057B8A2|Alex Knightfall|107ABEEC|Greiyan Fletz|00|106544|97285||54875a703d8e9261d8fe30667606c671
38|2021-09-26T12:08:11.9460000+01:00|107401EC|Raesa Velan|00505019|96887|96887|10000|10000|12|0|102.1838|97.67419|-0.01531982|-0.7706192|9598|31|0|0A016D|41F00000|E0000000|0A0168|41F00000|E0000000|29020030|459237A4|107401EC|0104BB|4131EFA8|107401EC|08AA|4025D2E7|107629AA|0781|41C2B42A|10675739|A4|41574392|107401EC|0344|41156882|10675739|0129|41D153EE|1057B8A2|012B|409E872B|1057B8A2||712d983241acf0bb0ad6e191ac2da4cc
26|2021-09-26T12:08:11.9460000+01:00|12b|Sacred Soil|4.95|1057B8A2|Alex Knightfall|107401EC|Raesa Velan|00|96887|97285||f2b1a09de5e9ebc399337b3838208f7e
21|2021-09-26T12:08:11.9890000+01:00|40011D73|Living Liquid|49B1|Sluice|E0000000||0|0|0|0|0|0|0|0|0|0|0|0|0|0|0|0|||||||||||44|44|0|10000|0|1000|97.39545|108.3706|0|-4.792213E-05|00008D7B|0|f715e48da2e7b8dd070e41353604a782
21|2021-09-26T12:08:11.9890000+01:00|40011D74|Living Liquid|49B1|Sluice|E0000000||0|0|0|0|0|0|0|0|0|0|0|0|0|0|0|0|||||||||||44|44|0|10000|0|1000|100.4225|100.3544|0|-0.1159613|00008D7C|0|e55c2f16fc2c5c7e7a8bc635c8eccb41
21|2021-09-26T12:08:11.9890000+01:00|40011D76|Living Liquid|49B1|Sluice|E0000000||0|0|0|0|0|0|0|0|0|0|0|0|0|0|0|0|||||||||||44|44|0|10000|0|1000|100.4225|100.3544|0|-3.101133|00008D7D|0|36f0fef43b6dfad79fcd2dfe834a2bce
21|2021-09-26T12:08:11.9890000+01:00|40011D75|Living Liquid|49B1|Sluice|E0000000||0|0|0|0|0|0|0|0|0|0|0|0|0|0|0|0|||||||||||44|44|0|10000|0|1000|100.4225|100.3544|0|-3.077836|00008D7E|0|ab96cdad84c805041ee5b4543ff3b826
21|2021-09-26T12:08:11.9890000+01:00|40011DEA|Liquid Hand|4979|Unknown_4979|10752D6C|Volkon Vysk|730003|66820000|0|0|0|0|0|0|0|0|0|0|0|0|0|0|120391|152511|10000|10000|0|1000|93.65985|99.85838|-0.0009038302|1.472213|3021030|12889320|10000|10000|0|1000|98.19144|100.2975|0|-1.673359|00008D7F|0|3e8da5db8fc892d7c1cfe2eeadef639d
21|2021-09-26T12:08:12.0340000+01:00|10752D6C|Volkon Vysk|3F25|Blasting Zone|40011DEA|Liquid Hand|710003|5A490000|0|0|0|0|0|0|0|0|0|0|0|0|0|0|3021030|12889320|10000|10000|0|1000|98.0988|100.2975|0|-1.673359|120391|152511|10000|10000|0|1000|93.62643|99.83972|-0.01531982|1.476239|00008D80|0|6e0ef9bc82ef00c1dc53b43ac61a88e0
21|2021-09-26T12:08:12.0780000+01:00|40011D69|Living Liquid|4823|Protean Wave|E0000000||0|0|0|0|0|0|0|0|0|0|0|0|0|0|0|0|||||||||||2902353|12889320|10000|10000|0|1000|100.4196|100.328|0|0.016155|00008D81|0|d1cfd7fb42b8ce914c1771a6cb186f4e
21|2021-09-26T12:08:12.0780000+01:00|40011D77|Living Liquid|4825|Protean Wave|10675739|Jasy Heavensong|650003|81730400|E|4010000|1B|48258000|0|0|0|0|0|0|0|0|0|0|97086|97086|9844|10000|0|1000|96.94278|102.8682|-0.01531982|1.529579|44|44|0|10000|0|1000|100.4225|100.3544|0|-0.9129725|00008D82|0|b944416ae97b879b4b9a1cdd995aedc1
21|2021-09-26T12:08:12.0780000+01:00|40011D78|Living Liquid|4825|Protean Wave|1057B8A2|Alex Knightfall|650003|9AC10400|E|4010000|1B|48258000|0|0|0|0|0|0|0|0|0|0|97285|97285|3828|10000|0|1000|97.64246|98.03918|0|-0.08547282|44|44|0|10000|0|1000|100.4225|100.3544|0|-2.264526|00008D83|0|a47a9bb77fb65d1573b5556a6a5dd4ad
21|2021-09-26T12:08:12.0780000+01:00|40011D7A|Living Liquid|4825|Protean Wave|1068703B|Tomo Uchuu|650003|82340400|E|4010000|1B|48258000|0|0|0|0|0|0|0|0|0|0|97038|106478|10000|10000|0|1000|102.4004|100.9555|0|-1.933121|44|44|0|10000|0|1000|100.4225|100.3544|0|1.271833|00008D84|0|5dbb9a788e695b794021be72a5ad47fa
21|2021-09-26T12:08:12.0790000+01:00|40011D79|Living Liquid|4825|Protean Wave|107401EC|Raesa Velan|650003|8A880400|E|4010000|1B|48258000|0|0|0|0|0|0|0|0|0|0|96887|96887|10000|10000|0|1000|102.0881|97.81253|-0.01531982|-0.7642384|44|44|0|10000|0|1000|100.4225|100.3544|0|2.565861|00008D85|0|97df9fcbc25d21d4bb642d6e11c0a4b1
38|2021-09-26T12:08:12.0790000+01:00|10675739|Jasy Heavensong|00505021|97086|97086|9844|10000|0|0|96.94278|102.8682|-0.01531982|1.529579|9598|31|0|0A0168|41F00000|E0000000|0F016B|41F00000|E0000000|0781|41BE7095|10675739|28FE0030|450EF99A|10675739|04C8|409926E4|10675739|08AA|4020417F|107629AA|0394|0|10675739|0347|0|10675739|0129|41CF3329|1057B8A2|012B|409A4DD2|1057B8A2|0401|407D2F1B|40011D77|0344|410CE158|10675739||850ad6f975b64dca16bc0fa2214797b5
26|2021-09-26T12:08:12.0790000+01:00|401|Water Resistance Down II|3.96|40011D77|Living Liquid|10675739|Jasy Heavensong|00|97086|44||5484e2cc3902516635632c97ec33649a
38|2021-09-26T12:08:12.0790000+01:00|1068703B|Tomo Uchuu|00505026|97038|106478|10000|10000|0|0|102.4004|100.9555|0|-1.933121|9598|31|0|14016A|41F00000|E0000000|0A0168|41F00000|E0000000|071F|42700000|1068703B|28FE0030|450FA5D7|1068703B|0781|41C2B637|10675739|08AA|4020417F|107629AA|012B|409A4DD2|1057B8A2|071D|42520D8C|1068703B|0737|42520D8C|1068703B|0401|407D2F1B|40011D7A|0718|417526D6|1068703B|0719|417526D6|1068703B|0344|41156C9A|10675739|0129|41D15A13|1057B8A2||cd273a7a52277a8a8569eed4f246bbb3
26|2021-09-26T12:08:12.0790000+01:00|401|Water Resistance Down II|3.96|40011D7A|Living Liquid|1068703B|Tomo Uchuu|00|106478|44||12338493570eefbad3ea3f4ad6ec4362
38|2021-09-26T12:08:12.0790000+01:00|1057B8A2|Alex Knightfall|0050501C|97285|97285|3828|10000|0|0|97.64246|98.03918|0|-0.08547282|9598|31|0|0A016D|41F00000|E0000000|1E016C|41F00000|E0000000|28FE0030|44D5C8F9|1057B8A2|0781|41C3CAB2|10675739|0129|41CBFDE8|1057B8A2|04B4|418E53F0|1057B8A2|0344|41179590|10675739|08AA|4020417F|107629AA|020130|0|1057B8A2|0798|416D26EA|1057B8A2|012B|409A4DD2|1057B8A2|0401|407D2F1B|40011D78||71d0d984066fc38891d49395ff0bf95c
26|2021-09-26T12:08:12.0790000+01:00|401|Water Resistance Down II|3.96|40011D78|Living Liquid|1057B8A2|Alex Knightfall|00|97285|44||7b13957cab9e8825d44ed8f41aeaef51
38|2021-09-26T12:08:12.0790000+01:00|107401EC|Raesa Velan|00505019|96887|96887|10000|10000|0|0|102.0881|97.81253|-0.01531982|-0.7642384|9598|31|0|0A016D|41F00000|E0000000|0A0168|41F00000|E0000000|29020030|45923696|107401EC|0104BB|412FD2FC|107401EC|08AA|401D6037|107629AA|0781|41C1A5D4|10675739|A4|415526E6|107401EC|0344|41134BD6|10675739|0129|41D04598|1057B8A2|012B|409A4DD2|1057B8A2|0401|407D2F1B|40011D79||aa10ef1df34ccbfc9e79bfd9452af1de
26|2021-09-26T12:08:12.0790000+01:00|401|Water Resistance Down II|3.96|40011D79|Living Liquid|107401EC|Raesa Velan|00|96887|44||9d80d3913b86abaa0cd4a5a325dc429c
38|2021-09-26T12:08:12.2120000+01:00|40011D69|Living Liquid|00505000|2902353|12889320|10000|10000|0|0|100.4196|100.328|0|0.016155|9598|31|0|0767|413AE935|1057B8A2|2804B0|41420C06|107629AA|0|0|0|2804B1|41420C06|107629AA|0|0|0|04CC|4187DCB0|107ABEEC||dafd5382adb2bad53a05ccb5df6928ec
30|2021-09-26T12:08:12.2120000+01:00|4a9|Reprisal|0.00|10752D6C|Volkon Vysk|40011D69|Living Liquid|00|12889320|152511||5770794e33dfc22a1a7dd1472645962d
37|2021-09-26T12:08:12.2560000+01:00|40011DEA|Liquid Hand|00008D75|2979121|12889320|10000|10000|0||98.00533|100.2975|0|-1.673359||be9a3768f5fd40a980f0964e580c2f59
21|2021-09-26T12:08:12.2570000+01:00|1075A2E4|Niru Summers|29|Overpower|40011D69|Living Liquid|710003|E8C0000|204|7128000|1B|298000|0|0|0|0|0|0|0|0|0|0|2902353|12889320|10000|10000|0|1000|100.4196|100.328|0|0.016155|151113|153077|10000|10000|0|1000|104.9514|107.242|-0.00183573|-1.970637|00008D86|0|5d4bcb2fabdf641993ec5ee0b5c63fa0
20|2021-09-26T12:08:12.3460000+01:00|1057B8A2|Alex Knightfall|BA|Succor|1057B8A2|Alex Knightfall|1.94|97.64246|98.03918|0|-0.08547282||f19b2622236b21bc10f8e4abc599fa5e
38|2021-09-26T12:08:12.3460000+01:00|40011DEA|Liquid Hand|00505000|2979121|12889320|10000|10000|0|0|97.92291|100.2939|0|-1.673359|9598|31|0|0A00A3|41986E8A|107401EC|0767|40D1E2DF|1057B8A2|04CC|41241B9C|107ABEEC|2804B1|4118AFE0|107629AA|0|0|0|2804B0|4118AFE0|107629AA|0759|41CA3533|10675739|072D|41EC6E97|10752D6C||af87de8e7cc02d2226e32775163889a5
30|2021-09-26T12:08:12.3460000+01:00|4a9|Reprisal|0.00|10752D6C|Volkon Vysk|40011DEA|Liquid Hand|00|12889320|152511||3a82c05599d00b49566e609c3d900708
37|2021-09-26T12:08:12.3900000+01:00|107ABEEC|Greiyan Fletz|00008D79|64207|106544|10000|10000|0||106.0349|99.38196|0|-1.408935|2200|0|0|01|05001F51|03|41700000|107ABEEC||49d4bfc26e75edb4ecaebf51562c7e66
37|2021-09-26T12:08:12.3900000+01:00|40011D69|Living Liquid|00008D75|2867761|12889320|10000|10000|0||100.4196|100.328|0|0.016155|01|0|0|0||19024d4b32f6424f02eaaa3464e81d2a
38|2021-09-26T12:08:12.3900000+01:00|107ABEEC|Greiyan Fletz|00505022|64207|106544|10000|10000|0|0|106.0349|99.38196|0|-1.408935|9598|31|0|0720|42700000|1068703B|14016A|41F00000|E0000000|0A0168|41F00000|E0000000|28FE0030|450EFB0A|107ABEEC|04E2|4054081C|107ABEEC|0304D1|416F47AE|107ABEEC|012B|409049B8|1057B8A2|0839|4250CD0C|1068703B|0737|4250CD0C|1068703B|08AA|40095805|107629AA|0513|41D28DB5|107ABEEC|0|0|0|0401|3F1126EB|40011D78|0344|410C24ED|10675739|0|0|0|0|0|0|0512|4112900A|107ABEEC||17031efceea6f6a5ada8391c5680085f
24|2021-09-26T12:08:12.4350000+01:00|10675739|Jasy Heavensong|HoT|0|1FC4|97086|97086|9844|10000|0|1000|97.26736|102.8069|-0.0006196524|1.112737||95e8dac5be2e2e5b9a329375694859d1
24|2021-09-26T12:08:12.4350000+01:00|10752D6C|Volkon Vysk|HoT|0|5148|120391|152511|10000|10000|0|1000|93.58535|99.83972|-0.001390285|1.473631||679e86d1fa747cc20dcaecc49b693729
24|2021-09-26T12:08:12.4350000+01:00|1075A2E4|Niru Summers|HoT|0|1ECF|151113|153077|10000|10000|0|1000|104.9548|107.2585|0|-2.553236||9780a604a1eb7575cbd78cd5cde55550
38|2021-09-26T12:08:12.4350000+01:00|10675739|Jasy Heavensong|00505021|97086|97086|9844|10000|0|0|97.26736|102.8069|-0.0006196524|1.112737|9500|31|0|0A0168|41F00000|E0000000|0F016B|41F00000|E0000000|0781|41BB9571|10675739|28FE0030|450EF3E6|10675739|04C8|408DBA57|10675739|08AA|40096868|107629AA|0394|0|10675739|0347|0|10675739|0129|41CC5805|1057B8A2|012B|408EE145|1057B8A2|0401|40665604|40011D77|0344|41072B13|10675739||db587fff92b6fd49078e660aaa04fc49
38|2021-09-26T12:08:12.4350000+01:00|10752D6C|Volkon Vysk|00505025|141199|152511|10000|10000|0|0|93.58535|99.83972|-0.001390285|1.473631|9500|31|0|14016A|41F00000|E0000000|0A0168|41F00000|E0000000|28FD0030|451043C7|10752D6C|0343|400D70CC|10675739|08AA|40096868|107629AA|012B|408EE145|1057B8A2|320742|3F7709EE|1075A2E4|0|0|0|0727|4177F7BB|10752D6C|0|0|0|0344|411624EC|10675739|0401|3F05E356|40011D77|0|0|0|0|0|0|0|0|0|0729|0|10752D6C||889f82625733071cb666f4f78e68f44c
38|2021-09-26T12:08:12.4350000+01:00|1075A2E4|Niru Summers|00505015|153077|153077|10000|10000|0|0|104.9548|107.2585|0|-2.553236|9500|31|0|0A016D|41F00000|E0000000|0A0168|41F00000|E0000000|5B|0|1075A2E4|28FD0030|45106253|1075A2E4|04C7|42700000|40011E12|0344|41140428|10675739|012B|408EE145|1057B8A2|08AA|40068720|107629AA|320741|3F7709EE|1075A2E4|5A|425268AE|1075A2E4|0|0|0|0401|3F05E356|40011D79||84d2c04764bf45549ebe61841081eb2a
37|2021-09-26T12:08:12.5230000+01:00|10752D6C|Volkon Vysk|00008D7F|114957|152511|10000|10000|0||93.57386|99.83972|-0.001106746|1.472117|2500|0|0|0||71d803339aca54415f0f41bdf28d0849
24|2021-09-26T12:08:12.5230000+01:00|1068703B|Tomo Uchuu|HoT|0|144D|97038|106478|10000|10000|0|1000|102.4004|100.9555|0|-1.954065||f587d60e21dc205f885d6be773c2bb18
38|2021-09-26T12:08:12.5230000+01:00|1068703B|Tomo Uchuu|00505026|102235|106478|10000|10000|0|0|102.4004|100.9555|0|-1.954065|9500|31|0|14016A|41F00000|E0000000|0A0168|41F00000|E0000000|071F|42700000|1068703B|28FE0030|450F9EB7|1068703B|0781|41BF24CD|10675739|08AA|4003B63B|107629AA|012B|408C082E|1057B8A2|071D|425044DC|1068703B|0737|425044DC|1068703B|0401|4060A3D7|40011D7A|0718|416E0406|1068703B|0719|416E0406|1068703B|0344|410E49CA|10675739|0129|41CDC8A9|1057B8A2||0001999bdcd74b6feebccac3daec6524
24|2021-09-26T12:08:12.6130000+01:00|107629AA|Joeson Lmoa|HoT|0|1555|73647|106059|10000|10000|0|1000|100.0228|90.37915|0|0.03858972||5d1489b24063a08ec80fe6beef9a1d36
24|2021-09-26T12:08:12.6130000+01:00|107ABEEC|Greiyan Fletz|HoT|0|13DA|69289|106544|10000|10000|0|1000|106.0349|99.38196|0|-1.408935||eb075f7108c0c38e530add027b4faf37
38|2021-09-26T12:08:12.6130000+01:00|40011E12|Eos|00505000|92601|92601|10000|10000|0|0|100.1449|100.0533|0|0.1074281|0|0|0|28FE0030|44D5B7DA|1057B8A2|08AA|40A00000|107629AA|0|0|0|9604C6|0|40011E12||270e02ebcdb0b3a2519f228ae2cb9232
26|2021-09-26T12:08:12.6130000+01:00|8aa|Army's Paeon|5.00|107629AA|Joeson Lmoa|40011E12|Eos|00|92601|106059||f0abc9db6a604f3f757ddddfb77052d4
38|2021-09-26T12:08:12.6130000+01:00|10675739|Jasy Heavensong|00505021|97086|97086|9844|10000|0|0|97.58115|102.6428|-0.01531982|1.35278|0|0|0|0A0168|41F00000|E0000000|0F016B|41F00000|E0000000|0781|41BA28E5|10675739|28FE0030|450EF10E|10675739|04C8|40880829|10675739|08AA|40A00000|107629AA|0394|0|10675739|0347|0|10675739|0129|41CAEB79|1057B8A2|012B|40892F17|1057B8A2|0401|405AF1AA|40011D77|0344|410451FD|10675739||065fb7e1fd98bfd9f9c39f4c8ef1e956
26|2021-09-26T12:08:12.6130000+01:00|8aa|Army's Paeon|5.00|107629AA|Joeson Lmoa|10675739|Jasy Heavensong|00|97086|106059||a76c489f26c85f0d89adfc0193e02718
38|2021-09-26T12:08:12.6130000+01:00|1068703B|Tomo Uchuu|00505026|102235|106478|10000|10000|0|0|102.4004|100.9555|0|-1.962443|0|0|0|14016A|41F00000|E0000000|0A0168|41F00000|E0000000|071F|42700000|1068703B|28FE0030|450F9D4B|1068703B|0781|41BE6E87|10675739|08AA|40A00000|107629AA|012B|40892F17|1057B8A2|071D|424FE9BA|1068703B|0737|424FE9BA|1068703B|0401|405AF1AA|40011D7A|0718|416C977B|1068703B|0719|416C977B|1068703B|0344|410CDD3F|10675739|0129|41CD1263|1057B8A2||c2547b28251ed2b72602590733d5dfff
26|2021-09-26T12:08:12.6130000+01:00|8aa|Army's Paeon|5.00|107629AA|Joeson Lmoa|1068703B|Tomo Uchuu|00|106478|106059||e2c7f615c6921002c13d053a495eae35
38|2021-09-26T12:08:12.6130000+01:00|40011E3B|Earthly Star|00505000|92424|92424|10000|10000|0|0|99.06918|99.95715|0|-0.6909251|0|0|0|28FE0030|450EF10E|10675739|08AA|40A00000|107629AA||679c5f3e3d8f7ed468afc4d20ae68460
26|2021-09-26T12:08:12.6130000+01:00|8aa|Army's Paeon|5.00|107629AA|Joeson Lmoa|40011E3B|Earthly Star|00|92424|106059||a1decf754c1f16c8c785828a5f36ca8c
38|2021-09-26T12:08:12.6130000+01:00|10752D6C|Volkon Vysk|00505025|114957|152511|10000|10000|0|0|93.56401|99.83972|0|1.472117|0|0|0|14016A|41F00000|E0000000|0A0168|41F00000|E0000000|28FD0030|451040EF|10752D6C|0343|40020C72|10675739|08AA|40A00000|107629AA|012B|40892F17|1057B8A2|320742|3F497885|1075A2E4|0|0|0|0727|41751EA5|10752D6C|0|0|0|0344|41134BD6|10675739|0401|3EB0A3DA|40011D77|0|0|0|0|0|0|0|0|0|0729|0|10752D6C||507db89ed5a6a42dbaf9f7673ac4880a
26|2021-09-26T12:08:12.6130000+01:00|8aa|Army's Paeon|5.00|107629AA|Joeson Lmoa|10752D6C|Volkon Vysk|00|152511|106059||7d0480681192b038e4b4401db8f7a240
38|2021-09-26T12:08:12.6130000+01:00|1057B8A2|Alex Knightfall|0050501C|97285|97285|3828|10000|0|0|97.64246|98.03918|0|-0.08547282|0|0|0|0A016D|41F00000|E0000000|1E016C|41F00000|E0000000|28FE0030|44D5B7DA|1057B8A2|0781|41BF8302|10675739|0129|41C7B638|1057B8A2|04B4|418A0C40|1057B8A2|0344|410F0635|10675739|08AA|40A00000|107629AA|020130|0|1057B8A2|0798|4164978F|1057B8A2|012B|40892F17|1057B8A2|0401|405AF1AA|40011D78||aa660feee1d624f91c54fa79c2f61ce6
26|2021-09-26T12:08:12.6130000+01:00|8aa|Army's Paeon|5.00|107629AA|Joeson Lmoa|1057B8A2|Alex Knightfall|00|97285|106059||3b7ebab8359f334171c23960b983d3b1
38|2021-09-26T12:08:12.6130000+01:00|107629AA|Joeson Lmoa|00505017|73647|106059|10000|10000|0|0|100.0228|90.37915|0|0.03858972|0|0|0|0A016D|41F00000|E0000000|0A0168|41F00000|E0000000|28FE0030|450EF49E|107629AA|0|0|0|0|0|0|0401|3EB0A3DA|40011D7A|0|0|0|0|0|0|0344|410672C1|10675739||d7a31e2126be2c545098741c3c7df774
38|2021-09-26T12:08:12.6130000+01:00|1075A2E4|Niru Summers|00505015|153077|153077|10000|10000|0|0|104.9603|107.2853|-0.01531982|-2.527094|0|0|0|0A016D|41F00000|E0000000|0A0168|41F00000|E0000000|5B|0|1075A2E4|28FD0030|45105F7B|1075A2E4|04C7|42700000|40011E12|0344|41112B12|10675739|012B|40892F17|1057B8A2|08AA|409E8F5C|107629AA|320741|3F497885|1075A2E4|5A|4251B26A|1075A2E4|0|0|0|0401|3EB0A3DA|40011D79||f04ff2346c40a8204b590e70d1b63e78
26|2021-09-26T12:08:12.6130000+01:00|8aa|Army's Paeon|4.96|107629AA|Joeson Lmoa|1075A2E4|Niru Summers|00|153077|106059||8db7fe759e344274fd62d19f2145b739
38|2021-09-26T12:08:12.6130000+01:00|107ABEEC|Greiyan Fletz|00505022|69289|106544|10000|10000|0|0|106.0349|99.38196|0|-1.408935|0|0|0|0720|42700000|1068703B|14016A|41F00000|E0000000|0A0168|41F00000|E0000000|28FE0030|450EF77E|107ABEEC|04E2|4045D2DD|107ABEEC|0304D1|416BBA5F|107ABEEC|012B|40892F17|1057B8A2|0839|424FE9BA|1068703B|0737|424FE9BA|1068703B|08AA|409E8F5C|107629AA|0513|41D0C70C|107ABEEC|0|0|0|0401|3EB0A3DA|40011D78|0344|4108979E|10675739|0|0|0|0|0|0|0512|410F02BB|107ABEEC||12a8538e5837e882d00ba7b2fec78def
26|2021-09-26T12:08:12.6130000+01:00|8aa|Army's Paeon|4.96|107629AA|Joeson Lmoa|107ABEEC|Greiyan Fletz|00|106544|106059||2c6bafd462ef018bd9f65f7d34f4a9e5
38|2021-09-26T12:08:12.6130000+01:00|107401EC|Raesa Velan|00505019|96887|96887|10000|10000|0|0|101.7625|98.28333|0|-0.7438483|0|0|0|0A016D|41F00000|E0000000|0A0168|41F00000|E0000000|29020030|45923250|107401EC|0104BB|412743A1|107401EC|08AA|409E8F5C|107629AA|0781|41BD5E24|10675739|A4|414C978B|107401EC|0344|410ABC7B|10675739|0129|41CBFDE8|1057B8A2|012B|40892F17|1057B8A2|0401|405AF1AA|40011D79||0718cab7a8c9b820b62063e0d99d1099
26|2021-09-26T12:08:12.6130000+01:00|8aa|Army's Paeon|4.96|107629AA|Joeson Lmoa|107401EC|Raesa Velan|00|96887|106059||e645a6c57079bf33fd5d1ae5705bc5bb
37|2021-09-26T12:08:12.6580000+01:00|40011DEA|Liquid Hand|00008D80|2956008|12889320|10000|10000|0||97.6902|100.2716|0|-1.673359||337cd90b31c43eb531b04f9ac624a8c0
37|2021-09-26T12:08:12.6580000+01:00|40011D69|Living Liquid|00008D73|2860610|12889320|10000|10000|0||100.4196|100.328|0|0.016155||49f346d21d0747df80262096f0fbac64
24|2021-09-26T12:08:12.6580000+01:00|1068703B|Tomo Uchuu|HoT|798|10BC|102235|106478|10000|10000|0|1000|102.4004|100.9555|0|-1.962443||af8ab8ba0be94d9917e553d6a0087a5f
24|2021-09-26T12:08:12.6580000+01:00|10675739|Jasy Heavensong|HoT|798|10DA|97086|97086|9844|10000|0|1000|97.58115|102.6428|-0.01531982|1.35278||8cfe9f052ead3cc3edb262ec63082911
24|2021-09-26T12:08:12.6580000+01:00|107401EC|Raesa Velan|HoT|798|117E|96887|96887|10000|10000|0|1000|101.7625|98.28333|0|-0.7438483||93b4ce5e3b2edc8209a2973b6670b2c8
24|2021-09-26T12:08:12.6580000+01:00|1057B8A2|Alex Knightfall|HoT|798|1C00|97285|97285|3828|10000|0|1000|97.64246|98.03918|0|-0.08547282||ee36215c775ded3cafd9109cdb35eae3
24|2021-09-26T12:08:12.6580000+01:00|107ABEEC|Greiyan Fletz|HoT|798|10CE|69289|106544|10000|10000|0|1000|106.0349|99.38196|0|-1.408935||48e594d8f27be84eaacb1fcffdc391d4
24|2021-09-26T12:08:12.6580000+01:00|1075A2E4|Niru Summers|HoT|798|10A3|153077|153077|10000|10000|0|1000|104.9603|107.2853|-0.01531982|-2.527094||6740a52020e7ddeadd88a595afa81f68
24|2021-09-26T12:08:12.6580000+01:00|10752D6C|Volkon Vysk|HoT|798|1AED|114957|152511|10000|10000|0|1000|93.56401|99.83972|0|1.472117||525124e52ed42126deecf754cc90020b
24|2021-09-26T12:08:12.6580000+01:00|1057B8A2|Alex Knightfall|HoT|0|13D4|97285|97285|3828|10000|0|1000|97.64246|98.03918|0|-0.08547282||ccb7c692fe5ff64f8f67e6fa6be771b1
21|2021-09-26T12:08:12.6580000+01:00|107ABEEC|Greiyan Fletz|07|Attack|40011D69|Living Liquid|710003|FA30000|0|0|0|0|0|0|0|0|0|0|0|0|0|0|2867761|12889320|10000|10000|0|1000|100.4196|100.328|0|0.016155|69289|106544|10000|10000|0|1000|106.0349|99.38196|0|-1.408935|00008D87|0|a5e8b44987839e0a7ffabbd9da7cd00a
38|2021-09-26T12:08:12.6580000+01:00|10675739|Jasy Heavensong|00505021|97086|97086|9844|10000|0|0|97.58115|102.6428|-0.01531982|1.35278|0|0|0|0A0168|41F00000|E0000000|0F016B|41F00000|E0000000|0781|41B9CEC8|10675739|28FE0030|450EF05A|10675739|04C8|40869FB6|10675739|08AA|409E978D|107629AA|0394|0|10675739|0347|0|10675739|0129|41CA915C|1057B8A2|012B|40A00000|1057B8A2|0401|405820C5|40011D77|0344|41039DC4|10675739||7e517d041b9d51276addfac5060ba078
38|2021-09-26T12:08:12.6580000+01:00|1068703B|Tomo Uchuu|00505026|106478|106478|10000|10000|0|0|102.4004|100.9555|0|-1.962443|0|0|0|14016A|41F00000|E0000000|0A0168|41F00000|E0000000|071F|42700000|1068703B|28FE0030|450F9C97|1068703B|0781|41BE146A|10675739|08AA|409E978D|107629AA|012B|40A00000|1057B8A2|071D|424FBCAC|1068703B|0737|424FBCAC|1068703B|0401|405820C5|40011D7A|0718|416BE342|1068703B|0719|416BE342|1068703B|0344|410C2906|10675739|0129|41CCB846|1057B8A2||f17ca619bf5da082039244ae2c52fbad
38|2021-09-26T12:08:12.6580000+01:00|10752D6C|Volkon Vysk|00505025|121850|152511|10000|10000|0|0|93.56401|99.83972|0|1.472117|0|0|0|14016A|41F00000|E0000000|0A0168|41F00000|E0000000|28FD0030|4510403B|10752D6C|0343|3FFE7719|10675739|08AA|409E978D|107629AA|012B|40A00000|1057B8A2|320742|3F3E34F0|1075A2E4|0|0|0|0727|41746A6C|10752D6C|0|0|0|0344|4112979D|10675739|0401|3E9A1CAF|40011D77|0|0|0|0|0|0|0|0|0|0729|0|10752D6C||06bf1902826f90c81f96fd95f3bad67e
38|2021-09-26T12:08:12.6580000+01:00|1057B8A2|Alex Knightfall|0050501C|97285|97285|4328|10000|0|0|97.64246|98.03918|0|-0.08547282|0|0|0|0A016D|41F00000|E0000000|1E016C|41F00000|E0000000|28FE0030|44D5B672|1057B8A2|0781|41BF28E5|10675739|0129|41C75C1B|1057B8A2|04B4|4189B223|1057B8A2|0344|410E51FC|10675739|08AA|409E978D|107629AA|020130|0|1057B8A2|0798|4163E356|1057B8A2|012B|409E978D|1057B8A2|0401|405820C5|40011D78||56ef72035ff9a9b3b0a7c366abeaaff4
38|2021-09-26T12:08:12.6580000+01:00|1075A2E4|Niru Summers|00505015|153077|153077|10000|10000|0|0|104.9603|107.2853|-0.01531982|-2.527094|0|0|0|0A016D|41F00000|E0000000|0A0168|41F00000|E0000000|5B|0|1075A2E4|28FD0030|45105EC7|1075A2E4|04C7|42700000|40011E12|0344|411076D9|10675739|012B|409E978D|1057B8A2|08AA|409D26E9|107629AA|320741|3F3E34F0|1075A2E4|5A|4251855C|1075A2E4|0|0|0|0401|3E9A1CAF|40011D79||01ecf01534948e8b6237759be5079714
38|2021-09-26T12:08:12.6580000+01:00|107ABEEC|Greiyan Fletz|00505022|73591|106544|10000|10000|0|0|106.0349|99.38196|0|-1.408935|0|0|0|0720|42700000|1068703B|14016A|41F00000|E0000000|0A0168|41F00000|E0000000|28FE0030|450EF6CA|107ABEEC|04E2|404301F8|107ABEEC|0304D1|416B0626|107ABEEC|012B|409E978D|1057B8A2|0839|424FBCAC|1068703B|0737|424FBCAC|1068703B|08AA|409D26E9|107629AA|0513|41D06CEF|107ABEEC|0|0|0|0401|3E9A1CAF|40011D78|0344|4107E365|10675739|0|0|0|0|0|0|0512|410E4E82|107ABEEC||fc509c8252d3bab9c09eedca128799ee
38|2021-09-26T12:08:12.6580000+01:00|107401EC|Raesa Velan|00505019|96887|96887|10000|10000|0|0|101.7625|98.28333|0|-0.7438483|0|0|0|0A016D|41F00000|E0000000|0A0168|41F00000|E0000000|29020030|459231F6|107401EC|0104BB|41268F68|107401EC|08AA|409D26E9|107629AA|0781|41BD0407|10675739|A4|414BE352|107401EC|0344|410A0842|10675739|0129|41CBA3CB|1057B8A2|012B|409E978D|1057B8A2|0401|405820C5|40011D79||854b1cd168290adceb324e29c1adaf14
24|2021-09-26T12:08:12.7010000+01:00|107401EC|Raesa Velan|HoT|0|14A5|96887|96887|10000|10000|0|1000|101.7625|98.28333|0|-0.7440141||c2bacbaa2f6089ce0d7b509167954c8d
38|2021-09-26T12:08:12.7010000+01:00|107401EC|Raesa Velan|00505019|96887|96887|10000|10000|0|0|101.7625|98.28333|0|-0.7440141|0|0|0|0A016D|41F00000|E0000000|0A0168|41F00000|E0000000|29020030|4592319A|107401EC|0104BB|4125D716|107401EC|08AA|409BB645|107629AA|0781|41BCA7DE|10675739|A4|414B2B00|107401EC|0344|41094FF0|10675739|0129|41CB47A2|1057B8A2|012B|409D26E9|1057B8A2|0401|40553F7D|40011D79||f205f8863a17a2e5c51a642d44441792
21|2021-09-26T12:08:12.7450000+01:00|10752D6C|Volkon Vysk|3F1A|Rough Divide|40011DEA|Liquid Hand|710103|241B0000|0|0|0|0|0|0|0|0|0|0|0|0|0|0|2956008|12889320|10000|10000|0|1000|97.6456|100.2673|0|-1.673359|121850|152511|10000|10000|0|1000|93.55556|99.83972|-0.007307304|1.472117|00008D88|0|082e069f94e3702a7dd87301adea77f6
37|2021-09-26T12:08:12.7910000+01:00|40011DEA|Liquid Hand|00008D73|2950103|12889320|10000|10000|0||97.6456|100.2673|0|-1.673359|01|0|0|0||9c7dc0e4069d4dc8586242585f3939bf
22|2021-09-26T12:08:12.7910000+01:00|107629AA|Joeson Lmoa|75|Rain Of Death|40011D69|Living Liquid|720303|293C0000|1B|758000|0|0|0|0|0|0|0|0|0|0|0|0|2860610|12889320|10000|10000|0|1000|100.4196|100.328|0|0.016155|73647|106059|10000|10000|0|1000|100.0228|90.37915|0|0.03858972|00008D89|0|b35a66d2351f096816727fd6481728d9
22|2021-09-26T12:08:12.7910000+01:00|107629AA|Joeson Lmoa|75|Rain Of Death|40011DEA|Liquid Hand|720303|2A320000|1B|758000|0|0|0|0|0|0|0|0|0|0|0|0|2956008|12889320|10000|10000|0|1000|97.6456|100.2673|0|-1.673359|73647|106059|10000|10000|0|1000|100.0228|90.37915|0|0.03858972|00008D89|1|590a3613c15198190684ccf949709e1b
37|2021-09-26T12:08:12.8780000+01:00|10675739|Jasy Heavensong|00008D82|63947|97086|9844|10000|0||97.72326|102.6447|-0.002224179|1.07777|2100|0|0|03|02000480|0|0|E0000000|08003A40|0|0|E0000000|0A000941|0|404CCCCD|40011D77||497a5ad7cd5506eeaedff49916caf705
37|2021-09-26T12:08:12.8790000+01:00|1057B8A2|Alex Knightfall|00008D83|57668|97285|4328|10000|0||97.64246|98.03918|0|-0.08547282|1C00|0|0|03|03000480|0|0|E0000000|04003A40|0|0|E0000000|0B000941|0|404CCCCD|40011D78||1a107878380ef89e818b22c95c53d9d8
37|2021-09-26T12:08:12.8790000+01:00|1068703B|Tomo Uchuu|00008D84|73146|106478|10000|10000|0||102.4004|100.9555|0|-1.962443|2600|0|0|03|04000480|0|0|E0000000|09003E41|0|404CCCCD|40011D7A|0D000540|0|0|E0000000||7bbafbf90ceee653e1679d556d070e1e
37|2021-09-26T12:08:12.8790000+01:00|107401EC|Raesa Velan|00008D85|61423|96887|10000|10000|0||101.7625|98.28333|0|-0.7445043|1900|0|0|03|05000480|0|0|E0000000|08003A40|0|0|E0000000|0A000941|0|404CCCCD|40011D79||5c92bd705086c179281ddf132d521a96
24|2021-09-26T12:08:12.8790000+01:00|10752D6C|Volkon Vysk|HoT|742|389|121850|152511|10000|10000|0|1000|93.55298|99.83972|0|1.471637||ae481cb084388d3dfc202d4c1a37f88f
37|2021-09-26T12:08:12.8790000+01:00|40011D69|Living Liquid|00008D86|2856886|12889320|10000|10000|0||100.4196|100.328|0|0.016155||8891ee990cf7bf0c12a67489af004cc9
38|2021-09-26T12:08:12.8790000+01:00|10675739|Jasy Heavensong|00505021|63947|97086|9844|10000|0|0|97.72326|102.6447|-0.002224179|1.07777|0|0|0|0A0168|41F00000|E0000000|0F016B|41F00000|E0000000|0|0|0|28FE0030|450EECCA|10675739|04C8|407EF9C8|10675739|08AA|409774BB|107629AA|0394|0|10675739|0347|0|10675739|0|0|0|012B|4098DD2E|1057B8A2|0401|4049DB23|40011D77|0344|41000C5C|10675739||501b8899d9e43d368efd867e3979e39a
30|2021-09-26T12:08:12.8790000+01:00|781|Nocturnal Balance|0.00|10675739|Jasy Heavensong|10675739|Jasy Heavensong|00|97086|97086||ce853831ccaa35b92b21a736d7ca22e5
30|2021-09-26T12:08:12.8790000+01:00|129|Galvanize|0.00|1057B8A2|Alex Knightfall|10675739|Jasy Heavensong|00|97086|97285||e3c2481835434b2b3a5ddb1f24755c5e
38|2021-09-26T12:08:12.8790000+01:00|1068703B|Tomo Uchuu|00505026|73146|106478|10000|10000|0|0|102.4004|100.9555|0|-1.962443|0|0|0|14016A|41F00000|E0000000|0A0168|41F00000|E0000000|071F|42700000|1068703B|28FE0030|450F9907|1068703B|0|0|0|08AA|409774BB|107629AA|012B|4098DD2E|1057B8A2|071D|424ED853|1068703B|0737|424ED853|1068703B|0401|4049DB23|40011D7A|0718|416851DA|1068703B|0719|416851DA|1068703B|0344|4108979E|10675739||6150f9779f68f575c2ac887497173c9f
30|2021-09-26T12:08:12.8790000+01:00|781|Nocturnal Balance|0.00|10675739|Jasy Heavensong|1068703B|Tomo Uchuu|00|106478|97086||da0cf469720418a67ead4a4adda6de57
30|2021-09-26T12:08:12.8790000+01:00|129|Galvanize|0.00|1057B8A2|Alex Knightfall|1068703B|Tomo Uchuu|00|106478|97285||ac47455b637db3e4a9e9fdde0f85a926
38|2021-09-26T12:08:12.8790000+01:00|10752D6C|Volkon Vysk|00505025|122755|152511|10000|10000|0|0|93.55298|99.83972|0|1.471637|0|0|0|14016A|41F00000|E0000000|0A0168|41F00000|E0000000|28FD0030|45103CAB|10752D6C|0343|3FE1EBD6|10675739|08AA|409774BB|107629AA|012B|4098DD2E|1057B8A2|320742|3F051E69|1075A2E4|0|0|0|0727|4170D904|10752D6C|0|0|0|0344|410F0635|10675739|0401|3D9FBE84|40011D77|0|0|0|0|0|0|0|0|0|0729|0|10752D6C||4e5fbafb6518d2b4c9ac4678222ca44a
38|2021-09-26T12:08:12.8790000+01:00|1057B8A2|Alex Knightfall|0050501C|57668|97285|4328|10000|0|0|97.64246|98.03918|0|-0.08547282|0|0|0|0A016D|41F00000|E0000000|1E016C|41F00000|E0000000|28FE0030|44D5AF4F|1057B8A2|0|0|0|0|0|0|04B4|4187E96F|1057B8A2|0344|410AC094|10675739|08AA|409774BB|107629AA|020130|0|1057B8A2|0798|416051EE|1057B8A2|012B|409774BB|1057B8A2|0401|4049DB23|40011D78||0ea96d6cdae66d1e4f81445a5e175e7a
30|2021-09-26T12:08:12.8790000+01:00|781|Nocturnal Balance|0.00|10675739|Jasy Heavensong|1057B8A2|Alex Knightfall|00|97285|97086||4c74103828427a0523f7ee223517d571
30|2021-09-26T12:08:12.8790000+01:00|129|Galvanize|0.00|1057B8A2|Alex Knightfall|1057B8A2|Alex Knightfall|00|97285|97285||5c03c3632bf7637a4322d98a341f8c0a
38|2021-09-26T12:08:12.8790000+01:00|107401EC|Raesa Velan|00505019|61423|96887|10000|10000|0|0|101.7625|98.28333|0|-0.7445043|0|0|0|0A016D|41F00000|E0000000|0A0168|41F00000|E0000000|29020030|4592302E|107401EC|0104BB|4122FE00|107401EC|08AA|40960417|107629AA|0|0|0|A4|414851EA|107401EC|0344|410676DA|10675739|0|0|0|012B|409774BB|1057B8A2|0401|4049DB23|40011D79||775d8e5ed50b9222bb10e98caf389c99
30|2021-09-26T12:08:12.8790000+01:00|781|Nocturnal Balance|0.00|10675739|Jasy Heavensong|107401EC|Raesa Velan|00|96887|97086||6ec367d754e62fe6f88850d2448caeb3
30|2021-09-26T12:08:12.8790000+01:00|129|Galvanize|0.00|1057B8A2|Alex Knightfall|107401EC|Raesa Velan|00|96887|97285||70ca28a250aec235f321749ad1e4085e
39|2021-09-26T12:08:12.9220000+01:00|40011E3B|Earthly Star|92424|92424|10000|10000|0|0|99.06918|99.95715|0|-0.6909251||efc61efb5ac7cc78e8c370ba9feeef43
38|2021-09-26T12:08:12.9670000+01:00|10752D6C|Volkon Vysk|00505025|122755|152511|10000|10000|0|0|93.55298|99.83972|0|1.471637|0|0|0|14016A|41F00000|E0000000|0A0168|41F00000|E0000000|28FD0030|45103B47|10752D6C|0343|3FD6C905|10675739|08AA|4094AC06|107629AA|012B|40961479|1057B8A2|320742|3EDDB18E|1075A2E4|0|0|0|0727|416F74AA|10752D6C|0|0|0|0344|410DA1DB|10675739|0|0|0|0|0|0|0|0|0|0|0|0|0729|0|10752D6C||4cb45575eebf2b5e22d7e3e791d51a31
30|2021-09-26T12:08:12.9670000+01:00|401|Water Resistance Down II|0.00|40011D77|Living Liquid|10752D6C|Volkon Vysk|00|152511|44||25d09f9d921e0ee0f615e7d0dd4b7925
38|2021-09-26T12:08:12.9670000+01:00|107629AA|Joeson Lmoa|00505017|73647|106059|10000|10000|0|0|100.0228|90.37915|0|0.03858972|0|0|0|0A016D|41F00000|E0000000|0A0168|41F00000|E0000000|28FE0030|450EEEF6|107629AA|0|0|0|0|0|0|0|0|0|0|0|0|0|0|0|0344|4100C8C6|10675739||c8d4adff8388a5c2e7d28af61f24d5d5
30|2021-09-26T12:08:12.9670000+01:00|401|Water Resistance Down II|0.00|40011D7A|Living Liquid|107629AA|Joeson Lmoa|00|106059|44||35281d9d195c3ff1cfa22004b988d10d
38|2021-09-26T12:08:12.9670000+01:00|1075A2E4|Niru Summers|00505015|153077|153077|10000|10000|0|0|104.9643|107.3045|-0.0009662751|-2.497608|0|0|0|0A016D|41F00000|E0000000|0A0168|41F00000|E0000000|5B|0|1075A2E4|28FD0030|451059D3|1075A2E4|04C7|42700000|40011E12|0344|410B8117|10675739|012B|4094AC06|1057B8A2|08AA|40933B62|107629AA|320741|3EDDB18E|1075A2E4|5A|425047ED|1075A2E4||6e656910d8c2c1ba2829c78f35217cd0
30|2021-09-26T12:08:12.9670000+01:00|401|Water Resistance Down II|0.00|40011D79|Living Liquid|1075A2E4|Niru Summers|00|153077|44||2fd60e2f71c8a051b6c105963d0754df
38|2021-09-26T12:08:12.9670000+01:00|107ABEEC|Greiyan Fletz|00505022|73591|106544|10000|10000|0|0|106.0349|99.38196|0|-1.408935|0|0|0|0720|42700000|1068703B|14016A|41F00000|E0000000|0A0168|41F00000|E0000000|28FE0030|450EF1D6|107ABEEC|04E2|402F2AEE|107ABEEC|0304D1|41661064|107ABEEC|012B|4094AC06|1057B8A2|0839|424E7F3D|1068703B|0737|424E7F3D|1068703B|08AA|40933B62|107629AA|0513|41CDF20E|107ABEEC|0|0|0|0|0|0|0344|4102EDA3|10675739|0|0|0|0|0|0|0512|410958C0|107ABEEC||c12e62c534d9b76a11db11a110a171ac
30|2021-09-26T12:08:12.9670000+01:00|401|Water Resistance Down II|0.00|40011D78|Living Liquid|107ABEEC|Greiyan Fletz|00|106544|44||22ae6a401ad47fac1f07bac4de782802
20|2021-09-26T12:08:13.0110000+01:00|10675739|Jasy Heavensong|40AB|Malefic IV|40011D69|Living Liquid|1.43|97.7998|102.6457|-0.002411539|0.9296324||ba5114b443d5245f9c8803bf7ec043d6
21|2021-09-26T12:08:13.0560000+01:00|107ABEEC|Greiyan Fletz|1D3A|Kasha|40011D69|Living Liquid|4F710203|664A0000|43D|B88000|0|0|0|0|0|0|0|0|0|0|0|0|2856886|12889320|10000|10000|0|1000|100.4196|100.328|0|0.016155|73591|106544|10000|10000|0|1000|106.0349|99.38196|0|-1.408935|00008D8A|0|6a1b7fe3bc69a2e45ef4d64dc656e739
38|2021-09-26T12:08:13.0560000+01:00|107ABEEC|Greiyan Fletz|00505022|73591|106544|10000|10000|0|0|106.0349|99.38196|0|-1.408935|0|0|0|0720|42700000|1068703B|14016A|41F00000|E0000000|0A0168|41F00000|E0000000|28FE0030|450EF06A|107ABEEC|04E2|402978C1|107ABEEC|0204D1|4164A3D9|107ABEEC|012B|4091D2EF|1057B8A2|0839|424E241B|1068703B|0737|424E241B|1068703B|08AA|4090624B|107629AA|0513|41CD3BC8|107ABEEC|0|0|0|0|0|0|0344|41018118|10675739|0|0|0|0|0|0|0512|4107EC35|107ABEEC||96d65126b1ec0fb6d64ce404c4fd4eaa
26|2021-09-26T12:08:13.0560000+01:00|4d1|Meikyo Shisui|14.29|107ABEEC|Greiyan Fletz|107ABEEC|Greiyan Fletz|02|106544|106544||f61220a693a16c2d6a81bbe4c87b1ae3
37|2021-09-26T12:08:13.1890000+01:00|40011D69|Living Liquid|00008D87|2852883|12889320|10000|10000|0||100.4196|100.328|0|0.016155||7677c1cf765f0363e4c661e50b70f377
37|2021-09-26T12:08:13.2340000+01:00|40011DEA|Liquid Hand|00008D88|2940860|12889320|10000|10000|0||97.64246|100.267|0|-1.673359||0070bf26f6a124a2b7ae40267b01cbff
21|2021-09-26T12:08:13.2790000+01:00|107629AA|Joeson Lmoa|08|Shot|40011D69|Living Liquid|720203|12C00000|0|0|0|0|0|0|0|0|0|0|0|0|0|0|2852883|12889320|10000|10000|0|1000|100.4196|100.328|0|0.016155|73647|106059|10000|10000|0|1000|100.0228|90.37915|0|0.03858972|00008D8B|0|8574d3578e3cf979a6abb0174e21f4a0
37|2021-09-26T12:08:13.4130000+01:00|40011D69|Living Liquid|00008D7A|2846311|12889320|10000|10000|0||100.4196|100.328|0|0.016155||e097e37ea696ee77ef51eeb8f87ec08b
22|2021-09-26T12:08:13.4130000+01:00|107401EC|Raesa Velan|1CFE|Foul|40011DEA|Liquid Hand|750003|A7D90000|1B|1CFE8000|0|0|0|0|0|0|0|0|0|0|0|0|2940860|12889320|10000|10000|0|1000|97.64246|100.267|0|-1.673359|61423|96887|10000|10000|0|1000|101.7625|98.28333|0|-0.7459576|00008D8C|0|6dd30292f465744b1c220115b721695c
22|2021-09-26T12:08:13.4130000+01:00|107401EC|Raesa Velan|1CFE|Foul|40011D69|Living Liquid|750103|C4100000|1B|1CFE8000|0|0|0|0|0|0|0|0|0|0|0|0|2852883|12889320|10000|10000|0|1000|100.4196|100.328|0|0.016155|61423|96887|10000|10000|0|1000|101.7625|98.28333|0|-0.7459576|00008D8C|1|00b76b4766d557e77e3b5e40b436b31b
38|2021-09-26T12:08:13.4130000+01:00|10752D6C|Volkon Vysk|00505025|122755|152511|10000|10000|0|0|95.54984|100.0498|-0.001408813|1.471637|948D|31|0|14016A|41F00000|E0000000|0A0168|41F00000|E0000000|28FD0030|45103423|10752D6C|0343|3F9D91B9|10675739|08AA|40865E31|107629AA|012B|4087C6A4|1057B8A2|0|0|0|0|0|0|0727|41684DC3|10752D6C|0|0|0|0344|41067AF4|10675739|0|0|0|0|0|0|0|0|0|0|0|0|0729|0|10752D6C||08b3e93799bf024ba742066e28b09035
30|2021-09-26T12:08:13.4130000+01:00|742|Nascent Glint|0.00|1075A2E4|Niru Summers|10752D6C|Volkon Vysk|32|152511|153077||1485ea554c6f4dfe4c9dbf37096019b2
38|2021-09-26T12:08:13.4130000+01:00|1075A2E4|Niru Summers|00505015|153077|153077|10000|10000|0|0|104.8416|107.1543|-0.002408731|-2.480956|948D|31|0|0A016D|41F00000|E0000000|0A0168|41F00000|E0000000|5B|0|1075A2E4|28FD0030|451052AF|1075A2E4|04C7|42700000|40011E12|0344|41045A30|10675739|012B|40865E31|1057B8A2|08AA|4084ED8D|107629AA|0|0|0|5A|424E7E35|1075A2E4||d133a9025f562f0c5bfb5b0e19760072
30|2021-09-26T12:08:13.4130000+01:00|741|Nascent Flash|0.00|1075A2E4|Niru Summers|1075A2E4|Niru Summers|32|153077|153077||294196489bc66600b47dc865b5761be5
38|2021-09-26T12:08:13.4130000+01:00|107401EC|Raesa Velan|00505019|61423|96887|10000|10000|0|0|101.7625|98.28333|0|-0.7459576|948D|31|0|0A016D|41F00000|E0000000|0A0168|41F00000|E0000000|29020030|45922BEA|107401EC|0|0|0|08AA|4084ED8D|107629AA|0|0|0|A4|413FC6A9|107401EC|0344|40FBD730|10675739|0|0|0|012B|40865E31|1057B8A2|0401|4027AE16|40011D79||f8c1d61e003fb54da0a16afcef0a6e01
30|2021-09-26T12:08:13.4130000+01:00|4bb|Triplecast|0.00|107401EC|Raesa Velan|107401EC|Raesa Velan|01|96887|96887||955b68fbd5937c2cdd504fa44c685546
37|2021-09-26T12:08:13.5450000+01:00|40011DEA|Liquid Hand|00008D7A|2927978|12889320|10000|10000|0||97.64246|100.267|0|-1.673359|01|0|0|0||b0397d6084840dc5f80be5f65248c32d
22|2021-09-26T12:08:13.6340000+01:00|1068703B|Tomo Uchuu|3E7B|Rising Windmill|40011D69|Living Liquid|720203|420D0000|13D|EB8000|0|0|0|0|0|0|0|0|0|0|0|0|2846311|12889320|10000|10000|0|1000|100.4196|100.328|0|0.016155|73146|106478|10000|10000|0|1000|102.4004|100.9555|0|-1.95616|00008D8D|0|68eeaa31e4b582706f592c0843726903
22|2021-09-26T12:08:13.6340000+01:00|1068703B|Tomo Uchuu|3E7B|Rising Windmill|40011DEA|Liquid Hand|720103|29AA0000|0|0|0|0|0|0|0|0|0|0|0|0|0|0|2927978|12889320|10000|10000|0|1000|97.64246|100.267|0|-1.673359|73146|106478|10000|10000|0|1000|102.4004|100.9555|0|-1.95616|00008D8D|1|8255aec0a2471c92371a736b645933cf
38|2021-09-26T12:08:13.6340000+01:00|1068703B|Tomo Uchuu|00505026|73146|106478|10000|10000|0|0|102.4004|100.9555|0|-1.95616|994C|31|0|14016A|41F00000|E0000000|0A0168|41F00000|E0000000|071F|42700000|1068703B|28FE0030|450F8CF7|1068703B|0|0|0|08AA|407E9782|107629AA|012B|4080B434|1057B8A2|071D|424BD339|1068703B|0737|424BD339|1068703B|0401|40198939|40011D7A|0|0|0|0719|415C3D62|1068703B|0344|40F9064A|10675739||4943d0dfcbdc97e9842d795386cbf09e
26|2021-09-26T12:08:13.6340000+01:00|71f|Closed Position|60.00|1068703B|Tomo Uchuu|1068703B|Tomo Uchuu|00|106478|106478||264f81cf4798050b7d3bf8431471d226
30|2021-09-26T12:08:13.6340000+01:00|718|Flourishing Windmill|0.00|1068703B|Tomo Uchuu|1068703B|Tomo Uchuu|00|106478|106478||c11c86233027d5f253381eb4a0b7e4cd
31|2021-09-26T12:08:13.6340000+01:00|1068703B|500426|00|10762900|12B|d0cbf3097ffd1c026cb5486702836c49
24|2021-09-26T12:08:13.6790000+01:00|1075A2E4|Niru Summers|HoT|4C7|2C0B|153077|153077|10000|10000|0|1000|103.921|106.0317|-0.0009699046|-2.464932||68665f263e7357ee48edb369bb033ae6
31|2021-09-26T12:08:13.6790000+01:00|1068703B|5A0426|00|10762900|12B|b1906a1197b68883bd01092c7920c97a
37|2021-09-26T12:08:13.7230000+01:00|40011D69|Living Liquid|00008D8A|2820125|12889320|10000|10000|0||100.4196|100.328|0|0.016155||603668ef25d6ba22b7ef30600e061e0f
22|2021-09-26T12:08:13.7680000+01:00|1057B8A2|Alex Knightfall|BA|Succor|1057B8A2|Alex Knightfall|4|1D870000|E80E|1290000|1B|BA8000|0|0|0|0|0|0|0|0|0|0|57668|97285|4328|10000|0|1000|97.64246|98.03918|0|-0.08547282|57668|97285|4328|10000|0|1000|97.64246|98.03918|0|-0.08547282|00008D8E|0|6f5610e1b9f8628ff6fdc90ef785cb19
22|2021-09-26T12:08:13.7680000+01:00|1057B8A2|Alex Knightfall|BA|Succor|10752D6C|Volkon Vysk|4|1E8B0000|2D0E|1290000|1B|BA8000|0|0|0|0|0|0|0|0|0|0|122755|152511|10000|10000|0|1000|95.5378|100.0531|-0.004511642|1.471637|57668|97285|4328|10000|0|1000|97.64246|98.03918|0|-0.08547282|00008D8E|1|7174dcafa30a7a522c7fdf3a2272be3a
22|2021-09-26T12:08:13.7680000+01:00|1057B8A2|Alex Knightfall|BA|Succor|107401EC|Raesa Velan|4|1E6E0000|90E|1290000|1B|BA8000|0|0|0|0|0|0|0|0|0|0|61423|96887|10000|10000|0|1000|101.7625|98.28333|0|-1.079117|57668|97285|4328|10000|0|1000|97.64246|98.03918|0|-0.08547282|00008D8E|2|5eac0cc3368ff46c96926da60d8f24f4
22|2021-09-26T12:08:13.7680000+01:00|1057B8A2|Alex Knightfall|BA|Succor|10675739|Jasy Heavensong|4|1D0D0000|500E|1290000|1B|BA8000|0|0|0|0|0|0|0|0|0|0|63947|97086|9844|10000|0|1000|97.91711|102.6473|0|2.323393|57668|97285|4328|10000|0|1000|97.64246|98.03918|0|-0.08547282|00008D8E|3|71c5ae54228dff67d4fb9fb58da9ad92
22|2021-09-26T12:08:13.7680000+01:00|1057B8A2|Alex Knightfall|BA|Succor|1068703B|Tomo Uchuu|4|1E4A0000|DC0E|1290000|1B|BA8000|0|0|0|0|0|0|0|0|0|0|73146|106478|10000|10000|0|1000|102.4004|100.9555|0|-1.95616|57668|97285|4328|10000|0|1000|97.64246|98.03918|0|-0.08547282|00008D8E|4|ff0f0773d387de93d2b1df33d775583a
22|2021-09-26T12:08:13.7680000+01:00|1057B8A2|Alex Knightfall|BA|Succor|107ABEEC|Greiyan Fletz|4|1E210000|A90E|1290000|1B|BA8000|0|0|0|0|0|0|0|0|0|0|73591|106544|10000|10000|0|1000|105.8857|99.28497|-0.01531982|-1.939659|57668|97285|4328|10000|0|1000|97.64246|98.03918|0|-0.08547282|00008D8E|5|86d3bbcb55a4238bb69d1ec03ec2803d
22|2021-09-26T12:08:13.7680000+01:00|1057B8A2|Alex Knightfall|BA|Succor|107629AA|Joeson Lmoa|10004|2FE50000|DE0E|1290000|1B|BA8000|0|0|0|0|0|0|0|0|0|0|73647|106059|10000|10000|0|1000|100.0228|90.37915|0|0.03858972|57668|97285|4328|10000|0|1000|97.64246|98.03918|0|-0.08547282|00008D8E|6|de7fde0d61aff84b6d8d94a5b211c2cc
22|2021-09-26T12:08:13.7680000+01:00|1057B8A2|Alex Knightfall|BA|Succor|1075A2E4|Niru Summers|4|1E1B0000|A10E|1290000|1B|BA8000|0|0|0|0|0|0|0|0|0|0|153077|153077|10000|10000|0|1000|103.921|106.0317|-0.0009699046|-2.464932|57668|97285|4328|10000|0|1000|97.64246|98.03918|0|-0.08547282|00008D8E|7|dc7a202b4eb8dc6a107bd43f2d46667c
21|2021-09-26T12:08:13.8130000+01:00|10752D6C|Volkon Vysk|3F13|Savage Claw|40011DEA|Liquid Hand|710003|41660000|F|7338000|0|0|0|0|0|0|0|0|0|0|0|0|2927978|12889320|10000|10000|0|1000|97.64246|100.267|0|-1.673359|122755|152511|10000|10000|0|1000|95.53674|100.0533|0|1.471637|00008D8F|0|f4648e799b039f3ed4b0b4dc55a84aa3
21|2021-09-26T12:08:13.8130000+01:00|10752D6C|Volkon Vysk|07|Attack|40011DEA|Liquid Hand|710203|F3D0000|0|0|0|0|0|0|0|0|0|0|0|0|0|0|2927978|12889320|10000|10000|0|1000|97.64246|100.267|0|-1.673359|122755|152511|10000|10000|0|1000|95.53674|100.0533|0|1.471637|00008D90|0|2a8850ad4858a65108ed9a4f8a7c0ff4
38|2021-09-26T12:08:13.8130000+01:00|10752D6C|Volkon Vysk|00505025|122755|152511|10000|10000|0|0|95.53674|100.0533|0|1.471637|989A|31|0|14016A|41F00000|E0000000|0A0168|41F00000|E0000000|28FD0030|45102DBF|10752D6C|0343|3F54BD0B|10675739|08AA|407322C5|107629AA|012B|4075F3AB|1057B8A2|0733|C1200000|10752D6C|0|0|0|0727|4161E75D|10752D6C|0|0|0|0344|4100148E|10675739|0|0|0|0|0|0|0|0|0|0|0|0|0729|0|10752D6C||5bfc61c5e0bf433d3bc04db7b3cc512f
26|2021-09-26T12:08:13.8130000+01:00|733|Ready To Tear|10.00|10752D6C|Volkon Vysk|10752D6C|Volkon Vysk|00|152511|152511||b919468b843bb6bf49dd69c9d571160c
21|2021-09-26T12:08:13.8570000+01:00|107ABEEC|Greiyan Fletz|1D46|Hissatsu: Kaiten|107ABEEC|Greiyan Fletz|320F|4CD8000|0|0|0|0|0|0|0|0|0|0|0|0|0|0|73591|106544|10000|10000|0|1000|105.1838|98.77592|-0.001565333|-2.015851|73591|106544|10000|10000|0|1000|105.1838|98.77592|-0.001565333|-2.015851|00008D91|0|a398bc1cb8f75000d75423f33c7e85e4
38|2021-09-26T12:08:13.8570000+01:00|107ABEEC|Greiyan Fletz|00505022|73591|106544|10000|10000|0|0|105.1838|98.77592|-0.001565333|-2.015851|9504|31|0|0720|42700000|1068703B|14016A|41F00000|E0000000|0A0168|41F00000|E0000000|28FE0030|450EE39E|107ABEEC|04E2|3FEC6A5B|107ABEEC|0204D1|4157D2F6|107ABEEC|012B|40706242|1057B8A2|0839|424AEFE7|1068703B|0737|424AEFE7|1068703B|08AA|406D80FB|107629AA|0513|41C6D354|107ABEEC|04CD|C1200000|107ABEEC|0|0|0|0344|40E96063|10675739|0|0|0|0|0|0|0512|40F636A2|107ABEEC||e25d5678dcda1becc55a6aab9b483833
26|2021-09-26T12:08:13.8570000+01:00|720|Dance Partner|60.00|1068703B|Tomo Uchuu|107ABEEC|Greiyan Fletz|00|106544|106478||2997822d66862b183f70d10f79844fb8
26|2021-09-26T12:08:13.8570000+01:00|4cd|Kaiten|10.00|107ABEEC|Greiyan Fletz|107ABEEC|Greiyan Fletz|00|106544|106544||727856b57413c8105f3957c5f5cf0c8e
21|2021-09-26T12:08:13.9020000+01:00|10675739|Jasy Heavensong|40AB|Malefic IV|40011D69|Living Liquid|750003|3A7D0000|1B|40AB8000|0|0|0|0|0|0|0|0|0|0|0|0|2820125|12889320|10000|10000|0|1000|100.4196|100.328|0|0.016155|63947|97086|9844|10000|0|1000|97.91711|102.6473|0|2.323393|00008D92|0|2eece216693e9c5979fd9b0fa2952c46
39|2021-09-26T12:08:13.9460000+01:00|10675739|Jasy Heavensong|64917|97086|9708|10000|0|0|97.91711|102.6473|0|2.323393||f51b0bfb83cb6fa6a2873d1ffac7988e
39|2021-09-26T12:08:13.9460000+01:00|10752D6C|Volkon Vysk|124280|152511|10000|10000|0|0|95.53674|100.0533|0|1.471637||24318322b6cf9c836c1b3c97b8c0b836
39|2021-09-26T12:08:13.9460000+01:00|1075A2E4|Niru Summers|153077|153077|10000|10000|0|0|102.7185|105.1854|-0.001474337|-2.454913||fe50e082d3e9fbb600d3991a9c295640
24|2021-09-26T12:08:13.9910000+01:00|40011D69|Living Liquid|DoT|0|2B49|2820125|12889320|10000|10000|0|1000|100.4196|100.328|0|0.016155||982913063009a9e9c631dca09a02400e
36|2021-09-26T12:08:13.9910000+01:00|1784|3|d575726392865a505548b50dcbd2ddc4
38|2021-09-26T12:08:13.9910000+01:00|40011D69|Living Liquid|00505000|2809044|12889320|10000|10000|0|0|100.4196|100.328|0|0.016155|948D|31|0|0767|411E7271|1057B8A2|2804B0|41259542|107629AA|0|0|0|2804B1|41259542|107629AA|0|0|0|04CC|41734294|107ABEEC||9c8ee6d54d8313c910c860d59a14b71f
37|2021-09-26T12:08:14.0350000+01:00|40011D69|Living Liquid|00008D8B|2804244|12889320|10000|10000|0||100.4196|100.328|0|0.016155||ea89ef4a9c7f615787b986ccba8a57e9
39|2021-09-26T12:08:14.0350000+01:00|40011E12|Eos|92601|92601|10000|10000|0|0|100.1449|100.0533|0|0.1074281||f53139d0c0fab5a1083d4472e648d9f3
39|2021-09-26T12:08:14.0350000+01:00|1068703B|Tomo Uchuu|74210|106478|10000|10000|0|0|102.4004|100.9555|0|-1.931027||e25178754736bc7c900d88e714fa1cd9
39|2021-09-26T12:08:14.0790000+01:00|107629AA|Joeson Lmoa|74707|106059|10000|10000|0|0|100.0228|90.40054|-0.0008668957|0.0422475||829064ab239d5f0d7aac4ff4c62e3b26
22|2021-09-26T12:08:14.0790000+01:00|107629AA|Joeson Lmoa|6A|Quick Nock|40011D69|Living Liquid|720003|1A2B0000|1B|6A8000|0|0|0|0|0|0|0|0|0|0|0|0|2809044|12889320|10000|10000|0|1000|100.4196|100.328|0|0.016155|73647|106059|10000|10000|0|1000|100.0228|90.40054|-0.0008668957|0.0422475|00008D93|0|1f330aadafd033142d599ceee2e509bc
22|2021-09-26T12:08:14.0790000+01:00|107629AA|Joeson Lmoa|6A|Quick Nock|40011DEA|Liquid Hand|720003|19080000|1B|6A8000|0|0|0|0|0|0|0|0|0|0|0|0|2927978|12889320|10000|10000|0|1000|97.64246|100.267|0|-1.673359|73647|106059|10000|10000|0|1000|100.0228|90.40054|-0.0008668957|0.0422475|00008D93|1|596cb22de3586135743346daacd96bf8
39|2021-09-26T12:08:14.1230000+01:00|107ABEEC|Greiyan Fletz|74656|106544|10000|10000|0|0|103.4924|97.46479|0|-2.278032||654c766d9f63adb6caa79e576094639c
39|2021-09-26T12:08:14.1680000+01:00|1057B8A2|Alex Knightfall|58640|97285|3574|10000|0|0|97.64246|98.03918|0|-0.08547282||ed36cc8b89d8fa3c9c25944314221c2a
39|2021-09-26T12:08:14.2130000+01:00|107401EC|Raesa Velan|62391|96887|10000|10000|0|0|101.7256|98.24653|0|-0.8665655||024a61ca84b583ce29f631dc3ce9f40c
21|2021-09-26T12:08:14.2130000+01:00|1068703B|Tomo Uchuu|07|Attack|40011DEA|Liquid Hand|720003|11680000|0|0|0|0|0|0|0|0|0|0|0|0|0|0|2927978|12889320|10000|10000|0|1000|97.64246|100.267|0|-1.673359|74210|106478|10000|10000|0|1000|102.4004|100.9555|0|-1.926838|00008D94|0|7b0874b5965a7f7f041df17108ddbeab
37|2021-09-26T12:08:14.2570000+01:00|40011D69|Living Liquid|00008D8D|2787335|12889320|10000|10000|0||100.4196|100.328|0|0.016155||9b2e380146f27d73018b8f9d3a32f607
37|2021-09-26T12:08:14.3460000+01:00|40011DEA|Liquid Hand|00008D90|2924077|12889320|10000|10000|0||97.64246|100.267|0|-1.673359||6f8fb1c40f1bf94176d487e1559dfcd4
37|2021-09-26T12:08:14.3460000+01:00|10752D6C|Volkon Vysk|00008D90|124280|152511|10000|10000|0||95.53674|100.0533|0|1.471637|2500|0|0|01|06000BB3|0|C1200000|10752D6C||099fc171e67093756aaf2c26c7109753
21|2021-09-26T12:08:14.3470000+01:00|1075A2E4|Niru Summers|07|Attack|40011D69|Living Liquid|710003|E8C0000|0|0|0|0|0|0|0|0|0|0|0|0|0|0|2787335|12889320|10000|10000|0|1000|100.4196|100.328|0|0.016155|153077|153077|10000|10000|0|1000|100.8202|104.1906|0|-2.552078|00008D95|0|598541cce101841c51e96ca1a92dc706
37|2021-09-26T12:08:14.3900000+01:00|40011DEA|Liquid Hand|00008D8D|2913411|12889320|10000|10000|0||97.64246|100.267|0|-1.673359|01|0|0|0||da7c7cc280a333c05773a2eed1f66547
37|2021-09-26T12:08:14.4350000+01:00|40011DEA|Liquid Hand|00008D8F|2896669|12889320|10000|10000|0||97.64246|100.267|0|-1.673359||5ede78be52ea3b74fe58afcce2a24818
37|2021-09-26T12:08:14.4350000+01:00|10752D6C|Volkon Vysk|00008D8F|124280|152511|10000|10000|0||95.53674|100.0533|0|1.473256|2500|0|0|01|06000BB3|0|41200000|10752D6C||b2ed60c84638793fe3b4c38a3da1854d
37|2021-09-26T12:08:14.4350000+01:00|40011D69|Living Liquid|00008D89|2776779|12889320|10000|10000|0||100.4196|100.328|0|0.016155||4e5556f3801795fc2ae845f806640c1c
38|2021-09-26T12:08:14.4350000+01:00|10752D6C|Volkon Vysk|00505025|124280|152511|10000|10000|0|0|95.53674|100.0533|0|1.473256|94C8|31|0|14016A|41F00000|E0000000|0A0168|41F00000|E0000000|28FD0030|451023CF|10752D6C|0343|3E560699|10675739|08AA|404B53EC|107629AA|012B|404E24D2|1057B8A2|0733|411F47AE|10752D6C|0|0|0|0727|4157F3A8|10752D6C|0|0|0|0344|40EC41AC|10675739|0|0|0|0|0|0|0|0|0|0|0|0|0729|0|10752D6C||561e3353423d251ec69f148f2844565a
37|2021-09-26T12:08:14.4810000+01:00|107ABEEC|Greiyan Fletz|00008D91|74656|106544|10000|10000|0||102.0977|96.2952|0|-2.183787|2200|0|0|01|0B00094D|0|41200000|107ABEEC||32f8c4dcea8c01cc4ab0b7eb711fd157
21|2021-09-26T12:08:14.4810000+01:00|10752D6C|Volkon Vysk|3F1D|Abdomen Tear|40011DEA|Liquid Hand|710003|20E80000|0|0|0|0|0|0|0|0|0|0|0|0|0|0|2913411|12889320|10000|10000|0|1000|97.64246|100.267|0|-1.673359|124280|152511|10000|10000|0|1000|95.53674|100.0533|0|1.473256|00008D96|0|c991a1a257fd43f91628a3fd1dcfcc6e
38|2021-09-26T12:08:14.4810000+01:00|10752D6C|Volkon Vysk|00505025|124280|152511|10000|10000|0|0|95.53674|100.0533|0|1.473256|94C8|31|0|14016A|41F00000|E0000000|0A0168|41F00000|E0000000|28FD0030|45102317|10752D6C|0343|3E27F21E|10675739|08AA|404872A4|107629AA|012B|404B438A|1057B8A2|0|0|0|0|0|0|0727|41573B56|10752D6C|0|0|0|0344|40EAD108|10675739|0|0|0|0|0|0|0|0|0|0|0|0|0729|0|10752D6C||edbe8c4d61fdb81b112ed72d477840d1
30|2021-09-26T12:08:14.4810000+01:00|733|Ready To Tear|0.00|10752D6C|Volkon Vysk|10752D6C|Volkon Vysk|00|152511|152511||cb639446aa9fa13592337e2d38f9f9af
38|2021-09-26T12:08:14.4810000+01:00|107ABEEC|Greiyan Fletz|00505022|74656|106544|10000|10000|0|0|102.0977|96.2952|0|-2.183787|94C8|31|0|0720|42700000|1068703B|14016A|41F00000|E0000000|0A0168|41F00000|E0000000|28FE0030|450ED9A6|107ABEEC|04E2|3F9C8B21|107ABEEC|0204D1|414DD710|107ABEEC|012B|404872A4|1057B8A2|0839|424870F3|1068703B|0737|424870F3|1068703B|08AA|4045915D|107629AA|0513|41C1D55E|107ABEEC|04CD|411F47AE|107ABEEC|0|0|0|0344|40D56891|10675739|0|0|0|0|0|0|0512|40E23ED0|107ABEEC||41c619525d0f154568ad5df9015fdfe6
24|2021-09-26T12:08:14.5260000+01:00|40011DEA|Liquid Hand|DoT|0|5E20|2896669|12889320|10000|10000|0|1000|97.64246|100.267|0|-1.673359||388e06ecc4acb4be1f0af2cf71317c79
38|2021-09-26T12:08:14.5260000+01:00|40011DEA|Liquid Hand|00505000|2872573|12889320|10000|10000|0|0|97.64246|100.267|0|-1.673359|94C8|31|0|0A00A3|4186FDE1|107401EC|0767|408C2044|1057B8A2|04CC|41013A5A|107ABEEC|2804B1|40EB9D36|107629AA|0|0|0|2804B0|40EB9D36|107629AA|0759|41B8C48A|10675739|072D|41DAFDEE|10752D6C||3e1f05f683c526f81653318d87b57dad
37|2021-09-26T12:08:14.5690000+01:00|40011DEA|Liquid Hand|00008D89|2861771|12889320|10000|10000|0||97.64246|100.267|0|-1.673359|01|0|0|0||4ae1fa04cdbb57b7e390c0b7bb393188
37|2021-09-26T12:08:14.5690000+01:00|40011DEA|Liquid Hand|00008D8C|2818802|12889320|10000|10000|0||97.64246|100.267|0|-1.673359||1f211d73149696e5a8f6333766c02c80
38|2021-09-26T12:08:14.6580000+01:00|10752D6C|Volkon Vysk|00505025|124280|152511|10000|10000|0|0|95.53674|100.0533|0|1.479022|94C8|31|0|14016A|41F00000|E0000000|0A0168|41F00000|E0000000|28FD0030|45102043|10752D6C|0|0|0|08AA|403D1EAD|107629AA|012B|403FEF93|1057B8A2|0|0|0|0|0|0|0727|41546659|10752D6C|0|0|0|0344|40E5270B|10675739|0|0|0|0|0|0|0|0|0|0|0|0|0729|0|10752D6C||a817b7ea272d0c5de3f5db4e2d339173
30|2021-09-26T12:08:14.6580000+01:00|343|Aspected Benefic|0.00|10675739|Jasy Heavensong|10752D6C|Volkon Vysk|00|152511|97086||639e4b152f5e4edb9b01e21e9a3296ee
37|2021-09-26T12:08:14.7030000+01:00|40011D69|Living Liquid|00008D8C|2726587|12889320|10000|10000|0||100.4196|100.328|0|0.016155|01|0|0|0||b60894f5f5a6bea8b73a760ad99f79e9
22|2021-09-26T12:08:14.7030000+01:00|1075A2E4|Niru Summers|404E|Mythril Tempest|40011D69|Living Liquid|32710003|17410000|143D|340000|11B|404E8000|0|0|0|0|0|0|0|0|0|0|2776779|12889320|10000|10000|0|1000|100.4196|100.328|0|0.016155|153077|153077|10000|10000|0|1000|100.6663|103.9451|-0.001897912|-2.840314|00008D97|0|0782892360426f1898462f805185a8b3
22|2021-09-26T12:08:14.7030000+01:00|1075A2E4|Niru Summers|404E|Mythril Tempest|40011DEA|Liquid Hand|32710003|16C80000|0|0|0|0|0|0|0|0|0|0|0|0|0|0|2818802|12889320|10000|10000|0|1000|97.64246|100.267|0|-1.673359|153077|153077|10000|10000|0|1000|100.6663|103.9451|-0.001897912|-2.840314|00008D97|1|9efb4e63a394545bd9d0c53082c3f830
38|2021-09-26T12:08:14.7030000+01:00|1075A2E4|Niru Summers|00505015|153077|153077|10000|10000|0|0|100.6663|103.9451|-0.001897912|-2.840314|94C8|31|0|0A016D|41F00000|E0000000|0A0168|41F00000|E0000000|5B|0|1075A2E4|28FD0030|45103E17|1075A2E4|04C7|42700000|40011E12|0344|40DF74DF|10675739|012B|403A3D65|1057B8A2|08AA|40375C1E|107629AA|0|0|0|5A|42700000|1075A2E4||1f9e3df8ae6af6a670d74b74738f03c4
26|2021-09-26T12:08:14.7030000+01:00|4c7|Fey Union|60.00|40011E12|Eos|1075A2E4|Niru Summers|00|153077|92601||3cf5587f0d092b4ad10c8b64ce9d8300
26|2021-09-26T12:08:14.7030000+01:00|5a|Storm's Eye|60.00|1075A2E4|Niru Summers|1075A2E4|Niru Summers|00|153077|153077||124a0f6be8e58804c2160cda04e28836
37|2021-09-26T12:08:14.7470000+01:00|40011DEA|Liquid Hand|00008D94|2814346|12889320|10000|10000|0||97.64246|100.267|0|-1.673359||6b3ed7b9208ebac6008cb8318b5a4777
20|2021-09-26T12:08:14.8360000+01:00|1057B8A2|Alex Knightfall|409D|Broil III|40011D69|Living Liquid|2.43|98.66258|97.17641|-0.001303467|1.964696||4127c0c40a521984acbe4e3e4bc134da
37|2021-09-26T12:08:14.8810000+01:00|1057B8A2|Alex Knightfall|00008D8E|66199|97285|3574|10000|9||98.86234|97.04312|0|1.823067|1C00|0|0|01|030005A9|0|41F00000|1057B8A2||31762c0dd7584b6e2df382e6b6605a5d
26|2021-09-26T12:08:14.8810000+01:00|129|Galvanize|30.00|1057B8A2|Alex Knightfall|1057B8A2|Alex Knightfall|00|97285|97285||de6dfd2d9620970a6de6284cf9d63fd5
37|2021-09-26T12:08:14.8810000+01:00|40011D69|Living Liquid|00008D95|2722863|12889320|10000|10000|0||100.4196|100.328|0|0.016155||3e8143d52c687054df412741643a2a88
22|2021-09-26T12:08:14.8810000+01:00|1068703B|Tomo Uchuu|3E88|Fan Dance II|40011D69|Living Liquid|720303|231F0000|0|0|0|0|0|0|0|0|0|0|0|0|0|0|2726587|12889320|10000|10000|0|1000|100.4196|100.328|0|0.016155|74210|106478|10000|10000|0|1000|100.6122|99.58058|0|-1.166573|00008D98|0|0af283a01c9888d7ed95aaf27b71c3cc
22|2021-09-26T12:08:14.8810000+01:00|1068703B|Tomo Uchuu|3E88|Fan Dance II|40011DEA|Liquid Hand|720203|16F40000|0|0|0|0|0|0|0|0|0|0|0|0|0|0|2814346|12889320|10000|10000|0|1000|97.64246|100.267|0|-1.673359|74210|106478|10000|10000|0|1000|100.6122|99.58058|0|-1.166573|00008D98|1|8080da94b0cfc8a60d79e7a62be81521
38|2021-09-26T12:08:14.8810000+01:00|1057B8A2|Alex Knightfall|0050501C|66199|97285|3574|10000|9|0|98.86234|97.04312|0|1.823067|94AB|31|0|0A016D|41F00000|E0000000|1E016C|41F00000|E0000000|28FE0030|44D56F49|1057B8A2|0129|41EFA5E3|1057B8A2|0|0|0|04B4|416FCEC5|1057B8A2|0344|40D578F5|10675739|08AA|402ED90B|107629AA|020130|0|1057B8A2|0798|41404DDB|1057B8A2|012B|402ED90B|1057B8A2|0401|3F939584|40011D78||2795d0b722589e0d2220d0ee7593b934
31|2021-09-26T12:08:14.8810000+01:00|1068703B|5A0326|00|1057B800|344|0a69df2f237ae3de5d613ec34f816673
37|2021-09-26T12:08:14.9690000+01:00|40011D69|Living Liquid|00008D92|2707890|12889320|10000|10000|0||100.4196|100.328|0|0.016155||a75df57fb4dd8b45e654d689b281a765
21|2021-09-26T12:08:14.9700000+01:00|107ABEEC|Greiyan Fletz|07|Attack|40011D69|Living Liquid|710203|14160000|0|0|0|0|0|0|0|0|0|0|0|0|0|0|2707890|12889320|10000|10000|0|1000|100.4196|100.328|0|0.016155|74656|106544|10000|10000|0|1000|101.5183|95.90283|0|-1.802024|00008D99|0|3712e48e9279e133e21dedd34e91360b
37|2021-09-26T12:08:15.0150000+01:00|10752D6C|Volkon Vysk|00008D8E|132099|152511|10000|10000|6||95.57976|100.2738|-0.0007661001|1.579974|2501|0|0|01|030005A9|0|41F00000|1057B8A2||413bfcf61a6709e1a1b085f1e93eccad
26|2021-09-26T12:08:15.0150000+01:00|129|Galvanize|30.00|1057B8A2|Alex Knightfall|10752D6C|Volkon Vysk|00|152511|97285||4460204b6f55b7a131e97a6c55b576e7
21|2021-09-26T12:08:15.0150000+01:00|40011DEA|Liquid Hand|4979|Unknown_4979|10752D6C|Volkon Vysk|730003|618C0400|0|0|0|0|0|0|0|0|0|0|0|0|0|0|124280|152511|10000|10000|0|1000|95.57976|100.2738|-0.0007661001|1.579974|2814346|12889320|10000|10000|0|1000|97.64246|100.267|0|-1.619949|00008D9A|0|521f97c901fb7593417f09985965ee1d
38|2021-09-26T12:08:15.0150000+01:00|10752D6C|Volkon Vysk|00505025|132099|152511|10000|10000|6|0|95.57976|100.2738|-0.0007661001|1.579974|9598|31|0|14016A|41F00000|E0000000|0A0168|41F00000|E0000000|28FD0030|45101A8B|10752D6C|0129|41EFA1CB|1057B8A2|08AA|40263534|107629AA|012B|4029061A|1057B8A2|0|0|0|0|0|0|0727|414EABFC|10752D6C|0|0|0|0344|40D9B24D|10675739|0|0|0|0|0|0|0|0|0|0|0|0|0729|0|10752D6C||1b992a85ce999743405435ed87e8c0bb
21|2021-09-26T12:08:15.1040000+01:00|40011D69|Living Liquid|4978|Unknown_4978|1075A2E4|Niru Summers|730003|7CDA0000|0|0|0|0|0|0|0|0|0|0|0|0|0|0|153077|153077|10000|10000|0|1000|100.5042|103.7182|-0.01531982|-2.891861|2707890|12889320|10000|10000|0|1000|100.4196|100.328|0|0.016155|00008D9B|0|4b6859e1ef03fb5b22ea3f0a0183348f
37|2021-09-26T12:08:15.1480000+01:00|107401EC|Raesa Velan|00008D8E|70181|96887|10000|10000|10||99.8018|95.92524|-0.0009472744|-0.3747144|1902|0|0|01|030005A9|0|41F00000|1057B8A2||2b9a67855acf39c705d57c6e84aea194
26|2021-09-26T12:08:15.1480000+01:00|129|Galvanize|30.00|1057B8A2|Alex Knightfall|107401EC|Raesa Velan|00|96887|97285||0222c853ee1945ea246c0c44931f7dfa
38|2021-09-26T12:08:15.1480000+01:00|107401EC|Raesa Velan|00505019|70181|96887|10000|10000|10|0|99.8018|95.92524|-0.0009472744|-0.3747144|9598|31|0|0A016D|41F00000|E0000000|0A0168|41F00000|E0000000|29020030|45921E0E|107401EC|0129|41EFA3D7|1057B8A2|08AA|401AD0DA|107629AA|0|0|0|A4|4124041D|107401EC|0344|40C45208|10675739|0|0|0|012B|401DB221|1057B8A2|0401|3F628F62|40011D79||996de7b2c2aa6b9077b4e3db6376c46e
37|2021-09-26T12:08:15.1920000+01:00|40011D69|Living Liquid|00008D97|2701937|12889320|10000|10000|0||100.4196|100.328|0|0.016155||e0221a60a8dea12e618781443879e95a
20|2021-09-26T12:08:15.1930000+01:00|107ABEEC|Greiyan Fletz|1D40|Tenka Goken|40011D69|Living Liquid|1.30|101.5183|95.90283|0|-1.802024||6a63b935876315af229c5bdd6bb9d9c1
37|2021-09-26T12:08:15.2370000+01:00|40011DEA|Liquid Hand|00008D96|2805922|12889320|10000|10000|0||97.64246|100.267|0|-1.390795||7b857ee5a518c49c5f5a40b7698820dc
21|2021-09-26T12:08:15.2370000+01:00|10752D6C|Volkon Vysk|3F14|Nebula|10752D6C|Volkon Vysk|E20E|72A0000|0|0|0|0|0|0|0|0|0|0|0|0|0|0|132099|152511|10000|10000|0|1000|95.66522|100.6979|-0.001813539|1.75153|132099|152511|10000|10000|0|1000|95.66522|100.6979|-0.001813539|1.75153|00008D9C|0|469c0c800023ce71aab1fb2cceb70943
37|2021-09-26T12:08:15.2820000+01:00|10675739|Jasy Heavensong|00008D8E|72354|97086|9708|10000|9||98.89478|98.30606|0|2.888758|2103|0|0|01|020005A9|0|41F00000|1057B8A2||61de596ec62479e4eb80d0ded49bafa6
26|2021-09-26T12:08:15.2820000+01:00|129|Galvanize|30.00|1057B8A2|Alex Knightfall|10675739|Jasy Heavensong|00|97086|97285||836c363bc5751fe85c47f8defe2ba07e
38|2021-09-26T12:08:15.2820000+01:00|10675739|Jasy Heavensong|00505021|72354|97086|9708|10000|9|0|98.89478|98.30606|0|2.888758|9598|31|0|0A0168|41F00000|E0000000|0F016B|41F00000|E0000000|0129|41EFA5E3|1057B8A2|28FE0030|450EC66A|10675739|04C8|3FCA7ED6|10675739|08AA|40152F0F|107629AA|0394|0|10675739|0347|0|10675739|0|0|0|012B|4017FFF5|1057B8A2|0401|3F408318|40011D77|0344|40B33B7C|10675739||64b8740bbadb593ec19bc4ba61048af9
37|2021-09-26T12:08:15.3260000+01:00|40011DEA|Liquid Hand|00008D97|2800090|12889320|10000|10000|0||97.64246|100.267|0|-1.30408|01|0|0|0||0e4b9ff29526f2564f1294483d7abda8
37|2021-09-26T12:08:15.4160000+01:00|40011D69|Living Liquid|00008D98|2692946|12889320|10000|10000|0||100.4196|100.328|0|-0.003720203||c3a2ffaa9510a09dda57ea7908d6f918
37|2021-09-26T12:08:15.4160000+01:00|1068703B|Tomo Uchuu|00008D8E|81964|106478|10000|10000|9||99.82726|99.59013|0|-0.8649793|2604|0|0|01|040005A9|0|41F00000|1057B8A2||225163100fe97771f733c805b4bbcf7c
26|2021-09-26T12:08:15.4160000+01:00|129|Galvanize|30.00|1057B8A2|Alex Knightfall|1068703B|Tomo Uchuu|00|106478|97285||eb18ec35055ca0c324fb037513fa02ff
38|2021-09-26T12:08:15.4160000+01:00|1068703B|Tomo Uchuu|00505026|81964|106478|10000|10000|9|0|99.82726|99.59013|0|-0.8649793|9598|31|0|14016A|41F00000|E0000000|0A0168|41F00000|E0000000|071F|42700000|1068703B|28FE0030|450F707F|1068703B|0129|41EFA3D7|1057B8A2|08AA|400C8B37|107629AA|012B|400F5C1D|1057B8A2|071D|4244B284|1068703B|0737|4244B284|1068703B|0401|3F1DF3BB|40011D7A|0|0|0|0719|413FBA53|1068703B|0344|40C0001C|10675739||c2eb562b8393f55bd6e6ac9bcc884661
24|2021-09-26T12:08:15.4610000+01:00|10675739|Jasy Heavensong|HoT|0|1388|72354|97086|9708|10000|0|1000|98.83205|98.17898|-0.0008304061|3.019648||cb606c879f7d27dfe75997cb15dfc313
24|2021-09-26T12:08:15.4610000+01:00|10752D6C|Volkon Vysk|HoT|0|153A|132099|152511|10000|10000|0|1000|95.71985|100.9689|-0.01531982|1.861179||ca5807acfa9e20453824a2d082807149
24|2021-09-26T12:08:15.4610000+01:00|1075A2E4|Niru Summers|HoT|0|1538|153077|153077|10000|10000|0|1000|100.3082|103.4837|-0.01531982|-2.973167||b82343d83d4e1e84256ae4033e9ab638
21|2021-09-26T12:08:15.4610000+01:00|10675739|Jasy Heavensong|1133|The Spear|107ABEEC|Greiyan Fletz|60E|75D0000|33D|F18000|0|0|0|0|0|0|0|0|0|0|0|0|74656|106544|10000|10000|0|1000|101.5183|95.90283|0|-1.259052|72354|97086|9708|10000|0|1000|98.83205|98.17898|-0.0008304061|3.019648|00008D9D|0|c0f8b92b5d0a996fac407d906cb1a1ca
21|2021-09-26T12:08:15.4610000+01:00|1075A2E4|Niru Summers|1CDB|Upheaval|40011D69|Living Liquid|710103|4D300000|0|0|0|0|0|0|0|0|0|0|0|0|0|0|2701937|12889320|10000|10000|0|1000|100.4196|100.328|0|-0.003720203|153077|153077|10000|10000|0|1000|100.3082|103.4837|-0.01531982|-2.973167|00008D9E|0|c5e5c94cfc83a60b85bc09dd32c76fa4
38|2021-09-26T12:08:15.4610000+01:00|10675739|Jasy Heavensong|00505021|77354|97086|9708|10000|9|0|98.83205|98.17898|-0.0008304061|3.019648|9598|31|0|0A0168|41F00000|E0000000|0F016B|41F00000|E0000000|0129|41EE374B|1057B8A2|28FE0030|450EC38E|10675739|04C8|3FB3955E|10675739|08AA|4009BA52|107629AA|0|0|0|0347|0|10675739|0|0|0|012B|400C8B38|1057B8A2|0401|3F12B026|40011D77|0344|40AD811D|10675739||ec25166cd7dbcf64f03f954c662a7563
30|2021-09-26T12:08:15.4610000+01:00|394|Spear Drawn|0.00|10675739|Jasy Heavensong|10675739|Jasy Heavensong|00|97086|97086||e3b58b33c6dd9c51a3be29797ba75d9e
38|2021-09-26T12:08:15.4610000+01:00|10752D6C|Volkon Vysk|00505025|137533|152511|10000|10000|6|0|95.71985|100.9689|-0.01531982|1.861179|9598|31|0|14016A|41F00000|E0000000|0A0168|41F00000|E0000000|28FD0030|4510136F|10752D6C|0129|41EC126E|1057B8A2|08AA|4009BA52|107629AA|012B|400C8B38|1057B8A2|0|0|0|0|0|0|0727|41478D44|10752D6C|0|0|0|0344|40CB74DA|10675739|0|0|0|0|0|0|0|0|0|0|0|0|0729|0|10752D6C||31a2e74720deb6257711fa66902418ce
38|2021-09-26T12:08:15.4610000+01:00|1075A2E4|Niru Summers|00505015|153077|153077|10000|10000|0|0|100.3082|103.4837|-0.01531982|-2.973167|9598|31|0|0A016D|41F00000|E0000000|0A0168|41F00000|E0000000|5B|0|1075A2E4|28FD0030|451031FB|1075A2E4|04C7|42700000|40011E12|0344|40C73352|10675739|012B|4009BA52|1057B8A2|08AA|4006D90B|107629AA|0|0|0|5A|426CF7D5|1075A2E4||126dfea9652fb6ce54b0deb80c364177
37|2021-09-26T12:08:15.5040000+01:00|40011D69|Living Liquid|00008D99|2687804|12889320|10000|10000|0||100.4196|100.328|0|-0.003720203||a31060f29e1382ecda48da0f3d837d78
37|2021-09-26T12:08:15.5500000+01:00|40011DEA|Liquid Hand|00008D98|2794214|12889320|10000|10000|0||97.64246|100.267|0|-1.220252|01|0|0|0||6abdb2fbeb31b6b3c511a8e7e546302a
37|2021-09-26T12:08:15.5500000+01:00|107ABEEC|Greiyan Fletz|00008D8E|82369|106544|10000|10000|9||101.5183|95.90283|0|-0.836487|2205|0|0|01|0C0005A9|0|41F00000|1057B8A2||2f127538f3ff35f2afb79a2f2e750589
26|2021-09-26T12:08:15.5500000+01:00|129|Galvanize|30.00|1057B8A2|Alex Knightfall|107ABEEC|Greiyan Fletz|00|106544|97285||3324eab96a8027124f6587baee0020e4
37|2021-09-26T12:08:15.5500000+01:00|10752D6C|Volkon Vysk|00008D9A|112561|152511|10000|10000|0||95.71985|100.9689|0|1.861179|2500|0|0|01|03000480|0|0|E0000000||a29ace687f8fe5e87378fc9d30e91b13
24|2021-09-26T12:08:15.5500000+01:00|1068703B|Tomo Uchuu|HoT|0|1522|81964|106478|10000|10000|0|1000|99.82726|99.59013|0|-0.7728262||c573d8800c4203f869bcf0b289a0fa96
38|2021-09-26T12:08:15.5500000+01:00|1068703B|Tomo Uchuu|00505026|87374|106478|10000|10000|9|0|99.82726|99.59013|0|-0.7728262|94AB|31|0|14016A|41F00000|E0000000|0A0168|41F00000|E0000000|071F|42700000|1068703B|28FE0030|450F6E5F|1068703B|0129|41EE9374|1057B8A2|08AA|40040825|107629AA|012B|4006D90B|1057B8A2|071D|42442A54|1068703B|0737|42442A54|1068703B|0401|3EF7CEE3|40011D7A|0|0|0|0719|413D998F|1068703B|0344|40BBBE92|10675739||29dafaea15038c672608fadd1b195de1
38|2021-09-26T12:08:15.5500000+01:00|10752D6C|Volkon Vysk|00505025|112561|152511|10000|10000|0|0|95.71985|100.9689|0|1.861179|94AB|31|0|14016A|41F00000|E0000000|0A0168|41F00000|E0000000|28FD0030|45101203|10752D6C|0|0|0|08AA|40040825|107629AA|012B|4006D90B|1057B8A2|0|0|0|0|0|0|0727|414620B9|10752D6C|0|0|0|0344|40C89BC3|10675739|0|0|0|0|0|0|0|0|0|0|0|0|0729|0|10752D6C||08c40d7a0f5c0929a79eea70ee06bd30
30|2021-09-26T12:08:15.5500000+01:00|129|Galvanize|0.00|1057B8A2|Alex Knightfall|10752D6C|Volkon Vysk|00|152511|97285||179c8ac0d56edc00e656dbe52407e23f
38|2021-09-26T12:08:15.5500000+01:00|107ABEEC|Greiyan Fletz|00505022|82369|106544|10000|10000|9|0|101.5183|95.90283|0|-0.836487|94AB|31|0|0720|42700000|1068703B|14016A|41F00000|E0000000|0A0168|41F00000|E0000000|28FE0030|450EC892|107ABEEC|04E2|3E1DB115|107ABEEC|0204D1|413CBC73|107ABEEC|012B|40040825|1057B8A2|0839|42442A54|1068703B|0737|42442A54|1068703B|08AA|400126DE|107629AA|0513|41B9480B|107ABEEC|04CD|410E2D11|107ABEEC|0129|41EFA5E3|1057B8A2|0344|40B3334C|10675739|0|0|0|0|0|0|0512|40C0098B|107ABEEC||35167ed941c48c1adbdbdbae7302fbdb
24|2021-09-26T12:08:15.5950000+01:00|107629AA|Joeson Lmoa|HoT|0|13DF|74707|106059|10000|10000|0|1000|99.84296|96.78012|-0.01531982|-1.147638||064bd7db868afea5549c257cdf82e6ec
38|2021-09-26T12:08:15.5950000+01:00|40011E12|Eos|00505000|92601|92601|10000|10000|0|0|100.1449|100.0533|0|0.1074281|94AB|31|0|28FE0030|44D5586F|1057B8A2|08AA|40A00000|107629AA|0|0|0|9604C6|0|40011E12||0898e6d84fd8037488ff1d875865e7e3
26|2021-09-26T12:08:15.5950000+01:00|8aa|Army's Paeon|5.00|107629AA|Joeson Lmoa|40011E12|Eos|00|92601|106059||be961158395833b4b04ea310be5bb670
38|2021-09-26T12:08:15.5950000+01:00|10675739|Jasy Heavensong|00505021|77354|97086|9708|10000|9|0|98.75751|98.04135|0|2.884819|94AB|31|0|0A0168|41F00000|E0000000|0F016B|41F00000|E0000000|0129|41ED24DC|1057B8A2|28FE0030|450EC16A|10675739|04C8|3FA26E75|10675739|08AA|40A00000|107629AA|0|0|0|0347|0|10675739|0|0|0|012B|4003F7C3|1057B8A2|0401|3EE0C4A6|40011D77|0344|40A93762|10675739||080b1c3ae763fdb91e53b1c0a7531110
26|2021-09-26T12:08:15.5950000+01:00|8aa|Army's Paeon|5.00|107629AA|Joeson Lmoa|10675739|Jasy Heavensong|00|97086|106059||86ed7bfc74c25100fe332fc25e001b33
38|2021-09-26T12:08:15.5950000+01:00|1068703B|Tomo Uchuu|00505026|87374|106478|10000|10000|9|0|99.82726|99.59013|0|-0.7728262|94AB|31|0|14016A|41F00000|E0000000|0A0168|41F00000|E0000000|071F|42700000|1068703B|28FE0030|450F6DA7|1068703B|0129|41EE374B|1057B8A2|08AA|40A00000|107629AA|012B|4003F7C3|1057B8A2|071D|4243FC40|1068703B|0737|4243FC40|1068703B|0401|3EE0C4A6|40011D7A|0|0|0|0719|413CE13D|1068703B|0344|40BA4DEE|10675739||583e548430595a16673c80ce4d4d7782
26|2021-09-26T12:08:15.5950000+01:00|8aa|Army's Paeon|5.00|107629AA|Joeson Lmoa|1068703B|Tomo Uchuu|00|106478|106059||b4f3b18226beb816a240c70c823af2a6
38|2021-09-26T12:08:15.5950000+01:00|40011E3B|Earthly Star|00505000|92424|92424|10000|10000|0|0|99.06918|99.95715|0|-0.6909251|94AB|31|0|28FE0030|450EC16A|10675739|08AA|40A00000|107629AA||fe57ca16e8456b5ff3a038a2d7d933fe
26|2021-09-26T12:08:15.5950000+01:00|8aa|Army's Paeon|5.00|107629AA|Joeson Lmoa|40011E3B|Earthly Star|00|92424|106059||42be7a05b5eb8a5dd576e2339c836227
38|2021-09-26T12:08:15.5950000+01:00|10752D6C|Volkon Vysk|00505025|112561|152511|10000|10000|0|0|95.71985|100.9689|0|1.861179|94AB|31|0|14016A|41F00000|E0000000|0A0168|41F00000|E0000000|28FD0030|4510114B|10752D6C|0|0|0|08AA|40A00000|107629AA|012B|4003F7C3|1057B8A2|0|0|0|0|0|0|0727|41456867|10752D6C|0|0|0|0344|40C72B1F|10675739|0|0|0|0|0|0|0|0|0|0|0|0|0729|0|10752D6C||39d34c5c568c8ac4495b6a602439e93a
26|2021-09-26T12:08:15.5950000+01:00|8aa|Army's Paeon|5.00|107629AA|Joeson Lmoa|10752D6C|Volkon Vysk|00|152511|106059||add55b906bc0099d35272d6fc88d0600
38|2021-09-26T12:08:15.5950000+01:00|1057B8A2|Alex Knightfall|0050501C|66199|97285|3574|10000|9|0|99.56506|96.57422|0|0.2182598|94AB|31|0|0A016D|41F00000|E0000000|1E016C|41F00000|E0000000|28FE0030|44D5586F|1057B8A2|0129|41E9EF9C|1057B8A2|0|0|0|04B4|4164623B|1057B8A2|0344|40BE9FDB|10675739|08AA|40A00000|107629AA|020130|0|1057B8A2|0798|4134E151|1057B8A2|012B|400126DD|1057B8A2|0401|3EE0C4A6|40011D78||b1a6b8a43f38b5317ccda46876d14efa
26|2021-09-26T12:08:15.5950000+01:00|8aa|Army's Paeon|5.00|107629AA|Joeson Lmoa|1057B8A2|Alex Knightfall|00|97285|106059||b275dc203638ca27d5f5cb33bf47ad4b
38|2021-09-26T12:08:15.5950000+01:00|107629AA|Joeson Lmoa|00505017|79794|106059|10000|10000|0|0|99.84296|96.78012|-0.01531982|-1.147638|94AB|31|0|0A016D|41F00000|E0000000|0A0168|41F00000|E0000000|28FE0030|450EC4FA|107629AA|0|0|0|0|0|0|0|0|0|0|0|0|0|0|0|0344|40AD78EB|10675739||b2e1bcdd74dc68353f95df18f9f8e2cb
38|2021-09-26T12:08:15.5950000+01:00|1075A2E4|Niru Summers|00505015|153077|153077|10000|10000|0|0|100.2662|103.4334|-0.001339941|3.057031|94AB|31|0|0A016D|41F00000|E0000000|0A0168|41F00000|E0000000|5B|0|1075A2E4|28FD0030|45102FD7|1075A2E4|04C7|42700000|40011E12|0344|40C2E997|10675739|012B|400126DD|1057B8A2|08AA|409E8F5C|107629AA|0|0|0|5A|426C6E9F|1075A2E4||dda13ab9fe42619dceefb6b2e5bc8514
26|2021-09-26T12:08:15.5950000+01:00|8aa|Army's Paeon|4.96|107629AA|Joeson Lmoa|1075A2E4|Niru Summers|00|153077|106059||7a69e60f01a16d45827a75f7ff889292
38|2021-09-26T12:08:15.5950000+01:00|107ABEEC|Greiyan Fletz|00505022|82369|106544|10000|10000|9|0|101.5183|95.90283|0|-0.836487|94AB|31|0|0720|42700000|1068703B|14016A|41F00000|E0000000|0A0168|41F00000|E0000000|28FE0030|450EC7DA|107ABEEC|04E2|3DDF3934|107ABEEC|0204D1|413C0421|107ABEEC|012B|400126DD|1057B8A2|0839|4243FC40|1068703B|0737|4243FC40|1068703B|08AA|409E8F5C|107629AA|0513|41B8EBE2|107ABEEC|04CD|410D74BF|107ABEEC|0129|41EF49BA|1057B8A2|0344|40B1C2A8|10675739|0|0|0|0|0|0|0512|40BE98E7|107ABEEC||c2da7c7aeb9979c58f6f3b8d54f6ff02
26|2021-09-26T12:08:15.5950000+01:00|8aa|Army's Paeon|4.96|107629AA|Joeson Lmoa|107ABEEC|Greiyan Fletz|00|106544|106059||c552d66a6ccc02263a11a92d82cea7c1
38|2021-09-26T12:08:15.5950000+01:00|107401EC|Raesa Velan|00505019|70181|96887|10000|10000|10|0|99.53899|95.69325|-0.01279889|-0.2393417|94AB|31|0|0A016D|41F00000|E0000000|0A0168|41F00000|E0000000|29020030|45921A7E|107401EC|0129|41EC126D|1057B8A2|08AA|409E8F5C|107629AA|0|0|0|A4|411CE14D|107401EC|0344|40B60C64|10675739|0|0|0|012B|400126DD|1057B8A2|0401|3EE0C4A6|40011D79||14892606b1a8db24a69309b4e8888321
26|2021-09-26T12:08:15.5950000+01:00|8aa|Army's Paeon|4.96|107629AA|Joeson Lmoa|107401EC|Raesa Velan|00|96887|106059||0721bb9ec669a1027116706501d5d906
37|2021-09-26T12:08:15.6390000+01:00|1075A2E4|Niru Summers|00008D9B|121115|153077|10000|10000|0||100.2662|103.4334|-0.001339941|3.057031|1500|0|0|0||c82b8bbdbb9cf05eddd0bfd196cf90e6
24|2021-09-26T12:08:15.6390000+01:00|107ABEEC|Greiyan Fletz|HoT|0|1377|74656|106544|10000|10000|0|1000|101.5183|95.90283|0|-0.836487||87d1e565034e2bfb4cce68f4c0b4c22d
38|2021-09-26T12:08:15.6390000+01:00|107ABEEC|Greiyan Fletz|00505022|87352|106544|10000|10000|9|0|101.5183|95.90283|0|-0.836487|94AB|31|0|0720|42700000|1068703B|14016A|41F00000|E0000000|0A0168|41F00000|E0000000|28FE0030|450EC726|107ABEEC|04E2|3D851C88|107ABEEC|0204D1|413B4FE8|107ABEEC|012B|3FFCABEF|1057B8A2|0839|4243CF32|1068703B|0737|4243CF32|1068703B|08AA|409D26E9|107629AA|0513|41B891C5|107ABEEC|04CD|410CC086|107ABEEC|0129|41EEEF9D|1057B8A2|0344|40B05A35|10675739|0|0|0|0|0|0|0512|40BD3074|107ABEEC||ea76eea10c433af87fc14982c11ce076
37|2021-09-26T12:08:15.6840000+01:00|107629AA|Joeson Lmoa|00008D8E|92055|106059|10000|10000|14||99.86636|96.70944|-0.0008576266|-1.784826|1706|0|0|01|030005A9|0|41F00000|1057B8A2||1f55745158f916f64e843189a8acc24b
26|2021-09-26T12:08:15.6840000+01:00|129|Galvanize|30.00|1057B8A2|Alex Knightfall|107629AA|Joeson Lmoa|00|106059|97285||8708a30bdd7bcf4c60d610d2c1586f33
24|2021-09-26T12:08:15.6840000+01:00|1075A2E4|Niru Summers|HoT|798|110B|121115|153077|10000|10000|0|1000|100.2309|103.3912|0|3.057031||b66ddfd89093e8da8e4918dd48ea5b2e
24|2021-09-26T12:08:15.6840000+01:00|1068703B|Tomo Uchuu|HoT|798|1198|87374|106478|10000|10000|0|1000|99.82726|99.59013|0|-0.6785784||ded83e2cce412e6f5bba5dd17d87e2c1
24|2021-09-26T12:08:15.6840000+01:00|10675739|Jasy Heavensong|HoT|798|10B5|77354|97086|9708|10000|0|1000|98.69949|97.93423|-0.001853628|2.660129||605ce5e848f787106bf4de2dfcc0ed1e
24|2021-09-26T12:08:15.6840000+01:00|10752D6C|Volkon Vysk|HoT|798|10B1|112561|152511|10000|10000|0|1000|95.71985|100.9689|-0.01531982|1.861179||cd0fa7642dadfe9e950f3251f822ad4b
24|2021-09-26T12:08:15.6840000+01:00|107629AA|Joeson Lmoa|HoT|798|1096|79794|106059|10000|10000|0|1000|99.86636|96.70944|-0.0008576266|-1.784826||740e0e6b945f321e970c49acc0dbf74b
24|2021-09-26T12:08:15.6840000+01:00|1057B8A2|Alex Knightfall|HoT|798|1174|66199|97285|3574|10000|0|1000|99.56506|96.57422|0|0.2182598||213be82c336c9bcd4c51f050f51eaef1
24|2021-09-26T12:08:15.6840000+01:00|107ABEEC|Greiyan Fletz|HoT|798|1B55|87352|106544|10000|10000|0|1000|101.5183|95.90283|0|-0.5350813||e2bcb480375558ac166b78c40f45e114
24|2021-09-26T12:08:15.6840000+01:00|107401EC|Raesa Velan|HoT|798|1B3A|70181|96887|10000|10000|0|1000|99.53455|95.68933|0|-0.2370517||d3af9d80b7f7793675db9ce3619c959f
24|2021-09-26T12:08:15.6840000+01:00|1057B8A2|Alex Knightfall|HoT|0|1F1C|66199|97285|3574|10000|0|1000|99.56506|96.57422|0|0.2182598||38fe9c173ccc494d528bc2d509ddc467
38|2021-09-26T12:08:15.6840000+01:00|10675739|Jasy Heavensong|00505021|81631|97086|9708|10000|9|0|98.69949|97.93423|-0.001853628|2.660129|0|0|0|0A0168|41F00000|E0000000|0F016B|41F00000|E0000000|0129|41EC6E96|1057B8A2|28FE0030|450EBFFE|10675739|04C8|3F970A1B|10675739|08AA|409D26E9|107629AA|0|0|0|0347|0|10675739|0|0|0|012B|40A00000|1057B8A2|0401|3EB3333E|40011D77|0344|40A65E4B|10675739||1bdcccec01993f742ac0b7aaf83661fd
26|2021-09-26T12:08:15.6840000+01:00|12b|Sacred Soil|5.00|1057B8A2|Alex Knightfall|10675739|Jasy Heavensong|00|97086|97285||4bccb48b712ab3e02743d02d1a7ba292
38|2021-09-26T12:08:15.6840000+01:00|1068703B|Tomo Uchuu|00505026|91878|106478|10000|10000|9|0|99.82726|99.59013|0|-0.6785784|0|0|0|14016A|41F00000|E0000000|0A0168|41F00000|E0000000|071F|42700000|1068703B|28FE0030|450F6C3B|1068703B|0129|41ED8105|1057B8A2|08AA|409D26E9|107629AA|012B|40A00000|1057B8A2|071D|4243A11E|1068703B|0737|4243A11E|1068703B|0401|3EB3333E|40011D7A|0|0|0|0719|413B74B2|1068703B|0344|40B774D7|10675739||3364d2ebd1b139f865a538dc0a29c2f2
26|2021-09-26T12:08:15.6840000+01:00|71f|Closed Position|60.00|1068703B|Tomo Uchuu|1068703B|Tomo Uchuu|00|106478|106478||3a54a909878fbebb7fc85cca6e9c956b
26|2021-09-26T12:08:15.6840000+01:00|12b|Sacred Soil|5.00|1057B8A2|Alex Knightfall|1068703B|Tomo Uchuu|00|106478|97285||a666ffc9dffc3b7c35bb681484ccd2de
38|2021-09-26T12:08:15.6840000+01:00|10752D6C|Volkon Vysk|00505025|116834|152511|10000|10000|0|0|95.71985|100.9689|-0.01531982|1.861179|0|0|0|14016A|41F00000|E0000000|0A0168|41F00000|E0000000|28FD0030|45100FDF|10752D6C|0|0|0|08AA|409D26E9|107629AA|012B|40A00000|1057B8A2|0|0|0|0|0|0|0727|4143FBDC|10752D6C|0|0|0|0344|40C45208|10675739|0|0|0|0|0|0|0|0|0|0|0|0|0729|0|10752D6C||94a129d3991a5cc1fe00be6c45cc693e
26|2021-09-26T12:08:15.6840000+01:00|12b|Sacred Soil|5.00|1057B8A2|Alex Knightfall|10752D6C|Volkon Vysk|00|152511|97285||35300db11a3ba38ddc3ac59b7e033512
38|2021-09-26T12:08:15.6840000+01:00|1057B8A2|Alex Knightfall|0050501C|78631|97285|4074|10000|9|0|99.56506|96.57422|0|0.2182598|0|0|0|0A016D|41F00000|E0000000|1E016C|41F00000|E0000000|28FE0030|44D55596|1057B8A2|0129|41E93956|1057B8A2|0|0|0|04B4|4162F5B0|1057B8A2|0344|40BBC6C4|10675739|08AA|409D26E9|107629AA|020130|0|1057B8A2|0798|413374C6|1057B8A2|012B|409E8F5C|1057B8A2|0401|3EB3333E|40011D78||d55b901176cdbd21e18c9b52f9ad271a
26|2021-09-26T12:08:15.6840000+01:00|12b|Sacred Soil|4.96|1057B8A2|Alex Knightfall|1057B8A2|Alex Knightfall|00|97285|97285||ffc3620034c9eabe2bf9d70333829e08
38|2021-09-26T12:08:15.6840000+01:00|107629AA|Joeson Lmoa|00505017|96301|106059|10000|10000|14|0|99.86636|96.70944|-0.0008576266|-1.784826|0|0|0|0A016D|41F00000|E0000000|0A0168|41F00000|E0000000|28FE0030|450EC38E|107629AA|0129|41EFA3D7|1057B8A2|012B|409E8F5C|1057B8A2|0|0|0|0|0|0|0|0|0|0344|40AA9FD4|10675739||20fd4d8def662087e7a0d7e0b380bbfc
26|2021-09-26T12:08:15.6840000+01:00|12b|Sacred Soil|4.96|1057B8A2|Alex Knightfall|107629AA|Joeson Lmoa|00|106059|97285||a53f59b0f371042bdd08ba3789698b45
38|2021-09-26T12:08:15.6840000+01:00|1075A2E4|Niru Summers|00505015|125478|153077|10000|10000|0|0|100.2309|103.3912|0|3.057031|0|0|0|0A016D|41F00000|E0000000|0A0168|41F00000|E0000000|5B|0|1075A2E4|28FD0030|45102E6B|1075A2E4|04C7|42700000|40011E12|0344|40C01080|10675739|012B|409E8F5C|1057B8A2|08AA|409BB645|107629AA|0|0|0|5A|426C137D|1075A2E4||e121d8636eb83b30f9b919db27f50eea
26|2021-09-26T12:08:15.6840000+01:00|12b|Sacred Soil|4.96|1057B8A2|Alex Knightfall|1075A2E4|Niru Summers|00|153077|97285||548be3626ccc269413fe1d83248ece3f
38|2021-09-26T12:08:15.6840000+01:00|107ABEEC|Greiyan Fletz|00505022|94349|106544|10000|10000|9|0|101.5183|95.90283|0|-0.5350813|0|0|0|0720|42700000|1068703B|14016A|41F00000|E0000000|0A0168|41F00000|E0000000|28FE0030|450EC66E|107ABEEC|04E2|3CA3CE48|107ABEEC|0204D1|413A9796|107ABEEC|012B|409E8F5C|1057B8A2|0839|4243A11E|1068703B|0737|4243A11E|1068703B|08AA|409BB645|107629AA|0513|41B8359C|107ABEEC|04CD|410C0834|107ABEEC|0129|41EE9374|1057B8A2|0344|40AEE991|10675739|0|0|0|0|0|0|0512|40BBBFD0|107ABEEC||ec572d92fecb3cf65742bb677e4431de
26|2021-09-26T12:08:15.6840000+01:00|12b|Sacred Soil|4.96|1057B8A2|Alex Knightfall|107ABEEC|Greiyan Fletz|00|106544|97285||c5b1f56040e1d4d6bde891d1ce9db1e0
38|2021-09-26T12:08:15.6840000+01:00|107401EC|Raesa Velan|00505019|77151|96887|10000|10000|10|0|99.53455|95.68933|0|-0.2370517|0|0|0|0A016D|41F00000|E0000000|0A0168|41F00000|E0000000|29020030|459219C8|107401EC|0129|41EB5C27|1057B8A2|08AA|409BB645|107629AA|0|0|0|A4|411B74C2|107401EC|0344|40B3334D|10675739|0|0|0|012B|409E8F5C|1057B8A2|0401|3EB3333E|40011D79||e2e3bd32cf61267fb45c07d64c3f270f
26|2021-09-26T12:08:15.6840000+01:00|12b|Sacred Soil|4.96|1057B8A2|Alex Knightfall|107401EC|Raesa Velan|00|96887|97285||13e7279531faa702ad70effd6be6196e
37|2021-09-26T12:08:15.7280000+01:00|40011D69|Living Liquid|00008D93|2681105|12889320|10000|10000|0||100.4196|100.328|0|-0.07736029||51150d3d38b349597ee7036e1d840ccd
24|2021-09-26T12:08:15.7280000+01:00|107401EC|Raesa Velan|HoT|0|1360|82111|96887|10000|10000|0|1000|99.53455|95.68933|0|-0.2492287||2d45afa3e06a180f1f3ef5335ffe040b
20|2021-09-26T12:08:15.7280000+01:00|107401EC|Raesa Velan|98|Fire III|40011DEA|Liquid Hand|1.64|99.53455|95.68933|0|-0.2492287||be5248b9587b3c26ab4bcb401f5a1681
38|2021-09-26T12:08:15.7280000+01:00|107ABEEC|Greiyan Fletz|00505022|94349|106544|10000|10000|9|0|101.5183|95.90283|0|-0.264647|0|0|0|0720|42700000|1068703B|14016A|41F00000|E0000000|0A0168|41F00000|E0000000|28FE0030|450EC5BA|107ABEEC|0|0|0|0204D1|4139E35D|107ABEEC|012B|409D26E9|1057B8A2|0839|42437410|1068703B|0737|42437410|1068703B|08AA|409A4DD2|107629AA|0513|41B7DB7F|107ABEEC|04CD|410B53FB|107ABEEC|0129|41EE3957|1057B8A2|0344|40AD811E|10675739|0|0|0|0|0|0|0512|40BA575D|107ABEEC||9aece014159d5c1276b26093bb191010
30|2021-09-26T12:08:15.7280000+01:00|4e2|True North|0.00|107ABEEC|Greiyan Fletz|107ABEEC|Greiyan Fletz|00|106544|106544||a6d665353650fb882f86b8b9a94115ee
38|2021-09-26T12:08:15.7280000+01:00|107401EC|Raesa Velan|00505019|82111|96887|10000|10000|10|0|99.53455|95.68933|0|-0.2492287|0|0|0|0A016D|41F00000|E0000000|0A0168|41F00000|E0000000|29020030|4592196E|107401EC|0129|41EB020A|1057B8A2|08AA|409A4DD2|107629AA|0|0|0|A4|411AC089|107401EC|0344|40B1CADA|10675739|0|0|0|012B|409D26E9|1057B8A2|0401|3E9CAC13|40011D79||5a63e6ee823b0cd4e0151ab51b4f7850
37|2021-09-26T12:08:15.7730000+01:00|10752D6C|Volkon Vysk|00008D9C|116834|152511|10000|10000|0||95.71985|100.9689|0|1.861179|2500|0|0|01|03000BAA|0|41700000|10752D6C||8af484ea76949ba1638ec7f087fa40aa
26|2021-09-26T12:08:15.7730000+01:00|72a|Nebula|15.00|10752D6C|Volkon Vysk|10752D6C|Volkon Vysk|00|152511|152511||f9f95fdf0ddd80e8ccd78d37408b75e8
37|2021-09-26T12:08:15.8180000+01:00|1075A2E4|Niru Summers|00008D8E|133185|153077|10000|10000|6||100.19|103.3422|-0.004302389|3.057031|1507|0|0|01|080005A9|0|41F00000|1057B8A2||5a7c6603171b553bc646431c5e6646ea
26|2021-09-26T12:08:15.8180000+01:00|129|Galvanize|30.00|1057B8A2|Alex Knightfall|1075A2E4|Niru Summers|00|153077|97285||896e84b609e78c427ce5aad9fcc4771a
38|2021-09-26T12:08:15.8180000+01:00|1075A2E4|Niru Summers|00505015|133185|153077|10000|10000|6|0|100.19|103.3422|-0.004302389|3.057031|0|0|0|0A016D|41F00000|E0000000|0A0168|41F00000|E0000000|5B|0|1075A2E4|28FD0030|45102C47|1075A2E4|04C7|42700000|40011E12|0344|40BBC6C5|10675739|012B|409A45A1|1057B8A2|08AA|40976C8A|107629AA|0129|41EFA5E3|1057B8A2|5A|426B8A46|1075A2E4||51c5ad7b10a07522672e801ca4d9d792
37|2021-09-26T12:08:15.8620000+01:00|40011DEA|Liquid Hand|00008D93|2787806|12889320|10000|10000|0||97.64246|100.267|0|-1.220252|01|0|0|0||b99f45a250e8e84fe666baaa66ffbbd7
21|2021-09-26T12:08:15.8620000+01:00|107629AA|Joeson Lmoa|08|Shot|40011D69|Living Liquid|720203|11680000|0|0|0|0|0|0|0|0|0|0|0|0|0|0|2681105|12889320|10000|10000|0|1000|100.4196|100.328|0|-0.0863359|96301|106059|10000|10000|0|1000|99.90369|96.67881|-0.001254237|-2.1349|00008D9F|0|c3053f20538c3f19272ed3b9376a95b3
39|2021-09-26T12:08:15.9510000+01:00|40011E3B|Earthly Star|92424|92424|10000|10000|0|0|99.06918|99.95715|0|-0.6909251||541488d06a6cb9d95845c02f97c1f2f4
22|2021-09-26T12:08:15.9520000+01:00|107ABEEC|Greiyan Fletz|1D40|Tenka Goken|40011D69|Living Liquid|710103|89070000|13D|FF8000|0|0|0|0|0|0|0|0|0|0|0|0|2681105|12889320|10000|10000|0|1000|100.4196|100.328|0|-0.0863359|94349|106544|10000|10000|0|1000|101.5183|95.90283|0|-0.2489402|00008DA0|0|297ddc16f855aafaf3d98eaa7b88daf2
22|2021-09-26T12:08:15.9520000+01:00|107ABEEC|Greiyan Fletz|1D40|Tenka Goken|40011DEA|Liquid Hand|710203|71D80000|0|0|0|0|0|0|0|0|0|0|0|0|0|0|2787806|12889320|10000|10000|0|1000|97.64246|100.267|0|-1.220252|94349|106544|10000|10000|0|1000|101.5183|95.90283|0|-0.2489402|00008DA0|1|3b4aca023b7a3bfdc602df99440927f2
38|2021-09-26T12:08:15.9520000+01:00|107ABEEC|Greiyan Fletz|00505022|94349|106544|10000|10000|9|0|101.5183|95.90283|0|-0.2489402|0|0|0|0720|42700000|1068703B|14016A|41F00000|E0000000|0A0168|41F00000|E0000000|28FE0030|450EC226|107ABEEC|0|0|0|0204D1|41364DDD|107ABEEC|012B|4095FBE6|1057B8A2|0839|42428EB1|1068703B|0737|42428EB1|1068703B|08AA|409322CF|107629AA|0513|41B610BE|107ABEEC|0|0|0|0129|41EC6E96|1057B8A2|0344|40A6561B|10675739|0|0|0|0|0|0|0512|40B32C5A|107ABEEC||cb4b12bab04eff003987ef4d63b6a792
26|2021-09-26T12:08:15.9520000+01:00|720|Dance Partner|60.00|1068703B|Tomo Uchuu|107ABEEC|Greiyan Fletz|00|106544|106478||3b48f7962c60939321e31ae34d90a45e
30|2021-09-26T12:08:15.9520000+01:00|4cd|Kaiten|0.00|107ABEEC|Greiyan Fletz|107ABEEC|Greiyan Fletz|00|106544|106544||29fcd457c2719dd447695da5b42acf0f
38|2021-09-26T12:08:16.0410000+01:00|10675739|Jasy Heavensong|00505021|81631|97086|9708|10000|9|0|98.55798|97.67297|-0.01531982|2.112084|948D|31|0|0A0168|41F00000|E0000000|0F016B|41F00000|E0000000|0129|41E99372|1057B8A2|28FE0030|450EBA4A|10675739|04C8|3F52AFDA|10675739|08AA|4091BA5C|107629AA|0|0|0|0347|0|10675739|0|0|0|012B|40949373|1057B8A2|0|0|0|0344|409AF1BE|10675739||6c78d8902b643dda14d5828a84b4b93b
30|2021-09-26T12:08:16.0410000+01:00|401|Water Resistance Down II|0.00|40011D77|Living Liquid|10675739|Jasy Heavensong|00|97086|44||b2d5f3c6efdc1f519d8ce263a0214913
38|2021-09-26T12:08:16.0410000+01:00|1068703B|Tomo Uchuu|00505026|91878|106478|10000|10000|9|0|99.82726|99.59013|0|-0.5989909|948D|31|0|14016A|41F00000|E0000000|0A0168|41F00000|E0000000|071F|42700000|1068703B|28FE0030|450F6687|1068703B|0129|41EAA5E1|1057B8A2|08AA|4091BA5C|107629AA|012B|40949373|1057B8A2|071D|4242338F|1068703B|0737|4242338F|1068703B|0|0|0|0|0|0|0719|4135BE6E|1068703B|0344|40AC084A|10675739||2a0b4c1d91f4e66f2b350e279ea06e93
30|2021-09-26T12:08:16.0410000+01:00|401|Water Resistance Down II|0.00|40011D7A|Living Liquid|1068703B|Tomo Uchuu|00|106478|44||ef1a003f0f4b6d2b2dd34144738750b2
38|2021-09-26T12:08:16.0410000+01:00|1057B8A2|Alex Knightfall|0050501C|78631|97285|4074|10000|9|0|99.56506|96.57422|0|0.2182598|948D|31|0|0A016D|41F00000|E0000000|1E016C|41F00000|E0000000|28FE0030|44D54A2A|1057B8A2|0129|41E65E32|1057B8A2|0|0|0|04B4|415D3F6C|1057B8A2|0344|40B05A37|10675739|08AA|4091BA5C|107629AA|020130|0|1057B8A2|0798|412DBE82|1057B8A2|012B|409322CF|1057B8A2||3b1e7407a5762f4761705a2fa6c88ccc
30|2021-09-26T12:08:16.0410000+01:00|401|Water Resistance Down II|0.00|40011D78|Living Liquid|1057B8A2|Alex Knightfall|00|97285|44||3327c8b794c5f2f555b5fdc5a136487c
38|2021-09-26T12:08:16.0410000+01:00|107401EC|Raesa Velan|00505019|82111|96887|10000|10000|10|0|99.53455|95.68933|0|-0.328381|948D|31|0|0A016D|41F00000|E0000000|0A0168|41F00000|E0000000|29020030|459216EE|107401EC|0129|41E88103|1057B8A2|08AA|409049B8|107629AA|0|0|0|A4|4115BE7E|107401EC|0344|40A7C6C0|10675739|0|0|0|012B|409322CF|1057B8A2||547d57432d9be6e41d0f74d5e7462731
30|2021-09-26T12:08:16.0410000+01:00|401|Water Resistance Down II|0.00|40011D79|Living Liquid|107401EC|Raesa Velan|00|96887|44||a7bc8d9317ca919447c48d36fa23fdfd
37|2021-09-26T12:08:16.0850000+01:00|107ABEEC|Greiyan Fletz|00008D9D|94349|106544|10000|10000|9||101.5183|95.90283|0|-0.2489402|2200|0|0|01|04000BDD|0|41700000|10675739||a80c5551596092ea9059d5c8cf566812
26|2021-09-26T12:08:16.0850000+01:00|75d|The Spear|15.00|10675739|Jasy Heavensong|107ABEEC|Greiyan Fletz|00|106544|97086||4f309cf7832e70bb245ac44991939e76
37|2021-09-26T12:08:16.0850000+01:00|40011D69|Living Liquid|00008D9E|2661345|12889320|10000|10000|0||100.4196|100.328|0|-0.0863359||b5304af2b5ad4ed5cc0b420c5889ff5e
38|2021-09-26T12:08:16.0850000+01:00|107ABEEC|Greiyan Fletz|00505022|94349|106544|10000|10000|9|0|101.5183|95.90283|0|-0.2489402|948D|31|0|0720|42700000|1068703B|14016A|41F00000|E0000000|0A0168|41F00000|E0000000|28FE0030|450EC002|107ABEEC|075D|416F47AE|10675739|0204D1|41342900|107ABEEC|012B|4091B22B|1057B8A2|0839|4242057B|1068703B|0737|4242057B|1068703B|08AA|408ED914|107629AA|0513|41B4FE4F|107ABEEC|0|0|0|0129|41EB5C27|1057B8A2|0344|40A20C60|10675739|0|0|0|0|0|0|0512|40AEE29F|107ABEEC||adf1d7eee8f8076f2feab7e227d7c2b4
20|2021-09-26T12:08:16.1300000+01:00|10675739|Jasy Heavensong|40AB|Malefic IV|40011D69|Living Liquid|1.43|98.55798|97.67297|0|2.112084||2a4c76d92224dce6cc8477c55b85597a
22|2021-09-26T12:08:16.1300000+01:00|1068703B|Tomo Uchuu|3E7C|Bloodshower|40011D69|Living Liquid|720003|42650000|13D|EB8000|0|0|0|0|0|0|0|0|0|0|0|0|2661345|12889320|10000|10000|0|1000|100.4196|100.328|0|-0.0863359|91878|106478|10000|10000|0|1000|99.82726|99.59013|0|-0.6073685|00008DA1|0|12fbb090f55e39c7f67dd2ab738bbeaa
22|2021-09-26T12:08:16.1300000+01:00|1068703B|Tomo Uchuu|3E7C|Bloodshower|40011DEA|Liquid Hand|720203|27F90000|0|0|0|0|0|0|0|0|0|0|0|0|0|0|2787806|12889320|10000|10000|0|1000|97.64246|100.267|0|-1.220252|91878|106478|10000|10000|0|1000|99.82726|99.59013|0|-0.6073685|00008DA1|1|5edc04506ac762acbc66c5e2c336c558
38|2021-09-26T12:08:16.1300000+01:00|1068703B|Tomo Uchuu|00505026|91878|106478|10000|10000|9|0|99.82726|99.59013|0|-0.6073685|948D|31|0|14016A|41F00000|E0000000|0A0168|41F00000|E0000000|071F|42700000|1068703B|28FE0030|450F651B|1068703B|0129|41E9EF9B|1057B8A2|08AA|408EE145|107629AA|012B|4091BA5C|1057B8A2|071D|4241D86D|1068703B|0737|4241D86D|1068703B|0|0|0|0|0|0|0|0|0|0344|40A92F33|10675739||c97d920570064e067a52fc4259accc15
30|2021-09-26T12:08:16.1300000+01:00|719|Flourishing Shower|0.00|1068703B|Tomo Uchuu|1068703B|Tomo Uchuu|00|106478|106478||7b9e42e788b10e704a83fc715fc17e0d
31|2021-09-26T12:08:16.1300000+01:00|1068703B|5A0426|00|10762900|12B|0c508d0b663edba5501f8f530bb32425
21|2021-09-26T12:08:16.1740000+01:00|107629AA|Joeson Lmoa|DE8|Iron Jaws|40011D69|Living Liquid|720003|10500000|28C4EA0E|4B00000|28C4A60E|4B10000|0|0|0|0|0|0|0|0|0|0|2661345|12889320|10000|10000|0|1000|100.4196|100.328|0|-0.0863359|96301|106059|10000|10000|0|1000|99.92551|96.86172|-0.002581638|-0.4200902|00008DA2|0|992b48e4b403d20d0f865eef8dcd8d6a
21|2021-09-26T12:08:16.2190000+01:00|10752D6C|Volkon Vysk|3F16|Wicked Talon|40011DEA|Liquid Hand|710003|4FF30000|F|7348000|0|0|0|0|0|0|0|0|0|0|0|0|2787806|12889320|10000|10000|0|1000|97.64246|100.267|0|-1.220252|116834|152511|10000|10000|0|1000|95.52556|101.0257|0|1.861179|00008DA3|0|b9f529924cf5ebc745442836d6335ca0
38|2021-09-26T12:08:16.2190000+01:00|10752D6C|Volkon Vysk|00505025|116834|152511|10000|10000|0|0|95.52556|101.0257|0|1.861179|9598|31|0|14016A|41F00000|E0000000|0A0168|41F00000|E0000000|28FD0030|45100753|10752D6C|072A|416824DF|10752D6C|08AA|408C082E|107629AA|012B|408EE145|1057B8A2|0734|C1200000|10752D6C|0|0|0|0727|413B6C82|10752D6C|0|0|0|0344|40B3334D|10675739|0|0|0|0|0|0|0|0|0|0|0|0|0729|0|10752D6C||165a023fd6e732a02a94ef97d80ef486
26|2021-09-26T12:08:16.2190000+01:00|734|Ready To Gouge|10.00|10752D6C|Volkon Vysk|10752D6C|Volkon Vysk|00|152511|152511||7a3433c35ce13d60b59742905f62bc57
37|2021-09-26T12:08:16.6180000+01:00|40011D69|Living Liquid|00008D9F|2656889|12889320|10000|10000|0||100.4196|100.328|0|-0.0863359||a4b5eb6c0a620b7d46566dc1f8b6cabf
37|2021-09-26T12:08:16.6180000+01:00|40011D69|Living Liquid|00008DA0|2621810|12889320|10000|10000|0||100.4196|100.328|0|-0.0863359||edea0ec965d6ca882d08c7deede98484
21|2021-09-26T12:08:16.6180000+01:00|10752D6C|Volkon Vysk|07|Attack|40011DEA|Liquid Hand|710003|C990000|0|0|0|0|0|0|0|0|0|0|0|0|0|0|2787806|12889320|10000|10000|0|1000|97.64246|100.267|0|-1.220252|116834|152511|10000|10000|0|1000|94.97697|101.4484|-0.0008362121|1.91065|00008DA4|0|5e0144146ed1ee65cc6ad96649754126
35|2021-09-26T12:08:16.6620000+01:00|40011DEC|Liquid Rage|10752D6C|Volkon Vysk|0000|0000|0003|10752D6C|000F|0000||c30409ceec9e1b8614806bdf422b51f8
35|2021-09-26T12:08:16.6620000+01:00|40011DEB|Liquid Rage|1075A2E4|Niru Summers|0000|0000|0003|1075A2E4|000F|0000||ea0943c0043cb05e0f718c4e4187b0cb
24|2021-09-26T12:08:16.7070000+01:00|1075A2E4|Niru Summers|HoT|4C7|2C9C|133185|153077|10000|10000|0|1000|100.1449|103.4255|0|-3.129737||cc5865416565330dd98105683c4b3ede
38|2021-09-26T12:08:16.7070000+01:00|40011E12|Eos|00505000|92601|92601|10000|10000|0|0|100.1449|100.0533|0|0.1074281|0|0|0|28FE0030|44D534D3|1057B8A2|08AA|4078C491|107629AA||0198c6e8c96dd344678a7d66d39b07eb
30|2021-09-26T12:08:16.7070000+01:00|4c6|Fey Union|0.00|40011E12|Eos|40011E12|Eos|96|92601|92601||7076c7b71457c856d229b50e14be98c7
38|2021-09-26T12:08:16.7070000+01:00|1075A2E4|Niru Summers|00505015|144605|153077|10000|10000|6|0|100.1449|103.4255|0|-3.129737|0|0|0|0A016D|41F00000|E0000000|0A0168|41F00000|E0000000|5B|0|1075A2E4|28FD0030|45101E0F|1075A2E4|0|0|0|0344|409F4BDF|10675739|012B|407B9576|1057B8A2|08AA|4075E349|107629AA|0129|41E88727|1057B8A2|5A|4267FAF2|1075A2E4||9a29925f624a2a1c71254568cbe311e2
30|2021-09-26T12:08:16.7070000+01:00|4c7|Fey Union|0.00|40011E12|Eos|1075A2E4|Niru Summers|00|153077|92601||48d5398fbb7851e3ff60e9f09099ff5b
37|2021-09-26T12:08:16.7510000+01:00|40011DEA|Liquid Hand|00008DA0|2758662|12889320|10000|10000|0||97.64246|100.267|0|-1.161587|01|0|0|0||671224dd7d0a28efe56279bd3c921667
21|2021-09-26T12:08:16.7510000+01:00|1057B8A2|Alex Knightfall|409D|Broil III|40011D69|Living Liquid|750003|45F80000|1B|409D8000|0|0|0|0|0|0|0|0|0|0|0|0|2621810|12889320|10000|10000|0|1000|100.4196|100.328|0|-0.0863359|78631|97285|4074|10000|0|1000|99.56506|96.57422|0|0.2182598|00008DA5|0|88a9caf1303517f7e9960f480ef695aa
37|2021-09-26T12:08:16.7960000+01:00|40011D69|Living Liquid|00008DA1|2604813|12889320|10000|10000|0||100.4196|100.328|0|-0.0863359||554354549aa5604633ec27b8337d2616
37|2021-09-26T12:08:16.8410000+01:00|40011D69|Living Liquid|00008DA2|2600637|12889320|10000|10000|0||100.4196|100.328|0|-0.0863359|0|0|0|02|01000930|28|41F00000|107629AA|03003EF1|28|41F00000|107629AA||0f62ea440be2778fa52abc0f45aefa89
26|2021-09-26T12:08:16.8410000+01:00|4b0|Caustic Bite|30.00|107629AA|Joeson Lmoa|40011D69|Living Liquid|28|12889320|106059||b58696684ff1a748b93e38991ff09609
26|2021-09-26T12:08:16.8410000+01:00|4b1|Stormbite|30.00|107629AA|Joeson Lmoa|40011D69|Living Liquid|28|12889320|106059||adc3a60a833f839cbd886b425c846122
22|2021-09-26T12:08:16.8410000+01:00|1068703B|Tomo Uchuu|3E88|Fan Dance II|40011D69|Living Liquid|720003|11AF0000|0|0|0|0|0|0|0|0|0|0|0|0|0|0|2604813|12889320|10000|10000|0|1000|100.4196|100.328|0|-0.0863359|91878|106478|10000|10000|0|1000|99.82726|99.59013|0|-0.5927076|00008DA6|0|bf71bb32a9dff9cc4121ae39a3cd6d3d
22|2021-09-26T12:08:16.8410000+01:00|1068703B|Tomo Uchuu|3E88|Fan Dance II|40011DEA|Liquid Hand|720003|12140000|0|0|0|0|0|0|0|0|0|0|0|0|0|0|2758662|12889320|10000|10000|0|1000|97.64246|100.267|0|-1.093924|91878|106478|10000|10000|0|1000|99.82726|99.59013|0|-0.5927076|00008DA6|1|408aeca538d93024001bd5046ff0d307
21|2021-09-26T12:08:16.8410000+01:00|107401EC|Raesa Velan|98|Fire III|40011DEA|Liquid Hand|150203|39A20000|33D|438000|1B|988000|0|0|0|0|0|0|0|0|0|0|2758662|12889320|10000|10000|0|1000|97.64246|100.267|0|-1.093924|82111|96887|10000|10000|0|1000|99.53455|95.68933|0|-0.3935199|00008DA7|0|e8da1a770f45ed59a52720bab6d9f04a
31|2021-09-26T12:08:16.8410000+01:00|1068703B|5A0326|00|1998B100|7FC8|b86bf467818402d8f2a6c5ca24fdd220
38|2021-09-26T12:08:16.8850000+01:00|10675739|Jasy Heavensong|00505021|81631|97086|9708|10000|9|0|98.55798|97.67297|0|0.6086638|99C2|31|0|0A0168|41F00000|E0000000|0F016B|41F00000|E0000000|0129|41E2D0DF|1057B8A2|28FE0030|450EACCA|10675739|04E0|41200000|10675739|08AA|4070417F|107629AA|0|0|0|0347|0|10675739|0|0|0|012B|4075F3AC|1057B8A2|0|0|0|0344|40815820|10675739||85fa501a6a74be0bd14ef9d813b8b062
30|2021-09-26T12:08:16.8850000+01:00|4c8|Earthly Dominance|0.00|10675739|Jasy Heavensong|10675739|Jasy Heavensong|00|97086|97086||79b0b87dca6a367428577f39ea21c1c4
26|2021-09-26T12:08:16.8850000+01:00|4e0|Giant Dominance|10.00|10675739|Jasy Heavensong|10675739|Jasy Heavensong|00|97086|97086||bcae25161e097dcc468556a5985e710d
38|2021-09-26T12:08:16.8850000+01:00|10675739|Jasy Heavensong|00505021|81631|97086|9708|10000|9|0|98.55798|97.67297|0|0.6086638|0|0|0|0A0168|41F00000|E0000000|0F016B|41F00000|E0000000|0129|41E2D0DF|1057B8A2|28FE0030|450EACCA|10675739|04E0|41200000|10675739|08AA|406D6037|107629AA|0|0|0|0347|0|10675739|0|0|0|012B|40731264|1057B8A2|0|0|0|0344|407FCEF8|10675739||5a81880672d8f427b8d362bdecd124c0
37|2021-09-26T12:08:16.9290000+01:00|40011DEA|Liquid Hand|00008DA1|2748429|12889320|10000|10000|0||97.64246|100.267|0|-1.045382|01|0|0|0||e81e69ebb19fcf675f59372a4bdb19df
39|2021-09-26T12:08:16.9730000+01:00|10675739|Jasy Heavensong|82601|97086|9972|10000|0|0|98.55798|97.67297|0|0.6086638||f7c30ea6d320786d84dcfc7b0ef01b51
39|2021-09-26T12:08:16.9730000+01:00|10752D6C|Volkon Vysk|118359|152511|10000|10000|0|0|95.04846|102.037|0|1.91065||82f7a08f3c4a54c98b512f1da8c4255a
39|2021-09-26T12:08:16.9730000+01:00|1075A2E4|Niru Summers|146135|153077|10000|10000|0|0|100.1449|103.4364|-0.004302216|-3.12324||d70cf12e864e7fbc1d5fe08ae80dd9d7
24|2021-09-26T12:08:17.0190000+01:00|40011D69|Living Liquid|DoT|0|3B40|2600637|12889320|10000|10000|0|1000|100.4196|100.328|0|-0.0863359||e600717400b98204eea1157747a70cd1
21|2021-09-26T12:08:17.0190000+01:00|10675739|Jasy Heavensong|40AB|Malefic IV|40011D69|Living Liquid|750103|5A1E0000|1B|40AB8000|0|0|0|0|0|0|0|0|0|0|0|0|2600637|12889320|10000|10000|0|1000|100.4196|100.328|0|-0.0863359|82601|97086|9972|10000|0|1000|98.55798|97.67297|0|0.6086638|00008DA8|0|8bb08cf37c8a649b25dc6c9ec6b9355b
36|2021-09-26T12:08:17.0190000+01:00|1860|3|0b3d851079282781a611293c6d759e48
38|2021-09-26T12:08:17.0190000+01:00|40011D69|Living Liquid|00505000|2585469|12889320|10000|10000|0|0|100.4196|100.328|0|-0.0863359|0|0|0|0767|40DBFF86|1057B8A2|2804B0|41EE3957|107629AA|0|0|0|2804B1|41EE3957|107629AA|0|0|0|04CC|4142CFED|107ABEEC||e5a71dbdf07e6f574ae926779f0b099f
39|2021-09-26T12:08:17.0630000+01:00|40011E12|Eos|92601|92601|10000|10000|0|0|100.1449|100.0533|0|0.3105955||75a4385cb68d2ed931ed6fda6eb59e8e
39|2021-09-26T12:08:17.0630000+01:00|1068703B|Tomo Uchuu|92942|106478|10000|10000|0|0|99.82726|99.59013|0|-0.5571027||2cecb249987b96b7a3e6594c1f6f42a4
22|2021-09-26T12:08:17.0630000+01:00|1075A2E4|Niru Summers|29|Overpower|40011D69|Living Liquid|710003|E410000|1B|298000|0|0|0|0|0|0|0|0|0|0|0|0|2600637|12889320|10000|10000|0|1000|100.4196|100.328|0|-0.0863359|146135|153077|10000|10000|0|1000|100.1449|103.4364|-0.004302216|-3.12324|00008DA9|0|607ea17af123bc8f3912181458110b0f
22|2021-09-26T12:08:17.0630000+01:00|1075A2E4|Niru Summers|29|Overpower|40011DEA|Liquid Hand|710103|17BB0000|1B|298000|0|0|0|0|0|0|0|0|0|0|0|0|2748429|12889320|10000|10000|0|1000|97.64246|100.267|0|-0.9926283|146135|153077|10000|10000|0|1000|100.1449|103.4364|-0.004302216|-3.12324|00008DA9|1|3303d8aaec3783d5ca1e00db6e37d6b6
39|2021-09-26T12:08:17.1080000+01:00|107629AA|Joeson Lmoa|97361|106059|10000|10000|0|0|99.93127|96.91003|0|0.1364782||c4b5ed99bc0cd20aa942832e5f9be757
21|2021-09-26T12:08:17.1080000+01:00|10752D6C|Volkon Vysk|3F1E|Eye Gouge|40011DEA|Liquid Hand|710003|23B80000|0|0|0|0|0|0|0|0|0|0|0|0|0|0|2748429|12889320|10000|10000|0|1000|97.64246|100.267|0|-0.9709768|118359|152511|10000|10000|0|1000|95.04846|102.037|0|1.91065|00008DAA|0|10be88068aad330779fef6e58f2231c9
38|2021-09-26T12:08:17.1080000+01:00|10752D6C|Volkon Vysk|00505025|118359|152511|10000|10000|0|0|95.04846|102.037|0|1.91065|0|0|0|14016A|41F00000|E0000000|0A0168|41F00000|E0000000|28FD0030|450FF91F|10752D6C|072A|4159EB8A|10752D6C|08AA|405F2AF8|107629AA|012B|4064DD25|1057B8A2|0|0|0|0|0|0|0727|412D332D|10752D6C|0|0|0|0344|4096C098|10675739|0|0|0|0|0|0|0|0|0|0|0|0|0729|0|10752D6C||8a7c1380e3c697123f60651db927f5dd
30|2021-09-26T12:08:17.1080000+01:00|734|Ready To Gouge|0.00|10752D6C|Volkon Vysk|10752D6C|Volkon Vysk|00|152511|152511||954a55f0be48c1d5b86b677b66c27eb1
37|2021-09-26T12:08:17.1530000+01:00|40011DEA|Liquid Hand|00008DA4|2745204|12889320|10000|10000|0||97.64246|100.267|0|-0.9709768||bc1863309bb516a105e4b1b3a183c4ba
39|2021-09-26T12:08:17.1530000+01:00|1057B8A2|Alex Knightfall|79603|97285|3920|10000|0|0|99.56506|96.57422|0|0.2182598||9a7fe5339a4c4c0cb579a45fe71d5fad
39|2021-09-26T12:08:17.1530000+01:00|107ABEEC|Greiyan Fletz|95414|106544|10000|10000|0|0|101.5183|95.90283|0|-0.2489402||a75c00dd118d8d4cf68f0c4d8844778a
39|2021-09-26T12:08:17.2420000+01:00|107401EC|Raesa Velan|83079|96887|10000|10000|0|0|99.53455|95.68933|0|-0.3935199||f40314fbe9df28cb3c037265b67c38fc
22|2021-09-26T12:08:17.2870000+01:00|1057B8A2|Alex Knightfall|409B|Art Of War|40011D69|Living Liquid|750103|3C4B0000|1B|409B8000|0|0|0|0|0|0|0|0|0|0|0|0|2585469|12889320|10000|10000|0|1000|100.4196|100.328|0|-0.0863359|79603|97285|3920|10000|0|1000|99.56506|96.57422|0|0.2182598|00008DAB|0|7821396c6ac5b115d6151fd4ba5c10cc
22|2021-09-26T12:08:17.2870000+01:00|1057B8A2|Alex Knightfall|409B|Art Of War|40011DEA|Liquid Hand|750003|24660000|1B|409B8000|0|0|0|0|0|0|0|0|0|0|0|0|2745204|12889320|10000|10000|0|1000|97.64246|100.267|0|-0.9709768|79603|97285|3920|10000|0|1000|99.56506|96.57422|0|0.2182598|00008DAB|1|c0ada3ad48f0f7d3bbd262cb912a305b
22|2021-09-26T12:08:17.3320000+01:00|107ABEEC|Greiyan Fletz|4065|Kaeshi: Goken|40011D69|Living Liquid|710003|5E0B0000|13D|FF8000|0|0|0|0|0|0|0|0|0|0|0|0|2585469|12889320|10000|10000|0|1000|100.4196|100.328|0|-0.0863359|95414|106544|10000|10000|0|1000|101.5183|95.90283|0|-0.2489402|00008DAC|0|65a6c308dcf4ba6053c7b1c92f738a84
22|2021-09-26T12:08:17.3320000+01:00|107ABEEC|Greiyan Fletz|4065|Kaeshi: Goken|40011DEA|Liquid Hand|710003|5DBD0000|0|0|0|0|0|0|0|0|0|0|0|0|0|0|2745204|12889320|10000|10000|0|1000|97.64246|100.267|0|-0.9709768|95414|106544|10000|10000|0|1000|101.5183|95.90283|0|-0.2489402|00008DAC|1|b6434279fc997c095bcbea78179ac369
37|2021-09-26T12:08:17.3760000+01:00|40011D69|Living Liquid|00008DA6|2580942|12889320|10000|10000|0||100.4196|100.328|0|-0.0863359||5e811d67216a2d39d23535899d032653
37|2021-09-26T12:08:17.3760000+01:00|40011DEA|Liquid Hand|00008DA3|2724737|12889320|10000|10000|0||97.64246|100.267|0|-0.9709768||f983352b052cfcd7376dbbf5febf1d70
21|2021-09-26T12:08:17.3760000+01:00|1068703B|Tomo Uchuu|07|Attack|40011DEA|Liquid Hand|720003|10C60000|0|0|0|0|0|0|0|0|0|0|0|0|0|0|2745204|12889320|10000|10000|0|1000|97.64246|100.267|0|-0.9709768|92942|106478|10000|10000|0|1000|99.82726|99.59013|0|-0.5633855|00008DAD|0|2bb448655f4088df5b5fe11df43a2cc7
21|2021-09-26T12:08:17.4650000+01:00|40011E12|Eos|322|Embrace|107629AA|Joeson Lmoa|10004|19160000|1B|3228000|0|0|0|0|0|0|0|0|0|0|0|0|97361|106059|10000|10000|0|1000|99.93127|96.91003|0|0.1364782|92601|92601|10000|10000|0|1000|100.1449|100.0533|0|1.364209|00008DAE|0|ee1dc35712eaa502372cd40226de79eb
37|2021-09-26T12:08:17.5100000+01:00|40011DEA|Liquid Hand|00008DA6|2720109|12889320|10000|10000|0||97.64246|100.267|0|-0.9709768|01|0|0|0||c0f81610bc640f8ae23bc96fd24dc025
37|2021-09-26T12:08:17.5550000+01:00|40011D69|Living Liquid|00008DA5|2563030|12889320|10000|10000|0||100.4196|100.328|0|-0.0863359||eaafc11591f14e862367c620b8460b71
24|2021-09-26T12:08:17.5550000+01:00|40011DEA|Liquid Hand|DoT|0|5E32|2720109|12889320|10000|10000|0|1000|97.64246|100.267|0|-0.9709768||655d434c35a68c6355bb10bbacc7494b
38|2021-09-26T12:08:17.5550000+01:00|40011DEA|Liquid Hand|00505000|2695995|12889320|10000|10000|0|0|97.64246|100.267|0|-0.9709768|0|0|0|0A00A3|415D80E3|107401EC|0767|3FACAA00|1057B8A2|04CC|40A17EE3|107ABEEC|2804B1|408AA764|107629AA|0|0|0|2804B0|408AA764|107629AA|0759|41A0870F|10675739|072D|41C2C073|10752D6C||ebeef2c0a30fd3d63e5122ef87453930
37|2021-09-26T12:08:17.6870000+01:00|40011D69|Living Liquid|00008DA9|2559381|12889320|10000|10000|0||100.4196|100.328|0|-0.0863359||4293304697a3124e5cc4bc07c741a47f
21|2021-09-26T12:08:17.7330000+01:00|1075A2E4|Niru Summers|07|Attack|40011D69|Living Liquid|710003|EFC0000|0|0|0|0|0|0|0|0|0|0|0|0|0|0|2563030|12889320|10000|10000|0|1000|100.4196|100.328|0|-0.0863359|146135|153077|10000|10000|0|1000|100.1449|103.4408|0|3.057031|00008DAF|0|bdc077393ddf0c820eec64e1163cb3f8
21|2021-09-26T12:08:17.7780000+01:00|10752D6C|Volkon Vysk|3F21|Heart Of Stone|10752D6C|Volkon Vysk|F10E|7300000|0|0|0|0|0|0|0|0|0|0|0|0|0|0|118359|152511|10000|10000|0|1000|95.04846|102.037|0|2.176992|118359|152511|10000|10000|0|1000|95.04846|102.037|0|2.176992|00008DB0|0|09b2fdb06ff4ba09db992d5d0d967f3e
22|2021-09-26T12:08:17.7780000+01:00|1075A2E4|Niru Summers|1D6F|Reprisal|40011D69|Living Liquid|F60E|4A90000|0|0|0|0|0|0|0|0|0|0|0|0|0|0|2559381|12889320|10000|10000|0|1000|100.4196|100.328|0|-0.0863359|146135|153077|10000|10000|0|1000|100.1449|103.4408|0|3.057031|00008DB1|0|5105451e49283257a17c5d626203b2ca
22|2021-09-26T12:08:17.7780000+01:00|1075A2E4|Niru Summers|1D6F|Reprisal|40011DEA|Liquid Hand|F60E|4A90000|0|0|0|0|0|0|0|0|0|0|0|0|0|0|2695995|12889320|10000|10000|0|1000|97.64246|100.267|0|-0.9709768|146135|153077|10000|10000|0|1000|100.1449|103.4408|0|3.057031|00008DB1|1|01a33836c2775b947b11a0115eb4bb90
37|2021-09-26T12:08:17.8220000+01:00|40011DEA|Liquid Hand|00008DA9|2689920|12889320|10000|10000|0||97.64246|100.267|0|-0.9709768|01|0|0|0||7a12e64b34584515f504554a72838a63
37|2021-09-26T12:08:17.9100000+01:00|40011DEA|Liquid Hand|00008DAD|2685626|12889320|10000|10000|0||97.64246|100.267|0|-0.9709768||4c76cb54b0911127ad2fcf8d578cb1e6
37|2021-09-26T12:08:17.9100000+01:00|40011D69|Living Liquid|00008DAB|2543946|12889320|10000|10000|0||100.4196|100.328|0|-0.0863359||5fb33fe3dbcedf36dae77d931bc64e8d
37|2021-09-26T12:08:17.9540000+01:00|40011D69|Living Liquid|00008DAC|2519871|12889320|10000|10000|0||100.4196|100.328|0|-0.0863359||f5a7cda481cf43bf693cb40b734c453a
26|2021-09-26T12:08:17.9990000+01:00|130|Aetherflow|9999.00|1057B8A2|Alex Knightfall|1057B8A2|Alex Knightfall|01|97285|97285||a1a19f5881f135aae2f901668d3377fa
21|2021-09-26T12:08:17.9990000+01:00|1057B8A2|Alex Knightfall|A7|Energy Drain|40011D69|Living Liquid|750103|260A0000|104|CE48000|B|1F48000|A3D|C38000|0|0|0|0|0|0|0|0|2519871|12889320|10000|10000|0|1000|100.4196|100.328|0|-0.0863359|79603|97285|3320|10000|0|1000|99.56506|96.57422|0|0.2182598|00008DB2|0|f1200fd29da00b1463aa38ff43d6748c
37|2021-09-26T12:08:18.0450000+01:00|40011DEA|Liquid Hand|00008DAB|2676308|12889320|10000|10000|0||97.64246|100.267|0|-0.9709768|01|0|0|0||0225a30dfd7003db8ce38863da796f59
21|2021-09-26T12:08:18.0450000+01:00|40011DEA|Liquid Hand|4979|Unknown_4979|10752D6C|Volkon Vysk|730003|5A750000|0|0|0|0|0|0|0|0|0|0|0|0|0|0|118359|152511|10000|10000|0|1000|95.04846|102.037|0|2.176992|2685626|12889320|10000|10000|0|1000|97.64246|100.267|0|-0.9709768|00008DB3|0|3ee47e7946113d0fd60e8115ba7b4588
21|2021-09-26T12:08:18.0450000+01:00|107401EC|Raesa Velan|99|Thunder III|40011D69|Living Liquid|550003|6BD90000|ADC3D0E|A30000|1B|998000|0|0|0|0|0|0|0|0|0|0|2519871|12889320|10000|10000|0|1000|100.4196|100.328|0|-0.0863359|83079|96887|10000|10000|0|1000|99.53455|95.68933|0|-0.3935199|00008DB4|0|7ccc9e291eb2669ed82f21532c62416c
38|2021-09-26T12:08:18.0450000+01:00|107401EC|Raesa Velan|00505019|83079|96887|10000|10000|10|0|99.53455|95.68933|0|-0.3935199|0|0|0|0A016D|41F00000|E0000000|0A0168|41F00000|E0000000|29020030|459206EC|107401EC|0129|41D878CA|1057B8A2|08AA|402051E1|107629AA|0|0|0|0|0|0|0344|404F4BEA|10675739|0|0|0|012B|4026040E|1057B8A2||73acb2eaca738ba1c9998121e3e1e268
30|2021-09-26T12:08:18.0450000+01:00|a4|Thundercloud|0.00|107401EC|Raesa Velan|107401EC|Raesa Velan|00|96887|96887||78c6f3d1eb5ce29f1211c7a73f1bb09c
37|2021-09-26T12:08:18.0880000+01:00|107629AA|Joeson Lmoa|00008DAE|103783|106059|10000|10000|14||99.93127|96.91003|0|0.1364782|1700|0|0|0||99992d9af170b079d9c497404631d239
37|2021-09-26T12:08:18.0880000+01:00|40011D69|Living Liquid|00008DA8|2496801|12889320|10000|10000|0||100.4196|100.328|0|-0.0863359||8803447dea54ae279235f600c3d2b1a9
37|2021-09-26T12:08:18.0880000+01:00|40011DEA|Liquid Hand|00008DAA|2667164|12889320|10000|10000|0||97.64246|100.267|0|-0.9709768||28af08cf29ffcde8ae9c94ca9b660bfd
37|2021-09-26T12:08:18.0880000+01:00|40011DEA|Liquid Hand|00008DAC|2643167|12889320|10000|10000|0||97.64246|100.267|0|-0.9709768|01|0|0|0||ab6e3d2ca6cb32e209f455719fd5bc47
21|2021-09-26T12:08:18.0880000+01:00|107ABEEC|Greiyan Fletz|07|Attack|40011D69|Living Liquid|710203|14600000|0|0|0|0|0|0|0|0|0|0|0|0|0|0|2519871|12889320|10000|10000|0|1000|100.4196|100.328|0|-0.0863359|95414|106544|10000|10000|0|1000|101.5183|95.90283|0|-0.2489402|00008DB5|0|ed446448f718a8767571a7bad22601e5
37|2021-09-26T12:08:18.1320000+01:00|40011DEA|Liquid Hand|00008DA7|2628413|12889320|10000|10000|0||97.64246|100.267|0|-0.9709768||adf3fb168be8c03263787a3fa7686ac2
21|2021-09-26T12:08:18.1320000+01:00|40011D69|Living Liquid|4978|Unknown_4978|1075A2E4|Niru Summers|730003|576F0400|0|0|0|0|0|0|0|0|0|0|0|0|0|0|146135|153077|10000|10000|0|1000|100.1625|103.4443|-0.01531982|3.057031|2519871|12889320|10000|10000|0|1000|100.4196|100.328|0|-0.0863359|00008DB6|0|22d99fa2bca6ce554329f7a08d73ea3c
21|2021-09-26T12:08:18.1320000+01:00|107ABEEC|Greiyan Fletz|4067|Shoha|40011D69|Living Liquid|710103|6D2D0000|0|0|0|0|0|0|0|0|0|0|0|0|0|0|2519871|12889320|10000|10000|0|1000|100.4196|100.328|0|-0.0863359|95414|106544|10000|10000|0|1000|101.5183|95.90283|0|-0.2489402|00008DB7|0|481f7b7eb56a7f69d6d428437a7a344b
22|2021-09-26T12:08:18.2240000+01:00|40011D69|Living Liquid|49B2|Splash|1068703B|Tomo Uchuu|650003|2F9C0400|1B|49B28000|0|0|0|0|0|0|0|0|0|0|0|0|92942|106478|10000|10000|0|1000|99.64199|96.89407|0|-0.7686372|2496801|12889320|10000|10000|0|1000|100.4196|100.328|0|-0.0863359|00008DB8|0|0300ffa92833e0c8e069e7feea8abfde
22|2021-09-26T12:08:18.2240000+01:00|40011D69|Living Liquid|49B2|Splash|1075A2E4|Niru Summers|650003|36330400|1B|49B28000|0|0|0|0|0|0|0|0|0|0|0|0|146135|153077|10000|10000|0|1000|100.2042|103.4527|-0.001734191|3.057031|2496801|12889320|10000|10000|0|1000|100.4196|100.328|0|-0.0863359|00008DB8|1|9e8ee48994476381ae2dc5897690dfdc
22|2021-09-26T12:08:18.2240000+01:00|40011D69|Living Liquid|49B2|Splash|107629AA|Joeson Lmoa|650003|161E0400|1B|49B28000|0|0|0|0|0|0|0|0|0|0|0|0|103783|106059|10000|10000|0|1000|99.93127|96.91003|0|0.1364782|2496801|12889320|10000|10000|0|1000|100.4196|100.328|0|-0.0863359|00008DB8|2|e1cca118a53c4e18f8c63a325dd54603
22|2021-09-26T12:08:18.2240000+01:00|40011D69|Living Liquid|49B2|Splash|1057B8A2|Alex Knightfall|650003|28240400|1B|49B28000|0|0|0|0|0|0|0|0|0|0|0|0|79603|97285|3320|10000|0|1000|99.56506|96.57422|0|0.2182598|2496801|12889320|10000|10000|0|1000|100.4196|100.328|0|-0.0863359|00008DB8|3|c007f2a94af285a7c244611c2ae51434
22|2021-09-26T12:08:18.2240000+01:00|40011D69|Living Liquid|49B2|Splash|107ABEEC|Greiyan Fletz|650003|32410400|1B|49B28000|0|0|0|0|0|0|0|0|0|0|0|0|95414|106544|10000|10000|0|1000|101.5183|95.90283|0|-0.2489402|2496801|12889320|10000|10000|0|1000|100.4196|100.328|0|-0.0863359|00008DB8|4|445f8c330b2fd864f1dbea09e91fb1f9
22|2021-09-26T12:08:18.2240000+01:00|40011D69|Living Liquid|49B2|Splash|107401EC|Raesa Velan|650003|2D9A0400|1B|49B28000|0|0|0|0|0|0|0|0|0|0|0|0|83079|96887|10000|10000|0|1000|99.53455|95.68933|0|0.1883469|2496801|12889320|10000|10000|0|1000|100.4196|100.328|0|-0.0863359|00008DB8|5|5aad762421277bba841109cc0a2dd553
22|2021-09-26T12:08:18.2240000+01:00|40011D69|Living Liquid|49B2|Splash|10675739|Jasy Heavensong|650003|29840400|1B|49B28000|0|0|0|0|0|0|0|0|0|0|0|0|82601|97086|9572|10000|0|1000|99.00513|96.59013|-0.0006474947|2.685133|2496801|12889320|10000|10000|0|1000|100.4196|100.328|0|-0.0863359|00008DB8|6|1f2ddc9c599b06a94bb1d7bbff4b710a
22|2021-09-26T12:08:18.2240000+01:00|40011D69|Living Liquid|49B2|Splash|10752D6C|Volkon Vysk|650003|246F0000|1B|49B28000|0|0|0|0|0|0|0|0|0|0|0|0|118359|152511|10000|10000|0|1000|95.04846|102.037|0|2.176992|2496801|12889320|10000|10000|0|1000|100.4196|100.328|0|-0.0863359|00008DB8|7|207b603c5787901a0452a0ca526a0e8d
37|2021-09-26T12:08:18.2670000+01:00|40011D69|Living Liquid|00008DAF|2492965|12889320|10000|10000|0||100.4196|100.328|0|-0.0863359||d04fee565d9308b6b4b93a05d0a308a0
21|2021-09-26T12:08:18.2670000+01:00|107629AA|Joeson Lmoa|DE8|Iron Jaws|40011DEA|Liquid Hand|720103|1B270000|28C4EA0E|4B00000|28C4A60E|4B10000|0|0|0|0|0|0|0|0|0|0|2628413|12889320|10000|10000|0|1000|97.64246|100.267|0|-0.9709768|103783|106059|10000|10000|0|1000|99.93127|96.91003|0|0.1364782|00008DB9|0|83553a45b1c3714bd894bb07d9d716d4
37|2021-09-26T12:08:18.4000000+01:00|10752D6C|Volkon Vysk|00008DB0|118359|152511|10000|10000|0||95.04846|102.037|0|2.176992|2500|0|0|01|06001CF0|0|40E00000|10752D6C||418432dd66ee26f9d28e89e149ee1332
26|2021-09-26T12:08:18.4000000+01:00|730|Heart Of Stone|7.00|10752D6C|Volkon Vysk|10752D6C|Volkon Vysk|00|152511|152511||aa7afb7a6c4738959337381f32943cfb
37|2021-09-26T12:08:18.4000000+01:00|40011D69|Living Liquid|00008DB1|2492965|12889320|10000|10000|0||100.4196|100.328|0|-0.0863359|0|0|0|01|02001A69|0|41200000|1075A2E4||47de3f67989d06073487253e0fcf44c0
26|2021-09-26T12:08:18.4000000+01:00|4a9|Reprisal|10.00|1075A2E4|Niru Summers|40011D69|Living Liquid|00|12889320|153077||71d4ed9782e545e01fb51e1c93cdcd64
24|2021-09-26T12:08:18.4450000+01:00|10675739|Jasy Heavensong|HoT|0|1EB6|82601|97086|9572|10000|0|1000|99.34331|95.98682|-0.002630767|2.833887||1ad29f9068a4097fa4f764c3fd0f05d7
24|2021-09-26T12:08:18.4450000+01:00|10752D6C|Volkon Vysk|HoT|0|1375|118359|152511|10000|10000|0|1000|95.04846|102.037|0|2.176992||c874a83925a7636cafe67629c23c3c55
24|2021-09-26T12:08:18.4450000+01:00|1075A2E4|Niru Summers|HoT|0|1468|146135|153077|10000|10000|0|1000|100.6919|103.2876|-0.001861319|3.053234||6d1d325b156f6550ee4f15949921511b
21|2021-09-26T12:08:18.4450000+01:00|107629AA|Joeson Lmoa|08|Shot|40011DEA|Liquid Hand|720103|16D00000|0|0|0|0|0|0|0|0|0|0|0|0|0|0|2628413|12889320|10000|10000|0|1000|97.64246|100.267|0|-0.9709768|103783|106059|10000|10000|0|1000|99.93127|96.91003|0|-0.6031995|00008DBA|0|1d4be2308fd40f141114e46caf4609ab
38|2021-09-26T12:08:18.4450000+01:00|10675739|Jasy Heavensong|00505021|90463|97086|9572|10000|9|0|99.34331|95.98682|-0.002630767|2.833887|0|0|0|0A0168|41F00000|E0000000|0F016B|41F00000|E0000000|0129|41D65804|1057B8A2|28FE0030|450E93E1|10675739|04E0|41070E5B|10675739|08AA|40099991|107629AA|0|0|0|0347|0|10675739|0|0|0|012B|400F4BBE|1057B8A2|0|0|0|0344|401C0852|10675739||68c718608d288061431570ff254c77c3
38|2021-09-26T12:08:18.4450000+01:00|10752D6C|Volkon Vysk|00505025|123340|152511|10000|10000|0|0|95.04846|102.037|0|2.176992|0|0|0|14016A|41F00000|E0000000|0A0168|41F00000|E0000000|28FD0030|450FE3C2|10752D6C|072A|41448734|10752D6C|08AA|40099991|107629AA|012B|400F4BBE|1057B8A2|0730|40DD2F1A|10752D6C|0|0|0|0727|4117CED7|10752D6C|0|0|0|0344|4057EFC3|10675739|0|0|0|0|0|0|0|0|0|0|0|0|0729|0|10752D6C||4865c5a905d5444a6674f93c110a6eb7
38|2021-09-26T12:08:18.4450000+01:00|1075A2E4|Niru Summers|00505015|151359|153077|10000|10000|6|0|100.6919|103.2876|-0.001861319|3.053234|0|0|0|0A016D|41F00000|E0000000|0A0168|41F00000|E0000000|5B|0|1075A2E4|28FD0030|4510024E|1075A2E4|0|0|0|0344|404F6CB5|10675739|012B|400C6A76|1057B8A2|08AA|4006B849|107629AA|0129|41DAA1C0|1057B8A2|5A|42610850|1075A2E4||35db22f24b7a5f72a8b4c0c4c5b8a707
22|2021-09-26T12:08:18.4890000+01:00|10752D6C|Volkon Vysk|3F1F|Bow Shock|40011DEA|Liquid Hand|710003|17A00000|F6FC0E|72E0000|0|0|0|0|0|0|0|0|0|0|0|0|2628413|12889320|10000|10000|0|1000|97.64246|100.267|0|-0.9709768|123340|152511|10000|10000|0|1000|95.04846|102.037|0|2.176992|00008DBB|0|d7c0fe194ada2a72a699d36ab03464da
22|2021-09-26T12:08:18.4890000+01:00|10752D6C|Volkon Vysk|3F1F|Bow Shock|40011D69|Living Liquid|710103|25A40000|F6FC0E|72E0000|0|0|0|0|0|0|0|0|0|0|0|0|2492965|12889320|10000|10000|0|1000|100.4196|100.328|0|-0.0863359|123340|152511|10000|10000|0|1000|95.04846|102.037|0|2.176992|00008DBB|1|5666e2b8568ed7f492d18f2b4cca4ef2
37|2021-09-26T12:08:18.5350000+01:00|40011DEA|Liquid Hand|00008DB1|2628413|12889320|10000|10000|0||97.64246|100.267|0|-0.9709768|01|0|0|01|04001A69|0|41200000|1075A2E4||1fd7909db617e5f93c28ecc2486ce9a6
26|2021-09-26T12:08:18.5350000+01:00|4a9|Reprisal|10.00|1075A2E4|Niru Summers|40011DEA|Liquid Hand|00|12889320|153077||dbea458cda50c84974595e72795b7304
24|2021-09-26T12:08:18.5350000+01:00|1068703B|Tomo Uchuu|HoT|0|13E1|92942|106478|10000|10000|0|1000|99.93102|96.29198|0|-0.4146848||a000e250eb239a5ff49fb715e62e05f6
21|2021-09-26T12:08:18.5350000+01:00|10675739|Jasy Heavensong|E0B|Aspected Benefic|10752D6C|Volkon Vysk|4|1FEA0000|CAFE0E|3430000|1B|E0B8000|0|0|0|0|0|0|0|0|0|0|123340|152511|10000|10000|0|1000|95.04846|102.037|0|2.176992|90463|97086|9572|10000|0|1000|99.49496|95.71625|-0.002887233|2.900598|00008DBC|0|f6d419ade68fd12860285a07cdf5e05d
38|2021-09-26T12:08:18.5350000+01:00|1068703B|Tomo Uchuu|00505026|98031|106478|10000|10000|9|0|99.93102|96.29198|0|-0.4146848|0|0|0|14016A|41F00000|E0000000|0A0168|41F00000|E0000000|071F|42700000|1068703B|28FE0030|450F3EAE|1068703B|0129|41D6B221|1057B8A2|08AA|4003D701|107629AA|012B|4009892E|1057B8A2|071D|423839C9|1068703B|0737|423839C9|1068703B|0|0|0|0|0|0|0|0|0|0344|403872D5|10675739||4479fc27d77a48d2bbb5f90175a6d999
26|2021-09-26T12:08:18.5350000+01:00|71f|Closed Position|60.00|1068703B|Tomo Uchuu|1068703B|Tomo Uchuu|00|106478|106478||0b348827dbcc8d6e8cc409681eaa7aeb
37|2021-09-26T12:08:18.5780000+01:00|10752D6C|Volkon Vysk|00008DB3|100183|152511|10000|10000|0||95.04846|102.037|0|2.176992|2500|0|0|0||cdd00c342eb4582c13c49c86e217568a
24|2021-09-26T12:08:18.5780000+01:00|107629AA|Joeson Lmoa|HoT|0|1E5A|103783|106059|10000|10000|0|1000|99.93127|96.91003|0|-0.6031995||220129b6a59dc69d69ac430b55dea9d6
38|2021-09-26T12:08:18.5780000+01:00|40011E12|Eos|00505000|92601|92601|10000|10000|0|0|100.1449|100.0533|0|-3.074097|0|0|0|28FE0030|44D4F8F6|1057B8A2|08AA|40A00000|107629AA||7b469f583054fb8b2390d46a85222116
26|2021-09-26T12:08:18.5780000+01:00|8aa|Army's Paeon|5.00|107629AA|Joeson Lmoa|40011E12|Eos|00|92601|106059||ee534317b07cde5936b85a29c0fa441a
38|2021-09-26T12:08:18.5780000+01:00|10675739|Jasy Heavensong|00505021|90463|97086|9172|10000|9|0|99.49496|95.71625|-0.002887233|2.900598|0|0|0|0A0168|41F00000|E0000000|0F016B|41F00000|E0000000|0129|41D54595|1057B8A2|28FE0030|450E91BD|10675739|04E0|4104E97E|10675739|08AA|40A00000|107629AA|0|0|0|0347|0|10675739|0|0|0|012B|4006B849|1057B8A2|0|0|0|0344|401374DD|10675739||5893aec156700a02bba3d0f6a7b51663
26|2021-09-26T12:08:18.5780000+01:00|8aa|Army's Paeon|5.00|107629AA|Joeson Lmoa|10675739|Jasy Heavensong|00|97086|106059||115c74f708c657dc0e19fdb88847d73f
38|2021-09-26T12:08:18.5790000+01:00|1068703B|Tomo Uchuu|00505026|98031|106478|10000|10000|9|0|99.93102|96.29198|0|-0.4146848|0|0|0|14016A|41F00000|E0000000|0A0168|41F00000|E0000000|071F|42700000|1068703B|28FE0030|450F3DFA|1068703B|0129|41D65804|1057B8A2|08AA|40A00000|107629AA|012B|4006B849|1057B8A2|071D|42380CBB|1068703B|0737|42380CBB|1068703B|0|0|0|0|0|0|0|0|0|0344|4035A1F0|10675739||f07f1c940235372ac8696ff3e33c37ce
26|2021-09-26T12:08:18.5790000+01:00|8aa|Army's Paeon|5.00|107629AA|Joeson Lmoa|1068703B|Tomo Uchuu|00|106478|106059||4ea3388e54a918f2a8cc120ed4f390c0
38|2021-09-26T12:08:18.5790000+01:00|40011E3B|Earthly Star|00505000|92424|92424|10000|10000|0|0|99.06918|99.95715|0|-0.6909251|0|0|0|28FE0030|450E91BD|10675739|08AA|40A00000|107629AA||f5ec8ba3494b49c9ec3f646ef375cab9
26|2021-09-26T12:08:18.5790000+01:00|8aa|Army's Paeon|5.00|107629AA|Joeson Lmoa|40011E3B|Earthly Star|00|92424|106059||c018857593679ddfd24f3956cc52714e
38|2021-09-26T12:08:18.5790000+01:00|10752D6C|Volkon Vysk|00505025|100183|152511|10000|10000|0|0|95.04846|102.037|0|2.176992|0|0|0|14016A|41F00000|E0000000|0A0168|41F00000|E0000000|28FD0030|450FE19E|10752D6C|072A|41426257|10752D6C|08AA|40A00000|107629AA|012B|4006B849|1057B8A2|0730|40D8E55F|10752D6C|0|0|0|0727|4115A9FA|10752D6C|0|0|0|0344|404F5C4E|10675739|0|0|0|0|0|0|0|0|0|0|0|0|0729|0|10752D6C||e42fda33fde150de93e480437cd20e11
26|2021-09-26T12:08:18.5790000+01:00|8aa|Army's Paeon|5.00|107629AA|Joeson Lmoa|10752D6C|Volkon Vysk|00|152511|106059||010ff57184b1cb21bace07b667495afc
38|2021-09-26T12:08:18.5790000+01:00|1057B8A2|Alex Knightfall|0050501C|79603|97285|3320|10000|9|0|99.56506|96.57422|0|0.2182598|0|0|0|0A016D|41F00000|E0000000|1E016C|41F00000|E0000000|28FE0030|44D4F8F6|1057B8A2|0129|41D21055|1057B8A2|0|0|0|04B4|4134A3CE|1057B8A2|0344|403E45C9|10675739|08AA|40A00000|107629AA|010130|0|1057B8A2|0798|410522E4|1057B8A2|012B|4003D701|1057B8A2||8ac04d818e6a63fb22a865e8de80e588
26|2021-09-26T12:08:18.5790000+01:00|8aa|Army's Paeon|5.00|107629AA|Joeson Lmoa|1057B8A2|Alex Knightfall|00|97285|106059||68108a50afb075017df04e32093790a7
38|2021-09-26T12:08:18.5790000+01:00|107629AA|Joeson Lmoa|00505017|106059|106059|10000|10000|14|0|99.93127|96.91003|0|-0.6031995|0|0|0|0A016D|41F00000|E0000000|0A0168|41F00000|E0000000|28FE0030|450E954D|107629AA|0129|41D87AD6|1057B8A2|012B|4003D701|1057B8A2|0|0|0|0|0|0|0|0|0|0344|401BF7ED|10675739||e547668950f4f9a40ed6c963522a8c09
38|2021-09-26T12:08:18.5790000+01:00|1075A2E4|Niru Summers|00505015|151359|153077|10000|10000|6|0|101.4588|102.9834|-0.00182447|3.046618|0|0|0|0A016D|41F00000|E0000000|0A0168|41F00000|E0000000|5B|0|1075A2E4|28FD0030|4510002A|1075A2E4|0|0|0|0344|4046D940|10675739|012B|4003D701|1057B8A2|08AA|409E978D|107629AA|0129|41D98F51|1057B8A2|5A|42607F1A|1075A2E4||4114c25cd3e5d5776547853ae92df560
26|2021-09-26T12:08:18.5790000+01:00|8aa|Army's Paeon|4.96|107629AA|Joeson Lmoa|1075A2E4|Niru Summers|00|153077|106059||14b40a16338116421ce27cff7db80d4f
38|2021-09-26T12:08:18.5790000+01:00|107ABEEC|Greiyan Fletz|00505022|95414|106544|10000|10000|9|0|101.9074|95.94084|0|0.2895832|0|0|0|0720|42700000|1068703B|14016A|41F00000|E0000000|0A0168|41F00000|E0000000|28FE0030|450E982D|107ABEEC|075D|41476462|10675739|0204D1|410C45B4|107ABEEC|012B|4003D701|1057B8A2|0839|42380CBB|1068703B|0737|42380CBB|1068703B|08AA|409E978D|107629AA|0513|41A10C9B|107ABEEC|0|0|0|0129|41D76A73|1057B8A2|0344|40248B66|10675739|0|0|0|0|0|0|0512|403E37E1|107ABEEC||c1c5314a8ea1804787ea4957b443d5c2
26|2021-09-26T12:08:18.5790000+01:00|720|Dance Partner|60.00|1068703B|Tomo Uchuu|107ABEEC|Greiyan Fletz|00|106544|106478||b04af2a2586af84f6bbfa91678fbdf02
26|2021-09-26T12:08:18.5790000+01:00|8aa|Army's Paeon|4.96|107629AA|Joeson Lmoa|107ABEEC|Greiyan Fletz|00|106544|106059||b8f4cf3827ee8aeef2db337537c651c5
38|2021-09-26T12:08:18.5790000+01:00|107401EC|Raesa Velan|00505019|83079|96887|10000|10000|10|0|99.53455|95.68933|0|0.1883469|0|0|0|0A016D|41F00000|E0000000|0A0168|41F00000|E0000000|29020030|459202A8|107401EC|0129|41D43326|1057B8A2|08AA|409E978D|107629AA|0|0|0|0|0|0|0344|402D1EDD|10675739|0|0|0|012B|4003D701|1057B8A2||2d528b8d3df71eff84914203aaf2d1b7
26|2021-09-26T12:08:18.5790000+01:00|8aa|Army's Paeon|4.96|107629AA|Joeson Lmoa|107401EC|Raesa Velan|00|96887|106059||c5238acbf0cd781b0c51062571d47944
37|2021-09-26T12:08:18.6240000+01:00|1068703B|Tomo Uchuu|00008DB8|85843|106478|10000|10000|0||99.93102|96.29198|0|-0.4146848|2600|0|0|01|040015C0|0|0|E0000000||f059498fb81f978b26f7c88fde9944f9
37|2021-09-26T12:08:18.6240000+01:00|40011D69|Living Liquid|00008DB5|2487749|12889320|10000|10000|0||100.4196|100.328|0|-0.0863359||57e8e72872339e4dcc3f438f8cb79891
24|2021-09-26T12:08:18.6240000+01:00|107ABEEC|Greiyan Fletz|HoT|0|1492|95414|106544|10000|10000|0|1000|101.9074|95.94084|0|0.2895832||b7d093a53ae39f9115a3890de3f0e4e3
22|2021-09-26T12:08:18.6250000+01:00|1068703B|Tomo Uchuu|3E85|Saber Dance|40011DEA|Liquid Hand|720303|CF3D0000|0|0|0|0|0|0|0|0|0|0|0|0|0|0|2628413|12889320|10000|10000|0|1000|97.64246|100.267|0|-0.9709768|85843|106478|10000|10000|0|1000|99.93102|96.29198|0|-0.3874578|00008DBD|0|9561f94023ef4222c30ff82a01bbdc80
22|2021-09-26T12:08:18.6250000+01:00|1068703B|Tomo Uchuu|3E85|Saber Dance|40011D69|Living Liquid|720303|6C5A0000|0|0|0|0|0|0|0|0|0|0|0|0|0|0|2487749|12889320|10000|10000|0|1000|100.4196|100.328|0|-0.0863359|85843|106478|10000|10000|0|1000|99.93102|96.29198|0|-0.3874578|00008DBD|1|0f87bfc42c345644ad9748f1b6d83944
38|2021-09-26T12:08:18.6250000+01:00|1068703B|Tomo Uchuu|00505026|85843|106478|10000|10000|0|0|99.93102|96.29198|0|-0.3874578|0|0|0|14016A|41F00000|E0000000|0A0168|41F00000|E0000000|071F|42700000|1068703B|28FE0030|450F3D3E|1068703B|0|0|0|08AA|409E872B|107629AA|012B|4003C69F|1057B8A2|071D|4237DDA0|1068703B|0737|4237DDA0|1068703B|0|0|0|0|0|0|0|0|0|0344|4032B046|10675739||c3b80bb7254977d0f8fae2d4a293a5a6
30|2021-09-26T12:08:18.6250000+01:00|129|Galvanize|0.00|1057B8A2|Alex Knightfall|1068703B|Tomo Uchuu|00|106478|97285||01ebb5f8e1075e431f786d873b49dd6d
38|2021-09-26T12:08:18.6250000+01:00|107ABEEC|Greiyan Fletz|00505022|100680|106544|10000|10000|9|0|102.1998|95.96939|-0.002222138|0.6941508|0|0|0|0720|42700000|1068703B|14016A|41F00000|E0000000|0A0168|41F00000|E0000000|28FE0030|450E9771|107ABEEC|075D|4146A7F8|10675739|0204D1|410B894A|107ABEEC|012B|4000E557|1057B8A2|0839|4237DDA0|1068703B|0737|4237DDA0|1068703B|08AA|409D1EB8|107629AA|0513|41A0AE66|107ABEEC|0|0|0|0129|41D70C3E|1057B8A2|0344|402199BC|10675739|0|0|0|0|0|0|0512|403B4637|107ABEEC||daaa8f4fcee9ffd470a7990f39257c27
31|2021-09-26T12:08:18.6250000+01:00|1068703B|280326|00|107ABE00|12B|f687e7d617834560bef30d8b010e3035
37|2021-09-26T12:08:18.6700000+01:00|1075A2E4|Niru Summers|00008DB8|137484|153077|10000|10000|0||101.984|102.8028|0|3.042182|1501|0|0|01|080015C0|0|0|E0000000||2b0f388cc80e1edc141f7d3487881b3c
37|2021-09-26T12:08:18.6700000+01:00|1075A2E4|Niru Summers|00008DB6|115101|153077|10000|10000|0||101.984|102.8028|0|3.042182|1500|0|0|0||6fa9515e5b0bd6732021123df8467266
24|2021-09-26T12:08:18.6700000+01:00|1075A2E4|Niru Summers|HoT|798|10ED|151359|153077|10000|10000|0|1000|101.984|102.8028|0|3.042182||4e0d2f91a2f3b4ec3c925cf63464a742
24|2021-09-26T12:08:18.6700000+01:00|107629AA|Joeson Lmoa|HoT|798|110D|106059|106059|10000|10000|0|1000|99.93127|96.91003|0|-0.6031995||3166720bd73e2c31a3ca3e80d401f96e
24|2021-09-26T12:08:18.6700000+01:00|10752D6C|Volkon Vysk|HoT|798|1B81|100183|152511|10000|10000|0|1000|95.04846|102.037|0|2.176992||38c9175ee1cb5a852343d47fbbee942e
24|2021-09-26T12:08:18.6700000+01:00|1057B8A2|Alex Knightfall|HoT|798|1131|79603|97285|3320|10000|0|1000|99.56506|96.57422|0|0.2182598||cfd5e2a953509f029266e50059056626
24|2021-09-26T12:08:18.6700000+01:00|1068703B|Tomo Uchuu|HoT|798|1190|85843|106478|10000|10000|0|1000|99.93102|96.29198|0|-0.3874578||63746ec0070d35fb3c9b363818977a6c
24|2021-09-26T12:08:18.6700000+01:00|107ABEEC|Greiyan Fletz|HoT|798|10C5|95414|106544|10000|10000|0|1000|102.1998|95.96939|-0.002222138|0.6941508||fb3e9813faff5002e927013760d608d6
24|2021-09-26T12:08:18.6700000+01:00|107401EC|Raesa Velan|HoT|798|118B|83079|96887|10000|10000|0|1000|99.53455|95.68933|0|0.1883469||d815d71345ce4147598470882122f1fe
24|2021-09-26T12:08:18.6700000+01:00|10675739|Jasy Heavensong|HoT|798|1094|90463|97086|9172|10000|0|1000|99.55888|95.60221|-0.01531982|-3.036482||268909a2682157c24dcdba1bf711e846
24|2021-09-26T12:08:18.6700000+01:00|1057B8A2|Alex Knightfall|HoT|0|14B7|79603|97285|3320|10000|0|1000|99.56506|96.57422|0|0.2182598||a2524565be659607eb5428bfc9aa3653
21|2021-09-26T12:08:18.6700000+01:00|1057B8A2|Alex Knightfall|4099|Whispering Dawn|1057B8A2|Alex Knightfall|6003D|EF0000|0|0|0|0|0|0|0|0|0|0|0|0|0|0|79603|97285|3320|10000|0|1000|99.56506|96.57422|0|0.2182598|79603|97285|3320|10000|0|1000|99.56506|96.57422|0|0.2182598|00008DBE|0|d6b4676a183bd23004eecbefaa1e3852
38|2021-09-26T12:08:18.6700000+01:00|10675739|Jasy Heavensong|00505021|94707|97086|9172|10000|9|0|99.55888|95.60221|-0.01531982|-3.036482|0|0|0|0A0168|41F00000|E0000000|0F016B|41F00000|E0000000|0129|41D48D43|1057B8A2|28FE0030|450E904D|10675739|04E0|410378DB|10675739|08AA|409D1EB8|107629AA|0|0|0|0347|0|10675739|0|0|0|012B|40A00000|1057B8A2|0|0|0|0344|400DB24E|10675739||5d86c4c1622d3c08dca7e3188ede598d
26|2021-09-26T12:08:18.6700000+01:00|12b|Sacred Soil|5.00|1057B8A2|Alex Knightfall|10675739|Jasy Heavensong|00|97086|97285||5c07787c948f32604453632544e82a3e
38|2021-09-26T12:08:18.6700000+01:00|1068703B|Tomo Uchuu|00505026|90339|106478|10000|10000|0|0|99.93102|96.29198|0|-0.3874578|0|0|0|14016A|41F00000|E0000000|0A0168|41F00000|E0000000|071F|42700000|1068703B|28FE0030|450F3C8A|1068703B|0|0|0|08AA|409D1EB8|107629AA|012B|40A00000|1057B8A2|071D|4237B092|1068703B|0737|4237B092|1068703B|0|0|0|0|0|0|0|0|0|0344|402FDF61|10675739||e486e6c9d5f2fb359eeda5b3c3f35ca0
26|2021-09-26T12:08:18.6700000+01:00|12b|Sacred Soil|5.00|1057B8A2|Alex Knightfall|1068703B|Tomo Uchuu|00|106478|97285||d87bff61a901e4edd8e164dc4586e974
38|2021-09-26T12:08:18.6700000+01:00|10752D6C|Volkon Vysk|00505025|107224|152511|10000|10000|0|0|95.04846|102.037|0|2.176992|0|0|0|14016A|41F00000|E0000000|0A0168|41F00000|E0000000|28FD0030|450FE02E|10752D6C|072A|4140F1B4|10752D6C|08AA|409D1EB8|107629AA|012B|40A00000|1057B8A2|0730|40D60417|10752D6C|0|0|0|0727|41143957|10752D6C|0|0|0|0344|404999BF|10675739|0|0|0|0|0|0|0|0|0|0|0|0|0729|0|10752D6C||99d2561ae027e730912903e9fc9192d8
26|2021-09-26T12:08:18.6700000+01:00|12b|Sacred Soil|5.00|1057B8A2|Alex Knightfall|10752D6C|Volkon Vysk|00|152511|97285||9f22a6945b9eeede625aae7a3ff0833e
38|2021-09-26T12:08:18.6700000+01:00|1057B8A2|Alex Knightfall|0050501C|89307|97285|3820|10000|9|0|99.56506|96.57422|0|0.2182598|0|0|0|0A016D|41F00000|E0000000|1E016C|41F00000|E0000000|28FE0030|44D4F615|1057B8A2|0129|41D15803|1057B8A2|0|0|0|04B4|4133332B|1057B8A2|0344|4038833A|10675739|08AA|409D1EB8|107629AA|010130|0|1057B8A2|0798|4103B241|1057B8A2|012B|409E978D|1057B8A2||5baf713435d35eca3ec36ac1a1585c26
26|2021-09-26T12:08:18.6700000+01:00|12b|Sacred Soil|4.96|1057B8A2|Alex Knightfall|1057B8A2|Alex Knightfall|00|97285|97285||8f7ea85ce47b5333d4a1a566af7a6cd7
38|2021-09-26T12:08:18.6700000+01:00|107629AA|Joeson Lmoa|00505017|106059|106059|10000|10000|14|0|99.93127|96.91003|0|-0.6031995|0|0|0|0A016D|41F00000|E0000000|0A0168|41F00000|E0000000|28FE0030|450E93DD|107629AA|0129|41D7C284|1057B8A2|012B|409E978D|1057B8A2|0|0|0|0|0|0|0|0|0|0344|4016355E|10675739||bfb6fc6919d3fde879ccf697d3acda8c
26|2021-09-26T12:08:18.6700000+01:00|12b|Sacred Soil|4.96|1057B8A2|Alex Knightfall|107629AA|Joeson Lmoa|00|106059|97285||5155aa9be9e06dcca6b9ef0a7f3ee794
38|2021-09-26T12:08:18.6700000+01:00|1075A2E4|Niru Summers|00505015|119434|153077|10000|10000|0|0|101.984|102.8028|0|3.042182|0|0|0|0A016D|41F00000|E0000000|0A0168|41F00000|E0000000|5B|0|1075A2E4|28FD0030|450FFEBA|1075A2E4|0|0|0|0344|404116B1|10675739|012B|409E978D|1057B8A2|08AA|409BB645|107629AA|0|0|0|5A|426022F1|1075A2E4||53d2018c74b33d551bd7faa2110b80d4
26|2021-09-26T12:08:18.6700000+01:00|12b|Sacred Soil|4.96|1057B8A2|Alex Knightfall|1075A2E4|Niru Summers|00|153077|97285||f59bd85c4fb35e6dd93638505732f69e
30|2021-09-26T12:08:18.6700000+01:00|129|Galvanize|0.00|1057B8A2|Alex Knightfall|1075A2E4|Niru Summers|00|153077|97285||bfb44bbc7644021113caaff4b4543011
38|2021-09-26T12:08:18.6700000+01:00|107ABEEC|Greiyan Fletz|00505022|104973|106544|10000|10000|9|0|102.1998|95.96939|-0.002222138|0.6941508|0|0|0|0720|42700000|1068703B|14016A|41F00000|E0000000|0A0168|41F00000|E0000000|28FE0030|450E96BD|107ABEEC|075D|4145F3BF|10675739|0204D1|410AD511|107ABEEC|012B|409E978D|1057B8A2|0839|4237B092|1068703B|0737|4237B092|1068703B|08AA|409BB645|107629AA|0513|41A05449|107ABEEC|0|0|0|0129|41D6B221|1057B8A2|0344|401EC8D7|10675739|0|0|0|0|0|0|0512|40387552|107ABEEC||88d50d7b63ecc406929d055bccf05b46
26|2021-09-26T12:08:18.6700000+01:00|12b|Sacred Soil|4.96|1057B8A2|Alex Knightfall|107ABEEC|Greiyan Fletz|00|106544|97285||1ef2f63566bc3b117890750cf586bd0f
38|2021-09-26T12:08:18.6700000+01:00|107401EC|Raesa Velan|00505019|87570|96887|10000|10000|10|0|99.53455|95.68933|0|0.1883469|0|0|0|0A016D|41F00000|E0000000|0A0168|41F00000|E0000000|29020030|459201F0|107401EC|0129|41D37AD4|1057B8A2|08AA|409BB645|107629AA|0|0|0|0|0|0|0344|40275C4E|10675739|0|0|0|012B|409E978D|1057B8A2||4a4c058b90293788bbed29be33f47e8f
26|2021-09-26T12:08:18.6700000+01:00|12b|Sacred Soil|4.96|1057B8A2|Alex Knightfall|107401EC|Raesa Velan|00|96887|97285||2b7769b51237d9695a12de55977790f0
37|2021-09-26T12:08:18.7140000+01:00|107629AA|Joeson Lmoa|00008DB8|100397|106059|10000|10000|0||99.93127|96.91003|0|-0.6031995|1702|0|0|01|03002E40|0|0|E0000000||2d5c33008dd826ef8cf706e215726b3f
37|2021-09-26T12:08:18.7140000+01:00|40011D69|Living Liquid|00008DB7|2459800|12889320|10000|10000|0||100.4196|100.328|0|-0.0863359||fbf0c62acb41d9d0bb554704edc21308
24|2021-09-26T12:08:18.7140000+01:00|107401EC|Raesa Velan|HoT|0|137B|92557|96887|10000|10000|0|1000|99.53455|95.68933|0|0.1883469||0f6bb31c74df5310d0de4cf96e1c35f5
38|2021-09-26T12:08:18.7140000+01:00|107629AA|Joeson Lmoa|00505017|100397|106059|10000|10000|0|0|99.93127|96.91003|0|-0.6031995|0|0|0|0A016D|41F00000|E0000000|0A0168|41F00000|E0000000|28FE0030|450E9325|107629AA|0|0|0|012B|409D26E9|1057B8A2|0|0|0|0|0|0|0|0|0|0344|40135416|10675739||50e294d24a1f01bcb1e2bcd2287eb148
30|2021-09-26T12:08:18.7140000+01:00|129|Galvanize|0.00|1057B8A2|Alex Knightfall|107629AA|Joeson Lmoa|00|106059|97285||60d73e55a93bdd4c77b417e6679ec234
38|2021-09-26T12:08:18.7140000+01:00|107401EC|Raesa Velan|00505019|92557|96887|10000|10000|10|0|99.53455|95.68933|0|0.1883469|0|0|0|0A016D|41F00000|E0000000|0A0168|41F00000|E0000000|29020030|45920194|107401EC|0129|41D31EAB|1057B8A2|08AA|409A45A1|107629AA|0|0|0|0|0|0|0344|40247B06|10675739|0|0|0|012B|409D26E9|1057B8A2||08b1ffff018cc80d41360551c9964e70
37|2021-09-26T12:08:18.7590000+01:00|1057B8A2|Alex Knightfall|00008DB8|79031|97285|3820|10000|0||99.56506|96.57422|0|0.2182598|1C03|0|0|01|03000480|0|0|E0000000||1f05a74528f0dd93a697d0c33e874136
38|2021-09-26T12:08:18.7590000+01:00|1057B8A2|Alex Knightfall|0050501C|79031|97285|3820|10000|0|0|99.56506|96.57422|0|0.2182598|0|0|0|0A016D|41F00000|E0000000|1E016C|41F00000|E0000000|28FE0030|44D4F333|1057B8A2|0|0|0|0|0|0|04B4|4131C287|1057B8A2|0344|4032C0AA|10675739|08AA|409A3D70|107629AA|010130|0|1057B8A2|0798|4102419D|1057B8A2|012B|409BB645|1057B8A2||d9a8ad5b18eefecb8ac2ad0f5dc16075
30|2021-09-26T12:08:18.7590000+01:00|129|Galvanize|0.00|1057B8A2|Alex Knightfall|1057B8A2|Alex Knightfall|00|97285|97285||2fded1cd41065708add8141c07ecc070
37|2021-09-26T12:08:18.8030000+01:00|107ABEEC|Greiyan Fletz|00008DB8|92108|106544|10000|10000|0||103.0334|96.29147|-0.00194011|1.143275|2204|0|0|01|0C000480|0|0|E0000000||c5e5b73ceafba6523052dba891f42539
38|2021-09-26T12:08:18.8030000+01:00|107ABEEC|Greiyan Fletz|00505022|92108|106544|10000|10000|0|0|103.0334|96.29147|-0.00194011|1.143275|0|0|0|0720|42700000|1068703B|14016A|41F00000|E0000000|0A0168|41F00000|E0000000|28FE0030|450E9495|107ABEEC|075D|4143CAC9|10675739|0204D1|4108AC1B|107ABEEC|012B|409A45A1|1057B8A2|0839|42372656|1068703B|0737|42372656|1068703B|08AA|40976459|107629AA|0513|419F3FCE|107ABEEC|0|0|0|0|0|0|0344|401624FF|10675739|0|0|0|0|0|0|0512|402FD17A|107ABEEC||a01132e2f89fc00f36152ac41f69fadd
30|2021-09-26T12:08:18.8030000+01:00|129|Galvanize|0.00|1057B8A2|Alex Knightfall|107ABEEC|Greiyan Fletz|00|106544|97285||e2858ef150f7ca5aeab070fbcd859044
37|2021-09-26T12:08:18.8490000+01:00|107401EC|Raesa Velan|00008DB8|80883|96887|10000|10000|0||99.53455|95.68933|0|0.1883469|1905|0|0|01|03000480|0|0|E0000000||19eea7020a353bd9d593391162597ca9
38|2021-09-26T12:08:18.8490000+01:00|107401EC|Raesa Velan|00505019|80883|96887|10000|10000|0|0|99.53455|95.68933|0|0.1883469|0|0|0|0A016D|41F00000|E0000000|0A0168|41F00000|E0000000|29020030|45920080|107401EC|0|0|0|08AA|4095F3B5|107629AA|0|0|0|0|0|0|0344|401BD72E|10675739|0|0|0|012B|4098D4FD|1057B8A2||7070180a84c8a64537f93d4ad53b0dfe
30|2021-09-26T12:08:18.8490000+01:00|129|Galvanize|0.00|1057B8A2|Alex Knightfall|107401EC|Raesa Velan|00|96887|97285||240651c9bdcd0e4a1434bfd13b99e4e5
37|2021-09-26T12:08:18.8940000+01:00|10675739|Jasy Heavensong|00008DB8|84079|97086|9172|10000|0||99.57989|95.56474|0|-1.649915|2106|0|0|01|02000480|0|0|E0000000||5d7f58f64514902e8afb9187ff901be0
37|2021-09-26T12:08:18.8940000+01:00|40011DEA|Liquid Hand|00008DB9|2621462|12889320|10000|10000|0||97.64246|100.267|0|-0.9709768|0|0|0|02|03000931|28|41F00000|107629AA|05003EF0|28|41F00000|107629AA||f1ca5760fcb305d717c1832db404e9a9
26|2021-09-26T12:08:18.8940000+01:00|4b1|Stormbite|30.00|107629AA|Joeson Lmoa|40011DEA|Liquid Hand|28|12889320|106059||4ac04ec21af153a381132b25e42f36c8
26|2021-09-26T12:08:18.8940000+01:00|4b0|Caustic Bite|30.00|107629AA|Joeson Lmoa|40011DEA|Liquid Hand|28|12889320|106059||b4de7edaa2b824836b06ce16745737a7
38|2021-09-26T12:08:18.8940000+01:00|10675739|Jasy Heavensong|00505021|84079|97086|9172|10000|0|0|99.57989|95.56474|0|-1.649915|0|0|0|0A0168|41F00000|E0000000|0F016B|41F00000|E0000000|0|0|0|28FE0030|450E8CB5|10675739|04E0|40FFBE82|10675739|08AA|4095EB84|107629AA|0|0|0|0347|0|10675739|0|0|0|012B|4098CCCC|1057B8A2|0|0|0|0344|3FFE97CD|10675739||bdfb58f9b6e202f47d8bed18dfc0fa2b
30|2021-09-26T12:08:18.8940000+01:00|129|Galvanize|0.00|1057B8A2|Alex Knightfall|10675739|Jasy Heavensong|00|97086|97285||166b0a74c9449fee718ba36b2b09313f
37|2021-09-26T12:08:18.9380000+01:00|10752D6C|Volkon Vysk|00008DB8|97897|152511|10000|10000|0||95.04846|102.037|0|2.176992|2507|0|0|0||1d04cda8c5501df1d2101f61312a79ba
39|2021-09-26T12:08:18.9380000+01:00|40011E3B|Earthly Star|92424|92424|10000|10000|0|0|99.06918|99.95715|0|-0.6909251||0491886564d51106cb12368f00d30b46
38|2021-09-26T12:08:18.9380000+01:00|40011DEA|Liquid Hand|00505000|2621462|12889320|10000|10000|0|0|97.64246|100.267|0|-0.9709768|0|0|0|0A00A3|41476022|107401EC|0|0|0|04CC|406A7AA7|107ABEEC|2804B1|41EF47AE|107629AA|04A9|4118D0E6|1075A2E4|2804B0|41EF47AE|107629AA|0759|419576A8|10675739|072D|41B7B00C|10752D6C||f1be784c2e42c073a8f5c5242961794b
30|2021-09-26T12:08:18.9380000+01:00|767|Biolysis|0.00|1057B8A2|Alex Knightfall|40011DEA|Liquid Hand|00|12889320|97285||dbc0a04300700d85a26e0a67834212f9
37|2021-09-26T12:08:19.0280000+01:00|40011D69|Living Liquid|00008DB2|2450062|12889320|10000|10000|0||100.4196|100.328|0|-0.0863359||94cdf4224e826417a6c21836484a49fa
37|2021-09-26T12:08:19.0280000+01:00|1057B8A2|Alex Knightfall|00008DB2|82331|97285|4320|10000|0||99.56506|96.57422|0|0.2182598|1C00|0|0|0||cfcfadc285d55229d62c084b10f6b392
31|2021-09-26T12:08:19.0280000+01:00|1068703B|320326|00|1998B100|7FC8|71d308840736b3989c175baa536b6f70
37|2021-09-26T12:08:19.0730000+01:00|40011DEA|Liquid Hand|00008DBD|2568409|12889320|10000|10000|0||97.64246|100.267|0|-0.9709768||ab3eb8bbff8470724a8cf80a835864e3
37|2021-09-26T12:08:19.0730000+01:00|40011D69|Living Liquid|00008DB4|2422453|12889320|10000|10000|0||100.4196|100.328|0|-0.0863359|0|0|0|01|04000523|0A|41C00000|107401EC||f7ca58f271ee41555f0afdba938423ba
26|2021-09-26T12:08:19.0730000+01:00|a3|Thunder III|24.00|107401EC|Raesa Velan|40011D69|Living Liquid|0A|12889320|96887||54a2f325645fedae834f85ec4eee0935
37|2021-09-26T12:08:19.1160000+01:00|40011DEA|Liquid Hand|00008DBB|2562361|12889320|10000|10000|0||97.64246|100.267|0|-0.9709768|0|0|0|01|01000BAE|0|41700000|10752D6C||b3853a34c8c693c1a299f5c207a2f719
26|2021-09-26T12:08:19.1160000+01:00|72e|Bow Shock|15.00|10752D6C|Volkon Vysk|40011DEA|Liquid Hand|00|12889320|152511||2c9a30e7096b3d8279f5805731942435
22|2021-09-26T12:08:19.1620000+01:00|10752D6C|Volkon Vysk|3F23|Fated Circle|40011DEA|Liquid Hand|710003|276F0000|0|0|0|0|0|0|0|0|0|0|0|0|0|0|2562361|12889320|10000|10000|0|1000|97.64246|100.267|0|-0.9709768|97897|152511|10000|10000|0|1000|95.04846|102.037|0|2.176992|00008DBF|0|c206dd4352c9d56ff4a33c2fcb553e81
22|2021-09-26T12:08:19.1620000+01:00|10752D6C|Volkon Vysk|3F23|Fated Circle|40011D69|Living Liquid|710003|270A0000|0|0|0|0|0|0|0|0|0|0|0|0|0|0|2422453|12889320|10000|10000|0|1000|100.4196|100.328|0|-0.0863359|97897|152511|10000|10000|0|1000|95.04846|102.037|0|2.176992|00008DBF|1|77def14e793cd49dde1ecb0af09fc87c
37|2021-09-26T12:08:19.2070000+01:00|40011D69|Living Liquid|00008DBD|2394715|12889320|10000|10000|0||100.4196|100.328|0|-0.0863359|01|0|0|0||e009b42ef15698fc9c27f8ec033ee85f
37|2021-09-26T12:08:19.2070000+01:00|40011DEA|Liquid Hand|00008DBA|2556521|12889320|10000|10000|0||97.64246|100.267|0|-0.9709768||56b036c23b8a68d7df775b84e03a0252
21|2021-09-26T12:08:19.2070000+01:00|107401EC|Raesa Velan|1D88|Addle|40011D69|Living Liquid|F6F60E|4B30000|0|0|0|0|0|0|0|0|0|0|0|0|0|0|2422453|12889320|10000|10000|0|1000|100.4196|100.328|0|-0.0863359|80883|96887|10000|10000|0|1000|99.53455|95.68933|0|0.1883469|00008DC0|0|51a555bdce1e5fff4b2aa11500d568d5
37|2021-09-26T12:08:19.2500000+01:00|40011D69|Living Liquid|00008DBB|2385079|12889320|10000|10000|0||100.4196|100.328|0|-0.0863359|01|0|0|01|06000BAE|0|41700000|10752D6C||8bea52d087f1ed61f523d0270e41d046
26|2021-09-26T12:08:19.2500000+01:00|72e|Bow Shock|15.00|10752D6C|Volkon Vysk|40011D69|Living Liquid|00|12889320|152511||b451398e4e6ccc48e25f67bfb56861ce
22|2021-09-26T12:08:19.3410000+01:00|40011D69|Living Liquid|49B2|Splash|107629AA|Joeson Lmoa|650003|4D640000|1B|49B28000|0|0|0|0|0|0|0|0|0|0|0|0|100397|106059|10000|10000|0|1000|99.93127|96.91003|0|-0.6031995|2385079|12889320|10000|10000|0|1000|100.4196|100.328|0|-0.0863359|00008DC1|0|ef967cbe78463ae28b6e745a9eb2d3dd
22|2021-09-26T12:08:19.3410000+01:00|40011D69|Living Liquid|49B2|Splash|1075A2E4|Niru Summers|650003|2E5D0000|1B|49B28000|0|0|0|0|0|0|0|0|0|0|0|0|119434|153077|10000|10000|0|1000|102.8351|102.739|-0.0007146972|-2.661471|2385079|12889320|10000|10000|0|1000|100.4196|100.328|0|-0.0863359|00008DC1|1|e657b1368f8e370b01e1ee10e6d6a709
22|2021-09-26T12:08:19.3410000+01:00|40011D69|Living Liquid|49B2|Splash|1057B8A2|Alex Knightfall|650003|47DF0000|1B|49B28000|0|0|0|0|0|0|0|0|0|0|0|0|82331|97285|4320|10000|0|1000|99.56506|96.57422|0|0.2182598|2385079|12889320|10000|10000|0|1000|100.4196|100.328|0|-0.0863359|00008DC1|2|8b638b6cdf19dfed0ff58b4a19761fd7
22|2021-09-26T12:08:19.3410000+01:00|40011D69|Living Liquid|49B2|Splash|1068703B|Tomo Uchuu|650003|4F720000|1B|49B28000|0|0|0|0|0|0|0|0|0|0|0|0|90339|106478|10000|10000|0|1000|100.0418|96.35036|0|-0.1026196|2385079|12889320|10000|10000|0|1000|100.4196|100.328|0|-0.0863359|00008DC1|3|50fdbc324fd73b0c55d06c19d3af1229
22|2021-09-26T12:08:19.3410000+01:00|40011D69|Living Liquid|49B2|Splash|107401EC|Raesa Velan|650003|4A580000|1B|49B28000|0|0|0|0|0|0|0|0|0|0|0|0|80883|96887|10000|10000|0|1000|99.53455|95.68933|0|0.1883469|2385079|12889320|10000|10000|0|1000|100.4196|100.328|0|-0.0863359|00008DC1|4|d87775700d7588ea284a7fc027e048fb
22|2021-09-26T12:08:19.3410000+01:00|40011D69|Living Liquid|49B2|Splash|10675739|Jasy Heavensong|650003|4B900000|1B|49B28000|0|0|0|0|0|0|0|0|0|0|0|0|84079|97086|9172|10000|0|1000|99.59558|95.53674|0|-0.614321|2385079|12889320|10000|10000|0|1000|100.4196|100.328|0|-0.0863359|00008DC1|5|7a5bcc8f871418d0427e7deb3183f8e3
22|2021-09-26T12:08:19.3410000+01:00|40011D69|Living Liquid|49B2|Splash|107ABEEC|Greiyan Fletz|650003|49A30000|1B|49B28000|0|0|0|0|0|0|0|0|0|0|0|0|92108|106544|10000|10000|0|1000|104.4666|97.27481|-0.003917805|1.059169|2385079|12889320|10000|10000|0|1000|100.4196|100.328|0|-0.0863359|00008DC1|6|e6dbff7b46c310a16b9b68d963118b8d
22|2021-09-26T12:08:19.3410000+01:00|40011D69|Living Liquid|49B2|Splash|10752D6C|Volkon Vysk|650003|1BF50000|1B|49B28000|0|0|0|0|0|0|0|0|0|0|0|0|97897|152511|10000|10000|0|1000|95.04846|102.037|0|2.128825|2385079|12889320|10000|10000|0|1000|100.4196|100.328|0|-0.0863359|00008DC1|7|293ed7b60cfe7c26cb1b995aeb8123cd
21|2021-09-26T12:08:19.4300000+01:00|10752D6C|Volkon Vysk|07|Attack|40011DEA|Liquid Hand|710003|C960000|0|0|0|0|0|0|0|0|0|0|0|0|0|0|2556521|12889320|10000|10000|0|1000|97.64246|100.267|0|-0.9709768|97897|152511|10000|10000|0|1000|95.04846|102.037|0|2.128825|00008DC2|0|6188953a45aef0daa4441f52fe1c50d0
38|2021-09-26T12:08:19.4740000+01:00|40011E12|Eos|00505000|92601|92601|10000|10000|0|0|100.1449|100.0533|0|1.195525|0|0|0|28FE0030|44D4DDB7|1057B8A2|08AA|4084C498|107629AA|01077B|41F00000|40011E12||f88742992d3e1509f7f2917af5382fd9
26|2021-09-26T12:08:19.4740000+01:00|77b|Summon Order|30.00|40011E12|Eos|40011E12|Eos|01|92601|92601||e2f01f8fa81848f5531445b8d4864c1c
22|2021-09-26T12:08:19.4760000+01:00|10675739|Jasy Heavensong|40AD|Horoscope|10675739|Jasy Heavensong|C80E|7620000|0|0|0|0|0|0|0|0|0|0|0|0|0|0|84079|97086|9172|10000|0|1000|99.59558|95.53674|0|-0.614321|84079|97086|9172|10000|0|1000|99.59558|95.53674|0|-0.614321|00008DC3|0|3ddedaf9fb880537ea1349edaebb4d21
22|2021-09-26T12:08:19.4760000+01:00|10675739|Jasy Heavensong|40AD|Horoscope|107401EC|Raesa Velan|C80E|7620000|0|0|0|0|0|0|0|0|0|0|0|0|0|0|80883|96887|10000|10000|0|1000|99.53455|95.68933|0|0.1883469|84079|97086|9172|10000|0|1000|99.59558|95.53674|0|-0.614321|00008DC3|1|18abba1c488bb976a9ef2b459c24be75
22|2021-09-26T12:08:19.4760000+01:00|10675739|Jasy Heavensong|40AD|Horoscope|1068703B|Tomo Uchuu|C80E|7620000|0|0|0|0|0|0|0|0|0|0|0|0|0|0|90339|106478|10000|10000|0|1000|100.0418|96.35036|0|-0.1109977|84079|97086|9172|10000|0|1000|99.59558|95.53674|0|-0.614321|00008DC3|2|fb8f066678ba77d77bd9acdeae16dbf9
22|2021-09-26T12:08:19.4760000+01:00|10675739|Jasy Heavensong|40AD|Horoscope|1057B8A2|Alex Knightfall|C80E|7620000|0|0|0|0|0|0|0|0|0|0|0|0|0|0|82331|97285|4320|10000|0|1000|99.56506|96.57422|0|0.2182598|84079|97086|9172|10000|0|1000|99.59558|95.53674|0|-0.614321|00008DC3|3|57f26ac408a48243f91f33ed2d18a6c4
22|2021-09-26T12:08:19.4760000+01:00|10675739|Jasy Heavensong|40AD|Horoscope|107629AA|Joeson Lmoa|C80E|7620000|0|0|0|0|0|0|0|0|0|0|0|0|0|0|100397|106059|10000|10000|0|1000|99.93127|96.91003|0|-0.6031995|84079|97086|9172|10000|0|1000|99.59558|95.53674|0|-0.614321|00008DC3|4|ecfd46903feb35a17658622b0106e5c8
22|2021-09-26T12:08:19.4760000+01:00|10675739|Jasy Heavensong|40AD|Horoscope|107ABEEC|Greiyan Fletz|C80E|7620000|0|0|0|0|0|0|0|0|0|0|0|0|0|0|92108|106544|10000|10000|0|1000|104.5343|97.35567|-0.005577249|1.048005|84079|97086|9172|10000|0|1000|99.59558|95.53674|0|-0.614321|00008DC3|5|23847d666555abdc9c130902406b82b3
22|2021-09-26T12:08:19.4760000+01:00|10675739|Jasy Heavensong|40AD|Horoscope|10752D6C|Volkon Vysk|C80E|7620000|0|0|0|0|0|0|0|0|0|0|0|0|0|0|97897|152511|10000|10000|0|1000|95.04846|102.037|0|2.075392|84079|97086|9172|10000|0|1000|99.59558|95.53674|0|-0.614321|00008DC3|6|396325b9887fe2dd13f714ebbec7130b
22|2021-09-26T12:08:19.4760000+01:00|10675739|Jasy Heavensong|40AD|Horoscope|1075A2E4|Niru Summers|C80E|7620000|0|0|0|0|0|0|0|0|0|0|0|0|0|0|119434|153077|10000|10000|0|1000|102.8851|102.739|0|-2.557017|84079|97086|9172|10000|0|1000|99.59558|95.53674|0|-0.614321|00008DC3|7|06e01578c4ef841237c9dac6600a0ced
22|2021-09-26T12:08:19.4760000+01:00|1075A2E4|Niru Summers|404E|Mythril Tempest|40011D69|Living Liquid|32710003|16D50000|143D|340000|11B|404E8000|0|0|0|0|0|0|0|0|0|0|2385079|12889320|10000|10000|0|1000|100.4196|100.328|0|-0.0863359|119434|153077|10000|10000|0|1000|102.8851|102.739|0|-2.557017|00008DC4|0|f1af285bb8c142eb790259956a5beda1
22|2021-09-26T12:08:19.4760000+01:00|1075A2E4|Niru Summers|404E|Mythril Tempest|40011DEA|Liquid Hand|32710003|176B0000|0|0|0|0|0|0|0|0|0|0|0|0|0|0|2556521|12889320|10000|10000|0|1000|97.64246|100.267|0|-0.9709768|119434|153077|10000|10000|0|1000|102.8851|102.739|0|-2.557017|00008DC4|1|56bf4573ab8b580f61f7ca4c42ef9608
38|2021-09-26T12:08:19.4760000+01:00|10675739|Jasy Heavensong|00505021|84079|97086|9172|10000|0|0|99.59558|95.53674|0|-0.614321|0|0|0|0A0168|41F00000|E0000000|0F016B|41F00000|E0000000|0762|C1200000|10675739|28FE0030|450E836D|10675739|04E0|40ED26F2|10675739|08AA|408353F4|107629AA|0|0|0|0347|0|10675739|0|0|0|012B|4086353C|1057B8A2|0|0|0|0344|3FB4399B|10675739||39c5b53a504ee7312e0aaec688d6e23f
26|2021-09-26T12:08:19.4760000+01:00|762|Horoscope|10.00|10675739|Jasy Heavensong|10675739|Jasy Heavensong|00|97086|97086||2b0b08012a247f95ee10366d4464c370
38|2021-09-26T12:08:19.4760000+01:00|1068703B|Tomo Uchuu|00505026|90339|106478|10000|10000|0|0|100.0418|96.35036|0|-0.1109977|0|0|0|14016A|41F00000|E0000000|0A0168|41F00000|E0000000|071F|42700000|1068703B|28FE0030|450F2FAA|1068703B|0762|C1200000|10675739|08AA|408353F4|107629AA|012B|4086353C|1057B8A2|071D|42347742|1068703B|0737|42347742|1068703B|0|0|0|0|0|0|0|0|0|0344|3FF893B8|10675739||c00e34dcb5282b768cab1f64a8b88787
26|2021-09-26T12:08:19.4760000+01:00|762|Horoscope|10.00|10675739|Jasy Heavensong|1068703B|Tomo Uchuu|00|106478|97086||73c37556d361289b0ad03d826d51d288
38|2021-09-26T12:08:19.4760000+01:00|10752D6C|Volkon Vysk|00505025|97897|152511|10000|10000|0|0|95.04846|102.037|0|2.075392|0|0|0|14016A|41F00000|E0000000|0A0168|41F00000|E0000000|28FD0030|450FD34E|10752D6C|072A|41340C53|10752D6C|08AA|408353F4|107629AA|012B|4086353C|1057B8A2|0730|40BC3953|10752D6C|0762|C1200000|10675739|0727|410753F6|10752D6C|0|0|0|0344|4016043A|10675739|0|0|0|0|0|0|0|0|0|0|0|0|0729|0|10752D6C||c29334a1ac5e09d0983b8d8926d241dd
26|2021-09-26T12:08:19.4760000+01:00|762|Horoscope|10.00|10675739|Jasy Heavensong|10752D6C|Volkon Vysk|00|152511|97086||8544a376aca4a102fc0129dc90be42d7
38|2021-09-26T12:08:19.4760000+01:00|1057B8A2|Alex Knightfall|0050501C|82331|97285|4320|10000|0|0|99.56506|96.57422|0|0.2182598|0|0|0|0A016D|41F00000|E0000000|1E016C|41F00000|E0000000|28FE0030|44D4DC46|1057B8A2|0762|C1200000|10675739|0|0|0|04B4|41264DCA|1057B8A2|0344|4004EDB5|10675739|08AA|408353F4|107629AA|010130|0|1057B8A2|0798|40ED99BE|1057B8A2|012B|4084CCC9|1057B8A2||e957f14cfb50059cf96a40c66302f320
26|2021-09-26T12:08:19.4760000+01:00|762|Horoscope|10.00|10675739|Jasy Heavensong|1057B8A2|Alex Knightfall|00|97285|97086||af8f565192954128d837f336345e36ad
38|2021-09-26T12:08:19.4760000+01:00|107629AA|Joeson Lmoa|00505017|100397|106059|10000|10000|0|0|99.93127|96.91003|0|-0.6031995|0|0|0|0A016D|41F00000|E0000000|0A0168|41F00000|E0000000|28FE0030|450E86FD|107629AA|0762|C1200000|10675739|012B|4084CCC9|1057B8A2|0|0|0|0|0|0|0|0|0|0344|3FC53FB8|10675739||d12d08c7e13a30b453cba315476030f1
26|2021-09-26T12:08:19.4760000+01:00|762|Horoscope|10.00|10675739|Jasy Heavensong|107629AA|Joeson Lmoa|00|106059|97086||194797a489851c0935a84148a1b9ed18
38|2021-09-26T12:08:19.4760000+01:00|1075A2E4|Niru Summers|00505015|119434|153077|10000|10000|0|0|102.8851|102.739|0|-2.557017|0|0|0|0A016D|41F00000|E0000000|0A0168|41F00000|E0000000|5B|0|1075A2E4|28FD0030|450FF1DA|1075A2E4|0762|C1200000|10675739|0344|400D812C|10675739|012B|4084CCC9|1057B8A2|08AA|4081EB81|107629AA|0|0|0|5A|42700000|1075A2E4||13155d3607a0a41f70a922295bc3d4d1
26|2021-09-26T12:08:19.4760000+01:00|762|Horoscope|10.00|10675739|Jasy Heavensong|1075A2E4|Niru Summers|00|153077|97086||fc8d017a31e614c8cf7b92bd77c2f586
26|2021-09-26T12:08:19.4760000+01:00|5a|Storm's Eye|60.00|1075A2E4|Niru Summers|1075A2E4|Niru Summers|00|153077|153077||3e1fd974815d3b0c54e0d71efbd415bf
38|2021-09-26T12:08:19.4760000+01:00|107ABEEC|Greiyan Fletz|00505022|92108|106544|10000|10000|0|0|104.5343|97.35567|-0.005577249|1.048005|0|0|0|0720|42700000|1068703B|14016A|41F00000|E0000000|0A0168|41F00000|E0000000|28FE0030|450E89DD|107ABEEC|075D|41390E5E|10675739|0204D1|40FBDF5F|107ABEEC|012B|4084CCC9|1057B8A2|0839|42347742|1068703B|0737|42347742|1068703B|08AA|4081EB81|107629AA|0513|4199E198|107ABEEC|0762|C1200000|10675739|0|0|0|0344|3FD666A8|10675739|0|0|0|0|0|0|0512|4004DFCD|107ABEEC||273a218782c4646fa9b51783e3d16c59
26|2021-09-26T12:08:19.4760000+01:00|762|Horoscope|10.00|10675739|Jasy Heavensong|107ABEEC|Greiyan Fletz|00|106544|97086||b9a3933a549ed0ecde936e82fa84be56
38|2021-09-26T12:08:19.4760000+01:00|107401EC|Raesa Velan|00505019|80883|96887|10000|10000|0|0|99.53455|95.68933|0|0.1883469|0|0|0|0A016D|41F00000|E0000000|0A0168|41F00000|E0000000|29020030|4591FB80|107401EC|0762|C1200000|10675739|08AA|4081EB81|107629AA|0|0|0|0|0|0|0344|3FE78D93|10675739|0|0|0|012B|4084CCC9|1057B8A2||261d92372d45912e9075f4d217d9fc68
26|2021-09-26T12:08:19.4760000+01:00|762|Horoscope|10.00|10675739|Jasy Heavensong|107401EC|Raesa Velan|00|96887|97086||7f04cae93889e4d40deae59414ecff0a
37|2021-09-26T12:08:19.5190000+01:00|10752D6C|Volkon Vysk|00008DBC|106067|152511|10000|10000|0||95.04846|102.037|0|2.075392|2500|0|0|02|07000BE2|0|C1200000|10675739|09003D83|0|41700000|10675739||eaa48b69ec0cccdde425c57fc624bd0f
26|2021-09-26T12:08:19.5190000+01:00|343|Aspected Benefic|15.00|10675739|Jasy Heavensong|10752D6C|Volkon Vysk|00|152511|97086||dbc13a721af2d47749ebef2036b16869
37|2021-09-26T12:08:19.5190000+01:00|10675739|Jasy Heavensong|00008DBC|84079|97086|9172|10000|0||99.59558|95.53674|0|-0.614321|2100|0|0|01|02000BE2|0|C1200000|10675739||be7b4c9bef6052ec75eb98228fc5f510
22|2021-09-26T12:08:19.5190000+01:00|40011E12|Eos|323|Whispering Dawn|107629AA|Joeson Lmoa|F9240E|13B0000|1B|3238000|0|0|0|0|0|0|0|0|0|0|0|0|100397|106059|10000|10000|0|1000|99.93127|96.91003|0|-0.6031995|92601|92601|10000|10000|0|1000|100.1449|100.0533|0|1.195525|00008DC5|0|fa6e65e2c8ca6bd9c609a7810e6281c3
22|2021-09-26T12:08:19.5190000+01:00|40011E12|Eos|323|Whispering Dawn|1057B8A2|Alex Knightfall|F9240E|13B0000|1B|3238000|0|0|0|0|0|0|0|0|0|0|0|0|82331|97285|4320|10000|0|1000|99.56506|96.57422|0|0.2182598|92601|92601|10000|10000|0|1000|100.1449|100.0533|0|1.195525|00008DC5|1|d679418ec87e5664844e327e78f8463e
22|2021-09-26T12:08:19.5190000+01:00|40011E12|Eos|323|Whispering Dawn|1068703B|Tomo Uchuu|F9240E|13B0000|1B|3238000|0|0|0|0|0|0|0|0|0|0|0|0|90339|106478|10000|10000|0|1000|100.0418|96.35036|0|-0.1109977|92601|92601|10000|10000|0|1000|100.1449|100.0533|0|1.195525|00008DC5|2|800a9b5026809d0c517e1d1bf7f4a732
22|2021-09-26T12:08:19.5190000+01:00|40011E12|Eos|323|Whispering Dawn|1075A2E4|Niru Summers|F9240E|13B0000|1B|3238000|0|0|0|0|0|0|0|0|0|0|0|0|119434|153077|10000|10000|0|1000|102.8851|102.739|0|-2.557017|92601|92601|10000|10000|0|1000|100.1449|100.0533|0|1.195525|00008DC5|3|876e7bfbe8614c70206d09b1b5ddc547
22|2021-09-26T12:08:19.5190000+01:00|40011E12|Eos|323|Whispering Dawn|107401EC|Raesa Velan|F9240E|13B0000|1B|3238000|0|0|0|0|0|0|0|0|0|0|0|0|80883|96887|10000|10000|0|1000|99.53455|95.68933|0|0.1883469|92601|92601|10000|10000|0|1000|100.1449|100.0533|0|1.195525|00008DC5|4|599256f09ab4d4a03d5e42660f84df19
22|2021-09-26T12:08:19.5190000+01:00|40011E12|Eos|323|Whispering Dawn|10675739|Jasy Heavensong|F9240E|13B0000|1B|3238000|0|0|0|0|0|0|0|0|0|0|0|0|84079|97086|9172|10000|0|1000|99.59558|95.53674|0|-0.614321|92601|92601|10000|10000|0|1000|100.1449|100.0533|0|1.195525|00008DC5|5|0e479feede00e3b92a2fab06b1b76db4
22|2021-09-26T12:08:19.5190000+01:00|40011E12|Eos|323|Whispering Dawn|107ABEEC|Greiyan Fletz|F9240E|13B0000|1B|3238000|0|0|0|0|0|0|0|0|0|0|0|0|92108|106544|10000|10000|0|1000|104.5343|97.35567|-0.005577249|1.048005|92601|92601|10000|10000|0|1000|100.1449|100.0533|0|1.195525|00008DC5|6|f9bd351a0a7d8b7975143ebdc4a4794b
22|2021-09-26T12:08:19.5190000+01:00|40011E12|Eos|323|Whispering Dawn|10752D6C|Volkon Vysk|F9240E|13B0000|1B|3238000|0|0|0|0|0|0|0|0|0|0|0|0|97897|152511|10000|10000|0|1000|95.04846|102.037|0|2.075392|92601|92601|10000|10000|0|1000|100.1449|100.0533|0|1.195525|00008DC5|7|140a61a9ac06ca80af2f031c8497f624
21|2021-09-26T12:08:19.5190000+01:00|107ABEEC|Greiyan Fletz|1D3A|Kasha|40011D69|Living Liquid|4F710203|69660000|43D|B88000|0|0|0|0|0|0|0|0|0|0|0|0|2385079|12889320|10000|10000|0|1000|100.4196|100.328|0|-0.0863359|92108|106544|10000|10000|0|1000|104.5343|97.35567|-0.005577249|1.048005|00008DC6|0|5c3b1df8fa89e4cf4172f9fd07fa1feb
38|2021-09-26T12:08:19.5190000+01:00|107ABEEC|Greiyan Fletz|00505022|92108|106544|10000|10000|0|0|104.5343|97.35567|-0.005577249|1.048005|0|0|0|0720|42700000|1068703B|14016A|41F00000|E0000000|0A0168|41F00000|E0000000|28FE0030|450E8929|107ABEEC|075D|41385A25|10675739|0104D1|40FA76EC|107ABEEC|012B|40836456|1057B8A2|0839|42344A34|1068703B|0737|42344A34|1068703B|08AA|4080830E|107629AA|0513|4199877B|107ABEEC|0762|C1200000|10675739|0|0|0|0344|3FD0C4DD|10675739|0|0|0|0|0|0|0512|40020EE8|107ABEEC||06f150659ec2c2a0e9babaebcef7d4d6
26|2021-09-26T12:08:19.5190000+01:00|4d1|Meikyo Shisui|7.83|107ABEEC|Greiyan Fletz|107ABEEC|Greiyan Fletz|01|106544|106544||b306859c1c8d56a44ac714e1d63f8287
37|2021-09-26T12:08:19.6970000+01:00|40011DEA|Liquid Hand|00008DBF|2546426|12889320|10000|10000|0||97.64246|100.267|0|-0.9329143||18ea98c2b025bd38813ab5a4745bd221
37|2021-09-26T12:08:19.6970000+01:00|10752D6C|Volkon Vysk|00008DBF|106067|152511|10000|10000|0||95.17683|102.2082|-0.0008740575|2.11381|2500|0|0|01|07000BE2|0|C1200000|10675739||9069f28b44c957fe1667735645521eab
22|2021-09-26T12:08:19.6970000+01:00|1057B8A2|Alex Knightfall|409B|Art Of War|40011D69|Living Liquid|750003|26430000|1B|409B8000|0|0|0|0|0|0|0|0|0|0|0|0|2385079|12889320|10000|10000|0|1000|100.4196|100.328|0|-0.0863359|82331|97285|3720|10000|0|1000|99.56506|96.57422|0|0.2182598|00008DC7|0|8c8c52568f6e75392d316b54df51ae1e
22|2021-09-26T12:08:19.6970000+01:00|1057B8A2|Alex Knightfall|409B|Art Of War|40011DEA|Liquid Hand|750003|26B20000|1B|409B8000|0|0|0|0|0|0|0|0|0|0|0|0|2546426|12889320|10000|10000|0|1000|97.64246|100.267|0|-0.9329143|82331|97285|3720|10000|0|1000|99.56506|96.57422|0|0.2182598|00008DC7|1|01bf478ef068e1b2bc9e4b3f129f71ac
37|2021-09-26T12:08:19.7410000+01:00|107629AA|Joeson Lmoa|00008DC1|80585|106059|10000|10000|0||99.93127|96.91003|0|-0.6031995|1700|0|0|01|03000BE2|0|C1200000|10675739||546dff9ed0dde0ccfdb42c902b049493
22|2021-09-26T12:08:19.7410000+01:00|107629AA|Joeson Lmoa|1CED|Troubadour|107629AA|Joeson Lmoa|F60E|78E0000|0|0|0|0|0|0|0|0|0|0|0|0|0|0|100397|106059|10000|10000|0|1000|99.93127|96.91003|0|-0.6031995|100397|106059|10000|10000|0|1000|99.93127|96.91003|0|-0.6031995|00008DC8|0|0a6508de2ae9c21646ee98c65d957181
22|2021-09-26T12:08:19.7410000+01:00|107629AA|Joeson Lmoa|1CED|Troubadour|1057B8A2|Alex Knightfall|F60E|78E0000|0|0|0|0|0|0|0|0|0|0|0|0|0|0|82331|97285|3720|10000|0|1000|99.56506|96.57422|0|0.2182598|100397|106059|10000|10000|0|1000|99.93127|96.91003|0|-0.6031995|00008DC8|1|570aaa29df940c5b1ed064b6c94c2eab
22|2021-09-26T12:08:19.7410000+01:00|107629AA|Joeson Lmoa|1CED|Troubadour|1068703B|Tomo Uchuu|F60E|78E0000|0|0|0|0|0|0|0|0|0|0|0|0|0|0|90339|106478|10000|10000|0|1000|100.0418|96.35036|0|-0.1193752|100397|106059|10000|10000|0|1000|99.93127|96.91003|0|-0.6031995|00008DC8|2|3df72c137b6d01d59b3988b6aeaa9e27
22|2021-09-26T12:08:19.7410000+01:00|107629AA|Joeson Lmoa|1CED|Troubadour|107401EC|Raesa Velan|F60E|78E0000|0|0|0|0|0|0|0|0|0|0|0|0|0|0|80883|96887|10000|10000|0|1000|99.53455|95.68933|0|0.1883469|100397|106059|10000|10000|0|1000|99.93127|96.91003|0|-0.6031995|00008DC8|3|ba989de5213b0eb1061c51b53f41a557
22|2021-09-26T12:08:19.7410000+01:00|107629AA|Joeson Lmoa|1CED|Troubadour|10675739|Jasy Heavensong|F60E|78E0000|0|0|0|0|0|0|0|0|0|0|0|0|0|0|84079|97086|9172|10000|0|1000|99.59558|95.53674|0|-0.614321|100397|106059|10000|10000|0|1000|99.93127|96.91003|0|-0.6031995|00008DC8|4|672a870aa7983444ac83cc1884f223ed
22|2021-09-26T12:08:19.7410000+01:00|107629AA|Joeson Lmoa|1CED|Troubadour|107ABEEC|Greiyan Fletz|F60E|78E0000|0|0|0|0|0|0|0|0|0|0|0|0|0|0|92108|106544|10000|10000|0|1000|104.5656|97.39294|-0.002296608|-0.9589925|100397|106059|10000|10000|0|1000|99.93127|96.91003|0|-0.6031995|00008DC8|5|2cc267a51226737e9757aabb5b22bea4
22|2021-09-26T12:08:19.7410000+01:00|107629AA|Joeson Lmoa|1CED|Troubadour|10752D6C|Volkon Vysk|F60E|78E0000|0|0|0|0|0|0|0|0|0|0|0|0|0|0|106067|152511|10000|10000|0|1000|95.17683|102.2082|-0.0008740575|2.11381|100397|106059|10000|10000|0|1000|99.93127|96.91003|0|-0.6031995|00008DC8|6|70bcfd4ac9d6d03167539720946dcf5f
22|2021-09-26T12:08:19.7410000+01:00|107629AA|Joeson Lmoa|1CED|Troubadour|1075A2E4|Niru Summers|F60E|78E0000|0|0|0|0|0|0|0|0|0|0|0|0|0|0|119434|153077|10000|10000|0|1000|102.9594|102.7604|-0.0008740471|-2.356278|100397|106059|10000|10000|0|1000|99.93127|96.91003|0|-0.6031995|00008DC8|7|d333728276d79ac58d8b23579860ac21
37|2021-09-26T12:08:19.7860000+01:00|1075A2E4|Niru Summers|00008DC1|107565|153077|10000|10000|0||102.9594|102.7604|-0.0008740471|-2.356278|1501|0|0|01|04000BE2|0|C1200000|10675739||372b5c27b232b4a6f5859d5accc324a2
37|2021-09-26T12:08:19.8310000+01:00|1057B8A2|Alex Knightfall|00008DC1|63932|97285|3720|10000|0||99.56506|96.57422|0|0.2182598|1C02|0|0|01|03000BE2|0|C1200000|10675739||370c4f87baa5648f9ccf359be6e442f4
37|2021-09-26T12:08:19.8310000+01:00|40011D69|Living Liquid|00008DBF|2375085|12889320|10000|10000|0||100.4196|100.328|0|-0.0863359|01|0|0|0||dd09cb8716e82e5fce1112cf7fd6bcca
37|2021-09-26T12:08:19.8310000+01:00|10752D6C|Volkon Vysk|00008DBF|106067|152511|10000|10000|0||95.26233|102.3222|-0.003371356|2.159772|2501|0|0|01|07000BE2|0|C1200000|10675739||c8f0c05eb77122c323f7e3c28ba865dc
37|2021-09-26T12:08:19.8310000+01:00|40011D69|Living Liquid|00008DC0|2375085|12889320|10000|10000|0||100.4196|100.328|0|-0.0863359|0|0|0|01|07000933|0|41200000|107401EC||c4e7ffbb7f28b0dec838f725117d5ca6
26|2021-09-26T12:08:19.8310000+01:00|4b3|Addle|10.00|107401EC|Raesa Velan|40011D69|Living Liquid|00|12889320|96887||63487f552bcc1206d6b2ab161e8a7949
37|2021-09-26T12:08:19.8310000+01:00|107401EC|Raesa Velan|00008DC0|80883|96887|10000|10000|0||99.53455|95.68933|0|0.1883469|1900|0|0|01|03000BE2|0|C1200000|10675739||8f359d033fd92c9f43d86beb28e82c22
38|2021-09-26T12:08:19.8310000+01:00|40011D69|Living Liquid|00505000|2375085|12889320|10000|10000|0|0|100.4196|100.328|0|-0.0863359|0|0|0|0767|4081FB60|1057B8A2|2804B0|41D7B849|107629AA|04A9|41086668|1075A2E4|2804B1|41D7B849|107629AA|0A00A3|41B99373|107401EC|04CC|4115CDE6|107ABEEC|072E|41660001|10752D6C|04B3|411F47AE|107401EC||ed1b3f0503aa91cfd71c309c78f19521
37|2021-09-26T12:08:19.8740000+01:00|1068703B|Tomo Uchuu|00008DC1|70001|106478|10000|10000|0||100.0418|96.35036|0|-0.1193752|2603|0|0|01|04000BE2|0|C1200000|10675739||ae4752d9a630b8f527db2b4b94d7171f
37|2021-09-26T12:08:19.9180000+01:00|107401EC|Raesa Velan|00008DC1|61851|96887|10000|10000|0||99.53455|95.68933|0|0.1883469|1904|0|0|01|03000BE2|0|C1200000|10675739||79bb2e8148e4d4d4fe63fcc2a655e3da
37|2021-09-26T12:08:19.9640000+01:00|10675739|Jasy Heavensong|00008DC1|64735|97086|9172|10000|0||99.59558|95.53674|0|-0.6099297|2105|0|0|01|02000BE2|0|C1200000|10675739||38edeb585654e5cff2993f513312ad58
37|2021-09-26T12:08:19.9640000+01:00|40011DEA|Liquid Hand|00008DC2|2543204|12889320|10000|10000|0||97.64246|100.267|0|-0.8418209||26600c2203f42b3855237aadb872fe7f
37|2021-09-26T12:08:19.9640000+01:00|10752D6C|Volkon Vysk|00008DC2|106067|152511|10000|10000|0||95.30528|102.3906|0|2.185404|2500|0|0|01|07000BE2|0|C1200000|10675739||c24f41f16bb373118c25e130668fdaf7
37|2021-09-26T12:08:19.9640000+01:00|40011D69|Living Liquid|00008DC4|2369240|12889320|10000|10000|0||100.4196|100.328|0|-0.0863359||9333a757f031cfaf3dea1cd3be71593d
37|2021-09-26T12:08:19.9640000+01:00|1075A2E4|Niru Summers|00008DC4|107565|153077|10000|10000|0||103.0451|102.9223|0|-2.355788|1500|0|0|01|04000BE2|0|C1200000|10675739||69d3c447c5d70cf1706ace95c3debbf7
39|2021-09-26T12:08:19.9640000+01:00|10675739|Jasy Heavensong|65705|97086|9436|10000|0|0|99.59558|95.53674|0|-0.6099297||6066be83c18ddf2763f5f87fff76b255
39|2021-09-26T12:08:19.9640000+01:00|10752D6C|Volkon Vysk|107592|152511|10000|10000|0|0|95.30528|102.3906|0|2.185404||2503181d8e50a6f63996d72d05c01591
39|2021-09-26T12:08:19.9640000+01:00|1075A2E4|Niru Summers|109095|153077|10000|10000|0|0|103.0451|102.9223|0|-2.355788||406b62db140adef3c672be35e97454a6
37|2021-09-26T12:08:20.0090000+01:00|107ABEEC|Greiyan Fletz|00008DC1|73257|106544|10000|10000|0||104.545|97.37309|-0.0009125334|-1.402073|2206|0|0|01|0B000BE2|0|C1200000|10675739||1b491d92ebb451d74bf1361722cc3b98
24|2021-09-26T12:08:20.0090000+01:00|40011D69|Living Liquid|DoT|0|53E2|2369240|12889320|10000|10000|0|1000|100.4196|100.328|0|-0.0863359||90a982955095f875e54bf22782a28fec
36|2021-09-26T12:08:20.0090000+01:00|193C|3|f9acfcd56463da8aed18bf7926654916
38|2021-09-26T12:08:20.0090000+01:00|40011D69|Living Liquid|00505000|2347766|12889320|10000|10000|0|0|100.4196|100.328|0|-0.0863359|0|0|0|0767|40789264|1057B8A2|2804B0|41D64BBE|107629AA|04A9|41058D51|1075A2E4|2804B1|41D64BBE|107629AA|0A00A3|41B826E8|107401EC|04CC|4112F4CF|107ABEEC|072E|416326EA|10752D6C|04B3|411C6E97|107401EC||e4676e6e5b7f7fac2dcba5bf82490ec6
37|2021-09-26T12:08:20.0530000+01:00|10752D6C|Volkon Vysk|00008DC1|100435|152511|10000|10000|0||95.33071|102.4438|-0.002598799|2.203523|2507|0|0|01|07000BE2|0|C1200000|10675739||5ebe6c9c7fa02c49501f652d212ff4cd
39|2021-09-26T12:08:20.0530000+01:00|40011E12|Eos|92601|92601|10000|10000|0|0|100.1449|100.0533|0|0.7213173||62c195408c8cf8ca423fdcd112700b3d
39|2021-09-26T12:08:20.0530000+01:00|1068703B|Tomo Uchuu|71065|106478|10000|10000|0|0|100.0418|96.35036|0|-0.129847||f34cde66c5ad138dbe2b4e1c4b7b4e6c
37|2021-09-26T12:08:20.0980000+01:00|10675739|Jasy Heavensong|00008DC3|65705|97086|9436|10000|0||99.59558|95.53674|0|-0.6071237|2100|0|0|01|02000BE2|0|41200000|10675739||90ca8d7c8062bf1cf00b58c4fc346667
37|2021-09-26T12:08:20.0980000+01:00|40011DEA|Liquid Hand|00008DC4|2537209|12889320|10000|10000|0||97.64246|100.267|0|-0.7987249|01|0|0|0||c7b2ba6cdd27820b98c34136f3c22d41
37|2021-09-26T12:08:20.0980000+01:00|1075A2E4|Niru Summers|00008DC4|109095|153077|10000|10000|0||103.1388|103.2513|-0.002459271|-2.354639|1501|0|0|01|04000BE2|0|C1200000|10675739||4033fd850590fd6b4954fd11c8dd287e
39|2021-09-26T12:08:20.0980000+01:00|107629AA|Joeson Lmoa|81645|106059|10000|10000|0|0|99.93127|96.91003|0|-0.6032953||ad5bc7d253b1c5581423644a47817c36
38|2021-09-26T12:08:20.0980000+01:00|10675739|Jasy Heavensong|00505021|65705|97086|9436|10000|0|0|99.59558|95.53674|0|-0.6071237|0|0|0|0A0168|41F00000|E0000000|0F016B|41F00000|E0000000|0762|411F47AE|10675739|28FE0030|450E7975|10675739|04E0|40D92F20|10675739|08AA|405EB848|107629AA|0|0|0|0347|0|10675739|0|0|0|012B|40647AD7|1057B8A2|0|0|0|0344|3F48B4C1|10675739||d229cff8061d1f2bd53688c876852f06
37|2021-09-26T12:08:20.1410000+01:00|40011D69|Living Liquid|00008DC6|2320784|12889320|10000|10000|0||100.4196|100.328|0|-0.0863359||6754a8e39192187e54839badeff194fe
37|2021-09-26T12:08:20.1420000+01:00|107ABEEC|Greiyan Fletz|00008DC6|73257|106544|10000|10000|0||104.5289|97.35712|0|-1.712811|2200|0|0|01|0B000BE2|0|C1200000|10675739||429dd85725b7823453106373eb64f838
39|2021-09-26T12:08:20.1420000+01:00|107ABEEC|Greiyan Fletz|74322|106544|10000|10000|0|0|104.5289|97.35712|0|-1.712811||f2cfb84af60ef48b1758e0db872e663b
39|2021-09-26T12:08:20.1860000+01:00|1057B8A2|Alex Knightfall|64904|97285|3966|10000|0|0|99.56506|96.57422|0|0.2182598||79ef1ca0b3e1cff7e8cf988a7e378e80
37|2021-09-26T12:08:20.2320000+01:00|107401EC|Raesa Velan|00008DC3|61851|96887|10000|10000|0||99.53455|95.68933|0|0.1883469|1901|0|0|01|03000BE2|0|41200000|10675739||d364b7d374a1d300f5c7a49b86e8f1d5
39|2021-09-26T12:08:20.2320000+01:00|107401EC|Raesa Velan|62819|96887|10000|10000|0|0|99.53455|95.68933|0|0.1883469||ee4fbe6325de45d6963df4fcc49eaf18
38|2021-09-26T12:08:20.2320000+01:00|107401EC|Raesa Velan|00505019|62819|96887|10000|10000|0|0|99.53455|95.68933|0|0.1883469|0|0|0|0A016D|41F00000|E0000000|0A0168|41F00000|E0000000|29020030|4591F572|107401EC|0762|411F4396|10675739|08AA|405353EE|107629AA|0|0|0|0|0|0|0344|3F868770|10675739|0|0|0|012B|4059167D|1057B8A2||4aecb6563aabc9cc750ceb92d55bf147
21|2021-09-26T12:08:20.2780000+01:00|10752D6C|Volkon Vysk|3F17|Aurora|10752D6C|Volkon Vysk|F6220E|72B0000|0|0|0|0|0|0|0|0|0|0|0|0|0|0|100435|152511|10000|10000|0|1000|95.28654|102.5571|-0.002739278|2.222697|100435|152511|10000|10000|0|1000|95.28654|102.5571|-0.002739278|2.222697|00008DC9|0|d1baa578d2d930f3cec62b098521d92c
21|2021-09-26T12:08:20.2780000+01:00|107ABEEC|Greiyan Fletz|1D43|Hissatsu: Kyuten|40011D69|Living Liquid|710003|19F20000|0|0|0|0|0|0|0|0|0|0|0|0|0|0|2320784|12889320|10000|10000|0|1000|100.4196|100.328|0|-0.0863359|74322|106544|10000|10000|0|1000|104.5194|97.34764|-0.00456637|-1.897457|00008DCA|0|a74e4b5e67f56e50ca91875fd92e8f68
37|2021-09-26T12:08:20.3220000+01:00|40011D69|Living Liquid|00008DC7|2310989|12889320|10000|10000|0||100.4196|100.328|0|-0.0863359||8e372b9bfef247502f927b2874342338
37|2021-09-26T12:08:20.3220000+01:00|1057B8A2|Alex Knightfall|00008DC7|64904|97285|3966|10000|0||99.56506|96.57422|0|0.2182598|1C00|0|0|01|03000BE2|0|C1200000|10675739||1afb4529ecba66300af51148d3df7606
37|2021-09-26T12:08:20.3680000+01:00|1068703B|Tomo Uchuu|00008DC3|71065|106478|10000|10000|0||100.0418|96.35036|0|-0.1863961|2602|0|0|01|04000BE2|0|41200000|10675739||6ff18f74d08092ffd5894ad692980cf9
37|2021-09-26T12:08:20.3680000+01:00|107629AA|Joeson Lmoa|00008DC8|81645|106059|10000|10000|0||99.93127|96.91003|0|-0.6032953|1700|0|0|02|03000BE2|0|C1200000|10675739|050041CE|0|41700000|107629AA||294f319454eeffedb00b5bb3c4516d83
26|2021-09-26T12:08:20.3680000+01:00|78e|Troubadour|15.00|107629AA|Joeson Lmoa|107629AA|Joeson Lmoa|00|106059|106059||db93a8c90f882824a8af77702c1e03bb
20|2021-09-26T12:08:20.3680000+01:00|107401EC|Raesa Velan|DF9|Fire IV|40011DEA|Liquid Hand|2.62|99.53455|95.68933|0|0.1883469||908af64334872b4afbcd3b75d4cc1ec2
38|2021-09-26T12:08:20.3680000+01:00|1068703B|Tomo Uchuu|00505026|71065|106478|10000|10000|0|0|100.0418|96.35036|0|-0.1863961|0|0|0|14016A|41F00000|E0000000|0A0168|41F00000|E0000000|071F|42700000|1068703B|28FE0030|450F2162|1068703B|0762|411F4396|10675739|08AA|404D709A|107629AA|012B|40533329|1057B8A2|071D|4230E3D4|1068703B|0737|4230E3D4|1068703B|0|0|0|0|0|0|0|0|0|0344|3F862523|10675739||af993b969b98fe2c291830dc86425522
21|2021-09-26T12:08:20.4120000+01:00|1057B8A2|Alex Knightfall|409F|Fey Blessing|1057B8A2|Alex Knightfall|6033D|EF0000|0|0|0|0|0|0|0|0|0|0|0|0|0|0|64904|97285|3966|10000|0|1000|99.56506|96.57422|0|0.2182598|64904|97285|3966|10000|0|1000|99.56506|96.57422|0|0.2182598|00008DCB|0|4cd442684b32efac1116a0b7d846c852
21|2021-09-26T12:08:20.4120000+01:00|107ABEEC|Greiyan Fletz|07|Attack|40011D69|Living Liquid|710203|15950000|0|0|0|0|0|0|0|0|0|0|0|0|0|0|2310989|12889320|10000|10000|0|1000|100.4196|100.328|0|-0.0863359|74322|106544|10000|10000|0|1000|103.2888|96.53036|-0.001948286|-2.184266|00008DCC|0|4bf64f1267efd74fdb8c891a46bd478e
37|2021-09-26T12:08:20.4560000+01:00|40011DEA|Liquid Hand|00008DC7|2527303|12889320|10000|10000|0||97.64246|100.267|0|-0.7757747|01|0|0|0||f19a1c749b605ff427e72ca51687b2b9
37|2021-09-26T12:08:20.4560000+01:00|1057B8A2|Alex Knightfall|00008DC7|64904|97285|3966|10000|0||99.56506|96.57422|0|0.2182598|1C01|0|0|01|03000BE2|0|C1200000|10675739||b72810aa2f371ef795b86dcb5579c2c5
22|2021-09-26T12:08:20.4560000+01:00|40011D69|Living Liquid|49B2|Splash|107629AA|Joeson Lmoa|650003|3FB00000|1B|49B28000|0|0|0|0|0|0|0|0|0|0|0|0|81645|106059|10000|10000|0|1000|99.93127|96.91003|0|-0.6032953|2310989|12889320|10000|10000|0|1000|100.4196|100.328|0|-0.0863359|00008DCD|0|4e328f95a254540dc3dd167de82b45fc
22|2021-09-26T12:08:20.4560000+01:00|40011D69|Living Liquid|49B2|Splash|1057B8A2|Alex Knightfall|650003|3FA50000|1B|49B28000|0|0|0|0|0|0|0|0|0|0|0|0|64904|97285|3966|10000|0|1000|99.56506|96.57422|0|0.2182598|2310989|12889320|10000|10000|0|1000|100.4196|100.328|0|-0.0863359|00008DCD|1|6041045f565969201e74c174ae796641
22|2021-09-26T12:08:20.4560000+01:00|40011D69|Living Liquid|49B2|Splash|1068703B|Tomo Uchuu|650003|478F0000|1B|49B28000|0|0|0|0|0|0|0|0|0|0|0|0|71065|106478|10000|10000|0|1000|100.0418|96.35036|0|-0.1926799|2310989|12889320|10000|10000|0|1000|100.4196|100.328|0|-0.0863359|00008DCD|2|489a0d233f14893a6bee6e4372511e69
22|2021-09-26T12:08:20.4560000+01:00|40011D69|Living Liquid|49B2|Splash|107401EC|Raesa Velan|650003|40A80000|1B|49B28000|0|0|0|0|0|0|0|0|0|0|0|0|62819|96887|10000|10000|0|1000|99.53455|95.68933|0|0.1883469|2310989|12889320|10000|10000|0|1000|100.4196|100.328|0|-0.0863359|00008DCD|3|2db5ec54955a0a8ce6163ededcd2212c
22|2021-09-26T12:08:20.4560000+01:00|40011D69|Living Liquid|49B2|Splash|107ABEEC|Greiyan Fletz|650003|45B70000|1B|49B28000|0|0|0|0|0|0|0|0|0|0|0|0|74322|106544|10000|10000|0|1000|103.2888|96.53036|-0.001948286|-2.184266|2310989|12889320|10000|10000|0|1000|100.4196|100.328|0|-0.0863359|00008DCD|4|735f560b6cd1bfb0e4049efccc13d8f4
22|2021-09-26T12:08:20.4560000+01:00|40011D69|Living Liquid|49B2|Splash|1075A2E4|Niru Summers|650003|2A750000|1B|49B28000|0|0|0|0|0|0|0|0|0|0|0|0|109095|153077|10000|10000|0|1000|103.5987|103.8621|0|-2.321566|2310989|12889320|10000|10000|0|1000|100.4196|100.328|0|-0.0863359|00008DCD|5|17a981da90ddeeab69539be4932504df
22|2021-09-26T12:08:20.4560000+01:00|40011D69|Living Liquid|49B2|Splash|10675739|Jasy Heavensong|650003|3FDC0000|1B|49B28000|0|0|0|0|0|0|0|0|0|0|0|0|65705|97086|9436|10000|0|1000|99.39937|95.05703|0|-2.432479|2310989|12889320|10000|10000|0|1000|100.4196|100.328|0|-0.0863359|00008DCD|6|2eb6017a589f363a6e9b5395af18f0d0
22|2021-09-26T12:08:20.4560000+01:00|40011D69|Living Liquid|49B2|Splash|10752D6C|Volkon Vysk|650003|1B240000|1B|49B28000|0|0|0|0|0|0|0|0|0|0|0|0|100435|152511|10000|10000|0|1000|95.24357|102.6516|-0.007250039|2.237483|2310989|12889320|10000|10000|0|1000|100.4196|100.328|0|-0.0863359|00008DCD|7|3d880244f531797753e41b55b8d93518
37|2021-09-26T12:08:20.5000000+01:00|1057B8A2|Alex Knightfall|00008DC3|64904|97285|3966|10000|0||99.56506|96.57422|0|0.2182598|1C03|0|0|01|03000BE2|0|41200000|10675739||37354cc8d8337db8237f76295eb7b971
37|2021-09-26T12:08:20.5000000+01:00|1057B8A2|Alex Knightfall|00008DC8|64904|97285|3966|10000|0||99.56506|96.57422|0|0.2182598|1C01|0|0|01|04000C0E|0|41700000|107629AA||9b23e85ffbabff62a7ac409a5be0ccad
26|2021-09-26T12:08:20.5000000+01:00|78e|Troubadour|15.00|107629AA|Joeson Lmoa|1057B8A2|Alex Knightfall|00|97285|106059||bbafb3e2d4f2d6869933f3bf5837a0ce
37|2021-09-26T12:08:20.5000000+01:00|107629AA|Joeson Lmoa|00008DC8|81645|106059|10000|10000|0||99.93127|96.91003|0|-0.6032953|1701|0|0|01|03000BE2|0|C1200000|10675739||1d85eb4c856e0cb2ce76f4399dc09b41
21|2021-09-26T12:08:20.5000000+01:00|1068703B|Tomo Uchuu|07|Attack|40011DEA|Liquid Hand|720303|223E0000|0|0|0|0|0|0|0|0|0|0|0|0|0|0|2537209|12889320|10000|10000|0|1000|97.64246|100.267|0|-0.7757747|71065|106478|10000|10000|0|1000|100.0418|96.35036|0|-0.1926799|00008DCE|0|72fb89ba017a454120edb93f0b26ee57
38|2021-09-26T12:08:20.5000000+01:00|1057B8A2|Alex Knightfall|0050501C|64904|97285|3966|10000|0|0|99.56506|96.57422|0|0.2182598|0|0|0|0A016D|41F00000|E0000000|1E016C|41F00000|E0000000|28FE0030|44D4BB71|1057B8A2|0762|411F4BC7|10675739|078E|416F4BC7|107629AA|04B4|4115E34E|1057B8A2|0344|3F868775|10675739|08AA|4044FDEB|107629AA|010130|0|1057B8A2|0798|40CCC4BB|1057B8A2|012B|4047EF94|1057B8A2||21ed8b4c18f8224068c1374c9600bdd2
24|2021-09-26T12:08:20.5460000+01:00|40011DEA|Liquid Hand|DoT|0|5E27|2537209|12889320|10000|10000|0|1000|97.64246|100.267|0|-0.7757747||527f891c40358093d6d7258af55899d6
38|2021-09-26T12:08:20.5460000+01:00|40011DEA|Liquid Hand|00505000|2503200|12889320|10000|10000|0|0|97.64246|100.267|0|-0.7757747|0|0|0|0A00A3|412DA9DF|107401EC|072E|415872B3|10752D6C|04CC|4003A18E|107ABEEC|2804B1|41E26C88|107629AA|04A9|40FE3545|1075A2E4|2804B0|41E26C88|107629AA|0759|41889B82|10675739|072D|41AAD4E6|10752D6C||3768d1bf62b5ce46fbd9e8d47eab3cab
37|2021-09-26T12:08:20.6340000+01:00|107629AA|Joeson Lmoa|00008DC3|81645|106059|10000|10000|0||99.93127|96.91003|0|-0.6032953|1704|0|0|01|03000BE2|0|41200000|10675739||19f0924fdcd069345f89f98501b84452
37|2021-09-26T12:08:20.6340000+01:00|1068703B|Tomo Uchuu|00008DC8|71065|106478|10000|10000|0||100.0418|96.35036|0|-0.2031517|2602|0|0|01|09000C0E|0|41700000|107629AA||29716f8cd9ca3228032dc05cf8bddf09
26|2021-09-26T12:08:20.6340000+01:00|78e|Troubadour|15.00|107629AA|Joeson Lmoa|1068703B|Tomo Uchuu|00|106478|106059||9f0452553d562354ee09d1155dc5073a
38|2021-09-26T12:08:20.6340000+01:00|107629AA|Joeson Lmoa|00505017|81645|106059|10000|10000|0|0|99.93127|96.91003|0|-0.6032953|0|0|0|0A016D|41F00000|E0000000|0A0168|41F00000|E0000000|28FE0030|450E7475|107629AA|0762|411F47AE|10675739|012B|403F5C1F|1057B8A2|078E|416B020E|107629AA|0|0|0|0|0|0|0344|3EC3135E|10675739||cee7b0e6ad1b3964398fe41c063638f0
37|2021-09-26T12:08:20.6780000+01:00|107629AA|Joeson Lmoa|00008DC5|81645|106059|10000|10000|0||99.93127|96.91003|0|-0.6032953|1700|0|0|01|060005BB|0|41A80000|40011E12||549bc4688565ff10bf1d94f12160a9d8
26|2021-09-26T12:08:20.6780000+01:00|13b|Whispering Dawn|21.00|40011E12|Eos|107629AA|Joeson Lmoa|00|106059|92601||cafb2d800ff0da4eeaa59becb75ac4cc
21|2021-09-26T12:08:20.7220000+01:00|107629AA|Joeson Lmoa|DE6|Empyreal Arrow|40011D69|Living Liquid|720003|25DB0000|1B|DE68000|0|0|0|0|0|0|0|0|0|0|0|0|2310989|12889320|10000|10000|0|1000|100.4196|100.328|0|-0.0863359|81645|106059|10000|10000|0|1000|99.93127|96.91003|0|-0.6032953|00008DCF|0|a58c49188dbe40b2b5fc289056514332
37|2021-09-26T12:08:20.7670000+01:00|107ABEEC|Greiyan Fletz|00008DC3|74322|106544|10000|10000|0||101.9775|95.88987|-0.001715353|-2.019513|2205|0|0|01|0B000BE2|0|41200000|10675739||63903dada2f86849fc8c0f2410d00bf3
37|2021-09-26T12:08:20.7670000+01:00|107401EC|Raesa Velan|00008DC8|62819|96887|10000|10000|0||99.53455|95.68933|0|-0.2414887|1903|0|0|01|05000C0E|0|41700000|107629AA||973af29d98c4a9cd7abcdde611715a28
26|2021-09-26T12:08:20.7670000+01:00|78e|Troubadour|15.00|107629AA|Joeson Lmoa|107401EC|Raesa Velan|00|96887|106059||2b7a20bce1b679ffa1ad2586402273f8
38|2021-09-26T12:08:20.7670000+01:00|107ABEEC|Greiyan Fletz|00505022|74322|106544|10000|10000|0|0|101.9775|95.88987|-0.001715353|-2.019513|0|0|0|0720|42700000|1068703B|14016A|41F00000|E0000000|0A0168|41F00000|E0000000|28FE0030|450E7535|107ABEEC|075D|41245E41|10675739|0104D1|40D27F17|107ABEEC|012B|4036D90D|1057B8A2|0839|422F4B44|1068703B|0737|422F4B44|1068703B|08AA|4031167E|107629AA|0513|418F8984|107ABEEC|0762|411F47AE|10675739|0|0|0|0344|3EC3968A|10675739|0|0|0|0|0|0|0512|3F487D2D|107ABEEC||6d816b16113900a9f081813ca2d646e4
26|2021-09-26T12:08:20.7670000+01:00|720|Dance Partner|60.00|1068703B|Tomo Uchuu|107ABEEC|Greiyan Fletz|00|106544|106478||d58f195ce7b7cebc7c5118a6d94d49ac
37|2021-09-26T12:08:20.8120000+01:00|1057B8A2|Alex Knightfall|00008DC5|64904|97285|3966|10000|0||99.56506|96.57422|0|0.2182598|1C01|0|0|01|0B0005BB|0|41A80000|40011E12||fe25d04c52bb8c51707e9dc9882c11ae
26|2021-09-26T12:08:20.8120000+01:00|13b|Whispering Dawn|21.00|40011E12|Eos|1057B8A2|Alex Knightfall|00|97285|92601||93f74525b7556f99e272f18280165422
37|2021-09-26T12:08:20.8560000+01:00|107629AA|Joeson Lmoa|00008DCD|65341|106059|10000|10000|0||99.93127|96.91003|0|0.1364782|1700|0|0|0||c05c0bf3e9be8217330e3ed337ac7067
37|2021-09-26T12:08:20.9020000+01:00|10752D6C|Volkon Vysk|00008DC3|100435|152511|10000|10000|0||95.23157|102.678|0|2.241612|2506|0|0|01|07000BE2|0|41200000|10675739||3c205bfd67df9350904c3973b95a98dd
37|2021-09-26T12:08:20.9020000+01:00|1057B8A2|Alex Knightfall|00008DCD|48611|97285|3966|10000|0||99.56506|96.57422|0|0.2182598|1C01|0|0|0||c540e963f654a39d4fd667fafba51a13
37|2021-09-26T12:08:20.9020000+01:00|10752D6C|Volkon Vysk|00008DC9|100435|152511|10000|10000|0||95.23157|102.678|0|2.241612|2500|0|0|01|0B000BAB|0|41900000|10752D6C||d0a9e9e62c83c81b864ca4ea7da1ce36
26|2021-09-26T12:08:20.9020000+01:00|72b|Aurora|18.00|10752D6C|Volkon Vysk|10752D6C|Volkon Vysk|00|152511|152511||ded7982439d35b98b5749242a3da0421
37|2021-09-26T12:08:20.9020000+01:00|10675739|Jasy Heavensong|00008DC8|65705|97086|9436|10000|0||99.32092|94.86523|0|3.120787|2104|0|0|01|06000C0E|0|41700000|107629AA||b8ffc5904998402415cb1c8d491c1644
26|2021-09-26T12:08:20.9020000+01:00|78e|Troubadour|15.00|107629AA|Joeson Lmoa|10675739|Jasy Heavensong|00|97086|106059||7fb0a1a2169fd9f4fd569ee0791a5fdf
37|2021-09-26T12:08:20.9020000+01:00|40011D69|Living Liquid|00008DCA|2304347|12889320|10000|10000|0||100.4196|100.328|0|-0.0863359||9c89918759482c6664cbd58b40efd58f
20|2021-09-26T12:08:20.9020000+01:00|10675739|Jasy Heavensong|E11|Aspected Helios|10675739|Jasy Heavensong|1.90|99.32092|94.86523|0|3.120787||32f3259f53b21a1e96a31690d4e9a880
38|2021-09-26T12:08:20.9020000+01:00|10675739|Jasy Heavensong|00505021|65705|97086|9436|10000|0|0|99.32092|94.86523|0|3.120787|0|0|0|0A0168|41F00000|E0000000|0F016B|41F00000|E0000000|0762|41126E9B|10675739|28FE0030|450E6CA1|10675739|04E0|40BF7CEF|10675739|08AA|402B53EF|107629AA|078E|416F47AE|107629AA|0347|0|10675739|0|0|0|012B|4031167E|1057B8A2||b7a592784b87d124bd07f2e4bdefb1b5
30|2021-09-26T12:08:20.9020000+01:00|344|Aspected Helios|0.00|10675739|Jasy Heavensong|10675739|Jasy Heavensong|00|97086|97086||d8cb0373438f7d052bd6f8d35a641ff9
38|2021-09-26T12:08:20.9020000+01:00|10752D6C|Volkon Vysk|00505025|100435|152511|10000|10000|0|0|95.23157|102.678|0|2.241612|0|0|0|14016A|41F00000|E0000000|0A0168|41F00000|E0000000|28FD0030|450FBC82|10752D6C|072A|411D3759|10752D6C|08AA|402B53EF|107629AA|012B|4031167E|1057B8A2|0730|408E8F50|10752D6C|0762|411F47AE|10675739|0727|40E0FDEC|10752D6C|0343|41592B06|10675739|0344|3F6AC10B|10675739|072B|418FA3D7|10752D6C|0|0|0|0|0|0|0|0|0|0729|0|10752D6C||bc6a670d4572d93ad7564f79573b1617
37|2021-09-26T12:08:20.9460000+01:00|1068703B|Tomo Uchuu|00008DC5|71065|106478|10000|10000|0||100.0418|96.35036|0|-0.213624|2602|0|0|01|0A0005BB|0|41A80000|40011E12||916144740646769d92ff1445bf885e20
26|2021-09-26T12:08:20.9460000+01:00|13b|Whispering Dawn|21.00|40011E12|Eos|1068703B|Tomo Uchuu|00|106478|92601||7ce485381c51aa4023f5d06e8aea7561
37|2021-09-26T12:08:20.9460000+01:00|1068703B|Tomo Uchuu|00008DCD|52746|106478|10000|10000|0||100.0418|96.35036|0|-0.213624|2602|0|0|0||c25868729d13d00a632e120ba5172e54
37|2021-09-26T12:08:20.9470000+01:00|40011D69|Living Liquid|00008DCC|2298822|12889320|10000|10000|0||100.4196|100.328|0|-0.0863359||b583258b9dd97a6151f645741634de0a
37|2021-09-26T12:08:20.9900000+01:00|107401EC|Raesa Velan|00008DCD|46267|96887|10000|10000|0||99.53455|95.68933|0|-0.3935199|1903|0|0|0||d8700906949d6f70a0d7f8fea3a45993
37|2021-09-26T12:08:21.0360000+01:00|1075A2E4|Niru Summers|00008DC3|109095|153077|10000|10000|0||103.973|104.1012|-0.0006101421|-2.270374|1507|0|0|01|04000BE2|0|41200000|10675739||b4903453f16aac6579d09c8ccd808240
37|2021-09-26T12:08:21.0360000+01:00|40011DEA|Liquid Hand|00008DCE|2494434|12889320|10000|10000|0||97.64246|100.267|0|-0.7757747||0dd009dbe1838abf174d4bb7b689e479
37|2021-09-26T12:08:21.0360000+01:00|107ABEEC|Greiyan Fletz|00008DCD|56475|106544|10000|10000|0||101.6948|95.72806|-0.002005289|-2.043786|2204|0|0|0||fa272d1650bd16848885ed204cd19234
37|2021-09-26T12:08:21.0360000+01:00|107ABEEC|Greiyan Fletz|00008DC8|56475|106544|10000|10000|0||101.6948|95.72806|-0.002005289|-2.043786|2205|0|0|01|0C000C0E|0|41700000|107629AA||6b4461ed5fbed5cbe828c2a8b730eeea
26|2021-09-26T12:08:21.0360000+01:00|78e|Troubadour|15.00|107629AA|Joeson Lmoa|107ABEEC|Greiyan Fletz|00|106544|106059||540e97d437c997e51a35305f3380f541
21|2021-09-26T12:08:21.0360000+01:00|107629AA|Joeson Lmoa|08|Shot|40011D69|Living Liquid|720003|F3D0000|0|0|0|0|0|0|0|0|0|0|0|0|0|0|2304347|12889320|10000|10000|0|1000|100.4196|100.328|0|-0.0863359|65341|106059|10000|10000|0|1000|99.93127|96.91003|0|0.1364782|00008DD0|0|4cad1eac83c9b7b499e18aedbcc7b885
38|2021-09-26T12:08:21.0360000+01:00|107629AA|Joeson Lmoa|00505017|65341|106059|10000|10000|0|0|99.93127|96.91003|0|0.1364782|0|0|0|0A016D|41F00000|E0000000|0A0168|41F00000|E0000000|28FE0030|450E6E0D|107629AA|0762|4118DD30|10675739|012B|4025B223|1057B8A2|078E|41649790|107629AA|013B|41A4CABF|40011E12||5e89a2028fa86fe1bd0cbc3a3318b909
30|2021-09-26T12:08:21.0360000+01:00|344|Aspected Helios|0.00|10675739|Jasy Heavensong|107629AA|Joeson Lmoa|00|106059|97086||586599bcbc710da7a7552fed04ce86f6
38|2021-09-26T12:08:21.0360000+01:00|1075A2E4|Niru Summers|00505015|109095|153077|10000|10000|0|0|103.973|104.1012|-0.0006101421|-2.270374|0|0|0|0A016D|41F00000|E0000000|0A0168|41F00000|E0000000|5B|0|1075A2E4|28FD0030|450FD8EA|1075A2E4|0762|411F47AE|10675739|0344|3F2666FF|10675739|012B|4025B223|1057B8A2|08AA|401FEF94|107629AA|0|0|0|5A|4269C196|1075A2E4||f2e26fc052453b706b6597d0e93c3f2b
37|2021-09-26T12:08:21.0800000+01:00|1075A2E4|Niru Summers|00008DC5|109095|153077|10000|10000|0||103.9774|104.104|0|-2.271098|1503|0|0|01|080005BB|0|41A80000|40011E12||d25d3f55241dcbb45e31de85aa83812c
26|2021-09-26T12:08:21.0800000+01:00|13b|Whispering Dawn|21.00|40011E12|Eos|1075A2E4|Niru Summers|00|153077|92601||548fced1bc7f450883fe4770a046f8ed
37|2021-09-26T12:08:21.0800000+01:00|1075A2E4|Niru Summers|00008DCD|98226|153077|10000|10000|0||103.9774|104.104|0|-2.271098|1505|0|0|0||99b7370bfa47a1c9cd946eb36572ad38
21|2021-09-26T12:08:21.0800000+01:00|1068703B|Tomo Uchuu|3E75|Cascade|40011DEA|Liquid Hand|720203|383F0000|F|7168000|1B|3E758000|0|0|0|0|0|0|0|0|0|0|2494434|12889320|10000|10000|0|1000|97.64246|100.267|0|-0.7757747|52746|106478|10000|10000|0|1000|100.0418|96.35036|0|-0.5496476|00008DD1|0|4bb0ca77594398ec8790a12cf957c479
21|2021-09-26T12:08:21.0800000+01:00|40011DEA|Liquid Hand|4979|Unknown_4979|10752D6C|Volkon Vysk|730003|46A80000|0|0|0|0|0|0|0|0|0|0|0|0|0|0|100435|152511|10000|10000|0|1000|95.23157|102.678|0|2.241612|2494434|12889320|10000|10000|0|1000|97.64246|100.267|0|-0.7757747|00008DD2|0|13e39c09029e10a43530c55bcde696d3
38|2021-09-26T12:08:21.0800000+01:00|1068703B|Tomo Uchuu|00505026|52746|106478|10000|10000|0|0|100.0418|96.35036|0|-0.5496476|0|0|0|14016A|41F00000|E0000000|0A0168|41F00000|E0000000|071F|42700000|1068703B|28FE0030|450F1606|1068703B|0762|4113E357|10675739|08AA|401FEF95|107629AA|012B|4025B224|1057B8A2|071D|422E0BCA|1068703B|0737|422E0BCA|1068703B|078E|416828F7|107629AA|013B|41A69374|40011E12|0716|C1A00000|1068703B|0344|3EAC8C55|10675739||a00fbc182aab12b1c9744cb745b88e08
26|2021-09-26T12:08:21.0800000+01:00|71f|Closed Position|60.00|1068703B|Tomo Uchuu|1068703B|Tomo Uchuu|00|106478|106478||3d71a13a9b82bab8a9697bbf28c7a965
26|2021-09-26T12:08:21.0800000+01:00|716|Flourishing Cascade|20.00|1068703B|Tomo Uchuu|1068703B|Tomo Uchuu|00|106478|106478||d5065ba0c9eebba06df23bbc9f06b7e4
37|2021-09-26T12:08:21.1230000+01:00|10675739|Jasy Heavensong|00008DCD|49357|97086|9436|10000|0||99.32092|94.86523|0|3.120787|2106|0|0|0||481131ed39026b11acae53e7c2d24ca6
21|2021-09-26T12:08:21.1240000+01:00|1075A2E4|Niru Summers|07|Attack|40011D69|Living Liquid|710103|17610000|0|0|0|0|0|0|0|0|0|0|0|0|0|0|2298822|12889320|10000|10000|0|1000|100.4196|100.328|0|-0.0863359|98226|153077|10000|10000|0|1000|103.9774|104.104|0|-2.271098|00008DD3|0|db579d645811cd8bde6b5e67d35aad49
37|2021-09-26T12:08:21.1680000+01:00|10752D6C|Volkon Vysk|00008DCD|93487|152511|10000|10000|0||95.23157|102.678|0|2.241612|2507|0|0|0||f0ae1c72459132f9fb0da6a6875f8f70
37|2021-09-26T12:08:21.1680000+01:00|10752D6C|Volkon Vysk|00008DC8|93487|152511|10000|10000|0||95.23157|102.678|0|2.241612|2506|0|0|01|0C000C0E|0|41700000|107629AA||bc718b1e1905a739a38292ed8e0dbb60
26|2021-09-26T12:08:21.1680000+01:00|78e|Troubadour|15.00|107629AA|Joeson Lmoa|10752D6C|Volkon Vysk|00|152511|106059||f98e9368c8c716d5fc91e74e758bbe83
21|2021-09-26T12:08:21.1680000+01:00|40011D69|Living Liquid|4978|Unknown_4978|1075A2E4|Niru Summers|730003|77F10000|0|0|0|0|0|0|0|0|0|0|0|0|0|0|98226|153077|10000|10000|0|1000|103.9804|104.1059|-0.001296227|-2.276606|2298822|12889320|10000|10000|0|1000|100.4196|100.328|0|-0.0863359|00008DD4|0|a6837f9c21eb31d5e73585cca77727f4
38|2021-09-26T12:08:21.1680000+01:00|107ABEEC|Greiyan Fletz|00505022|56475|106544|10000|10000|0|0|101.5111|95.61474|0|-2.006869|0|0|0|0720|42700000|1068703B|14016A|41F00000|E0000000|0A0168|41F00000|E0000000|28FE0030|450E6ECD|107ABEEC|075D|411DF3C3|10675739|0104D1|40C5AA17|107ABEEC|012B|401D2F11|1057B8A2|0839|422DB0A8|1068703B|0737|422DB0A8|1068703B|08AA|40176C82|107629AA|0513|418C5443|107ABEEC|0762|4118DD30|10675739|078E|416D26EA|107629AA|0|0|0|0|0|0|0|0|0|0512|3EC3AA77|107ABEEC||07b551a9ca756821d2469e806343f4dd
30|2021-09-26T12:08:21.1680000+01:00|344|Aspected Helios|0.00|10675739|Jasy Heavensong|107ABEEC|Greiyan Fletz|00|106544|97086||67681d371a708201a33caa155f5e8647
37|2021-09-26T12:08:21.2130000+01:00|107401EC|Raesa Velan|00008DC5|46267|96887|10000|10000|0||99.53455|95.68933|0|-0.3935199|1904|0|0|01|060005BB|0|41A80000|40011E12||700131ecc714b41e024a348874d5e29d
26|2021-09-26T12:08:21.2130000+01:00|13b|Whispering Dawn|21.00|40011E12|Eos|107401EC|Raesa Velan|00|96887|92601||637cf0ceb711f42823aea97454d2e3ae
38|2021-09-26T12:08:21.2130000+01:00|40011E12|Eos|00505000|92601|92601|10000|10000|0|0|100.1449|100.0533|0|0.7213173|0|0|0|28FE0030|44D4A611|1057B8A2|08AA|401A3D68|107629AA|01077B|41E21682|40011E12|0107AE|41F00000|40011E12||3f936a036ac39ff8b92fcc4de6459aab
26|2021-09-26T12:08:21.2130000+01:00|7ae|Summon Order IV|30.00|40011E12|Eos|40011E12|Eos|01|92601|92601||53ac2c0d9b09346a3b0948c329b0015f
37|2021-09-26T12:08:21.3020000+01:00|1075A2E4|Niru Summers|00008DC8|98226|153077|10000|10000|0||103.9804|104.1059|-0.001296227|-2.276606|1507|0|0|01|0A000C0E|0|41700000|107629AA||c1defccbf4dc66df55e50819de1104da
26|2021-09-26T12:08:21.3020000+01:00|78e|Troubadour|15.00|107629AA|Joeson Lmoa|1075A2E4|Niru Summers|00|153077|106059||161e4e07c81f2b32279daff8dc05908a
38|2021-09-26T12:08:21.3020000+01:00|107401EC|Raesa Velan|00505019|46267|96887|10000|10000|0|0|99.53455|95.68933|0|-0.3935199|0|0|0|0A016D|41F00000|E0000000|0A0168|41F00000|E0000000|29020030|4591ECE8|107401EC|0762|410E28FA|10675739|08AA|400EE970|107629AA|078E|4166BC6C|107629AA|013B|41A6EF9D|40011E12|0|0|0|0|0|0|012B|4014ABFF|1057B8A2||12789ad812dae555c605c02f9790b06c
30|2021-09-26T12:08:21.3020000+01:00|344|Aspected Helios|0.00|10675739|Jasy Heavensong|107401EC|Raesa Velan|00|96887|97086||6ccf9b44ed83326305a0c28910399d52
37|2021-09-26T12:08:21.3460000+01:00|10675739|Jasy Heavensong|00008DC5|49357|97086|9436|10000|0||99.32092|94.86523|0|3.120787|2105|0|0|01|080005BB|0|41A80000|40011E12||f113518babd244d897323fa2b9b0cb2e
26|2021-09-26T12:08:21.3460000+01:00|13b|Whispering Dawn|21.00|40011E12|Eos|10675739|Jasy Heavensong|00|97086|92601||69ab051c21478700405dd1a498366a08
21|2021-09-26T12:08:21.3910000+01:00|107629AA|Joeson Lmoa|65|Raging Strikes|107629AA|Joeson Lmoa|A0E|7D0000|0|0|0|0|0|0|0|0|0|0|0|0|0|0|65341|106059|10000|10000|0|1000|99.93127|96.91003|0|0.1364782|65341|106059|10000|10000|0|1000|99.93127|96.91003|0|0.1364782|00008DD5|0|d488f5a67253c7b67a81fb28248e984f
24|2021-09-26T12:08:21.4360000+01:00|10675739|Jasy Heavensong|HoT|0|DA4|49357|97086|9436|10000|0|1000|99.32092|94.86523|0|3.120787||a7b8a9badf5ec560a5e514aa002337f3
24|2021-09-26T12:08:21.4360000+01:00|10752D6C|Volkon Vysk|HoT|0|5987|93487|152511|10000|10000|0|1000|95.23157|102.678|0|2.241612||afec1854a98c24f98836079b88c748aa
24|2021-09-26T12:08:21.4360000+01:00|1075A2E4|Niru Summers|HoT|0|2961|98226|153077|10000|10000|0|1000|103.9827|104.1074|0|-2.277098||9ca371ce6a1c2bc5585c22f263062afc
38|2021-09-26T12:08:21.4360000+01:00|10675739|Jasy Heavensong|00505021|52849|97086|9436|10000|0|0|99.32092|94.86523|0|3.120787|0|0|0|0A0168|41F00000|E0000000|0F016B|41F00000|E0000000|0762|4109E359|10675739|28FE0030|450E6419|10675739|04E0|40AE6665|10675739|08AA|400926E1|107629AA|078E|4166BC6C|107629AA|0347|0|10675739|013B|41A6ED91|40011E12|012B|400EE970|1057B8A2||79833b58f838eaa3329b04955a267561
38|2021-09-26T12:08:21.4360000+01:00|1068703B|Tomo Uchuu|00505026|52746|106478|10000|10000|0|0|100.0418|96.35036|0|-0.217813|0|0|0|14016A|41F00000|E0000000|0A0168|41F00000|E0000000|071F|42700000|1068703B|28FE0030|450F1056|1068703B|0762|410E312B|10675739|08AA|400926E1|107629AA|012B|400EE970|1057B8A2|071D|422C9F42|1068703B|0737|422C9F42|1068703B|078E|416276CB|107629AA|013B|41A3BA5C|40011E12|0716|C1A00000|1068703B||1deba90fcbe9ad2a7539d96b0ebb91dd
30|2021-09-26T12:08:21.4360000+01:00|344|Aspected Helios|0.00|10675739|Jasy Heavensong|1068703B|Tomo Uchuu|00|106478|97086||a7b165c15c6730c5e5d025813b12df18
38|2021-09-26T12:08:21.4360000+01:00|10752D6C|Volkon Vysk|00505025|116406|152511|10000|10000|0|0|95.23157|102.678|0|2.241612|0|0|0|14016A|41F00000|E0000000|0A0168|41F00000|E0000000|28FD0030|450FB3FA|10752D6C|072A|4114AC17|10752D6C|08AA|400926E1|107629AA|012B|400EE970|1057B8A2|0730|407AF18D|10752D6C|0762|4116BC6C|10675739|0727|40CFE762|10752D6C|0343|41509FC4|10675739|0344|3EC419A2|10675739|072B|418B5E33|10752D6C|078E|416B0626|107629AA|0|0|0|0|0|0|0729|0|10752D6C||d358a449482e439fff524a5cec575700
38|2021-09-26T12:08:21.4360000+01:00|1075A2E4|Niru Summers|00505015|108819|153077|10000|10000|0|0|103.9827|104.1074|0|-2.277098|0|0|0|0A016D|41F00000|E0000000|0A0168|41F00000|E0000000|5B|0|1075A2E4|28FD0030|450FD286|1075A2E4|0762|4118E149|10675739|0344|3E800132|10675739|012B|400C188A|1057B8A2|08AA|400655FB|107629AA|013B|41A4CCCB|40011E12|5A|42682800|1075A2E4|078E|416D26EA|107629AA||98b961c97fc423fc334f471ce1cbb65e
37|2021-09-26T12:08:21.4800000+01:00|107ABEEC|Greiyan Fletz|00008DC5|56475|106544|10000|10000|0||101.3692|95.53156|-0.001548627|-1.93868|2206|0|0|01|0D0005BB|0|41A80000|40011E12||0ff474a0e3a0ee237ddda1664096f229
26|2021-09-26T12:08:21.4800000+01:00|13b|Whispering Dawn|21.00|40011E12|Eos|107ABEEC|Greiyan Fletz|00|106544|92601||be59bef5250b5bb31cadf4ceb456c369
24|2021-09-26T12:08:21.5250000+01:00|1068703B|Tomo Uchuu|HoT|0|CB5|52746|106478|10000|10000|0|1000|100.0418|96.35036|0|-0.1591697||b9508fcf4ea49031cc9a7ac8e749b435
38|2021-09-26T12:08:21.5250000+01:00|1068703B|Tomo Uchuu|00505026|55999|106478|10000|10000|0|0|100.0418|96.35036|0|-0.1591697|0|0|0|14016A|41F00000|E0000000|0A0168|41F00000|E0000000|071F|42700000|1068703B|28FE0030|450F0EE6|1068703B|0762|410CC087|10675739|08AA|40036451|107629AA|012B|400926E0|1057B8A2|071D|422C431A|1068703B|0737|422C431A|1068703B|078E|41610627|107629AA|013B|41A3020A|40011E12|0716|C1A00000|1068703B||dd3f74271489971f6468710e422bbe9f
22|2021-09-26T12:08:21.5710000+01:00|40011D69|Living Liquid|49B2|Splash|107629AA|Joeson Lmoa|650003|3C510000|1B|49B28000|0|0|0|0|0|0|0|0|0|0|0|0|65341|106059|10000|10000|0|1000|99.93127|96.91003|0|0.1364782|2298822|12889320|10000|10000|0|1000|100.4196|100.328|0|-0.0863359|00008DD6|0|fcd47812a5c2e69be9d26494e21b4912
22|2021-09-26T12:08:21.5710000+01:00|40011D69|Living Liquid|49B2|Splash|1057B8A2|Alex Knightfall|650003|395E0000|1B|49B28000|0|0|0|0|0|0|0|0|0|0|0|0|48611|97285|3966|10000|0|1000|99.56506|96.57422|0|0.2182598|2298822|12889320|10000|10000|0|1000|100.4196|100.328|0|-0.0863359|00008DD6|1|86a58670e753afdf850428ad04ec4542
22|2021-09-26T12:08:21.5710000+01:00|40011D69|Living Liquid|49B2|Splash|1068703B|Tomo Uchuu|650003|3E960000|1B|49B28000|0|0|0|0|0|0|0|0|0|0|0|0|55999|106478|10000|10000|0|1000|100.0418|96.35036|0|-0.169642|2298822|12889320|10000|10000|0|1000|100.4196|100.328|0|-0.0863359|00008DD6|2|677b1b5486308b3a8937b193b8d40042
22|2021-09-26T12:08:21.5710000+01:00|40011D69|Living Liquid|49B2|Splash|107401EC|Raesa Velan|650003|38460000|1B|49B28000|0|0|0|0|0|0|0|0|0|0|0|0|46267|96887|10000|10000|0|1000|99.53455|95.68933|0|-0.3935199|2298822|12889320|10000|10000|0|1000|100.4196|100.328|0|-0.0863359|00008DD6|3|b87683f9e4dab198e70c22730ab842d4
22|2021-09-26T12:08:21.5710000+01:00|40011D69|Living Liquid|49B2|Splash|107ABEEC|Greiyan Fletz|650003|40EF0000|1B|49B28000|0|0|0|0|0|0|0|0|0|0|0|0|56475|106544|10000|10000|0|1000|101.2919|95.51225|0|-1.872785|2298822|12889320|10000|10000|0|1000|100.4196|100.328|0|-0.0863359|00008DD6|4|422b569204f0770b5d82e836a2dcfd25
22|2021-09-26T12:08:21.5710000+01:00|40011D69|Living Liquid|49B2|Splash|1075A2E4|Niru Summers|650003|279B0000|1B|49B28000|0|0|0|0|0|0|0|0|0|0|0|0|108819|153077|10000|10000|0|1000|103.9877|104.1105|-0.001975716|-2.278715|2298822|12889320|10000|10000|0|1000|100.4196|100.328|0|-0.0863359|00008DD6|5|c61fc2d38c8d2d4dff7a1854f0762c81
22|2021-09-26T12:08:21.5710000+01:00|40011D69|Living Liquid|49B2|Splash|10675739|Jasy Heavensong|650003|388D0000|1B|49B28000|0|0|0|0|0|0|0|0|0|0|0|0|52849|97086|9436|10000|0|1000|99.32092|94.86523|0|3.120787|2298822|12889320|10000|10000|0|1000|100.4196|100.328|0|-0.0863359|00008DD6|6|d766a7fb10ec199f3a5c594890f43aaa
22|2021-09-26T12:08:21.5710000+01:00|40011D69|Living Liquid|49B2|Splash|10752D6C|Volkon Vysk|650003|16E40000|1B|49B28000|0|0|0|0|0|0|0|0|0|0|0|0|116406|152511|10000|10000|0|1000|95.23157|102.678|0|2.241612|2298822|12889320|10000|10000|0|1000|100.4196|100.328|0|-0.0863359|00008DD6|7|e0c87c9b4c31e7dd27000e888aa00e6f
24|2021-09-26T12:08:21.5710000+01:00|107629AA|Joeson Lmoa|HoT|0|CBE|65341|106059|10000|10000|0|1000|99.93127|96.91003|0|0.1364782||daf7460d5d22ea04bd8e05a02ff267f5
22|2021-09-26T12:08:21.5710000+01:00|10752D6C|Volkon Vysk|3F0D|Demon Slice|40011DEA|Liquid Hand|710103|1D250000|1B|3F0D8000|0|0|0|0|0|0|0|0|0|0|0|0|2494434|12889320|10000|10000|0|1000|97.64246|100.267|0|-0.7757747|116406|152511|10000|10000|0|1000|95.23157|102.678|0|2.241612|00008DD7|0|d1e3a150e163e122ab886cfe34af198d
22|2021-09-26T12:08:21.5710000+01:00|10752D6C|Volkon Vysk|3F0D|Demon Slice|40011D69|Living Liquid|710103|1B500000|1B|3F0D8000|0|0|0|0|0|0|0|0|0|0|0|0|2298822|12889320|10000|10000|0|1000|100.4196|100.328|0|-0.0863359|116406|152511|10000|10000|0|1000|95.23157|102.678|0|2.241612|00008DD7|1|813c539ee8cb6a456d6984dba8c434b8
38|2021-09-26T12:08:21.5710000+01:00|40011E12|Eos|00505000|92601|92601|10000|10000|0|0|100.1449|100.0533|0|1.303403|0|0|0|28FE0030|44D4993C|1057B8A2|08AA|40A00000|107629AA|01077B|41DEE141|40011E12|0107AE|41ECCABF|40011E12||13167a481282f079f1c4d19730c9dfae
26|2021-09-26T12:08:21.5710000+01:00|8aa|Army's Paeon|5.00|107629AA|Joeson Lmoa|40011E12|Eos|00|92601|106059||6e30b53d9534d4f55f00cafd7c104636
38|2021-09-26T12:08:21.5710000+01:00|10675739|Jasy Heavensong|00505021|52849|97086|9436|10000|0|0|99.32092|94.86523|0|3.120787|0|0|0|0A0168|41F00000|E0000000|0F016B|41F00000|E0000000|0762|4107BE7C|10675739|28FE0030|450E61F5|10675739|04E0|40AA1CAA|10675739|08AA|40A00000|107629AA|078E|4164978F|107629AA|0347|0|10675739|013B|41A5DB22|40011E12|012B|400655FB|1057B8A2||1539c3b9502affa8a42e4710d3f3bb9a
26|2021-09-26T12:08:21.5710000+01:00|8aa|Army's Paeon|5.00|107629AA|Joeson Lmoa|10675739|Jasy Heavensong|00|97086|106059||0d4099fcd45806040d8a0a2206304a71
38|2021-09-26T12:08:21.5710000+01:00|1068703B|Tomo Uchuu|00505026|55999|106478|10000|10000|0|0|100.0418|96.35036|0|-0.169642|0|0|0|14016A|41F00000|E0000000|0A0168|41F00000|E0000000|071F|42700000|1068703B|28FE0030|450F0E32|1068703B|0762|410C0C4E|10675739|08AA|40A00000|107629AA|012B|400655FB|1057B8A2|071D|422C160C|1068703B|0737|422C160C|1068703B|078E|416051EE|107629AA|013B|41A2A7ED|40011E12|0716|C1A00000|1068703B||87436fa03291af138807bee0c94077aa
26|2021-09-26T12:08:21.5710000+01:00|8aa|Army's Paeon|5.00|107629AA|Joeson Lmoa|1068703B|Tomo Uchuu|00|106478|106059||5205c916c7e460d8114536c13929cc73
38|2021-09-26T12:08:21.5710000+01:00|40011E3B|Earthly Star|00505000|92424|92424|10000|10000|0|0|99.06918|99.95715|0|-0.6909251|0|0|0|28FE0030|450E61F5|10675739|08AA|40A00000|107629AA||a3a172bd267bbe6201c54af04e4550ee
26|2021-09-26T12:08:21.5710000+01:00|8aa|Army's Paeon|5.00|107629AA|Joeson Lmoa|40011E3B|Earthly Star|00|92424|106059||a9329dc0526aee97f72b3342fdd87526
38|2021-09-26T12:08:21.5710000+01:00|10752D6C|Volkon Vysk|00505025|116406|152511|10000|10000|0|0|95.23157|102.678|0|2.241612|0|0|0|14016A|41F00000|E0000000|0A0168|41F00000|E0000000|28FD0030|450FB1D6|10752D6C|072A|4112873A|10752D6C|08AA|40A00000|107629AA|012B|400655FB|1057B8A2|0730|40725E18|10752D6C|0762|4114978F|10675739|0727|40CB9DA7|10752D6C|0343|414E7AE7|10675739|0344|3E7EFBF6|10675739|072B|418A4BC4|10752D6C|078E|4168E149|107629AA|0|0|0|0|0|0|0729|0|10752D6C||0b4d745d6f921f454af0594151fc96db
26|2021-09-26T12:08:21.5710000+01:00|8aa|Army's Paeon|5.00|107629AA|Joeson Lmoa|10752D6C|Volkon Vysk|00|152511|106059||0832efd79fe668e65ab7fc64655899c7
38|2021-09-26T12:08:21.5710000+01:00|1057B8A2|Alex Knightfall|0050501C|48611|97285|3966|10000|0|0|99.56506|96.57422|0|0.2182598|0|0|0|0A016D|41F00000|E0000000|1E016C|41F00000|E0000000|28FE0030|44D4993C|1057B8A2|0762|410E312A|10675739|078E|415E312A|107629AA|04B4|4104C8B1|1057B8A2|0|0|0|08AA|40A00000|107629AA|010130|0|1057B8A2|0798|40AA8F76|1057B8A2|012B|40038515|1057B8A2|013B|41A1957E|40011E12||341eb29f10af57a4be02e36a788d5320
30|2021-09-26T12:08:21.5710000+01:00|344|Aspected Helios|0.00|10675739|Jasy Heavensong|1057B8A2|Alex Knightfall|00|97285|97086||fa69236f77e4ddde7d0ca16755a6b8f6
26|2021-09-26T12:08:21.5710000+01:00|8aa|Army's Paeon|5.00|107629AA|Joeson Lmoa|1057B8A2|Alex Knightfall|00|97285|106059||387a6c9cc23f0910f858d5a02c240917
38|2021-09-26T12:08:21.5710000+01:00|107629AA|Joeson Lmoa|00505017|68603|106059|10000|10000|0|0|99.93127|96.91003|0|0.1364782|0|0|0|0A016D|41F00000|E0000000|0A0168|41F00000|E0000000|28FE0030|450E6585|107629AA|0762|411051EE|10675739|012B|40038515|1057B8A2|078E|415C0C4E|107629AA|013B|41A0851B|40011E12||1fed5f35022862566f5ba2feaa1ff401
38|2021-09-26T12:08:21.5710000+01:00|1075A2E4|Niru Summers|00505015|108819|153077|10000|10000|0|0|103.9877|104.1105|-0.001975716|-2.278715|0|0|0|0A016D|41F00000|E0000000|0A0168|41F00000|E0000000|5B|0|1075A2E4|28FD0030|450FD062|1075A2E4|0762|4116BC6C|10675739|0344|3DED9630|10675739|012B|40038515|1057B8A2|08AA|409E978D|107629AA|013B|41A3BA5C|40011E12|5A|42679ECA|1075A2E4|078E|416B020D|107629AA||a8393e8b6ba2ac5f44189b08bbb5812e
26|2021-09-26T12:08:21.5710000+01:00|8aa|Army's Paeon|4.96|107629AA|Joeson Lmoa|1075A2E4|Niru Summers|00|153077|106059||bd4cb6845d7ded858081819b2a3035f7
38|2021-09-26T12:08:21.5710000+01:00|107ABEEC|Greiyan Fletz|00505022|56475|106544|10000|10000|0|0|101.2919|95.51225|0|-1.872785|0|0|0|0720|42700000|1068703B|14016A|41F00000|E0000000|0A0168|41F00000|E0000000|28FE0030|450E6865|107ABEEC|075D|41178945|10675739|0104D1|40B8D517|107ABEEC|012B|40038515|1057B8A2|0839|422C160C|1068703B|0737|422C160C|1068703B|08AA|409E978D|107629AA|0513|41891F02|107ABEEC|0762|411272B2|10675739|078E|4166BC6C|107629AA|013B|41A6ED91|40011E12||013a995624bbeb3fbb31e93682235deb
26|2021-09-26T12:08:21.5710000+01:00|8aa|Army's Paeon|4.96|107629AA|Joeson Lmoa|107ABEEC|Greiyan Fletz|00|106544|106059||891648d4ece6415b2ee6f71e79f170ea
30|2021-09-26T12:08:21.5710000+01:00|512|Jinpu|0.00|107ABEEC|Greiyan Fletz|107ABEEC|Greiyan Fletz|00|106544|106544||8c860d07ec1e0666da34abbb89d21e75
38|2021-09-26T12:08:21.5710000+01:00|107401EC|Raesa Velan|00505019|46267|96887|10000|10000|0|0|99.53455|95.68933|0|-0.3935199|0|0|0|0A016D|41F00000|E0000000|0A0168|41F00000|E0000000|29020030|4591EAC4|107401EC|0762|4109DF40|10675739|08AA|409E978D|107629AA|078E|416272B2|107629AA|013B|41A4CABF|40011E12|0|0|0|0|0|0|012B|40038515|1057B8A2||ce182805b8dceba3ca58a6587aca8afb
26|2021-09-26T12:08:21.5710000+01:00|8aa|Army's Paeon|4.96|107629AA|Joeson Lmoa|107401EC|Raesa Velan|00|96887|106059||f1df3f4211b4c269fc6ad1e893408173
37|2021-09-26T12:08:21.6150000+01:00|10752D6C|Volkon Vysk|00008DC5|116406|152511|10000|10000|0||95.23157|102.678|0|2.241612|2507|0|0|01|0D0005BB|0|41A80000|40011E12||382cef6b54df86c533347021283c12a8
26|2021-09-26T12:08:21.6150000+01:00|13b|Whispering Dawn|21.00|40011E12|Eos|10752D6C|Volkon Vysk|00|152511|92601||cf3be3331e981b26e5d42fa55cd1df8f
37|2021-09-26T12:08:21.6150000+01:00|10752D6C|Volkon Vysk|00008DD2|98318|152511|10000|10000|0||95.23157|102.678|0|2.241612|2500|0|0|0||f3e89efcddbb68b1818472514527c6d2
24|2021-09-26T12:08:21.6150000+01:00|107ABEEC|Greiyan Fletz|HoT|0|C98|56475|106544|10000|10000|0|1000|101.2919|95.51225|0|-1.872785||aa9fefda2d77172ce4cd3a74b8d3a972
38|2021-09-26T12:08:21.6150000+01:00|40011E12|Eos|00505000|92601|92601|10000|10000|0|0|100.1449|100.0533|0|1.303403|0|0|0|28FE0030|44D497CB|1057B8A2|08AA|409E8F5C|107629AA|0|0|0|0107AE|41EC6E96|40011E12||fde5fc435b84e1b105a14b6af5205880
30|2021-09-26T12:08:21.6150000+01:00|77b|Summon Order|0.00|40011E12|Eos|40011E12|Eos|01|92601|92601||2b23080d3bde3e8ebd03536a25dc5383
38|2021-09-26T12:08:21.6150000+01:00|107ABEEC|Greiyan Fletz|00505022|59699|106544|10000|10000|0|0|101.2919|95.51225|0|-1.872785|0|0|0|0720|42700000|1068703B|14016A|41F00000|E0000000|0A0168|41F00000|E0000000|28FE0030|450E67AD|107ABEEC|075D|4116D0F3|10675739|0104D1|40B76473|107ABEEC|012B|4000A3CD|1057B8A2|0839|422BE7F8|1068703B|0737|422BE7F8|1068703B|08AA|409D26E9|107629AA|0513|4188C2D9|107ABEEC|0762|4111BA60|10675739|078E|4166041A|107629AA|013B|41A69168|40011E12||15dde5ad2e9644c794df8d85722c30f1
37|2021-09-26T12:08:21.6590000+01:00|40011D69|Living Liquid|00008DD3|2292837|12889320|10000|10000|0||100.4196|100.328|0|-0.0863359||dda06e22a41b909db8f4b66f7dc8cca5
21|2021-09-26T12:08:21.6590000+01:00|40011E12|Eos|322|Embrace|107401EC|Raesa Velan|4|FF50000|1B|3228000|0|0|0|0|0|0|0|0|0|0|0|0|46267|96887|10000|10000|0|1000|99.53455|95.68933|0|-0.3935199|92601|92601|10000|10000|0|1000|100.1449|100.0533|0|1.660828|00008DD8|0|24be67abaf490e1ceee2c77a197c28f2
24|2021-09-26T12:08:21.6590000+01:00|1075A2E4|Niru Summers|HoT|798|115E|108819|153077|10000|10000|0|1000|103.9902|104.1122|0|-2.278715||50bc9578735006338db53488a08a05ce
24|2021-09-26T12:08:21.6590000+01:00|107629AA|Joeson Lmoa|HoT|798|114A|68603|106059|10000|10000|0|1000|99.93127|96.91003|0|0.1364782||b835a72cf07f0c0207b4113cc7fca0a8
24|2021-09-26T12:08:21.6590000+01:00|10752D6C|Volkon Vysk|HoT|798|10D8|98318|152511|10000|10000|0|1000|95.23157|102.678|0|2.241612||b51449ab9ca2cfdce9e636db9fdf7202
24|2021-09-26T12:08:21.6590000+01:00|1057B8A2|Alex Knightfall|HoT|798|10FF|48611|97285|3966|10000|0|1000|99.56506|96.57422|0|0.2182598||6c8fc4a014cc80914b81542896d0a389
24|2021-09-26T12:08:21.6590000+01:00|1068703B|Tomo Uchuu|HoT|798|10FC|55999|106478|10000|10000|0|1000|100.0418|96.35036|0|-0.1801143||ddeff06ff7994c8bc7f9daa9873701c8
24|2021-09-26T12:08:21.6590000+01:00|107401EC|Raesa Velan|HoT|798|1139|46267|96887|10000|10000|0|1000|99.53455|95.68933|0|-0.3935199||bb75436033ea677fab2eeaff4d3b6e3b
24|2021-09-26T12:08:21.6590000+01:00|107ABEEC|Greiyan Fletz|HoT|798|118B|59699|106544|10000|10000|0|1000|101.1822|95.49451|-0.001641395|-1.804097||02254b38e27f4b7bcf10fb4be2119e63
24|2021-09-26T12:08:21.6590000+01:00|10675739|Jasy Heavensong|HoT|798|118F|52849|97086|9436|10000|0|1000|99.32092|94.86523|0|3.120787||202426ce13a9bd4f74a1e66dbf3af1de
24|2021-09-26T12:08:21.6590000+01:00|1057B8A2|Alex Knightfall|HoT|0|DA0|48611|97285|3966|10000|0|1000|99.56506|96.57422|0|0.2182598||9d346838f13d388238df2a14e490a2c9
21|2021-09-26T12:08:21.6590000+01:00|107ABEEC|Greiyan Fletz|1D39|Gekko|40011D69|Living Liquid|4F710303|924A0000|23D|B88000|0|0|0|0|0|0|0|0|0|0|0|0|2298822|12889320|10000|10000|0|1000|100.4196|100.328|0|-0.0863359|59699|106544|10000|10000|0|1000|101.1822|95.49451|-0.001641395|-1.804097|00008DD9|0|7b29c229e9f39cf94d9b23c9bbfc4559
38|2021-09-26T12:08:21.6590000+01:00|10675739|Jasy Heavensong|00505021|57344|97086|9436|10000|0|0|99.32092|94.86523|0|3.120787|0|0|0|0A0168|41F00000|E0000000|0F016B|41F00000|E0000000|0762|410651F1|10675739|28FE0030|450E6089|10675739|04E0|40A74393|10675739|08AA|409D26E9|107629AA|078E|41632B04|107629AA|0347|0|10675739|013B|41A524DC|40011E12|012B|40A00000|1057B8A2||1b5c5de79b2529731569db7c1bb14ab3
26|2021-09-26T12:08:21.6590000+01:00|12b|Sacred Soil|5.00|1057B8A2|Alex Knightfall|10675739|Jasy Heavensong|00|97086|97285||18f9b6030273cb3f98a871210fc9ab9b
38|2021-09-26T12:08:21.6590000+01:00|1068703B|Tomo Uchuu|00505026|60347|106478|10000|10000|0|0|100.0418|96.35036|0|-0.1801143|0|0|0|14016A|41F00000|E0000000|0A0168|41F00000|E0000000|071F|42700000|1068703B|28FE0030|450F0CC6|1068703B|0762|410A9FC3|10675739|08AA|409D26E9|107629AA|012B|40A00000|1057B8A2|071D|422BBAEA|1068703B|0737|422BBAEA|1068703B|078E|415EE563|107629AA|013B|41A1F1A7|40011E12|0716|C1A00000|1068703B||be0dacf3cc737fdd0aa0d5d76b02c4bb
26|2021-09-26T12:08:21.6590000+01:00|12b|Sacred Soil|5.00|1057B8A2|Alex Knightfall|1068703B|Tomo Uchuu|00|106478|97285||50c379304cf70343115b5a0b0122a828
38|2021-09-26T12:08:21.6590000+01:00|10752D6C|Volkon Vysk|00505025|102630|152511|10000|10000|0|0|95.23157|102.678|0|2.241612|0|0|0|14016A|41F00000|E0000000|0A0168|41F00000|E0000000|28FD0030|450FB06A|10752D6C|072A|41111AAF|10752D6C|08AA|409D26E9|107629AA|012B|40A00000|1057B8A2|0730|406CABEB|10752D6C|0762|41132B04|10675739|0727|40C8C490|10752D6C|0343|414D0E5C|10675739|0344|3E23D925|10675739|072B|4189957E|10752D6C|078E|416774BE|107629AA|013B|41A749BA|40011E12|0|0|0|0729|0|10752D6C||6dbab973c508fb4db244bdc39ad9059d
26|2021-09-26T12:08:21.6590000+01:00|12b|Sacred Soil|5.00|1057B8A2|Alex Knightfall|10752D6C|Volkon Vysk|00|152511|97285||f03dde660a909f0426e28bcca61e9efd
38|2021-09-26T12:08:21.6590000+01:00|1057B8A2|Alex Knightfall|0050501C|56450|97285|4466|10000|0|0|99.56506|96.57422|0|0.2182598|0|0|0|0A016D|41F00000|E0000000|1E016C|41F00000|E0000000|28FE0030|44D49663|1057B8A2|0762|410CC49F|10675739|078E|415CC49F|107629AA|04B4|41035C26|1057B8A2|0|0|0|08AA|409D26E9|107629AA|010130|0|1057B8A2|0798|40A7B65F|1057B8A2|012B|409E978D|1057B8A2|013B|41A0DF38|40011E12||03ed0e27a842eb058cc3d0f6ca6c53e4
26|2021-09-26T12:08:21.6590000+01:00|12b|Sacred Soil|4.96|1057B8A2|Alex Knightfall|1057B8A2|Alex Knightfall|00|97285|97285||f2f0cf1d272f7115aaf34ece6a96c020
38|2021-09-26T12:08:21.6590000+01:00|107629AA|Joeson Lmoa|00505017|73029|106059|10000|10000|0|0|99.93127|96.91003|0|0.1364782|0|0|0|0A016D|41F00000|E0000000|0A0168|41F00000|E0000000|28FE0030|450E6419|107629AA|0762|410EE563|10675739|012B|409E978D|1057B8A2|078E|415A9FC3|107629AA|013B|419FCED5|40011E12||736ec470ea490ea3f3392cd794091d52
26|2021-09-26T12:08:21.6590000+01:00|12b|Sacred Soil|4.96|1057B8A2|Alex Knightfall|107629AA|Joeson Lmoa|00|106059|97285||385a213c28a1328ff3e49c0026fd6240
38|2021-09-26T12:08:21.6590000+01:00|1075A2E4|Niru Summers|00505015|113265|153077|10000|10000|0|0|103.9902|104.1122|0|-2.278715|0|0|0|0A016D|41F00000|E0000000|0A0168|41F00000|E0000000|5B|0|1075A2E4|28FD0030|450FCEF6|1075A2E4|0762|41154FE1|10675739|0344|3CDD4238|10675739|012B|409E978D|1057B8A2|08AA|409BBE76|107629AA|013B|41A30416|40011E12|5A|426743A8|1075A2E4|078E|41699582|107629AA||a7cedf93c75b2ce30dad347336bcdb70
26|2021-09-26T12:08:21.6590000+01:00|12b|Sacred Soil|4.96|1057B8A2|Alex Knightfall|1075A2E4|Niru Summers|00|153077|97285||bf7ffca9023ce6dd6fa171f3eee0db95
38|2021-09-26T12:08:21.6590000+01:00|107ABEEC|Greiyan Fletz|00505022|64190|106544|10000|10000|0|0|101.1822|95.49451|-0.001641395|-1.804097|0|0|0|0720|42700000|1068703B|14016A|41F00000|E0000000|0A0168|41F00000|E0000000|28FE0030|450E66F9|107ABEEC|075D|41161CBA|10675739|0|0|0|012B|409E978D|1057B8A2|0839|422BBAEA|1068703B|0737|422BBAEA|1068703B|08AA|409BBE76|107629AA|0513|418868BC|107ABEEC|0762|41110627|10675739|078E|41654FE1|107629AA|013B|41A6374B|40011E12||2e937bce85f33017b80bffd37aa3ead4
30|2021-09-26T12:08:21.6590000+01:00|4d1|Meikyo Shisui|0.00|107ABEEC|Greiyan Fletz|107ABEEC|Greiyan Fletz|01|106544|106544||a86a96de965ad00dbf76c13fcd51b3c2
26|2021-09-26T12:08:21.6590000+01:00|12b|Sacred Soil|4.96|1057B8A2|Alex Knightfall|107ABEEC|Greiyan Fletz|00|106544|97285||49a35803ccd492e4c90faacb5c59781b
38|2021-09-26T12:08:21.6590000+01:00|107401EC|Raesa Velan|00505019|50676|96887|10000|10000|0|0|99.53455|95.68933|0|-0.3935199|0|0|0|0A016D|41F00000|E0000000|0A0168|41F00000|E0000000|29020030|4591EA0E|107401EC|0762|410872B5|10675739|08AA|409BBE76|107629AA|078E|41610627|107629AA|013B|41A41479|40011E12|0|0|0|0|0|0|012B|409E978D|1057B8A2||54228cdfbd85d0540c731aafbe456313
26|2021-09-26T12:08:21.6590000+01:00|12b|Sacred Soil|4.96|1057B8A2|Alex Knightfall|107401EC|Raesa Velan|00|96887|97285||0a3977dd43ff032e1a903170e3048379
37|2021-09-26T12:08:21.7030000+01:00|1075A2E4|Niru Summers|00008DD4|82560|153077|10000|10000|0||103.9902|104.1122|0|-2.278715|1500|0|0|0||7dcc3e62d8c2d7df0d39ce1bd3fd73d3
24|2021-09-26T12:08:21.7030000+01:00|107401EC|Raesa Velan|HoT|0|D5A|46267|96887|10000|10000|0|1000|99.53455|95.68933|0|-0.3935199||3695d3125ed92e9c21916d0338dbcce3
38|2021-09-26T12:08:21.7030000+01:00|1075A2E4|Niru Summers|00505015|82560|153077|10000|10000|0|0|103.9902|104.1122|0|-2.278715|0|0|0|0A016D|41F00000|E0000000|0A0168|41F00000|E0000000|5B|0|1075A2E4|28FD0030|450FCE3E|1075A2E4|0762|4114978F|10675739|0|0|0|012B|409D26E9|1057B8A2|08AA|409A4DD2|107629AA|013B|41A2A7ED|40011E12|5A|42671594|1075A2E4|078E|4168DD30|107629AA||42c8261c5ebfe362c160a2eaeb1a5ae5
30|2021-09-26T12:08:21.7030000+01:00|344|Aspected Helios|0.00|10675739|Jasy Heavensong|1075A2E4|Niru Summers|00|153077|97086||4fb391e92e36a466eb50ff69a6315229
38|2021-09-26T12:08:21.7030000+01:00|107401EC|Raesa Velan|00505019|54094|96887|10000|10000|0|0|99.53455|95.68933|0|-0.3935199|0|0|0|0A016D|41F00000|E0000000|0A0168|41F00000|E0000000|29020030|4591E9B2|107401EC|0762|4107BA63|10675739|08AA|409A4DD2|107629AA|078E|41604DD5|107629AA|013B|41A3B850|40011E12|0|0|0|0|0|0|012B|409D26E9|1057B8A2||5539e20c5951b8b33a992b535f1c2d39
37|2021-09-26T12:08:21.7470000+01:00|40011D69|Living Liquid|00008DCF|2283146|12889320|10000|10000|0||100.4196|100.328|0|-0.0863359||25bce9bb18a04d47278977fa86df29b9
37|2021-09-26T12:08:21.7930000+01:00|40011D69|Living Liquid|00008DD0|2279245|12889320|10000|10000|0||100.4196|100.328|0|-0.0863359||c032b736896df5264103f82062cc50a3
22|2021-09-26T12:08:21.8380000+01:00|1075A2E4|Niru Summers|29|Overpower|40011D69|Living Liquid|710003|E450000|1B|298000|0|0|0|0|0|0|0|0|0|0|0|0|2279245|12889320|10000|10000|0|1000|100.4196|100.328|0|-0.0863359|82560|153077|10000|10000|0|1000|103.9902|104.1122|0|-2.286232|00008DDA|0|fc9dc7d6e57440d1ccf390fdaaed1143
22|2021-09-26T12:08:21.8380000+01:00|1075A2E4|Niru Summers|29|Overpower|40011DEA|Liquid Hand|710003|EAE0000|1B|298000|0|0|0|0|0|0|0|0|0|0|0|0|2494434|12889320|10000|10000|0|1000|97.64246|100.267|0|-0.7757747|82560|153077|10000|10000|0|1000|103.9902|104.1122|0|-2.286232|00008DDA|1|a6f28048a5a7fbe3ab1b236ca58f79c7
38|2021-09-26T12:08:21.8380000+01:00|10752D6C|Volkon Vysk|00505025|102630|152511|10000|10000|0|0|95.07439|102.8066|0|2.241612|0|0|0|14016A|41F00000|E0000000|0A0168|41F00000|E0000000|28FD0030|450FAD8E|10752D6C|072A|410E3D80|10752D6C|08AA|40976C8A|107629AA|012B|409A45A1|1057B8A2|0730|4061372E|10752D6C|0762|41104DD5|10675739|0727|40C30A31|10752D6C|0343|414A312D|10675739|0|0|0|072B|418826E6|10752D6C|078E|4164978F|107629AA|013B|41A5DB22|40011E12|0|0|0|0729|0|10752D6C||f9d7fd414ac475a4040e28f025f6d7de
30|2021-09-26T12:08:21.8380000+01:00|344|Aspected Helios|0.00|10675739|Jasy Heavensong|10752D6C|Volkon Vysk|00|152511|97086||27d62882c46a35a8ec0dc046e9b17072
37|2021-09-26T12:08:21.8810000+01:00|40011DEA|Liquid Hand|00008DD1|2480035|12889320|10000|10000|0||97.64246|100.267|0|-0.7757747||13b902aea7cdedbc7bf331d55c1eb4d2
37|2021-09-26T12:08:21.8810000+01:00|1068703B|Tomo Uchuu|00008DD1|60347|106478|10000|10000|0||100.0418|96.35036|0|-0.1822085|2600|0|0|01|0B000B96|0|41A00000|1068703B||58459aac60fdbbea338b90e96162d04b
38|2021-09-26T12:08:21.8810000+01:00|1068703B|Tomo Uchuu|00505026|60347|106478|10000|10000|0|0|100.0418|96.35036|0|-0.1822085|0|0|0|14016A|41F00000|E0000000|0A0168|41F00000|E0000000|071F|42700000|1068703B|28FE0030|450F0936|1068703B|0762|41070E5B|10675739|08AA|40960417|107629AA|012B|4098DD2E|1057B8A2|071D|422AD692|1068703B|0737|422AD692|1068703B|078E|415B53FB|107629AA|013B|41A028F2|40011E12|0716|419FA5E3|1068703B||87d18831e10ea78765ca4ae243a9aec9
37|2021-09-26T12:08:21.9260000+01:00|107629AA|Joeson Lmoa|00008DD5|73029|106059|10000|10000|0||99.93127|96.91003|0|0.1364782|1700|0|0|01|070004FD|0|41A00000|107629AA||ad13ee6bdd6cd83c4454582fa7a1e00a
26|2021-09-26T12:08:21.9260000+01:00|7d|Raging Strikes|20.00|107629AA|Joeson Lmoa|107629AA|Joeson Lmoa|00|106059|106059||4170086d2b3d5242b3b47a4ebde769d0
39|2021-09-26T12:08:21.9260000+01:00|40011E3B|Earthly Star|92424|92424|10000|10000|0|0|99.06918|99.95715|0|-0.6909251||2bbfa17f1625357a06f9d179559f1801
37|2021-09-26T12:08:21.9700000+01:00|107629AA|Joeson Lmoa|00008DD6|57588|106059|10000|10000|0||99.93127|96.91003|0|0.1364782|1700|0|0|0||294eb9e5732ae15589c7953fcccf1cb0
37|2021-09-26T12:08:22.0150000+01:00|1057B8A2|Alex Knightfall|00008DD6|41764|97285|4466|10000|0||99.56506|96.57422|0|0.2182598|1C01|0|0|0||2fa612d35b55ca33a1bd29b6f1b61515
37|2021-09-26T12:08:22.0600000+01:00|1068703B|Tomo Uchuu|00008DD6|44325|106478|10000|10000|0||100.0418|96.35036|0|-0.1843028|2602|0|0|0||48a09e606b222c7f3105eee643a43d46
37|2021-09-26T12:08:22.1050000+01:00|107401EC|Raesa Velan|00008DD6|39688|96887|10000|10000|0||99.53455|95.68933|0|-0.3935199|1903|0|0|0||e9f72f42173f5b7b5d8726434517dbd7
22|2021-09-26T12:08:22.1050000+01:00|1057B8A2|Alex Knightfall|409B|Art Of War|40011D69|Living Liquid|750003|27E80000|1B|409B8000|0|0|0|0|0|0|0|0|0|0|0|0|2279245|12889320|10000|10000|0|1000|100.4196|100.328|0|-0.0863359|41764|97285|4466|10000|0|1000|99.56506|96.57422|0|0.2182598|00008DDB|0|b4b60e512b904f0bd9639a943d78bb7f
22|2021-09-26T12:08:22.1050000+01:00|1057B8A2|Alex Knightfall|409B|Art Of War|40011DEA|Liquid Hand|750003|24C30000|1B|409B8000|0|0|0|0|0|0|0|0|0|0|0|0|2480035|12889320|10000|10000|0|1000|97.64246|100.267|0|-0.7838597|41764|97285|4466|10000|0|1000|99.56506|96.57422|0|0.2182598|00008DDB|1|f9b742f871e03cb8c88af5bccfb0e02c
37|2021-09-26T12:08:22.1490000+01:00|107ABEEC|Greiyan Fletz|00008DD6|47567|106544|10000|10000|0||100.9089|95.45029|0|-0.09525228|2204|0|0|0||cac539e69dcc31a46e53624f2e17bdab
37|2021-09-26T12:08:22.1940000+01:00|1075A2E4|Niru Summers|00008DD6|72421|153077|10000|10000|0||103.9902|104.1122|0|-2.385808|1505|0|0|0||8161820362f328466efa758ff840edef
37|2021-09-26T12:08:22.1940000+01:00|40011DEA|Liquid Hand|00008DD7|2472574|12889320|10000|10000|0||97.64246|100.267|0|-0.7899504||30135b87ebe1395689a70efe978bcf5e
37|2021-09-26T12:08:22.2400000+01:00|10675739|Jasy Heavensong|00008DD6|42867|97086|9436|10000|0||99.32092|94.86523|0|3.120787|2106|0|0|0||be068a35f040394bdcb6a5793271b1c1
21|2021-09-26T12:08:22.2400000+01:00|10752D6C|Volkon Vysk|07|Attack|40011DEA|Liquid Hand|710003|CA20000|0|0|0|0|0|0|0|0|0|0|0|0|0|0|2480035|12889320|10000|10000|0|1000|97.64246|100.267|0|-0.7899504|102630|152511|10000|10000|0|1000|94.65879|103.1347|-0.002472588|2.241612|00008DDC|0|dbc78e5ebdf2a32a6ffa954967618aea
37|2021-09-26T12:08:22.2860000+01:00|107401EC|Raesa Velan|00008DD8|43773|96887|10000|10000|0||99.53455|95.68933|0|-0.3935199|1900|0|0|0||24b7169daaffd6f059a6206c5f2a9fe2
37|2021-09-26T12:08:22.2860000+01:00|10752D6C|Volkon Vysk|00008DD6|96770|152511|10000|10000|0||94.73083|103.2805|-0.001429462|2.241612|2507|0|0|0||61630506a04d7797d04162ff7ce83c41
22|2021-09-26T12:08:22.2860000+01:00|10675739|Jasy Heavensong|E11|Aspected Helios|10675739|Jasy Heavensong|10004|33C40000|CAFD0E|3440000|900E|7630000|1B|E118000|0|0|0|0|0|0|0|0|42867|97086|9436|10000|0|1000|99.32092|94.86523|0|3.120787|42867|97086|9436|10000|0|1000|99.32092|94.86523|0|3.120787|00008DDD|0|26a70be09ca19d367a6d78fb65b4fb3f
22|2021-09-26T12:08:22.2860000+01:00|10675739|Jasy Heavensong|E11|Aspected Helios|107401EC|Raesa Velan|4|1FDE0000|CAFD0E|3440000|900E|7630000|1B|E118000|0|0|0|0|0|0|0|0|39688|96887|10000|10000|0|1000|99.53455|95.68933|0|-0.3935199|42867|97086|9436|10000|0|1000|99.32092|94.86523|0|3.120787|00008DDD|1|78ceff2d2f94e1cad778d8ef710eef75
22|2021-09-26T12:08:22.2860000+01:00|10675739|Jasy Heavensong|E11|Aspected Helios|1068703B|Tomo Uchuu|10004|33280000|CAFD0E|3440000|900E|7630000|1B|E118000|0|0|0|0|0|0|0|0|44325|106478|10000|10000|0|1000|100.0418|96.35036|0|-0.1843028|42867|97086|9436|10000|0|1000|99.32092|94.86523|0|3.120787|00008DDD|2|d83ec20f27e6ac5c4392ba111b422356
22|2021-09-26T12:08:22.2860000+01:00|10675739|Jasy Heavensong|E11|Aspected Helios|107ABEEC|Greiyan Fletz|4|20BA0000|CAFD0E|3440000|900E|7630000|1B|E118000|0|0|0|0|0|0|0|0|47567|106544|10000|10000|0|1000|100.8773|95.44519|0|-0.09525228|42867|97086|9436|10000|0|1000|99.32092|94.86523|0|3.120787|00008DDD|3|44add01447f5ff06a70d0c1244785134
22|2021-09-26T12:08:22.2860000+01:00|10675739|Jasy Heavensong|E11|Aspected Helios|1057B8A2|Alex Knightfall|4|21540000|CAFD0E|3440000|900E|7630000|1B|E118000|0|0|0|0|0|0|0|0|41764|97285|3866|10000|0|1000|99.56506|96.57422|0|0.2182598|42867|97086|9436|10000|0|1000|99.32092|94.86523|0|3.120787|00008DDD|4|197e42dd811f7163a060f9d0ec566247
22|2021-09-26T12:08:22.2860000+01:00|10675739|Jasy Heavensong|E11|Aspected Helios|107629AA|Joeson Lmoa|4|205C0000|CAFD0E|3440000|900E|7630000|1B|E118000|0|0|0|0|0|0|0|0|57588|106059|10000|10000|0|1000|99.93127|96.91003|0|0.1364782|42867|97086|9436|10000|0|1000|99.32092|94.86523|0|3.120787|00008DDD|5|9205f747371baeaa97d3f737a752439b
22|2021-09-26T12:08:22.2860000+01:00|10675739|Jasy Heavensong|E11|Aspected Helios|10752D6C|Volkon Vysk|10004|33030000|CAFD0E|3440000|900E|7630000|1B|E118000|0|0|0|0|0|0|0|0|102630|152511|10000|10000|0|1000|94.73083|103.2805|-0.001429462|2.241612|42867|97086|9436|10000|0|1000|99.32092|94.86523|0|3.120787|00008DDD|6|0e12570417212a4cbfcd2f434eb3cfaf
22|2021-09-26T12:08:22.2860000+01:00|10675739|Jasy Heavensong|E11|Aspected Helios|1075A2E4|Niru Summers|4|214E0000|CAFD0E|3440000|900E|7630000|1B|E118000|0|0|0|0|0|0|0|0|72421|153077|10000|10000|0|1000|103.9902|104.1122|0|-2.377038|42867|97086|9436|10000|0|1000|99.32092|94.86523|0|3.120787|00008DDD|7|3ce845be9aa124354ac48d5e537bde1b
38|2021-09-26T12:08:22.2860000+01:00|107629AA|Joeson Lmoa|00505017|57588|106059|10000|10000|0|0|99.93127|96.91003|0|0.1364782|11|0|0|0A016D|41F00000|E0000000|0A0168|41F00000|E0000000|28FE0030|450E5A1D|107629AA|0763|C1F00000|10675739|012B|408A978A|1057B8A2|078E|41509FC4|107629AA|013B|419ACED3|40011E12|7D|419CC8B3|107629AA|078C|41200000|107629AA||21160bd1fb3b9162f3a58ac5fdac389d
30|2021-09-26T12:08:22.2860000+01:00|762|Horoscope|0.00|10675739|Jasy Heavensong|107629AA|Joeson Lmoa|00|106059|97086||b1e45cd6e718552f3b5010656ae6d5bb
26|2021-09-26T12:08:22.2860000+01:00|763|Horoscope Helios|30.00|10675739|Jasy Heavensong|107629AA|Joeson Lmoa|00|106059|97086||aab73c96e1f45d6e8cc332c548ab3c40
26|2021-09-26T12:08:22.2860000+01:00|78c|Army's Muse|10.00|107629AA|Joeson Lmoa|107629AA|Joeson Lmoa|00|106059|106059||919c5ca9db5c9ae8d6a5a3ddb8300017
21|2021-09-26T12:08:22.2860000+01:00|107629AA|Joeson Lmoa|DE7|The Wanderer's Minuet|40011D69|Living Liquid|750003|F9D0000|0|0|0|0|0|0|0|0|0|0|0|0|0|0|2279245|12889320|10000|10000|0|1000|100.4196|100.328|0|-0.0863359|57588|106059|10000|10000|0|1000|99.93127|96.91003|0|0.1364782|00008DDE|0|4bcbc4ece5ab225e914771eff065edba
38|2021-09-26T12:08:22.2860000+01:00|40011E12|Eos|00505000|92601|92601|10000|10000|0|0|100.1449|100.0533|0|-3.073103|0|0|0|28FE0030|44D48262|1057B8A2|08A8|40A00000|107629AA|0|0|0|0107AE|41E71477|40011E12||a461c5b6b3af8709e8b6499a4e59bf02
30|2021-09-26T12:08:22.2860000+01:00|8aa|Army's Paeon|0.00|107629AA|Joeson Lmoa|40011E12|Eos|00|92601|106059||4c5364a3950171ef3e9d6136bc5ec1ee
26|2021-09-26T12:08:22.2860000+01:00|8a8|The Wanderer's Minuet|5.00|107629AA|Joeson Lmoa|40011E12|Eos|00|92601|106059||746fc19741e1203adc43bad1f50d490f
38|2021-09-26T12:08:22.2860000+01:00|10675739|Jasy Heavensong|00505021|42867|97086|8636|10000|0|0|99.32092|94.86523|0|3.120787|0|0|0|0A0168|41F00000|E0000000|0F016B|41F00000|E0000000|0763|C1F00000|10675739|28FE0030|450E568D|10675739|04E0|40934390|10675739|08A8|40A00000|107629AA|078E|41592B05|107629AA|0347|0|10675739|013B|41A024DA|40011E12|012B|408BFFFD|1057B8A2||82b473d4595c8e3c57c82a55eb79ee4e
30|2021-09-26T12:08:22.2860000+01:00|762|Horoscope|0.00|10675739|Jasy Heavensong|10675739|Jasy Heavensong|00|97086|97086||b3250019ca267952b3cdb9b2f4de9d1b
26|2021-09-26T12:08:22.2860000+01:00|763|Horoscope Helios|30.00|10675739|Jasy Heavensong|10675739|Jasy Heavensong|00|97086|97086||0b66c19d14e8ea2a1e01d9aa96d6df03
30|2021-09-26T12:08:22.2860000+01:00|8aa|Army's Paeon|0.00|107629AA|Joeson Lmoa|10675739|Jasy Heavensong|00|97086|106059||5608651b9ece947382147f2efa7685c0
26|2021-09-26T12:08:22.2860000+01:00|8a8|The Wanderer's Minuet|5.00|107629AA|Joeson Lmoa|10675739|Jasy Heavensong|00|97086|106059||b6707f6c44435ce2cb5345d992890f13
38|2021-09-26T12:08:22.2860000+01:00|1068703B|Tomo Uchuu|00505026|44325|106478|10000|10000|0|0|100.0418|96.35036|0|-0.1843028|0|0|0|14016A|41F00000|E0000000|0A0168|41F00000|E0000000|071F|42700000|1068703B|28FE0030|450F02CA|1068703B|0763|C1F00000|10675739|08A8|40A00000|107629AA|012B|408BFFFD|1057B8A2|071D|42293AF0|1068703B|0737|42293AF0|1068703B|078E|4154E564|107629AA|013B|419CF1A5|40011E12|0716|419C6E96|1068703B||015d6142db447a2e5f4a50797ef26797
30|2021-09-26T12:08:22.2860000+01:00|762|Horoscope|0.00|10675739|Jasy Heavensong|1068703B|Tomo Uchuu|00|106478|97086||d6b0be579da22c226aafe0a991097664
26|2021-09-26T12:08:22.2860000+01:00|763|Horoscope Helios|30.00|10675739|Jasy Heavensong|1068703B|Tomo Uchuu|00|106478|97086||6c0ec9a5037f3012f9845aa47e3d6fe3
30|2021-09-26T12:08:22.2860000+01:00|8aa|Army's Paeon|0.00|107629AA|Joeson Lmoa|1068703B|Tomo Uchuu|00|106478|106059||af33e72a224bd7a03a888962060c980c
26|2021-09-26T12:08:22.2860000+01:00|8a8|The Wanderer's Minuet|5.00|107629AA|Joeson Lmoa|1068703B|Tomo Uchuu|00|106478|106059||bc5a431c24edbede5d7980980a055627
38|2021-09-26T12:08:22.2860000+01:00|40011E3B|Earthly Star|00505000|92424|92424|10000|10000|0|0|99.06918|99.95715|0|-0.6909251|0|0|0|28FE0030|450E568D|10675739|08A8|40A00000|107629AA||9d79355529aa754875378f7e469376bd
30|2021-09-26T12:08:22.2860000+01:00|8aa|Army's Paeon|0.00|107629AA|Joeson Lmoa|40011E3B|Earthly Star|00|92424|106059||65aa3a084c5e98a9ea226e408c117ce4
26|2021-09-26T12:08:22.2860000+01:00|8a8|The Wanderer's Minuet|5.00|107629AA|Joeson Lmoa|40011E3B|Earthly Star|00|92424|106059||213b9426bcb59d431824617f7fa1886d
38|2021-09-26T12:08:22.2860000+01:00|10752D6C|Volkon Vysk|00505025|96770|152511|10000|10000|0|0|94.73083|103.2805|-0.001429462|2.241612|0|0|0|14016A|41F00000|E0000000|0A0168|41F00000|E0000000|28FD0030|450FA66E|10752D6C|072A|41071AB0|10752D6C|08A8|40A00000|107629AA|012B|408BFFFD|1057B8A2|0730|4044ABEA|10752D6C|0763|C1F00000|10675739|0727|40B4C48D|10752D6C|0343|41430E5D|10675739|0|0|0|072B|4184957C|10752D6C|078E|415D74BF|107629AA|013B|41A249B8|40011E12|0|0|0|0729|0|10752D6C||a84d2b615a367d31f3190daddf846704
30|2021-09-26T12:08:22.2860000+01:00|8aa|Army's Paeon|0.00|107629AA|Joeson Lmoa|10752D6C|Volkon Vysk|00|152511|106059||5d7bfb32bddec2d48ab7435075ec3528
26|2021-09-26T12:08:22.2860000+01:00|8a8|The Wanderer's Minuet|5.00|107629AA|Joeson Lmoa|10752D6C|Volkon Vysk|00|152511|106059||837c69d0c1884aa5011db2624c75c778
30|2021-09-26T12:08:22.2860000+01:00|762|Horoscope|0.00|10675739|Jasy Heavensong|10752D6C|Volkon Vysk|00|152511|97086||56a8de9de42c8843002913b500b377f7
26|2021-09-26T12:08:22.2860000+01:00|763|Horoscope Helios|30.00|10675739|Jasy Heavensong|10752D6C|Volkon Vysk|00|152511|97086||6f16bbdd973d2f84273e85e6a6628cb0
38|2021-09-26T12:08:22.2860000+01:00|1057B8A2|Alex Knightfall|0050501C|41764|97285|3866|10000|0|0|99.56506|96.57422|0|0.2182598|0|0|0|0A016D|41F00000|E0000000|1E016C|41F00000|E0000000|28FE0030|44D48262|1057B8A2|0763|C1F00000|10675739|078E|4152C4A0|107629AA|04B4|40F2B84A|1057B8A2|0|0|0|08A8|40A00000|107629AA|010130|0|1057B8A2|0798|4093B65C|1057B8A2|012B|408A978A|1057B8A2|013B|419BDF36|40011E12||a27e8c85919d54f4e7f18ad104d80000
30|2021-09-26T12:08:22.2860000+01:00|762|Horoscope|0.00|10675739|Jasy Heavensong|1057B8A2|Alex Knightfall|00|97285|97086||f2bd7c2d0c7ffa34ae4f45687a5d784d
26|2021-09-26T12:08:22.2860000+01:00|763|Horoscope Helios|30.00|10675739|Jasy Heavensong|1057B8A2|Alex Knightfall|00|97285|97086||2c0b11b1f2f08b23bf8bb73ef7fe2ae1
30|2021-09-26T12:08:22.2860000+01:00|8aa|Army's Paeon|0.00|107629AA|Joeson Lmoa|1057B8A2|Alex Knightfall|00|97285|106059||810813627fd691748adbbf4168d0e919
26|2021-09-26T12:08:22.2860000+01:00|8a8|The Wanderer's Minuet|5.00|107629AA|Joeson Lmoa|1057B8A2|Alex Knightfall|00|97285|106059||496e3f6b76555a0370a1d830e0e12d96
38|2021-09-26T12:08:22.2860000+01:00|107629AA|Joeson Lmoa|00505017|57588|106059|10000|10000|0|0|99.93127|96.91003|0|0.1364782|0|0|0|0A016D|41F00000|E0000000|0A0168|41F00000|E0000000|28FE0030|450E5A1D|107629AA|0763|C1F00000|10675739|012B|408A978A|1057B8A2|078E|41509FC4|107629AA|013B|419ACED3|40011E12|7D|419CC8B3|107629AA|078C|41200000|107629AA||6527fcbee5060c12671b9a6e0fd216ad
38|2021-09-26T12:08:22.2860000+01:00|1075A2E4|Niru Summers|00505015|72421|153077|10000|10000|0|0|103.9902|104.1122|0|-2.377038|0|0|0|0A016D|41F00000|E0000000|0A0168|41F00000|E0000000|5B|0|1075A2E4|28FD0030|450FC4FA|1075A2E4|0763|C1F00000|10675739|0|0|0|012B|408A978A|1057B8A2|08A8|40A00000|107629AA|013B|419E0414|40011E12|5A|4264C3AE|1075A2E4|078E|415F9583|107629AA||da4041afa8156ed38cbc4fcefa243438
30|2021-09-26T12:08:22.2860000+01:00|762|Horoscope|0.00|10675739|Jasy Heavensong|1075A2E4|Niru Summers|00|153077|97086||c5327fd0b717d88fd7515f9aa932d733
26|2021-09-26T12:08:22.2860000+01:00|763|Horoscope Helios|30.00|10675739|Jasy Heavensong|1075A2E4|Niru Summers|00|153077|97086||29a9af27aa0ebf25145d466c8e54eca9
30|2021-09-26T12:08:22.2860000+01:00|8aa|Army's Paeon|0.00|107629AA|Joeson Lmoa|1075A2E4|Niru Summers|00|153077|106059||4f42f26d059fe5cee9cf45591dd931b5
26|2021-09-26T12:08:22.2860000+01:00|8a8|The Wanderer's Minuet|5.00|107629AA|Joeson Lmoa|1075A2E4|Niru Summers|00|153077|106059||318cfcd85bb2706f18fd29b4d6971ffc
38|2021-09-26T12:08:22.2860000+01:00|107ABEEC|Greiyan Fletz|00505022|47567|106544|10000|10000|0|0|100.8773|95.44519|0|-0.09525228|0|0|0|0720|42700000|1068703B|14016A|41F00000|E0000000|0A0168|41F00000|E0000000|28FE0030|450E5CFD|107ABEEC|075D|410C1CBB|10675739|0|0|0|012B|408A978A|1057B8A2|0839|42293AF0|1068703B|0737|42293AF0|1068703B|08A8|40A00000|107629AA|0513|418368BA|107ABEEC|0763|C1F00000|10675739|078E|415B4FE2|107629AA|013B|41A13749|40011E12||f710f9e2c4ce6c07362aaa2c07939381
30|2021-09-26T12:08:22.2860000+01:00|8aa|Army's Paeon|0.00|107629AA|Joeson Lmoa|107ABEEC|Greiyan Fletz|00|106544|106059||0b4d4b0f52ab84e3fdf60de8ae1cf955
26|2021-09-26T12:08:22.2860000+01:00|8a8|The Wanderer's Minuet|5.00|107629AA|Joeson Lmoa|107ABEEC|Greiyan Fletz|00|106544|106059||93cb1d252d7cf6daa57f9cc45dd1e63b
30|2021-09-26T12:08:22.2860000+01:00|762|Horoscope|0.00|10675739|Jasy Heavensong|107ABEEC|Greiyan Fletz|00|106544|97086||f72b0b352d6b099ebf53516d1fef55d8
26|2021-09-26T12:08:22.2860000+01:00|763|Horoscope Helios|30.00|10675739|Jasy Heavensong|107ABEEC|Greiyan Fletz|00|106544|97086||e1e81e5fc324847467d086c95e554dbf
38|2021-09-26T12:08:22.2860000+01:00|107401EC|Raesa Velan|00505019|43773|96887|10000|10000|0|0|99.53455|95.68933|0|-0.3935199|0|0|0|0A016D|41F00000|E0000000|0A0168|41F00000|E0000000|29020030|4591E510|107401EC|0763|C1F00000|10675739|08A8|40A00000|107629AA|078E|41570628|107629AA|013B|419F1477|40011E12|0|0|0|0|0|0|012B|408A978A|1057B8A2||b5675566e22fbd8836f2ea01db009226
30|2021-09-26T12:08:22.2860000+01:00|762|Horoscope|0.00|10675739|Jasy Heavensong|107401EC|Raesa Velan|00|96887|97086||f70b672c9320100c5cf2b68acd651f98
26|2021-09-26T12:08:22.2860000+01:00|763|Horoscope Helios|30.00|10675739|Jasy Heavensong|107401EC|Raesa Velan|00|96887|97086||61445ecd9a67b66ad6fa0dfda1c6ded8
30|2021-09-26T12:08:22.2860000+01:00|8aa|Army's Paeon|0.00|107629AA|Joeson Lmoa|107401EC|Raesa Velan|00|96887|106059||882401f9f10e5719d526b92f30748260
26|2021-09-26T12:08:22.2860000+01:00|8a8|The Wanderer's Minuet|5.00|107629AA|Joeson Lmoa|107401EC|Raesa Velan|00|96887|106059||fd0e1895731e46fc4be6489fa6a926e0
37|2021-09-26T12:08:22.3270000+01:00|40011D69|Living Liquid|00008DD7|2272253|12889320|10000|10000|0||100.4196|100.328|0|-0.0863359|01|0|0|0||462767c8045f00b7d5d0e98b2d59e0bd
37|2021-09-26T12:08:22.3270000+01:00|10752D6C|Volkon Vysk|00008DD7|96770|152511|10000|10000|0||94.73083|103.2805|-0.001429462|2.241612|2501|0|0|01|07000BE3|0|C1F00000|10675739||480ee08809ad6456534ab8bb7ae57894
21|2021-09-26T12:08:22.3280000+01:00|107ABEEC|Greiyan Fletz|1D46|Hissatsu: Kaiten|107ABEEC|Greiyan Fletz|320F|4CD8000|0|0|0|0|0|0|0|0|0|0|0|0|0|0|47567|106544|10000|10000|0|1000|100.8773|95.44519|0|-0.09525228|47567|106544|10000|10000|0|1000|100.8773|95.44519|0|-0.09525228|00008DDF|0|1692313bc1a8243c7c7f6454de15c488
38|2021-09-26T12:08:22.3280000+01:00|107ABEEC|Greiyan Fletz|00505022|47567|106544|10000|10000|0|0|100.8773|95.44519|0|-0.09525228|0|0|0|0720|42700000|1068703B|14016A|41F00000|E0000000|0A0168|41F00000|E0000000|28FE0030|450E5C49|107ABEEC|075D|410B6882|10675739|04CD|C1200000|107ABEEC|012B|40892F17|1057B8A2|0839|42290DE2|1068703B|0737|42290DE2|1068703B|08A8|409E978D|107629AA|0513|41830E9D|107ABEEC|0763|C1F00000|10675739|078E|415A9BA9|107629AA|013B|41A0DD2C|40011E12||a2269befcebdcba6585967970480423d
26|2021-09-26T12:08:22.3280000+01:00|4cd|Kaiten|10.00|107ABEEC|Greiyan Fletz|107ABEEC|Greiyan Fletz|00|106544|106544||e516a711b8d1937a49f1934e1d9e3a16
31|2021-09-26T12:08:22.3730000+01:00|1068703B|3C0326|00|1998B100|7FC8|a3f0c67943bf0fb81aacd5bc96a01730
37|2021-09-26T12:08:22.4160000+01:00|40011D69|Living Liquid|00008DD9|2234803|12889320|10000|10000|0||100.4196|100.328|0|-0.0863359||9b3b05e81d3df00670401f23451dc259
37|2021-09-26T12:08:22.4160000+01:00|107ABEEC|Greiyan Fletz|00008DD9|47567|106544|10000|10000|0||100.8773|95.44519|0|-0.09534788|2200|0|0|02|0500094D|0|C1200000|107ABEEC|0B0041A3|0|C1F00000|10675739||ea289f3666cdf1b796cc7c09f9f94ec0
37|2021-09-26T12:08:22.4620000+01:00|40011D69|Living Liquid|00008DDA|2231150|12889320|10000|10000|0||100.4196|100.328|0|-0.0863359||593034f2861933fb324683752f276a45
37|2021-09-26T12:08:22.4620000+01:00|1075A2E4|Niru Summers|00008DDA|72421|153077|10000|10000|0||103.9902|104.1122|0|-2.352364|1500|0|0|01|04000BE3|0|C1F00000|10675739||f9137d2d711b92a284790a0e9aa8e3a4
21|2021-09-26T12:08:22.4620000+01:00|107401EC|Raesa Velan|DF9|Fire IV|40011DEA|Liquid Hand|150003|8E330000|1B|DF98000|0|0|0|0|0|0|0|0|0|0|0|0|2472574|12889320|10000|10000|0|1000|97.64246|100.267|0|-0.7432625|43773|96887|10000|10000|0|1000|99.53455|95.68933|0|-0.3935199|00008DE0|0|f90387ca19b2e2b96b78cccf49d9232e
21|2021-09-26T12:08:22.5060000+01:00|1075A2E4|Niru Summers|2B|Holmgang|40011D69|Living Liquid|37|580000|F|1998000|0|0|0|0|0|0|0|0|0|0|0|0|2272253|12889320|10000|10000|0|1000|100.4196|100.328|0|-0.0863359|72421|153077|10000|10000|0|1000|103.9902|104.1122|0|-2.352364|00008DE1|0|c21f5955ba321a65591c9a35ba43ef19
37|2021-09-26T12:08:22.5950000+01:00|40011DEA|Liquid Hand|00008DDA|2468816|12889320|10000|10000|0||97.64246|100.267|0|-0.6758692|01|0|0|0||52329ccd20e3e2856bdfded304935f64
37|2021-09-26T12:08:22.5950000+01:00|1075A2E4|Niru Summers|00008DDA|72421|153077|10000|10000|0||103.9902|104.1122|0|-2.385808|1501|0|0|01|04000BE3|0|C1F00000|10675739||63d499030befc8764ea67a3f80ef53bd
38|2021-09-26T12:08:22.6400000+01:00|40011DEA|Liquid Hand|00505000|2468816|12889320|10000|10000|0|0|97.64246|100.267|0|-0.6758692|0|0|0|0A00A3|410C24C5|107401EC|072E|4136ED99|10752D6C|0|0|0|2804B1|41D1A9F1|107629AA|04A9|40BB2AFD|1075A2E4|2804B0|41D1A9F1|107629AA|0759|416FB1DF|10675739|072D|419A124F|10752D6C||0ba82cafacf701277ba20776ba550370
30|2021-09-26T12:08:22.6400000+01:00|4cc|Higanbana|0.00|107ABEEC|Greiyan Fletz|40011DEA|Liquid Hand|00|12889320|106544||416935a6bae2535516fbe897e416b8f1
22|2021-09-26T12:08:22.6850000+01:00|40011D69|Living Liquid|49B2|Splash|107629AA|Joeson Lmoa|650003|3BCD0000|1B|49B28000|0|0|0|0|0|0|0|0|0|0|0|0|57588|106059|10000|10000|0|1000|99.93127|96.91003|0|0.1364782|2231150|12889320|10000|10000|0|1000|100.4196|100.328|0|-0.0863359|00008DE2|0|b598e2ad72716dc88036f6e79f3a7b0a
22|2021-09-26T12:08:22.6850000+01:00|40011D69|Living Liquid|49B2|Splash|1057B8A2|Alex Knightfall|650003|3A960000|1B|49B28000|0|0|0|0|0|0|0|0|0|0|0|0|41764|97285|3866|10000|0|1000|99.56506|96.57422|0|0.2182598|2231150|12889320|10000|10000|0|1000|100.4196|100.328|0|-0.0863359|00008DE2|1|1ff94940b3496ae44c6305404db50dde
22|2021-09-26T12:08:22.6850000+01:00|40011D69|Living Liquid|49B2|Splash|1068703B|Tomo Uchuu|650003|3CB70000|1B|49B28000|0|0|0|0|0|0|0|0|0|0|0|0|44325|106478|10000|10000|0|1000|100.0418|96.35036|0|-0.1843028|2231150|12889320|10000|10000|0|1000|100.4196|100.328|0|-0.0863359|00008DE2|2|907bdedbb97c7a5a83210c67ada45295
22|2021-09-26T12:08:22.6850000+01:00|40011D69|Living Liquid|49B2|Splash|107401EC|Raesa Velan|650003|38520000|1B|49B28000|0|0|0|0|0|0|0|0|0|0|0|0|43773|96887|9200|10000|0|1000|99.53455|95.68933|0|-0.3935199|2231150|12889320|10000|10000|0|1000|100.4196|100.328|0|-0.0863359|00008DE2|3|c53ace54a65805d0a423d2965318cd1e
22|2021-09-26T12:08:22.6850000+01:00|40011D69|Living Liquid|49B2|Splash|107ABEEC|Greiyan Fletz|650003|3E830000|1B|49B28000|0|0|0|0|0|0|0|0|0|0|0|0|47567|106544|10000|10000|0|1000|100.8773|95.44519|0|-0.09534788|2231150|12889320|10000|10000|0|1000|100.4196|100.328|0|-0.0863359|00008DE2|4|61e24ac14ae8df7adf775c62393e484e
22|2021-09-26T12:08:22.6850000+01:00|40011D69|Living Liquid|49B2|Splash|1075A2E4|Niru Summers|650003|274D0000|1B|49B28000|0|0|0|0|0|0|0|0|0|0|0|0|72421|153077|10000|10000|0|1000|103.9902|104.1122|0|-2.385808|2231150|12889320|10000|10000|0|1000|100.4196|100.328|0|-0.0863359|00008DE2|5|11cf34632f2f0db4145eae2f96db44e1
22|2021-09-26T12:08:22.6850000+01:00|40011D69|Living Liquid|49B2|Splash|10675739|Jasy Heavensong|650003|39960000|1B|49B28000|0|0|0|0|0|0|0|0|0|0|0|0|42867|97086|8636|10000|0|1000|99.32092|94.86523|0|3.120787|2231150|12889320|10000|10000|0|1000|100.4196|100.328|0|-0.0863359|00008DE2|6|9daa46e92e17b37577748af8f689631f
22|2021-09-26T12:08:22.6850000+01:00|40011D69|Living Liquid|49B2|Splash|10752D6C|Volkon Vysk|650003|16E80000|1B|49B28000|0|0|0|0|0|0|0|0|0|0|0|0|96770|152511|10000|10000|0|1000|94.90922|103.6137|-0.0008243385|2.241612|2231150|12889320|10000|10000|0|1000|100.4196|100.328|0|-0.0863359|00008DE2|7|709600745bcb5f0dd27af64f4af888c9
37|2021-09-26T12:08:22.7300000+01:00|40011D69|Living Liquid|00008DDB|2220934|12889320|10000|10000|0||100.4196|100.328|0|-0.0863359||6ad2a8508285925e3e69663120ad1b81
37|2021-09-26T12:08:22.7300000+01:00|1057B8A2|Alex Knightfall|00008DDB|41764|97285|3866|10000|0||99.56506|96.57422|0|0.2182598|1C00|0|0|01|03000BE3|0|C1F00000|10675739||dd6a993654cf3c7a331d426bfec52b2f
22|2021-09-26T12:08:22.7300000+01:00|40011E12|Eos|40A0|Fey Blessing|107629AA|Joeson Lmoa|4|25AF0000|1B|40A08000|0|0|0|0|0|0|0|0|0|0|0|0|57588|106059|10000|10000|0|1000|99.93127|96.91003|0|0.1364782|92601|92601|10000|10000|0|1000|100.1449|100.0533|0|-2.999026|00008DE3|0|03ada0cc47bd0e994486dc73f3991f62
22|2021-09-26T12:08:22.7300000+01:00|40011E12|Eos|40A0|Fey Blessing|1057B8A2|Alex Knightfall|4|24AF0000|1B|40A08000|0|0|0|0|0|0|0|0|0|0|0|0|41764|97285|3866|10000|0|1000|99.56506|96.57422|0|0.2182598|92601|92601|10000|10000|0|1000|100.1449|100.0533|0|-2.999026|00008DE3|1|9130749b01704f75717bb5fe84bf3627
22|2021-09-26T12:08:22.7300000+01:00|40011E12|Eos|40A0|Fey Blessing|1068703B|Tomo Uchuu|4|24FF0000|1B|40A08000|0|0|0|0|0|0|0|0|0|0|0|0|44325|106478|10000|10000|0|1000|100.0418|96.35036|0|-0.1843028|92601|92601|10000|10000|0|1000|100.1449|100.0533|0|-2.999026|00008DE3|2|1b82a5ae2b70cc56dd22aa9f410d6ae2
22|2021-09-26T12:08:22.7300000+01:00|40011E12|Eos|40A0|Fey Blessing|107401EC|Raesa Velan|4|25030000|1B|40A08000|0|0|0|0|0|0|0|0|0|0|0|0|43773|96887|9200|10000|0|1000|99.53455|95.68933|0|-0.3935199|92601|92601|10000|10000|0|1000|100.1449|100.0533|0|-2.999026|00008DE3|3|9da4a45f668c556b412fa57b2b02b28c
22|2021-09-26T12:08:22.7300000+01:00|40011E12|Eos|40A0|Fey Blessing|107ABEEC|Greiyan Fletz|4|24CE0000|1B|40A08000|0|0|0|0|0|0|0|0|0|0|0|0|47567|106544|10000|10000|0|1000|100.8773|95.44519|0|-0.09534788|92601|92601|10000|10000|0|1000|100.1449|100.0533|0|-2.999026|00008DE3|4|35405620a6bffe1cc3c25f744aeebd50
22|2021-09-26T12:08:22.7300000+01:00|40011E12|Eos|40A0|Fey Blessing|10675739|Jasy Heavensong|4|24A40000|1B|40A08000|0|0|0|0|0|0|0|0|0|0|0|0|42867|97086|8636|10000|0|1000|99.32092|94.86523|0|3.120787|92601|92601|10000|10000|0|1000|100.1449|100.0533|0|-2.999026|00008DE3|5|7cb40914f7b0c7af3e4d5f871079e7be
22|2021-09-26T12:08:22.7300000+01:00|40011E12|Eos|40A0|Fey Blessing|1075A2E4|Niru Summers|10004|3C7F0000|1B|40A08000|0|0|0|0|0|0|0|0|0|0|0|0|72421|153077|10000|10000|0|1000|103.9902|104.1122|0|-2.385808|92601|92601|10000|10000|0|1000|100.1449|100.0533|0|-2.999026|00008DE3|6|659af8ba028d06ddd6779768fabc8d25
22|2021-09-26T12:08:22.7300000+01:00|40011E12|Eos|40A0|Fey Blessing|10752D6C|Volkon Vysk|4|24860000|1B|40A08000|0|0|0|0|0|0|0|0|0|0|0|0|96770|152511|10000|10000|0|1000|94.93577|103.6689|-0.003144379|2.241612|92601|92601|10000|10000|0|1000|100.1449|100.0533|0|-2.999026|00008DE3|7|6143a354531797e5023e1e1848c32e02
21|2021-09-26T12:08:22.7300000+01:00|107ABEEC|Greiyan Fletz|07|Attack|40011D69|Living Liquid|710203|13650000|0|0|0|0|0|0|0|0|0|0|0|0|0|0|2231150|12889320|10000|10000|0|1000|100.4196|100.328|0|-0.0863359|47567|106544|10000|10000|0|1000|100.8773|95.44519|0|-0.09534788|00008DE4|0|ae3ae3fceee1bb8e767a9c4c71ea9d07
37|2021-09-26T12:08:22.7740000+01:00|40011DEA|Liquid Hand|00008DDC|2465582|12889320|10000|10000|0||97.64246|100.267|0|-0.6523724||c1d4a02a6981da1e67bf1eea9f67bbb3
37|2021-09-26T12:08:22.7740000+01:00|10752D6C|Volkon Vysk|00008DDC|96770|152511|10000|10000|0||94.93577|103.6689|-0.003144379|2.241612|2500|0|0|01|07000BE3|0|C1F00000|10675739||731fcf8bbe4ea9f12ca2bdc537696dd0
37|2021-09-26T12:08:22.8640000+01:00|40011DEA|Liquid Hand|00008DDB|2456171|12889320|10000|10000|0||97.64246|100.267|0|-0.6491237|01|0|0|0||439587a54fff40e52a366574bcc0fe1b
37|2021-09-26T12:08:22.8640000+01:00|1057B8A2|Alex Knightfall|00008DDB|41764|97285|3866|10000|0||99.56506|96.57422|0|0.2182598|1C01|0|0|01|03000BE3|0|C1F00000|10675739||b63144eba1ab5fea520a4feaf6c23a7f
37|2021-09-26T12:08:22.9070000+01:00|40011D69|Living Liquid|00008DDE|2216937|12889320|10000|10000|0||100.4196|100.328|0|-0.0863359||3d3f575577359e44bf6171601be13ba3
37|2021-09-26T12:08:22.9070000+01:00|107629AA|Joeson Lmoa|00008DDE|57588|106059|10000|10000|0||99.93127|96.91003|0|0.1364782|1700|0|0|01|03000BE3|0|C1F00000|10675739||327888f7d5bfd24e68bf7260ed0847e2
37|2021-09-26T12:08:22.9540000+01:00|1075A2E4|Niru Summers|00008DE1|72421|153077|10000|10000|0||103.9902|104.1122|0|-2.385808|1500|0|0|02|04000BE3|0|C1F00000|10675739|05003BD9|0|41000000|1075A2E4||68cf7bcbf578eabfd05b26bb9326d210
26|2021-09-26T12:08:22.9540000+01:00|199|Holmgang|8.00|1075A2E4|Niru Summers|1075A2E4|Niru Summers|00|153077|153077||2f3ffc6f9649a9c0e6a2fd962eb673f3
37|2021-09-26T12:08:22.9540000+01:00|107ABEEC|Greiyan Fletz|00008DDF|47567|106544|10000|10000|0||100.8773|95.44519|0|-0.09534788|2200|0|0|02|0500094D|0|41200000|107ABEEC|0B0041A3|0|C1F00000|10675739||4ff97c4d504245832e482055f9117066
39|2021-09-26T12:08:22.9540000+01:00|10675739|Jasy Heavensong|43837|97086|8900|10000|0|0|99.32092|94.86523|0|3.120787||934f004eb6cf1760731afba38d4f8838
39|2021-09-26T12:08:22.9540000+01:00|10752D6C|Volkon Vysk|98295|152511|10000|10000|0|0|94.89979|103.7933|-0.000777541|2.241612||2967e0210e6697d338088b763acd1042
39|2021-09-26T12:08:22.9540000+01:00|1075A2E4|Niru Summers|73951|153077|10000|10000|0|0|103.9902|104.1122|0|-2.385808||6c31230ac77b3dcbdea9fe45c33ba819
38|2021-09-26T12:08:22.9540000+01:00|107ABEEC|Greiyan Fletz|00505022|47567|106544|10000|10000|0|0|100.8773|95.44519|0|-0.09534788|0|0|0|0720|42700000|1068703B|14016A|41F00000|E0000000|0A0168|41F00000|E0000000|28FE0030|450E5249|107ABEEC|075D|4101646B|10675739|04CD|411F47AE|107ABEEC|012B|406A4DC9|1057B8A2|0839|42268CE1|1068703B|0737|42268CE1|1068703B|08A8|408A8F59|107629AA|0513|417C1920|107ABEEC|0763|C1F00000|10675739|078E|41509792|107629AA|013B|419BDB1E|40011E12||e85dead77c974944c5190b75913d1aed
26|2021-09-26T12:08:22.9540000+01:00|720|Dance Partner|60.00|1068703B|Tomo Uchuu|107ABEEC|Greiyan Fletz|00|106544|106478||1efdc30c9547a739e137e779fd538421
24|2021-09-26T12:08:22.9970000+01:00|40011D69|Living Liquid|DoT|0|476E|2216937|12889320|10000|10000|0|1000|100.4196|100.328|0|-0.0863359||820082c30a08809ead8a8e136099f1de
21|2021-09-26T12:08:22.9980000+01:00|107629AA|Joeson Lmoa|406F|Burst Shot|40011D69|Living Liquid|720003|2D950000|1B|406F8000|0|0|0|0|0|0|0|0|0|0|0|0|2198651|12889320|10000|10000|0|1000|100.4196|100.328|0|-0.0863359|57588|106059|10000|10000|0|1000|99.93127|96.91003|0|0.1364782|00008DE5|0|836b883115cb45eeee26662e009b1d4c
36|2021-09-26T12:08:22.9980000+01:00|1A18|3|eedfa81e8f1ec48ad4ed8f2f6b0b5f5c
38|2021-09-26T12:08:22.9980000+01:00|40011D69|Living Liquid|00505000|2198651|12889320|10000|10000|0|0|100.4196|100.328|0|-0.0863359|0|0|0|0767|3F655C08|1057B8A2|2804B0|41BE6447|107629AA|04A9|40AB7CE5|1075A2E4|2804B1|41BE6447|107629AA|0A00A3|41A03F71|107401EC|04CC|40C64BEC|107ABEEC|072E|4133581A|10752D6C|04B3|40D93F81|107401EC||cd4a5d85552328056e8987372ee22644
39|2021-09-26T12:08:23.0430000+01:00|40011E12|Eos|92601|92601|10000|10000|0|0|100.1449|100.0533|0|-2.999026||45ca99463a5530baf7773014c0794d44
39|2021-09-26T12:08:23.0430000+01:00|1068703B|Tomo Uchuu|45389|106478|10000|10000|0|0|100.0418|96.35036|0|-0.1863976||2652781c2a5590015f920a0a7e412fbb
37|2021-09-26T12:08:23.0870000+01:00|107629AA|Joeson Lmoa|00008DE2|42279|106059|10000|10000|0||99.93127|96.91003|0|0.1364782|1700|0|0|01|03000BE3|0|C1F00000|10675739||0bd9f73642effc582b9dee198dce707d
39|2021-09-26T12:08:23.0870000+01:00|107629AA|Joeson Lmoa|43339|106059|10000|10000|0|0|99.93127|96.91003|0|0.1364782||d6104a4f00029ee1786d5ffbeebfc8d1
20|2021-09-26T12:08:23.0870000+01:00|107401EC|Raesa Velan|DF9|Fire IV|40011DEA|Liquid Hand|2.62|99.53455|95.68933|0|-0.3935199||1d22c3f69514d961f66670fc9e717049
37|2021-09-26T12:08:23.1320000+01:00|1057B8A2|Alex Knightfall|00008DE2|26766|97285|3866|10000|0||99.56506|96.57422|0|0.2182598|1C01|0|0|01|03000BE3|0|C1F00000|10675739||c161c17da70e9604577c8881bb12132f
39|2021-09-26T12:08:23.1320000+01:00|107ABEEC|Greiyan Fletz|48632|106544|10000|10000|0|0|100.8773|95.44519|0|-0.09534788||7ceeb14bc664e49cd154589c7f341422
37|2021-09-26T12:08:23.1760000+01:00|1068703B|Tomo Uchuu|00008DE2|29846|106478|10000|10000|0||100.0418|96.35036|0|-0.1863976|2602|0|0|01|04000BE3|0|C1F00000|10675739||d42d3ef018de569904c170a2f92f8596
39|2021-09-26T12:08:23.1760000+01:00|1057B8A2|Alex Knightfall|27738|97285|4112|10000|0|0|99.56506|96.57422|0|0.2182598||243bfd720fc8d743c70a5a54329dea43
37|2021-09-26T12:08:23.2200000+01:00|107401EC|Raesa Velan|00008DE2|29355|96887|9200|10000|0||99.53455|95.68933|0|-0.3935199|1903|0|0|01|03000BE3|0|C1F00000|10675739||75d08fc58a0a08c05c9dc48d5f165e80
39|2021-09-26T12:08:23.2210000+01:00|107401EC|Raesa Velan|30323|96887|9200|10000|0|0|99.53455|95.68933|0|-0.3935199||e5420ab0491c669c8bf2308e9c29937e
37|2021-09-26T12:08:23.2660000+01:00|107ABEEC|Greiyan Fletz|00008DE2|32629|106544|10000|10000|0||100.8773|95.44519|0|-0.09534788|2204|0|0|01|0B000BE3|0|C1F00000|10675739||677fd456173b04ca1bfc347cd734ad76
37|2021-09-26T12:08:23.2660000+01:00|40011D69|Living Liquid|00008DE4|2193686|12889320|10000|10000|0||100.4196|100.328|0|-0.0863359||b06f8f2e2f2285b0401f8e3947f0debb
37|2021-09-26T12:08:23.2660000+01:00|107ABEEC|Greiyan Fletz|00008DE4|32629|106544|10000|10000|0||100.8773|95.44519|0|-0.09534788|2200|0|0|01|0B000BE3|0|C1F00000|10675739||75870b04c647380f1cc0a438c345d114
20|2021-09-26T12:08:23.2660000+01:00|40011DEA|Liquid Hand|482D|Hand Of Pain|40011DEA|Liquid Hand|2.70|97.38013|100.61|0|-0.66269||a2b3bc104f75b981cceec1f65b2307f1
37|2021-09-26T12:08:23.3090000+01:00|1075A2E4|Niru Summers|00008DE2|63890|153077|10000|10000|0||103.9902|104.1122|0|-2.385808|1505|0|0|01|04000BE3|0|C1F00000|10675739||13c2c5ed6456b50dc5f5ac09707c73c4
37|2021-09-26T12:08:23.3550000+01:00|10675739|Jasy Heavensong|00008DDD|57089|97086|8900|10000|0||99.32092|94.86523|0|3.120787|2100|0|0|02|02000BE3|0|41F00000|10675739|0A003D84|0|41700000|10675739||206e2cc4d482f24dc5b00e08a2ad56b2
26|2021-09-26T12:08:23.3550000+01:00|344|Aspected Helios|15.00|10675739|Jasy Heavensong|10675739|Jasy Heavensong|00|97086|97086||3a846184287225c2554d9be2ea4db3a2
37|2021-09-26T12:08:23.3550000+01:00|10675739|Jasy Heavensong|00008DE2|42347|97086|8900|10000|0||99.32092|94.86523|0|3.120787|2106|0|0|0||ca41ce432dcb207c5dd09a5c660168e7
38|2021-09-26T12:08:23.3550000+01:00|10675739|Jasy Heavensong|00505021|42347|97086|8900|10000|0|0|99.32092|94.86523|0|3.120787|0|0|0|0A0168|41F00000|E0000000|0F016B|41F00000|E0000000|0763|41EFA5E3|10675739|28FE0030|450E4571|10675739|04E0|4061FBD8|10675739|08A8|407B74B4|107629AA|078E|41480838|107629AA|0347|0|10675739|013B|4197936E|40011E12|012B|405374B4|1057B8A2|0344|416F4BC7|10675739||d5bd5b9c1a65aa34b5c048592c776308
37|2021-09-26T12:08:23.3990000+01:00|107629AA|Joeson Lmoa|00008DE3|52986|106059|10000|10000|0||99.93127|96.92194|-0.0007195813|0.1239024|1700|0|0|01|03000BE3|0|C1F00000|10675739||9a7b2a8d9998bae6e2176ec65ab056ad
37|2021-09-26T12:08:23.3990000+01:00|10752D6C|Volkon Vysk|00008DE2|92431|152511|10000|10000|0||94.68213|103.9902|-0.01531982|2.241612|2507|0|0|01|07000BE3|0|C1F00000|10675739||fa47f275823aba27c1cc8a5c95d06d3b
37|2021-09-26T12:08:23.4890000+01:00|107401EC|Raesa Velan|00008DDD|38481|96887|9200|10000|0||99.53455|95.68933|0|-0.4004468|1901|0|0|02|03000BE3|0|41F00000|10675739|07003D84|0|41700000|10675739||9e42778cc0fa1165e766fd0bafb03e73
26|2021-09-26T12:08:23.4890000+01:00|344|Aspected Helios|15.00|10675739|Jasy Heavensong|107401EC|Raesa Velan|00|96887|97086||079b64445d77a11ba2d90b1232aaca08
38|2021-09-26T12:08:23.4890000+01:00|107401EC|Raesa Velan|00505019|38481|96887|9200|10000|0|0|99.53455|95.68933|0|-0.4004468|0|0|0|0A016D|41F00000|E0000000|0A0168|41F00000|E0000000|29020030|4591DB6E|107401EC|0763|41EFA3D7|10675739|08A8|4072D0DC|107629AA|078E|4143BA65|107629AA|013B|41956E90|40011E12|0344|416F47AE|10675739|0|0|0|012B|4047FFF6|1057B8A2||f080c6aea709f5bd4a8f64dff83ae777
37|2021-09-26T12:08:23.5350000+01:00|1057B8A2|Alex Knightfall|00008DE3|37129|97285|4112|10000|0||99.56506|96.57422|0|0.2182598|1C01|0|0|01|03000BE3|0|C1F00000|10675739||97b60e709f9a3ce9e15358e8e4d26747
24|2021-09-26T12:08:23.5360000+01:00|40011DEA|Liquid Hand|DoT|0|498D|2456171|12889320|10000|10000|0|1000|97.24667|100.7845|0|-0.6696408||d919a752e4f7e63fac5f7cda10beefb7
38|2021-09-26T12:08:23.5360000+01:00|40011DEA|Liquid Hand|00505000|2437342|12889320|10000|10000|0|0|97.24667|100.7845|0|-0.6696408|0|0|0|0A00A3|40FBA5B9|107401EC|072E|41289BB1|10752D6C|0|0|0|2804B1|41CA80F9|107629AA|04A9|409E8722|1075A2E4|2804B0|41CA80F9|107629AA|0759|41615FF7|10675739|072D|4192E957|10752D6C||bd26e27c056bba3e9aac31229d342373
38|2021-09-26T12:08:23.5360000+01:00|107401EC|Raesa Velan|00505019|38481|96887|9200|10000|0|0|99.53455|95.68933|0|-0.4004468|0|0|0|0A016D|41F00000|E0000000|0A0168|41F00000|E0000000|29020030|4591DB10|107401EC|0763|41EF45A2|10675739|08A8|406FDF32|107629AA|078E|4142FDFB|107629AA|013B|4195105B|40011E12|0344|416E8B44|10675739|A4|418FA1CB|107401EC|012B|40450E4C|1057B8A2||5d8e6f5f054d65dcef8a90582dc36271
26|2021-09-26T12:08:23.5360000+01:00|a4|Thundercloud|17.95|107401EC|Raesa Velan|107401EC|Raesa Velan|00|96887|96887||96b048f32f3754e25b5381ce08ba3795
37|2021-09-26T12:08:23.6230000+01:00|1068703B|Tomo Uchuu|00008DDD|42942|106478|10000|10000|0||100.0418|96.35036|0|-0.1947751|2602|0|0|02|04000BE3|0|41F00000|10675739|0C003D84|0|41700000|10675739||1d956fe964d11b340935d4dd02228d47
26|2021-09-26T12:08:23.6230000+01:00|344|Aspected Helios|15.00|10675739|Jasy Heavensong|1068703B|Tomo Uchuu|00|106478|97086||419b359bb54c32e1c1e67ed5a7c30bde
37|2021-09-26T12:08:23.6230000+01:00|40011DEA|Liquid Hand|00008DE0|2400939|12889320|10000|10000|0||97.24573|100.7858|0|-0.6696408||e051dd81aff0e0e2238e0ddc335ed75a
21|2021-09-26T12:08:23.6230000+01:00|1068703B|Tomo Uchuu|3E77|Reverse Cascade|40011DEA|Liquid Hand|720203|43E30000|13D|EB8000|0|0|0|0|0|0|0|0|0|0|0|0|2400939|12889320|10000|10000|0|1000|97.24573|100.7858|0|-0.6696408|52413|106478|10000|10000|0|1000|100.0418|96.35036|0|-0.1947751|00008DE6|0|0acb98ebfe96925a1cc7e0c2b3d1c9cd
21|2021-09-26T12:08:23.6230000+01:00|1068703B|Tomo Uchuu|07|Attack|40011DEA|Liquid Hand|720203|154A0000|0|0|0|0|0|0|0|0|0|0|0|0|0|0|2400939|12889320|10000|10000|0|1000|97.24573|100.7858|0|-0.6696408|52413|106478|10000|10000|0|1000|100.0418|96.35036|0|-0.1947751|00008DE7|0|0f401c7a85b905806cbb0bee835317e1
38|2021-09-26T12:08:23.6230000+01:00|1068703B|Tomo Uchuu|00505026|42942|106478|10000|10000|0|0|100.0418|96.35036|0|-0.1947751|0|0|0|14016A|41F00000|E0000000|0A0168|41F00000|E0000000|071F|42700000|1068703B|28FE0030|450EED62|1068703B|0763|41EFA5E3|10675739|08A8|406A3D68|107629AA|012B|40423D68|1057B8A2|071D|4223DED1|1068703B|0737|4223DED1|1068703B|078E|413F74C5|107629AA|013B|4192394F|40011E12|0|0|0|0344|416F4BC7|10675739||3c2c25636e0fdda55e1513cd80bfa976
26|2021-09-26T12:08:23.6230000+01:00|71f|Closed Position|60.00|1068703B|Tomo Uchuu|1068703B|Tomo Uchuu|00|106478|106478||2856bd4e1ae78955ea051e6fc0612dba
30|2021-09-26T12:08:23.6230000+01:00|716|Flourishing Cascade|0.00|1068703B|Tomo Uchuu|1068703B|Tomo Uchuu|00|106478|106478||82213679a7dd17c6a52d8864e3745b29
31|2021-09-26T12:08:23.6230000+01:00|1068703B|3C0426|00|10762900|12B|b1fc8a3e875a8f4c63ca1268087a68e2
37|2021-09-26T12:08:23.6670000+01:00|1068703B|Tomo Uchuu|00008DE3|52413|106478|10000|10000|0||100.0418|96.35036|0|-0.1947751|2602|0|0|0||7ffd672e17ed3ced43e96dbd9b9209aa
21|2021-09-26T12:08:23.7110000+01:00|107629AA|Joeson Lmoa|08|Shot|40011D69|Living Liquid|720003|F6E0000|0|0|0|0|0|0|0|0|0|0|0|0|0|0|2193686|12889320|10000|10000|0|1000|100.4196|100.328|0|-0.0863359|52986|106059|10000|10000|0|1000|99.94791|97.05495|-0.00120061|0.07649588|00008DE8|0|5562b4018a64bdd670f8d543970f5ad1
37|2021-09-26T12:08:23.7560000+01:00|107ABEEC|Greiyan Fletz|00008DDD|41007|106544|10000|10000|0||100.8773|95.44519|0|-0.09534788|2203|0|0|02|0B000BE3|0|41F00000|10675739|0E003D84|0|41700000|10675739||49c67ca10fa995caf74a5e49cb8a41cc
26|2021-09-26T12:08:23.7560000+01:00|344|Aspected Helios|15.00|10675739|Jasy Heavensong|107ABEEC|Greiyan Fletz|00|106544|97086||76d3c0004527e4d79b14f8eda209506b
38|2021-09-26T12:08:23.7560000+01:00|107ABEEC|Greiyan Fletz|00505022|41007|106544|10000|10000|0|0|100.8773|95.44519|0|-0.09534788|9598|31|0|0720|42700000|1068703B|14016A|41F00000|E0000000|0A0168|41F00000|E0000000|28FE0030|450E4575|107ABEEC|075D|40E916A6|10675739|04CD|41126E9B|107ABEEC|012B|4036E970|1057B8A2|0839|422356A1|1068703B|0737|422356A1|1068703B|08A8|4061BA56|107629AA|0513|416F400D|107ABEEC|0763|41EFA3D7|10675739|078E|4143BE7F|107629AA|013B|41956E90|40011E12|0344|416F47AE|10675739||a25dea6fcd1e969ad4aa25360f1d3a8f
37|2021-09-26T12:08:23.8010000+01:00|107401EC|Raesa Velan|00008DE3|47956|96887|9200|10000|0||99.53455|95.68933|0|-0.4131116|1903|0|0|0||f7a50a41ced2d14206c3ddcd9ae1f17f
22|2021-09-26T12:08:23.8010000+01:00|40011D69|Living Liquid|49B2|Splash|107629AA|Joeson Lmoa|650003|414F0000|1B|49B28000|0|0|0|0|0|0|0|0|0|0|0|0|52986|106059|10000|10000|0|1000|99.9538|97.09708|-0.003451667|0.06481817|2193686|12889320|10000|10000|0|1000|100.4196|100.328|0|-0.0863359|00008DE9|0|6b269fd5e34d40277bf9c9bb83f251ea
22|2021-09-26T12:08:23.8010000+01:00|40011D69|Living Liquid|49B2|Splash|1057B8A2|Alex Knightfall|650003|3B4D0000|1B|49B28000|0|0|0|0|0|0|0|0|0|0|0|0|37129|97285|4112|10000|0|1000|99.56506|96.57422|0|0.2182598|2193686|12889320|10000|10000|0|1000|100.4196|100.328|0|-0.0863359|00008DE9|1|1a58143b1f44fe165e976d70843c8590
22|2021-09-26T12:08:23.8010000+01:00|40011D69|Living Liquid|49B2|Splash|1068703B|Tomo Uchuu|650003|3F960000|1B|49B28000|0|0|0|0|0|0|0|0|0|0|0|0|52413|106478|10000|10000|0|1000|100.0418|96.35036|0|-0.1968699|2193686|12889320|10000|10000|0|1000|100.4196|100.328|0|-0.0863359|00008DE9|2|1da5121beccbe8efb9a2ca87b76a884d
22|2021-09-26T12:08:23.8010000+01:00|40011D69|Living Liquid|49B2|Splash|107401EC|Raesa Velan|650003|3CE80000|1B|49B28000|0|0|0|0|0|0|0|0|0|0|0|0|38481|96887|9200|10000|0|1000|99.53455|95.68933|0|-0.4131116|2193686|12889320|10000|10000|0|1000|100.4196|100.328|0|-0.0863359|00008DE9|3|cbd6459ab81121d1f0636bbaf629f720
22|2021-09-26T12:08:23.8010000+01:00|40011D69|Living Liquid|49B2|Splash|107ABEEC|Greiyan Fletz|650003|3F310000|1B|49B28000|0|0|0|0|0|0|0|0|0|0|0|0|41007|106544|10000|10000|0|1000|100.8773|95.44519|0|-0.09534788|2193686|12889320|10000|10000|0|1000|100.4196|100.328|0|-0.0863359|00008DE9|4|198104a46681d778e6eb20b3ccba743e
22|2021-09-26T12:08:23.8010000+01:00|40011D69|Living Liquid|49B2|Splash|1075A2E4|Niru Summers|650003|28770000|1B|49B28000|0|0|0|0|0|0|0|0|0|0|0|0|63890|153077|10000|10000|0|1000|103.9902|104.1122|0|-2.33473|2193686|12889320|10000|10000|0|1000|100.4196|100.328|0|-0.0863359|00008DE9|5|4b22eb2bca26edb7b0e7bd0bde14ef92
22|2021-09-26T12:08:23.8010000+01:00|40011D69|Living Liquid|49B2|Splash|10675739|Jasy Heavensong|650003|3C470000|1B|49B28000|0|0|0|0|0|0|0|0|0|0|0|0|42347|97086|8900|10000|0|1000|99.41107|94.86523|0|2.308259|2193686|12889320|10000|10000|0|1000|100.4196|100.328|0|-0.0863359|00008DE9|6|4e3ed3902e80517a56f573fd54772eb7
22|2021-09-26T12:08:23.8010000+01:00|40011D69|Living Liquid|49B2|Splash|10752D6C|Volkon Vysk|650003|17670000|1B|49B28000|0|0|0|0|0|0|0|0|0|0|0|0|92431|152511|10000|10000|0|1000|94.68213|103.9902|0|2.241612|2193686|12889320|10000|10000|0|1000|100.4196|100.328|0|-0.0863359|00008DE9|7|9879159f4863189a7c879f26fdee6512
36|2021-09-26T12:08:23.8010000+01:00|1B44|3|e28280e7dd2f3dfd4d6d9af2431891b9
21|2021-09-26T12:08:23.8010000+01:00|40011DEC|Liquid Rage|4827|Drainage|10752D6C|Volkon Vysk|650003|324001|1B|48278000|0|0|0|0|0|0|0|0|0|0|0|0|92431|152511|10000|10000|0|1000|94.68213|103.9902|0|2.241612|11919920|11919920|10000|10000|0|1000|115|100|0|-4.792213E-05|00008DEA|0|5af7ad3f20c353a0057c59c22d7f9f5a
20|2021-09-26T12:08:23.8010000+01:00|10675739|Jasy Heavensong|40AB|Malefic IV|40011D69|Living Liquid|1.43|99.41107|94.86523|0|2.308259||878263f9b0b34a44fda9f4088a90dac5
20|2021-09-26T12:08:23.8010000+01:00|107ABEEC|Greiyan Fletz|1D40|Tenka Goken|40011D69|Living Liquid|1.30|100.8773|95.44519|0|-0.09534788||78fc0b0ee3cbdb290637a343e1b5d166
37|2021-09-26T12:08:23.8890000+01:00|1057B8A2|Alex Knightfall|00008DDD|45661|97285|4112|10000|0||99.56506|96.57422|0|0.2182598|1C04|0|0|02|03000BE3|0|41F00000|10675739|06003D84|0|41700000|10675739||c4aeb9edeee7f54f7b14c20273c666dd
26|2021-09-26T12:08:23.8890000+01:00|344|Aspected Helios|15.00|10675739|Jasy Heavensong|1057B8A2|Alex Knightfall|00|97285|97086||a1d8629fcf654a9d941d962e89bec5f4
38|2021-09-26T12:08:23.8890000+01:00|1057B8A2|Alex Knightfall|0050501C|45661|97285|4112|10000|0|0|99.56506|96.57422|0|0.2182598|9598|31|0|0A016D|41F00000|E0000000|1E016C|41F00000|E0000000|28FE0030|44D44F08|1057B8A2|0763|41EFA5E3|10675739|078E|41391692|107629AA|04B4|40BF5C19|1057B8A2|0344|416F4BC7|10675739|08A8|405947A7|107629AA|010130|0|1057B8A2|0798|4040B463|1057B8A2|012B|402E76C1|1057B8A2|013B|418F0826|40011E12||a9ddfa33dcbf5f003fb6403b97626b9c
37|2021-09-26T12:08:23.9340000+01:00|107ABEEC|Greiyan Fletz|00008DE3|50429|106544|10000|10000|0||100.8773|95.44519|0|-0.09534788|2204|0|0|0||94a153daaf40c40ab06e53c8165abd68
21|2021-09-26T12:08:23.9340000+01:00|40011DEB|Liquid Rage|4827|Drainage|1075A2E4|Niru Summers|650003|90B14001|1B|48278000|0|0|0|0|0|0|0|0|0|0|0|0|63890|153077|10000|10000|0|1000|103.9902|104.1122|0|-2.313504|11919920|11919920|10000|10000|0|1000|99.99231|114.9767|0|0.3257579|00008DEB|0|042f228801a235e02774e650ddbdd72c
38|2021-09-26T12:08:23.9340000+01:00|40011D69|Living Liquid|00505000|2193686|12889320|10000|10000|0|0|100.4196|100.328|0|-0.0863359|9598|31|0|0|0|0|2804B0|41B6E54A|107629AA|04A9|408D80F9|1075A2E4|2804B1|41B6E54A|107629AA|0A00A3|4198C074|107401EC|04CC|40A85000|107ABEEC|072E|41245A2B|10752D6C|04B3|40BB4395|107401EC||b7e43428107e1dfd645bb29baeac8bf9
30|2021-09-26T12:08:23.9340000+01:00|767|Biolysis|0.00|1057B8A2|Alex Knightfall|40011D69|Living Liquid|00|12889320|97285||782078179911b08fa642800d1d2de4bb
22|2021-09-26T12:08:23.9780000+01:00|10752D6C|Volkon Vysk|3F15|Demon Slaughter|40011DEA|Liquid Hand|3C710003|1DB50000|13D|ED8000|11B|3F158000|0|0|0|0|0|0|0|0|0|0|2400939|12889320|10000|10000|0|1000|97.24573|100.7858|0|-0.6696408|92431|152511|10000|10000|0|1000|94.68213|103.9902|0|2.241612|00008DEC|0|006321c9d4ec029853574f3fc8beeea0
22|2021-09-26T12:08:23.9780000+01:00|10752D6C|Volkon Vysk|3F15|Demon Slaughter|40011D69|Living Liquid|3C710203|23720000|0|0|0|0|0|0|0|0|0|0|0|0|0|0|2193686|12889320|10000|10000|0|1000|100.4196|100.328|0|-0.0863359|92431|152511|10000|10000|0|1000|94.68213|103.9902|0|2.241612|00008DEC|1|9b41e92c8014e93a0dfd1f5f0f28bcc6
37|2021-09-26T12:08:24.0230000+01:00|107629AA|Joeson Lmoa|00008DDD|61270|106059|10000|10000|0||99.96179|97.15417|0|0.04942346|1705|0|0|02|03000BE3|0|41F00000|10675739|09003D84|0|41700000|10675739||b70a841a9f2124d82d42b7b88ab3ea48
26|2021-09-26T12:08:24.0230000+01:00|344|Aspected Helios|15.00|10675739|Jasy Heavensong|107629AA|Joeson Lmoa|00|106059|97086||5cb1e2543d22028d1f9f891927c1f2a1
38|2021-09-26T12:08:24.0230000+01:00|107629AA|Joeson Lmoa|00505017|61270|106059|10000|10000|0|0|99.96179|97.15417|0|0.04942346|9504|31|0|0A016D|41F00000|E0000000|0A0168|41F00000|E0000000|28FE0030|450E3E51|107629AA|0763|41EFA1CB|10675739|012B|4025D2EA|1057B8A2|078E|4134C8C1|107629AA|013B|418CE349|40011E12|7D|418EDD29|107629AA|078C|410428FD|107629AA|0344|416F4396|10675739||f2ce54e0601d3e873e09b40d436fa7ad
37|2021-09-26T12:08:24.0670000+01:00|10675739|Jasy Heavensong|00008DE3|51727|97086|8900|10000|0||99.46|94.86523|-0.001205685|1.180486|2105|0|0|0||784c89c96206f0f5b3a622fa42e1389e
37|2021-09-26T12:08:24.1560000+01:00|10752D6C|Volkon Vysk|00008DDD|105490|152511|10000|10000|0||94.68213|103.9902|0|2.241612|2506|0|0|02|07000BE3|0|41F00000|10675739|0A003D84|0|41700000|10675739||9f7fa8a47da952bfc99a8cb41643bbb2
26|2021-09-26T12:08:24.1560000+01:00|344|Aspected Helios|15.00|10675739|Jasy Heavensong|10752D6C|Volkon Vysk|00|152511|97086||8be8975acac8aba35830d893ea4a01b0
37|2021-09-26T12:08:24.1560000+01:00|40011DEA|Liquid Hand|00008DE7|2395489|12889320|10000|10000|0||97.24573|100.7858|0|-0.6696408||44f61d7dd5cfbcbeda2a4ef564f688c3
38|2021-09-26T12:08:24.1560000+01:00|10752D6C|Volkon Vysk|00505025|105490|152511|10000|10000|0|0|94.68213|103.9902|0|2.241612|DF7C|30|0|14016A|41F00000|E0000000|0A0168|41F00000|E0000000|28FD0030|450F8882|10752D6C|072A|40D245BD|10752D6C|08A8|404820BE|107629AA|012B|402020BE|1057B8A2|0730|3F99995E|10752D6C|0763|41EFA5E3|10675739|0727|4071A9CF|10752D6C|0343|41251696|10675739|0344|416F4BC7|10675739|072B|416B332C|10752D6C|078E|413F7CF8|107629AA|013B|41934DCB|40011E12|0|0|0|0729|0|10752D6C||7acf4a52d068056bc7f997d42917a9a3
37|2021-09-26T12:08:24.2020000+01:00|1075A2E4|Niru Summers|00008DE3|79377|153077|10000|10000|0||103.9902|104.1122|0|-2.26002|1506|0|0|01|04000BE3|0|C1F00000|10675739||c8878936fec827d361d526ce8c3a99c0
37|2021-09-26T12:08:24.2020000+01:00|107629AA|Joeson Lmoa|00008DE9|44551|106059|10000|10000|0||99.96179|97.15417|0|0.04942346|1700|0|0|0||12f84692280eb1fb42824bd41a1a7476
21|2021-09-26T12:08:24.2020000+01:00|40011D69|Living Liquid|4978|Unknown_4978|1075A2E4|Niru Summers|730003|6A240000|0|0|0|0|0|0|0|0|0|0|0|0|0|0|79377|153077|10000|10000|0|1000|103.9902|104.1122|0|-2.26002|2193686|12889320|10000|10000|0|1000|100.4196|100.328|0|-0.0863359|00008DED|0|cc2040bfbf05a214ac7739da14d6aa2d
21|2021-09-26T12:08:24.2020000+01:00|1057B8A2|Alex Knightfall|BD|Lustrate|10752D6C|Volkon Vysk|10004|9AEC0000|A3D|C38000|0|0|0|0|0|0|0|0|0|0|0|0|105490|152511|10000|10000|0|1000|94.68213|103.9902|0|2.241612|45661|97285|4112|10000|0|1000|99.56506|96.57422|0|0.1245614|00008DEE|0|c355c90ee42c02ebb32f9b00b47d7808
21|2021-09-26T12:08:24.2020000+01:00|1075A2E4|Niru Summers|404E|Mythril Tempest|40011D69|Living Liquid|32710003|16C90000|143D|340000|11B|404E8000|0|0|0|0|0|0|0|0|0|0|2193686|12889320|10000|10000|0|1000|100.4196|100.328|0|-0.0863359|79377|153077|10000|10000|0|1000|103.9902|104.1122|0|-2.26002|00008DEF|0|7ecfcfa19ecd1bd26c48f4dcf5e55ad1
38|2021-09-26T12:08:24.2020000+01:00|1057B8A2|Alex Knightfall|0050501C|45661|97285|4112|10000|0|0|99.56506|96.57422|0|0.1245614|DF7C|30|0|0A016D|41F00000|E0000000|1E016C|41F00000|E0000000|28FE0030|44D44504|1057B8A2|0763|41ED24DD|10675739|078E|41341487|107629AA|04B4|40B557FF|1057B8A2|0344|416A49BC|10675739|08A8|40453F76|107629AA|0|0|0|0798|402CAC32|1057B8A2|012B|401A6E90|1057B8A2|013B|418C8720|40011E12||5a18987d1f46fb368476c4ab20f741b7
30|2021-09-26T12:08:24.2020000+01:00|130|Aetherflow|0.00|1057B8A2|Alex Knightfall|1057B8A2|Alex Knightfall|01|97285|97285||27d5131b3741ce3fe28aba520e1245e5
38|2021-09-26T12:08:24.2020000+01:00|1075A2E4|Niru Summers|00505015|79377|153077|10000|10000|0|0|103.9902|104.1122|0|-2.26002|DF7C|30|0|0A016D|41F00000|E0000000|0A0168|41F00000|E0000000|5B|0|1075A2E4|28FD0030|450FA656|1075A2E4|0763|C1F00000|10675739|0199|40D69FB8|1075A2E4|012B|401A6E90|1057B8A2|08A8|40453F76|107629AA|013B|418EABFE|40011E12|5A|42700000|1075A2E4|078E|4140E56A|107629AA||7f167b2b10383c42ad5583b2ed14f720
26|2021-09-26T12:08:24.2020000+01:00|5a|Storm's Eye|60.00|1075A2E4|Niru Summers|1075A2E4|Niru Summers|00|153077|153077||575d1d9a710121668cf788dd1d6aa2c6
37|2021-09-26T12:08:24.2450000+01:00|1057B8A2|Alex Knightfall|00008DE9|30480|97285|4112|10000|0||99.56506|96.57422|0|0.1245614|1C01|0|0|0||33b5df106b2523365f4fa017f6c5453b
37|2021-09-26T12:08:24.2900000+01:00|1075A2E4|Niru Summers|00008DDD|87903|153077|10000|10000|0||103.9902|104.1122|0|-2.26002|1507|0|0|02|04000BE3|0|41F00000|10675739|0B003D84|0|41700000|10675739||a80bfd967e38a5166fc96dca1616a6d4
26|2021-09-26T12:08:24.2900000+01:00|763|Horoscope Helios|30.00|10675739|Jasy Heavensong|1075A2E4|Niru Summers|00|153077|97086||443df94ef3a28ce7197fa24f19df7c56
26|2021-09-26T12:08:24.2900000+01:00|344|Aspected Helios|15.00|10675739|Jasy Heavensong|1075A2E4|Niru Summers|00|153077|97086||66ad095dee3140f5bfff090cd4af18a5
37|2021-09-26T12:08:24.2900000+01:00|40011DEA|Liquid Hand|00008DE6|2378110|12889320|10000|10000|0||97.24573|100.7858|0|-0.6696408||62e4b78dff44bc12e33b1753ad02ef63
37|2021-09-26T12:08:24.2900000+01:00|1068703B|Tomo Uchuu|00008DE9|36135|106478|10000|10000|0||100.0418|96.35036|0|-0.1570764|2602|0|0|0||ac6a2a546693c1e01e8fcaa6380890e3
37|2021-09-26T12:08:24.2900000+01:00|10752D6C|Volkon Vysk|00008DEA|39904|152511|10000|10000|0||94.68213|103.9902|0|2.241612|2500|0|0|0||511274b9b89ea7bd4e789545ae09ac53
38|2021-09-26T12:08:24.2900000+01:00|1075A2E4|Niru Summers|00505015|87903|153077|10000|10000|0|0|103.9902|104.1122|0|-2.26002|DE54|30|0|0A016D|41F00000|E0000000|0A0168|41F00000|E0000000|5B|0|1075A2E4|28FD0030|450FA4EA|1075A2E4|0763|41EFA3D7|10675739|0199|40D3C6A1|1075A2E4|012B|4014BC63|1057B8A2|08A8|403F8D49|107629AA|013B|418DF5B8|40011E12|5A|426FA4DE|1075A2E4|078E|413F78DF|107629AA|0344|416F47AE|10675739||8307bb489c78297e3761455a3344b423
37|2021-09-26T12:08:24.3350000+01:00|10752D6C|Volkon Vysk|00008DE3|49254|152511|10000|10000|0||94.68213|103.9902|0|2.241612|2507|0|0|0||8c6dbd2e79ae1795cbe2dc21040a2c9f
37|2021-09-26T12:08:24.3350000+01:00|107401EC|Raesa Velan|00008DE9|32364|96887|9200|10000|0||99.53455|95.68933|0|-0.4229538|1903|0|0|0||2e782272ec69b25499bf0b0a0565b826
38|2021-09-26T12:08:24.3350000+01:00|40011E12|Eos|00505000|92601|92601|10000|10000|0|0|100.1449|100.0533|0|-2.999026|DE54|30|0|28FE0030|44D440BA|1057B8A2|08A8|403CAC01|107629AA||b3a0228363dd3784880261bf18a7a4ea
30|2021-09-26T12:08:24.3350000+01:00|7ae|Summon Order IV|0.00|40011E12|Eos|40011E12|Eos|01|92601|92601||ae4691ed14a9ac156f25c37ffac501d0
37|2021-09-26T12:08:24.3790000+01:00|107ABEEC|Greiyan Fletz|00008DE9|34252|106544|10000|10000|0||100.8773|95.44519|0|-0.09534788|2204|0|0|0||4d71a94ab1aae8b08141c52158ca84c5
21|2021-09-26T12:08:24.3790000+01:00|107629AA|Joeson Lmoa|6B|Barrage|107629AA|Joeson Lmoa|20F|808000|F|7A8000|0|0|0|0|0|0|0|0|0|0|0|0|44551|106059|10000|10000|0|1000|99.96179|97.15417|0|0.04942346|44551|106059|10000|10000|0|1000|99.96179|97.15417|0|0.04942346|00008DF0|0|e2c946400989b72bf77deb5790150b8c
38|2021-09-26T12:08:24.3790000+01:00|107629AA|Joeson Lmoa|00505017|44551|106059|10000|10000|0|0|99.96179|97.15417|0|0.04942346|DE54|30|0|0A016D|41F00000|E0000000|0A0168|41F00000|E0000000|28FE0030|450E38A1|107629AA|0763|41ECC8B3|10675739|012B|400F0A36|1057B8A2|078E|412F1695|107629AA|013B|418A0A31|40011E12|7D|418C0411|107629AA|078C|40FCEDA1|107629AA|0344|4169916A|10675739|80|C1200000|107629AA|7A|C1200000|107629AA||dff045089ee661c7b32fefaa1784d74d
26|2021-09-26T12:08:24.3790000+01:00|80|Barrage|10.00|107629AA|Joeson Lmoa|107629AA|Joeson Lmoa|00|106059|106059||7b4ee8129043b63dc5cd57f41f5b0294
26|2021-09-26T12:08:24.3790000+01:00|7a|Straight Shot Ready|10.00|107629AA|Joeson Lmoa|107629AA|Joeson Lmoa|00|106059|106059||df4b2e9043702ada8426cabf44e72eea
37|2021-09-26T12:08:24.4240000+01:00|1075A2E4|Niru Summers|00008DE9|77544|153077|10000|10000|0||103.9902|104.1122|0|-2.26002|1505|0|0|0||27be7c1ef58dc9868164441d7f1ca1d1
37|2021-09-26T12:08:24.4240000+01:00|1075A2E4|Niru Summers|00008DEB|1|153077|10000|10000|0||103.9902|104.1122|0|-2.26002|1500|0|0|0||a369432f7ed45797d7e670691a5f790d
37|2021-09-26T12:08:24.4690000+01:00|10675739|Jasy Heavensong|00008DE9|36296|97086|8900|10000|0||99.50403|94.86523|0|0.1655285|2106|0|0|0||fd05d638e0de93f5e7ccdbbeb648bd46
37|2021-09-26T12:08:24.4690000+01:00|40011D69|Living Liquid|00008DE5|2182017|12889320|10000|10000|0||100.4196|100.328|0|-0.0863359||92416a09c378b7e6f9cae46219e6b422
37|2021-09-26T12:08:24.4690000+01:00|107629AA|Joeson Lmoa|00008DE5|44551|106059|10000|10000|0||99.96179|97.15417|0|0.04942346|1700|0|0|02|0A000500|0|C1200000|107629AA|0B003ABA|0|C1200000|107629AA||21c4696ba2bacd2c49d376931a0a572b
37|2021-09-26T12:08:24.4690000+01:00|40011D69|Living Liquid|00008DE8|2178067|12889320|10000|10000|0||100.4196|100.328|0|-0.0863359||e6ccded799b2b987a566a225bc50aae6
37|2021-09-26T12:08:24.4690000+01:00|107629AA|Joeson Lmoa|00008DE8|44551|106059|10000|10000|0||99.96179|97.15417|0|0.04942346|1700|0|0|02|0A000500|0|C1200000|107629AA|0B003ABA|0|C1200000|107629AA||aa393e27db03bab321a9fd97d6598120
24|2021-09-26T12:08:24.4690000+01:00|10675739|Jasy Heavensong|HoT|0|1DED|51727|97086|8900|10000|0|1000|99.50403|94.86523|0|0.1655285||b71b471a274f40e3e69c269b62e80f18
24|2021-09-26T12:08:24.4690000+01:00|10752D6C|Volkon Vysk|HoT|0|64F4|49254|152511|10000|10000|0|1000|94.68213|103.9902|0|2.241612||ab3e2503a4624fa8aeffa3659c84b2d3
24|2021-09-26T12:08:24.4690000+01:00|1075A2E4|Niru Summers|HoT|0|1E77|1|153077|10000|10000|0|1000|103.9902|104.1122|0|-2.26002||3af00b574fc46a019bf040f5ece8d472
38|2021-09-26T12:08:24.4690000+01:00|10675739|Jasy Heavensong|00505021|43957|97086|8900|10000|0|0|99.50403|94.86523|0|0.1655285|DE54|30|0|0A0168|41F00000|E0000000|0F016B|41F00000|E0000000|0763|41E6BA5B|10675739|28FE0030|450E33A1|10675739|04E0|401A9FB1|10675739|08A8|4034188D|107629AA|078E|41363133|107629AA|0347|0|10675739|013B|418EA7E6|40011E12|012B|400C188D|1057B8A2|0344|415D74C2|10675739||593fd91c248e659fe4131e5972ea35b5
38|2021-09-26T12:08:24.4690000+01:00|10752D6C|Volkon Vysk|00505025|75098|152511|10000|10000|0|0|94.68213|103.9902|0|2.241612|DE54|30|0|14016A|41F00000|E0000000|0A0168|41F00000|E0000000|28FD0030|450F8382|10752D6C|072A|40C841A3|10752D6C|08A8|4034188D|107629AA|012B|400C188D|1057B8A2|0730|3F6311F8|10752D6C|0763|41ED24DC|10675739|0727|405DA19E|10752D6C|0343|4120148B|10675739|0344|416A49BC|10675739|072B|41663121|10752D6C|078E|413A7AED|107629AA|013B|4190CCC4|40011E12|0|0|0|0729|0|10752D6C||cf7e18d984176f2bd83a442e2a665fb8
38|2021-09-26T12:08:24.4690000+01:00|1075A2E4|Niru Summers|00505015|7800|153077|10000|10000|0|0|103.9902|104.1122|0|-2.26002|DE54|30|0|0A016D|41F00000|E0000000|0A0168|41F00000|E0000000|5B|0|1075A2E4|28FD0030|450FA20E|1075A2E4|0763|41EE353F|10675739|0199|40CE0C42|1075A2E4|012B|400947A7|1057B8A2|08A8|4034188D|107629AA|013B|418C8720|40011E12|5A|426EED93|1075A2E4|078E|413C9BB1|107629AA|0344|416C6A80|10675739||88c946dd7ef1b60aa0f7c5b7cb17ab78
37|2021-09-26T12:08:24.5130000+01:00|10752D6C|Volkon Vysk|00008DE9|69107|152511|10000|10000|0||94.68213|103.9902|0|2.241612|2507|0|0|0||f5f7449ef07984811f61e0da19f662d7
21|2021-09-26T12:08:24.5130000+01:00|1075A2E4|Niru Summers|07|Attack|40011D69|Living Liquid|710003|E1B0000|0|0|0|0|0|0|0|0|0|0|0|0|0|0|2193686|12889320|10000|10000|0|1000|100.4196|100.328|0|-0.0863359|1|153077|10000|10000|0|1000|103.9902|104.1122|0|-2.26002|00008DF1|0|b6e35d32320661cabedfa5333bbc7dd2
24|2021-09-26T12:08:24.5570000+01:00|1068703B|Tomo Uchuu|HoT|0|25E5|36135|106478|10000|10000|0|1000|100.0418|96.35036|0|-0.1445098||461fde7478fba6c8fb196113ce70aba3
22|2021-09-26T12:08:24.5570000+01:00|107ABEEC|Greiyan Fletz|1D40|Tenka Goken|40011D69|Living Liquid|710203|6C930000|13D|FF8000|0|0|0|0|0|0|0|0|0|0|0|0|2178067|12889320|10000|10000|0|1000|100.4196|100.328|0|-0.0863359|34252|106544|10000|10000|0|1000|100.8773|95.44519|0|-0.09534788|00008DF2|0|b88e829b73dd8d1ff82726de9d12f51e
22|2021-09-26T12:08:24.5570000+01:00|107ABEEC|Greiyan Fletz|1D40|Tenka Goken|40011DEA|Liquid Hand|710003|53DD0000|0|0|0|0|0|0|0|0|0|0|0|0|0|0|2378110|12889320|10000|10000|0|1000|97.24573|100.7858|0|-0.6696408|34252|106544|10000|10000|0|1000|100.8773|95.44519|0|-0.09534788|00008DF2|1|2a08e957e1f8efbb7f62ef430c9a7500
38|2021-09-26T12:08:24.5570000+01:00|1068703B|Tomo Uchuu|00505026|45836|106478|10000|10000|0|0|100.0418|96.35036|0|-0.1445098|DE54|30|0|14016A|41F00000|E0000000|0A0168|41F00000|E0000000|071F|42700000|1068703B|28FE0030|450EDE76|1068703B|0763|41E82D0C|10675739|08A8|402E76C2|107629AA|012B|400676C2|1057B8A2|071D|4220226C|1068703B|0737|4220226C|1068703B|078E|4130831F|107629AA|013B|418AC078|40011E12|0|0|0|0344|41605A21|10675739||187ea20e9ef63766be7922188a756f2e
38|2021-09-26T12:08:24.5570000+01:00|107ABEEC|Greiyan Fletz|00505022|34252|106544|10000|10000|0|0|100.8773|95.44519|0|-0.09534788|DE54|30|0|0720|42700000|1068703B|14016A|41F00000|E0000000|0A0168|41F00000|E0000000|28FE0030|450E38A9|107ABEEC|075D|40CF74D7|10675739|0|0|0|012B|4003A5DC|1057B8A2|0839|4220226C|1068703B|0737|4220226C|1068703B|08A8|402E76C2|107629AA|0513|41626F2B|107ABEEC|0763|41E93B63|10675739|078E|4136ED9D|107629AA|013B|418F061C|40011E12|0344|416276CC|10675739||c6755a8bff611f71229ce0d95359a47f
30|2021-09-26T12:08:24.5570000+01:00|4cd|Kaiten|0.00|107ABEEC|Greiyan Fletz|107ABEEC|Greiyan Fletz|00|106544|106544||0d81d3058acacc930cf300393df25c12
37|2021-09-26T12:08:24.6010000+01:00|40011DEA|Liquid Hand|00008DEC|2370505|12889320|10000|10000|0||97.24573|100.7858|0|-0.6696408||4614715743247e994b2252fa21cdd01f
24|2021-09-26T12:08:24.6020000+01:00|107629AA|Joeson Lmoa|HoT|0|1E76|44551|106059|10000|10000|0|1000|99.96179|97.15417|0|0.04942346||457b763dc6f08108b30ca36f1c6bb8d1
38|2021-09-26T12:08:24.6020000+01:00|40011E12|Eos|00505000|92601|92601|10000|10000|0|0|100.1449|100.0533|0|3.065938|948D|31|0|28FE0030|44D4382F|1057B8A2|08A8|40A00000|107629AA||d4eb987aa418c83a5d0c3df9ccaa4e59
26|2021-09-26T12:08:24.6020000+01:00|8a8|The Wanderer's Minuet|5.00|107629AA|Joeson Lmoa|40011E12|Eos|00|92601|106059||5910f45abb388701f9f9beb16fc978b0
38|2021-09-26T12:08:24.6020000+01:00|10675739|Jasy Heavensong|00505021|43957|97086|8900|10000|0|0|99.50403|94.86523|0|0.1655285|948D|31|0|0A0168|41F00000|E0000000|0F016B|41F00000|E0000000|0763|41E5A9F9|10675739|28FE0030|450E3181|10675739|04E0|40121C9E|10675739|08A8|40A00000|107629AA|078E|4134106E|107629AA|0347|0|10675739|013B|418D9784|40011E12|012B|4003957A|1057B8A2|0344|415B53FD|10675739||642db9e74fbe6b24f242be0e58579917
26|2021-09-26T12:08:24.6020000+01:00|8a8|The Wanderer's Minuet|5.00|107629AA|Joeson Lmoa|10675739|Jasy Heavensong|00|97086|106059||67bbae42b6eeff83fa82ae9335820820
38|2021-09-26T12:08:24.6020000+01:00|1068703B|Tomo Uchuu|00505026|45836|106478|10000|10000|0|0|100.0418|96.35036|0|-0.1445098|948D|31|0|14016A|41F00000|E0000000|0A0168|41F00000|E0000000|071F|42700000|1068703B|28FE0030|450EDDBE|1068703B|0763|41E7D0E3|10675739|08A8|40A00000|107629AA|012B|4003957A|1057B8A2|071D|421FF458|1068703B|0737|421FF458|1068703B|078E|412FCACD|107629AA|013B|418A644F|40011E12|0|0|0|0344|415FA1CF|10675739||36f2ae8516d8bc67765c2d080dde0659
26|2021-09-26T12:08:24.6020000+01:00|8a8|The Wanderer's Minuet|5.00|107629AA|Joeson Lmoa|1068703B|Tomo Uchuu|00|106478|106059||ae2c7dbb2e58d0df547dc25697d2dcb7
38|2021-09-26T12:08:24.6020000+01:00|40011E3B|Earthly Star|00505000|92424|92424|10000|10000|0|0|99.06918|99.95715|0|-0.6909251|948D|31|0|28FE0030|450E3181|10675739|08A8|40A00000|107629AA||ca8741b5a1784865c4a8aa307e93e548
26|2021-09-26T12:08:24.6020000+01:00|8a8|The Wanderer's Minuet|5.00|107629AA|Joeson Lmoa|40011E3B|Earthly Star|00|92424|106059||01d8917663898b7d619cf168ba679a8c
38|2021-09-26T12:08:24.6020000+01:00|10752D6C|Volkon Vysk|00505025|69107|152511|10000|10000|0|0|94.68213|103.9902|0|2.241612|948D|31|0|14016A|41F00000|E0000000|0A0168|41F00000|E0000000|28FD0030|450F8162|10752D6C|072A|40C40019|10752D6C|08A8|40A00000|107629AA|012B|4003957A|1057B8A2|0730|3F4105AE|10752D6C|0763|41EC147A|10675739|0727|40551E8B|10752D6C|0343|411DF3C6|10675739|0344|416828F7|10675739|072B|4164105C|10752D6C|078E|41385A28|107629AA|013B|418FBC62|40011E12|0|0|0|0729|0|10752D6C||155bad4c456051ff063c3d6438085a84
26|2021-09-26T12:08:24.6020000+01:00|8a8|The Wanderer's Minuet|5.00|107629AA|Joeson Lmoa|10752D6C|Volkon Vysk|00|152511|106059||eb08c4a00165a8c581eab46ff323441f
38|2021-09-26T12:08:24.6020000+01:00|1057B8A2|Alex Knightfall|0050501C|30480|97285|4112|10000|0|0|99.56506|96.57422|0|-0.4359772|948D|31|0|0A016D|41F00000|E0000000|1E016C|41F00000|E0000000|28FE0030|44D4382F|1057B8A2|0763|41E9EF9D|10675739|078E|412DAA09|107629AA|04B4|40A882FF|1057B8A2|0344|4163DF3E|10675739|08A8|40A00000|107629AA|0|0|0|0798|40130236|1057B8A2|012B|4000C494|1057B8A2|013B|418951E0|40011E12||57f4ff298e51427bce9776785e32ad25
26|2021-09-26T12:08:24.6020000+01:00|8a8|The Wanderer's Minuet|5.00|107629AA|Joeson Lmoa|1057B8A2|Alex Knightfall|00|97285|106059||4a6c292ca6f435b32c2bfaaeedf36b08
38|2021-09-26T12:08:24.6020000+01:00|107629AA|Joeson Lmoa|00505017|52349|106059|10000|10000|0|0|99.96179|97.15417|0|0.04942346|948D|31|0|0A016D|41F00000|E0000000|0A0168|41F00000|E0000000|28FE0030|450E3511|107629AA|0763|41EAFFFF|10675739|012B|4000C494|1057B8A2|078E|412B852D|107629AA|013B|4188417D|40011E12|7D|418A3B5D|107629AA|078C|40F5CACF|107629AA|0344|41660002|10675739|80|C1200000|107629AA|7A|C1200000|107629AA||365ce2f556c2e4b1b0b1a75102fbac69
38|2021-09-26T12:08:24.6020000+01:00|1075A2E4|Niru Summers|00505015|7800|153077|10000|10000|0|0|103.9902|104.1122|0|-2.26002|948D|31|0|0A016D|41F00000|E0000000|0A0168|41F00000|E0000000|5B|0|1075A2E4|28FD0030|450F9FEE|1075A2E4|0763|41ED24DD|10675739|0199|40C9CAB8|1075A2E4|012B|4000C494|1057B8A2|08A8|409E8F5C|107629AA|013B|418B76BE|40011E12|5A|426E6563|1075A2E4|078E|413A7AEC|107629AA|0344|416A49BB|10675739||a514fb94331ff42f26dd23203379f646
26|2021-09-26T12:08:24.6020000+01:00|8a8|The Wanderer's Minuet|4.96|107629AA|Joeson Lmoa|1075A2E4|Niru Summers|00|153077|106059||9b30d931a08ec12401c336503126e874
38|2021-09-26T12:08:24.6020000+01:00|107ABEEC|Greiyan Fletz|00505022|34252|106544|10000|10000|0|0|100.8773|95.44519|0|-0.09534788|948D|31|0|0720|42700000|1068703B|14016A|41F00000|E0000000|0A0168|41F00000|E0000000|28FE0030|450E37F1|107ABEEC|075D|40CE0433|10675739|0|0|0|012B|4000C494|1057B8A2|0839|421FF458|1068703B|0737|421FF458|1068703B|08A8|409E8F5C|107629AA|0513|4161B6D9|107ABEEC|0763|41E8DF3A|10675739|078E|4136354B|107629AA|013B|418EA9F3|40011E12|0344|4161BE7A|10675739||2369c3b101749842a7e20e329c89c1e8
26|2021-09-26T12:08:24.6020000+01:00|8a8|The Wanderer's Minuet|4.96|107629AA|Joeson Lmoa|107ABEEC|Greiyan Fletz|00|106544|106059||7557f61567e64fc3ac993629ecd35039
38|2021-09-26T12:08:24.6020000+01:00|107401EC|Raesa Velan|00505019|32364|96887|9200|10000|0|0|99.53455|95.68933|0|-0.4229538|948D|31|0|0A016D|41F00000|E0000000|0A0168|41F00000|E0000000|29020030|4591D28A|107401EC|0763|41E6BC68|10675739|08A8|409E8F5C|107629AA|078E|4131EB91|107629AA|013B|418C8721|40011E12|0344|415D78DA|10675739|A4|41871891|107401EC|012B|4000C494|1057B8A2||6f3948797f4bcd5a27b3a4de430c33bc
26|2021-09-26T12:08:24.6020000+01:00|8a8|The Wanderer's Minuet|4.96|107629AA|Joeson Lmoa|107401EC|Raesa Velan|00|96887|106059||54918986bd493eadbe7e24c0fc02be82
24|2021-09-26T12:08:24.6470000+01:00|107ABEEC|Greiyan Fletz|HoT|0|1D99|34252|106544|10000|10000|0|1000|100.8773|95.44519|0|-0.09534788||8abd96c8853f17b6981be7f6eacdee1c
38|2021-09-26T12:08:24.6470000+01:00|107ABEEC|Greiyan Fletz|00505022|41829|106544|10000|10000|0|0|100.8773|95.44519|0|-0.09534788|948D|31|0|0720|42700000|1068703B|14016A|41F00000|E0000000|0A0168|41F00000|E0000000|28FE0030|450E3739|107ABEEC|075D|40CC938F|10675739|0|0|0|012B|3FFBC699|1057B8A2|0839|421FC644|1068703B|0737|421FC644|1068703B|08A8|409D1EB8|107629AA|0513|4160FE87|107ABEEC|0763|41E88311|10675739|078E|41357CF9|107629AA|013B|418E4DCA|40011E12|0344|41610628|10675739||f5fcfc19e7d918fbe799926b3e92b93f
37|2021-09-26T12:08:24.6920000+01:00|40011D69|Living Liquid|00008DEF|2172234|12889320|10000|10000|0||100.4196|100.328|0|-0.0863359||a36f068e169bb837890f11977230d77e
24|2021-09-26T12:08:24.6920000+01:00|1075A2E4|Niru Summers|HoT|798|10AB|7800|153077|10000|10000|0|1000|103.9902|104.1122|0|-2.26002||3e72768075f78cce2b87129c8bb17dab
24|2021-09-26T12:08:24.6920000+01:00|107629AA|Joeson Lmoa|HoT|798|116F|52349|106059|10000|10000|0|1000|99.96179|97.15417|0|0.04942346||cfd067336aa7768bc7e93e414e47bc71
24|2021-09-26T12:08:24.6920000+01:00|1057B8A2|Alex Knightfall|HoT|798|1B43|30480|97285|4112|10000|0|1000|99.56506|96.57422|0|-0.5770175||c76a99321d142af6f509d590893c09ae
24|2021-09-26T12:08:24.6920000+01:00|1068703B|Tomo Uchuu|HoT|798|10E4|45836|106478|10000|10000|0|1000|100.0418|96.35036|0|-0.5624799||7f88e5eda542fe8781926da78ca3941e
24|2021-09-26T12:08:24.6920000+01:00|10752D6C|Volkon Vysk|HoT|798|1A9A|69107|152511|10000|10000|0|1000|94.68213|103.9902|0|2.241612||0b70f7dbc49bdee1e902142661f14462
24|2021-09-26T12:08:24.6920000+01:00|107401EC|Raesa Velan|HoT|798|1198|32364|96887|9200|10000|0|1000|99.53455|95.68933|0|-0.4229538||f7d812e3f44ab160cbc15f842b0ee89c
24|2021-09-26T12:08:24.6920000+01:00|107ABEEC|Greiyan Fletz|HoT|798|1190|41829|106544|10000|10000|0|1000|100.8773|95.44519|0|-0.09534788||6f95fff5c51dbdd2853529cf6b7c1b3c
24|2021-09-26T12:08:24.6920000+01:00|10675739|Jasy Heavensong|HoT|798|114C|43957|97086|8900|10000|0|1000|99.50403|94.86523|0|0.1655285||c149caee3bb32aca2d2f577db7503a90
24|2021-09-26T12:08:24.6920000+01:00|1057B8A2|Alex Knightfall|HoT|0|27C4|30480|97285|4112|10000|0|1000|99.56506|96.57422|0|-0.5770175||fd394837daa6efe26f0adb56fc57358d
21|2021-09-26T12:08:24.6920000+01:00|10675739|Jasy Heavensong|40AB|Malefic IV|40011D69|Living Liquid|750003|39650000|1B|40AB8000|0|0|0|0|0|0|0|0|0|0|0|0|2178067|12889320|10000|10000|0|1000|100.4196|100.328|0|-0.0863359|43957|97086|8900|10000|0|1000|99.50403|94.86523|0|0.1655285|00008DF3|0|d1a02165d57b2410da1ed1cf124933d1
38|2021-09-26T12:08:24.6920000+01:00|10675739|Jasy Heavensong|00505021|48385|97086|8500|10000|0|0|99.50403|94.86523|0|0.1655285|0|0|0|0A0168|41F00000|E0000000|0F016B|41F00000|E0000000|0763|41E4F3B3|10675739|28FE0030|450E3015|10675739|04E0|400C6A71|10675739|08A8|409D26E9|107629AA|078E|4132A3E3|107629AA|0347|0|10675739|013B|418CE13E|40011E12|012B|40A00000|1057B8A2|0344|4159E772|10675739||24c803d92fed839cd66f928a54498a47
26|2021-09-26T12:08:24.6920000+01:00|12b|Sacred Soil|5.00|1057B8A2|Alex Knightfall|10675739|Jasy Heavensong|00|97086|97285||0779dc6c120ff3da38909455bd58f7d1
38|2021-09-26T12:08:24.6920000+01:00|1068703B|Tomo Uchuu|00505026|50160|106478|10000|10000|0|0|100.0418|96.35036|0|-0.5624799|0|0|0|14016A|41F00000|E0000000|0A0168|41F00000|E0000000|071F|42700000|1068703B|28FE0030|450EDC52|1068703B|0763|41E71A9D|10675739|08A8|409D26E9|107629AA|012B|40A00000|1057B8A2|071D|421F9936|1068703B|0737|421F9936|1068703B|078E|412E5E42|107629AA|013B|4189AE09|40011E12|0|0|0|0344|415E3544|10675739||fa51a2a8b8fa622aeb11e2b119d9a188
26|2021-09-26T12:08:24.6920000+01:00|12b|Sacred Soil|5.00|1057B8A2|Alex Knightfall|1068703B|Tomo Uchuu|00|106478|97285||3c6d2233083a6b7af4fb98da73a05ebd
38|2021-09-26T12:08:24.6920000+01:00|10752D6C|Volkon Vysk|00505025|75917|152511|10000|10000|0|0|94.68213|103.9902|0|2.241612|0|0|0|14016A|41F00000|E0000000|0A0168|41F00000|E0000000|28FD0030|450F7FF6|10752D6C|072A|40C12702|10752D6C|08A8|409D26E9|107629AA|012B|40A00000|1057B8A2|0730|3F2A3CFA|10752D6C|0763|41EB5E34|10675739|0727|404F6C5E|10752D6C|0343|411C873B|10675739|0344|4166BC6C|10675739|072B|4162A3D1|10752D6C|078E|4136ED9D|107629AA|013B|418F061C|40011E12|0|0|0|0729|0|10752D6C||c0ec0bd0b48ee9f29aa3c52c0384f17c
26|2021-09-26T12:08:24.6920000+01:00|12b|Sacred Soil|5.00|1057B8A2|Alex Knightfall|10752D6C|Volkon Vysk|00|152511|97285||0a338bb0d790ea3cd6a57dd3a058940e
38|2021-09-26T12:08:24.6920000+01:00|1057B8A2|Alex Knightfall|0050501C|47639|97285|4612|10000|0|0|99.56506|96.57422|0|-0.5770175|0|0|0|0A016D|41F00000|E0000000|1E016C|41F00000|E0000000|28FE0030|44D43556|1057B8A2|0763|41E93957|10675739|078E|412C3D7E|107629AA|04B4|40A5A9E8|1057B8A2|0344|416272B3|10675739|08A8|409D26E9|107629AA|0|0|0|0798|400D5009|1057B8A2|012B|409E978D|1057B8A2|013B|41889B9A|40011E12||da32d97c4a3c501e236356860ded1803
26|2021-09-26T12:08:24.6920000+01:00|12b|Sacred Soil|4.96|1057B8A2|Alex Knightfall|1057B8A2|Alex Knightfall|00|97285|97285||656525dec5efb56782d2219ce4f6d725
38|2021-09-26T12:08:24.6920000+01:00|107629AA|Joeson Lmoa|00505017|56812|106059|10000|10000|0|0|99.96179|97.15417|0|0.04942346|0|0|0|0A016D|41F00000|E0000000|0A0168|41F00000|E0000000|28FE0030|450E33A5|107629AA|0763|41EA49B9|10675739|012B|409E978D|1057B8A2|078E|412A18A2|107629AA|013B|41878B37|40011E12|7D|41898517|107629AA|078C|40F2F1B8|107629AA|0344|41649377|10675739|80|C1200000|107629AA|7A|C1200000|107629AA||40fc28b74340e29da39dbcb58b7029ea
26|2021-09-26T12:08:24.6920000+01:00|12b|Sacred Soil|4.96|1057B8A2|Alex Knightfall|107629AA|Joeson Lmoa|00|106059|97285||abd13984272a76562281914ddbd9b595
38|2021-09-26T12:08:24.6920000+01:00|1075A2E4|Niru Summers|00505015|12067|153077|10000|10000|0|0|103.9902|104.1122|0|-2.26002|0|0|0|0A016D|41F00000|E0000000|0A0168|41F00000|E0000000|5B|0|1075A2E4|28FD0030|450F9E82|1075A2E4|0763|41EC6E97|10675739|0199|40C6F1A1|1075A2E4|012B|409E978D|1057B8A2|08A8|409BB645|107629AA|013B|418AC078|40011E12|5A|426E0A41|1075A2E4|078E|41390E61|107629AA|0344|4168DD30|10675739||ee3ef5d0d8e042d250fa71c684544e74
26|2021-09-26T12:08:24.6920000+01:00|12b|Sacred Soil|4.96|1057B8A2|Alex Knightfall|1075A2E4|Niru Summers|00|153077|97285||92b2802b8c96d747859f2e3837fba4da
38|2021-09-26T12:08:24.6920000+01:00|107ABEEC|Greiyan Fletz|00505022|46325|106544|10000|10000|0|0|100.8773|95.44519|0|-0.09534788|0|0|0|0720|42700000|1068703B|14016A|41F00000|E0000000|0A0168|41F00000|E0000000|28FE0030|450E3685|107ABEEC|075D|40CB2B1C|10675739|0|0|0|012B|409E978D|1057B8A2|0839|421F9936|1068703B|0737|421F9936|1068703B|08A8|409BB645|107629AA|0513|41604A4E|107ABEEC|0763|41E828F4|10675739|078E|4134C8C0|107629AA|013B|418DF3AD|40011E12|0344|416051EF|10675739||8c747c79ac2532d3b174ad97731b1bf4
26|2021-09-26T12:08:24.6920000+01:00|12b|Sacred Soil|4.96|1057B8A2|Alex Knightfall|107ABEEC|Greiyan Fletz|00|106544|97285||8cd5bfb22706f5d34727e7187f5f953c
38|2021-09-26T12:08:24.6920000+01:00|107401EC|Raesa Velan|00505019|36868|96887|9200|10000|0|0|99.53455|95.68933|0|-0.4229538|0|0|0|0A016D|41F00000|E0000000|0A0168|41F00000|E0000000|29020030|4591D1D4|107401EC|0763|41E60622|10675739|08A8|409BB645|107629AA|078E|41307F06|107629AA|013B|418BD0DB|40011E12|0344|415C0C4F|10675739|A4|4186624B|107401EC|012B|409E978D|1057B8A2||aaec6f2608c809134461e7311055c7d9
26|2021-09-26T12:08:24.6920000+01:00|12b|Sacred Soil|4.96|1057B8A2|Alex Knightfall|107401EC|Raesa Velan|00|96887|97285||31d41a0de1714ee21cb9384965afd9c4
37|2021-09-26T12:08:24.7350000+01:00|1075A2E4|Niru Summers|00008DED|1|153077|10000|10000|0||103.9902|104.1122|0|-2.26002|1500|0|0|0||8e6ad033bdbe1fd58a8c019fe7163c32
37|2021-09-26T12:08:24.7350000+01:00|40011D69|Living Liquid|00008DEC|2163160|12889320|10000|10000|0||100.4196|100.328|0|-0.0863359|01|0|0|0||b2cb63faffd6b4644c39a47f179cd19e
24|2021-09-26T12:08:24.7350000+01:00|107401EC|Raesa Velan|HoT|0|1DE5|44521|96887|9200|10000|0|1000|99.53455|95.68933|0|-0.4229538||7ba05091aba625ce7cc97f07a405a29d
38|2021-09-26T12:08:24.7350000+01:00|107401EC|Raesa Velan|00505019|44521|96887|9200|10000|0|0|99.53455|95.68933|0|-0.4229538|0|0|0|0A016D|41F00000|E0000000|0A0168|41F00000|E0000000|29020030|4591D17A|107401EC|0763|41E5AC05|10675739|08A8|409A4DD2|107629AA|078E|412FCACD|107629AA|013B|418B76BE|40011E12|0344|415B5816|10675739|A4|4186082E|107401EC|012B|409D2F1A|1057B8A2||04e97da617bff1de559d74597016ef71
21|2021-09-26T12:08:24.7810000+01:00|1068703B|Tomo Uchuu|3E87|Fan Dance|40011DEA|Liquid Hand|720003|1BA90000|F|71C8000|0|0|0|0|0|0|0|0|0|0|0|0|2370505|12889320|10000|10000|0|1000|97.24573|100.7858|0|-0.6696408|50160|106478|10000|10000|0|1000|100.0418|96.35036|0|-0.1780205|00008DF4|0|f7afd440c06459088857e936f7cd2e85
38|2021-09-26T12:08:24.7810000+01:00|1068703B|Tomo Uchuu|00505026|50160|106478|10000|10000|0|0|100.0418|96.35036|0|-0.1780205|0|0|0|14016A|41F00000|E0000000|0A0168|41F00000|E0000000|071F|42700000|1068703B|28FE0030|450EDAE6|1068703B|0763|41E66457|10675739|08A8|409A4DD2|107629AA|012B|409D26E9|1057B8A2|071D|421F3E14|1068703B|0737|421F3E14|1068703B|078E|412CF1B7|107629AA|013B|4188F7C3|40011E12|071C|C1A00000|1068703B|0344|415CC8B9|10675739||8110d08b76d78e1ddb5a88a2aafdf8a3
26|2021-09-26T12:08:24.7810000+01:00|71c|Flourishing Fan Dance|20.00|1068703B|Tomo Uchuu|1068703B|Tomo Uchuu|00|106478|106478||0b5d27ab2f03b438e8799a46ae072e7c
31|2021-09-26T12:08:24.7810000+01:00|1068703B|3C0326|00|10762900|12B|6bc4471601e82287a8c980680d1fbfac
37|2021-09-26T12:08:24.8240000+01:00|10752D6C|Volkon Vysk|00008DEE|115577|152511|10000|10000|0||94.68213|103.9902|0|2.240173|2500|0|0|0||64d441b13e8ada380bb0d33d3c09c0d9
20|2021-09-26T12:08:24.9130000+01:00|40011D69|Living Liquid|4826|Cascade|40011D69|Living Liquid|3.70|100.4196|100.328|0|-0.0863359||65d22a2498f0bcdbddc408f7d3816ba2
39|2021-09-26T12:08:24.9130000+01:00|40011E3B|Earthly Star|92424|92424|10000|10000|0|0|99.06918|99.95715|0|-0.6909251||2b227c440a75864b9f43607fcd48dd30
37|2021-09-26T12:08:25.0020000+01:00|107629AA|Joeson Lmoa|00008DF0|56812|106059|10000|10000|0||99.96179|97.15417|0|0.04942346|1700|0|0|02|0A000500|0|41200000|107629AA|0B003ABA|0|41200000|107629AA||3008d7e4d37457c28f3826e2b492981a
38|2021-09-26T12:08:25.0020000+01:00|107629AA|Joeson Lmoa|00505017|56812|106059|10000|10000|0|0|99.96179|97.15417|0|0.04942346|9598|31|0|0A016D|41F00000|E0000000|0A0168|41F00000|E0000000|28FE0030|450E2EAD|107629AA|0763|41E7CCCB|10675739|012B|4094A3D5|1057B8A2|078E|41251EC7|107629AA|013B|41850E49|40011E12|7D|41870829|107629AA|078C|40E8FE00|107629AA|0344|415F999C|10675739|80|411F47AE|107629AA|7A|411F47AE|107629AA||3816c7211620a8d0a4d157f2e6454fe9
37|2021-09-26T12:08:25.0470000+01:00|40011D69|Living Liquid|00008DF1|2159549|12889320|10000|10000|0||100.4196|100.328|0|-0.0863359||75a11be62e3c84b66110466e3e0f641e
21|2021-09-26T12:08:25.0470000+01:00|10752D6C|Volkon Vysk|07|Attack|40011DEA|Liquid Hand|710103|147E0000|0|0|0|0|0|0|0|0|0|0|0|0|0|0|2370505|12889320|10000|10000|0|1000|97.24573|100.7858|0|-0.6696408|115577|152511|10000|10000|0|1000|94.68213|103.9902|0|2.201486|00008DF5|0|5c2cc182d2d16be1ef36390807a488eb
37|2021-09-26T12:08:25.1820000+01:00|40011D69|Living Liquid|00008DF2|2131754|12889320|10000|10000|0||100.4196|100.328|0|-0.0863359||c8d56bfbe4130808ca4d38a22d434a81
38|2021-09-26T12:08:25.1820000+01:00|1057B8A2|Alex Knightfall|0050501C|47639|97285|4612|10000|0|0|99.56506|96.57422|0|-0.5851748|0|0|0|0A016D|41F00000|E0000000|1E016C|41F00000|E0000000|28FE0030|44D425A7|1057B8A2|0763|41E54DD1|10675739|078E|41246674|107629AA|04B4|4095FBD1|1057B8A2|0344|415A9BA9|10675739|08A8|408D78D2|107629AA|0317|C1F00000|1057B8A2|0798|3FDBE7C2|1057B8A2|012B|408EE976|1057B8A2|013B|4184B014|40011E12|030130|0|1057B8A2||1fd6f988257d5e57878e328bbb27b007
26|2021-09-26T12:08:25.1820000+01:00|317|Dissipation|30.00|1057B8A2|Alex Knightfall|1057B8A2|Alex Knightfall|00|97285|97285||b709a8d6ec21a3f11f9d0f555c5c65b6
26|2021-09-26T12:08:25.1820000+01:00|130|Aetherflow|9999.00|1057B8A2|Alex Knightfall|1057B8A2|Alex Knightfall|03|97285|97285||9b58fc3db537afbbbe0b9412431a10a2
21|2021-09-26T12:08:25.1820000+01:00|1057B8A2|Alex Knightfall|E03|Dissipation|1057B8A2|Alex Knightfall|140E|3170000|0|0|0|0|0|0|0|0|0|0|0|0|0|0|47639|97285|4612|10000|0|1000|99.56506|96.57422|0|-0.5851748|47639|97285|4612|10000|0|1000|99.56506|96.57422|0|-0.5851748|00008DF6|0|79703da38e7421d602502f9007b564ea
22|2021-09-26T12:08:25.1820000+01:00|107629AA|Joeson Lmoa|1CF1|Refulgent Arrow|40011D69|Living Liquid|720003|3F410000|0|0|0|0|0|0|0|0|0|0|0|0|0|0|2159549|12889320|10000|10000|0|1000|100.4196|100.328|0|-0.0863359|56812|106059|10000|10000|0|1000|99.96179|97.15417|0|0.04942346|00008DF7|0|55763056f8f7fc839dc6db3a125b7402
22|2021-09-26T12:08:25.1820000+01:00|107629AA|Joeson Lmoa|1CF1|Refulgent Arrow|40011D69|Living Liquid|720203|541C0000|0|0|0|0|0|0|0|0|0|0|0|0|0|0|2159549|12889320|10000|10000|0|1000|100.4196|100.328|0|-0.0863359|56812|106059|10000|10000|0|1000|99.96179|97.15417|0|0.04942346|00008DF7|1|524f30c3fc0f57bf5c17619951bd88a9
22|2021-09-26T12:08:25.1820000+01:00|107629AA|Joeson Lmoa|1CF1|Refulgent Arrow|40011D69|Living Liquid|720203|540D0000|0|0|0|0|0|0|0|0|0|0|0|0|0|0|2159549|12889320|10000|10000|0|1000|100.4196|100.328|0|-0.0863359|56812|106059|10000|10000|0|1000|99.96179|97.15417|0|0.04942346|00008DF7|2|12e53aae1299399cd4e325f7ade643f8
21|2021-09-26T12:08:25.1820000+01:00|107401EC|Raesa Velan|DF9|Fire IV|40011DEA|Liquid Hand|150103|E58F0000|1B|DF98000|0|0|0|0|0|0|0|0|0|0|0|0|2370505|12889320|10000|10000|0|1000|97.24573|100.7858|0|-0.6696408|44521|96887|9200|10000|0|1000|99.53455|95.68933|0|-0.4229538|00008DF8|0|d36ac06d04ad8a79ce34fa5feb021243
38|2021-09-26T12:08:25.1820000+01:00|40011E12|Eos|00505000|0|92601|0|10000|0|0|100.1449|100.0533|0|1.890106|D7F7|30|0|28FE0030|44D425A7|1057B8A2||ad2f812a2c47e6a94db51746b83075d3
30|2021-09-26T12:08:25.1820000+01:00|8a8|The Wanderer's Minuet|0.00|107629AA|Joeson Lmoa|40011E12|Eos|00|92601|106059||22fd6b90ef6d1244eba72256c4c2133c
38|2021-09-26T12:08:25.1820000+01:00|107629AA|Joeson Lmoa|00505017|56812|106059|10000|10000|0|0|99.96179|97.15417|0|0.04942346|D7F7|30|0|0A016D|41F00000|E0000000|0A0168|41F00000|E0000000|28FE0030|450E2BD1|107629AA|0763|41E65E33|10675739|012B|408EE976|1057B8A2|078E|41224198|107629AA|013B|41839FB1|40011E12|7D|41859991|107629AA|078C|40E343A1|107629AA|0344|415CBC6D|10675739||8bc620c7baa84397b4aa7e719d594a15
30|2021-09-26T12:08:25.1820000+01:00|80|Barrage|0.00|107629AA|Joeson Lmoa|107629AA|Joeson Lmoa|00|106059|106059||2633d459c0fa65dcd17fec549945f9ae
30|2021-09-26T12:08:25.1820000+01:00|7a|Straight Shot Ready|0.00|107629AA|Joeson Lmoa|107629AA|Joeson Lmoa|00|106059|106059||3e3f7e1df0218e3802d203946db77174
21|2021-09-26T12:08:25.2260000+01:00|107ABEEC|Greiyan Fletz|1D4A|Third Eye|107ABEEC|Greiyan Fletz|F60F|4D08000|0|0|0|0|0|0|0|0|0|0|0|0|0|0|46325|106544|10000|10000|0|1000|100.8773|95.44519|0|-0.09534788|46325|106544|10000|10000|0|1000|100.8773|95.44519|0|-0.09534788|00008DF9|0|3587c9456307dd034d0171c1c9df7fa6
38|2021-09-26T12:08:25.2260000+01:00|107ABEEC|Greiyan Fletz|00505022|46325|106544|10000|10000|0|0|100.8773|95.44519|0|-0.09534788|994C|31|0|0720|42700000|1068703B|14016A|41F00000|E0000000|0A0168|41F00000|E0000000|28FE0030|450E2DF9|107ABEEC|075D|40BA0C61|10675739|04D0|C0400000|107ABEEC|012B|408D78D2|1057B8A2|0839|421D7564|1068703B|0737|421D7564|1068703B|08A8|408A978A|107629AA|0513|4157BAF2|107ABEEC|0763|41E3E145|10675739|078E|412C3964|107629AA|013B|4189ABFE|40011E12|0344|4157C293|10675739||70f1432d660297f3f4dbbb4dc09aa2af
26|2021-09-26T12:08:25.2260000+01:00|720|Dance Partner|60.00|1068703B|Tomo Uchuu|107ABEEC|Greiyan Fletz|00|106544|106478||d6f1da79de21e156e1018c03014b0143
26|2021-09-26T12:08:25.2260000+01:00|4d0|Third Eye|3.00|107ABEEC|Greiyan Fletz|107ABEEC|Greiyan Fletz|00|106544|106544||29f05167f1cfc01f8600ddb47ae7d9da
37|2021-09-26T12:08:25.3140000+01:00|40011DEA|Liquid Hand|00008DF2|2349036|12889320|10000|10000|0||97.24573|100.7858|0|-0.6696408|01|0|0|0||7ef3d8f577adf725f85afe0a2859a225
37|2021-09-26T12:08:25.3140000+01:00|107ABEEC|Greiyan Fletz|00008DF2|46325|106544|10000|10000|0||100.8773|95.44519|0|-0.09534788|2201|0|0|01|05000950|0|C0400000|107ABEEC||72703fc97de92e88015a11c8907549df
21|2021-09-26T12:08:25.3140000+01:00|10675739|Jasy Heavensong|2084|Stellar Detonation|10675739|Jasy Heavensong|B033D|EF0000|0|0|0|0|0|0|0|0|0|0|0|0|0|0|48385|97086|8500|10000|0|1000|99.50403|94.86523|0|0.1655285|48385|97086|8500|10000|0|1000|99.50403|94.86523|0|0.1655285|00008DFA|0|b66a997fe35748868f46c5f968222e23
38|2021-09-26T12:08:25.3580000+01:00|10752D6C|Volkon Vysk|00505025|115577|152511|10000|10000|0|0|94.68213|103.9902|0|2.203015|994C|31|0|14016A|41F00000|E0000000|0A0168|41F00000|E0000000|28FD0030|450F754E|10752D6C|072A|40ABCEEE|10752D6C|08A8|4087CED5|107629AA|012B|408AA7EC|1057B8A2|0|0|0|0763|41E6082E|10675739|0727|4024BC3D|10752D6C|0343|4111DB34|10675739|0344|415C1065|10675739|072B|4157F7CA|10752D6C|078E|412C4196|107629AA|013B|4189B016|40011E12|0|0|0|0729|0|10752D6C||eb1d0592da5a401f4ae1b65c9bc517b5
30|2021-09-26T12:08:25.3580000+01:00|730|Heart Of Stone|0.00|10752D6C|Volkon Vysk|10752D6C|Volkon Vysk|00|152511|152511||46601df74ad67c553d24e0f0c96a80a6
37|2021-09-26T12:08:25.4470000+01:00|40011DEA|Liquid Hand|00008DF4|2341955|12889320|10000|10000|0||97.24573|100.7858|0|-0.6696408||35eed5bc15822d375e946848e0e69aa0
37|2021-09-26T12:08:25.4470000+01:00|1068703B|Tomo Uchuu|00008DF4|50160|106478|10000|10000|0||100.028|96.43253|0|-0.1549821|2600|0|0|01|0B000B9C|0|41A00000|1068703B||6f659e318ac33778c17d25a75ad4c38c
38|2021-09-26T12:08:25.4470000+01:00|1068703B|Tomo Uchuu|00505026|50160|106478|10000|10000|0|0|100.028|96.43253|0|-0.1549821|994C|31|0|14016A|41F00000|E0000000|0A0168|41F00000|E0000000|071F|42700000|1068703B|28FE0030|450ED03E|1068703B|0763|41E10E52|10675739|08A8|4084F5BE|107629AA|012B|4087CED5|1057B8A2|071D|421C9317|1068703B|0737|421C9317|1068703B|078E|412245B0|107629AA|013B|4183A1BE|40011E12|071C|419FA7F0|1068703B|0344|41521CB2|10675739||7de6c688ed4954bcbdf7636d5b974cfc
22|2021-09-26T12:08:25.4930000+01:00|1068703B|Tomo Uchuu|3E89|Fan Dance III|40011DEA|Liquid Hand|720203|2DF20000|0|0|0|0|0|0|0|0|0|0|0|0|0|0|2349036|12889320|10000|10000|0|1000|97.24573|100.7858|0|-0.6696408|50160|106478|10000|10000|0|1000|100.028|96.43253|0|-0.1549821|00008DFB|0|fd27a7bc9ae023ea93483e177ac33196
22|2021-09-26T12:08:25.4930000+01:00|1068703B|Tomo Uchuu|3E89|Fan Dance III|40011D69|Living Liquid|720203|16010000|0|0|0|0|0|0|0|0|0|0|0|0|0|0|2131754|12889320|10000|10000|0|1000|100.4196|100.328|0|-0.0863359|50160|106478|10000|10000|0|1000|100.028|96.43253|0|-0.1549821|00008DFB|1|67436475a287b8310a389c7a7a225466
38|2021-09-26T12:08:25.4930000+01:00|1068703B|Tomo Uchuu|00505026|50160|106478|10000|10000|0|0|100.028|96.43253|0|-0.1549821|DE36|30|0|14016A|41F00000|E0000000|0A0168|41F00000|E0000000|071F|42700000|1068703B|28FE0030|450ECF82|1068703B|0763|41E0B01D|10675739|08A8|40837CE9|107629AA|012B|40865600|1057B8A2|071D|421C63FC|1068703B|0737|421C63FC|1068703B|078E|41218946|107629AA|013B|41834389|40011E12|0|0|0|0344|41516048|10675739||f1a036a9aae7e3f55a6fa2c7f28428dc
30|2021-09-26T12:08:25.4930000+01:00|71c|Flourishing Fan Dance|0.00|1068703B|Tomo Uchuu|1068703B|Tomo Uchuu|00|106478|106478||68eaf0f333321c8bdfcf95514e8ea908
37|2021-09-26T12:08:25.5820000+01:00|40011DEA|Liquid Hand|00008DF5|2336709|12889320|10000|10000|0||97.24573|100.7858|0|-0.6696408||a4770487ccfbab247173f5b4fd573eda
37|2021-09-26T12:08:25.7600000+01:00|40011D69|Living Liquid|00008DF3|2117061|12889320|10000|10000|0||100.4196|100.328|0|-0.0863359||79cf6d59bef2fee649900b539d3d2e1b
37|2021-09-26T12:08:25.8050000+01:00|1057B8A2|Alex Knightfall|00008DF6|47639|97285|4612|10000|0||99.56506|96.57422|0|-0.5841444|1C00|0|0|01|08000357|0|41F00000|1057B8A2||8224d710c698f99dc1575e3e0ad619a0
20|2021-09-26T12:08:25.8060000+01:00|107401EC|Raesa Velan|8D|Fire|40011DEA|Liquid Hand|2.34|99.53455|95.68933|0|-0.3935199||350122ffff60bf633af21d859e33d3a3
38|2021-09-26T12:08:25.8060000+01:00|1057B8A2|Alex Knightfall|0050501C|47639|97285|4612|10000|0|0|99.56506|96.57422|0|-0.5841444|DB16|30|0|0A016D|41F00000|E0000000|1E016C|41F00000|E0000000|28FE0030|44D411B0|1057B8A2|0763|41E04FDE|10675739|078E|411A6A8F|107629AA|04B4|408203FF|1057B8A2|0344|41509FC4|10675739|08A8|40730202|107629AA|0317|41EFA5E3|1057B8A2|0798|3F8C0887|1057B8A2|012B|4075E34A|1057B8A2|013B|417F6443|40011E12|030130|0|1057B8A2||89857f638bfe9e04aedbe1b356ddc0d6
37|2021-09-26T12:08:25.8500000+01:00|107ABEEC|Greiyan Fletz|00008DF9|46325|106544|10000|10000|0||100.8773|95.44519|0|-0.09534788|2200|0|0|01|05000510|0|40400000|107ABEEC||f708bc4c22b8a7868f204fb1cff2e535
21|2021-09-26T12:08:25.8500000+01:00|107ABEEC|Greiyan Fletz|07|Attack|40011D69|Living Liquid|710003|F880000|0|0|0|0|0|0|0|0|0|0|0|0|0|0|2117061|12889320|10000|10000|0|1000|100.4196|100.328|0|-0.0863359|46325|106544|10000|10000|0|1000|100.8773|95.44519|0|-0.09534788|00008DFC|0|2496b1cfc549da61785fdc0dca278946
38|2021-09-26T12:08:25.8500000+01:00|107ABEEC|Greiyan Fletz|00505022|46325|106544|10000|10000|0|0|100.8773|95.44519|0|-0.09534788|DB16|30|0|0720|42700000|1068703B|14016A|41F00000|E0000000|0A0168|41F00000|E0000000|28FE0030|450E2405|107ABEEC|075D|40A61CC0|10675739|04D0|403D2F1B|107ABEEC|012B|40731265|1057B8A2|0839|421AF772|1068703B|0737|421AF772|1068703B|08A8|406D4FD5|107629AA|0513|414DC326|107ABEEC|0763|41DEE55E|10675739|078E|41224198|107629AA|013B|4184B017|40011E12|0344|414DCAC7|10675739||112865d021f2ca0c773ef4b5cff10bd5
20|2021-09-26T12:08:25.8940000+01:00|1057B8A2|Alex Knightfall|BA|Succor|1057B8A2|Alex Knightfall|1.94|99.56506|96.57422|0|-0.5812555||60e500e6110d12ed7eb6e5c5342c36fa
39|2021-09-26T12:08:25.9380000+01:00|10675739|Jasy Heavensong|49355|97086|8764|10000|0|0|99.50403|94.86523|0|0.1655285||518b46e1d7380b68b8349f62e27a3a53
39|2021-09-26T12:08:25.9380000+01:00|10752D6C|Volkon Vysk|117102|152511|10000|10000|0|0|95.42799|103.4454|-0.007361624|2.208055||4fd9784f4fe58d6e4eaeda56f17e7597
39|2021-09-26T12:08:25.9380000+01:00|1075A2E4|Niru Summers|1531|153077|10000|10000|0|0|103.4536|104.3475|0|-2.242479||e2c585141aad1baa1557036996efc482
21|2021-09-26T12:08:25.9380000+01:00|107ABEEC|Greiyan Fletz|1D35|Hakaze|40011D69|Living Liquid|710003|1F930000|1B|1D358000|0|0|0|0|0|0|0|0|0|0|0|0|2117061|12889320|10000|10000|0|1000|100.4196|100.328|0|-0.0863359|46325|106544|10000|10000|0|1000|100.8773|95.44519|0|-0.09534788|00008DFD|0|e1a497c47b504d07f2b1721040b4b188
04|2021-09-26T12:08:25.6440000+01:00|40011ded|Liquid Rage|0|50|0|0||9213|11337|11919920|11919920|10000|10000|0|0|85|100|0|-4.792213E-05||bdd45402cfaab33f1bded664189e4d42
04|2021-09-26T12:08:25.6440000+01:00|40011deb|Liquid Rage|0|50|0|0||9213|11337|11919920|11919920|10000|10000|0|0|99.99231|114.9767|0|2.789347||e3df495b508a5c041b2ff0b24c5566e3
04|2021-09-26T12:08:25.6440000+01:00|40011dec|Liquid Rage|0|50|0|0||9213|11337|11919920|11919920|10000|10000|0|0|114.9767|99.99231|0|-1.375666||4096a27c09c37c3f2c1503f563b0c8ee
24|2021-09-26T12:08:25.9840000+01:00|40011D69|Living Liquid|DoT|0|4940|2117061|12889320|10000|10000|0|1000|100.4196|100.328|0|-0.0863359||88abb4d5b13e88558837a23e87caf1c7
36|2021-09-26T12:08:25.9840000+01:00|1C20|3|d0d9cbbc9a71092bb4ab2599a0c67eb5
38|2021-09-26T12:08:25.9840000+01:00|40011D69|Living Liquid|00505000|2098309|12889320|10000|10000|0|0|100.4196|100.328|0|-0.0863359|948D|31|0|0|0|0|2804B0|41A680EE|107629AA|04A9|4017DF1D|1075A2E4|2804B1|41A680EE|107629AA|0A00A3|41885C18|107401EC|04CC|404D7D23|107ABEEC|072E|4103917C|10752D6C|04B3|40736447|107401EC||e34ebbf4cab51e128966c99b20c1b375
39|2021-09-26T12:08:26.0280000+01:00|1068703B|Tomo Uchuu|51224|106478|10000|10000|0|0|100.028|96.43253|0|-0.1089053||9b2017fdee7ccb6c1bb9ae1129259271
39|2021-09-26T12:08:26.0720000+01:00|107629AA|Joeson Lmoa|57872|106059|10000|10000|0|0|99.93127|96.86924|-0.001292818|2.619118||a73a09044f44b15daa2bdf6217da547c
38|2021-09-26T12:08:26.1170000+01:00|40011E3B|Earthly Star|00505000|92424|92424|10000|10000|0|0|99.06918|99.95715|0|-0.6909251|0|0|0|28FE0030|450E1A05|10675739|08A8|4061EB7B|107629AA|0107AE|41F00000|40011E3B||2bcc90f09f34a3d2d51d4d03ef8eeb5e
26|2021-09-26T12:08:26.1170000+01:00|7ae|Summon Order IV|30.00|40011E3B|Earthly Star|40011E3B|Earthly Star|01|92424|92424||241180b24a38d5cb72b137f16b1d3040
37|2021-09-26T12:08:26.1170000+01:00|40011DEA|Liquid Hand|00008DFB|2324947|12889320|10000|10000|0||97.24573|100.7858|0|-0.6696408||4541b2caf002e8d649140b9b749baf87
39|2021-09-26T12:08:26.1170000+01:00|107ABEEC|Greiyan Fletz|47390|106544|10000|10000|0|0|100.8773|95.44519|0|-0.09534788||6819920e902ae7e301c71ec7183ae496
22|2021-09-26T12:08:26.1630000+01:00|40011E3B|Earthly Star|1D11|Stellar Explosion|40011D69|Living Liquid|750003|216D0000|1B|1D118000|0|0|0|0|0|0|0|0|0|0|0|0|2098309|12889320|10000|10000|0|1000|100.4196|100.328|0|-0.0863359|92424|92424|10000|10000|0|1000|99.06918|99.95715|0|-0.6909251|00008DFE|0|81a02a70c8be5a3528fc089686105999
22|2021-09-26T12:08:26.1630000+01:00|40011E3B|Earthly Star|1D11|Stellar Explosion|40011DEA|Liquid Hand|750003|20C70000|1B|1D118000|0|0|0|0|0|0|0|0|0|0|0|0|2336709|12889320|10000|10000|0|1000|97.24573|100.7858|0|-0.6696408|92424|92424|10000|10000|0|1000|99.06918|99.95715|0|-0.6909251|00008DFE|1|b88e96cc04a47b003ba70634d53aa684
22|2021-09-26T12:08:26.1630000+01:00|40011E3B|Earthly Star|1D11|Stellar Explosion|107629AA|Joeson Lmoa|4|75EB0000|1B|1D118000|0|0|0|0|0|0|0|0|0|0|0|0|57872|106059|10000|10000|0|1000|99.93127|96.86924|-0.001292818|2.619118|92424|92424|10000|10000|0|1000|99.06918|99.95715|0|-0.6909251|00008DFE|2|0129c6951ccb02daad2195f3d49df674
22|2021-09-26T12:08:26.1630000+01:00|40011E3B|Earthly Star|1D11|Stellar Explosion|1057B8A2|Alex Knightfall|4|71150000|1B|1D118000|0|0|0|0|0|0|0|0|0|0|0|0|47639|97285|4612|10000|0|1000|99.56506|96.57422|0|-0.5698775|92424|92424|10000|10000|0|1000|99.06918|99.95715|0|-0.6909251|00008DFE|3|18bb400de42bb6c3b0dbfcffa3344653
22|2021-09-26T12:08:26.1630000+01:00|40011E3B|Earthly Star|1D11|Stellar Explosion|1068703B|Tomo Uchuu|4|6FF50000|1B|1D118000|0|0|0|0|0|0|0|0|0|0|0|0|51224|106478|10000|10000|0|1000|100.028|96.43253|0|-0.1068106|92424|92424|10000|10000|0|1000|99.06918|99.95715|0|-0.6909251|00008DFE|4|7b1cfac03523c3ee090c36b02c2f18a7
22|2021-09-26T12:08:26.1630000+01:00|40011E3B|Earthly Star|1D11|Stellar Explosion|1075A2E4|Niru Summers|10004|B3500000|1B|1D118000|0|0|0|0|0|0|0|0|0|0|0|0|1531|153077|10000|10000|0|1000|101.8639|104.4082|-0.01531982|-2.299794|92424|92424|10000|10000|0|1000|99.06918|99.95715|0|-0.6909251|00008DFE|5|c2d15bfd68aaf4988feb5495a36c9218
22|2021-09-26T12:08:26.1630000+01:00|40011E3B|Earthly Star|1D11|Stellar Explosion|107401EC|Raesa Velan|4|72920000|1B|1D118000|0|0|0|0|0|0|0|0|0|0|0|0|44521|96887|8400|10000|0|1000|99.53455|95.68933|0|-0.4075669|92424|92424|10000|10000|0|1000|99.06918|99.95715|0|-0.6909251|00008DFE|6|0cbe63e84c1ee73c68ce1e0742511e73
22|2021-09-26T12:08:26.1630000+01:00|40011E3B|Earthly Star|1D11|Stellar Explosion|107ABEEC|Greiyan Fletz|10004|AF390000|1B|1D118000|0|0|0|0|0|0|0|0|0|0|0|0|46325|106544|10000|10000|0|1000|100.8773|95.44519|0|-0.09534788|92424|92424|10000|10000|0|1000|99.06918|99.95715|0|-0.6909251|00008DFE|7|d5fcae7bc6c089f7d63ac356b195c092
22|2021-09-26T12:08:26.1630000+01:00|40011E3B|Earthly Star|1D11|Stellar Explosion|10752D6C|Volkon Vysk|4|728F0000|1B|1D118000|0|0|0|0|0|0|0|0|0|0|0|0|117102|152511|10000|10000|0|1000|95.5042|103.4104|0|2.208055|92424|92424|10000|10000|0|1000|99.06918|99.95715|0|-0.6909251|00008DFE|8|5095cfaed292cb000600c05ddc0f7a73
22|2021-09-26T12:08:26.1630000+01:00|40011E3B|Earthly Star|1D11|Stellar Explosion|10675739|Jasy Heavensong|4|753E0000|1B|1D118000|0|0|0|0|0|0|0|0|0|0|0|0|49355|97086|8764|10000|0|1000|99.50403|94.86523|0|0.1655285|92424|92424|10000|10000|0|1000|99.06918|99.95715|0|-0.6909251|00008DFE|9|3b79a64e559c56a04fd575d10519d287
39|2021-09-26T12:08:26.1630000+01:00|1057B8A2|Alex Knightfall|48611|97285|4858|10000|0|0|99.56506|96.57422|0|-0.5698775||1adeb413f0b340c068e21c473e2d12bb
20|2021-09-26T12:08:26.1630000+01:00|10675739|Jasy Heavensong|40AB|Malefic IV|40011D69|Living Liquid|1.43|99.50403|94.86523|0|0.1655285||5e3827bf16c90430d8426e535f862ec4
22|2021-09-26T12:08:26.1630000+01:00|1068703B|Tomo Uchuu|3E8F|Curing Waltz|1068703B|Tomo Uchuu|4|1DC60000|0|0|0|0|0|0|0|0|0|0|0|0|0|0|51224|106478|10000|10000|0|1000|100.028|96.43253|0|-0.1068106|51224|106478|10000|10000|0|1000|100.028|96.43253|0|-0.1068106|00008DFF|0|def76d5ffbe17a7006e6162d6cd670a1
22|2021-09-26T12:08:26.1630000+01:00|1068703B|Tomo Uchuu|3E8F|Curing Waltz|107ABEEC|Greiyan Fletz|10004|2EBC0000|0|0|0|0|0|0|0|0|0|0|0|0|0|0|46325|106544|10000|10000|0|1000|100.8773|95.44519|0|-0.09534788|51224|106478|10000|10000|0|1000|100.028|96.43253|0|-0.1068106|00008DFF|1|e03c8b2d3588db5fc6aed58d201033b6
22|2021-09-26T12:08:26.1630000+01:00|1068703B|Tomo Uchuu|3E8F|Curing Waltz|107629AA|Joeson Lmoa|4|1DED0000|0|0|0|0|0|0|0|0|0|0|0|0|0|0|57872|106059|10000|10000|0|1000|99.93127|96.86924|-0.001292818|2.619118|51224|106478|10000|10000|0|1000|100.028|96.43253|0|-0.1068106|00008DFF|2|2c54c6e1b2ea013f56275984e4497e2c
22|2021-09-26T12:08:26.1630000+01:00|1068703B|Tomo Uchuu|3E8F|Curing Waltz|1057B8A2|Alex Knightfall|4|1E9F0000|0|0|0|0|0|0|0|0|0|0|0|0|0|0|47639|97285|4612|10000|0|1000|99.56506|96.57422|0|-0.5698775|51224|106478|10000|10000|0|1000|100.028|96.43253|0|-0.1068106|00008DFF|3|794f7bb4fc146cf329a4ca6c314fde4f
22|2021-09-26T12:08:26.1630000+01:00|1068703B|Tomo Uchuu|3E8F|Curing Waltz|107401EC|Raesa Velan|10004|2FD90000|0|0|0|0|0|0|0|0|0|0|0|0|0|0|44521|96887|8400|10000|0|1000|99.53455|95.68933|0|-0.4075669|51224|106478|10000|10000|0|1000|100.028|96.43253|0|-0.1068106|00008DFF|4|1f86c763ada4651326d6b531ad85412a
22|2021-09-26T12:08:26.1630000+01:00|1068703B|Tomo Uchuu|3E8F|Curing Waltz|1068703B|Tomo Uchuu|10004|302C0000|0|0|0|0|0|0|0|0|0|0|0|0|0|0|51224|106478|10000|10000|0|1000|100.028|96.43253|0|-0.1068106|51224|106478|10000|10000|0|1000|100.028|96.43253|0|-0.1068106|00008DFF|5|625e8356696368f590427e747ee5d74d
22|2021-09-26T12:08:26.1630000+01:00|1068703B|Tomo Uchuu|3E8F|Curing Waltz|107ABEEC|Greiyan Fletz|4|1E1C0000|0|0|0|0|0|0|0|0|0|0|0|0|0|0|46325|106544|10000|10000|0|1000|100.8773|95.44519|0|-0.09534788|51224|106478|10000|10000|0|1000|100.028|96.43253|0|-0.1068106|00008DFF|6|2599bfcdacd1659f1c5b9de413c45b89
22|2021-09-26T12:08:26.1630000+01:00|1068703B|Tomo Uchuu|3E8F|Curing Waltz|107401EC|Raesa Velan|10004|2EFA0000|0|0|0|0|0|0|0|0|0|0|0|0|0|0|44521|96887|8400|10000|0|1000|99.53455|95.68933|0|-0.4075669|51224|106478|10000|10000|0|1000|100.028|96.43253|0|-0.1068106|00008DFF|7|b8f7ca1ab86da03a9716d674142bb7ee
22|2021-09-26T12:08:26.1630000+01:00|1068703B|Tomo Uchuu|3E8F|Curing Waltz|10675739|Jasy Heavensong|4|1DB80000|0|0|0|0|0|0|0|0|0|0|0|0|0|0|49355|97086|8764|10000|0|1000|99.50403|94.86523|0|0.1655285|51224|106478|10000|10000|0|1000|100.028|96.43253|0|-0.1068106|00008DFF|8|2bdb205b15474387b4975b0d35d016b6
22|2021-09-26T12:08:26.1630000+01:00|1068703B|Tomo Uchuu|3E8F|Curing Waltz|107629AA|Joeson Lmoa|4|1DC00000|0|0|0|0|0|0|0|0|0|0|0|0|0|0|57872|106059|10000|10000|0|1000|99.93127|96.86924|-0.001292818|2.619118|51224|106478|10000|10000|0|1000|100.028|96.43253|0|-0.1068106|00008DFF|9|45ecf7cbc444ce17abc3f808bbe0a025
22|2021-09-26T12:08:26.1630000+01:00|1068703B|Tomo Uchuu|3E8F|Curing Waltz|10675739|Jasy Heavensong|4|1EBB0000|0|0|0|0|0|0|0|0|0|0|0|0|0|0|49355|97086|8764|10000|0|1000|99.50403|94.86523|0|0.1655285|51224|106478|10000|10000|0|1000|100.028|96.43253|0|-0.1068106|00008DFF|10|b34f49648979ba02c97e4866c21d9d98
22|2021-09-26T12:08:26.1630000+01:00|1068703B|Tomo Uchuu|3E8F|Curing Waltz|1057B8A2|Alex Knightfall|10004|2EC40000|0|0|0|0|0|0|0|0|0|0|0|0|0|0|47639|97285|4612|10000|0|1000|99.56506|96.57422|0|-0.5698775|51224|106478|10000|10000|0|1000|100.028|96.43253|0|-0.1068106|00008DFF|11|641b09c496da3fbebf4d3ec42fe251c3
39|2021-09-26T12:08:26.2070000+01:00|107401EC|Raesa Velan|45489|96887|8400|10000|0|0|99.53455|95.68933|0|-0.4145904||07bcfb4d3208d0e378fc07658defa4c2
37|2021-09-26T12:08:26.2510000+01:00|40011D69|Living Liquid|00008DFB|2092676|12889320|10000|10000|0||100.4196|100.328|0|-0.0863359|01|0|0|0||af46ddad9fb369363ac142ca97c9f98a
22|2021-09-26T12:08:26.2510000+01:00|40011DEA|Liquid Hand|482D|Hand Of Pain|10752D6C|Volkon Vysk|750003|EB10000|1B|482D8000|0|0|0|0|0|0|0|0|0|0|0|0|117102|152511|10000|10000|0|1000|95.52557|103.4104|-0.002237352|2.208055|2324947|12889320|10000|10000|0|1000|97.24573|100.7858|0|-0.6696408|00008E00|0|63ac9a05113d0899b3c8a59a4bb008b4
22|2021-09-26T12:08:26.2510000+01:00|40011DEA|Liquid Hand|482D|Hand Of Pain|1075A2E4|Niru Summers|750003|15D20000|1B|482D8000|0|0|0|0|0|0|0|0|0|0|0|0|1531|153077|10000|10000|0|1000|101.3436|104.3219|-0.01531982|-2.404187|2324947|12889320|10000|10000|0|1000|97.24573|100.7858|0|-0.6696408|00008E00|1|7f3def4aa1d238e5c5e15bc80562ea2c
22|2021-09-26T12:08:26.2510000+01:00|40011DEA|Liquid Hand|482D|Hand Of Pain|107629AA|Joeson Lmoa|750003|22410000|1B|482D8000|0|0|0|0|0|0|0|0|0|0|0|0|57872|106059|10000|10000|0|1000|99.93127|96.81306|0|2.777085|2324947|12889320|10000|10000|0|1000|97.24573|100.7858|0|-0.6696408|00008E00|2|9b443b808053336f6561e9ee8bd86a4c
22|2021-09-26T12:08:26.2510000+01:00|40011DEA|Liquid Hand|482D|Hand Of Pain|1057B8A2|Alex Knightfall|750003|1EC20000|1B|482D8000|0|0|0|0|0|0|0|0|0|0|0|0|48611|97285|4858|10000|0|1000|99.56506|96.57422|0|-0.5642692|2324947|12889320|10000|10000|0|1000|97.24573|100.7858|0|-0.6696408|00008E00|3|47c0bb6d2d247f459745b7bd0b0dadfe
22|2021-09-26T12:08:26.2510000+01:00|40011DEA|Liquid Hand|482D|Hand Of Pain|1068703B|Tomo Uchuu|750003|22A40000|1B|482D8000|0|0|0|0|0|0|0|0|0|0|0|0|51224|106478|10000|10000|0|1000|100.028|96.43253|0|-0.1109996|2324947|12889320|10000|10000|0|1000|97.24573|100.7858|0|-0.6696408|00008E00|4|bf2c23daf9abcc44764d8d745dd45cf1
22|2021-09-26T12:08:26.2510000+01:00|40011DEA|Liquid Hand|482D|Hand Of Pain|107401EC|Raesa Velan|750003|208F0000|1B|482D8000|0|0|0|0|0|0|0|0|0|0|0|0|44521|96887|8400|10000|0|1000|99.53455|95.68933|0|-0.4145904|2324947|12889320|10000|10000|0|1000|97.24573|100.7858|0|-0.6696408|00008E00|5|c4d66038cf46c5782670ae17002e3887
22|2021-09-26T12:08:26.2510000+01:00|40011DEA|Liquid Hand|482D|Hand Of Pain|10675739|Jasy Heavensong|750003|20340000|1B|482D8000|0|0|0|0|0|0|0|0|0|0|0|0|49355|97086|8764|10000|0|1000|99.50403|94.86523|0|0.1655285|2324947|12889320|10000|10000|0|1000|97.24573|100.7858|0|-0.6696408|00008E00|6|d4bc7e28fe40f1123ba237262dd0d864
22|2021-09-26T12:08:26.2510000+01:00|40011DEA|Liquid Hand|482D|Hand Of Pain|107ABEEC|Greiyan Fletz|10|4D00000|750003|1E910000|1B|482D8000|0|0|0|0|0|0|0|0|0|0|47390|106544|10000|10000|0|1000|100.8773|95.44519|0|-0.09534788|2324947|12889320|10000|10000|0|1000|97.24573|100.7858|0|-0.6696408|00008E00|7|c4a2545754c7ecd8896c5fb9e884f37e
37|2021-09-26T12:08:26.3390000+01:00|40011DEA|Liquid Hand|00008DF8|2266180|12889320|10000|10000|0||97.24573|100.7858|0|-0.6696408||10baed9060bea1ddfadaaf0ac9930846
37|2021-09-26T12:08:26.3850000+01:00|40011D69|Living Liquid|00008DFC|2088700|12889320|10000|10000|0||100.4196|100.328|0|-0.0863359||749d7883440e1c897c16ba342d0b8bd4
22|2021-09-26T12:08:26.3850000+01:00|10752D6C|Volkon Vysk|3F23|Fated Circle|40011DEA|Liquid Hand|710003|26250000|0|0|0|0|0|0|0|0|0|0|0|0|0|0|2324947|12889320|10000|10000|0|1000|97.24573|100.7858|0|-0.6696408|117102|152511|10000|10000|0|1000|95.57619|103.4045|0|2.208055|00008E01|0|71e6fb49d430ffd66580f2828d57b3c6
22|2021-09-26T12:08:26.3850000+01:00|10752D6C|Volkon Vysk|3F23|Fated Circle|40011D69|Living Liquid|710003|23F00000|0|0|0|0|0|0|0|0|0|0|0|0|0|0|2092676|12889320|10000|10000|0|1000|100.4196|100.328|0|-0.0863359|117102|152511|10000|10000|0|1000|95.57619|103.4045|0|2.208055|00008E01|1|5fd935fea33218a8833c9642ed580921
21|2021-09-26T12:08:26.4290000+01:00|107629AA|Joeson Lmoa|08|Shot|40011D69|Living Liquid|720203|145A0000|0|0|0|0|0|0|0|0|0|0|0|0|0|0|2088700|12889320|10000|10000|0|1000|100.4196|100.328|0|-0.0863359|57872|106059|10000|10000|0|1000|99.93127|96.84598|-0.0006685171|1.707962|00008E02|0|075ba221aed330df6d6f4913c7f090a5
24|2021-09-26T12:08:26.5170000+01:00|40011DEA|Liquid Hand|DoT|0|46FF|2266180|12889320|10000|10000|0|1000|97.24573|100.7858|0|-0.6696408||5003f6e0342e8bc90f4a0264c8997412
38|2021-09-26T12:08:26.5170000+01:00|40011DEA|Liquid Hand|00505000|2248005|12889320|10000|10000|0|0|97.24573|100.7858|0|-0.6696408|9504|31|0|0A00A3|409C391E|107401EC|072E|40F1CAE5|10752D6C|0|0|0|2804B1|41B2A5D0|107629AA|04A9|3FFC6A47|1075A2E4|2804B0|41B2A5D0|107629AA|0759|4131A9BC|10675739|072D|41761C64|10752D6C||8436c975e51d8ca848cded7cbc91c77b
31|2021-09-26T12:08:26.5170000+01:00|1068703B|460326|00|10762900|759|9467d6b4874762b31eafd9a62b391c48
37|2021-09-26T12:08:26.5630000+01:00|40011D69|Living Liquid|00008DFD|2080617|12889320|10000|10000|0||100.4196|100.328|0|-0.0863359||7bf183091f708e213a3019713554ed74
22|2021-09-26T12:08:26.5630000+01:00|1075A2E4|Niru Summers|29|Overpower|40011D69|Living Liquid|710003|F0D0000|1B|298000|0|0|0|0|0|0|0|0|0|0|0|0|2088700|12889320|10000|10000|0|1000|100.4196|100.328|0|-0.0863359|1531|153077|10000|10000|0|1000|100.5248|104.2003|-0.001860901|-2.826306|00008E03|0|5f75b1d4729b7e61218b2b567e5996a4
22|2021-09-26T12:08:26.5630000+01:00|1075A2E4|Niru Summers|29|Overpower|40011DEA|Liquid Hand|710103|18080000|1B|298000|0|0|0|0|0|0|0|0|0|0|0|0|2248005|12889320|10000|10000|0|1000|97.24573|100.7858|0|-0.6696408|1531|153077|10000|10000|0|1000|100.5248|104.2003|-0.001860901|-2.826306|00008E03|1|200d31c475079cfc40f8d024034528ca
37|2021-09-26T12:08:26.6070000+01:00|40011D69|Living Liquid|00008DFE|2072060|12889320|10000|10000|0||100.4196|100.328|0|-0.0863359||fbae8f4e93d86306062b9de7bcc4b133
37|2021-09-26T12:08:26.6510000+01:00|40011D69|Living Liquid|00008DF7|2055867|12889320|10000|10000|0||100.4196|100.328|0|-0.0863359||091e1bcb17cea354a5a16768067096a8
37|2021-09-26T12:08:26.7400000+01:00|1068703B|Tomo Uchuu|00008DFF|58846|106478|10000|10000|0||100.028|96.43253|0|-0.1528873|2600|0|0|0||cfcf555cb1b0364b39a796defbe3f8d9
37|2021-09-26T12:08:26.7400000+01:00|40011DEA|Liquid Hand|00008DFE|2239614|12889320|10000|10000|0||97.24573|100.7858|0|-0.6696408|01|0|0|0||071cfe36e96eccc0ff913c5643581491
37|2021-09-26T12:08:26.7850000+01:00|40011D69|Living Liquid|00008DF7|2034335|12889320|10000|10000|0||100.4196|100.328|0|-0.0863359|01|0|0|0||58ea00206e76fc166e839fc6b8d7f0ae
21|2021-09-26T12:08:26.7850000+01:00|1068703B|Tomo Uchuu|07|Attack|40011DEA|Liquid Hand|720203|149F0000|0|0|0|0|0|0|0|0|0|0|0|0|0|0|2248005|12889320|10000|10000|0|1000|97.24573|100.7858|0|-0.6696408|51224|106478|10000|10000|0|1000|100.028|96.43253|0|-0.1528873|00008E04|0|af98ed8ed543702e2b6fb0c6c9e7305b
21|2021-09-26T12:08:26.8280000+01:00|1068703B|Tomo Uchuu|3E76|Fountain|40011DEA|Liquid Hand|42720003|390C0000|11B|3E768000|0|0|0|0|0|0|0|0|0|0|0|0|2239614|12889320|10000|10000|0|1000|97.24573|100.7858|0|-0.6696408|58846|106478|10000|10000|0|1000|100.028|96.43253|0|-0.5686859|00008E05|0|380874fc551ce2df291c7e41fc7dbc30
37|2021-09-26T12:08:26.8730000+01:00|107ABEEC|Greiyan Fletz|00008DFF|59354|106544|10000|10000|0||100.8773|95.46408|0|-0.0802981|2201|0|0|0||24a005b5af93f88014a3b651738e2fc4
37|2021-09-26T12:08:26.8730000+01:00|107629AA|Joeson Lmoa|00008DFE|88059|106059|10000|10000|0||99.93127|96.91003|-0.01531982|0.05456936|1702|0|0|0||5ae4a86e3f0601ea25c369e44954c5ea
37|2021-09-26T12:08:26.9180000+01:00|40011DEA|Liquid Hand|00008E01|2229849|12889320|10000|10000|0||97.24573|100.7858|0|-0.6696408||141a4798c37433410f0b4e38f8eb1203
37|2021-09-26T12:08:26.9180000+01:00|40011D69|Living Liquid|00008DF7|2012818|12889320|10000|10000|0||100.4196|100.328|0|-0.0863359|02|0|0|0||c08e34043b80a5faefa34dfd428e138a
38|2021-09-26T12:08:26.9180000+01:00|40011E3B|Earthly Star|00505000|0|92424|10000|10000|0|0|99.06918|99.95715|0|-0.6909251|0|0|0|28FE0030|450E0D39|10675739|08A8|402EA7E7|107629AA|0207AE|41F00000|40011E3B||fd32e3049c3f392b38a7b5c2b29b7122
26|2021-09-26T12:08:26.9180000+01:00|7ae|Summon Order IV|30.00|40011E3B|Earthly Star|40011E3B|Earthly Star|02|92424|92424||1e33a9230d3610429ac5446afbc294a1
38|2021-09-26T12:08:26.9180000+01:00|10675739|Jasy Heavensong|00505021|49355|97086|8764|10000|0|0|99.50403|94.86523|0|0.1655285|9598|31|0|0A0168|41F00000|E0000000|0F016B|41F00000|E0000000|0763|41D324D6|10675739|28FE0030|450E0C85|10675739|0|0|0|08A8|402BD702|107629AA|078E|410F0638|107629AA|0347|0|10675739|013B|417624C9|40011E12|012B|4031892F|1057B8A2|0344|413649C7|10675739||4afe7f304bb4be9f08117fa8002a953d
30|2021-09-26T12:08:26.9180000+01:00|4e0|Giant Dominance|0.00|10675739|Jasy Heavensong|10675739|Jasy Heavensong|00|97086|97086||62cd33a4c382c8c091b1b7dd749f8474
38|2021-09-26T12:08:26.9180000+01:00|1057B8A2|Alex Knightfall|0050501C|48611|97285|4858|10000|0|0|99.56506|96.57422|0|-0.5062464|9598|31|0|0A016D|41F00000|E0000000|1E016C|41F00000|E0000000|28FE0030|44D3EE1D|1057B8A2|0763|41D76A7A|10675739|078E|41089FD3|107629AA|04B4|403CDCFD|1057B8A2|0344|413ED508|10675739|08A8|402BD702|107629AA|0317|41E6C07F|1057B8A2|0|0|0|012B|402EB84A|1057B8A2|013B|416D9987|40011E12|030130|0|1057B8A2||539eaf21242d66b9c62ad8209a874168
30|2021-09-26T12:08:26.9180000+01:00|798|Sacred Soil|0.00|1057B8A2|Alex Knightfall|1057B8A2|Alex Knightfall|00|97285|97285||a8b3118068559454387246e001230778
37|2021-09-26T12:08:27.0060000+01:00|107629AA|Joeson Lmoa|00008DFF|95720|106059|10000|10000|0||99.93127|96.91003|0|0.04942346|1702|0|0|0||1bc4cc19df74bc0176964822149506a8
37|2021-09-26T12:08:27.0060000+01:00|1057B8A2|Alex Knightfall|00008DFE|77560|97285|4858|10000|0||99.56506|96.57422|0|-0.4905723|1C03|0|0|0||fe7aa9bca2fd464b39db99da089b38cc
37|2021-09-26T12:08:27.0510000+01:00|40011D69|Living Liquid|00008E01|2003618|12889320|10000|10000|0||100.4196|100.328|0|-0.0863359|01|0|0|0||ce6b5fe7054af8cea18e9b7800ac2bac
37|2021-09-26T12:08:27.0510000+01:00|10752D6C|Volkon Vysk|00008E00|113341|152511|10000|10000|0||96.39124|103.2578|0|2.211248|2500|0|0|0||633b42567eee2d065750df7e47491472
21|2021-09-26T12:08:27.0510000+01:00|10675739|Jasy Heavensong|40AB|Malefic IV|40011D69|Living Liquid|750003|3A830000|1B|40AB8000|0|0|0|0|0|0|0|0|0|0|0|0|2012818|12889320|10000|10000|0|1000|100.4196|100.328|0|-0.0863359|49355|97086|8764|10000|0|1000|99.50403|94.86523|0|0.1655285|00008E06|0|0ebb13d09dd0d37455767109447e747e
37|2021-09-26T12:08:27.0960000+01:00|1075A2E4|Niru Summers|00008E00|0|153077|0|10000|0||99.94234|104.1138|-0.01134418|3.019447|1501|0|0|04|04000040|0|0|E0000000|05002680|0|0|E0000000|06002100|0|0|E0000000|07002080|0|0|E0000000||5cedcf7c3bcd35f15b25e78be1cab0e5
38|2021-09-26T12:08:27.0960000+01:00|1075A2E4|Niru Summers|00505015|0|153077|0|10000|0|0|99.94234|104.1138|-0.01134418|3.019447|DC3F|30|0|0A016D|41F00000|E0000000|0A0168|41F00000|E0000000|5B|0|1075A2E4|28FD0030|450F781A|1075A2E4||bbaf1060de45b23e1773b1e387ad5836
30|2021-09-26T12:08:27.0960000+01:00|763|Horoscope Helios|0.00|10675739|Jasy Heavensong|1075A2E4|Niru Summers|00|153077|97086||645f0d38d34b3786742271ca7490b446
30|2021-09-26T12:08:27.0960000+01:00|199|Holmgang|0.00|1075A2E4|Niru Summers|1075A2E4|Niru Summers|00|153077|153077||75b6013278b77c49dc5deeb435f5dd23
30|2021-09-26T12:08:27.0960000+01:00|12b|Sacred Soil|0.00|1057B8A2|Alex Knightfall|1075A2E4|Niru Summers|00|153077|97285||041194c4fa291594fb4a7e25d595bf30
30|2021-09-26T12:08:27.0960000+01:00|8a8|The Wanderer's Minuet|0.00|107629AA|Joeson Lmoa|1075A2E4|Niru Summers|00|153077|106059||7cbb2de94eafb42ac89cf0f5fcfad95b
30|2021-09-26T12:08:27.0960000+01:00|13b|Whispering Dawn|0.00|40011E12|Eos|1075A2E4|Niru Summers|00|153077|92601||5573db5d7f2bb3aace7b2230d8606690
30|2021-09-26T12:08:27.0960000+01:00|5a|Storm's Eye|0.00|1075A2E4|Niru Summers|1075A2E4|Niru Summers|00|153077|153077||f79fed437a688f2c37690ec5f0a01284
30|2021-09-26T12:08:27.0960000+01:00|78e|Troubadour|0.00|107629AA|Joeson Lmoa|1075A2E4|Niru Summers|00|153077|106059||b462732e52e1e44dacb912230ecb64c4
30|2021-09-26T12:08:27.0960000+01:00|344|Aspected Helios|0.00|10675739|Jasy Heavensong|1075A2E4|Niru Summers|00|153077|97086||097db7b01c6372de7250af7fb0cc07c1
37|2021-09-26T12:08:27.1400000+01:00|1057B8A2|Alex Knightfall|00008DFF|85399|97285|4858|10000|0||99.56506|96.57422|0|-0.4722439|1C03|0|0|0||8cab1545f5cae52be3de3628c656ac6a
37|2021-09-26T12:08:27.1400000+01:00|1068703B|Tomo Uchuu|00008DFE|87507|106478|10000|10000|0||100.028|96.43253|0|-0.1445098|2604|0|0|0||d73f060302528e8500508d14180a67a0
37|2021-09-26T12:08:27.1400000+01:00|107629AA|Joeson Lmoa|00008E00|86951|106059|10000|10000|0||99.93127|96.91003|0|0.04942346|1702|0|0|0||d114bee0fd871d8d65f712d3859bd8c1
21|2021-09-26T12:08:27.1400000+01:00|40011DEA|Liquid Hand|4979|Unknown_4979|10752D6C|Volkon Vysk|730003|46FC0000|0|0|0|0|0|0|0|0|0|0|0|0|0|0|113341|152511|10000|10000|0|1000|96.3948|103.265|-0.01531982|2.213214|2229849|12889320|10000|10000|0|1000|97.24573|100.7858|0|-0.6696408|00008E07|0|418df982eaf377bd0eca993bb8258a42
37|2021-09-26T12:08:27.1850000+01:00|40011D69|Living Liquid|00008E02|1998408|12889320|10000|10000|0||100.4196|100.328|0|-0.0863359||f9918b03cd00a0b06cc9a41e62503eb1
37|2021-09-26T12:08:27.1850000+01:00|1057B8A2|Alex Knightfall|00008E00|77525|97285|4858|10000|0||99.56506|96.57422|0|-0.4592816|1C03|0|0|0||b25726f85e3bd9533bbdd753f48c675e
37|2021-09-26T12:08:27.2280000+01:00|1068703B|Tomo Uchuu|00008E00|78639|106478|10000|10000|0||100.028|96.43253|0|-0.1633596|2604|0|0|0||08463fd98b227eac3bf5e0ceb1d2cd8a
37|2021-09-26T12:08:27.2740000+01:00|107401EC|Raesa Velan|00008DFF|57738|96887|8400|10000|0||99.53455|95.68933|0|-0.423625|1904|0|0|0||2b8fab19a98768bc8f7d2975186181a7
37|2021-09-26T12:08:27.2740000+01:00|107401EC|Raesa Velan|00008E00|49403|96887|8400|10000|0||99.53455|95.68933|0|-0.423625|1905|0|0|0||8e4d327847427daed0202c05247f3de1
37|2021-09-26T12:08:27.3180000+01:00|40011DEA|Liquid Hand|00008E04|2224570|12889320|10000|10000|0||97.24573|100.7858|0|-0.6696408||92eb4f304a11c34778ceda7fa8b7cb98
37|2021-09-26T12:08:27.3180000+01:00|10675739|Jasy Heavensong|00008E00|41111|97086|8364|10000|0||99.50403|94.86523|0|0.1655285|2106|0|0|0||3d79e4096078c7776087c6e232aa3016
22|2021-09-26T12:08:27.3180000+01:00|1057B8A2|Alex Knightfall|BA|Succor|1057B8A2|Alex Knightfall|4|24E00000|180E|1290000|1B|BA8000|0|0|0|0|0|0|0|0|0|0|77525|97285|4858|10000|0|1000|99.56506|96.57422|0|-0.4543002|77525|97285|4858|10000|0|1000|99.56506|96.57422|0|-0.4543002|00008E08|0|54e1b71d648482a151d1447c277f0c71
22|2021-09-26T12:08:27.3180000+01:00|1057B8A2|Alex Knightfall|BA|Succor|1068703B|Tomo Uchuu|10004|38980000|BE0E|1290000|1B|BA8000|0|0|0|0|0|0|0|0|0|0|78639|106478|10000|10000|0|1000|100.028|96.43253|0|-0.1654544|77525|97285|4858|10000|0|1000|99.56506|96.57422|0|-0.4543002|00008E08|1|ec0e71863214cadd9a111c46715c4dad
22|2021-09-26T12:08:27.3180000+01:00|1057B8A2|Alex Knightfall|BA|Succor|107629AA|Joeson Lmoa|4|24420000|520E|1290000|1B|BA8000|0|0|0|0|0|0|0|0|0|0|86951|106059|10000|10000|0|1000|99.93127|96.91003|0|0.04942346|77525|97285|4858|10000|0|1000|99.56506|96.57422|0|-0.4543002|00008E08|2|abc18cbd763086cd900c593706b00d86
22|2021-09-26T12:08:27.3180000+01:00|1057B8A2|Alex Knightfall|BA|Succor|107401EC|Raesa Velan|4|246E0000|890E|1290000|1B|BA8000|0|0|0|0|0|0|0|0|0|0|49403|96887|8400|10000|0|1000|99.53455|95.68933|0|-0.423625|77525|97285|3858|10000|0|1000|99.56506|96.57422|0|-0.4519965|00008E08|3|dcb3f0dfa6e587164f5d4c8b0ddc1c3a
22|2021-09-26T12:08:27.3180000+01:00|1057B8A2|Alex Knightfall|BA|Succor|107ABEEC|Greiyan Fletz|4|233B0000|90E|1290000|1B|BA8000|0|0|0|0|0|0|0|0|0|0|51529|106544|10000|10000|0|1000|100.8773|96.45154|0|-0.04579353|77525|97285|3858|10000|0|1000|99.56506|96.57422|0|-0.4519965|00008E08|4|3ab5749256c1289a5fe7e87d70dd0076
22|2021-09-26T12:08:27.3180000+01:00|1057B8A2|Alex Knightfall|BA|Succor|10675739|Jasy Heavensong|4|243D0000|4C0E|1290000|1B|BA8000|0|0|0|0|0|0|0|0|0|0|41111|97086|8364|10000|0|1000|99.50403|94.86523|0|0.1655285|77525|97285|3858|10000|0|1000|99.56506|96.57422|0|-0.4519965|00008E08|5|f5498be3a235c0d3fb1f14df4eab2252
22|2021-09-26T12:08:27.3180000+01:00|1057B8A2|Alex Knightfall|BA|Succor|10752D6C|Volkon Vysk|10004|389C0000|C30E|1290000|1B|BA8000|0|0|0|0|0|0|0|0|0|0|113341|152511|10000|10000|0|1000|96.53294|103.3168|-0.01531982|2.248952|77525|97285|3858|10000|0|1000|99.56506|96.57422|0|-0.4519965|00008E08|6|b9812e02e8139f0d9f9062d9702bebfb
38|2021-09-26T12:08:27.3620000+01:00|107ABEEC|Greiyan Fletz|00505022|59354|106544|10000|10000|0|0|100.8773|96.45154|0|-0.04579353|BA94|FE|0|0720|42700000|1068703B|14016A|41F00000|E0000000|0A0168|41F00000|E0000000|28FE0030|450E0C8D|107ABEEC|075D|406E355C|10675739|04E4|41700000|107ABEEC|012B|40150E4F|1057B8A2|0839|4215173B|1068703B|0737|4215173B|1068703B|08A8|400F4BBF|107629AA|0513|41364226|107ABEEC|0763|41D324D6|10675739|078E|410AC098|107629AA|013B|4171DF28|40011E12|0344|413649C7|10675739||b17488ac240495c22f67ecc3aee0d888
26|2021-09-26T12:08:27.3620000+01:00|720|Dance Partner|60.00|1068703B|Tomo Uchuu|107ABEEC|Greiyan Fletz|00|106544|106478||a135934c0c099a28e090e701d727c030
30|2021-09-26T12:08:27.3620000+01:00|4d0|Third Eye|0.00|107ABEEC|Greiyan Fletz|107ABEEC|Greiyan Fletz|00|106544|106544||b51ec2cae6558fbe25a47c3284872391
26|2021-09-26T12:08:27.3620000+01:00|4e4|Eyes Open|15.00|107ABEEC|Greiyan Fletz|107ABEEC|Greiyan Fletz|00|106544|106544||980fc7db2c3dd4cae35874f936cbc763
37|2021-09-26T12:08:27.3620000+01:00|107ABEEC|Greiyan Fletz|00008E00|51529|106544|10000|10000|0||100.8773|96.45154|0|-0.04579353|2207|0|0|01|05000524|0|41700000|107ABEEC||a6f54b7d6b55a2b5107320faec4a15c6
38|2021-09-26T12:08:27.3620000+01:00|107ABEEC|Greiyan Fletz|00505022|51529|106544|10000|10000|0|0|100.8773|96.45154|0|-0.04579353|D7F7|30|0|0720|42700000|1068703B|14016A|41F00000|E0000000|0A0168|41F00000|E0000000|28FE0030|450E0BD9|107ABEEC|075D|406B6477|10675739|04E4|416F4BC7|107ABEEC|012B|40123D6A|1057B8A2|0839|4214EA2D|1068703B|0737|4214EA2D|1068703B|08A8|400C7ADA|107629AA|0513|41358DED|107ABEEC|0763|41D2CAB9|10675739|078E|410A0C5F|107629AA|013B|41712AEF|40011E12|0344|4135958E|10675739||61d12947e3db81ea5f3882af462b6c28
37|2021-09-26T12:08:27.4060000+01:00|1068703B|Tomo Uchuu|00008DFF|90971|106478|10000|10000|0||100.028|96.43253|0|-0.1654544|2605|0|0|0||6cd8fc294c347378e77fa65f47c978ea
37|2021-09-26T12:08:27.4060000+01:00|107401EC|Raesa Velan|00008DFE|78733|96887|8400|10000|0||99.53455|95.68933|0|-0.423625|1906|0|0|0||23ffea76bf184db8ea75c7750b3a1f6e
24|2021-09-26T12:08:27.4520000+01:00|10675739|Jasy Heavensong|HoT|0|1E42|41111|97086|8364|10000|0|1000|99.50403|94.86523|0|0.1655285||61231c9e933103ec68910b98786bdd8f
24|2021-09-26T12:08:27.4520000+01:00|10752D6C|Volkon Vysk|HoT|0|5305|113341|152511|10000|10000|0|1000|96.53294|103.3168|-0.01531982|2.248952||ffd4f27ce31c1f1c0d7b323402685d71
38|2021-09-26T12:08:27.4520000+01:00|10675739|Jasy Heavensong|00505021|48857|97086|8364|10000|0|0|99.50403|94.86523|0|0.1655285|D7F7|30|0|0A0168|41F00000|E0000000|0F016B|41F00000|E0000000|0763|41CEDF32|10675739|28FE0030|450E03FD|10675739|0|0|0|08A8|4009A9F5|107629AA|078E|41067AF7|107629AA|0347|0|10675739|013B|416D9988|40011E12|012B|400F5C22|1057B8A2|0344|412DBE86|10675739||cbe02df551805e638eedc5b61d1e38ac
38|2021-09-26T12:08:27.4520000+01:00|10752D6C|Volkon Vysk|00505025|134594|152511|10000|10000|0|0|96.53294|103.3168|-0.01531982|2.248952|D7F7|30|0|14016A|41F00000|E0000000|0A0168|41F00000|E0000000|28FD0030|450F53DE|10752D6C|072A|4051AA19|10752D6C|08A8|4009A9F5|107629AA|012B|400F5C22|1057B8A2|0|0|0|0763|41D549B3|10675739|0727|3EF64433|10752D6C|0343|40E0BC90|10675739|0344|413A9380|10675739|072B|41367AE5|10752D6C|078E|410AC4B1|107629AA|013B|4171E340|40011E12|0|0|0|0729|0|10752D6C||083d1455bcec15256ef4a9124e454c68
37|2021-09-26T12:08:27.5400000+01:00|107ABEEC|Greiyan Fletz|00008DFF|59237|106544|10000|10000|0||100.8773|96.54382|0|-0.04376721|2206|0|0|0||58ea1712f83a2613920f92d46cafc2aa
37|2021-09-26T12:08:27.5400000+01:00|107ABEEC|Greiyan Fletz|00008DFE|104094|106544|10000|10000|0||100.8773|96.54382|0|-0.04376721|2207|0|0|0||e79affc8ebdbdb1e46a3b2935dd6bd64
24|2021-09-26T12:08:27.5400000+01:00|1068703B|Tomo Uchuu|HoT|0|2551|90971|106478|10000|10000|0|1000|100.028|96.43253|0|-0.1759262||00cb476e30cec5fa7b07d4c82668d77b
38|2021-09-26T12:08:27.5400000+01:00|1068703B|Tomo Uchuu|00505026|100524|106478|10000|10000|0|0|100.028|96.43253|0|-0.1759262|D7F7|30|0|14016A|41F00000|E0000000|0A0168|41F00000|E0000000|071F|42700000|1068703B|28FE0030|450EAECE|1068703B|0763|41D04FD6|10675739|08A8|4003F7C8|107629AA|012B|4009A9F5|1057B8A2|071D|421433E9|1068703B|0737|421433E9|1068703B|078E|4100C8CB|107629AA|013B|4165C697|40011E12|0|0|0|0344|41309FCD|10675739||3bf0267eb678aca4bd5f49864cc73516
26|2021-09-26T12:08:27.5400000+01:00|71f|Closed Position|60.00|1068703B|Tomo Uchuu|1068703B|Tomo Uchuu|00|106478|106478||68167b8466e07f8860ae92b2ce76cd1f
24|2021-09-26T12:08:27.5850000+01:00|107629AA|Joeson Lmoa|HoT|0|1EEF|86951|106059|10000|10000|0|1000|99.93127|96.91003|0|0.04942346||8126e10d1967907a858f147e93edc66b
38|2021-09-26T12:08:27.5850000+01:00|10675739|Jasy Heavensong|00505021|48857|97086|8364|10000|0|0|99.50403|94.86523|0|0.1655285|D7F7|30|0|0A0168|41F00000|E0000000|0F016B|41F00000|E0000000|0763|41CDCECF|10675739|28FE0030|450E01DD|10675739|0|0|0|08A8|40A00000|107629AA|078E|41045A33|107629AA|0347|0|10675739|013B|416B78C4|40011E12|012B|4006D910|1057B8A2|0344|412B9DC2|10675739||3fc17f3b6e6fa19fdc1fec6203bd61db
26|2021-09-26T12:08:27.5850000+01:00|8a8|The Wanderer's Minuet|5.00|107629AA|Joeson Lmoa|10675739|Jasy Heavensong|00|97086|106059||c4d5dd9c53d2862569e7d46f949d50df
38|2021-09-26T12:08:27.5850000+01:00|1068703B|Tomo Uchuu|00505026|100524|106478|10000|10000|0|0|100.028|96.43253|0|-0.1738315|D7F7|30|0|14016A|41F00000|E0000000|0A0168|41F00000|E0000000|071F|42700000|1068703B|28FE0030|450EAE1A|1068703B|0763|41CFF5B9|10675739|08A8|40A00000|107629AA|012B|4006D910|1057B8A2|071D|421406DB|1068703B|0737|421406DB|1068703B|078E|41001492|107629AA|013B|4165125E|40011E12|0|0|0|0344|412FEB94|10675739||0e777635c88e350c3b08e74c803e334f
26|2021-09-26T12:08:27.5850000+01:00|8a8|The Wanderer's Minuet|5.00|107629AA|Joeson Lmoa|1068703B|Tomo Uchuu|00|106478|106059||a6c053f6b60ecc2ddfffa07cf6f85c05
38|2021-09-26T12:08:27.5850000+01:00|40011E3B|Earthly Star|00505000|0|92424|10000|10000|0|0|99.06918|99.95715|0|-0.6909251|D7F7|30|0|28FE0030|450E01DD|10675739|08A8|40A00000|107629AA|0207AE|41EA4FDC|40011E3B||5a7d9bccf8ffd0234073a8758e87eeb8
26|2021-09-26T12:08:27.5850000+01:00|8a8|The Wanderer's Minuet|5.00|107629AA|Joeson Lmoa|40011E3B|Earthly Star|00|92424|106059||7fa31f479526d9479e77422e7f7204a1
38|2021-09-26T12:08:27.5850000+01:00|10752D6C|Volkon Vysk|00505025|134594|152511|10000|10000|0|0|98.01466|103.4622|-0.003135336|2.628253|D7F7|30|0|14016A|41F00000|E0000000|0A0168|41F00000|E0000000|28FD0030|450F51BE|10752D6C|072A|40492707|10752D6C|08A8|40A00000|107629AA|012B|4006D910|1057B8A2|0|0|0|0763|41D43950|10675739|0727|3EB22B9F|10752D6C|0343|40DC7B06|10675739|0344|413872BC|10675739|072B|41345A21|10752D6C|078E|4108A3ED|107629AA|013B|416FC27C|40011E12|0|0|0|0729|0|10752D6C||197a762eec6416ac5445da0cfdf60a2c
26|2021-09-26T12:08:27.5850000+01:00|8a8|The Wanderer's Minuet|5.00|107629AA|Joeson Lmoa|10752D6C|Volkon Vysk|00|152511|106059||f631df1e2e7b7934cf1d6c316970bb43
38|2021-09-26T12:08:27.5850000+01:00|1057B8A2|Alex Knightfall|0050501C|77525|97285|3858|10000|0|0|99.56506|96.57422|0|-0.426676|D7F7|30|0|0A016D|41F00000|E0000000|1E016C|41F00000|E0000000|28FE0030|44D3D8C7|1057B8A2|0763|41D21473|10675739|078E|40FBE79A|107629AA|04B4|40122CDE|1057B8A2|0344|41342903|10675739|08A8|40A00000|107629AA|0317|41E16A78|1057B8A2|0|0|0|012B|4004082B|1057B8A2|013B|4162ED82|40011E12|030130|0|1057B8A2||6101df2a27597e69fe4cdff6552befcf
26|2021-09-26T12:08:27.5850000+01:00|8a8|The Wanderer's Minuet|5.00|107629AA|Joeson Lmoa|1057B8A2|Alex Knightfall|00|97285|106059||a95f7a56349cf91a3cb6ff16bbf0bad0
38|2021-09-26T12:08:27.5850000+01:00|107629AA|Joeson Lmoa|00505017|94870|106059|10000|10000|0|0|99.93127|96.91003|0|0.04942346|D7F7|30|0|0A016D|41F00000|E0000000|0A0168|41F00000|E0000000|28FE0030|450E056D|107629AA|0763|41D324D5|10675739|012B|4004082B|1057B8A2|078E|40F79DE0|107629AA|013B|4160CCBB|40011E12|7D|4164C07A|107629AA|078C|40965E34|107629AA|0344|413649C7|10675739||9d60ef9e34cec43cf17cd321b5b06e30
38|2021-09-26T12:08:27.5850000+01:00|107ABEEC|Greiyan Fletz|00505022|104094|106544|10000|10000|0|0|100.8773|96.54382|0|-0.04376721|D7F7|30|0|0720|42700000|1068703B|14016A|41F00000|E0000000|0A0168|41F00000|E0000000|28FE0030|450E084D|107ABEEC|075D|405D2F38|10675739|04E4|416BBE78|107ABEEC|012B|4004082B|1057B8A2|0839|421406DB|1068703B|0737|421406DB|1068703B|08A8|409E978D|107629AA|0513|4132009E|107ABEEC|0763|41D10410|10675739|078E|41067F10|107629AA|013B|416D9DA0|40011E12|0344|4132083F|10675739||3b38144f43dbe69463d645dbfa727d94
26|2021-09-26T12:08:27.5850000+01:00|8a8|The Wanderer's Minuet|4.96|107629AA|Joeson Lmoa|107ABEEC|Greiyan Fletz|00|106544|106059||c0f2210764b6769a85862c2b3e5e3577
38|2021-09-26T12:08:27.5850000+01:00|107401EC|Raesa Velan|00505019|78733|96887|8400|10000|0|0|99.53455|95.68933|0|-0.423625|D7F7|30|0|0A016D|41F00000|E0000000|0A0168|41F00000|E0000000|29020030|4591BAB8|107401EC|0763|41CEE13E|10675739|08A8|409E978D|107629AA|078E|41023556|107629AA|013B|41695800|40011E12|0344|412DC29F|10675739|A4|415E7AE2|107401EC|012B|4004082B|1057B8A2||9772f6d81dbc0aff005a8c118c6e16c1
26|2021-09-26T12:08:27.5850000+01:00|8a8|The Wanderer's Minuet|4.96|107629AA|Joeson Lmoa|107401EC|Raesa Velan|00|96887|106059||28ae5d99ac286be83cc5aaa94b004a07
24|2021-09-26T12:08:27.6300000+01:00|107ABEEC|Greiyan Fletz|HoT|0|1E11|104094|106544|10000|10000|0|1000|100.8773|96.54382|0|-0.04376721||58664c7e10bd7b26baea40e3307d17fc
21|2021-09-26T12:08:27.6300000+01:00|107401EC|Raesa Velan|8D|Fire|40011DEA|Liquid Hand|150003|57270000|13D|2D8000|1B|8D8000|0|0|0|0|0|0|0|0|0|0|2224570|12889320|10000|10000|0|1000|97.24573|100.7858|0|-0.6696408|78733|96887|8400|10000|0|1000|99.53455|95.68933|0|-0.423625|00008E09|0|b797330c59c2e26c9006055f183c3299
38|2021-09-26T12:08:27.6300000+01:00|107ABEEC|Greiyan Fletz|00505022|106544|106544|10000|10000|0|0|100.8773|96.54382|0|-0.04376721|D7F7|30|0|0720|42700000|1068703B|14016A|41F00000|E0000000|0A0168|41F00000|E0000000|28FE0030|450E0795|107ABEEC|075D|405A4DF0|10675739|04E4|416B0626|107ABEEC|012B|400126E3|1057B8A2|0839|4213D8C7|1068703B|0737|4213D8C7|1068703B|08A8|409D26E9|107629AA|0513|4131484C|107ABEEC|0763|41D0A7E7|10675739|078E|4105C6BE|107629AA|013B|416CE54E|40011E12|0344|41314FED|10675739||af7ae42d4c90877d3cf72df4dfe7681c
37|2021-09-26T12:08:27.6750000+01:00|107401EC|Raesa Velan|00008DFF|90759|96887|7600|10000|0||99.53455|95.68933|0|-0.423625|1907|0|0|0||e5940bfd6aefe0100f42e41cdf55e3ad
37|2021-09-26T12:08:27.6750000+01:00|10752D6C|Volkon Vysk|00008DFE|152511|152511|10000|10000|0||98.01466|103.4622|-0.003135336|2.628253|2508|0|0|0||c2cd3d5b45dcbb738b13ee31c563cf80
37|2021-09-26T12:08:27.6750000+01:00|10752D6C|Volkon Vysk|00008E07|134339|152511|10000|10000|0||98.01466|103.4622|-0.003135336|2.628253|2500|0|0|0||900e953a40fbcdcf3281814a0bfa69bf
24|2021-09-26T12:08:27.6750000+01:00|1057B8A2|Alex Knightfall|HoT|0|1EB5|77525|97285|3858|10000|0|1000|99.56506|96.57422|0|-0.426676||b9bb3350751f8159bb4368317a471093
38|2021-09-26T12:08:27.6750000+01:00|1057B8A2|Alex Knightfall|0050501C|85386|97285|4358|10000|0|0|99.56506|96.57422|0|-0.426676|994C|31|0|0A016D|41F00000|E0000000|1E016C|41F00000|E0000000|28FE0030|44D3D5E5|1057B8A2|0763|41D15C21|10675739|078E|40F90652|107629AA|04B4|400C6A4E|1057B8A2|0344|4132B85F|10675739|08A8|409D1EB8|107629AA|0317|41E0B226|1057B8A2|0|0|0|012B|3FFC8B37|1057B8A2|013B|41617CDE|40011E12|030130|0|1057B8A2||287671deb98cf1e377682e857af8d580
24|2021-09-26T12:08:27.7190000+01:00|107401EC|Raesa Velan|HoT|0|1DA7|90759|96887|7600|10000|0|1000|99.53455|95.68933|0|-0.423625||75ca7523c65271efef3cc0cab4e88023
38|2021-09-26T12:08:27.7190000+01:00|107401EC|Raesa Velan|00505019|96887|96887|7600|10000|0|0|99.53455|95.68933|0|-0.423625|994C|31|0|0A016D|41F00000|E0000000|0A0168|41F00000|E0000000|29020030|4591B9A4|107401EC|0763|41CDCCC3|10675739|08A8|409A45A1|107629AA|078E|41000C60|107629AA|013B|41672F0A|40011E12|0344|412B99A9|10675739|A4|415C51EC|107401EC|012B|3FF6C8A8|1057B8A2||afcb5a51e4b15277b594f328574acaeb
37|2021-09-26T12:08:27.8080000+01:00|40011DEA|Liquid Hand|00008E05|2209966|12889320|10000|10000|0||97.24573|100.7858|0|-0.6696408||908f2ff9b59b40ba9799eb70110548b9
37|2021-09-26T12:08:27.8080000+01:00|10675739|Jasy Heavensong|00008DFF|56465|97086|8364|10000|0||99.50403|94.88167|-0.01531982|0.1551163|2108|0|0|0||790abc5fbc2c7d8645879bfc19c2d969
37|2021-09-26T12:08:27.8080000+01:00|10675739|Jasy Heavensong|00008DFE|86479|97086|8364|10000|0||99.50403|94.88167|-0.01531982|0.1551163|2109|0|0|0||004322c18c1d29f466b8e164fa541084
38|2021-09-26T12:08:27.8080000+01:00|40011E3B|Earthly Star|00505000|0|92424|0|10000|0|0|99.06918|99.95715|0|-0.6909251|994C|31|0|28FE0030|450DFE49|10675739||ce7fe2c92787a93fbe5a1d966860eda5
30|2021-09-26T12:08:27.8080000+01:00|8a8|The Wanderer's Minuet|0.00|107629AA|Joeson Lmoa|40011E3B|Earthly Star|00|92424|106059||7f3ffc2c25672cfdea6b4f3f5193e1a7
30|2021-09-26T12:08:27.8080000+01:00|7ae|Summon Order IV|0.00|40011E3B|Earthly Star|40011E3B|Earthly Star|02|92424|92424||0572d7bee0b9efecd941048a5ca79fc2
21|2021-09-26T12:08:27.8530000+01:00|10752D6C|Volkon Vysk|07|Attack|40011DEA|Liquid Hand|710003|C070000|0|0|0|0|0|0|0|0|0|0|0|0|0|0|2224570|12889320|10000|10000|0|1000|97.24573|100.7858|0|-0.6696408|134339|152511|10000|10000|0|1000|99.23141|103.5816|0|2.939731|00008E0A|0|a671be7593bf380bcb729aac4d94f613
37|2021-09-26T12:08:27.9430000+01:00|107629AA|Joeson Lmoa|00008DFF|102486|106059|10000|10000|0||99.93127|96.91003|0|0.04942346|1709|0|0|0||9986b4045c98fc3c60d7f733308c527d
38|2021-09-26T12:08:27.9430000+01:00|10752D6C|Volkon Vysk|00505025|134339|152511|10000|10000|0|0|99.35144|103.5934|0|2.970455|DEAD|30|0|14016A|41F00000|E0000000|0A0168|41F00000|E0000000|28FD0030|450F4C06|10752D6C|072A|40323D8D|10752D6C|08A8|40948B42|107629AA|012B|3FDFDF2E|1057B8A2|0|0|0|0763|41D15C20|10675739|0|0|0|0343|40D10648|10675739|0344|4132B85E|10675739|072B|412E9FC3|10752D6C|078E|4102E98F|107629AA|013B|416A081E|40011E12|0|0|0|0729|0|10752D6C||e3cca31be63347d734d267f8552bea6a
30|2021-09-26T12:08:27.9430000+01:00|727|No Mercy|0.00|10752D6C|Volkon Vysk|10752D6C|Volkon Vysk|00|152511|152511||0be1b3ac75acf24981b433b40a8a5ad0
37|2021-09-26T12:08:28.0760000+01:00|10675739|Jasy Heavensong|00008DFF|94346|97086|8364|10000|0||99.50403|95.09068|-0.0009013057|0.07698895|210A|0|0|0||3e1fa1f42278f037f061749d2db2c226
21|2021-09-26T12:08:28.0760000+01:00|107629AA|Joeson Lmoa|1CEC|Pitch Perfect|40011D69|Living Liquid|720003|2DBD0000|0|0|0|0|0|0|0|0|0|0|0|0|0|0|1998408|12889320|10000|10000|0|1000|100.4196|100.328|0|-0.0863359|102486|106059|10000|10000|0|1000|99.93127|96.91003|0|0.1359029|00008E0B|0|3032a54358087311780e819838e4f11e
37|2021-09-26T12:08:28.1200000+01:00|40011D69|Living Liquid|00008E06|1983429|12889320|10000|10000|0||100.4196|100.328|0|-0.0863359||3038fdb82313d25932ac97c49df44c53
21|2021-09-26T12:08:28.1200000+01:00|10675739|Jasy Heavensong|E1D|Collective Unconscious|10675739|Jasy Heavensong|3A00000F|3508000|0|0|0|0|0|0|0|0|0|0|0|0|0|0|94346|97086|8364|10000|0|1000|99.50403|95.09068|-0.0009013057|0.07698895|94346|97086|8364|10000|0|1000|99.50403|95.09068|-0.0009013057|0.07698895|00008E0C|0|88efbdab40ee5ed2d8b4f61a9307784c
21|2021-09-26T12:08:28.1650000+01:00|107ABEEC|Greiyan Fletz|1D38|Yukikaze|40011D69|Living Liquid|48710003|36FC0000|13D|B88000|11B|1D388000|0|0|0|0|0|0|0|0|0|0|1998408|12889320|10000|10000|0|1000|100.4196|100.328|0|-0.0863359|106544|106544|10000|10000|0|1000|100.8773|96.54382|0|-0.04376721|00008E0D|0|75aeacb971f57e45d3027e622acbec13
21|2021-09-26T12:08:28.1650000+01:00|107ABEEC|Greiyan Fletz|07|Attack|40011D69|Living Liquid|710003|F640000|0|0|0|0|0|0|0|0|0|0|0|0|0|0|1998408|12889320|10000|10000|0|1000|100.4196|100.328|0|-0.0863359|106544|106544|10000|10000|0|1000|100.8773|96.54382|0|-0.04376721|00008E0E|0|e5c13812774a669efaafcd8eca77b367
37|2021-09-26T12:08:28.2100000+01:00|1057B8A2|Alex Knightfall|00008DFF|97285|97285|4358|10000|0||99.56506|96.57422|0|-0.1750403|1C0B|0|0|0||8536fe754e30b5c2750c8a1a3a010653
21|2021-09-26T12:08:28.2100000+01:00|10752D6C|Volkon Vysk|3F24|Bloodfest|40011DEA|Liquid Hand|23D|ED8000|0|0|0|0|0|0|0|0|0|0|0|0|0|0|2209966|12889320|10000|10000|0|1000|97.24573|100.7858|0|-0.6696408|134339|152511|10000|10000|0|1000|99.35144|103.5934|0|2.970455|00008E0F|0|02a4e9ea9f01f1e9b28991e55109ebb9
21|2021-09-26T12:08:28.2980000+01:00|1057B8A2|Alex Knightfall|409C|Biolysis|40011D69|Living Liquid|D410E|7670000|1B|409C8000|0|0|0|0|0|0|0|0|0|0|0|0|1983429|12889320|10000|10000|0|1000|100.4196|100.328|0|-0.0863359|97285|97285|4358|10000|0|1000|99.56506|96.57422|0|-0.1163075|00008E10|0|0f9bba520aff6555547c1b11bc9a7f0a
20|2021-09-26T12:08:28.2980000+01:00|107401EC|Raesa Velan|DF9|Fire IV|40011DEA|Liquid Hand|2.62|99.53455|95.68933|0|-0.423625||34482a84e0fcb6d00fb6f95e1bc18334
37|2021-09-26T12:08:28.3870000+01:00|40011DEA|Liquid Hand|00008E0A|2206887|12889320|10000|10000|0||97.24573|100.7858|0|-0.6696408||0beaac30cdfaa12182eced242fcb4301
38|2021-09-26T12:08:28.3870000+01:00|40011D69|Living Liquid|00505000|1983429|12889320|10000|10000|0|0|100.4196|100.328|0|-0.0863359|994C|31|0|0|0|0|2804B0|41934583|107629AA|0|0|0|2804B1|41934583|107629AA|0A00A3|416A4165|107401EC|04CC|3F4E880C|107ABEEC|072E|40BA355B|10752D6C|04B3|3FB31250|107401EC||5b7209d1f26799e8cb157b001aa3fe46
30|2021-09-26T12:08:28.3870000+01:00|4a9|Reprisal|0.00|1075A2E4|Niru Summers|40011D69|Living Liquid|00|12889320|153077||1d735eaec3d20cefb2e7d76e2cbc52b8
37|2021-09-26T12:08:28.4320000+01:00|1057B8A2|Alex Knightfall|00008E08|97285|97285|3958|10000|12||99.56506|96.57422|0|0.2182598|1C00|0|0|01|09000169|0|41F00000|1057B8A2||f15b16f7ecbf3b4720cbfa280e865bd2
26|2021-09-26T12:08:28.4320000+01:00|129|Galvanize|30.00|1057B8A2|Alex Knightfall|1057B8A2|Alex Knightfall|00|97285|97285||3d31978cecd9597835d9ec36ca396123
38|2021-09-26T12:08:28.4320000+01:00|1057B8A2|Alex Knightfall|0050501C|97285|97285|3958|10000|12|0|99.56506|96.57422|0|0.2182598|994C|31|0|0A016D|41F00000|E0000000|1E016C|41F00000|E0000000|28FE0030|44D3BDA3|1057B8A2|0763|41CB4BBE|10675739|078E|40E0C4C5|107629AA|04B4|3FB7CE77|1057B8A2|0344|4126979C|10675739|08A8|4084DD2B|107629AA|0317|41DAA1C3|1057B8A2|0129|41EFA3D7|1057B8A2|012B|3F9B8514|1057B8A2|013B|41555C1B|40011E12|030130|0|1057B8A2||508b00a1b38f24be36119d7bebb23738
37|2021-09-26T12:08:28.4780000+01:00|10675739|Jasy Heavensong|00008E0C|94346|97086|8364|10000|0||99.50403|95.323|-0.01531982|0.0301528|2100|0|0|03|04000390|0F3A|41900000|10675739|0B0029D1|0|40A00000|10675739|0C0024BC|0|41700000|10675739||324ea65eaef59a585d5c0651e657ec69
26|2021-09-26T12:08:28.4780000+01:00|350|Collective Unconscious|18.00|10675739|Jasy Heavensong|10675739|Jasy Heavensong|F3A|97086|97086||8fabd3aad54d02bba5e2c8087f5fc4a7
26|2021-09-26T12:08:28.4780000+01:00|351|Collective Unconscious|5.00|10675739|Jasy Heavensong|10675739|Jasy Heavensong|00|97086|97086||3dc8979d3f99c1011f37f26078d95481
26|2021-09-26T12:08:28.4780000+01:00|3bc|Wheel Of Fortune|15.00|10675739|Jasy Heavensong|10675739|Jasy Heavensong|00|97086|97086||857fed7382f5b0b1879b6594b641bca5
38|2021-09-26T12:08:28.4780000+01:00|10675739|Jasy Heavensong|00505021|94346|97086|8364|10000|0|0|99.50403|95.323|-0.01531982|0.0301528|DE36|30|0|0A0168|41F00000|E0000000|0F016B|41F00000|E0000000|0763|41C6A9F1|10675739|28FE0030|450DF399|10675739|0F3A0350|418FA3D7|10675739|08A8|40836C87|107629AA|078E|40EC20EE|107629AA|0347|0|10675739|013B|415D2F0B|40011E12|012B|3F9B644E|1057B8A2|0344|411D5409|10675739|0351|409E8F5C|10675739|03BC|416F47AE|10675739||34ea95f3cec1c2a5af4d739700dc138e
38|2021-09-26T12:08:28.4780000+01:00|1068703B|Tomo Uchuu|00505026|100524|106478|10000|10000|0|0|100.028|96.43253|0|-0.1612649|DE36|30|0|14016A|41F00000|E0000000|0A0168|41F00000|E0000000|071F|42700000|1068703B|28FE0030|450E9FD6|1068703B|0763|41C8D0DB|10675739|08A8|40836C87|107629AA|012B|3F9B644E|1057B8A2|071D|42107473|1068703B|0737|42107473|1068703B|078E|40E395AB|107629AA|013B|4156C8A5|40011E12|0351|409E8F5C|10675739|0344|4121A1DB|10675739|03BC|416F47AE|10675739||af88f7e6e62b44c443126596155860f3
26|2021-09-26T12:08:28.4780000+01:00|351|Collective Unconscious|4.96|10675739|Jasy Heavensong|1068703B|Tomo Uchuu|00|106478|97086||89e86f900e2cca895094901e216fa82b
26|2021-09-26T12:08:28.4780000+01:00|3bc|Wheel Of Fortune|14.96|10675739|Jasy Heavensong|1068703B|Tomo Uchuu|00|106478|97086||346a270d3faa927a3ea5d5feb0f06941
38|2021-09-26T12:08:28.4780000+01:00|1057B8A2|Alex Knightfall|0050501C|97285|97285|3958|10000|12|0|99.56506|96.57422|0|0.2182598|DE36|30|0|0A016D|41F00000|E0000000|1E016C|41F00000|E0000000|28FE0030|44D3BC32|1057B8A2|0763|41CAEF95|10675739|078E|40DF5421|107629AA|04B4|3FB20BE8|1057B8A2|0344|4125DF4A|10675739|08A8|40836C87|107629AA|0317|41DA459A|1057B8A2|0129|41EF47AE|1057B8A2|012B|3F95C285|1057B8A2|013B|4154A3C9|40011E12|030130|0|1057B8A2|0351|409E8F5C|10675739|03BC|416F47AE|10675739||11cefc0e311fe407c9d402261a408c8a
26|2021-09-26T12:08:28.4780000+01:00|351|Collective Unconscious|4.96|10675739|Jasy Heavensong|1057B8A2|Alex Knightfall|00|97285|97086||7c86673fa2e3c78afcc2e7544ce3d780
26|2021-09-26T12:08:28.4780000+01:00|3bc|Wheel Of Fortune|14.96|10675739|Jasy Heavensong|1057B8A2|Alex Knightfall|00|97285|97086||73c5436192308752248fafef9a8a6574
38|2021-09-26T12:08:28.4780000+01:00|107629AA|Joeson Lmoa|00505017|102486|106059|10000|10000|0|0|99.93127|96.91003|0|0.1359029|DE36|30|0|0A016D|41F00000|E0000000|0A0168|41F00000|E0000000|28FE0030|450DF729|107629AA|0763|41CBFFF7|10675739|012B|3F95C285|1057B8A2|078E|40DB0A67|107629AA|013B|41528302|40011E12|7D|415676C1|107629AA|078C|40739577|107629AA|0344|4128000E|10675739|0351|409E8F5C|10675739|03BC|416F47AE|10675739||ca5fe801deaac8ebc3c431116c793a31
26|2021-09-26T12:08:28.4780000+01:00|351|Collective Unconscious|4.96|10675739|Jasy Heavensong|107629AA|Joeson Lmoa|00|106059|97086||b2e8ab1e0229e31bc790e6132131b43f
26|2021-09-26T12:08:28.4780000+01:00|3bc|Wheel Of Fortune|14.96|10675739|Jasy Heavensong|107629AA|Joeson Lmoa|00|106059|97086||66fd907a65c684d372bbee8c11f2f31e
38|2021-09-26T12:08:28.4780000+01:00|107ABEEC|Greiyan Fletz|00505022|106544|106544|10000|10000|0|0|100.8773|96.54382|0|-0.1232479|DE36|30|0|0720|42700000|1068703B|14016A|41F00000|E0000000|0A0168|41F00000|E0000000|28FE0030|450DFA09|107ABEEC|075D|4024084D|10675739|04E4|415D74BF|107ABEEC|012B|3F95C285|1057B8A2|0839|42107473|1068703B|0737|42107473|1068703B|08A8|40820414|107629AA|0513|4123B6E5|107ABEEC|0763|41C9DF32|10675739|078E|40F06AAA|107629AA|013B|415F53E7|40011E12|0344|4123BE86|10675739|0351|409E8F5C|10675739|03BC|416F47AE|10675739||a3e0e721f67733e259af13684a98caa8
26|2021-09-26T12:08:28.4780000+01:00|351|Collective Unconscious|4.96|10675739|Jasy Heavensong|107ABEEC|Greiyan Fletz|00|106544|97086||39f34ac01f3c22e7fefd82b0e33cfc9b
26|2021-09-26T12:08:28.4780000+01:00|3bc|Wheel Of Fortune|14.96|10675739|Jasy Heavensong|107ABEEC|Greiyan Fletz|00|106544|97086||6e9ac6592807902aaec3e12eead5f3e8
38|2021-09-26T12:08:28.4780000+01:00|107401EC|Raesa Velan|00505019|96887|96887|7600|10000|0|0|99.53455|95.68933|0|-0.423625|DE36|30|0|0A016D|41F00000|E0000000|0A0168|41F00000|E0000000|29020030|4591B396|107401EC|0763|41C7BC60|10675739|08A8|40820414|107629AA|078E|40E7D733|107629AA|013B|415B0E47|40011E12|0344|411F78E6|10675739|A4|41503129|107401EC|012B|3F95C285|1057B8A2|0351|409E8F5C|10675739|03BC|416F47AE|10675739||0695d72a62cef3f06487b25b4ea6568d
26|2021-09-26T12:08:28.4780000+01:00|351|Collective Unconscious|4.96|10675739|Jasy Heavensong|107401EC|Raesa Velan|00|96887|97086||5aaf3ae91901a754940127b439c5ce96
26|2021-09-26T12:08:28.4780000+01:00|3bc|Wheel Of Fortune|14.96|10675739|Jasy Heavensong|107401EC|Raesa Velan|00|96887|97086||815bacbbac406cf02dd63258b605f1ff
38|2021-09-26T12:08:28.5210000+01:00|40011DEA|Liquid Hand|00505000|2206887|12889320|10000|10000|0|0|97.24573|100.7858|0|-0.6179235|DE36|30|0|0A00A3|403830A9|107401EC|072E|40B1AA16|10752D6C|0|0|0|2804B1|41A29D9A|107629AA|0|0|0|2804B0|41A29D9A|107629AA|0759|41119960|10675739|072D|41560C08|10752D6C||8d223221b2682a0e8b6e61eeec9fb95b
30|2021-09-26T12:08:28.5210000+01:00|4a9|Reprisal|0.00|1075A2E4|Niru Summers|40011DEA|Liquid Hand|00|12889320|153077||177528c53949b640ad14f3425d4df499
37|2021-09-26T12:08:28.5660000+01:00|1068703B|Tomo Uchuu|00008E08|106478|106478|10000|10000|17||100.028|96.43253|0|-0.1612649|2601|0|0|01|0E000169|0|41F00000|1057B8A2||3e9b8feb928ff1f45f07891e8fb9f751
26|2021-09-26T12:08:28.5660000+01:00|129|Galvanize|30.00|1057B8A2|Alex Knightfall|1068703B|Tomo Uchuu|00|106478|97285||c782f9d316a21a5dd5cfcb8eb9c65258
38|2021-09-26T12:08:28.5660000+01:00|1068703B|Tomo Uchuu|00505026|106478|106478|10000|10000|17|0|100.028|96.43253|0|-0.1612649|DE36|30|0|14016A|41F00000|E0000000|0A0168|41F00000|E0000000|071F|42700000|1068703B|28FE0030|450E9E6A|1068703B|0763|41C81A95|10675739|08A8|40809370|107629AA|012B|3F8FFFF4|1057B8A2|071D|42101951|1068703B|0737|42101951|1068703B|078E|40E0BC94|107629AA|013B|41555C1A|40011E12|0351|409BB645|10675739|0344|41203550|10675739|03BC|416DDB23|10675739|0129|41EFA3D7|1057B8A2||03a6f349e2428a642f9d6ef4ca3a2611
37|2021-09-26T12:08:28.6550000+01:00|40011DEA|Liquid Hand|00008E09|2184576|12889320|10000|10000|0||97.24573|100.7858|0|-0.3084058||b9a1cfe0aec580f7dd532fb2a5ba6fb7
37|2021-09-26T12:08:28.7000000+01:00|107629AA|Joeson Lmoa|00008E08|106059|106059|10000|10000|10||99.93127|96.91124|-0.01531982|0.1324826|1702|0|0|01|0C000169|0|41F00000|1057B8A2||4bca43a0a764e03ac414afaa6e63a0d2
26|2021-09-26T12:08:28.7000000+01:00|129|Galvanize|30.00|1057B8A2|Alex Knightfall|107629AA|Joeson Lmoa|00|106059|97285||b589d55a3577706e900266d0e6e3409c
37|2021-09-26T12:08:28.7000000+01:00|40011D69|Living Liquid|00008E0E|1979489|12889320|10000|10000|0||100.4196|100.328|0|-0.0863359||1af29ad780490897794ad0143277f2a3
38|2021-09-26T12:08:28.7000000+01:00|107629AA|Joeson Lmoa|00505017|106059|106059|10000|10000|10|0|99.93127|96.91124|-0.01531982|0.1324826|1954|30|0|0A016D|41F00000|E0000000|0A0168|41F00000|E0000000|28FE0030|450DF399|107629AA|0763|41CA3742|10675739|012B|3F726E82|1057B8A2|078E|40D3E795|107629AA|013B|414EF19A|40011E12|7D|4152E559|107629AA|078C|40654FD5|107629AA|0344|41246EA6|10675739|0351|40976C8A|10675739|03BC|416BB646|10675739|0129|41EFA3D7|1057B8A2||71303393d40f5abfb5db2b939261932d
04|2021-09-26T12:08:28.5110000+01:00|40011e12|Eos|0|50|1057b8a2|0||1398|1008|0|92601|0|10000|0|0|100.1449|100.0533|0|3.099887||090c946c9802caa4e366924e15fa801d
37|2021-09-26T12:08:28.8330000+01:00|107401EC|Raesa Velan|00008E08|96887|96887|7600|10000|12||99.53455|95.68933|0|-0.423625|1903|0|0|01|0C000169|0|41F00000|1057B8A2||a3c59f8acd1cf102ec722f295be62adc
26|2021-09-26T12:08:28.8330000+01:00|129|Galvanize|30.00|1057B8A2|Alex Knightfall|107401EC|Raesa Velan|00|96887|97285||4f6c1be2d8de3a4e2cae36eb7f177023
38|2021-09-26T12:08:28.8330000+01:00|107401EC|Raesa Velan|00505019|96887|96887|7600|10000|12|0|99.53455|95.68933|0|-0.423625|DC3F|30|0|0A016D|41F00000|E0000000|0A0168|41F00000|E0000000|29020030|4591B0C0|107401EC|0763|41C4E555|10675739|08A8|406D4FD5|107629AA|078E|40DC7B08|107629AA|013B|41556033|40011E12|0344|4119CAD2|10675739|A4|414A8315|107401EC|012B|3F50A3C1|1057B8A2|0351|40933331|10675739|03BC|4169999A|10675739|0129|41EFA3D7|1057B8A2||8fbee43977b1947300608ecae78d24da
37|2021-09-26T12:08:28.8770000+01:00|40011D69|Living Liquid|00008E0B|1967780|12889320|10000|10000|0||100.4196|100.328|0|-0.0863359||b6c5d0bff4bdd3d5febfd7131d6da99f
20|2021-09-26T12:08:28.8770000+01:00|10675739|Jasy Heavensong|40AB|Malefic IV|40011D69|Living Liquid|1.43|99.50403|95.323|0|0.0301528||d5d67c3f058efbafb1e0e96618b316a9
22|2021-09-26T12:08:28.8770000+01:00|40011D69|Living Liquid|4826|Cascade|107629AA|Joeson Lmoa|650003|DA170400|147|8000|1B|48268000|0|0|0|0|0|0|0|0|0|0|106059|106059|10000|10000|0|1000|99.93127|96.94057|-0.01531982|0.09009028|1979489|12889320|10000|10000|0|1000|100.4196|100.328|0|-0.0863359|00008E11|0|21862349a3457cec4501e464a189b8ba
22|2021-09-26T12:08:28.8770000+01:00|40011D69|Living Liquid|4826|Cascade|10752D6C|Volkon Vysk|650003|7AA20000|147|8000|1B|48268000|0|0|0|0|0|0|0|0|0|0|134339|152511|10000|10000|0|1000|99.35144|103.5934|0|-2.496736|1979489|12889320|10000|10000|0|1000|100.4196|100.328|0|-0.0863359|00008E11|1|add095afc68475de4837653c5c2b0231
22|2021-09-26T12:08:28.8770000+01:00|40011D69|Living Liquid|4826|Cascade|107ABEEC|Greiyan Fletz|650003|BD14001|147|8000|1B|48268000|0|0|0|0|0|0|0|0|0|0|106544|106544|10000|10000|0|1000|100.8773|96.54382|0|-0.1232479|1979489|12889320|10000|10000|0|1000|100.4196|100.328|0|-0.0863359|00008E11|2|b5a2c88688b8231d5dc60d74d7093311
22|2021-09-26T12:08:28.8770000+01:00|40011D69|Living Liquid|4826|Cascade|1057B8A2|Alex Knightfall|650003|CA360400|147|8000|1B|48268000|0|0|0|0|0|0|0|0|0|0|97285|97285|3958|10000|0|1000|99.56506|96.57422|0|0.2182598|1979489|12889320|10000|10000|0|1000|100.4196|100.328|0|-0.0863359|00008E11|3|4273d8118e6a2dd067b40cd24f5b6303
22|2021-09-26T12:08:28.8770000+01:00|40011D69|Living Liquid|4826|Cascade|1068703B|Tomo Uchuu|650003|BF860400|147|8000|1B|48268000|0|0|0|0|0|0|0|0|0|0|106478|106478|10000|10000|0|1000|100.028|96.43253|0|-0.1612649|1979489|12889320|10000|10000|0|1000|100.4196|100.328|0|-0.0863359|00008E11|4|b042ff78f288a30a2c27e8c01ac122ab
22|2021-09-26T12:08:28.8770000+01:00|40011D69|Living Liquid|4826|Cascade|107401EC|Raesa Velan|650003|CF580400|147|8000|1B|48268000|0|0|0|0|0|0|0|0|0|0|96887|96887|7600|10000|0|1000|99.53455|95.68933|0|-0.423625|1979489|12889320|10000|10000|0|1000|100.4196|100.328|0|-0.0863359|00008E11|5|90654a74168a75afa6a944a22b48e67c
22|2021-09-26T12:08:28.8770000+01:00|40011D69|Living Liquid|4826|Cascade|10675739|Jasy Heavensong|650003|F06A0000|147|8000|1B|48268000|0|0|0|0|0|0|0|0|0|0|94346|97086|8364|10000|0|1000|99.50403|95.323|0|0.0301528|1979489|12889320|10000|10000|0|1000|100.4196|100.328|0|-0.0863359|00008E11|6|25e6b8e775f95c46dfdedf4f9d94383b
22|2021-09-26T12:08:28.8770000+01:00|10752D6C|Volkon Vysk|3F23|Fated Circle|40011D69|Living Liquid|710103|30B00000|0|0|0|0|0|0|0|0|0|0|0|0|0|0|1979489|12889320|10000|10000|0|1000|100.4196|100.328|0|-0.0863359|134339|152511|10000|10000|0|1000|99.35144|103.5934|0|-2.496736|00008E12|0|9e3241698fa4f5267afbae9e88d268ef
22|2021-09-26T12:08:28.8770000+01:00|10752D6C|Volkon Vysk|3F23|Fated Circle|40011DEA|Liquid Hand|710203|27AC0000|0|0|0|0|0|0|0|0|0|0|0|0|0|0|2184576|12889320|10000|10000|0|1000|97.24573|100.7858|0|0.5940468|134339|152511|10000|10000|0|1000|99.35144|103.5934|0|-2.496736|00008E12|1|045af89665d460d643efcac754c9d2b6
21|2021-09-26T12:08:28.8770000+01:00|107ABEEC|Greiyan Fletz|1D46|Hissatsu: Kaiten|107ABEEC|Greiyan Fletz|320F|4CD8000|0|0|0|0|0|0|0|0|0|0|0|0|0|0|106544|106544|10000|10000|0|1000|100.8773|96.54382|0|-0.1232479|106544|106544|10000|10000|0|1000|100.8773|96.54382|0|-0.1232479|00008E13|0|537edac842b433e5c33a0607dbbd5ed6
38|2021-09-26T12:08:28.8770000+01:00|10675739|Jasy Heavensong|00505021|94346|97086|8364|10000|0|0|99.50403|95.323|0|0.0301528|DC3F|30|0|0A0168|41F00000|E0000000|0F016B|41F00000|E0000000|0763|41C378C9|10675739|28FE0030|450DED39|10675739|0|0|0|08A8|406D4FD6|107629AA|078E|40DF5C50|107629AA|0347|0|10675739|013B|4156CCBE|40011E12|012B|3F50A3C0|1057B8A2|0344|4116F1BC|10675739|0351|4091CABE|10675739|03BC|4168E561|10675739||fa0ad4d8588e0ad580c54abb211009ca
30|2021-09-26T12:08:28.8770000+01:00|350|Collective Unconscious|0.00|10675739|Jasy Heavensong|10675739|Jasy Heavensong|F3A|97086|97086||96de057e4c2d76d6bf1edd925946f912
38|2021-09-26T12:08:28.8770000+01:00|107ABEEC|Greiyan Fletz|00505022|106544|106544|10000|10000|0|0|100.8773|96.54382|0|-0.1232479|DC3F|30|0|0720|42700000|1068703B|14016A|41F00000|E0000000|0A0168|41F00000|E0000000|28FE0030|450DF3A9|107ABEEC|075D|400A7F16|10675739|04E4|41571272|107ABEEC|012B|3F45602C|1057B8A2|0839|420EDBE3|1068703B|0737|420EDBE3|1068703B|08A8|406A7EF0|107629AA|0513|411D5498|107ABEEC|0763|41C6AE0A|10675739|078E|40E3A60C|107629AA|013B|4158F19A|40011E12|0344|411D5C39|10675739|0351|4091CABE|10675739|03BC|4168E561|10675739|04CD|C1200000|107ABEEC||000586b21498c66309c6feb09104f906
26|2021-09-26T12:08:28.8770000+01:00|4cd|Kaiten|10.00|107ABEEC|Greiyan Fletz|107ABEEC|Greiyan Fletz|00|106544|106544||bf77020b38edbb49173ba80a549d1025
37|2021-09-26T12:08:28.9200000+01:00|40011D69|Living Liquid|00008E10|1967780|12889320|10000|10000|0||100.4196|100.328|0|-0.0863359|0|0|0|01|07A7|0|41F00000|1057B8A2||1f59171e390ad15a979c41c706b7b281
26|2021-09-26T12:08:28.9200000+01:00|767|Biolysis|30.00|1057B8A2|Alex Knightfall|40011D69|Living Liquid|00|12889320|97285||7f42e76e2e1a16ed9c9ac0eb7b8f9b65
37|2021-09-26T12:08:28.9650000+01:00|107ABEEC|Greiyan Fletz|00008E08|106544|106544|10000|10000|10||100.8773|96.54382|0|-0.1232479|2204|0|0|02|1100050D|0|C1200000|107ABEEC|120027A9|0|41F00000|1057B8A2||85192ed760a6a34514386ddd3fa7fad4
26|2021-09-26T12:08:28.9650000+01:00|129|Galvanize|30.00|1057B8A2|Alex Knightfall|107ABEEC|Greiyan Fletz|00|106544|97285||899f2a5b91d4385d3797eb41a8c28126
37|2021-09-26T12:08:28.9650000+01:00|40011D69|Living Liquid|00008E0D|1953704|12889320|10000|10000|0||100.4196|100.328|0|-0.0863359||4a0d3e4457d1e86d8ee5c82ff6b00101
37|2021-09-26T12:08:28.9650000+01:00|107ABEEC|Greiyan Fletz|00008E0D|106544|106544|10000|10000|10||100.8773|96.54382|0|-0.1232479|2200|0|0|01|1100050D|0|C1200000|107ABEEC||b0bfb32918512a050320f17737492e4f
39|2021-09-26T12:08:28.9650000+01:00|10675739|Jasy Heavensong|95316|97086|8628|10000|0|0|99.50403|95.323|0|0.0301528||f5de0217885d3510d328cd0e982f9300
39|2021-09-26T12:08:28.9650000+01:00|10752D6C|Volkon Vysk|135864|152511|10000|10000|0|0|99.35144|103.5934|0|-2.496736||637ad7edbc6540848bf202bfaa8eb09d
38|2021-09-26T12:08:28.9650000+01:00|107ABEEC|Greiyan Fletz|00505022|106544|106544|10000|10000|10|0|100.8773|96.54382|0|-0.1232479|948D|31|0|0720|42700000|1068703B|14016A|41F00000|E0000000|0A0168|41F00000|E0000000|28FE0030|450DF23D|107ABEEC|075D|4004CCE9|10675739|04E4|4155A5E7|107ABEEC|012B|3F2E9777|1057B8A2|0839|420E80C1|1068703B|0737|420E80C1|1068703B|08A8|4064CCC3|107629AA|0513|411BE80D|107ABEEC|0763|41C5F7C4|10675739|078E|40E0CCF5|107629AA|013B|4157850F|40011E12|0344|411BEFAE|10675739|0351|408EF1A7|10675739|03BC|416778D6|10675739|04CD|C1200000|107ABEEC|0129|41EFA3D7|1057B8A2||fc1b99e75bbd62aca6d7db60132057f6
24|2021-09-26T12:08:29.0100000+01:00|40011D69|Living Liquid|DoT|0|5A42|1953704|12889320|10000|10000|0|1000|100.4196|100.328|0|-0.0863359||d0990b11fabdf0ad40c7414c3aa494a2
36|2021-09-26T12:08:29.0100000+01:00|1CFC|3|8663f4ea96e0d9ed374fc1c9b084b94a
38|2021-09-26T12:08:29.0100000+01:00|107401EC|Raesa Velan|00505019|96887|96887|7600|10000|12|0|99.53455|95.68933|0|-0.423625|948D|31|0|0A016D|41F00000|E0000000|0A0168|41F00000|E0000000|29020030|4591AF56|107401EC|0763|41C37AD5|10675739|08A8|4061FBDE|107629AA|078E|40D6D10B|107629AA|013B|41528B36|40011E12|0344|4116F5D5|10675739|A4|41900000|107401EC|012B|3F2353E2|1057B8A2|0351|408D8934|10675739|03BC|4166C49D|10675739|0129|41EE3957|1057B8A2||c50c1d14654fa867ba0670ae1b092afb
26|2021-09-26T12:08:29.0100000+01:00|a4|Thundercloud|18.00|107401EC|Raesa Velan|107401EC|Raesa Velan|00|96887|96887||ad3bdae54d5f4b47ad2b4e1b465e7580
38|2021-09-26T12:08:29.0100000+01:00|40011D69|Living Liquid|00505000|1930598|12889320|10000|10000|0|0|100.4196|100.328|0|-0.0863359|948D|31|0|0767|41EEEF9D|1057B8A2|2804B0|418E4BA6|107629AA|0|0|0|2804B1|418E4BA6|107629AA|0A00A3|41604DB0|107401EC|04CC|3E3D3297|107ABEEC|072E|40A64DEB|10752D6C|04B3|3F46E93E|107401EC||243bd81f490af9039ca25d95533835f3
37|2021-09-26T12:08:29.0990000+01:00|10675739|Jasy Heavensong|00008E08|97086|97086|8628|10000|11||99.50403|95.323|0|0.05898131|2105|0|0|01|04000169|0|41F00000|1057B8A2||09758e12e53076593846b486d3d40165
26|2021-09-26T12:08:29.0990000+01:00|129|Galvanize|30.00|1057B8A2|Alex Knightfall|10675739|Jasy Heavensong|00|97086|97285||6460871ffb1effe9a073258ac206407b
25|2021-09-26T12:08:29.0990000+01:00|1075A2E4|Niru Summers|40011DEA|Liquid Hand||ce660c5cbec91506d50b4a2ddeb3a0f0
39|2021-09-26T12:08:29.0990000+01:00|107629AA|Joeson Lmoa|106059|106059|10000|10000|0|0|99.93127|96.97283|-0.0008904782|0.0793284||6fcb2d6d479c52acb8b638375849e268
38|2021-09-26T12:08:29.0990000+01:00|10675739|Jasy Heavensong|00505021|97086|97086|8628|10000|11|0|99.50403|95.323|0|0.05898131|948D|31|0|0A0168|41F00000|E0000000|0F016B|41F00000|E0000000|0763|41C1B014|10675739|28FE0030|450DE9A9|10675739|0129|41EFA5E3|1057B8A2|08A8|405F0A35|107629AA|078E|40D8397E|107629AA|0347|0|10675739|013B|41533B57|40011E12|012B|3F178D38|1057B8A2|0344|41136055|10675739|0351|408AA7EC|10675739|03BC|416553FA|10675739||3c168b3c5b8f7ce7cec81eed385460ae
21|2021-09-26T12:08:29.1440000+01:00|107629AA|Joeson Lmoa|08|Shot|40011D69|Living Liquid|720003|FC00000|0|0|0|0|0|0|0|0|0|0|0|0|0|0|1930598|12889320|10000|10000|0|1000|100.4196|100.328|0|-0.0863359|106059|106059|10000|10000|0|1000|99.93127|97.00159|0|0.3082379|00008E14|0|e84ba764c56e723b1b093303deb92a47
39|2021-09-26T12:08:29.1880000+01:00|1057B8A2|Alex Knightfall|97285|97285|4204|10000|0|0|99.56506|96.57422|0|0.2182598||8c5a5c9bd354f9637509be509ccb1c00
37|2021-09-26T12:08:29.2330000+01:00|10752D6C|Volkon Vysk|00008E08|150356|152511|10000|10000|11||99.35144|103.5934|0|-2.622483|2506|0|0|01|06000169|0|41F00000|1057B8A2||192cf2c50bd8ed99ab50b2b3711e3ef4
26|2021-09-26T12:08:29.2330000+01:00|129|Galvanize|30.00|1057B8A2|Alex Knightfall|10752D6C|Volkon Vysk|00|152511|97285||cba603d5521520f95aa6c7ddd91d6a18
39|2021-09-26T12:08:29.2330000+01:00|107401EC|Raesa Velan|96887|96887|7600|10000|0|0|99.53455|95.68933|0|-0.423625||086adefc4b480bede9e2d28df2da9448
38|2021-09-26T12:08:29.2330000+01:00|40011D69|Living Liquid|00505000|1930598|12889320|10000|10000|0|0|100.4196|100.328|0|-0.0863359|948D|31|0|0767|41ED24DC|1057B8A2|2804B0|418C80E5|107629AA|0|0|0|2804B1|418C80E5|107629AA|0A00A3|415CB830|107401EC|0|0|0|072E|409F22E8|10752D6C|04B3|3F0D912C|107401EC||00af37efce9394062346ce580aff6530
30|2021-09-26T12:08:29.2330000+01:00|4cc|Higanbana|0.00|107ABEEC|Greiyan Fletz|40011D69|Living Liquid|00|12889320|106544||2d75f2a21e73b116c08b5e030e50f2ec
38|2021-09-26T12:08:29.2330000+01:00|10752D6C|Volkon Vysk|00505025|150356|152511|10000|10000|11|0|99.35144|103.5934|0|-2.622483|948D|31|0|14016A|41F00000|E0000000|0A0168|41F00000|E0000000|28FD0030|450F3766|10752D6C|072A|3FBF3B9C|10752D6C|08A8|405676C0|107629AA|012B|3EEA7EC8|1057B8A2|0129|41EFA3D7|1057B8A2|0763|41C70826|10675739|0|0|0|0343|40A7B662|10675739|0344|411E1072|10675739|072B|4119F7D7|10752D6C|078E|40DC833A|107629AA|013B|41556032|40011E12|0|0|0|0729|0|10752D6C||9eff6e4f0955a26a27db610ef65b6012
21|2021-09-26T12:08:29.3660000+01:00|1057B8A2|Alex Knightfall|1D89|Swiftcast|1057B8A2|Alex Knightfall|E|A70000|0|0|0|0|0|0|0|0|0|0|0|0|0|0|97285|97285|4204|10000|0|1000|99.56506|96.57422|0|0.2182598|97285|97285|4204|10000|0|1000|99.56506|96.57422|0|0.2182598|00008E15|0|0f296a4cd64d07b5d67f073ad522ae70
21|2021-09-26T12:08:29.3660000+01:00|1068703B|Tomo Uchuu|3E75|Cascade|40011D69|Living Liquid|720303|5B2C0000|1B|3E758000|0|0|0|0|0|0|0|0|0|0|0|0|1930598|12889320|10000|10000|0|1000|100.4196|100.328|0|-0.0863359|106478|106478|10000|10000|0|1000|100.028|96.43253|0|-0.1738315|00008E16|0|fd973bb059d37a9e5b5c894c52087795
38|2021-09-26T12:08:29.3660000+01:00|1057B8A2|Alex Knightfall|0050501C|97285|97285|4204|10000|12|0|99.56506|96.57422|0|0.2182598|948D|31|0|0A016D|41F00000|E0000000|1E016C|41F00000|E0000000|28FE0030|44D39FC9|1057B8A2|0763|41C3D4F3|10675739|078E|40C2E99D|107629AA|04B4|3F00C3D7|1057B8A2|0344|4117AA0D|10675739|08A8|404E0410|107629AA|0317|41D32AF8|1057B8A2|0129|41E82D0C|1057B8A2|012B|3E90621E|1057B8A2|013B|41466E8C|40011E12|030130|0|1057B8A2|0351|408224D8|10675739|03BC|41611271|10675739|A7|C1200000|1057B8A2||adc2eae67238419f7ab53d14240a8730
26|2021-09-26T12:08:29.3660000+01:00|a7|Swiftcast|10.00|1057B8A2|Alex Knightfall|1057B8A2|Alex Knightfall|00|97285|97285||90bf44d24e12fa23193b93657ae94f1e
37|2021-09-26T12:08:29.4090000+01:00|40011D69|Living Liquid|00008E12|1918134|12889320|10000|10000|0||100.4196|100.328|0|-0.0863359||406da96fb341f5bff37e6f659abe94b5
37|2021-09-26T12:08:29.4980000+01:00|1057B8A2|Alex Knightfall|00008E15|97285|97285|4204|10000|12||99.56506|96.57422|0|0.2182598|1C00|0|0|01|0F0000E7|0|41200000|1057B8A2||dcfbb7e3b0bbc602490d7cbd090f6316
38|2021-09-26T12:08:29.4980000+01:00|1057B8A2|Alex Knightfall|0050501C|97285|97285|4204|10000|12|0|99.56506|96.57422|0|0.2182598|DE54|30|0|0A016D|41F00000|E0000000|1E016C|41F00000|E0000000|28FE0030|44D39B88|1057B8A2|0763|41C2C490|10675739|078E|40BEA813|107629AA|04B4|3EBD6F1B|1057B8A2|0344|41158949|10675739|08A8|404580FE|107629AA|0317|41D21A95|1057B8A2|0129|41E71CA9|1057B8A2|012B|3E189315|1057B8A2|013B|41444DC8|40011E12|030130|0|1057B8A2|0351|407BC69D|10675739|03BC|415EF1AD|10675739|A7|411F4BC7|1057B8A2||9c6193c981962ac4709fedd21d9850f1
37|2021-09-26T12:08:29.5430000+01:00|40011DEA|Liquid Hand|00008E12|2174420|12889320|10000|10000|0||97.24573|100.7858|0|0.6462471|01|0|0|0||51c1346ffe60cc32bb0a4a9ceb0f38a2
37|2021-09-26T12:08:29.5430000+01:00|107ABEEC|Greiyan Fletz|00008E13|106544|106544|10000|10000|10||100.8773|96.54382|0|-0.1233437|2200|0|0|01|1100050D|0|41200000|107ABEEC||7a66e26f8df1def535b92bb5be6e00d1
24|2021-09-26T12:08:29.5430000+01:00|40011DEA|Liquid Hand|DoT|0|401C|2184576|12889320|10000|10000|0|1000|97.24573|100.7858|0|0.6462471||05995863d3f666429f153eab2ab1d224
38|2021-09-26T12:08:29.5430000+01:00|107ABEEC|Greiyan Fletz|00505022|106544|106544|10000|10000|10|0|100.8773|96.54382|0|-0.1233437|DE54|30|0|0720|42700000|1068703B|14016A|41F00000|E0000000|0A0168|41F00000|E0000000|28FE0030|450DE905|107ABEEC|075D|3FBFBEB0|10675739|04E4|414C6A85|107ABEEC|012B|3DD7097E|1057B8A2|0839|420C31EC|1068703B|0737|420C31EC|1068703B|08A8|403FDF33|107629AA|0513|4112ACAB|107ABEEC|0763|41C15A10|10675739|078E|40CE5629|107629AA|013B|414E49AD|40011E12|0344|4112B44C|10675739|0351|4078F5B8|10675739|03BC|415E3D74|10675739|04CD|411F4BC7|107ABEEC|0129|41EB0623|1057B8A2||ecdef4de069d361c131e223de4c49e7b
26|2021-09-26T12:08:29.5430000+01:00|720|Dance Partner|60.00|1068703B|Tomo Uchuu|107ABEEC|Greiyan Fletz|00|106544|106478||f7f46f0ea1d1c0debefa6b43462b7fa0
38|2021-09-26T12:08:29.5430000+01:00|40011DEA|Liquid Hand|00505000|2158008|12889320|10000|10000|0|0|97.24573|100.7858|0|0.6462471|DE54|30|0|0A00A3|3FEDB132|107401EC|072E|4090FE08|10752D6C|0|0|0|2804B1|419A7295|107629AA|0|0|0|2804B0|419A7295|107629AA|0759|4101435F|10675739|072D|4145B607|10752D6C||3ec4c6c328ba321a4a0049ed08209edd
21|2021-09-26T12:08:29.6320000+01:00|107629AA|Joeson Lmoa|6E|Bloodletter|40011D69|Living Liquid|720103|2CCD0000|0|0|0|0|0|0|0|0|0|0|0|0|0|0|1918134|12889320|10000|10000|0|1000|100.4196|100.328|0|-0.0863359|106059|106059|10000|10000|0|1000|99.93127|96.74255|-0.0012364|2.504466|00008E17|0|a16479f45d4b4932e031ee8b6c8519e6
38|2021-09-26T12:08:29.6760000+01:00|107401EC|Raesa Velan|00505019|96887|96887|7600|10000|12|0|99.53455|95.68933|0|-0.423625|D7F7|30|0|0A016D|41F00000|E0000000|0A0168|41F00000|E0000000|29020030|4591AA04|107401EC|0763|41BE26DC|10675739|08A8|40375C20|107629AA|078E|40C18128|107629AA|013B|4147E348|40011E12|0344|410C4DE7|10675739|A4|418AAC07|107401EC|0|0|0|0351|407072A5|10675739|03BC|415C1CAF|10675739|0129|41E8E55E|1057B8A2||288c4e71055282c59002f3c8e564e2fd
30|2021-09-26T12:08:29.6760000+01:00|12b|Sacred Soil|0.00|1057B8A2|Alex Knightfall|107401EC|Raesa Velan|00|96887|97285||8d61dfa50d09315ded53706a4071091d
38|2021-09-26T12:08:29.6760000+01:00|1057B8A2|Alex Knightfall|0050501C|97285|97285|4204|10000|12|0|99.56506|96.57422|0|0.2182598|D7F7|30|0|0A016D|41F00000|E0000000|1E016C|41F00000|E0000000|28FE0030|44D395DE|1057B8A2|0763|41C15A11|10675739|078E|40B8FE16|107629AA|04B4|3E459EB8|1057B8A2|0344|4112B44B|10675739|08A8|403A2D06|107629AA|0317|41D0B016|1057B8A2|0129|41E5B22A|1057B8A2|0|0|0|013B|414178CA|40011E12|030130|0|1057B8A2|0351|407072A5|10675739|03BC|415C1CAF|10675739|A7|411C76C9|1057B8A2||3246d7df4d04ebd6d1e1fd0152ebb992
30|2021-09-26T12:08:29.6760000+01:00|12b|Sacred Soil|0.00|1057B8A2|Alex Knightfall|1057B8A2|Alex Knightfall|00|97285|97285||10e46f69caef4e36b2f0d31761796f8a
38|2021-09-26T12:08:29.6760000+01:00|107629AA|Joeson Lmoa|00505017|106059|106059|10000|10000|10|0|99.93127|96.74255|-0.0012364|2.504466|D7F7|30|0|0A016D|41F00000|E0000000|0A0168|41F00000|E0000000|28FE0030|450DE405|107629AA|0763|41C26A73|10675739|0|0|0|078E|40B4B45C|107629AA|013B|413F5803|40011E12|7D|41434BC2|107629AA|078C|4026E970|107629AA|0344|4114D50F|10675739|0351|407072A5|10675739|03BC|415C1CAF|10675739|0129|41E7D708|1057B8A2||30a9ae744a694f82471f8b32f6b61b63
30|2021-09-26T12:08:29.6760000+01:00|12b|Sacred Soil|0.00|1057B8A2|Alex Knightfall|107629AA|Joeson Lmoa|00|106059|97285||44c8f17343ad2ae6701c76f4dd3f1ca7
38|2021-09-26T12:08:29.6760000+01:00|107ABEEC|Greiyan Fletz|00505022|106544|106544|10000|10000|10|0|100.8773|96.54382|0|-0.1233437|D7F7|30|0|0720|42700000|1068703B|14016A|41F00000|E0000000|0A0168|41F00000|E0000000|28FE0030|450DE6E5|107ABEEC|075D|3FAEB88C|10675739|04E4|414A49C0|107ABEEC|0|0|0|0839|420BA9BC|1068703B|0737|420BA9BC|1068703B|08A8|40375C20|107629AA|0513|41108BE6|107ABEEC|0763|41C049AE|10675739|078E|40CA149F|107629AA|013B|414C28E8|40011E12|0344|41109387|10675739|0351|407072A5|10675739|03BC|415C1CAF|10675739|04CD|411D2B02|107ABEEC|0129|41E9F5C1|1057B8A2||db159e8189542c913004d4e41d9182b2
30|2021-09-26T12:08:29.6760000+01:00|12b|Sacred Soil|0.00|1057B8A2|Alex Knightfall|107ABEEC|Greiyan Fletz|00|106544|97285||3fcf196b442dc05b53fc8ca44f613f29
38|2021-09-26T12:08:29.7210000+01:00|10675739|Jasy Heavensong|00505021|97086|97086|8628|10000|11|0|99.50403|95.323|0|0.1778004|D7F7|30|0|0A0168|41F00000|E0000000|0F016B|41F00000|E0000000|0763|41BCB844|10675739|28FE0030|450DDFBD|10675739|0129|41EAAE13|1057B8A2|08A8|40374BBE|107629AA|078E|40C45A3F|107629AA|0347|0|10675739|013B|41494BBA|40011E12|0|0|0|0344|410970B8|10675739|0351|406D915D|10675739|03BC|415B645D|10675739||f3abe27d637c456b0c76ec1e51cdfaf9
30|2021-09-26T12:08:29.7210000+01:00|12b|Sacred Soil|0.00|1057B8A2|Alex Knightfall|10675739|Jasy Heavensong|00|97086|97285||9b5f6c00aaf674f4abeb93ee68fa2b91
38|2021-09-26T12:08:29.7210000+01:00|1068703B|Tomo Uchuu|00505026|106478|106478|10000|10000|17|0|100.028|96.43253|0|-0.178021|D7F7|30|0|14016A|41F00000|E0000000|0A0168|41F00000|E0000000|071F|42700000|1068703B|28FE0030|450E8BFA|1068703B|0763|41BEDF2E|10675739|08A8|40374BBE|107629AA|0|0|0|071D|420B7BA8|1068703B|0737|420B7BA8|1068703B|078E|40BBCEFC|107629AA|013B|4142E554|40011E12|0351|406D915D|10675739|0344|410DBE8A|10675739|03BC|415B645D|10675739|0129|41E66870|1057B8A2||db5a75d162ab1b7d47df203c8ef43cc2
26|2021-09-26T12:08:29.7210000+01:00|71f|Closed Position|60.00|1068703B|Tomo Uchuu|1068703B|Tomo Uchuu|00|106478|106478||55e01b6101219f975fa495f3055b7f7a
30|2021-09-26T12:08:29.7210000+01:00|12b|Sacred Soil|0.00|1057B8A2|Alex Knightfall|1068703B|Tomo Uchuu|00|106478|97285||0880def02786d96ba7654dbdb6393f1d
38|2021-09-26T12:08:29.7210000+01:00|10752D6C|Volkon Vysk|00505025|150356|152511|10000|10000|11|0|99.35144|103.5934|0|3.119936|D7F7|30|0|14016A|41F00000|E0000000|0A0168|41F00000|E0000000|28FD0030|450F2F9E|10752D6C|072A|3F80E599|10752D6C|08A8|40374BBE|107629AA|0|0|0|0129|41EBBE76|1057B8A2|0763|41C322C5|10675739|0|0|0|0343|409820DE|10675739|0344|411645B2|10675739|072B|41122D17|10752D6C|078E|40CCEDB6|107629AA|013B|414D9572|40011E12|0|0|0|0729|0|10752D6C||d7bd48b0eb29dcb5caa4b43f8ec923c3
30|2021-09-26T12:08:29.7210000+01:00|12b|Sacred Soil|0.00|1057B8A2|Alex Knightfall|10752D6C|Volkon Vysk|00|152511|97285||3c032e0bfeb968bf50775a7064cc3088
21|2021-09-26T12:08:29.7660000+01:00|10675739|Jasy Heavensong|40AB|Malefic IV|40011D69|Living Liquid|750003|3C190000|1B|40AB8000|0|0|0|0|0|0|0|0|0|0|0|0|1918134|12889320|10000|10000|0|1000|100.4196|100.328|0|-0.0863359|97086|97086|8628|10000|0|1000|99.50403|95.323|0|0.1778004|00008E18|0|41075923a393812e48f2f229251eb146
38|2021-09-26T12:08:29.8100000+01:00|40011D69|Living Liquid|00505000|1918134|12889320|10000|10000|0|0|100.4196|100.328|0|-0.0863359|D7F7|30|0|0767|41E88729|1057B8A2|2804B0|4187E332|107629AA|0|0|0|2804B1|4187E332|107629AA|0A00A3|41537CCC|107401EC|0|0|0|072E|408CAC1C|10752D6C||09207d61bc56cb0be47f78b677bfb365
30|2021-09-26T12:08:29.8100000+01:00|4b3|Addle|0.00|107401EC|Raesa Velan|40011D69|Living Liquid|00|12889320|96887||2204564ad753413f4023f5de24494890
37|2021-09-26T12:08:29.9000000+01:00|40011D69|Living Liquid|00008E14|1914102|12889320|10000|10000|0||100.4196|100.328|0|-0.0863359||7659a0d3af2b24fae4d363f66f9e1387
38|2021-09-26T12:08:29.9000000+01:00|1057B8A2|Alex Knightfall|0050501C|97285|97285|4204|10000|12|0|99.56506|96.57422|0|0.2182598|D7F7|30|0|0A016D|41F00000|E0000000|1E016C|41F00000|E0000000|28FE0030|44D38EB2|1057B8A2|0763|41BF8F50|10675739|078E|40B1D313|107629AA|0|0|0|0344|410F1ECA|10675739|08A8|402BD701|107629AA|0317|41CEE555|1057B8A2|0129|41E3E769|1057B8A2|0|0|0|013B|413DE349|40011E12|030130|0|1057B8A2|0351|40621CA0|10675739|03BC|4158872E|10675739|A7|4118E148|1057B8A2||d5a3bcc31a41a42a4a52eabef0f4fd59
30|2021-09-26T12:08:29.9000000+01:00|4b4|Lucid Dreaming|0.00|1057B8A2|Alex Knightfall|1057B8A2|Alex Knightfall|00|97285|97285||ebc3a2903bcb629dceed113289d25508
21|2021-09-26T12:08:29.9440000+01:00|1068703B|Tomo Uchuu|07|Attack|40011D69|Living Liquid|720003|11B50000|0|0|0|0|0|0|0|0|0|0|0|0|0|0|1914102|12889320|10000|10000|0|1000|100.4196|100.328|0|-0.0863359|106478|106478|10000|10000|0|1000|100.028|96.43253|0|-0.178021|00008E19|0|915edabb0402c202ee89953dd5684c2f
37|2021-09-26T12:08:30.0330000+01:00|107629AA|Joeson Lmoa|00008E11|50228|106059|10000|10000|0||99.93127|96.54901|-0.005868881|0.2113276|1700|0|0|01|0C000040|0|0|E0000000||e2c226db4c3b663260f1fbe3d97479d9
38|2021-09-26T12:08:30.0330000+01:00|107629AA|Joeson Lmoa|00505017|50228|106059|10000|10000|0|0|99.93127|96.54901|-0.005868881|0.2113276|D7F7|30|0|0A016D|41F00000|E0000000|0A0168|41F00000|E0000000|28FE0030|450DDE4D|107629AA|0763|41BF8D44|10675739|0|0|0|078E|40A93F9E|107629AA|013B|41399DA5|40011E12|7D|413D9164|107629AA|078C|400FFFF6|107629AA|0344|410F1AB1|10675739|0351|4059892B|10675739|03BC|41566251|10675739||91436ed3eca17c56375c0358bb8459f9
30|2021-09-26T12:08:30.0330000+01:00|129|Galvanize|0.00|1057B8A2|Alex Knightfall|107629AA|Joeson Lmoa|00|106059|97285||7fa960e0eac30da999d15920f87d57ad
37|2021-09-26T12:08:30.0780000+01:00|10752D6C|Volkon Vysk|00008E11|118962|152511|10000|10000|11||99.35144|103.5934|0|2.970732|2501|0|0|0||e8ce8c4f6a98379e41328236e97ffc86
37|2021-09-26T12:08:30.1220000+01:00|107ABEEC|Greiyan Fletz|00008E11|37983|106544|10000|10000|10||100.8773|96.54382|0|-0.1233437|2202|0|0|0||9f600185d69fa6e47b16660c8295f2db
31|2021-09-26T12:08:30.1220000+01:00|1068703B|500326|00|00|00|cc67d1bf9768f849fa99f7d40c0a6ecd
37|2021-09-26T12:08:30.1670000+01:00|40011D69|Living Liquid|00008E16|1890762|12889320|10000|10000|0||100.4196|100.328|0|-0.0863359||59283105e802b6dabd76e40e543d029c
37|2021-09-26T12:08:30.1670000+01:00|1057B8A2|Alex Knightfall|00008E11|45519|97285|4204|10000|0||99.56506|96.57422|0|0.2182598|1C03|0|0|01|09000040|0|0|E0000000||c964c8352d59908262070c8920d600b9
21|2021-09-26T12:08:30.1670000+01:00|40011DEA|Liquid Hand|4979|Unknown_4979|10752D6C|Volkon Vysk|F1730006|78E0400|0|0|0|0|0|0|0|0|0|0|0|0|0|0|118962|152511|10000|10000|0|1000|99.35144|103.5934|0|2.969104|2158008|12889320|10000|10000|0|1000|97.24573|100.7858|0|0.6462471|00008E1A|0|33f6ea7d49049fa24698eb7bb7aecd6b
38|2021-09-26T12:08:30.1670000+01:00|1057B8A2|Alex Knightfall|0050501C|45519|97285|4204|10000|0|0|99.56506|96.57422|0|0.2182598|0|0|0|0A016D|41F00000|E0000000|1E016C|41F00000|E0000000|28FE0030|44D38627|1057B8A2|0763|41BD6C7F|10675739|078E|40A947CE|107629AA|0|0|0|0344|410AD929|10675739|08A8|401AC07A|107629AA|0317|41CCC284|1057B8A2|0|0|0|0|0|0|013B|41399DA8|40011E12|030130|0|1057B8A2|0351|40510619|10675739|03BC|4154418D|10675739|A7|41149BA7|1057B8A2||c408ba153ff1e7e1317260801de2e4dc
30|2021-09-26T12:08:30.1670000+01:00|129|Galvanize|0.00|1057B8A2|Alex Knightfall|1057B8A2|Alex Knightfall|00|97285|97285||f25891299738572dec70041b3c3a21ba
37|2021-09-26T12:08:30.2100000+01:00|1068703B|Tomo Uchuu|00008E11|57448|106478|10000|10000|0||100.028|96.43253|0|-0.1759267|2604|0|0|01|0E000040|0|0|E0000000||bff99bd486f8b8f3827763e26bc8b226
38|2021-09-26T12:08:30.2100000+01:00|1068703B|Tomo Uchuu|00505026|57448|106478|10000|10000|0|0|100.028|96.43253|0|-0.1759267|0|0|0|14016A|41F00000|E0000000|0A0168|41F00000|E0000000|071F|42700000|1068703B|28FE0030|450E8426|1068703B|0763|41BAF3A8|10675739|08A8|4017EF95|107629AA|0|0|0|071D|420985E9|1068703B|0737|420985E9|1068703B|078E|40AC20E5|107629AA|013B|413B0E4B|40011E12|0351|404E3534|10675739|0344|4105E781|10675739|03BC|41538D54|10675739||546ec75c36cf486549e865c013cdc39f
30|2021-09-26T12:08:30.2100000+01:00|129|Galvanize|0.00|1057B8A2|Alex Knightfall|1068703B|Tomo Uchuu|00|106478|97285||64e90c1820947c43f7f0fd562d13e978
37|2021-09-26T12:08:30.2560000+01:00|107401EC|Raesa Velan|00008E11|43807|96887|7600|10000|0||99.53455|95.68933|0|-0.423625|1905|0|0|01|0C000040|0|0|E0000000||fdf7eb559b00ee125392c6a86fc5f3cd
38|2021-09-26T12:08:30.2560000+01:00|107401EC|Raesa Velan|00505019|43807|96887|7600|10000|0|0|99.53455|95.68933|0|-0.423625|0|0|0|0A016D|41F00000|E0000000|0A0168|41F00000|E0000000|29020030|4591A560|107401EC|0763|41B980F8|10675739|08A8|40122D05|107629AA|078E|40AEE998|107629AA|013B|413E9783|40011E12|0344|41030222|10675739|A4|41860623|107401EC|0|0|0|0351|404B438A|10675739|03BC|4152D0EA|10675739||61591d4cca3d841ba7a32f205c2519d0
30|2021-09-26T12:08:30.2560000+01:00|129|Galvanize|0.00|1057B8A2|Alex Knightfall|107401EC|Raesa Velan|00|96887|97285||685e1cbea5c67c88157487621379015d
37|2021-09-26T12:08:30.3000000+01:00|10675739|Jasy Heavensong|00008E11|35540|97086|8228|10000|11||99.50403|95.323|0|0.1778004|2106|0|0|0||a7dfa0ce62a556b177c0cd68d47aa428
20|2021-09-26T12:08:30.3000000+01:00|107ABEEC|Greiyan Fletz|1D41|Higanbana|40011D69|Living Liquid|1.30|100.8773|96.54382|0|-0.1233437||1f262737665cd8f1d76af7c2f2716c9e
21|2021-09-26T12:08:30.3880000+01:00|107401EC|Raesa Velan|DF9|Fire IV|40011DEA|Liquid Hand|150003|95810000|1B|DF98000|0|0|0|0|0|0|0|0|0|0|0|0|2158008|12889320|10000|10000|0|1000|97.24573|100.7858|0|0.6462471|43807|96887|7600|10000|0|1000|99.53455|95.68933|0|-0.423625|00008E1B|0|4bcc6dcc091750b3cf0ed8f28414017c
24|2021-09-26T12:08:30.4330000+01:00|10675739|Jasy Heavensong|HoT|0|2EE8|35540|97086|8228|10000|0|1000|99.50403|95.323|0|0.1778004||a180f3688db74e041cdc8fe99a68aca8
24|2021-09-26T12:08:30.4330000+01:00|10752D6C|Volkon Vysk|HoT|0|54CF|118962|152511|10000|10000|0|1000|99.35144|103.5934|0|3.032492||7c26378f3c354848643d6f462d3fc64d
38|2021-09-26T12:08:30.4330000+01:00|10675739|Jasy Heavensong|00505021|47548|97086|8228|10000|11|0|99.50403|95.323|0|0.1778004|0|0|0|0A0168|41F00000|E0000000|0F016B|41F00000|E0000000|0763|41B7040A|10675739|28FE0030|450DD459|10675739|0129|41E4F9D9|1057B8A2|08A8|4009A9F3|107629AA|078E|40AD8956|107629AA|0347|0|10675739|013B|413DE349|40011E12|0|0|0|0344|40FC108D|10675739|0351|403FEF92|10675739|03BC|414FFBEC|10675739||305aa7d946a7345a243d15e5e1040029
38|2021-09-26T12:08:30.4330000+01:00|10752D6C|Volkon Vysk|00505025|140673|152511|10000|10000|11|0|99.35144|103.5934|0|3.032492|0|0|0|14016A|41F00000|E0000000|0A0168|41F00000|E0000000|28FD0030|450F243A|10752D6C|072A|3E96880A|10752D6C|08A8|4009A9F3|107629AA|0|0|0|0129|41E60A3C|1057B8A2|0763|41BD6E8B|10675739|0|0|0|0343|40814FF5|10675739|0344|410ADD41|10675739|072B|4106C4A6|10752D6C|078E|40B61CCD|107629AA|013B|41422D01|40011E12|0|0|0|0729|0|10752D6C||2a127fb765e4b899fc395b1dac733c3b
03|2021-09-26T12:08:30.0650000+01:00|40011e44|Liquid Rage|0|50|0|0||9213|11337|11919920|11919920|10000|10000|0|0|100|115|0|-4.792213E-05||d706f6f039ddadee1a87f2e73aa7eab1
03|2021-09-26T12:08:30.0650000+01:00|40011e46|Liquid Rage|0|50|0|0||9213|11337|11919920|11919920|10000|10000|0|0|115|100|0|-4.792213E-05||d1da48bcef1ada0207c89d8897419c10
03|2021-09-26T12:08:30.0650000+01:00|40011e45|Liquid Rage|0|50|0|0||9213|11337|11919920|11919920|10000|10000|0|0|85|100|0|-4.792213E-05||f0ff025caa155e4286816762172b1379
37|2021-09-26T12:08:30.4780000+01:00|40011D69|Living Liquid|00008E19|1886229|12889320|10000|10000|0||100.4196|100.328|0|-0.0863359||d382686da6e88a78c1cf998ed34645b5
24|2021-09-26T12:08:30.5220000+01:00|1068703B|Tomo Uchuu|HoT|0|3928|57448|106478|10000|10000|0|1000|100.028|96.43253|0|-0.08377314||a679bc726be09a4826478270b08c113a
38|2021-09-26T12:08:30.5220000+01:00|1068703B|Tomo Uchuu|00505026|72080|106478|10000|10000|0|0|100.028|96.43253|0|-0.08377314|0|0|0|14016A|41F00000|E0000000|0A0168|41F00000|E0000000|071F|42700000|1068703B|28FE0030|450E7F2A|1068703B|0763|41B874AE|10675739|08A8|4003F7C6|107629AA|0|0|0|071D|4208466E|1068703B|0737|4208466E|1068703B|078E|40A224FC|107629AA|013B|41361058|40011E12|0351|403A3D65|10675739|0344|4100E98E|10675739|03BC|414E8F61|10675739||307d7f456ca43734cee2af93b2cfe10f
24|2021-09-26T12:08:30.6120000+01:00|107629AA|Joeson Lmoa|HoT|0|2EB8|62188|106059|10000|10000|0|1000|99.90756|96.87768|-0.002199137|0.04333666||2253f50d52cb09880715923dcc9a0c9b
24|2021-09-26T12:08:30.6120000+01:00|107ABEEC|Greiyan Fletz|HoT|0|3059|50360|106544|10000|10000|0|1000|100.8773|96.54382|0|-0.1233437||fa7eb3fea518229a7384bda246027f88
38|2021-09-26T12:08:30.6120000+01:00|107401EC|Raesa Velan|00505019|43807|96887|6000|10000|0|0|99.53455|95.68933|0|-0.423625|0|0|0|0A016D|41F00000|E0000000|0A0168|41F00000|E0000000|29020030|4591A28A|107401EC|0763|41B6A9ED|10675739|08A8|40A00000|107629AA|078E|40A38D6D|107629AA|013B|4138E96F|40011E12|0344|40FAA81A|10675739|A4|41832F18|107401EC|0|0|0|0351|40348B38|10675739|03BC|414D22D6|10675739||95312f2dde1ac1e566990ecb4431b510
26|2021-09-26T12:08:30.6120000+01:00|8a8|The Wanderer's Minuet|5.00|107629AA|Joeson Lmoa|107401EC|Raesa Velan|00|96887|106059||fc60c4b1c13dd3324a7337b07afb4574
38|2021-09-26T12:08:30.6120000+01:00|1057B8A2|Alex Knightfall|0050501C|45519|97285|4204|10000|0|0|99.56506|96.57422|0|0.2182598|0|0|0|0A016D|41F00000|E0000000|1E016C|41F00000|E0000000|28FE0030|44D377EA|1057B8A2|0763|41B9DD22|10675739|078E|409B0A5B|107629AA|0|0|0|0344|4103BA72|10675739|08A8|40A00000|107629AA|0317|41C93327|1057B8A2|0|0|0|0|0|0|013B|41327EF1|40011E12|030130|0|1057B8A2|0351|40348B38|10675739|03BC|414D22D6|10675739|A7|410D7CF0|1057B8A2||48bdd86560f2df20c3cb90baf0d95671
26|2021-09-26T12:08:30.6120000+01:00|8a8|The Wanderer's Minuet|5.00|107629AA|Joeson Lmoa|1057B8A2|Alex Knightfall|00|97285|106059||92f105ae020113787ab5369b0049c7bd
38|2021-09-26T12:08:30.6120000+01:00|107629AA|Joeson Lmoa|00505017|62188|106059|10000|10000|0|0|99.90756|96.87768|-0.002199137|0.04333666|0|0|0|0A016D|41F00000|E0000000|0A0168|41F00000|E0000000|28FE0030|450DD511|107629AA|0763|41BAED84|10675739|0|0|0|078E|4096C0A1|107629AA|013B|41305E2A|40011E12|7D|413451E9|107629AA|078C|3FD60407|107629AA|0344|4105DB36|10675739|0351|40348B38|10675739|03BC|414D22D6|10675739||e8d21078b112c53a5d52a82792360731
38|2021-09-26T12:08:30.6120000+01:00|10675739|Jasy Heavensong|00505021|47548|97086|8228|10000|11|0|99.50403|95.323|0|0.1778004|0|0|0|0A0168|41F00000|E0000000|0F016B|41F00000|E0000000|0763|41B5977E|10675739|28FE0030|450DD181|10675739|0129|41E38D4D|1057B8A2|08A8|409E978D|107629AA|078E|40A7D728|107629AA|0347|0|10675739|013B|413B0A33|40011E12|0|0|0|0344|40F65E5F|10675739|0351|40348B38|10675739|03BC|414D22D6|10675739||e5316cdb70192cac1243a22810e349d5
26|2021-09-26T12:08:30.6120000+01:00|8a8|The Wanderer's Minuet|4.96|107629AA|Joeson Lmoa|10675739|Jasy Heavensong|00|97086|106059||9529f4aecb0ec806a6366a69f603aa42
38|2021-09-26T12:08:30.6120000+01:00|1068703B|Tomo Uchuu|00505026|72080|106478|10000|10000|0|0|100.028|96.43253|0|-0.07120657|0|0|0|14016A|41F00000|E0000000|0A0168|41F00000|E0000000|071F|42700000|1068703B|28FE0030|450E7DBE|1068703B|0763|41B7BE68|10675739|08A8|409E978D|107629AA|0|0|0|071D|4207EB4C|1068703B|0737|4207EB4C|1068703B|078E|409F4BE5|107629AA|013B|4134A3CD|40011E12|0351|40348B38|10675739|0344|40FEFA05|10675739|03BC|414D22D6|10675739||157540d4303c0e0a1774b9feab1bb56e
26|2021-09-26T12:08:30.6120000+01:00|8a8|The Wanderer's Minuet|4.96|107629AA|Joeson Lmoa|1068703B|Tomo Uchuu|00|106478|106059||2651e002690f03d10da10fbeaeb92061
38|2021-09-26T12:08:30.6120000+01:00|40011E3B|Earthly Star|00505000|0|92424|0|10000|0|0|99.06918|99.95715|0|-0.6909251|0|0|0|28FE0030|450DD181|10675739|08A8|409E978D|107629AA||d2a1283214c04f9fd322093e3671ebe5
26|2021-09-26T12:08:30.6120000+01:00|8a8|The Wanderer's Minuet|4.96|107629AA|Joeson Lmoa|40011E3B|Earthly Star|00|92424|106059||ba8e6ae1b5b1a9ecfbc93cfc1de77720
38|2021-09-26T12:08:30.6120000+01:00|10752D6C|Volkon Vysk|00505025|140673|152511|10000|10000|11|0|99.35144|103.5934|0|3.089195|0|0|0|14016A|41F00000|E0000000|0A0168|41F00000|E0000000|28FD0030|450F2162|10752D6C|072A|3DED94E4|10752D6C|08A8|409E978D|107629AA|0|0|0|0129|41E49DB0|1057B8A2|0763|41BC01FF|10675739|0|0|0|0343|40773B90|10675739|0344|4108042B|10675739|072B|4103EB90|10752D6C|078E|40B06A9F|107629AA|013B|413F53EB|40011E12|0|0|0|0729|0|10752D6C||6a84f9171f3e05bf6ecae5b1d8d7bb2e
26|2021-09-26T12:08:30.6120000+01:00|8a8|The Wanderer's Minuet|4.96|107629AA|Joeson Lmoa|10752D6C|Volkon Vysk|00|152511|106059||9aeeefbdbcace516cb4be9d6f6c19dcc
38|2021-09-26T12:08:30.6120000+01:00|107ABEEC|Greiyan Fletz|00505022|50360|106544|10000|10000|10|0|100.8773|96.54382|0|-0.1233437|0|0|0|0720|42700000|1068703B|14016A|41F00000|E0000000|0A0168|41F00000|E0000000|28FE0030|450DD7F1|107ABEEC|075D|3EDBA6D1|10675739|04E4|413B4FE7|107ABEEC|0|0|0|0839|4207EB4C|1068703B|0737|4207EB4C|1068703B|08A8|409E978D|107629AA|0513|4101920D|107ABEEC|0763|41B8CCBF|10675739|078E|40AC20E4|107629AA|013B|413D2F0F|40011E12|0344|410199AE|10675739|0351|40348B38|10675739|03BC|414D22D6|10675739|04CD|410E3129|107ABEEC|0129|41E278D2|1057B8A2||00e8877d8e6dcd200b4c6a5c5a72b19a
26|2021-09-26T12:08:30.6120000+01:00|8a8|The Wanderer's Minuet|4.96|107629AA|Joeson Lmoa|107ABEEC|Greiyan Fletz|00|106544|106059||e8c8de56b7e7bf9251955083dc0b60ab
24|2021-09-26T12:08:30.6570000+01:00|1057B8A2|Alex Knightfall|HoT|0|314D|45519|97285|4204|10000|0|1000|99.56506|96.57422|0|0.2182598||8b9ca1012984af0c65b8c68920f08ae7
21|2021-09-26T12:08:30.6570000+01:00|10752D6C|Volkon Vysk|07|Attack|40011D69|Living Liquid|710003|AB60000|0|0|0|0|0|0|0|0|0|0|0|0|0|0|1886229|12889320|10000|10000|0|1000|100.4196|100.328|0|-0.0863359|140673|152511|10000|10000|0|1000|99.35144|103.5934|0|3.089195|00008E1C|0|d6fd535816b48ce7d6deed3fdefdf731
38|2021-09-26T12:08:30.6570000+01:00|1057B8A2|Alex Knightfall|0050501C|58140|97285|4204|10000|0|0|99.56506|96.57422|0|0.2182598|0|0|0|0A016D|41F00000|E0000000|1E016C|41F00000|E0000000|28FE0030|44D37671|1057B8A2|0763|41B97EED|10675739|078E|40999186|107629AA|0|0|0|0344|4102FE08|10675739|08A8|409E872B|107629AA|0317|41C8D4F2|1057B8A2|0|0|0|0|0|0|013B|4131C287|40011E12|030130|0|1057B8A2|0351|4031998E|10675739|03BC|414C666C|10675739|A7|410CC086|1057B8A2||3a9c6bebc2ad43899bc83f2194320d20
37|2021-09-26T12:08:30.7020000+01:00|10752D6C|Volkon Vysk|00008E1A|138739|152511|10000|10000|0||99.35144|103.5934|0|3.089195|2500|0|0|01|06000040|0|0|E0000000||981eecf66a693dfeb41709532b0e9387
24|2021-09-26T12:08:30.7020000+01:00|107401EC|Raesa Velan|HoT|0|4154|43807|96887|6000|10000|0|1000|99.53455|95.68933|0|-0.423625||1789a09e830303d1534bd03541db5dc4
38|2021-09-26T12:08:30.7020000+01:00|107401EC|Raesa Velan|00505019|60531|96887|6000|10000|0|0|99.53455|95.68933|0|-0.423625|0|0|0|0A016D|41F00000|E0000000|0A0168|41F00000|E0000000|29020030|4591A1D2|107401EC|0763|41B5F19B|10675739|08A8|409D1EB8|107629AA|078E|40A0AC25|107629AA|013B|413778CC|40011E12|0344|40F7C6D2|10675739|A4|418276C6|107401EC|0|0|0|0351|402EC8A9|10675739|03BC|414BB233|10675739||3e3b247e131a4876cc4e9097d843da03
38|2021-09-26T12:08:30.7020000+01:00|10752D6C|Volkon Vysk|00505025|138739|152511|10000|10000|0|0|99.35144|103.5934|0|3.089195|0|0|0|14016A|41F00000|E0000000|0A0168|41F00000|E0000000|28FD0030|450F1FF2|10752D6C|072A|3CD50BE0|10752D6C|08A8|409BB645|107629AA|0|0|0|0|0|0|0763|41BB49AD|10675739|0|0|0|0343|40717901|10675739|0344|41069388|10675739|072B|41027AED|10752D6C|078E|40AD8957|107629AA|013B|413DE348|40011E12|0|0|0|0729|0|10752D6C||6cae67586b2cfb416051387f7050ab1f
30|2021-09-26T12:08:30.7020000+01:00|129|Galvanize|0.00|1057B8A2|Alex Knightfall|10752D6C|Volkon Vysk|00|152511|97285||551724e19c59f362b9e827fb3cd9bd8b
21|2021-09-26T12:08:30.7470000+01:00|1057B8A2|Alex Knightfall|AD|Resurrection|1075A2E4|Niru Summers|814000E|940000|1B|AD8000|0|0|0|0|0|0|0|0|0|0|0|0|0|153077|0|10000|0|1000|99.93127|104.1122|0|3.019447|58140|97285|4204|10000|0|1000|99.56506|96.57422|0|0.2182598|00008E1D|0|10a3dde5b48f09c0aa410c15fad8edae
38|2021-09-26T12:08:30.7470000+01:00|1057B8A2|Alex Knightfall|0050501C|58140|97285|1804|10000|0|0|99.56506|96.57422|0|0.2182598|0|0|0|0A016D|41F00000|E0000000|1E016C|41F00000|E0000000|28FE0030|44D37398|1057B8A2|0763|41B8C8A7|10675739|078E|4096B86F|107629AA|0|0|0|0344|4101917D|10675739|08A8|409BAE14|107629AA|0317|41C81EAC|1057B8A2|0|0|0|0|0|0|013B|413055FC|40011E12|030130|0|1057B8A2|0351|402BE761|10675739|03BC|414AF9E1|10675739||8341be3fd905fd32ecba2c8a99426f7c
30|2021-09-26T12:08:30.7470000+01:00|a7|Swiftcast|0.00|1057B8A2|Alex Knightfall|1057B8A2|Alex Knightfall|00|97285|97285||9ac8f46a37f2899e58e0e430336e0881
38|2021-09-26T12:08:30.7470000+01:00|10752D6C|Volkon Vysk|00505025|138739|152511|10000|10000|0|0|99.35144|103.5934|0|3.100271|0|0|0|14016A|41F00000|E0000000|0A0168|41F00000|E0000000|28FD0030|450F1F3A|10752D6C|0|0|0|08A8|409A45A1|107629AA|0|0|0|0|0|0|0763|41BAED84|10675739|0|0|0|0343|406E97B9|10675739|0344|4105DB36|10675739|072B|4101C29B|10752D6C|078E|40AC18B3|107629AA|013B|413D2AF6|40011E12|0|0|0|0729|0|10752D6C||9a361a79c545b8f116cfead3a01d51aa
30|2021-09-26T12:08:30.7470000+01:00|72a|Nebula|0.00|10752D6C|Volkon Vysk|10752D6C|Volkon Vysk|00|152511|152511||35165bf8a352fe3de2bb6de4efe0e660
37|2021-09-26T12:08:30.8360000+01:00|40011D69|Living Liquid|00008E18|1870844|12889320|10000|10000|0||100.4196|100.328|0|-0.0863359||141e04283bef61e15c9e76bd32da5198
20|2021-09-26T12:08:31.0140000+01:00|107401EC|Raesa Velan|DF9|Fire IV|40011DEA|Liquid Hand|2.62|99.53455|95.68933|0|-0.423625||f0497098f1d3635b26a16eb4e1cfc108
21|2021-09-26T12:08:31.0590000+01:00|107629AA|Joeson Lmoa|1CEC|Pitch Perfect|40011D69|Living Liquid|720103|4B330000|0|0|0|0|0|0|0|0|0|0|0|0|0|0|1870844|12889320|10000|10000|0|1000|100.4196|100.328|0|-0.0863359|62188|106059|10000|10000|0|1000|99.90076|96.97107|0|0.02315378|00008E1E|0|813b40f198ca7990bd228595dc0e491d
21|2021-09-26T12:08:31.0590000+01:00|107ABEEC|Greiyan Fletz|1D41|Higanbana|40011D69|Living Liquid|710003|38D90000|FCE90E|4CC0000|13D|FF8000|0|0|0|0|0|0|0|0|0|0|1870844|12889320|10000|10000|0|1000|100.4196|100.328|0|-0.0863359|50360|106544|10000|10000|0|1000|100.8773|96.54382|0|-0.1233437|00008E1F|0|8f08001a9790e9db2f5af2ee79b6b63b
38|2021-09-26T12:08:31.0590000+01:00|107ABEEC|Greiyan Fletz|00505022|50360|106544|10000|10000|10|0|100.8773|96.54382|0|-0.1233437|1954|30|0|0720|42700000|1068703B|14016A|41F00000|E0000000|0A0168|41F00000|E0000000|28FE0030|450DD0C9|107ABEEC|0|0|0|04E4|413424E7|107ABEEC|0|0|0|0839|4206208E|1068703B|0737|4206208E|1068703B|08A8|40904187|107629AA|0513|40F4CE16|107ABEEC|0763|41B5373D|10675739|078E|409DCADE|107629AA|013B|4136040F|40011E12|0344|40F4DD58|10675739|0351|4017DF30|10675739|03BC|4145F7D6|10675739|0|0|0|0129|41DEE350|1057B8A2||43df2e12bd90bdb17fec2c4b2dbbf2fa
30|2021-09-26T12:08:31.0590000+01:00|75d|The Spear|0.00|10675739|Jasy Heavensong|107ABEEC|Greiyan Fletz|00|106544|97086||c540b43602dc58fead7634f38e701db6
30|2021-09-26T12:08:31.0590000+01:00|4cd|Kaiten|0.00|107ABEEC|Greiyan Fletz|107ABEEC|Greiyan Fletz|00|106544|106544||cf67d793e7b0aac97094f9d872bb9de2
37|2021-09-26T12:08:31.1920000+01:00|40011D69|Living Liquid|00008E1C|1868102|12889320|10000|10000|0||100.4196|100.328|0|-0.0863359||13cddc64eb4b634c8e7f63a13bbfaef6
37|2021-09-26T12:08:31.2370000+01:00|40011D69|Living Liquid|00008E17|1856633|12889320|10000|10000|0||100.4196|100.328|0|-0.0863359||0e5a095fe52639920fd85415235f3de7
21|2021-09-26T12:08:31.2370000+01:00|40011D69|Living Liquid|4978|Unknown_4978|10752D6C|Volkon Vysk|730003|863A0000|0|0|0|0|0|0|0|0|0|0|0|0|0|0|138739|152511|10000|10000|0|1000|99.35144|103.5934|0|3.100271|1870844|12889320|10000|10000|0|1000|100.4196|100.328|0|-0.0863359|00008E20|0|7f0a271a6a98ac29b4b801be60268d7c
21|2021-09-26T12:08:31.2820000+01:00|10675739|Jasy Heavensong|40AA|Combust III|40011D69|Living Liquid|DE9E0E|7590000|1B|40AA8000|0|0|0|0|0|0|0|0|0|0|0|0|1856633|12889320|10000|10000|0|1000|100.4196|100.328|0|-0.0863359|47548|97086|8228|10000|0|1000|99.50403|95.38763|0|0.1167315|00008E21|0|f168a3eaf996a5d46b7b31347197ac44
22|2021-09-26T12:08:31.2820000+01:00|10752D6C|Volkon Vysk|3F0D|Demon Slice|40011D69|Living Liquid|710103|16C70000|1B|3F0D8000|0|0|0|0|0|0|0|0|0|0|0|0|1856633|12889320|10000|10000|0|1000|100.4196|100.328|0|-0.0863359|138739|152511|10000|10000|0|1000|99.35144|103.5934|0|3.100271|00008E22|0|c397468def9e69fd90f053fad3614f42
22|2021-09-26T12:08:31.2820000+01:00|10752D6C|Volkon Vysk|3F0D|Demon Slice|40011DEA|Liquid Hand|710003|EA60000|1B|3F0D8000|0|0|0|0|0|0|0|0|0|0|0|0|2158008|12889320|10000|10000|0|1000|97.24573|100.7858|0|0.6462471|138739|152511|10000|10000|0|1000|99.35144|103.5934|0|3.100271|00008E22|1|28346255c3cc4aa94b6b5e77553350d6
21|2021-09-26T12:08:31.2820000+01:00|107ABEEC|Greiyan Fletz|07|Attack|40011D69|Living Liquid|710003|ED50000|0|0|0|0|0|0|0|0|0|0|0|0|0|0|1856633|12889320|10000|10000|0|1000|100.4196|100.328|0|-0.0863359|50360|106544|10000|10000|0|1000|100.8773|96.54382|0|-0.1233437|00008E23|0|734a108582f5f78bdee1f42d45b46574
38|2021-09-26T12:08:31.4150000+01:00|40011DEA|Liquid Hand|00505000|2158008|12889320|10000|10000|0|0|97.24573|100.7858|0|0.6462471|948D|31|0|0|0|0|072E|402A1CD1|10752D6C|0|0|0|2804B1|418B76AA|107629AA|0|0|0|2804B0|418B76AA|107629AA|0759|40C69717|10675739|072D|4127BE3D|10752D6C||200bda47dff785554f1172f19b2412b2
30|2021-09-26T12:08:31.4150000+01:00|a3|Thunder III|0.00|107401EC|Raesa Velan|40011DEA|Liquid Hand|0A|12889320|96887||a2f93668105f3fe405c0a9e9f8cfe289
37|2021-09-26T12:08:31.5480000+01:00|40011DEA|Liquid Hand|00008E1B|2119735|12889320|10000|10000|0||97.24573|100.7858|0|0.6462471||d9a2323280c4ecb8520326be882cef0c
04|2021-09-26T12:08:31.2260000+01:00|40011e3b|Earthly Star|0|50|10675739|0||6565|7245|0|92424|0|10000|0|0|99.06918|99.95715|0|-0.6909251||c7c7d3cb310229eb730f311b1ac28fa6
37|2021-09-26T12:08:31.6830000+01:00|40011D69|Living Liquid|00008E1F|1842080|12889320|10000|10000|0||100.4196|100.328|0|-0.0863359|0|0|0|01|0200050C|0|42700000|107ABEEC||f08cc4c7a36501f236a628bf1a530e0b
26|2021-09-26T12:08:31.6830000+01:00|4cc|Higanbana|60.00|107ABEEC|Greiyan Fletz|40011D69|Living Liquid|00|12889320|106544||c2e9483c97b6cb22de6bfeeab56ef53b
37|2021-09-26T12:08:31.7710000+01:00|10752D6C|Volkon Vysk|00008E20|104377|152511|10000|10000|0||99.35144|103.5934|0|3.100271|2500|0|0|0||cd216a65272c794f092f815fcb25b3da
37|2021-09-26T12:08:31.8160000+01:00|40011D69|Living Liquid|00008E23|1838283|12889320|10000|10000|0||100.4196|100.328|0|-0.0863359||2b379e4a7177d552e980cd49d5fa3b36
37|2021-09-26T12:08:31.8610000+01:00|1075A2E4|Niru Summers|00008E1D|0|153077|0|10000|0||99.93127|104.1122|0|3.019447|1500|0|0|01|040000D4|08|42700000|1057B8A2||5130e7b0c7383a6189fa41a576b3b400
26|2021-09-26T12:08:31.8610000+01:00|94|Raise|60.00|1057B8A2|Alex Knightfall|1075A2E4|Niru Summers|08|153077|97285||224ec400c02e931aa619e11fb52c395a
37|2021-09-26T12:08:31.8610000+01:00|40011D69|Living Liquid|00008E1E|1819032|12889320|10000|10000|0||100.4196|100.328|0|-0.0863359||1606f6768150b40ace623596bc3a7e14
21|2021-09-26T12:08:31.8620000+01:00|107629AA|Joeson Lmoa|08|Shot|40011D69|Living Liquid|720003|10B90000|0|0|0|0|0|0|0|0|0|0|0|0|0|0|1819032|12889320|10000|10000|0|1000|100.4196|100.328|0|-0.0863359|62188|106059|10000|10000|0|1000|99.90076|96.97107|0|0.1519144|00008E24|0|2c81432f5e425289fbe63f54d71db9b7
21|2021-09-26T12:08:31.8620000+01:00|1068703B|Tomo Uchuu|3E76|Fountain|40011D69|Living Liquid|42720003|356B0000|11B|3E768000|0|0|0|0|0|0|0|0|0|0|0|0|1819032|12889320|10000|10000|0|1000|100.4196|100.328|0|-0.0863359|72080|106478|10000|10000|0|1000|100.0265|96.45734|0|-0.08377218|00008E25|0|ef5adea8248552a059c69dbe41fb1d3b
37|2021-09-26T12:08:31.9060000+01:00|40011D69|Living Liquid|00008E21|1819032|12889320|10000|10000|0||100.4196|100.328|0|-0.0863359|0|0|0|01|05000799|0|41F00000|10675739||eed6fa892742a261b08c0b9f6961693c
26|2021-09-26T12:08:31.9060000+01:00|759|Combust III|30.00|10675739|Jasy Heavensong|40011D69|Living Liquid|00|12889320|97086||44443c143a0ddb7a02cb46d3ef907a0d
37|2021-09-26T12:08:31.9060000+01:00|40011D69|Living Liquid|00008E22|1813201|12889320|10000|10000|0||100.4196|100.328|0|-0.0863359||6491c9aa42216d0c90e7bf89c052d9f9
39|2021-09-26T12:08:31.9500000+01:00|10675739|Jasy Heavensong|48518|97086|8092|10000|0|0|99.50403|95.41455|0|0.180485||76a21a8c239c6d3f81aa97556f80dd4f
39|2021-09-26T12:08:31.9500000+01:00|10752D6C|Volkon Vysk|105902|152511|10000|10000|0|0|99.35144|103.5934|0|3.100271||e4976558d6aee91ba99693ea6e31d0a7
21|2021-09-26T12:08:31.9500000+01:00|10752D6C|Volkon Vysk|3F0C|Camouflage|10752D6C|Volkon Vysk|F6320E|7280000|0|0|0|0|0|0|0|0|0|0|0|0|0|0|104377|152511|10000|10000|0|1000|99.35144|103.5934|0|3.100271|104377|152511|10000|10000|0|1000|99.35144|103.5934|0|3.100271|00008E26|0|74baf174a601503914845a52e14b46a2
24|2021-09-26T12:08:31.9950000+01:00|40011D69|Living Liquid|DoT|0|5E58|1819032|12889320|10000|10000|0|1000|100.4196|100.328|0|-0.0863359||10e9065493c53e29e0ef777ac0469b45
36|2021-09-26T12:08:31.9950000+01:00|1DD8|3|6a80aa8a7801d189e3c9540f0ae36ae6
38|2021-09-26T12:08:31.9950000+01:00|40011D69|Living Liquid|00505000|1789049|12889320|10000|10000|0|0|100.4196|100.328|0|-0.0863359|1DF5|30|0|0767|41D70C43|1057B8A2|2804B0|416CD0A1|107629AA|04CC|426E9271|107ABEEC|2804B1|416CD0A1|107629AA|0A00A3|41308710|107401EC|0759|41EEED92|10675739|072E|400D812A|10752D6C||2654108b67d612cee1af6bf551333a67
37|2021-09-26T12:08:32.0390000+01:00|40011DEA|Liquid Hand|00008E22|2115985|12889320|10000|10000|0||97.24573|100.7858|0|0.6462471|01|0|0|0||3344d1510196a3537a15f67b6a510907
39|2021-09-26T12:08:32.0390000+01:00|1068703B|Tomo Uchuu|73144|106478|10000|10000|0|0|100.0265|96.45734|0|-0.08377218||301291d45cef325a28edd0a5381e18b7
39|2021-09-26T12:08:32.0820000+01:00|107629AA|Joeson Lmoa|63248|106059|10000|10000|0|0|99.90076|96.97107|0|0.1519144||ad6f813e2f566aca17902a8381481874
39|2021-09-26T12:08:32.1260000+01:00|107ABEEC|Greiyan Fletz|51425|106544|10000|10000|0|0|100.8773|96.54382|0|-0.1233437||e7c881d6707dda0132cf635db3079967
39|2021-09-26T12:08:32.1710000+01:00|1057B8A2|Alex Knightfall|59112|97285|2050|10000|0|0|99.62076|96.60217|0|0.6636033||ecc7a923297c9f1ef9785066ff6b4e8a
39|2021-09-26T12:08:32.2150000+01:00|107401EC|Raesa Velan|61499|96887|6000|10000|0|0|99.53455|95.68933|0|-0.423625||caf4c38db41b2ac2c62caee59d157591
38|2021-09-26T12:08:32.3050000+01:00|107629AA|Joeson Lmoa|00505017|63248|106059|10000|10000|0|0|99.90076|96.97107|0|0.1519144|94C8|31|0|0A016D|41F00000|E0000000|0A0168|41F00000|E0000000|28FE0030|450DBA05|107629AA|0763|41AD623C|10675739|0|0|0|078E|4041271F|107629AA|013B|411547A8|40011E12|7D|41193B67|107629AA|0|0|0|0344|40D5895A|10675739|0351|3F906239|10675739|03BC|41320C54|10675739||8b97a9c55ba6fa8cd11315127cded89a
30|2021-09-26T12:08:32.3050000+01:00|78c|Army's Muse|0.00|107629AA|Joeson Lmoa|107629AA|Joeson Lmoa|00|106059|106059||d4740dafbecc42619ab60860ac08dad6
21|2021-09-26T12:08:32.4390000+01:00|107ABEEC|Greiyan Fletz|1D35|Hakaze|40011D69|Living Liquid|710003|1D540000|1B|1D358000|0|0|0|0|0|0|0|0|0|0|0|0|1789049|12889320|10000|10000|0|1000|100.4196|100.328|0|-0.0863359|51425|106544|10000|10000|0|1000|100.8773|96.54382|0|-0.1233437|00008E27|0|df70c00b2633b3fbfb3b02315a0e8f92
24|2021-09-26T12:08:32.5260000+01:00|40011DEA|Liquid Hand|DoT|0|3513|2115985|12889320|10000|10000|0|1000|97.24573|100.7858|0|0.6462471||6442139d6e6bdca6ca007593057822d7
38|2021-09-26T12:08:32.5260000+01:00|40011DEA|Liquid Hand|00505000|2102398|12889320|10000|10000|0|0|97.24573|100.7858|0|0.6462471|948D|31|0|0|0|0|072E|3FC60462|10752D6C|0|0|0|2804B1|41829353|107629AA|0|0|0|2804B0|41829353|107629AA|0759|40A309C1|10675739|072D|4115F798|10752D6C||01bae5255dba68cbd35f7775af89ef70
37|2021-09-26T12:08:32.6160000+01:00|40011D69|Living Liquid|00008E24|1784768|12889320|10000|10000|0||100.4196|100.328|0|-0.0863359||3497e3368e0ab7bfe802b8905171a25e
37|2021-09-26T12:08:32.6160000+01:00|10752D6C|Volkon Vysk|00008E26|105902|152511|10000|10000|0||99.35144|103.5934|0|3.107174|2500|0|0|01|03000768|0|41A00000|10752D6C||a39ff6f750d29b3f6f8d9f0628d95c66
26|2021-09-26T12:08:32.6160000+01:00|728|Camouflage|20.00|10752D6C|Volkon Vysk|10752D6C|Volkon Vysk|00|152511|152511||d71d12db8061d0734f7fe3f26e80f820
37|2021-09-26T12:08:32.8390000+01:00|40011D69|Living Liquid|00008E25|1771093|12889320|10000|10000|0||100.4196|100.328|0|-0.0863359||23e7dcf2f18090464e554e97b1d096ac
37|2021-09-26T12:08:33.0630000+01:00|40011D69|Living Liquid|00008E27|1763585|12889320|10000|10000|0||100.4196|100.328|0|-0.0863359||cc7b53c26d7ee5ae584cb8e1dabe7832
21|2021-09-26T12:08:33.0630000+01:00|40011E44|Liquid Rage|4828|Liquid Gaol|40011E44|Liquid Rage|3C|0|1B|48288000|0|0|0|0|0|0|0|0|0|0|0|0|11919920|11919920|10000|10000|0|1000|100|115|0|-4.792213E-05|11919920|11919920|10000|10000|0|1000|100|115|0|-4.792213E-05|00008E28|0|2b23b7c7543ef4a6a78080165f1136a3
21|2021-09-26T12:08:33.0630000+01:00|40011E45|Liquid Rage|4828|Liquid Gaol|40011E45|Liquid Rage|3C|0|1B|48288000|0|0|0|0|0|0|0|0|0|0|0|0|11919920|11919920|10000|10000|0|1000|85|100|0|-4.792213E-05|11919920|11919920|10000|10000|0|1000|85|100|0|-4.792213E-05|00008E29|0|1a4aa938adb29d652d06ff3597999657
21|2021-09-26T12:08:33.0630000+01:00|40011E46|Liquid Rage|4828|Liquid Gaol|40011E46|Liquid Rage|3C|0|1B|48288000|0|0|0|0|0|0|0|0|0|0|0|0|11919920|11919920|10000|10000|0|1000|115|100|0|-4.792213E-05|11919920|11919920|10000|10000|0|1000|115|100|0|-4.792213E-05|00008E2A|0|288d51d71fc6ff411a8ade1ff2751cd6
21|2021-09-26T12:08:33.1070000+01:00|107401EC|Raesa Velan|DF9|Fire IV|40011DEA|Liquid Hand|150303|19624001|1B|DF98000|0|0|0|0|0|0|0|0|0|0|0|0|2102398|12889320|10000|10000|0|1000|97.24573|100.7858|0|0.6462471|61499|96887|6000|10000|0|1000|99.53455|95.68933|0|-0.423625|00008E2B|0|16e37fc3ace29a457f749708751811b2
21|2021-09-26T12:08:33.1070000+01:00|1068703B|Tomo Uchuu|07|Attack|40011D69|Living Liquid|720203|16BA0000|0|0|0|0|0|0|0|0|0|0|0|0|0|0|1763585|12889320|10000|10000|0|1000|100.4196|100.328|0|-0.1297489|73144|106478|10000|10000|0|1000|99.91649|101.4065|0|-0.0041852|00008E2C|0|818de2a910624cb9d44e4dfb8357dd1f
21|2021-09-26T12:08:33.1520000+01:00|107ABEEC|Greiyan Fletz|1D4D|Hissatsu: Seigan|40011D69|Living Liquid|710003|20F60000|0|0|0|0|0|0|0|0|0|0|0|0|0|0|1763585|12889320|10000|10000|0|1000|100.4196|100.328|0|-0.1297489|51425|106544|10000|10000|0|1000|100.8773|96.54382|0|-0.1233437|00008E2D|0|b4ba3345aa21d1a41a167bf77c3f0c01
38|2021-09-26T12:08:33.1520000+01:00|107ABEEC|Greiyan Fletz|00505022|51425|106544|10000|10000|10|0|100.8773|96.54382|0|-0.1233437|DC3F|30|0|0720|42700000|1068703B|14016A|41F00000|E0000000|0A0168|41F00000|E0000000|28FE0030|450DAF5D|107ABEEC|0|0|0|0|0|0|0|0|0|0839|41FB84CA|1068703B|0737|41FB84CA|1068703B|08A8|401A9FB4|107629AA|0513|40B1DC61|107ABEEC|0763|41A47ACD|10675739|078E|4035B25F|107629AA|013B|41148B3F|40011E12|0344|40B1EBA3|10675739|0351|3E8FDEE3|10675739|03BC|41247F06|10675739|0|0|0|0129|41CE26E0|1057B8A2||e7cd72da559052931ce2676a36f22646
26|2021-09-26T12:08:33.1520000+01:00|720|Dance Partner|60.00|1068703B|Tomo Uchuu|107ABEEC|Greiyan Fletz|00|106544|106478||72eb9d8f36f54a5345d266a3748f469b
30|2021-09-26T12:08:33.1520000+01:00|4e4|Eyes Open|0.00|107ABEEC|Greiyan Fletz|107ABEEC|Greiyan Fletz|00|106544|106544||48bc371d2d47458eb3a644e50fd9d36d
21|2021-09-26T12:08:33.1960000+01:00|40011DEA|Liquid Hand|4979|Unknown_4979|10752D6C|Volkon Vysk|730003|72830000|0|0|0|0|0|0|0|0|0|0|0|0|0|0|105902|152511|10000|10000|0|1000|99.35378|103.5934|-0.01531982|-3.130117|2102398|12889320|10000|10000|0|1000|97.24573|100.7858|0|0.6462471|00008E2E|0|d16b2919b52712e4ad66c914beaa356a
24|2021-09-26T12:08:33.4640000+01:00|10675739|Jasy Heavensong|HoT|0|407F|48518|97086|8092|10000|0|1000|99.71765|95.99438|0|0.04415035||9f1fe72c271c7d738784de49e08ac65c
24|2021-09-26T12:08:33.4640000+01:00|10752D6C|Volkon Vysk|HoT|0|50F3|105902|152511|10000|10000|0|1000|99.5581|103.5934|-0.001187232|-3.128458||e6f6a33424ce3e17bb02526e6eb7edd7
21|2021-09-26T12:08:33.4640000+01:00|10752D6C|Volkon Vysk|07|Attack|40011D69|Living Liquid|710003|A5F0000|0|0|0|0|0|0|0|0|0|0|0|0|0|0|1763585|12889320|10000|10000|0|1000|100.4196|100.328|0|-0.2270324|105902|152511|10000|10000|0|1000|99.5581|103.5934|-0.001187232|-3.128458|00008E2F|0|f222c93c2417cbcdf6ea705f96f09334
38|2021-09-26T12:08:33.4640000+01:00|107401EC|Raesa Velan|00505019|61499|96887|4400|10000|0|0|99.53455|95.68933|0|-0.302392|DE54|30|0|0A016D|41F00000|E0000000|0A0168|41F00000|E0000000|29020030|45918BC2|107401EC|0763|419FD901|10675739|08A8|400978CB|107629AA|078E|401093A5|107629AA|013B|410B47AC|40011E12|0344|409F6476|10675739|A4|4158BC6A|107401EC|0|0|0|0|0|0|03BC|411F8113|10675739||bfb046d2132232f3a19a897520f1ca99
30|2021-09-26T12:08:33.4640000+01:00|351|Collective Unconscious|0.00|10675739|Jasy Heavensong|107401EC|Raesa Velan|00|96887|97086||d9360575e19e42e290ffb5742161bf38
38|2021-09-26T12:08:33.4640000+01:00|1057B8A2|Alex Knightfall|0050501C|59112|97285|2050|10000|0|0|99.47426|96.39232|-0.01137295|-2.528208|DE54|30|0|0A016D|41F00000|E0000000|1E016C|41F00000|E0000000|28FE0030|44D31CA7|1057B8A2|0763|41A30C36|10675739|078E|3FFF1B05|107629AA|0|0|0|0344|40AC3144|10675739|08A8|400978CB|107629AA|0317|41B2623B|1057B8A2|0|0|0|0|0|0|013B|4104DD2E|40011E12|030130|0|1057B8A2|0|0|0|03BC|411F8113|10675739||c6561183c84668fd8a358ae40121c3c1
30|2021-09-26T12:08:33.4640000+01:00|351|Collective Unconscious|0.00|10675739|Jasy Heavensong|1057B8A2|Alex Knightfall|00|97285|97086||bdc36ff879b83686df9f133a16c744f0
38|2021-09-26T12:08:33.4640000+01:00|107629AA|Joeson Lmoa|00505017|63248|106059|10000|10000|0|0|99.90076|96.97107|0|0.1519144|DE54|30|0|0A016D|41F00000|E0000000|0A0168|41F00000|E0000000|28FE0030|450DA781|107629AA|0763|41A41C98|10675739|0|0|0|078E|3FEDF41F|107629AA|013B|4102BC67|40011E12|7D|4106B026|107629AA|0|0|0|0344|40B072CD|10675739|0|0|0|03BC|411F8113|10675739||42f24c18c3c2f7f550f0e611b4f08ec1
30|2021-09-26T12:08:33.4640000+01:00|351|Collective Unconscious|0.00|10675739|Jasy Heavensong|107629AA|Joeson Lmoa|00|106059|97086||138d70ce54f8d18328be17ab793b2052
38|2021-09-26T12:08:33.4640000+01:00|10675739|Jasy Heavensong|00505021|65029|97086|8092|10000|11|0|99.71765|95.99438|0|0.04415035|DE54|30|0|0A0168|41F00000|E0000000|0F016B|41F00000|E0000000|0763|419EC692|10675739|28FE0030|450DA3F1|10675739|0129|41CCBC61|1057B8A2|08A8|4006A7E5|107629AA|078E|40192719|107629AA|0347|0|10675739|013B|410D6870|40011E12|0|0|0|0344|409B1ABB|10675739|0|0|0|03BC|411F8113|10675739||2f30845ea41e8173f895075a533235c4
30|2021-09-26T12:08:33.4640000+01:00|351|Collective Unconscious|0.00|10675739|Jasy Heavensong|10675739|Jasy Heavensong|00|97086|97086||4363faa93f0ef56ad63ab31cb355f79f
38|2021-09-26T12:08:33.4640000+01:00|1068703B|Tomo Uchuu|00505026|73144|106478|10000|10000|0|0|100.7647|103.1082|0|-0.5989938|DE54|30|0|14016A|41F00000|E0000000|0A0168|41F00000|E0000000|071F|42700000|1068703B|28FE0030|450E502E|1068703B|0763|41A0ED7C|10675739|08A8|4006A7E5|107629AA|0|0|0|071D|41F905D0|1068703B|0737|41F905D0|1068703B|078E|40081095|107629AA|013B|4107020A|40011E12|0|0|0|0344|40A3B661|10675739|03BC|411F8113|10675739||31d5f6950be067de3e059f49222ed2fb
26|2021-09-26T12:08:33.4640000+01:00|71f|Closed Position|60.00|1068703B|Tomo Uchuu|1068703B|Tomo Uchuu|00|106478|106478||db84fde26100694d9f5102e5b7036931
30|2021-09-26T12:08:33.4640000+01:00|351|Collective Unconscious|0.00|10675739|Jasy Heavensong|1068703B|Tomo Uchuu|00|106478|97086||31255f7d15d7cad7f8d48b8a7f4a4570
38|2021-09-26T12:08:33.4640000+01:00|10752D6C|Volkon Vysk|00505025|126625|152511|10000|10000|0|0|99.5581|103.5934|-0.001187232|-3.128458|DE54|30|0|14016A|41F00000|E0000000|0A0168|41F00000|E0000000|28FD0030|450EF3D2|10752D6C|0728|4198DD2E|10752D6C|08A8|4006A7E5|107629AA|0|0|0|0|0|0|0763|41A53113|10675739|0|0|0|0343|3F8168CD|10675739|0344|40B4C4B9|10675739|072B|40AC9380|10752D6C|078E|402A4E04|107629AA|013B|4111B228|40011E12|0|0|0|0729|0|10752D6C||c5264f854fccbc6b79f4547231f7c302
38|2021-09-26T12:08:33.4640000+01:00|107ABEEC|Greiyan Fletz|00505022|51425|106544|10000|10000|10|0|100.8773|96.54382|0|-0.1233437|DE54|30|0|0720|42700000|1068703B|14016A|41F00000|E0000000|0A0168|41F00000|E0000000|28FE0030|450DAA61|107ABEEC|0|0|0|0|0|0|0|0|0|0839|41F905D0|1068703B|0737|41F905D0|1068703B|08A8|4006A7E5|107629AA|0513|40A7E078|107ABEEC|0763|41A1FBD3|10675739|078E|4021BA90|107629AA|013B|410F8D4C|40011E12|0344|40A7EFBA|10675739|0|0|0|03BC|411F8113|10675739|0|0|0|0129|41CBA7E6|1057B8A2||012757bb593a122aa0a34d1dc7a8aa9f
30|2021-09-26T12:08:33.4640000+01:00|351|Collective Unconscious|0.00|10675739|Jasy Heavensong|107ABEEC|Greiyan Fletz|00|106544|97086||7126164cf5743adf1d9dc4024e16b5a3
38|2021-09-26T12:08:33.5090000+01:00|1057B8A2|Alex Knightfall|0050501C|59112|97285|2050|10000|0|0|99.47426|96.39232|-0.01137295|-2.528208|0|E0|0|0A016D|41F00000|E0000000|1E016C|41F00000|E0000000|28FE0030|44D31CA7|1057B8A2|0763|41A30C36|10675739|078E|3FFF1B05|107629AA|02BC|41200000|E0000000|0344|40AC3144|10675739|08A8|400978CB|107629AA|0317|41B2623B|1057B8A2|0|0|0|0|0|0|013B|4104DD2E|40011E12|030130|0|1057B8A2|0|0|0|03BC|411F8113|10675739||daf1e70d7649b9dc600bf228f572a7d0
26|2021-09-26T12:08:33.5090000+01:00|2bc|Throttle|10.00|E0000000||1057B8A2|Alex Knightfall|00|97285|||cbade8bc876175035e8a02298e6cea8d
38|2021-09-26T12:08:33.5090000+01:00|107629AA|Joeson Lmoa|00505017|63248|106059|10000|10000|0|0|99.90076|96.97107|0|0.1519144|0|E0|0|0A016D|41F00000|E0000000|0A0168|41F00000|E0000000|28FE0030|450DA781|107629AA|0763|41A41C98|10675739|02BC|41200000|E0000000|078E|3FEDF41F|107629AA|013B|4102BC67|40011E12|7D|4106B026|107629AA|0|0|0|0344|40B072CD|10675739|0|0|0|03BC|411F8113|10675739||a3538e72188a89e5518c9101b3ac004e
26|2021-09-26T12:08:33.5090000+01:00|2bc|Throttle|10.00|E0000000||107629AA|Joeson Lmoa|00|106059|||06526127d9f19736a0621444b7846921
38|2021-09-26T12:08:33.5090000+01:00|10752D6C|Volkon Vysk|00505025|126625|152511|10000|10000|0|0|99.5581|103.5934|-0.001187232|-3.128458|0|E0|0|14016A|41F00000|E0000000|0A0168|41F00000|E0000000|28FD0030|450EF3D2|10752D6C|0728|4198DD2E|10752D6C|08A8|4006A7E5|107629AA|02BC|41200000|E0000000|0|0|0|0763|41A53113|10675739|0|0|0|0343|3F8168CD|10675739|0344|40B4C4B9|10675739|072B|40AC9380|10752D6C|078E|402A4E04|107629AA|013B|4111B228|40011E12|0|0|0|0729|0|10752D6C||549238946c4d4a791934dc432bca48ac
26|2021-09-26T12:08:33.5090000+01:00|2bc|Throttle|10.00|E0000000||10752D6C|Volkon Vysk|00|152511|||7565d0150b7087146b71cf2406836de5
38|2021-09-26T12:08:33.5090000+01:00|1068703B|Tomo Uchuu|00505026|73144|106478|10000|10000|0|0|100.7647|103.1082|0|-0.5989938|0|E0|0|14016A|41F00000|E0000000|0A0168|41F00000|E0000000|071F|42700000|1068703B|28FE0030|450E502E|1068703B|0763|41A0ED7C|10675739|08A8|4006A7E5|107629AA|02BC|41200000|E0000000|071D|41F905D0|1068703B|0737|41F905D0|1068703B|078E|40081095|107629AA|013B|4107020A|40011E12|0|0|0|0344|40A3B661|10675739|03BC|411F8113|10675739||f1376413cdf8a2d72a533788d7aa1304
26|2021-09-26T12:08:33.5090000+01:00|2bc|Throttle|10.00|E0000000||1068703B|Tomo Uchuu|00|106478|||8b083ee55ea5eb2ad38843c093263660
38|2021-09-26T12:08:33.5090000+01:00|10675739|Jasy Heavensong|00505021|65029|97086|8092|10000|11|0|99.71765|95.99438|0|0.04415035|0|E0|0|0A0168|41F00000|E0000000|0F016B|41F00000|E0000000|0763|419EC692|10675739|28FE0030|450DA3F1|10675739|0129|41CCBC61|1057B8A2|08A8|4006A7E5|107629AA|078E|40192719|107629AA|0347|0|10675739|013B|410D6870|40011E12|02BC|41200000|E0000000|0344|409B1ABB|10675739|0|0|0|03BC|411F8113|10675739||f953f290cef338518a3434449e2405be
26|2021-09-26T12:08:33.5090000+01:00|2bc|Throttle|10.00|E0000000||10675739|Jasy Heavensong|00|97086|||e4b427666c88397a93493a681af7d8c8
38|2021-09-26T12:08:33.5090000+01:00|107ABEEC|Greiyan Fletz|00505022|51425|106544|10000|10000|10|0|100.8773|96.54382|0|-0.1233437|0|E0|0|0720|42700000|1068703B|14016A|41F00000|E0000000|0A0168|41F00000|E0000000|28FE0030|450DAA61|107ABEEC|02BC|41200000|E0000000|0|0|0|0|0|0|0839|41F905D0|1068703B|0737|41F905D0|1068703B|08A8|4006A7E5|107629AA|0513|40A7E078|107ABEEC|0763|41A1FBD3|10675739|078E|4021BA90|107629AA|013B|410F8D4C|40011E12|0344|40A7EFBA|10675739|0|0|0|03BC|411F8113|10675739|0|0|0|0129|41CBA7E6|1057B8A2||080d991f09b74f991fb9d5cf6ef9234e
26|2021-09-26T12:08:33.5090000+01:00|2bc|Throttle|10.00|E0000000||107ABEEC|Greiyan Fletz|00|106544|||db44d11e01c21b0c872436c137de0657
24|2021-09-26T12:08:33.5530000+01:00|1068703B|Tomo Uchuu|HoT|0|2E02|73144|106478|10000|10000|0|1000|100.8196|103.7077|0|-0.8691707||44fd171cf9c9796c56be28a6f43e90d0
38|2021-09-26T12:08:33.5530000+01:00|1068703B|Tomo Uchuu|00505026|84922|106478|10000|10000|0|0|100.8196|103.7077|0|-0.8691707|DE54|30|0|14016A|41F00000|E0000000|0A0168|41F00000|E0000000|071F|42700000|1068703B|28FE0030|450E4EBE|1068703B|0763|41A0352A|10675739|08A8|4000E556|107629AA|02BC|411E8F5D|E0000000|071D|41F84D7E|1068703B|0737|41F84D7E|1068703B|078E|40024E06|107629AA|013B|41059167|40011E12|0|0|0|0344|40A0D519|10675739|03BC|411E1070|10675739||6c7e2c9853575c8e4401486afbaff424
24|2021-09-26T12:08:33.5980000+01:00|107629AA|Joeson Lmoa|HoT|0|2E81|63248|106059|10000|10000|0|1000|99.90076|96.97107|0|0.1519144||b760aac3d8024cc78c5721b3e8a00d59
21|2021-09-26T12:08:33.5980000+01:00|107ABEEC|Greiyan Fletz|07|Attack|40011D69|Living Liquid|710203|11BA0000|0|0|0|0|0|0|0|0|0|0|0|0|0|0|1763585|12889320|10000|10000|0|1000|100.4196|100.328|0|-0.2219855|51425|106544|10000|10000|0|1000|100.8773|96.54382|0|-0.1233437|00008E30|0|3d5bc8bf4295af4b36eb0f1c34940bd8
38|2021-09-26T12:08:33.5980000+01:00|107401EC|Raesa Velan|00505019|61499|96887|4400|10000|0|0|99.53455|95.68933|0|-0.2184529|DE54|30|0|0A016D|41F00000|E0000000|0A0168|41F00000|E0000000|29020030|45918AAE|107401EC|0763|419EC486|10675739|08A8|40A00000|107629AA|078E|4007EFCE|107629AA|013B|41091EB7|40011E12|0344|409B128A|10675739|A4|41569375|107401EC|0|0|0|0|0|0|03BC|411D581E|10675739||b9ce46f6566e96c319c51e7ef4e26b20
26|2021-09-26T12:08:33.5980000+01:00|8a8|The Wanderer's Minuet|5.00|107629AA|Joeson Lmoa|107401EC|Raesa Velan|00|96887|106059||9f9687bba20c70550bda588d9f9eeb21
38|2021-09-26T12:08:33.5980000+01:00|1057B8A2|Alex Knightfall|0050501C|59112|97285|2050|10000|0|0|99.47351|96.39124|0|-2.520417|DE54|30|0|0A016D|41F00000|E0000000|1E016C|41F00000|E0000000|28FE0030|44D31855|1057B8A2|0763|41A1F7BB|10675739|078E|3FEDD357|107629AA|02BC|411DD70B|E0000000|0344|40A7DF58|10675739|08A8|40A00000|107629AA|0317|41B14DC0|1057B8A2|0|0|0|0|0|0|013B|4102B439|40011E12|030130|0|1057B8A2|0|0|0|03BC|411D581E|10675739||68e15e9a37328b9e53b06be3203774de
26|2021-09-26T12:08:33.5980000+01:00|8a8|The Wanderer's Minuet|5.00|107629AA|Joeson Lmoa|1057B8A2|Alex Knightfall|00|97285|106059||117eb4e24de6aac3b2ae0a976758349d
38|2021-09-26T12:08:33.5980000+01:00|107629AA|Joeson Lmoa|00505017|75153|106059|10000|10000|0|0|99.90076|96.97107|0|0.1519144|DE54|30|0|0A016D|41F00000|E0000000|0A0168|41F00000|E0000000|28FE0030|450DA559|107629AA|0763|41A3081D|10675739|02BC|411DD70B|E0000000|078E|3FDCAC71|107629AA|013B|41009372|40011E12|7D|41048731|107629AA|0|0|0|0344|40AC20E1|10675739|0|0|0|03BC|411D581E|10675739||c8bfc0b53f49eb11edf3fab5ee464864
38|2021-09-26T12:08:33.5980000+01:00|10675739|Jasy Heavensong|00505021|65029|97086|8092|10000|11|0|99.71765|95.94462|-0.002101833|0.8986533|DE54|30|0|0A0168|41F00000|E0000000|0F016B|41F00000|E0000000|0763|419DB217|10675739|28FE0030|450DA1C9|10675739|0129|41CBA7E6|1057B8A2|08A8|409E8F5C|107629AA|078E|40108342|107629AA|0347|0|10675739|013B|410B3F7B|40011E12|02BC|411DD70B|E0000000|0344|4096C8CF|10675739|0|0|0|03BC|411D581E|10675739||f0644d9a84b1b547d5475216f5946a6e
26|2021-09-26T12:08:33.5980000+01:00|8a8|The Wanderer's Minuet|4.96|107629AA|Joeson Lmoa|10675739|Jasy Heavensong|00|97086|106059||d65673b45a02aeb9178c3b885cf69a6f
38|2021-09-26T12:08:33.5980000+01:00|1068703B|Tomo Uchuu|00505026|84922|106478|10000|10000|0|0|100.6675|104.2829|0|-1.308993|DE54|30|0|14016A|41F00000|E0000000|0A0168|41F00000|E0000000|071F|42700000|1068703B|28FE0030|450E4E06|1068703B|0763|419FD901|10675739|08A8|409E8F5C|107629AA|02BC|411DD70B|E0000000|071D|41F7F155|1068703B|0737|41F7F155|1068703B|078E|3FFED97D|107629AA|013B|4104D915|40011E12|0|0|0|0344|409F6475|10675739|03BC|411D581E|10675739||9b5ae909cfd23f93be8c31208d88d27b
26|2021-09-26T12:08:33.5980000+01:00|8a8|The Wanderer's Minuet|4.96|107629AA|Joeson Lmoa|1068703B|Tomo Uchuu|00|106478|106059||e314799b472836972deb433a2abcb214
38|2021-09-26T12:08:33.5980000+01:00|10752D6C|Volkon Vysk|00505025|126625|152511|10000|10000|0|0|99.71765|103.5934|-0.01531982|-3.128458|DE54|30|0|14016A|41F00000|E0000000|0A0168|41F00000|E0000000|28FD0030|450EF1AA|10752D6C|0728|4197C8B3|10752D6C|08A8|409E8F5C|107629AA|02BC|411DD70B|E0000000|0|0|0|0763|41A41C98|10675739|0|0|0|0343|3F60423D|10675739|0344|40B072CD|10675739|072B|40A84194|10752D6C|078E|4021AA2D|107629AA|013B|410F8933|40011E12|0|0|0|0729|0|10752D6C||2a524be4f65451a39e02b19f0db0581c
26|2021-09-26T12:08:33.5980000+01:00|8a8|The Wanderer's Minuet|4.96|107629AA|Joeson Lmoa|10752D6C|Volkon Vysk|00|152511|106059||cea3544d3da628a0f109be1a04f0f814
38|2021-09-26T12:08:33.5980000+01:00|107ABEEC|Greiyan Fletz|00505022|51425|106544|10000|10000|10|0|100.8773|96.54382|0|-0.1233437|DE54|30|0|0720|42700000|1068703B|14016A|41F00000|E0000000|0A0168|41F00000|E0000000|28FE0030|450DA839|107ABEEC|02BC|411DD70B|E0000000|0|0|0|0|0|0|0839|41F7F155|1068703B|0737|41F7F155|1068703B|08A8|409E8F5C|107629AA|0513|40A38E8C|107ABEEC|0763|41A0E758|10675739|078E|401916B9|107629AA|013B|410D6457|40011E12|0344|40A39DCE|10675739|0|0|0|03BC|411D581E|10675739|0|0|0|0129|41CA936B|1057B8A2||baa62e19479bcb03999537116bd0e41a
26|2021-09-26T12:08:33.5980000+01:00|8a8|The Wanderer's Minuet|4.96|107629AA|Joeson Lmoa|107ABEEC|Greiyan Fletz|00|106544|106059||7e488e6aef0532fcb45a4bc75e12af24
37|2021-09-26T12:08:33.6430000+01:00|40011D69|Living Liquid|00008E2C|1757767|12889320|10000|10000|0||100.4196|100.328|0|-0.2178119||949092332100c0f61525e364da042113
24|2021-09-26T12:08:33.6430000+01:00|107ABEEC|Greiyan Fletz|HoT|0|2E2F|51425|106544|10000|10000|0|1000|100.8773|96.54382|0|-0.1233437||97b0f9b1b7d65c25da5308eef4b3b405
38|2021-09-26T12:08:33.6430000+01:00|107ABEEC|Greiyan Fletz|00505022|63248|106544|10000|10000|10|0|100.8773|96.54382|0|-0.1233437|DC3F|30|0|0720|42700000|1068703B|14016A|41F00000|E0000000|0A0168|41F00000|E0000000|28FE0030|450DA785|107ABEEC|02BC|411D22D2|E0000000|0|0|0|0|0|0|0839|41F79738|1068703B|0737|41F79738|1068703B|08A8|409D26E9|107629AA|0513|40A22619|107ABEEC|0763|41A08D3B|10675739|078E|401645D4|107629AA|013B|410CB01E|40011E12|0344|40A2355B|10675739|0|0|0|03BC|411CA3E5|10675739|0|0|0|0129|41CA394E|1057B8A2||6eaefd14870ab99baf22d4c9c3e12a6e
24|2021-09-26T12:08:33.6860000+01:00|1057B8A2|Alex Knightfall|HoT|0|3840|59112|97285|2050|10000|0|1000|99.47351|96.39124|0|-2.520417||8013ea3327dbc06aee97a1371f58e21b
22|2021-09-26T12:08:33.6860000+01:00|10752D6C|Volkon Vysk|3F23|Fated Circle|40011D69|Living Liquid|710203|29230000|0|0|0|0|0|0|0|0|0|0|0|0|0|0|1763585|12889320|10000|10000|0|1000|100.4196|100.328|0|-0.2178119|126625|152511|10000|10000|0|1000|99.71765|103.5934|-0.01531982|-3.128458|00008E31|0|93156fab3e4290028e108583218e5dd9
22|2021-09-26T12:08:33.6860000+01:00|10752D6C|Volkon Vysk|3F23|Fated Circle|40011DEA|Liquid Hand|710003|20760000|0|0|0|0|0|0|0|0|0|0|0|0|0|0|2102398|12889320|10000|10000|0|1000|97.24573|100.7858|0|0.7151164|126625|152511|10000|10000|0|1000|99.71765|103.5934|-0.01531982|-3.128458|00008E31|1|98cc834c82f96643ffb5c00da69abe97
38|2021-09-26T12:08:33.6860000+01:00|1057B8A2|Alex Knightfall|0050501C|73512|97285|2050|10000|0|0|99.47351|96.39124|0|-2.520417|DC3F|30|0|0A016D|41F00000|E0000000|1E016C|41F00000|E0000000|28FE0030|44D31585|1057B8A2|0763|41A14381|10675739|078E|3FE28FC1|107629AA|02BC|411C6E99|E0000000|0344|40A50E72|10675739|08A8|409D2F1A|107629AA|0317|41B09986|1057B8A2|0|0|0|0|0|0|013B|41014BC7|40011E12|030130|0|1057B8A2|0|0|0|03BC|411BEFAC|10675739||10f102d821921f62852bef43b32d88a2
37|2021-09-26T12:08:33.7310000+01:00|10752D6C|Volkon Vysk|00008E2E|97310|152511|10000|10000|0||99.71765|103.5934|0|-3.128458|2500|0|0|0||1789060613c2802e2d3042a9ec321690
24|2021-09-26T12:08:33.7310000+01:00|107401EC|Raesa Velan|HoT|0|2E53|61499|96887|4400|10000|0|1000|99.53455|95.70716|-0.01531982|-0.08219898||bcfe9520060a5ee43b51a9645e33196b
38|2021-09-26T12:08:33.7310000+01:00|107401EC|Raesa Velan|00505019|73358|96887|4400|10000|0|0|99.53455|95.70716|-0.01531982|-0.08219898|9504|31|0|0A016D|41F00000|E0000000|0A0168|41F00000|E0000000|29020030|459189A0|107401EC|0763|419DB62F|10675739|08A8|409BC6A7|107629AA|078E|3FFEFA3D|107629AA|013B|4107020C|40011E12|0344|4096D931|10675739|A4|415476CA|107401EC|0|0|0|0|0|0|03BC|411B3B73|10675739||43a6b63d06f03ddaace1a4b62c5073ad
21|2021-09-26T12:08:33.7760000+01:00|107401EC|Raesa Velan|99|Thunder III|40011DEA|Liquid Hand|550303|CAF80000|AF03D0E|A30000|1B|998000|0|0|0|0|0|0|0|0|0|0|2102398|12889320|10000|10000|0|1000|97.24573|100.7858|0|0.7196875|61499|96887|4400|10000|0|1000|99.53455|95.70716|-0.01531982|-0.08219898|00008E32|0|ceee93b60ddaaa8b1c80afd85f510753
38|2021-09-26T12:08:33.7760000+01:00|107401EC|Raesa Velan|00505019|73358|96887|4400|10000|0|0|99.53455|95.70716|-0.01531982|-0.08219898|9504|31|0|0A016D|41F00000|E0000000|0A0168|41F00000|E0000000|29020030|45918944|107401EC|0763|419D5A06|10675739|08A8|409A5603|107629AA|078E|3FF937AE|107629AA|013B|410649BA|40011E12|0344|4095688D|10675739|0|0|0|0|0|0|0|0|0|03BC|411A8321|10675739||87d8c16801a4f4ad777c3c814a3a35b0
30|2021-09-26T12:08:33.7760000+01:00|a4|Thundercloud|0.00|107401EC|Raesa Velan|107401EC|Raesa Velan|00|96887|96887||ebb2b3ef8bbeb6e0f993feb5c1be097e
22|2021-09-26T12:08:33.8650000+01:00|107629AA|Joeson Lmoa|4070|Apex Arrow|40011DEA|Liquid Hand|720003|76110000|1B|40708000|0|0|0|0|0|0|0|0|0|0|0|0|2102398|12889320|10000|10000|0|1000|97.24573|100.7858|0|0.7196875|75153|106059|10000|10000|0|1000|99.90076|96.97107|0|0.1519144|00008E33|0|86d2de38d0a8f7ff5d5eeb4ca8c36944
22|2021-09-26T12:08:33.8650000+01:00|107629AA|Joeson Lmoa|4070|Apex Arrow|40011D69|Living Liquid|720103|AE250000|1B|40708000|0|0|0|0|0|0|0|0|0|0|0|0|1757767|12889320|10000|10000|0|1000|100.4196|100.328|0|-0.21222|75153|106059|10000|10000|0|1000|99.90076|96.97107|0|0.1519144|00008E33|1|1882d305ffb6a2024280ac65bcff86d0
37|2021-09-26T12:08:33.9080000+01:00|40011D69|Living Liquid|00008E2D|1749329|12889320|10000|10000|0||100.4196|100.328|0|-0.21222||1b1387a19f0a352edcf8c278042b5339
37|2021-09-26T12:08:33.9980000+01:00|40011D69|Living Liquid|00008E2F|1746674|12889320|10000|10000|0||100.4196|100.328|0|-0.21222||1499dac3925693893c5c96515b8812dd
20|2021-09-26T12:08:33.9980000+01:00|1057B8A2|Alex Knightfall|1D90|Esuna|1057B8A2|Alex Knightfall|0.97|99.47351|96.39124|0|-2.520417||106e210386f32c8aa9cf5dfddc79d8e6
38|2021-09-26T12:08:34.0870000+01:00|40011DEA|Liquid Hand|00505000|2102398|12889320|10000|10000|0|0|97.24573|100.7858|0|0.7196875|DEAD|30|0|0|0|0|0|0|0|0|0|0|2804B1|416C2CCE|107629AA|0|0|0|2804B0|416C2CCE|107629AA|0759|40622C0B|10675739|072D|40F9FB7F|10752D6C||6577e28ad11835621fcfaf57a5d707fd
30|2021-09-26T12:08:34.0870000+01:00|72e|Bow Shock|0.00|10752D6C|Volkon Vysk|40011DEA|Liquid Hand|00|12889320|152511||5dd34a7b220ba9ae76eef67fc5041125
37|2021-09-26T12:08:34.1320000+01:00|40011D69|Living Liquid|00008E30|1742136|12889320|10000|10000|0||100.4196|100.328|0|-0.21222||f05206188d88069f9a41a04551d53117
37|2021-09-26T12:08:34.2220000+01:00|40011D69|Living Liquid|00008E31|1731605|12889320|10000|10000|0||100.4196|100.328|0|-0.21222||de76cc840fd6ba80d320285c4b2222fa
38|2021-09-26T12:08:34.2220000+01:00|40011D69|Living Liquid|00505000|1731605|12889320|10000|10000|0|0|100.4196|100.328|0|-0.21222|D7F7|30|0|0767|41C53D65|1057B8A2|2804B0|414932F4|107629AA|04CC|4265AB16|107ABEEC|2804B1|414932F4|107629AA|0A00A3|410CE963|107401EC|0759|41DD1EB4|10675739||0ff9d90905f419c6b46d015ccd6ae3e8
30|2021-09-26T12:08:34.2220000+01:00|72e|Bow Shock|0.00|10752D6C|Volkon Vysk|40011D69|Living Liquid|00|12889320|152511||19af57b84a30b3d0cdd56a7030a5765d
37|2021-09-26T12:08:34.2660000+01:00|40011DEA|Liquid Hand|00008E2B|2030364|12889320|10000|10000|0||97.24573|100.7858|0|0.7196875||ca9961f4c8a25f227539161c4b1f2e78
21|2021-09-26T12:08:34.2660000+01:00|40011D69|Living Liquid|4978|Unknown_4978|10752D6C|Volkon Vysk|730003|77DF0000|0|0|0|0|0|0|0|0|0|0|0|0|0|0|97310|152511|10000|10000|0|1000|99.71765|103.5934|0|-3.119994|1731605|12889320|10000|10000|0|1000|100.4196|100.328|0|-0.21222|00008E34|0|24f7b531ac943fb9999dc8a47a53521a
37|2021-09-26T12:08:34.3550000+01:00|40011DEA|Liquid Hand|00008E31|2022054|12889320|10000|10000|0||97.24573|100.7858|0|0.7196875|01|0|0|0||f9017234fd3936ec4569084629e48756
21|2021-09-26T12:08:34.3550000+01:00|1068703B|Tomo Uchuu|3E7D|Standard Step|1068703B|Tomo Uchuu|E|71A0000|0|0|0|0|0|0|0|0|0|0|0|0|0|0|84922|106478|10000|10000|0|1000|100.0079|104.4923|0|3.131124|84922|106478|10000|10000|0|1000|100.0079|104.4923|0|3.131124|00008E35|0|335035f2c9723c07d8e4377c0391495f
38|2021-09-26T12:08:34.3550000+01:00|1068703B|Tomo Uchuu|00505026|84922|106478|10000|10000|0|0|100.0079|104.4923|0|3.131124|18FB|30|0|14016A|41F00000|E0000000|0A0168|41F00000|E0000000|071F|42700000|1068703B|28FE0030|450E41EE|1068703B|0763|4199CAA9|10675739|08A8|40865600|107629AA|02BC|4111BA60|E0000000|071D|41F1E2FD|1068703B|0737|41F1E2FD|1068703B|078E|3F9DF41F|107629AA|013B|40F178D1|40011E12|071A|C1700000|1068703B|0344|40872B19|10675739|03BC|41113B73|10675739||dfa57a5a12c27ddf6d82ec6e3bfc37d1
26|2021-09-26T12:08:34.3550000+01:00|71a|Standard Step|15.00|1068703B|Tomo Uchuu|1068703B|Tomo Uchuu|00|106478|106478||9ec03d73e9efd6127c8daf65bcd61b0b
31|2021-09-26T12:08:34.3550000+01:00|1068703B|2500326|01|10762900|2BC|8b9c45ec44eb12c0e1504db033f6ddfd
21|2021-09-26T12:08:34.4450000+01:00|1057B8A2|Alex Knightfall|1D90|Esuna|1057B8A2|Alex Knightfall|10|2BC0000|1B|1D908000|0|0|0|0|0|0|0|0|0|0|0|0|73512|97285|2050|10000|0|1000|99.47351|96.39124|0|-2.520417|73512|97285|2050|10000|0|1000|99.47351|96.39124|0|-2.520417|00008E36|0|2a79057e07c6e88545a63ba1f92aea1b
38|2021-09-26T12:08:34.4900000+01:00|10752D6C|Volkon Vysk|00505025|97310|152511|10000|10000|0|0|99.71765|103.5934|0|-3.112259|DE36|30|0|14016A|41F00000|E0000000|0A0168|41F00000|E0000000|28FD0030|450EE36A|10752D6C|0728|4190A5E0|10752D6C|08A8|40820414|107629AA|02BC|410F916A|E0000000|0|0|0|0763|419CF9C5|10675739|0|0|0|0|0|0|0344|4093E785|10675739|072B|408BB64C|10752D6C|078E|3FD1274D|107629AA|013B|41014392|40011E12|0|0|0|0729|0|10752D6C||32e43b81c798443cbc198b4de7a211bb
30|2021-09-26T12:08:34.4900000+01:00|343|Aspected Benefic|0.00|10675739|Jasy Heavensong|10752D6C|Volkon Vysk|00|152511|97086||a6debad8f240665b59492ba207586f20
21|2021-09-26T12:08:34.5340000+01:00|107401EC|Raesa Velan|1D89|Swiftcast|107401EC|Raesa Velan|E|A70000|0|0|0|0|0|0|0|0|0|0|0|0|0|0|73358|96887|4400|10000|0|1000|99.46799|99.1935|0|-0.2635595|73358|96887|4400|10000|0|1000|99.46799|99.1935|0|-0.2635595|00008E37|0|7314affc5681177825a9a994c2eda41b
38|2021-09-26T12:08:34.5340000+01:00|107401EC|Raesa Velan|00505019|73358|96887|4400|10000|0|0|99.46799|99.1935|0|-0.2635595|DE36|30|0|0A016D|41F00000|E0000000|0A0168|41F00000|E0000000|29020030|45918334|107401EC|0763|41974796|10675739|08A8|40820C45|107629AA|078E|3F9810C8|107629AA|013B|40F449B8|40011E12|0344|407A3D9F|10675739|A7|C1200000|107401EC|0|0|0|0|0|0|03BC|410E5E44|10675739||4b81a0d96093b986e9304ab65bf82863
26|2021-09-26T12:08:34.5340000+01:00|a7|Swiftcast|10.00|107401EC|Raesa Velan|107401EC|Raesa Velan|00|96887|96887||dcdf660879772f5d674d501c3124ab38
21|2021-09-26T12:08:34.5780000+01:00|107ABEEC|Greiyan Fletz|1D37|Shifu|40011D69|Living Liquid|44710103|4DE60000|F30F|5138000|11B|1D378000|0|0|0|0|0|0|0|0|0|0|1731605|12889320|10000|10000|0|1000|100.4196|100.328|0|-0.21222|63248|106544|10000|10000|0|1000|100.8773|96.54382|0|-0.1233437|00008E38|0|838db095cb39cca33a47ad037345d075
37|2021-09-26T12:08:34.6670000+01:00|107401EC|Raesa Velan|00008E37|73358|96887|4400|10000|0||99.44299|100.1052|-0.01531982|0.04990292|1900|0|0|01|080000E7|0|41200000|107401EC||edb1e6596573ba9a4edc022b33f00961
38|2021-09-26T12:08:34.6670000+01:00|107401EC|Raesa Velan|00505019|73358|96887|4400|10000|0|0|99.44299|100.1052|-0.01531982|0.04990292|1EA7|30|0|0A016D|41F00000|E0000000|0A0168|41F00000|E0000000|29020030|45918224|107401EC|0763|41963733|10675739|08A8|407B9577|107629AA|078E|3F870AA3|107629AA|013B|40F0082E|40011E12|0344|4071BA8D|10675739|A7|411F47AE|107401EC|0|0|0|0|0|0|03BC|410C3D80|10675739||51e345243bc54f80761dc11754f92b99
37|2021-09-26T12:08:34.8000000+01:00|40011DEA|Liquid Hand|00008E32|1970094|12889320|10000|10000|0||97.24573|100.7858|0|0.710882|0|0|0|01|E3|0A|41C00000|107401EC||e765108cb6061b715e136ef0316c3af5
26|2021-09-26T12:08:34.8000000+01:00|a3|Thunder III|24.00|107401EC|Raesa Velan|40011DEA|Liquid Hand|0A|12889320|96887||a6084e19ed892a4e1e420cfb92f87dbf
37|2021-09-26T12:08:34.8000000+01:00|10752D6C|Volkon Vysk|00008E34|66623|152511|10000|10000|0||99.71765|103.7127|-0.00224255|-3.101373|2500|0|0|0||67e3c05fb2978c143a3cbb060d9f7ebd
37|2021-09-26T12:08:34.9330000+01:00|40011DEA|Liquid Hand|00008E33|1939869|12889320|10000|10000|0||97.24573|100.7858|0|0.6825778||d1e460caaaa43e0ccd18379c88368df2
39|2021-09-26T12:08:34.9340000+01:00|10675739|Jasy Heavensong|65999|97086|8356|10000|0|0|99.98131|96.15411|-0.003289629|0.1671613||9ec56e7dbe2cec89d00600957fd8b7ac
39|2021-09-26T12:08:34.9340000+01:00|10752D6C|Volkon Vysk|68148|152511|10000|10000|0|0|99.77596|103.8454|0|-3.097803||e851e5b424262deca41e43eefcd5fbd7
21|2021-09-26T12:08:34.9340000+01:00|107629AA|Joeson Lmoa|08|Shot|40011D69|Living Liquid|720203|147A0000|0|0|0|0|0|0|0|0|0|0|0|0|0|0|1731605|12889320|10000|10000|0|1000|100.4196|100.328|0|-0.2003208|75153|106059|10000|10000|0|1000|99.90076|96.97107|0|0.1519144|00008E39|0|85825f354786ccfd94569d4361b27784
39|2021-09-26T12:08:35.0230000+01:00|1068703B|Tomo Uchuu|85986|106478|10000|10000|0|0|100.0079|104.4923|0|3.133219||c743464ab3a55c2c78773bdd86aea96a
24|2021-09-26T12:08:35.0230000+01:00|40011D69|Living Liquid|DoT|0|5385|1731605|12889320|10000|10000|0|1000|100.4196|100.328|0|-0.2003208||83e84ed96dadaee6619bcf667df4e7bf
36|2021-09-26T12:08:35.0230000+01:00|1EB4|3|1751261070d28edc8a58947fc58f57f4
38|2021-09-26T12:08:35.0230000+01:00|40011D69|Living Liquid|00505000|1710224|12889320|10000|10000|0|0|100.4196|100.328|0|-0.2003208|15BE|30|0|0767|41BED2E4|1057B8A2|2804B0|413C5DF7|107629AA|04CC|426275DC|107ABEEC|2804B1|413C5DF7|107629AA|0A00A3|41001466|107401EC|0759|41D6B433|10675739||5b448cf05cd44de04c83bd859b80f6c7
37|2021-09-26T12:08:35.0690000+01:00|40011D69|Living Liquid|00008E33|1665643|12889320|10000|10000|0||100.4196|100.328|0|-0.1943314|01|0|0|0||2bdace1096c9fd029bcad6b82c7ac2a1
37|2021-09-26T12:08:35.0690000+01:00|1068703B|Tomo Uchuu|00008E35|85986|106478|10000|10000|0||100.0079|104.4923|0|3.139502|2600|0|0|01|0B00075A|0|41700000|1068703B||990dd92cff4090ef9637f959db22a4a9
39|2021-09-26T12:08:35.0690000+01:00|107629AA|Joeson Lmoa|76213|106059|10000|10000|0|0|99.90076|96.97107|0|0.1519144||6fbabb3fa9ecb4ac58220d2e253f6c4f
38|2021-09-26T12:08:35.0690000+01:00|1068703B|Tomo Uchuu|00505026|85986|106478|10000|10000|0|0|100.0079|104.4923|0|3.139502|94C8|31|0|14016A|41F00000|E0000000|0A0168|41F00000|E0000000|071F|42700000|1068703B|28FE0030|450E3689|1068703B|0763|4194166E|10675739|08A8|405F0A34|107629AA|02BC|410651EE|E0000000|071D|41EC2EC2|1068703B|0737|41EC2EC2|1068703B|078E|3F056113|107629AA|013B|40DAA7E9|40011E12|071A|416F47AE|1068703B|0344|4060B465|10675739|03BC|4105D301|10675739||b7c0f2b9f0856ff13fc305961a049d8d
39|2021-09-26T12:08:35.1140000+01:00|107ABEEC|Greiyan Fletz|64313|106544|10000|10000|0|0|100.8845|96.54739|-0.01531982|0.03693397||3214a388b829b1cfce7138db46c428a6
39|2021-09-26T12:08:35.1600000+01:00|1057B8A2|Alex Knightfall|74484|97285|1896|10000|0|0|99.47351|96.39124|0|-2.520417||10e9914e014acbd547cef71f7781c04c
39|2021-09-26T12:08:35.2010000+01:00|107401EC|Raesa Velan|74326|96887|4400|10000|0|0|99.41674|102.8146|0|1.003403||e8c088b4b34f584ada2287651d1f0dbd
26|2021-09-26T12:08:35.2910000+01:00|130|Aetherflow|9999.00|1057B8A2|Alex Knightfall|1057B8A2|Alex Knightfall|02|97285|97285||e0d41251143342aa8060a14fc138fe31
21|2021-09-26T12:08:35.2910000+01:00|1057B8A2|Alex Knightfall|1D0A|Excogitation|10752D6C|Volkon Vysk|320DD50E|4C40000|0|0|0|0|0|0|0|0|0|0|0|0|0|0|68148|152511|10000|10000|0|1000|100.0957|103.9179|-0.003294735|-3.094902|74484|97285|1896|10000|0|1000|99.47351|96.39124|0|-2.520417|00008E3A|0|ecba750f5cf5232461780694c4ea00e3
38|2021-09-26T12:08:35.3350000+01:00|107629AA|Joeson Lmoa|00505017|76213|106059|10000|10000|0|0|99.90076|96.97107|0|0.1519144|989A|31|0|0A016D|41F00000|E0000000|0A0168|41F00000|E0000000|28FE0030|450D8998|107629AA|0763|419522B9|10675739|02BC|41020C4D|E0000000|0|0|0|013B|40C9915C|40011E12|7D|40D178DD|107629AA|0|0|0|0344|406916B3|10675739|0|0|0|03BC|41018D60|10675739||f15dd6a5bcb6130f17c5f5e8bc3c4d5d
30|2021-09-26T12:08:35.3350000+01:00|78e|Troubadour|0.00|107629AA|Joeson Lmoa|107629AA|Joeson Lmoa|00|106059|106059||b65ce4d464a0139f04e2bce250b01f98
37|2021-09-26T12:08:35.3800000+01:00|40011D69|Living Liquid|00008E38|1645701|12889320|10000|10000|0||100.4196|100.328|0|-0.102605||27f3f83c20689890d622e4ea80295b6a
37|2021-09-26T12:08:35.3800000+01:00|107ABEEC|Greiyan Fletz|00008E38|64313|106544|10000|10000|10||101.0716|96.76315|-0.01531982|0.9156663|2200|0|0|01|0A000553|0|42200000|107ABEEC||5f6875181fff372654ef35a6f1778332
26|2021-09-26T12:08:35.3800000+01:00|513|Shifu|40.00|107ABEEC|Greiyan Fletz|107ABEEC|Greiyan Fletz|00|106544|106544||472a78a2504a09ec4fb377db0e21be8d
20|2021-09-26T12:08:35.3800000+01:00|10675739|Jasy Heavensong|1D90|Esuna|10675739|Jasy Heavensong|0.95|99.99231|96.17761|0|-0.004074812||62cd2f6002a513824485093b2a22a9f5
38|2021-09-26T12:08:35.3800000+01:00|107ABEEC|Greiyan Fletz|00505022|64313|106544|10000|10000|10|0|101.0716|96.76315|-0.01531982|0.9156663|989A|31|0|0720|42700000|1068703B|14016A|41F00000|E0000000|0A0168|41F00000|E0000000|28FE0030|450D8BC0|107ABEEC|02BC|410153FB|E0000000|0|0|0|0|0|0|0839|41E9AFC8|1068703B|0737|41E9AFC8|1068703B|08A8|404B1265|107629AA|0513|421FD1EC|107ABEEC|0763|4192A5CB|10675739|078E|3F1C29BF|107629AA|013B|40E1C288|40011E12|0344|40552F46|10675739|0|0|0|03BC|4100D50E|10675739|0|0|0|0129|41BC51DE|1057B8A2||7c40bce4a2970e34dc386e0283cb6cac
26|2021-09-26T12:08:35.3800000+01:00|720|Dance Partner|60.00|1068703B|Tomo Uchuu|107ABEEC|Greiyan Fletz|00|106544|106478||e922f9428cf15c08ce39852f8af5f2dd
38|2021-09-26T12:08:35.4690000+01:00|1057B8A2|Alex Knightfall|0050501C|74484|97285|1896|10000|0|0|99.47351|96.39124|0|-1.694718|989A|31|0|0A016D|41F00000|E0000000|1E016C|41F00000|E0000000|28FE0030|44D2DC73|1057B8A2|0763|4192FFE9|10675739|0|0|0|02BC|40FFCEDF|E0000000|0344|4058002C|10675739|08A8|4048417F|107629AA|0317|41A255EE|1057B8A2|0|0|0|0|0|0|013B|40C98932|40011E12|020130|0|1057B8A2|0|0|0|03BC|40FED105|10675739||f9dd1a10016c848201ea0b4bc206abd4
30|2021-09-26T12:08:35.4690000+01:00|78e|Troubadour|0.00|107629AA|Joeson Lmoa|1057B8A2|Alex Knightfall|00|97285|106059||e59fc9c4fc78e8450c1c2bca6fc3382b
37|2021-09-26T12:08:35.5580000+01:00|1057B8A2|Alex Knightfall|00008E36|74484|97285|1896|10000|0||99.47351|96.39124|0|-1.694718|1C00|0|0|01|05000040|0|0|E0000000||d2611881de5995c05f3d8bf147a799bb
24|2021-09-26T12:08:35.5580000+01:00|40011DEA|Liquid Hand|DoT|0|3A21|1939869|12889320|10000|10000|0|1000|97.24573|100.7858|0|0.7456698||fe2af41646bd467c9187fd2faf4a359b
38|2021-09-26T12:08:35.5580000+01:00|1057B8A2|Alex Knightfall|0050501C|74484|97285|1896|10000|0|0|99.47351|96.39124|0|-1.302574|DB16|30|0|0A016D|41F00000|E0000000|1E016C|41F00000|E0000000|28FE0030|44D2D99A|1057B8A2|0763|419249A4|10675739|0|0|0|0|0|0|0344|40524DFF|10675739|08A8|40428F52|107629AA|0317|41A19FA9|1057B8A2|0|0|0|0|0|0|013B|40C6B01B|40011E12|020130|0|1057B8A2|0|0|0|03BC|40FBF7EE|10675739||6a87037dd49b66b8937a9fffe3e81adb
30|2021-09-26T12:08:35.5580000+01:00|2bc|Throttle|0.00|E0000000||1057B8A2|Alex Knightfall|00|97285|||ed8778b6827a12e087ffe9e01cd66d39
38|2021-09-26T12:08:35.5580000+01:00|40011DEA|Liquid Hand|00505000|1924988|12889320|10000|10000|0|0|97.24573|100.7858|0|0.7456698|DB16|30|0|0A00A3|41B9978E|107401EC|0|0|0|0|0|0|2804B1|4154A399|107629AA|0|0|0|2804B0|4154A399|107629AA|0759|4004072D|10675739|072D|40CAE90B|10752D6C||d3dbf0f888a9034ae185b70503b2a4d8
38|2021-09-26T12:08:35.6020000+01:00|1068703B|Tomo Uchuu|00505026|85986|106478|10000|10000|0|0|100.0079|104.4923|0|3.082953|DB16|30|0|14016A|41F00000|E0000000|0A0168|41F00000|E0000000|071F|42700000|1068703B|28FE0030|450E2E05|1068703B|0763|418FD2DA|10675739|08A8|403CED88|107629AA|02BC|40FB9586|E0000000|071D|41E7EB2E|1068703B|0737|41E7EB2E|1068703B|0|0|0|013B|40C99991|40011E12|071A|4166C084|1068703B|0344|403E97B9|10675739|03BC|40FA97AC|10675739||5a25082f18600f7d9818bc95c4ffbb99
26|2021-09-26T12:08:35.6020000+01:00|71f|Closed Position|60.00|1068703B|Tomo Uchuu|1068703B|Tomo Uchuu|00|106478|106478||fc2d28923397d0387c18ae153f1edbe8
30|2021-09-26T12:08:35.6020000+01:00|78e|Troubadour|0.00|107629AA|Joeson Lmoa|1068703B|Tomo Uchuu|00|106478|106059||1e805fc15326b5a195462bccc8152041
37|2021-09-26T12:08:35.6900000+01:00|40011D69|Living Liquid|00008E39|1640459|12889320|10000|10000|0||100.4196|100.328|0|-0.07022858||85bd79272cf7c58712c66d7009809f19
38|2021-09-26T12:08:35.7340000+01:00|107401EC|Raesa Velan|00505019|74326|96887|4400|10000|0|0|99.43995|103.9709|-0.001939572|2.312932|DB16|30|0|0A016D|41F00000|E0000000|0A0168|41F00000|E0000000|29020030|4591799E|107401EC|0763|418DADFC|10675739|08A8|40374BBD|107629AA|0|0|0|013B|40CDE34D|40011E12|0344|402D70D3|10675739|A7|410E3541|107401EC|0|0|0|0|0|0|03BC|40F65622|10675739||6da0aeeffcd24805331ecaeb4bcf6484
30|2021-09-26T12:08:35.7340000+01:00|78e|Troubadour|0.00|107629AA|Joeson Lmoa|107401EC|Raesa Velan|00|96887|106059||6538af5b8585e62f98cad0edc8db7db1
21|2021-09-26T12:08:35.8240000+01:00|10675739|Jasy Heavensong|1D90|Esuna|10675739|Jasy Heavensong|10|2BC0000|1B|1D908000|0|0|0|0|0|0|0|0|0|0|0|0|65999|97086|8356|10000|0|1000|99.99231|96.17761|0|-0.004074812|65999|97086|8356|10000|0|1000|99.99231|96.17761|0|-0.004074812|00008E3B|0|41c69071952a9c3bc808149eae5b4529
21|2021-09-26T12:08:35.8690000+01:00|1068703B|Tomo Uchuu|3E80|Entrechat|1068703B|Tomo Uchuu|0|0|0|0|0|0|0|0|0|0|0|0|0|0|0|0|85986|106478|10000|10000|0|1000|100.0079|104.4923|0|3.082953|85986|106478|10000|10000|0|1000|100.0079|104.4923|0|3.082953|00008E3C|0|d0bf38fc9f192511762909fef7f2e440
38|2021-09-26T12:08:35.8690000+01:00|10675739|Jasy Heavensong|00505021|65999|97086|7956|10000|11|0|99.99231|96.17761|0|-0.004074812|DB16|30|0|0A0168|41F00000|E0000000|0F016B|41F00000|E0000000|0763|418B891E|10675739|28FE0030|450D7D84|10675739|0129|41B97EED|1057B8A2|08A8|402BD701|107629AA|0|0|0|0347|0|10675739|013B|40CDDB1A|40011E12|02BC|40F30A41|E0000000|0344|401C49E9|10675739|0|0|0|03BC|40F20C67|10675739||53debdcec2d917ca7aa0d9744bd94df4
30|2021-09-26T12:08:35.8690000+01:00|78e|Troubadour|0.00|107629AA|Joeson Lmoa|10675739|Jasy Heavensong|00|97086|106059||f1ceaa6e497e5f35e5a11af6231629de
31|2021-09-26T12:08:35.8690000+01:00|1068703B|2500326|1000001|10762900|00|ca60b4ca4065b2d1bec64c97043fa3c0
21|2021-09-26T12:08:35.9140000+01:00|107ABEEC|Greiyan Fletz|07|Attack|40011D69|Living Liquid|710003|EB40000|0|0|0|0|0|0|0|0|0|0|0|0|0|0|1640459|12889320|10000|10000|0|1000|100.4196|100.328|0|-0.07022858|64313|106544|10000|10000|0|1000|102.9866|99.85342|-0.002231722|0.5820931|00008E3D|0|c791ce457cea3721a5fb6b57ceebb0b9
38|2021-09-26T12:08:36.0020000+01:00|107ABEEC|Greiyan Fletz|00505022|64313|106544|10000|10000|10|0|102.9866|99.85342|-0.002231722|0.5820931|9598|31|0|0720|42700000|1068703B|14016A|41F00000|E0000000|0A0168|41F00000|E0000000|28FE0030|450D81D0|107ABEEC|02BC|40EEC086|E0000000|0|0|0|0|0|0|0839|41E4B5ED|1068703B|0737|41E4B5ED|1068703B|08A8|4023438C|107629AA|0513|421D5502|107ABEEC|0763|418DABF0|10675739|0|0|0|013B|40CDDB18|40011E12|0344|402D606D|10675739|0|0|0|03BC|40EDC2AC|10675739|0|0|0|0129|41B75803|1057B8A2||3a5cc708011d611eac422b976bdc462a
30|2021-09-26T12:08:36.0020000+01:00|78e|Troubadour|0.00|107629AA|Joeson Lmoa|107ABEEC|Greiyan Fletz|00|106544|106059||713fc6165ca8c033b9d7276600361aca
21|2021-09-26T12:08:36.0470000+01:00|107629AA|Joeson Lmoa|1CEC|Pitch Perfect|40011D69|Living Liquid|720203|684E0000|0|0|0|0|0|0|0|0|0|0|0|0|0|0|1640459|12889320|10000|10000|0|1000|100.4196|100.328|0|-0.07022858|76213|106059|10000|10000|0|1000|99.90076|96.97107|0|0.1519144|00008E3E|0|4950765d5f511e32f7238900b25d3c52
37|2021-09-26T12:08:36.0920000+01:00|10752D6C|Volkon Vysk|00008E3A|68148|152511|10000|10000|0||100.1449|103.9291|0|-3.094902|2500|0|0|01|06000504|FF9C|0|1057B8A2||be0a904266686e75bfd2280a9b9c52ab
26|2021-09-26T12:08:36.0920000+01:00|4c4|Excogitation|9999.00|1057B8A2|Alex Knightfall|10752D6C|Volkon Vysk|FF9C|152511|97285||4b498bf31b92d1083369533d39c87fe2
24|2021-09-26T12:08:36.0920000+01:00|10752D6C|Volkon Vysk|HoT|4C4|83A3|68148|152511|10000|10000|0|1000|100.1449|103.9291|0|-3.094902||462e41fb6670bfab83f1f17f300d9acc
21|2021-09-26T12:08:36.0920000+01:00|107401EC|Raesa Velan|8D|Fire|40011DEA|Liquid Hand|150003|57A10000|13D|2D8000|1B|8D8000|0|0|0|0|0|0|0|0|0|0|1924988|12889320|10000|10000|0|1000|97.24573|100.7858|0|0.7456698|74326|96887|4400|10000|0|1000|99.61176|104.4447|-0.0007921501|2.904312|00008E3F|0|3ad154103fad1edfc6544066b71d7ff6
22|2021-09-26T12:08:36.0920000+01:00|10752D6C|Volkon Vysk|3F0D|Demon Slice|40011D69|Living Liquid|710303|1D4A0000|1B|3F0D8000|0|0|0|0|0|0|0|0|0|0|0|0|1640459|12889320|10000|10000|0|1000|100.4196|100.328|0|-0.07022858|68148|152511|10000|10000|0|1000|100.1449|103.9291|0|-3.094902|00008E40|0|1f815e5e551540eae9ddb95331224adc
22|2021-09-26T12:08:36.0920000+01:00|10752D6C|Volkon Vysk|3F0D|Demon Slice|40011DEA|Liquid Hand|710103|173C0000|1B|3F0D8000|0|0|0|0|0|0|0|0|0|0|0|0|1924988|12889320|10000|10000|0|1000|97.24573|100.7858|0|0.7456698|68148|152511|10000|10000|0|1000|100.1449|103.9291|0|-3.094902|00008E40|1|9822cd7ed50c6cb5d205e09cda29ddd6
38|2021-09-26T12:08:36.0920000+01:00|107401EC|Raesa Velan|00505019|74326|96887|2800|10000|0|0|99.61176|104.4447|-0.0007921501|2.904312|18FB|30|0|0A016D|41F00000|E0000000|0A0168|41F00000|E0000000|29020030|459176C4|107401EC|0763|418AD2D8|10675739|08A8|402072A6|107629AA|0|0|0|013B|40C276C0|40011E12|0344|401697BC|10675739|0|0|0|0|0|0|0|0|0|03BC|40EAE995|10675739||eab684e30ef933aa3212641fa5b9f116
30|2021-09-26T12:08:36.0920000+01:00|a7|Swiftcast|0.00|107401EC|Raesa Velan|107401EC|Raesa Velan|00|96887|96887||ea6ad85505c35a81fb17532d6104400b
38|2021-09-26T12:08:36.0920000+01:00|10752D6C|Volkon Vysk|00505025|101847|152511|10000|10000|0|0|100.1449|103.9291|0|-3.094902|18FB|30|0|14016A|41F00000|E0000000|0A0168|41F00000|E0000000|28FD0030|450EC9D5|10752D6C|0728|4183D705|10752D6C|08A8|401D915F|107629AA|02BC|40EBE76F|E0000000|0|0|0|0763|41902AEA|10675739|0|0|0|0|0|0|0344|4041583D|10675739|072B|4030F5CB|10752D6C|078E|3D073764|107629AA|013B|40CF4BBA|40011E12|0|0|0|0729|0|10752D6C||e5a846d93a1ac8ba6ce4ea5a05d79acf
30|2021-09-26T12:08:36.0920000+01:00|4c4|Excogitation|0.00|1057B8A2|Alex Knightfall|10752D6C|Volkon Vysk|FF9C|152511|97285||3172bcb290ff07777f9d74f0cf66fb76
38|2021-09-26T12:08:36.1350000+01:00|10752D6C|Volkon Vysk|00505025|101847|152511|10000|10000|0|0|100.1449|103.9291|0|-3.094902|994C|31|0|14016A|41F00000|E0000000|0A0168|41F00000|E0000000|28FD0030|450EC921|10752D6C|0728|41837CE8|10752D6C|08A8|401AC07A|107629AA|02BC|40EA7EFC|E0000000|0|0|0|0763|418FD0CD|10675739|0|0|0|0|0|0|0344|403E8758|10675739|072B|402E24E6|10752D6C|0|0|0|013B|40CDE347|40011E12|0|0|0|0729|0|10752D6C||c25201cbd5dd73fdf4bc01398713c3e1
30|2021-09-26T12:08:36.1350000+01:00|78e|Troubadour|0.00|107629AA|Joeson Lmoa|10752D6C|Volkon Vysk|00|152511|106059||c829548343fff7fee6d58f2cf4447a11
21|2021-09-26T12:08:36.2240000+01:00|40011DEA|Liquid Hand|4979|Unknown_4979|10752D6C|Volkon Vysk|F1730006|6F2F0000|0|0|0|0|0|0|0|0|0|0|0|0|0|0|101847|152511|10000|10000|0|1000|100.1449|103.9291|0|-3.094997|1924988|12889320|10000|10000|0|1000|97.24573|100.7858|0|0.7456698|00008E41|0|7b2b8c8474e09e785fa47ffbcd4b2252
21|2021-09-26T12:08:36.2690000+01:00|1068703B|Tomo Uchuu|07|Attack|40011D69|Living Liquid|720003|109B0000|0|0|0|0|0|0|0|0|0|0|0|0|0|0|1640459|12889320|10000|10000|0|1000|100.4196|100.328|0|-0.07022858|85986|106478|10000|10000|0|1000|100.0079|104.4923|0|3.120652|00008E42|0|0266e7c95cd5d6c9d3231054c1f7ba59
21|2021-09-26T12:08:36.2690000+01:00|10752D6C|Volkon Vysk|07|Attack|40011D69|Living Liquid|710003|A5E0000|0|0|0|0|0|0|0|0|0|0|0|0|0|0|1640459|12889320|10000|10000|0|1000|100.4196|100.328|0|-0.07022858|101847|152511|10000|10000|0|1000|100.1449|103.9291|0|-3.094997|00008E43|0|edbd85d16e9427d624d7c26fe5e12eab
37|2021-09-26T12:08:36.4460000+01:00|40011D69|Living Liquid|00008E3D|1636695|12889320|10000|10000|0||100.4196|100.328|0|-0.07022858||6f87f26a27aebd873041426a6259b440
24|2021-09-26T12:08:36.4460000+01:00|10675739|Jasy Heavensong|HoT|0|37B1|80256|97086|7956|10000|0|1000|99.99231|96.17761|0|-0.004074812||5d9ede35e776f939f1e066d9030621fd
24|2021-09-26T12:08:36.4460000+01:00|10752D6C|Volkon Vysk|HoT|0|3586|115549|152511|10000|10000|0|1000|100.1449|103.9291|0|-3.094997||ea73f2d3b818195a921af1c72ebe8d24
38|2021-09-26T12:08:36.4460000+01:00|10675739|Jasy Heavensong|00505021|80256|97086|7956|10000|11|0|99.99231|96.17761|0|-0.004074812|D7F7|30|0|0A0168|41F00000|E0000000|0F016B|41F00000|E0000000|0763|4186E95D|10675739|28FE0030|450D7448|10675739|0129|41B4DF2C|1057B8A2|08A8|4006D90E|107629AA|0|0|0|0347|0|10675739|013B|40BB5C1D|40011E12|02BC|40E08B44|E0000000|0344|3FEE97EC|10675739|0|0|0|03BC|40DF8D6A|10675739||533ca182cb49e0d5cf6e2cb4fc2a153b
38|2021-09-26T12:08:36.4460000+01:00|10752D6C|Volkon Vysk|00505025|115549|152511|10000|10000|0|0|100.1449|103.9291|0|-3.094997|D7F7|30|0|14016A|41F00000|E0000000|0A0168|41F00000|E0000000|28FD0030|450EC429|10752D6C|0728|4180FFF9|10752D6C|08A8|4006D90E|107629AA|02BC|40E08B44|E0000000|0|0|0|0763|418D53DE|10675739|0|0|0|0|0|0|0344|402A9FEC|10675739|072B|401A3D7A|10752D6C|0|0|0|013B|40C3EF8F|40011E12|0|0|0|0729|0|10752D6C||ed91f8a6fd73963bdd9a634ef401cee1
24|2021-09-26T12:08:36.5350000+01:00|1068703B|Tomo Uchuu|HoT|0|2EB1|85986|106478|10000|10000|0|1000|100.0079|104.4923|0|3.126935||7aa46371a7297ba76e9d21819d918b51
38|2021-09-26T12:08:36.5350000+01:00|1068703B|Tomo Uchuu|00505026|97939|106478|10000|10000|0|0|100.0079|104.4923|0|3.126935|D7F7|30|0|14016A|41F00000|E0000000|0A0168|41F00000|E0000000|071F|42700000|1068703B|28FE0030|450E1F19|1068703B|0763|41885A01|10675739|08A8|400126E1|107629AA|02BC|40DDB22D|E0000000|071D|41E07255|1068703B|0737|41E07255|1068703B|0|0|0|013B|40ABB638|40011E12|071A|4157CEDD|1068703B|0344|4002D112|10675739|03BC|40DCB453|10675739||231b23a3a33d9a1d125d0ffdad4931ba
24|2021-09-26T12:08:36.5810000+01:00|107629AA|Joeson Lmoa|HoT|0|379D|76213|106059|10000|10000|0|1000|99.90076|96.97107|0|0.1519144||1e71fa33e9679c0bccf95ad122a7a4f3
38|2021-09-26T12:08:36.5810000+01:00|107401EC|Raesa Velan|00505019|74326|96887|2800|10000|0|0|99.86893|104.8278|-0.005618345|-2.563369|1954|30|0|0A016D|41F00000|E0000000|0A0168|41F00000|E0000000|29020030|459172DC|107401EC|0763|4186E95D|10675739|08A8|40A00000|107629AA|0|0|0|013B|40B2D0DA|40011E12|0344|3FEE97EE|10675739|0|0|0|0|0|0|0|0|0|03BC|40DB43AF|10675739||6a908f979a2c5759ef969291a670d7da
26|2021-09-26T12:08:36.5810000+01:00|8a8|The Wanderer's Minuet|5.00|107629AA|Joeson Lmoa|107401EC|Raesa Velan|00|96887|106059||6e0726da969769cc89e640b72ad303aa
38|2021-09-26T12:08:36.5810000+01:00|1057B8A2|Alex Knightfall|0050501C|74484|97285|1896|10000|0|0|99.47351|96.39124|0|0.08671904|1954|30|0|0A016D|41F00000|E0000000|1E016C|41F00000|E0000000|28FE0030|44D2B8E7|1057B8A2|0763|418A1C92|10675739|0|0|0|0|0|0|0344|4010E58D|10675739|08A8|40A00000|107629AA|0317|41997297|1057B8A2|0|0|0|0|0|0|013B|40A5FBDC|40011E12|020130|0|1057B8A2|0|0|0|03BC|40DB43AF|10675739||63b59977161d2c0d932cc37486c51497
26|2021-09-26T12:08:36.5810000+01:00|8a8|The Wanderer's Minuet|5.00|107629AA|Joeson Lmoa|1057B8A2|Alex Knightfall|00|97285|106059||fb06fa78cedb63146fe474108a4e28cd
38|2021-09-26T12:08:36.5810000+01:00|107629AA|Joeson Lmoa|00505017|90450|106059|10000|10000|0|0|99.90076|96.97107|0|0.1519144|1954|30|0|0A016D|41F00000|E0000000|0A0168|41F00000|E0000000|28FE0030|450D75B4|107629AA|0763|418B2CF4|10675739|02BC|40DC4189|E0000000|0|0|0|013B|40A1BA4B|40011E12|7D|40A9A1CC|107629AA|0|0|0|0344|4019689F|10675739|0|0|0|03BC|40DB43AF|10675739||8e8635342033b785ac36c5692d112aa0
38|2021-09-26T12:08:36.5810000+01:00|10675739|Jasy Heavensong|00505021|80256|97086|7956|10000|11|0|99.99231|96.19421|-0.01531982|-0.004074812|1954|30|0|0A0168|41F00000|E0000000|0F016B|41F00000|E0000000|0763|4185D6EE|10675739|28FE0030|450D7224|10675739|0129|41B3CCBD|1057B8A2|08A8|409E8F5C|107629AA|0|0|0|0347|0|10675739|013B|40B71262|40011E12|02BC|40DC4189|E0000000|0344|3FDD7103|10675739|0|0|0|03BC|40DB43AF|10675739||f06f693e57235dff2c369e0aed05df9f
26|2021-09-26T12:08:36.5810000+01:00|8a8|The Wanderer's Minuet|4.96|107629AA|Joeson Lmoa|10675739|Jasy Heavensong|00|97086|106059||147ceb09b2d68a5d2ad9dff6a2cfe270
38|2021-09-26T12:08:36.5810000+01:00|1068703B|Tomo Uchuu|00505026|97939|106478|10000|10000|0|0|100.0079|104.4923|0|3.105991|1954|30|0|14016A|41F00000|E0000000|0A0168|41F00000|E0000000|071F|42700000|1068703B|28FE0030|450E1E61|1068703B|0763|4187FDD8|10675739|08A8|409E8F5C|107629AA|02BC|40DC4189|E0000000|071D|41E0162C|1068703B|0737|41E0162C|1068703B|0|0|0|013B|40AA4594|40011E12|071A|4157168B|1068703B|0344|3FFFDF95|10675739|03BC|40DB43AF|10675739||2df79510ce5f4c6df1f4e1728eb7c9c1
26|2021-09-26T12:08:36.5810000+01:00|8a8|The Wanderer's Minuet|4.96|107629AA|Joeson Lmoa|1068703B|Tomo Uchuu|00|106478|106059||0a7ceba3118054bd0b24ec10119d7467
38|2021-09-26T12:08:36.5810000+01:00|10752D6C|Volkon Vysk|00505025|115549|152511|10000|10000|0|0|100.1449|103.9291|0|-3.094997|1954|30|0|14016A|41F00000|E0000000|0A0168|41F00000|E0000000|28FD0030|450EC205|10752D6C|0728|417FDB14|10752D6C|08A8|409E8F5C|107629AA|02BC|40DC4189|E0000000|0|0|0|0763|418C416F|10675739|0|0|0|0|0|0|0344|40220C77|10675739|072B|4011AA05|10752D6C|0|0|0|013B|40BFA5D4|40011E12|0|0|0|0729|0|10752D6C||4d3018cd8c69678de809a85aab59f77b
26|2021-09-26T12:08:36.5810000+01:00|8a8|The Wanderer's Minuet|4.96|107629AA|Joeson Lmoa|10752D6C|Volkon Vysk|00|152511|106059||ca15939b296837ea0394e66d3c470a2a
38|2021-09-26T12:08:36.5810000+01:00|107ABEEC|Greiyan Fletz|00505022|64313|106544|10000|10000|10|0|103.816|101.0039|0|1.321593|1954|30|0|0720|42700000|1068703B|14016A|41F00000|E0000000|0A0168|41F00000|E0000000|28FE0030|450D7894|107ABEEC|02BC|40DC4189|E0000000|0|0|0|0|0|0|0839|41E0162C|1068703B|0737|41E0162C|1068703B|08A8|409E8F5C|107629AA|0513|421B0528|107ABEEC|0763|41890C2F|10675739|0|0|0|013B|40BB5C1B|40011E12|0344|4008627A|10675739|0|0|0|03BC|40DB43AF|10675739|0|0|0|0129|41B2B842|1057B8A2||7429c67f93c25b45b424be97bb347e17
26|2021-09-26T12:08:36.5810000+01:00|8a8|The Wanderer's Minuet|4.96|107629AA|Joeson Lmoa|107ABEEC|Greiyan Fletz|00|106544|106059||0570963f8d0e138f4ca0bf3acb0fab5b
24|2021-09-26T12:08:36.6250000+01:00|107ABEEC|Greiyan Fletz|HoT|0|2F5E|64313|106544|10000|10000|0|1000|103.816|101.0039|0|1.321593||47886f4c62e42738b9f61a72be3ad6f8
38|2021-09-26T12:08:36.6250000+01:00|107ABEEC|Greiyan Fletz|00505022|76439|106544|10000|10000|10|0|103.816|101.0039|0|1.321593|1954|30|0|0720|42700000|1068703B|14016A|41F00000|E0000000|0A0168|41F00000|E0000000|28FE0030|450D77DC|107ABEEC|02BC|40DAD0E5|E0000000|0|0|0|0|0|0|0839|41DFBA03|1068703B|0737|41DFBA03|1068703B|08A8|409D1EB8|107629AA|0513|421AD714|107ABEEC|0763|4188B006|10675739|0|0|0|013B|40B9EB77|40011E12|0344|40058132|10675739|0|0|0|03BC|40D9D30B|10675739|0|0|0|0129|41B25C19|1057B8A2||fd5feddf599168ac139e3185eb983f30
24|2021-09-26T12:08:36.6690000+01:00|1057B8A2|Alex Knightfall|HoT|0|39A3|74484|97285|1896|10000|0|1000|99.47351|96.39124|0|0.08671904||3dece8327b60e2bf50383cd006f576de
38|2021-09-26T12:08:36.6690000+01:00|1057B8A2|Alex Knightfall|0050501C|89239|97285|1896|10000|0|0|99.47351|96.39124|0|0.08671904|1954|30|0|0A016D|41F00000|E0000000|1E016C|41F00000|E0000000|28FE0030|44D2B60E|1057B8A2|0763|4189664C|10675739|0|0|0|0|0|0|0344|400B3360|10675739|08A8|409D26E9|107629AA|0317|4198BC51|1057B8A2|0|0|0|0|0|0|013B|40A322C5|40011E12|020130|0|1057B8A2|0|0|0|03BC|40D86A98|10675739||c31d5c4c4cae89587eb6d2497b5bf817
37|2021-09-26T12:08:36.7150000+01:00|40011D69|Living Liquid|00008E40|1629197|12889320|10000|10000|0||100.4196|100.328|0|-0.07022858||f6ca2d00efbb80daece7f8262b70be5d
24|2021-09-26T12:08:36.7150000+01:00|107401EC|Raesa Velan|HoT|0|2E38|74326|96887|2800|10000|0|1000|99.90076|104.8752|-0.01531982|-2.563369||506284e6e2afc7470b9d9b8e5a80de4a
21|2021-09-26T12:08:36.7150000+01:00|107ABEEC|Greiyan Fletz|1D3A|Kasha|40011D69|Living Liquid|4F710203|5C050000|43D|B88000|11B|1D3A8000|0|0|0|0|0|0|0|0|0|0|1636695|12889320|10000|10000|0|1000|100.4196|100.328|0|-0.07022858|76439|106544|10000|10000|0|1000|103.8501|101.0609|-0.007226652|1.453542|00008E44|0|c7f5d2ae99abc94e602d73b87c93add0
38|2021-09-26T12:08:36.7150000+01:00|107401EC|Raesa Velan|00505019|86158|96887|2800|10000|0|0|99.90076|104.8752|-0.01531982|-2.563369|1954|30|0|0A016D|41F00000|E0000000|0A0168|41F00000|E0000000|29020030|459171CA|107401EC|0763|4185D6EE|10675739|08A8|409BB645|107629AA|0|0|0|013B|40AE871F|40011E12|0344|3FDD7105|10675739|0|0|0|0|0|0|0|0|0|03BC|40D6F9F4|10675739||c3180fd991f0faa0947ff3f0601c9ea8
37|2021-09-26T12:08:36.7600000+01:00|10752D6C|Volkon Vysk|00008E41|87086|152511|10000|10000|0||100.1449|103.9291|0|-3.094997|2500|0|0|0||75eb9fb2919b9c669ae3ca39cf25b91d
20|2021-09-26T12:08:36.7600000+01:00|1057B8A2|Alex Knightfall|1D90|Esuna|1068703B|Tomo Uchuu|0.97|99.47351|96.39124|0|0.08671904||b3f441a795ec4568f5e121d33191ed56
21|2021-09-26T12:08:36.7600000+01:00|107629AA|Joeson Lmoa|DE6|Empyreal Arrow|40011D69|Living Liquid|720003|2C7D0000|1B|DE68000|0|0|0|0|0|0|0|0|0|0|0|0|1629197|12889320|10000|10000|0|1000|100.4196|100.328|0|-0.07022858|90450|106059|10000|10000|0|1000|99.90076|96.97107|0|0.1519144|00008E45|0|1dba977cbca134bf38d11d54a6e03217
37|2021-09-26T12:08:36.8040000+01:00|40011D69|Living Liquid|00008E42|1624946|12889320|10000|10000|0||100.4196|100.328|0|-0.07022858||66e15675c78896bea70a40c727a5a1bb
37|2021-09-26T12:08:36.8040000+01:00|40011D69|Living Liquid|00008E43|1622292|12889320|10000|10000|0||100.4196|100.328|0|-0.07022858||1d9a3be6f581a558963582564335f46d
37|2021-09-26T12:08:36.8490000+01:00|40011D69|Living Liquid|00008E3E|1595590|12889320|10000|10000|0||100.4196|100.328|0|-0.07022858||5894202e6ad2a6460712cdc40b9f4d18
37|2021-09-26T12:08:36.8490000+01:00|40011DEA|Liquid Hand|00008E40|1919040|12889320|10000|10000|0||97.24573|100.7858|0|0.7456698|01|0|0|0||559f3bc67bace85c5f8e63d1c9a408d1
21|2021-09-26T12:08:36.8490000+01:00|1068703B|Tomo Uchuu|3E7F|Emboite|1068703B|Tomo Uchuu|0|0|0|0|0|0|0|0|0|0|0|0|0|0|0|0|97939|106478|10000|10000|0|1000|100.0079|104.4923|0|3.105991|97939|106478|10000|10000|0|1000|100.0079|104.4923|0|3.105991|00008E46|0|857cb100c46669b6ef3feee0135e7c29
31|2021-09-26T12:08:36.8490000+01:00|1068703B|2500326|2000001|E0000000|00|6fccd98d88d2e4b94cc325218402133f
37|2021-09-26T12:08:36.9390000+01:00|10675739|Jasy Heavensong|00008E3B|80256|97086|7956|10000|11||99.99231|97.22769|0|-0.004074812|2100|0|0|01|09000040|0|0|E0000000||9c1eb4bb602c9cd57edfc47c6cedbcbf
38|2021-09-26T12:08:36.9390000+01:00|10675739|Jasy Heavensong|00505021|80256|97086|7956|10000|11|0|99.99231|97.22769|0|-0.004074812|1EA7|30|0|0A0168|41F00000|E0000000|0F016B|41F00000|E0000000|0763|4182F9BE|10675739|28FE0030|450D6C6C|10675739|0129|41B0EF8D|1057B8A2|08A8|40931A9E|107629AA|0|0|0|0347|0|10675739|013B|40AB9DA4|40011E12|0|0|0|0344|3FAF9E13|10675739|0|0|0|03BC|40CFCEF1|10675739||225b9a1f1d51762828db89a2e8aca75f
30|2021-09-26T12:08:36.9390000+01:00|2bc|Throttle|0.00|E0000000||10675739|Jasy Heavensong|00|97086|||be65eda10916fcf5cca68373c932b6bb
37|2021-09-26T12:08:37.1160000+01:00|40011DEA|Liquid Hand|00008E3F|1896607|12889320|10000|10000|0||97.24573|100.7858|0|0.7456698||2b0b8b6c7ef8e2cf6f14e994487babc6
21|2021-09-26T12:08:37.2050000+01:00|1057B8A2|Alex Knightfall|1D90|Esuna|1068703B|Tomo Uchuu|10|2BC0000|1B|1D908000|0|0|0|0|0|0|0|0|0|0|0|0|97939|106478|10000|10000|0|1000|100.0079|104.4923|0|3.105991|89239|97285|1896|10000|0|1000|99.47351|96.39124|0|0.06554707|00008E47|0|5a9804ac7f4d166a2aa70dcfcd1bf88d
21|2021-09-26T12:08:37.2930000+01:00|40011D69|Living Liquid|4978|Unknown_4978|10752D6C|Volkon Vysk|730003|7DC80000|0|0|0|0|0|0|0|0|0|0|0|0|0|0|87086|152511|10000|10000|0|1000|100.1449|103.9291|0|-3.122137|1595590|12889320|10000|10000|0|1000|100.4196|100.328|0|-0.07022858|00008E48|0|a412d715cce1c65d2468ec4ddd405697
37|2021-09-26T12:08:37.3370000+01:00|40011D69|Living Liquid|00008E44|1572033|12889320|10000|10000|0||100.4196|100.328|0|-0.07022858||4737196b0d2a68514f451ef35981128e
38|2021-09-26T12:08:37.6510000+01:00|40011DEA|Liquid Hand|00505000|1896607|12889320|10000|10000|0|0|97.24573|100.7858|0|0.7456698|1AB8|30|0|0A00A3|41A8DB1C|107401EC|0|0|0|0|0|0|2804B1|41332ACB|107629AA|0|0|0|2804B0|41332ACB|107629AA|0|0|0|072D|4087F756|10752D6C||966e801c48edbb5f39c663f543dd8ac1
30|2021-09-26T12:08:37.6510000+01:00|759|Combust III|0.00|10675739|Jasy Heavensong|40011DEA|Liquid Hand|00|12889320|97086||24d4c856d4aa50371c2cd099febfd902
20|2021-09-26T12:08:37.7390000+01:00|10675739|Jasy Heavensong|1D90|Esuna|10752D6C|Volkon Vysk|0.95|99.96179|101.5958|0|-0.004074812||507e109018649ea195c97a73ff0ea01a
37|2021-09-26T12:08:37.7830000+01:00|40011D69|Living Liquid|00008E45|1560644|12889320|10000|10000|0||100.4196|100.328|0|-0.07022858||f1df93475396e3b72de05b903f689179
37|2021-09-26T12:08:37.8280000+01:00|10752D6C|Volkon Vysk|00008E48|54886|152511|10000|10000|0||100.1449|103.8987|0|-3.130471|2500|0|0|0||702bf87a93f234104581c145240ac329
38|2021-09-26T12:08:37.8280000+01:00|1075A2E4|Niru Summers|00505015|30615|153077|2000|10000|0|0|99.63265|96.62526|0|-4.792213E-05|1AB8|30|0|0A016D|41F00000|E0000000|0A0168|41F00000|E0000000|5B|0|1075A2E4|28FD0030|450ECCA5|1075A2E4|0|0|0|2B|42C80000|E0000000|01A2|40A00000|E0000000||dafb4ee21f09397254efe1d6289d7881
30|2021-09-26T12:08:37.8280000+01:00|94|Raise|0.00|1057B8A2|Alex Knightfall|1075A2E4|Niru Summers|08|153077|97285||4ec3fb1cb405ee86a519a80da012ff4c
26|2021-09-26T12:08:37.8280000+01:00|2b|Weakness|100.00|E0000000||1075A2E4|Niru Summers|00|153077|||1f4baf51476784131abacb07630579b1
26|2021-09-26T12:08:37.8280000+01:00|1a2|Transcendent|5.00|E0000000||1075A2E4|Niru Summers|00|153077|||0efe3a4e7df7a1f7edb15c6ccbbe2972
39|2021-09-26T12:08:37.9610000+01:00|10675739|Jasy Heavensong|81226|97086|8220|10000|0|0|99.96179|101.9819|-0.0008350902|0.03055838||8fac9a068f5543fd96aca6dae83ddb31
39|2021-09-26T12:08:37.9610000+01:00|10752D6C|Volkon Vysk|56411|152511|10000|10000|0|0|100.1306|103.3942|0|-3.127212||9a53038cc510989722e2ae3a8721ece2
24|2021-09-26T12:08:38.0060000+01:00|40011D69|Living Liquid|DoT|0|4CF5|1560644|12889320|10000|10000|0|1000|100.4196|100.328|0|-0.07022858||c973896173eba283769de824b59f7281
21|2021-09-26T12:08:38.0060000+01:00|107629AA|Joeson Lmoa|08|Shot|40011D69|Living Liquid|720003|F440000|0|0|0|0|0|0|0|0|0|0|0|0|0|0|1560644|12889320|10000|10000|0|1000|100.4196|100.328|0|-0.07022858|90450|106059|10000|10000|0|1000|99.90076|96.97107|0|0.1519144|00008E49|0|ea0c71dca59287a41fa2267bb6b78c71
36|2021-09-26T12:08:38.0060000+01:00|1F90|3|fe3e8cfc2177707bc39022fd1f5652ab
38|2021-09-26T12:08:38.0060000+01:00|40011D69|Living Liquid|00505000|1540943|12889320|10000|10000|0|0|100.4196|100.328|0|-0.07022858|5220|6D|0|0767|41A6F5AD|1057B8A2|2804B0|410CA3A3|107629AA|04CC|42568759|107ABEEC|2804B1|410CA3A3|107629AA|0A00A3|40A0B401|107401EC|0759|41BED6FC|10675739||decd5399b31b06ca844b8e789bd9f24b
39|2021-09-26T12:08:38.0500000+01:00|1068703B|Tomo Uchuu|99003|106478|10000|10000|0|0|100.0079|104.4923|0|3.105991||259a0c09eaeb49c879331f20d3ddcfe9
39|2021-09-26T12:08:38.0940000+01:00|107629AA|Joeson Lmoa|91510|106059|10000|10000|0|0|99.90076|96.97107|0|0.1519144||0a85d52b3a01c96881a002669cf54367
39|2021-09-26T12:08:38.1380000+01:00|107ABEEC|Greiyan Fletz|77504|106544|10000|10000|0|0|100.8984|104.381|-0.002818156|-1.168383||d39568d4e2468e81502b4446e0d0c93d
39|2021-09-26T12:08:38.1830000+01:00|1057B8A2|Alex Knightfall|90211|97285|1742|10000|0|0|99.47351|96.39124|0|0.0627501||ccb83346168a2ac47f54c4ae3d03944a
21|2021-09-26T12:08:38.1830000+01:00|10675739|Jasy Heavensong|1D90|Esuna|10752D6C|Volkon Vysk|10|2BC0000|1B|1D908000|0|0|0|0|0|0|0|0|0|0|0|0|56411|152511|10000|10000|0|1000|100.0844|101.7627|-0.001575979|-3.116672|81226|97086|8220|10000|0|1000|99.96179|102.2043|-0.01531982|0.07780664|00008E4A|0|776b6dd3e64fb9f98d82f74ace556cba
39|2021-09-26T12:08:38.2270000+01:00|107401EC|Raesa Velan|87126|96887|2800|10000|0|0|100.0991|104.9233|-0.005656596|-2.563369||7aed9cc44b3bb553de4d83e8585d9b77
21|2021-09-26T12:08:38.2270000+01:00|107ABEEC|Greiyan Fletz|07|Attack|40011D69|Living Liquid|710203|11990000|0|0|0|0|0|0|0|0|0|0|0|0|0|0|1540943|12889320|10000|10000|0|1000|100.4196|100.328|0|-0.1033024|77504|106544|10000|10000|0|1000|100.7764|104.4572|-0.0007294938|-1.573996|00008E4B|0|3aef32de85b2580ef13cf1bede99fa15
38|2021-09-26T12:08:38.2730000+01:00|107ABEEC|Greiyan Fletz|00505022|77504|106544|10000|10000|10|0|100.6977|104.4215|-0.01531982|-1.857946|0|0|0|0720|42700000|1068703B|14016A|41F00000|E0000000|0A0168|41F00000|E0000000|28FE0030|450D5D8C|107ABEEC|02BC|40A61CA3|E0000000|0|0|0|0|0|0|0839|42700000|1068703B|0737|41D28CEE|1068703B|08A8|4050D4F7|107629AA|0513|42144099|107ABEEC|0763|417705EB|10675739|0|0|0|013B|40853735|40011E12|0344|3EE0C5F8|10675739|0|0|0|03BC|40A51EC9|10675739|0|0|0|0129|41A52F04|1057B8A2||9b0d6a7d8468d3a680f4436594e26eb1
26|2021-09-26T12:08:38.2730000+01:00|720|Dance Partner|60.00|1068703B|Tomo Uchuu|107ABEEC|Greiyan Fletz|00|106544|106478||9b4c7ad8e6e6ec4a5ea22c5b60ea13c0
26|2021-09-26T12:08:38.2730000+01:00|839|Standard Finish|60.00|1068703B|Tomo Uchuu|107ABEEC|Greiyan Fletz|00|106544|106478||6949c91a873c53892f790dd99f808c8d
38|2021-09-26T12:08:38.2730000+01:00|107ABEEC|Greiyan Fletz|00505022|77504|106544|10000|10000|10|0|100.6977|104.4215|-0.01531982|-1.857946|948D|31|0|0720|42700000|1068703B|14016A|41F00000|E0000000|0A0168|41F00000|E0000000|28FE0030|450D5D8C|107ABEEC|02BC|40A61CA3|E0000000|0|0|0|0|0|0|0839|42700000|1068703B|0737|42700000|1068703B|08A8|4050D4F7|107629AA|0513|42144099|107ABEEC|0763|417705EB|10675739|0|0|0|013B|40853735|40011E12|0344|3EE0C5F8|10675739|0|0|0|03BC|40A51EC9|10675739|0|0|0|0129|41A52F04|1057B8A2||43e0655e7e3ea48430cb1e912d5267e9
26|2021-09-26T12:08:38.2730000+01:00|737|Esprit|60.00|1068703B|Tomo Uchuu|107ABEEC|Greiyan Fletz|00|106544|106478||70fd5da8e225278ac99a214348e31a5c
22|2021-09-26T12:08:38.2730000+01:00|1068703B|Tomo Uchuu|3F40|Double Standard Finish|1068703B|Tomo Uchuu|50E|71D0000|E|7370000|0|0|0|0|0|0|0|0|0|0|0|0|99003|106478|10000|10000|0|1000|100.0079|104.4923|0|3.11018|99003|106478|10000|10000|0|1000|100.0079|104.4923|0|3.11018|00008E4C|0|3c3bb3aabbcfe23ef8d1817f549586ff
22|2021-09-26T12:08:38.2730000+01:00|1068703B|Tomo Uchuu|3F40|Double Standard Finish|40011D69|Living Liquid|720003|B32A0000|0|0|0|0|0|0|0|0|0|0|0|0|0|0|1540943|12889320|10000|10000|0|1000|100.4196|100.328|0|-0.160591|99003|106478|10000|10000|0|1000|100.0079|104.4923|0|3.11018|00008E4C|1|0115b531819f7d69daedd8091eedd985
22|2021-09-26T12:08:38.2730000+01:00|1068703B|Tomo Uchuu|3F40|Double Standard Finish|40011DEA|Liquid Hand|720003|2B8A0000|0|0|0|0|0|0|0|0|0|0|0|0|0|0|1896607|12889320|10000|10000|0|1000|97.24573|100.7858|0|1.145015|99003|106478|10000|10000|0|1000|100.0079|104.4923|0|3.11018|00008E4C|2|eb0020a527aeddf4428b15e0db345d4e
38|2021-09-26T12:08:38.2730000+01:00|1068703B|Tomo Uchuu|00505026|99003|106478|10000|10000|0|0|100.0079|104.4923|0|3.11018|5220|6D|0|14016A|41F00000|E0000000|0A0168|41F00000|E0000000|071F|42700000|1068703B|28FE0030|450E0359|1068703B|0763|4174E93E|10675739|08A8|4050D4F7|107629AA|02BC|40A61CA3|E0000000|071D|42700000|1068703B|0737|42700000|1068703B|0|0|0|013B|40684162|40011E12|0|0|0|0344|3E9D307C|10675739|03BC|40A51EC9|10675739||b015926f18aef50349e0384c3ba24639
26|2021-09-26T12:08:38.2730000+01:00|71f|Closed Position|60.00|1068703B|Tomo Uchuu|1068703B|Tomo Uchuu|00|106478|106478||f28a708f873c17a8259844aa08d24d42
26|2021-09-26T12:08:38.2730000+01:00|71d|Standard Finish|60.00|1068703B|Tomo Uchuu|1068703B|Tomo Uchuu|00|106478|106478||bae4bd30b0e0e3dca52f49277ef4d175
26|2021-09-26T12:08:38.2730000+01:00|737|Esprit|60.00|1068703B|Tomo Uchuu|1068703B|Tomo Uchuu|00|106478|106478||fce760d8e33d78366dad18a6c42cfa52
30|2021-09-26T12:08:38.2730000+01:00|71a|Standard Step|0.00|1068703B|Tomo Uchuu|1068703B|Tomo Uchuu|00|106478|106478||b3cbc0afe7286d1642348d204e542778
31|2021-09-26T12:08:38.2730000+01:00|1068703B|500326|00|10762900|2BC|e9b215a89e2ac873258a51b3e18cd25e
37|2021-09-26T12:08:38.3160000+01:00|1068703B|Tomo Uchuu|00008E47|99003|106478|10000|10000|0||100.0079|104.4923|0|3.11018|2600|0|0|01|06000040|0|0|E0000000||5f51a06af3ebf7aef21f01cd69fd2727
38|2021-09-26T12:08:38.3160000+01:00|10675739|Jasy Heavensong|00505021|81226|97086|7820|10000|11|0|99.96179|102.2876|-0.01531982|0.8995448|9598|31|0|0A0168|41F00000|E0000000|0F016B|41F00000|E0000000|0763|416FE734|10675739|28FE0030|450D5668|10675739|0129|41A5E962|1057B8A2|08A8|404E0412|107629AA|0|0|0|0347|0|10675739|013B|407F0A13|40011E12|0|0|0|0|0|0|0|0|0|03BC|40A3B656|10675739||315c21c6bf6e778f05b41cec77fa4aea
30|2021-09-26T12:08:38.3160000+01:00|344|Aspected Helios|0.00|10675739|Jasy Heavensong|10675739|Jasy Heavensong|00|97086|97086||82d8d83eb2474d8f1b2d9642c3c805f7
38|2021-09-26T12:08:38.3160000+01:00|1068703B|Tomo Uchuu|00505026|99003|106478|10000|10000|0|0|100.0079|104.4923|0|3.11018|9598|31|0|14016A|41F00000|E0000000|0A0168|41F00000|E0000000|071F|42700000|1068703B|28FE0030|450E02A5|1068703B|0763|41743505|10675739|08A8|404E0412|107629AA|0|0|0|071D|426FD2F2|1068703B|0737|426FD2F2|1068703B|0|0|0|013B|4065707D|40011E12|0|0|0|0344|3E86A951|10675739|03BC|40A3B656|10675739||17c6e26d2f26ac0ad8feed7b2dbbdfc3
30|2021-09-26T12:08:38.3160000+01:00|2bc|Throttle|0.00|E0000000||1068703B|Tomo Uchuu|00|106478|||813f8fc9ee06050874957a1355e7bbbe
20|2021-09-26T12:08:38.4050000+01:00|107401EC|Raesa Velan|DF9|Fire IV|40011DEA|Liquid Hand|2.62|100.1144|104.9363|0|-2.563369||a229d52c3eb126d1456bf4ec76677adc
38|2021-09-26T12:08:38.4500000+01:00|107401EC|Raesa Velan|00505019|87126|96887|2800|10000|0|0|100.1144|104.9363|0|-2.563369|1DF5|30|0|0A016D|41F00000|E0000000|0A0168|41F00000|E0000000|29020030|459163EE|107401EC|0763|416FEB4C|10675739|08A8|40486247|107629AA|0|0|0|013B|406E03F2|40011E12|0|0|0|0|0|0|0|0|0|0|0|0|03BC|409F74CC|10675739||d489a3aaa2defa8a86b93ba00bcc16db
30|2021-09-26T12:08:38.4500000+01:00|344|Aspected Helios|0.00|10675739|Jasy Heavensong|107401EC|Raesa Velan|00|96887|97086||1baf48b18268c74a2b272615c80fd4c6
24|2021-09-26T12:08:38.5380000+01:00|40011DEA|Liquid Hand|DoT|0|2B6D|1896607|12889320|10000|10000|0|1000|97.24573|100.7858|0|1.507388||abf556fa2b38a9ce78fec43a91abab39
38|2021-09-26T12:08:38.5380000+01:00|40011DEA|Liquid Hand|00505000|1885490|12889320|10000|10000|0|0|97.24573|100.7858|0|1.507388|1DF5|30|0|0A00A3|41A1C078|107401EC|0|0|0|0|0|0|2804B1|4124F590|107629AA|0|0|0|2804B0|4124F590|107629AA|0|0|0|072D|405719AE|10752D6C||8e2f59e538ffa3574abd3711963136d7
21|2021-09-26T12:08:38.5830000+01:00|1075A2E4|Niru Summers|1D6D|Provoke|40011D69|Living Liquid|18|DEE40000|0|0|0|0|0|0|0|0|0|0|0|0|0|0|1540943|12889320|10000|10000|0|1000|100.4196|100.328|0|-0.7668912|30615|153077|2000|10000|0|1000|99.63265|96.62526|0|-4.792213E-05|00008E4D|0|21b3efd0fad5a6ac01f3facdbd359ba1
21|2021-09-26T12:08:38.5830000+01:00|1075A2E4|Niru Summers|07|Attack|40011D69|Living Liquid|710003|9920000|0|0|0|0|0|0|0|0|0|0|0|0|0|0|1540943|12889320|10000|10000|0|1000|100.4196|100.328|0|-0.7668912|30615|153077|2000|10000|0|1000|99.63265|96.62526|0|-4.792213E-05|00008E4E|0|6f4e7e94584d93521071686a004cf67f
38|2021-09-26T12:08:38.5830000+01:00|1075A2E4|Niru Summers|00505015|30615|153077|2000|10000|0|0|99.63265|96.62526|0|-4.792213E-05|94C8|31|0|0A016D|41F00000|E0000000|0A0168|41F00000|E0000000|5B|0|1075A2E4|28FD0030|450EC095|1075A2E4|0|0|0|2B|42C67D74|E0000000||a2b907eace0e154f82382b7bce7f94c8
30|2021-09-26T12:08:38.5830000+01:00|1a2|Transcendent|0.00|E0000000||1075A2E4|Niru Summers|00|153077|||8832cb9fb6b88b9da1b818485239b278
38|2021-09-26T12:08:38.5830000+01:00|1068703B|Tomo Uchuu|00505026|99003|106478|10000|10000|0|0|100.0079|104.4923|0|3.118558|94C8|31|0|14016A|41F00000|E0000000|0A0168|41F00000|E0000000|071F|42700000|1068703B|28FE0030|450DFE65|1068703B|0763|416FF37D|10675739|08A8|403CFDEE|107629AA|0|0|0|071D|426EC292|1068703B|0737|426EC292|1068703B|0|0|0|013B|40546A59|40011E12|0|0|0|0|0|0|03BC|409B3342|10675739||7a6b5a5dc25ccbb41076b2895e710c6e
30|2021-09-26T12:08:38.5830000+01:00|344|Aspected Helios|0.00|10675739|Jasy Heavensong|1068703B|Tomo Uchuu|00|106478|97086||957732f6cccb1e527dd06275c98329de
38|2021-09-26T12:08:38.7160000+01:00|107ABEEC|Greiyan Fletz|00505022|77504|106544|10000|10000|10|0|100.4312|104.3007|-0.005359741|-2.819242|D7F7|30|0|0720|42700000|1068703B|14016A|41F00000|E0000000|0A0168|41F00000|E0000000|28FE0030|450D5674|107ABEEC|02BC|4097E761|E0000000|0|0|0|0|0|0|0839|426E395C|1068703B|0737|426E395C|1068703B|08A8|40346A79|107629AA|0513|421279F5|107ABEEC|0763|416FEB4D|10675739|0|0|0|013B|406E03EA|40011E12|0|0|0|0|0|0|03BC|4096E987|10675739|0|0|0|0129|41A1A1B2|1057B8A2||af79dc018cf9d8e443135ed9d817166e
30|2021-09-26T12:08:38.7160000+01:00|344|Aspected Helios|0.00|10675739|Jasy Heavensong|107ABEEC|Greiyan Fletz|00|106544|97086||77f0c99f9dd1741b90e73d6c9e84b40a
37|2021-09-26T12:08:38.7610000+01:00|40011D69|Living Liquid|00008E49|1537035|12889320|10000|10000|0||100.4196|100.328|0|-1.446534||291494c046e83de66fca3513ae760be4
37|2021-09-26T12:08:38.7610000+01:00|40011D69|Living Liquid|00008E4B|1532530|12889320|10000|10000|0||100.4196|100.328|0|-1.446534||5474e868793460db5c0f748e9e6a1f3a
21|2021-09-26T12:08:38.7610000+01:00|107629AA|Joeson Lmoa|DE8|Iron Jaws|40011D69|Living Liquid|720003|120C0000|28C49B0E|4B00000|28C4830E|4B10000|F|7A8000|0|0|0|0|0|0|0|0|1532530|12889320|10000|10000|0|1000|100.4196|100.328|0|-1.446534|91510|106059|10000|10000|0|1000|99.90076|96.97107|0|0.1519144|00008E4F|0|7d9a1ca31165c56fc79f3dbadc1ea892
38|2021-09-26T12:08:38.7610000+01:00|107629AA|Joeson Lmoa|00505017|91510|106059|10000|10000|0|0|99.90076|96.97107|0|0.1519144|D7F7|30|0|0A016D|41F00000|E0000000|0A0168|41F00000|E0000000|28FE0030|450D52DC|107629AA|0763|41737480|10675739|02BC|409676BD|E0000000|7A|C1200000|107629AA|013B|4037DF0D|40011E12|7D|4047AE0C|107629AA|0|0|0|0344|3E5D31AF|10675739|0|0|0|03BC|409578E3|10675739||932a133249d3798ab994f8c64ab0187c
26|2021-09-26T12:08:38.7610000+01:00|7a|Straight Shot Ready|10.00|107629AA|Joeson Lmoa|107629AA|Joeson Lmoa|00|106059|106059||e32750f2c30f71fdcb8972d4e85d5910
37|2021-09-26T12:08:38.8050000+01:00|1068703B|Tomo Uchuu|00008E4C|99003|106478|10000|10000|0||100.0079|104.4923|0|3.118558|2600|0|0|02|0700075D|0|426E0B48|1068703B|08002DB7|0|426E0B48|1068703B||6b3350e913bdfd2611c007f5bf59cbb1
21|2021-09-26T12:08:38.8500000+01:00|107ABEEC|Greiyan Fletz|1D35|Hakaze|40011D69|Living Liquid|710003|1DD70000|1B|1D358000|0|0|0|0|0|0|0|0|0|0|0|0|1532530|12889320|10000|10000|0|1000|100.4196|100.328|0|-1.870067|77504|106544|10000|10000|0|1000|100.4196|104.2954|0|-2.861158|00008E50|0|ab50f25812297abd6d1b20cb083575ae
38|2021-09-26T12:08:38.8500000+01:00|1057B8A2|Alex Knightfall|0050501C|90211|97285|1742|10000|0|0|99.47351|96.39124|0|0.0627501|D7F7|30|0|0A016D|41F00000|E0000000|1E016C|41F00000|E0000000|28FE0030|44D27051|1057B8A2|0763|416FEB4C|10675739|0|0|0|0|0|0|0|0|0|08A8|402EC8AE|107629AA|0317|41874BA4|1057B8A2|0|0|0|0|0|0|013B|403AC064|40011E12|020130|0|1057B8A2|0|0|0|03BC|4092A7FD|10675739||9a7ced7bc4f0001bae5237d2fa68f69c
30|2021-09-26T12:08:38.8500000+01:00|344|Aspected Helios|0.00|10675739|Jasy Heavensong|1057B8A2|Alex Knightfall|00|97285|97086||fd185535190861fef3718bfa774db57f
38|2021-09-26T12:08:38.8940000+01:00|10752D6C|Volkon Vysk|00505025|56411|152511|10000|10000|0|0|99.88924|97.33762|-0.001687478|-3.094074|948D|31|0|14016A|41F00000|E0000000|0A0168|41F00000|E0000000|28FD0030|450E9D0D|10752D6C|0728|415AD4F9|10752D6C|08A8|4029061F|107629AA|02BC|40923533|E0000000|0|0|0|0763|41737CB0|10675739|0|0|0|0|0|0|0344|3E5F3E19|10675739|0|0|0|0|0|0|013B|406B3300|40011E12|0|0|0|0729|0|10752D6C||b53e9b903277bc4b0e66d36b7ed1f38c
30|2021-09-26T12:08:38.8940000+01:00|72b|Aurora|0.00|10752D6C|Volkon Vysk|10752D6C|Volkon Vysk|00|152511|152511||574574b42368a19a79a560d2c9c55e60
37|2021-09-26T12:08:38.9390000+01:00|40011D69|Living Liquid|00008E4C|1486664|12889320|10000|10000|0||100.4196|100.328|0|-1.870067|01|0|0|0||7d4759eaec560a34b12db63aa90d4a48
38|2021-09-26T12:08:38.9830000+01:00|107629AA|Joeson Lmoa|00505017|91510|106059|10000|10000|0|0|99.90076|96.97107|0|0.1519144|948D|31|0|0A016D|41F00000|E0000000|0A0168|41F00000|E0000000|28FE0030|450D4F50|107629AA|0763|416FE731|10675739|02BC|408F5C1C|E0000000|7A|C1200000|107629AA|013B|4029A9CE|40011E12|7D|403978CD|107629AA|0|0|0|0|0|0|0|0|0|03BC|408E5E42|10675739||8a17039ebb437d50fed803d845cfa1d6
30|2021-09-26T12:08:38.9830000+01:00|344|Aspected Helios|0.00|10675739|Jasy Heavensong|107629AA|Joeson Lmoa|00|106059|97086||c788039403175398b97752f3bd5e33cc
37|2021-09-26T12:08:39.0720000+01:00|40011DEA|Liquid Hand|00008E4C|1874344|12889320|10000|10000|0||97.24573|100.7858|0|2.159432|02|0|0|0||1ad6702ce23a1158beff9b2048d79cbe
21|2021-09-26T12:08:39.0720000+01:00|10752D6C|Volkon Vysk|07|Attack|40011D69|Living Liquid|710003|A7F0000|0|0|0|0|0|0|0|0|0|0|0|0|0|0|1486664|12889320|10000|10000|0|1000|100.4196|100.328|0|-2.294991|56411|152511|10000|10000|0|1000|99.87764|96.70121|0|-3.100647|00008E51|0|28a4fb7a40f632650bb0c602ee39a991
37|2021-09-26T12:08:39.1180000+01:00|40011D69|Living Liquid|00008E4E|1484214|12889320|10000|10000|0||100.4196|100.328|0|-2.517582||4a31acb9271ec069f81aa57044f8aaa9
38|2021-09-26T12:08:39.1180000+01:00|10752D6C|Volkon Vysk|00505025|56411|152511|10000|10000|0|0|99.87024|96.45029|-0.002034716|-3.12213|5220|6D|0|14016A|41F00000|E0000000|0A0168|41F00000|E0000000|28FD0030|450E997D|10752D6C|0728|41574391|10752D6C|08A8|401AC07D|107629AA|02BC|408B1261|E0000000|0|0|0|0763|416FEB48|10675739|0|0|0|0|0|0|0|0|0|0|0|0|0|0|0|013B|405CED5E|40011E12|0|0|0|0729|0|10752D6C||097e084e783ab601e0edbf8d8e798cff
30|2021-09-26T12:08:39.1180000+01:00|344|Aspected Helios|0.00|10675739|Jasy Heavensong|10752D6C|Volkon Vysk|00|152511|97086||ecf20b48f48572012635d1e7788d4d78
20|2021-09-26T12:08:39.2060000+01:00|1057B8A2|Alex Knightfall|1D90|Esuna|107629AA|Joeson Lmoa|0.97|99.47351|96.39124|0|0.1084847||c093d37e76c16fa2b622e2dd8d94d705
21|2021-09-26T12:08:39.2520000+01:00|40011DEA|Liquid Hand|4979|Unknown_4979|10752D6C|Volkon Vysk|730003|815F0000|0|0|0|0|0|0|0|0|0|0|0|0|0|0|56411|152511|10000|10000|0|1000|99.87024|96.12946|0|-3.12213|1874344|12889320|10000|10000|0|1000|97.5182|100.3119|0|2.487042|00008E52|0|0929a1d2596945056f4cf737d6d80665
37|2021-09-26T12:08:39.2950000+01:00|10752D6C|Volkon Vysk|00008E4A|56411|152511|10000|10000|0||99.87024|96.12946|0|-3.12213|2500|0|0|01|05000040|0|0|E0000000||ebdb0c2172174558a4137973da6334d0
38|2021-09-26T12:08:39.2950000+01:00|10752D6C|Volkon Vysk|00505025|56411|152511|10000|10000|0|0|99.87024|96.12946|0|-3.12213|1EA7|30|0|14016A|41F00000|E0000000|0A0168|41F00000|E0000000|28FD0030|450E96A5|10752D6C|0728|41546A7B|10752D6C|08A8|400F5C23|107629AA|0|0|0|0|0|0|0763|416D1232|10675739|0|0|0|0|0|0|0|0|0|0|0|0|0|0|0|013B|40518904|40011E12|0|0|0|0729|0|10752D6C||b2b2c8714964fa61a1a94623682465a5
30|2021-09-26T12:08:39.2950000+01:00|2bc|Throttle|0.00|E0000000||10752D6C|Volkon Vysk|00|152511|||8524cc9261c53190b6493a165a7da9f5
37|2021-09-26T12:08:39.3850000+01:00|40011D69|Living Liquid|00008E4F|1479594|12889320|10000|10000|0||100.4196|100.328|0|-2.824062|0|0|0|02|010004F0|28|41F00000|107629AA|03002B31|28|41F00000|107629AA||7c69f0b287a935f9db57e84a47fa6fcc
26|2021-09-26T12:08:39.3850000+01:00|4b0|Caustic Bite|30.00|107629AA|Joeson Lmoa|40011D69|Living Liquid|28|12889320|106059||cc4728470846857b5640c9c453479a6f
26|2021-09-26T12:08:39.3850000+01:00|4b1|Stormbite|30.00|107629AA|Joeson Lmoa|40011D69|Living Liquid|28|12889320|106059||30048c67908561911fcb49d3ae3098a9
37|2021-09-26T12:08:39.3850000+01:00|107629AA|Joeson Lmoa|00008E4F|91510|106059|10000|10000|0||99.90076|96.97107|0|0.1519144|1700|0|0|01|050000BA|0|41200000|107629AA||52cb9651bb43dd35c6056e5283b5d738
22|2021-09-26T12:08:39.3850000+01:00|1075A2E4|Niru Summers|29|Overpower|40011D69|Living Liquid|710003|9C70000|1B|298000|0|0|0|0|0|0|0|0|0|0|0|0|1484214|12889320|10000|10000|0|1000|100.4196|100.328|0|-2.824062|30615|153077|2000|10000|0|1000|99.6261|96.65698|0|0.07270896|00008E53|0|59edc928c11386610c14715b98b9b190
22|2021-09-26T12:08:39.3850000+01:00|1075A2E4|Niru Summers|29|Overpower|40011DEA|Liquid Hand|710003|9D70000|1B|298000|0|0|0|0|0|0|0|0|0|0|0|0|1874344|12889320|10000|10000|0|1000|97.5182|100.3119|0|2.487042|30615|153077|2000|10000|0|1000|99.6261|96.65698|0|0.07270896|00008E53|1|86e53512ba524f228ca3d98be60e3366
38|2021-09-26T12:08:39.3850000+01:00|107629AA|Joeson Lmoa|00505017|91510|106059|10000|10000|0|0|99.90076|96.97107|0|0.1519144|1EA7|30|0|0A016D|41F00000|E0000000|0A0168|41F00000|E0000000|28FE0030|450D48E8|107629AA|0763|41697CB3|10675739|02BC|4082871C|E0000000|7A|411F47AE|107629AA|013B|400FFFD2|40011E12|7D|401FCED1|107629AA|0|0|0|0|0|0|0|0|0|03BC|40818942|10675739||abf97c30cbaf9961cfd28f1f89e86376
21|2021-09-26T12:08:39.4280000+01:00|1068703B|Tomo Uchuu|07|Attack|40011D69|Living Liquid|720203|159B0000|0|0|0|0|0|0|0|0|0|0|0|0|0|0|1479594|12889320|10000|10000|0|1000|100.4196|100.328|0|-2.821342|99003|106478|10000|10000|0|1000|100.0079|104.4923|0|3.080859|00008E54|0|3613c42d2fa73543ab28c7bb70a5a9d5
37|2021-09-26T12:08:39.4730000+01:00|40011D69|Living Liquid|00008E50|1471955|12889320|10000|10000|0||100.4196|100.328|0|-2.821342||6acfaea29d853a3d98703159c72f94c2
24|2021-09-26T12:08:39.4730000+01:00|10675739|Jasy Heavensong|HoT|0|1E12|81226|97086|7820|10000|0|1000|99.96179|102.4313|0|2.556053||6ce5949f4c2dea0fcf6521e728bdd210
24|2021-09-26T12:08:39.4730000+01:00|10752D6C|Volkon Vysk|HoT|0|117E|56411|152511|10000|10000|0|1000|99.87024|96.05898|-0.006499304|-3.12213||2e4b76b159760393c00408a732c77a23
38|2021-09-26T12:08:39.4730000+01:00|10675739|Jasy Heavensong|00505021|88924|97086|7820|10000|11|0|99.96179|102.4313|0|2.556053|1EA7|30|0|0A0168|41F00000|E0000000|0F016B|41F00000|E0000000|0763|415D683D|10675739|28FE0030|450D43F0|10675739|0129|419CA9E1|1057B8A2|08A8|4004082B|107629AA|0|0|0|0347|0|10675739|013B|40350E2C|40011E12|0|0|0|0|0|0|0|0|0|03BC|407D70B8|10675739||e31d7e417cfb80ee8a151c89fee4c48d
38|2021-09-26T12:08:39.4730000+01:00|10752D6C|Volkon Vysk|00505025|60889|152511|10000|10000|0|0|99.87024|96.05898|-0.006499304|-3.12213|1EA7|30|0|14016A|41F00000|E0000000|0A0168|41F00000|E0000000|28FD0030|450E93D1|10752D6C|0728|4151957D|10752D6C|08A8|4004082B|107629AA|0|0|0|0|0|0|0763|416A3D34|10675739|0|0|0|0|0|0|0|0|0|0|0|0|0|0|0|013B|4046350C|40011E12|0|0|0|0729|0|10752D6C||410d0ccaaa71aea49dd32f528347a694
24|2021-09-26T12:08:39.5620000+01:00|1068703B|Tomo Uchuu|HoT|0|2442|99003|106478|10000|10000|0|1000|100.0079|104.4923|0|3.080859||31c686499d1faa55495c974a2c2b0704
38|2021-09-26T12:08:39.5620000+01:00|1068703B|Tomo Uchuu|00505026|106478|106478|10000|10000|0|0|100.0079|104.4923|0|3.080859|1EA7|30|0|14016A|41F00000|E0000000|0A0168|41F00000|E0000000|071F|42700000|1068703B|28FE0030|450DEEBD|1068703B|0763|4160456B|10675739|08A8|3FFC8B38|107629AA|0|0|0|071D|426AD715|1068703B|0737|426AD715|1068703B|0|0|0|013B|4015B207|40011E12|0|0|0|0|0|0|03BC|4077AE29|10675739||2559fb0788ac6fa1b33ca1d0e94bdaf2
37|2021-09-26T12:08:39.6070000+01:00|40011D69|Living Liquid|00008E51|1469268|12889320|10000|10000|0||100.4196|100.328|0|-2.819004||2a7f28a1280dbe8046f799a1f3866f74
24|2021-09-26T12:08:39.6070000+01:00|107629AA|Joeson Lmoa|HoT|0|1D8E|91510|106059|10000|10000|0|1000|99.90076|96.97107|0|0.1519144||aa786e5465489f3d84f3cc578e8c4a0d
38|2021-09-26T12:08:39.6070000+01:00|1075A2E4|Niru Summers|00505015|30615|153077|2000|10000|0|0|99.63324|96.94737|-0.000612325|0.394958|DE54|30|0|0A016D|41F00000|E0000000|0A0168|41F00000|E0000000|5B|0|1075A2E4|28FD0030|450EB039|1075A2E4|08A8|40A00000|107629AA|2B|42C4712F|E0000000||bdfa3ceb56af7addeee19472ac23963f
26|2021-09-26T12:08:39.6070000+01:00|8a8|The Wanderer's Minuet|5.00|107629AA|Joeson Lmoa|1075A2E4|Niru Summers|00|153077|106059||3aca86efa69462486be0d3b127d92ab4
38|2021-09-26T12:08:39.6070000+01:00|107401EC|Raesa Velan|00505019|87126|96887|2800|10000|0|0|100.1144|104.9363|0|-2.562803|DE54|30|0|0A016D|41F00000|E0000000|0A0168|41F00000|E0000000|29020030|45915AB0|107401EC|0763|415D683D|10675739|08A8|40A00000|107629AA|0|0|0|013B|4023F7A9|40011E12|0|0|0|0|0|0|0|0|0|0|0|0|03BC|4074DD44|10675739||4ddf6ccd9477987edd6939845f3784ae
26|2021-09-26T12:08:39.6070000+01:00|8a8|The Wanderer's Minuet|5.00|107629AA|Joeson Lmoa|107401EC|Raesa Velan|00|96887|106059||71a75e4547e188510ebe73ca02257bd0
38|2021-09-26T12:08:39.6070000+01:00|1057B8A2|Alex Knightfall|0050501C|90211|97285|1742|10000|0|0|99.47351|96.39124|0|0.5170676|DE54|30|0|0A016D|41F00000|E0000000|1E016C|41F00000|E0000000|28FE0030|44D25818|1057B8A2|0763|4163CEA2|10675739|0|0|0|0|0|0|0|0|0|08A8|40A00000|107629AA|0317|41813D4C|1057B8A2|0|0|0|0|0|0|013B|400A4DB4|40011E12|020130|0|1057B8A2|0|0|0|03BC|4074DD44|10675739||1f0401805e6cd8c1e9a9c47745df9444
26|2021-09-26T12:08:39.6070000+01:00|8a8|The Wanderer's Minuet|5.00|107629AA|Joeson Lmoa|1057B8A2|Alex Knightfall|00|97285|106059||29d27d3f6e8979dfe4645c9b35ba6303
38|2021-09-26T12:08:39.6070000+01:00|107629AA|Joeson Lmoa|00505017|99076|106059|10000|10000|0|0|99.90076|96.97107|0|0.1519144|DE54|30|0|0A016D|41F00000|E0000000|0A0168|41F00000|E0000000|28FE0030|450D455C|107629AA|0763|4165EF64|10675739|02BC|4076D8F8|E0000000|7A|411BBA5F|107629AA|013B|4001CA93|40011E12|7D|40119992|107629AA|0|0|0|0|0|0|0|0|0|03BC|4074DD44|10675739||9e3c67bc5be278281874f3f48c8064dc
38|2021-09-26T12:08:39.6070000+01:00|10675739|Jasy Heavensong|00505021|88924|97086|7820|10000|11|0|99.96179|102.5155|-0.01531982|1.919189|DE54|30|0|0A0168|41F00000|E0000000|0F016B|41F00000|E0000000|0763|415B4361|10675739|28FE0030|450D41CC|10675739|0129|419B9772|1057B8A2|08A8|409E978D|107629AA|0|0|0|0347|0|10675739|013B|402C7AB8|40011E12|0|0|0|0|0|0|0|0|0|03BC|4074DD44|10675739||ebbb79bddff5d057f832ae4d9fd894c5
26|2021-09-26T12:08:39.6070000+01:00|8a8|The Wanderer's Minuet|4.96|107629AA|Joeson Lmoa|10675739|Jasy Heavensong|00|97086|106059||9f3afaf221ef91cba3be26a3140da682
38|2021-09-26T12:08:39.6070000+01:00|1068703B|Tomo Uchuu|00505026|106478|106478|10000|10000|0|0|100.0079|104.4923|0|3.080859|DE54|30|0|14016A|41F00000|E0000000|0A0168|41F00000|E0000000|071F|42700000|1068703B|28FE0030|450DEE09|1068703B|0763|415F9132|10675739|08A8|409E978D|107629AA|0|0|0|071D|426AAA07|1068703B|0737|426AAA07|1068703B|0|0|0|013B|4012E122|40011E12|0|0|0|0|0|0|03BC|4074DD44|10675739||da1517057209670df1bb804c8cc2e687
26|2021-09-26T12:08:39.6070000+01:00|8a8|The Wanderer's Minuet|4.96|107629AA|Joeson Lmoa|1068703B|Tomo Uchuu|00|106478|106059||c8be42230cbbd79b2543d619f1910926
38|2021-09-26T12:08:39.6070000+01:00|10752D6C|Volkon Vysk|00505025|60889|152511|10000|10000|0|0|99.87024|95.97025|-0.008491987|-3.12213|DE54|30|0|14016A|41F00000|E0000000|0A0168|41F00000|E0000000|28FD0030|450E91AD|10752D6C|0728|414F70A1|10752D6C|08A8|409E978D|107629AA|0|0|0|0|0|0|0763|41681858|10675739|0|0|0|0|0|0|0|0|0|0|0|0|0|0|0|013B|403DA198|40011E12|0|0|0|0729|0|10752D6C||d9e4453dd691fbcd8a56320970f37e63
26|2021-09-26T12:08:39.6070000+01:00|8a8|The Wanderer's Minuet|4.96|107629AA|Joeson Lmoa|10752D6C|Volkon Vysk|00|152511|106059||8b0d10095d9e66a52cc3bc470db31b4d
38|2021-09-26T12:08:39.6070000+01:00|107ABEEC|Greiyan Fletz|00505022|77504|106544|10000|10000|10|0|100.1684|104.3867|0|-1.757926|DE54|30|0|0720|42700000|1068703B|14016A|41F00000|E0000000|0A0168|41F00000|E0000000|28FE0030|450D483C|107ABEEC|02BC|4076D8F8|E0000000|0|0|0|0|0|0|0839|426AAA07|1068703B|0737|426AAA07|1068703B|08A8|409E978D|107629AA|0513|420EEAA0|107ABEEC|0763|4161ADDF|10675739|0|0|0|013B|40350E28|40011E12|0|0|0|0|0|0|03BC|4074DD44|10675739|0|0|0|0129|419A82F7|1057B8A2||c42021a9ffad98754fbbbffc4f828379
26|2021-09-26T12:08:39.6070000+01:00|8a8|The Wanderer's Minuet|4.96|107629AA|Joeson Lmoa|107ABEEC|Greiyan Fletz|00|106544|106059||0ae407c782bb9ff6385afe1dffcbbc5c
24|2021-09-26T12:08:39.6510000+01:00|107ABEEC|Greiyan Fletz|HoT|0|1E2B|77504|106544|10000|10000|0|1000|100.1323|104.3998|-0.001964859|-1.560293||c5a1c9a97b2817ef46c7885299640636
21|2021-09-26T12:08:39.6510000+01:00|1057B8A2|Alex Knightfall|1D90|Esuna|107629AA|Joeson Lmoa|10|2BC0000|1B|1D908000|0|0|0|0|0|0|0|0|0|0|0|0|99076|106059|10000|10000|0|1000|99.90076|96.97107|0|0.1519144|90211|97285|1742|10000|0|1000|99.47351|96.39124|0|0.6226395|00008E55|0|fc80f240f4f4ba22d3a72e2d044847ae
38|2021-09-26T12:08:39.6510000+01:00|107ABEEC|Greiyan Fletz|00505022|85227|106544|10000|10000|10|0|100.1323|104.3998|-0.001964859|-1.560293|DE54|30|0|0720|42700000|1068703B|14016A|41F00000|E0000000|0A0168|41F00000|E0000000|28FE0030|450D4784|107ABEEC|02BC|4073F7B0|E0000000|0|0|0|0|0|0|0839|426A7BF3|1068703B|0737|426A7BF3|1068703B|08A8|409D26E9|107629AA|0513|420EBC8C|107ABEEC|0763|4160F58D|10675739|0|0|0|013B|40322CE0|40011E12|0|0|0|0|0|0|03BC|4071FBFC|10675739|0|0|0|0129|419A26CE|1057B8A2||2dee031f3ca2427880101c169ed116b3
24|2021-09-26T12:08:39.6950000+01:00|1057B8A2|Alex Knightfall|HoT|0|1EC7|97285|97285|1342|10000|0|1000|99.47351|96.39124|0|0.6457677||89bdf864cc63bd15b2a8e84e165b9320
38|2021-09-26T12:08:39.6950000+01:00|1057B8A2|Alex Knightfall|0050501C|97285|97285|1342|10000|0|0|99.47351|96.39124|0|0.6457677|1AB8|30|0|0A016D|41F00000|E0000000|1E016C|41F00000|E0000000|28FE0030|44D2553F|1057B8A2|0763|41626217|10675739|0|0|0|0|0|0|0|0|0|08A8|409D26E9|107629AA|0317|41808706|1057B8A2|0|0|0|0|0|0|013B|40049B87|40011E12|020130|0|1057B8A2|0|0|0|03BC|406F2B17|10675739||d0d01aa842055a5d5f1228016225f2a4
39|2021-09-26T12:08:39.7400000+01:00|1075A2E4|Niru Summers|32145|153077|2200|10000|0|0|99.72811|98.38509|-0.002319333|0.2315909||ac45e5437883aca09f4a318ad76b7b13
24|2021-09-26T12:08:39.7400000+01:00|107401EC|Raesa Velan|HoT|0|1EEA|95040|96887|2800|10000|0|1000|100.1144|104.9363|0|-2.625603||3043f570c9237f7d79083bc16befa342
21|2021-09-26T12:08:39.7400000+01:00|1068703B|Tomo Uchuu|3E75|Cascade|40011D69|Living Liquid|720003|2B6C0000|1B|3E758000|0|0|0|0|0|0|0|0|0|0|0|0|1469268|12889320|10000|10000|0|1000|100.4196|100.328|0|-2.53629|106478|106478|10000|10000|0|1000|100.0079|104.4923|0|3.043054|00008E56|0|385d29d2e931bb430f2f2daed02d63d1
38|2021-09-26T12:08:39.7400000+01:00|107401EC|Raesa Velan|00505019|95040|96887|2800|10000|0|0|100.1144|104.9363|0|-2.625603|1AB8|30|0|0A016D|41F00000|E0000000|0A0168|41F00000|E0000000|29020030|459159A0|107401EC|0763|415B4779|10675739|08A8|409BBE76|107629AA|0|0|0|013B|401B7497|40011E12|0|0|0|0|0|0|0|0|0|0|0|0|03BC|406C5A32|10675739||3e5792803f55f41d598131eeeafe3b47
37|2021-09-26T12:08:39.7840000+01:00|10752D6C|Volkon Vysk|00008E52|27770|152511|10000|10000|0||99.87024|95.96399|0|-3.12213|2500|0|0|0||10725e3859d1c573a5edf3638203d955
37|2021-09-26T12:08:39.9640000+01:00|40011D69|Living Liquid|00008E54|1463737|12889320|10000|10000|0||100.4196|100.328|0|-2.160176||bf66365be16a4e9700d0df46d08ee7a5
37|2021-09-26T12:08:40.0080000+01:00|40011D69|Living Liquid|00008E53|1461234|12889320|10000|10000|0||100.4196|100.328|0|-2.160176||674e130e220ea5e31e10b24f43b091ed
37|2021-09-26T12:08:40.1420000+01:00|40011DEA|Liquid Hand|00008E53|1871825|12889320|10000|10000|0||97.94763|99.56506|0|2.654546|01|0|0|0||05523cb506353571baaf9b7cbeabe9a7
20|2021-09-26T12:08:40.1420000+01:00|10675739|Jasy Heavensong|1D90|Esuna|107ABEEC|Greiyan Fletz|0.95|99.96179|103.0261|-0.004007775|0.2537957||e36f8866dd4b8d3438da1beda3e85fcb
21|2021-09-26T12:08:40.3210000+01:00|40011D69|Living Liquid|4978|Unknown_4978|1075A2E4|Niru Summers|730003|8D3F0000|0|0|0|0|0|0|0|0|0|0|0|0|0|0|32145|153077|2200|10000|0|1000|99.8092|99.38292|-0.002249669|0.05124824|1461234|12889320|10000|10000|0|1000|100.4196|100.328|0|-2.183383|00008E57|0|8e38fc32880bb50147e33b63302e9376
21|2021-09-26T12:08:40.5010000+01:00|107401EC|Raesa Velan|DF9|Fire IV|40011DEA|Liquid Hand|150003|95370000|1B|DF98000|0|0|0|0|0|0|0|0|0|0|0|0|1871825|12889320|10000|10000|0|1000|97.94763|99.56506|0|2.654546|95040|96887|2800|10000|0|1000|100.1144|104.9363|0|-2.754736|00008E58|0|4478d93e10bd896252c8c3fa39a5d1fa
37|2021-09-26T12:08:40.5450000+01:00|40011D69|Living Liquid|00008E56|1450118|12889320|10000|10000|0||100.4196|100.328|0|-2.442533||9eb6866cafc4352c04f29d6436b90de8
21|2021-09-26T12:08:40.5450000+01:00|107ABEEC|Greiyan Fletz|07|Attack|40011D69|Living Liquid|710003|EBF0000|0|0|0|0|0|0|0|0|0|0|0|0|0|0|1450118|12889320|10000|10000|0|1000|100.4196|100.328|0|-2.551511|85227|106544|10000|10000|0|1000|100.0839|104.4174|0|-1.294939|00008E59|0|834d31938821a24d84bbf65d670376d7
21|2021-09-26T12:08:40.5890000+01:00|10675739|Jasy Heavensong|1D90|Esuna|107ABEEC|Greiyan Fletz|10|2BC0000|1B|1D908000|0|0|0|0|0|0|0|0|0|0|0|0|85227|106544|10000|10000|0|1000|100.0839|104.4174|0|-1.294939|88924|97086|7420|10000|0|1000|99.96179|103.1051|0|0.07780266|00008E5A|0|1713c8b9b881bff694d577ea3e172af8
37|2021-09-26T12:08:40.7690000+01:00|107629AA|Joeson Lmoa|00008E55|99076|106059|10000|10000|0||99.90076|97.01624|0|0.05201249|1700|0|0|01|04000040|0|0|E0000000||19f4fe1da234ee4b22fab4063952add3
38|2021-09-26T12:08:40.7690000+01:00|107629AA|Joeson Lmoa|00505017|99076|106059|10000|10000|0|0|99.90076|97.01624|0|0.05201249|15BE|30|0|0A016D|41F00000|E0000000|0A0168|41F00000|E0000000|28FE0030|450D32C8|107629AA|0763|415353C2|10675739|0|0|0|7A|41091EBD|107629AA|013B|3F5D6FF0|40011E12|7D|3F8E55F8|107629AA|0|0|0|0|0|0|0|0|0|03BC|402A6EAC|10675739||4cc66c083c554cdbbb26b31f50e2a65d
30|2021-09-26T12:08:40.7690000+01:00|2bc|Throttle|0.00|E0000000||107629AA|Joeson Lmoa|00|106059|||2e9ac0487ecce918270e8419485311f7
37|2021-09-26T12:08:40.8580000+01:00|1075A2E4|Niru Summers|00008E57|0|153077|0|10000|0||99.8092|98.22646|-0.004707021|0.01229514|1500|0|0|02|04000040|0|0|E0000000|050026AB|0|0|E0000000||90fa963192bbf88afefc87bf8b7dce54
38|2021-09-26T12:08:40.8580000+01:00|1075A2E4|Niru Summers|00505015|0|153077|0|10000|0|0|99.8092|98.22646|-0.004707021|0.01229514|15BE|30|0|0A016D|41F00000|E0000000|0A0168|41F00000|E0000000|5B|0|1075A2E4|28FD0030|450E9C39|1075A2E4|0|0|0|2B|0|E0000000||9daff91b8dc5e4bf23aeaaf4de9d9751
30|2021-09-26T12:08:40.8580000+01:00|8a8|The Wanderer's Minuet|0.00|107629AA|Joeson Lmoa|1075A2E4|Niru Summers|00|153077|106059||09663fb223c69821008edb07e56af87c
39|2021-09-26T12:08:40.9470000+01:00|10675739|Jasy Heavensong|89894|97086|7684|10000|0|0|99.96179|103.1051|0|0.07780266||3e494a9ccd0da40ba506ca6bddf674aa
39|2021-09-26T12:08:40.9470000+01:00|10752D6C|Volkon Vysk|29295|152511|10000|10000|0|0|99.87024|95.96399|0|1.09006||a3a70bb7b6075c86563ee9517cafbd6f
24|2021-09-26T12:08:40.9910000+01:00|40011D69|Living Liquid|DoT|0|5070|1450118|12889320|10000|10000|0|1000|100.4196|100.328|0|-2.773937||8dc9647bbb444564f846657b1f71e536
26|2021-09-26T12:08:40.9910000+01:00|130|Aetherflow|9999.00|1057B8A2|Alex Knightfall|1057B8A2|Alex Knightfall|01|97285|97285||46f33c0bcc955ce933307b59cc4d9ea4
21|2021-09-26T12:08:40.9910000+01:00|1057B8A2|Alex Knightfall|BD|Lustrate|10752D6C|Volkon Vysk|4|634E0000|0|0|0|0|0|0|0|0|0|0|0|0|0|0|27770|152511|10000|10000|0|1000|99.87024|95.96399|0|1.09006|97285|97285|1342|10000|0|1000|99.47351|96.39124|0|0.6334027|00008E5B|0|73b52affe49e11c07bae4738a882866e
36|2021-09-26T12:08:40.9910000+01:00|206C|3|5b890b0bbea2d8bb285711fc6a9ebb3f
38|2021-09-26T12:08:40.9910000+01:00|107401EC|Raesa Velan|00505019|95040|96887|1200|10000|0|0|100.1144|104.9363|0|-2.534606|D7F7|30|0|0A016D|41F00000|E0000000|0A0168|41F00000|E0000000|29020030|45914FA0|107401EC|0763|41473F4C|10675739|08A8|40675C20|107629AA|A4|41900000|107401EC|013B|3F96A7A5|40011E12|0|0|0|0|0|0|0|0|0|0|0|0|03BC|401C396D|10675739||21cf8090e0241bfa5b46c36b0fe5ec1c
26|2021-09-26T12:08:40.9910000+01:00|a4|Thundercloud|18.00|107401EC|Raesa Velan|107401EC|Raesa Velan|00|96887|96887||4dd949aaf0651753c365b034b880514d
38|2021-09-26T12:08:40.9910000+01:00|40011D69|Living Liquid|00505000|1429526|12889320|10000|10000|0|0|100.4196|100.328|0|-2.773937|D7F7|30|0|0767|418F145C|1057B8A2|2804B0|41E2C8B1|107629AA|04CC|424A96CC|107ABEEC|2804B1|41E2C8B1|107629AA|0A00A3|40025DBA|107401EC|0759|41A6F5AB|10675739||bcb7f2a5bfaba5381c2fa248a093d444
21|2021-09-26T12:08:41.0350000+01:00|107ABEEC|Greiyan Fletz|1D36|Jinpu|40011D69|Living Liquid|44710003|308E0000|D0F|5128000|11B|1D368000|0|0|0|0|0|0|0|0|0|0|1450118|12889320|10000|10000|0|1000|100.4196|100.328|0|-2.773937|85227|106544|10000|10000|0|1000|100.0839|104.4174|0|-1.294939|00008E5C|0|dbf82193e6829f39e4bac2ab45e04b1d
37|2021-09-26T12:08:41.0810000+01:00|40011D69|Living Liquid|00008E59|1425751|12889320|10000|10000|0||100.4196|100.328|0|-2.827245||729cf3dae5810c071628509e820f88a5
39|2021-09-26T12:08:41.0810000+01:00|107629AA|Joeson Lmoa|100136|106059|10000|10000|0|0|100.1028|99.06847|-0.003926075|0.1339244||067b76ba714146d67223dd6008e13331
21|2021-09-26T12:08:41.0810000+01:00|107629AA|Joeson Lmoa|08|Shot|40011DEA|Liquid Hand|720003|102E0000|0|0|0|0|0|0|0|0|0|0|0|0|0|0|1871825|12889320|10000|10000|0|1000|97.94763|99.56506|0|2.654546|99076|106059|10000|10000|0|1000|100.1028|99.06847|-0.003926075|0.1339244|00008E5D|0|a057981933db8e053052484326891b92
20|2021-09-26T12:08:41.1250000+01:00|40011D69|Living Liquid|4822|Protean Wave|40011D69|Living Liquid|2.70|100.4196|100.328|0|-2.872423||0ee6c4c076f5ada8798cd6715f160eee
20|2021-09-26T12:08:41.1250000+01:00|40011D76|Living Liquid|4824|Protean Wave|40011D76|Living Liquid|2.70|100.4225|100.3544|0|-0.07924104||779023f45a869e5e0d8b6b528884bb8f
20|2021-09-26T12:08:41.1250000+01:00|40011D77|Living Liquid|4824|Protean Wave|40011D77|Living Liquid|2.70|100.4225|100.3544|0|-0.06169605||ef1fd3d5cdb0956eb36c968109de4583
20|2021-09-26T12:08:41.1250000+01:00|40011D75|Living Liquid|4824|Protean Wave|40011D75|Living Liquid|2.70|100.4225|100.3544|0|-0.1585298||53c53cced804c1e581a193c8d7c858de
20|2021-09-26T12:08:41.1250000+01:00|40011D78|Living Liquid|4824|Protean Wave|40011D78|Living Liquid|2.70|100.4225|100.3544|0|-2.907849||4bb19bd1bf728f2e666602f19b05bbd4
20|2021-09-26T12:08:41.1250000+01:00|40011D7A|Living Liquid|4824|Protean Wave|40011D7A|Living Liquid|2.70|100.4225|100.3544|0|-0.09995008||94a3c9d750954a8252482cff2dd6edb1
20|2021-09-26T12:08:41.1250000+01:00|40011D79|Living Liquid|4824|Protean Wave|40011D79|Living Liquid|2.70|100.4225|100.3544|0|-1.746512||f761e4aa32d3c372e18e13f9b974df00
39|2021-09-26T12:08:41.1250000+01:00|107ABEEC|Greiyan Fletz|86292|106544|10000|10000|0|0|100.0839|104.4174|0|3.06355||44e126d2ea87078455c6e1dfe51930f2
22|2021-09-26T12:08:41.1250000+01:00|10752D6C|Volkon Vysk|3F0D|Demon Slice|40011D69|Living Liquid|710003|E1E0000|1B|3F0D8000|0|0|0|0|0|0|0|0|0|0|0|0|1425751|12889320|10000|10000|0|1000|100.4196|100.328|0|-2.872423|29295|152511|10000|10000|0|1000|99.87024|95.96399|0|0.4613037|00008E5E|0|a689f856b953d57fde0642ab583dc357
22|2021-09-26T12:08:41.1250000+01:00|10752D6C|Volkon Vysk|3F0D|Demon Slice|40011DEA|Liquid Hand|710003|F700000|1B|3F0D8000|0|0|0|0|0|0|0|0|0|0|0|0|1871825|12889320|10000|10000|0|1000|97.94763|99.56506|0|2.654546|29295|152511|10000|10000|0|1000|99.87024|95.96399|0|0.4613037|00008E5E|1|c83bb17b604448684e7218ce61554875
39|2021-09-26T12:08:41.1680000+01:00|1057B8A2|Alex Knightfall|97285|97285|1588|10000|0|0|99.47351|96.39124|0|1.244954||ff1d3674fc6b0c5f81317804c8c4aef1
39|2021-09-26T12:08:41.2120000+01:00|107401EC|Raesa Velan|96008|96887|1200|10000|0|0|100.1144|104.9363|0|-2.534606||5aed827b7670867f4b6757970fe621da
21|2021-09-26T12:08:41.3470000+01:00|107629AA|Joeson Lmoa|DE8|Iron Jaws|40011DEA|Liquid Hand|720103|1CE10000|28C49B0E|4B00000|28C4830E|4B10000|F|7A8000|0|0|0|0|0|0|0|0|1871825|12889320|10000|10000|0|1000|97.94763|99.56506|0|2.654546|100136|106059|10000|10000|0|1000|100.1798|100.4341|0|0.008772373|00008E5F|0|7bd2b0789b6395f5a65f093a703fda4b
38|2021-09-26T12:08:41.3470000+01:00|107629AA|Joeson Lmoa|00505017|100136|106059|10000|10000|0|0|100.1798|100.4341|0|0.008772373|0|0|0|0A016D|41F00000|E0000000|0A0168|41F00000|E0000000|28FE0030|450D298C|107629AA|0763|414A1447|10675739|0|0|0|7A|C1200000|107629AA|013B|3E92F041|40011E12|7D|3F08B420|107629AA|0|0|0|0|0|0|0|0|0|03BC|400570B9|10675739||483a8a8cfbb777b172df071c8fff03a9
26|2021-09-26T12:08:41.3470000+01:00|7a|Straight Shot Ready|10.00|107629AA|Joeson Lmoa|107629AA|Joeson Lmoa|00|106059|106059||36728b31e9b355feebf94344b3456d1e
20|2021-09-26T12:08:41.4800000+01:00|107401EC|Raesa Velan|4079|Despair|40011D69|Living Liquid|2.81|100.1144|104.9363|0|-2.534606||43a0619fb528f2cd2dfbf369335286a3
24|2021-09-26T12:08:41.5250000+01:00|40011DEA|Liquid Hand|DoT|0|304B|1871825|12889320|10000|10000|0|1000|97.94763|99.56506|0|2.654546||8f5dae3278a150e68f434b8e2ee9d88a
21|2021-09-26T12:08:41.5250000+01:00|10675739|Jasy Heavensong|E1E|Essential Dignity|10752D6C|Volkon Vysk|4|9BE00000|0|0|0|0|0|0|0|0|0|0|0|0|0|0|29295|152511|10000|10000|0|1000|99.87024|95.96399|0|0.4613037|89894|97086|7684|10000|0|1000|99.96179|103.1051|0|0.07780266|00008E60|0|d7f97e2bb6a71ba80fd7a42129f84b93
38|2021-09-26T12:08:41.5250000+01:00|40011DEA|Liquid Hand|00505000|1859462|12889320|10000|10000|0|0|97.94763|99.56506|0|2.654546|0|0|0|0A00A3|4189DB10|107401EC|0|0|0|0|0|0|2804B1|40EA55AA|107629AA|0|0|0|2804B0|40EA55AA|107629AA|0|0|0|072D|3EBF756E|10752D6C||d357f7370174f67437bcb44cc34245da
37|2021-09-26T12:08:41.6140000+01:00|10752D6C|Volkon Vysk|00008E5B|54717|152511|10000|10000|0||99.87024|95.96399|0|0.4613037|2500|0|0|0||6fc60753f6c83f7db53e465f46ab3d83
31|2021-09-26T12:08:41.6140000+01:00|1068703B|5A0326|00|10762900|00|d6d61c26d493d4faeb05c9c44f48b412
37|2021-09-26T12:08:41.6580000+01:00|40011DEA|Liquid Hand|00008E58|1821263|12889320|10000|10000|0||97.94763|99.56506|0|2.654546||2b968d2ca99c0cc54ac76f7e53325c89
37|2021-09-26T12:08:41.6580000+01:00|40011D69|Living Liquid|00008E5C|1413321|12889320|10000|10000|0||100.4196|100.328|0|-3.021653||ca9b1e6073ab022441734ffc5f18a8ff
37|2021-09-26T12:08:41.6580000+01:00|107ABEEC|Greiyan Fletz|00008E5C|86292|106544|10000|10000|10||100.0982|104.387|-0.001425359|2.725365|2200|0|0|01|05000552|0|42200000|107ABEEC||34ff78d09ea9a1cecff08fbaace7662a
26|2021-09-26T12:08:41.6580000+01:00|512|Jinpu|40.00|107ABEEC|Greiyan Fletz|107ABEEC|Greiyan Fletz|00|106544|106544||a2d7763d1fa3ed316e7200e53428cef5
38|2021-09-26T12:08:41.6580000+01:00|107629AA|Joeson Lmoa|00505017|100136|106059|10000|10000|0|0|100.2295|101.1688|-0.001230229|-2.165007|9598|31|0|0A016D|41F00000|E0000000|0A0168|41F00000|E0000000|28FE0030|450D2494|107629AA|0763|41451A6C|10675739|0|0|0|7A|C1200000|107629AA|0|0|0|7D|3E6459B5|107629AA|0|0|0|0|0|0|0|0|0|03BC|3FE3129B|10675739||e9aaa7deabf6f7ba258f8ead432e4b98
30|2021-09-26T12:08:41.6580000+01:00|13b|Whispering Dawn|0.00|40011E12|Eos|107629AA|Joeson Lmoa|00|106059|||ee0d96493321965f32e61a22ac9d6326
37|2021-09-26T12:08:41.7030000+01:00|107ABEEC|Greiyan Fletz|00008E5A|86292|106544|10000|10000|10||100.1124|104.387|0|2.38914|2200|0|0|01|04000040|0|0|E0000000||c47b02b437bdbc9804b67409d1515783
38|2021-09-26T12:08:41.7030000+01:00|107ABEEC|Greiyan Fletz|00505022|86292|106544|10000|10000|10|0|100.1124|104.387|0|2.38914|9598|31|0|0720|42700000|1068703B|14016A|41F00000|E0000000|0A0168|41F00000|E0000000|28FE0030|450D26BC|107ABEEC|0|0|0|0512|421FA3D8|107ABEEC|0|0|0|0839|426246C2|1068703B|0737|426246C2|1068703B|08A8|4036F9D2|107629AA|0513|4206875B|107ABEEC|0763|41402095|10675739|0|0|0|013B|3F3B63A1|40011E12|0|0|0|0|0|0|03BC|3FDD500C|10675739|0|0|0|0129|4189BC4B|1057B8A2||1e9ed85924059303de34cede5ef6107f
26|2021-09-26T12:08:41.7030000+01:00|720|Dance Partner|60.00|1068703B|Tomo Uchuu|107ABEEC|Greiyan Fletz|00|106544|106478||e2e25f503c0b6bb3f9eb6f595bf22144
30|2021-09-26T12:08:41.7030000+01:00|2bc|Throttle|0.00|E0000000||107ABEEC|Greiyan Fletz|00|106544|||4811a601faca70d48a4af69a932daee2
37|2021-09-26T12:08:41.7470000+01:00|40011D69|Living Liquid|00008E5E|1409707|12889320|10000|10000|0||100.4196|100.328|0|-3.021653||462995689a0f56297ab2828b7d39b2a7
38|2021-09-26T12:08:41.7920000+01:00|1057B8A2|Alex Knightfall|0050501C|97285|97285|1588|10000|0|0|99.47351|96.39124|0|2.440265|9598|31|0|0A016D|41F00000|E0000000|1E016C|41F00000|E0000000|28FE0030|44D2122D|1057B8A2|0763|4140D8E6|10675739|0|0|0|0|0|0|0|0|0|08A8|403428ED|107629AA|0317|415F84DA|1057B8A2|0|0|0|0|0|0|0|0|0|010130|0|1057B8A2|0|0|0|03BC|3FD20C76|10675739||974a082333b07f4a44fcb59e02603da9
30|2021-09-26T12:08:41.7920000+01:00|13b|Whispering Dawn|0.00|40011E12|Eos|1057B8A2|Alex Knightfall|00|97285|||8a337f815a6c38de114a4928f27a3e4e
37|2021-09-26T12:08:41.8360000+01:00|40011DEA|Liquid Hand|00008E5D|1817121|12889320|10000|10000|0||97.94763|99.56506|0|2.654546||d94b0d24ecbef6cf34f982cd21e581c2
37|2021-09-26T12:08:41.8360000+01:00|107629AA|Joeson Lmoa|00008E5D|100136|106059|10000|10000|0||100.3244|101.8163|-0.0007683795|-1.353631|1700|0|0|01|050000BA|0|C1200000|107629AA||d7fb3612289bc44c04299478d1101a0e
37|2021-09-26T12:08:41.8820000+01:00|40011DEA|Liquid Hand|00008E5E|1813169|12889320|10000|10000|0||97.94763|99.56506|0|2.654546|01|0|0|0||27c3a300008e4d3eb7d3d686b8fb3694
21|2021-09-26T12:08:41.8820000+01:00|10752D6C|Volkon Vysk|07|Attack|40011D69|Living Liquid|710003|AE10000|0|0|0|0|0|0|0|0|0|0|0|0|0|0|1409707|12889320|10000|10000|0|1000|100.4196|100.328|0|-3.021653|54717|152511|10000|10000|0|1000|99.88685|95.99722|-0.002223616|0.4613993|00008E61|0|a06898af5491811254a2a8722fc394a3
38|2021-09-26T12:08:41.8820000+01:00|107629AA|Joeson Lmoa|00505017|100136|106059|10000|10000|0|0|100.3244|101.8163|-0.0007683795|-1.353631|9598|31|0|0A016D|41F00000|E0000000|0A0168|41F00000|E0000000|28FE0030|450D2100|107629AA|0763|414184EC|10675739|0|0|0|7A|C1200000|107629AA|0|0|0|0|0|0|0|0|0|0|0|0|0|0|0|03BC|3FC66693|10675739||4c010e016b8f124a062f1f61104145a0
30|2021-09-26T12:08:41.8820000+01:00|7d|Raging Strikes|0.00|107629AA|Joeson Lmoa|107629AA|Joeson Lmoa|00|106059|106059||fb20e14a6f201fefdcc776ead0e3088d
23|2021-09-26T12:08:41.9240000+01:00|107401EC|Raesa Velan|4079|Despair|Cancelled||a2914dc22386a1f3890f32a7116f7c31
38|2021-09-26T12:08:41.9280000+01:00|1068703B|Tomo Uchuu|00505026|106478|106478|10000|10000|0|0|98.55875|104.4011|0|3.078764|9598|31|0|14016A|41F00000|E0000000|0A0168|41F00000|E0000000|071F|42700000|1068703B|28FE0030|450DC8F5|1068703B|0763|413A6E68|10675739|08A8|4028A3CE|107629AA|0|0|0|071D|42616163|1068703B|0737|42616163|1068703B|0|0|0|0|0|0|0|0|0|0|0|0|03BC|3FC0A404|10675739||357341e3fccf78abf401666c1f5197c0
26|2021-09-26T12:08:41.9280000+01:00|71f|Closed Position|60.00|1068703B|Tomo Uchuu|1068703B|Tomo Uchuu|00|106478|106478||eba017f014ee2812417e0d929afeebf3
30|2021-09-26T12:08:41.9280000+01:00|13b|Whispering Dawn|0.00|40011E12|Eos|1068703B|Tomo Uchuu|00|106478|||05cbfdf1e920957106f71b5b54b82323
38|2021-09-26T12:08:41.9280000+01:00|40011DEA|Liquid Hand|00505000|1813169|12889320|10000|10000|0|0|97.94763|99.56506|0|2.654546|9598|31|0|0A00A3|4186A3C4|107401EC|0|0|0|0|0|0|2804B1|40DD7879|107629AA|0|0|0|2804B0|40DD7879|107629AA||6d301b558971f133c3330d619dbbc840
30|2021-09-26T12:08:41.9280000+01:00|72d|Sonic Break|0.00|10752D6C|Volkon Vysk|40011DEA|Liquid Hand|00|12889320|152511||782f6a084f228f12c15b806446cb009b
37|2021-09-26T12:08:41.9720000+01:00|40011DEA|Liquid Hand|00008E5F|1805776|12889320|10000|10000|0||97.94763|99.56506|0|2.654546|0|0|0|02|030004F1|28|41F00000|107629AA|05002B30|28|41F00000|107629AA||ccf65b603b31fb8a62f1cc38d5201e9e
26|2021-09-26T12:08:41.9720000+01:00|4b1|Stormbite|30.00|107629AA|Joeson Lmoa|40011DEA|Liquid Hand|28|12889320|106059||95011bd7a6748bbe306767ed9cdd0590
26|2021-09-26T12:08:41.9720000+01:00|4b0|Caustic Bite|30.00|107629AA|Joeson Lmoa|40011DEA|Liquid Hand|28|12889320|106059||a85f850e863287bdcb1072105409acf9
37|2021-09-26T12:08:41.9720000+01:00|107629AA|Joeson Lmoa|00008E5F|100136|106059|10000|10000|0||100.4174|102.483|0|-0.538466|1700|0|0|01|050000BA|0|41200000|107629AA||5bf37880ddbbda891652622055b9e6f9
38|2021-09-26T12:08:41.9720000+01:00|107629AA|Joeson Lmoa|00505017|100136|106059|10000|10000|0|0|100.4174|102.483|0|-0.538466|9598|31|0|0A016D|41F00000|E0000000|0A0168|41F00000|E0000000|28FE0030|450D1F90|107629AA|0763|41401448|10675739|0|0|0|7A|411F47AE|107629AA|0|0|0|0|0|0|0|0|0|0|0|0|0|0|0|03BC|3FBAE175|10675739||0b467918e5ee37e6d502ab76804c2c66
37|2021-09-26T12:08:42.1500000+01:00|10752D6C|Volkon Vysk|00008E60|94621|152511|10000|10000|0||100.1968|97.48556|-0.001930165|0.3284997|2500|0|0|0||f0b3b2921ced2385041bd476817e2a71
38|2021-09-26T12:08:42.1950000+01:00|107401EC|Raesa Velan|00505019|96008|96887|1200|10000|0|0|100.1856|104.9363|0|3.102892|1AB8|30|0|0A016D|41F00000|E0000000|0A0168|41F00000|E0000000|29020030|45914602|107401EC|0763|4133FBBA|10675739|08A8|401A4DCA|107629AA|A4|41865E34|107401EC|0|0|0|0|0|0|0|0|0|0|0|0|0|0|0|03BC|3F9E5631|10675739||3bf5042beefbbc93a0b3b4389739123b
30|2021-09-26T12:08:42.1950000+01:00|13b|Whispering Dawn|0.00|40011E12|Eos|107401EC|Raesa Velan|00|96887|||92dae60f1953e807e1ae92288bf838ca
21|2021-09-26T12:08:42.2840000+01:00|40011DEA|Liquid Hand|4979|Unknown_4979|10752D6C|Volkon Vysk|730003|89480000|0|0|0|0|0|0|0|0|0|0|0|0|0|0|94621|152511|10000|10000|0|1000|100.3478|98.22278|0|0.2619326|1805776|12889320|10000|10000|0|1000|97.94763|99.56506|0|2.434938|00008E62|0|c9d0374b67ee99cc37cdc327a3c8da14
21|2021-09-26T12:08:42.3280000+01:00|1068703B|Tomo Uchuu|3E87|Fan Dance|40011D69|Living Liquid|720203|23B00000|0|0|0|0|0|0|0|0|0|0|0|0|0|0|1409707|12889320|10000|10000|0|1000|100.4196|100.328|0|-3.021653|106478|106478|10000|10000|0|1000|97.16302|104.3133|0|3.053632|00008E63|0|86ff5a0fce2d00686825423ea7d4c720
38|2021-09-26T12:08:42.3280000+01:00|10675739|Jasy Heavensong|00505021|89894|97086|7684|10000|11|0|99.96179|103.1051|0|3.06005|1AB8|30|0|0A0168|41F00000|E0000000|0F016B|41F00000|E0000000|0763|412FBA32|10675739|28FE0030|450D1654|10675739|0129|4185D2D3|1057B8A2|08A8|400F0A35|107629AA|0|0|0|0347|0|10675739|0|0|0|0|0|0|0|0|0|0|0|0|03BC|3F8D70D1|10675739||c0e64d33586137bed17110f6a39dc9f8
30|2021-09-26T12:08:42.3280000+01:00|13b|Whispering Dawn|0.00|40011E12|Eos|10675739|Jasy Heavensong|00|97086|||0809a2a7df4ebbea8c7b0d5331906a02
31|2021-09-26T12:08:42.3280000+01:00|1068703B|5A0226|00|10762900|00|6449e52b93b70607114d00eca5875a31
37|2021-09-26T12:08:42.4160000+01:00|40011D69|Living Liquid|00008E61|1406922|12889320|10000|10000|0||100.4196|100.328|0|-3.021653||d98ca74facc8f07152363742bea81793
24|2021-09-26T12:08:42.4610000+01:00|10675739|Jasy Heavensong|HoT|0|1096|89894|97086|7684|10000|0|1000|99.96179|103.1051|0|3.066927||b5cf058c536441778efb068d8c184bcb
24|2021-09-26T12:08:42.4610000+01:00|10752D6C|Volkon Vysk|HoT|0|CBD|94621|152511|10000|10000|0|1000|100.4694|98.89097|-0.01531982|0.2124212||d98a1c1f9407ed8952edaa3903ff87a3
38|2021-09-26T12:08:42.4610000+01:00|10675739|Jasy Heavensong|00505021|94140|97086|7684|10000|11|0|99.96179|103.1051|0|3.066927|9598|31|0|0A0168|41F00000|E0000000|0F016B|41F00000|E0000000|0763|412D996E|10675739|28FE0030|450D1434|10675739|0129|4184C270|1057B8A2|08A8|40068723|107629AA|0|0|0|0347|0|10675739|0|0|0|0|0|0|0|0|0|0|0|0|03BC|3F78D558|10675739||622364dfcf7f52abba4ce6ce91d5a6f3
38|2021-09-26T12:08:42.4610000+01:00|10752D6C|Volkon Vysk|00505025|97882|152511|10000|10000|0|0|100.4694|98.89097|-0.01531982|0.2124212|9598|31|0|14016A|41F00000|E0000000|0A0168|41F00000|E0000000|28FD0030|450E6415|10752D6C|0728|4121C6AE|10752D6C|08A8|40068723|107629AA|0|0|0|0|0|0|0763|413A6E65|10675739|0|0|0|0|0|0|0|0|0|0|0|0|0|0|0|013B|3DDF3500|40011E12|0|0|0|0729|0|10752D6C||d5262b96a68f47d6a6ddc246359f6a6e
38|2021-09-26T12:08:42.4610000+01:00|107ABEEC|Greiyan Fletz|00505022|86292|106544|10000|10000|10|0|99.96277|104.2479|-0.0008637945|3.109357|9598|31|0|0720|42700000|1068703B|14016A|41F00000|E0000000|0A0168|41F00000|E0000000|28FE0030|450D1AA4|107ABEEC|0|0|0|0512|421C9CB0|107ABEEC|0|0|0|0839|425F3F9A|1068703B|0737|425F3F9A|1068703B|08A8|40068723|107629AA|0513|42038033|107ABEEC|0763|413403EC|10675739|0|0|0|0|0|0|0|0|0|0|0|0|03BC|3F78D558|10675739|0|0|0|0129|4183ADF5|1057B8A2||55201e090ab76d09a7cd51aa4590128e
30|2021-09-26T12:08:42.4610000+01:00|13b|Whispering Dawn|0.00|40011E12|Eos|107ABEEC|Greiyan Fletz|00|106544|||fc0174f04128c3c9e0348380effd0343
24|2021-09-26T12:08:42.5520000+01:00|1068703B|Tomo Uchuu|HoT|0|1171|106478|106478|10000|10000|0|1000|97.16302|104.3133|0|3.082953||8000423dfbf0bbf9e5d2a1eddbebb867
21|2021-09-26T12:08:42.5520000+01:00|1068703B|Tomo Uchuu|07|Attack|40011D69|Living Liquid|720303|217F0000|0|0|0|0|0|0|0|0|0|0|0|0|0|0|1406922|12889320|10000|10000|0|1000|100.4196|100.328|0|-3.021653|106478|106478|10000|10000|0|1000|97.16302|104.3133|0|3.082953|00008E64|0|b97f9d5be357260486dc105e0164ec18
38|2021-09-26T12:08:42.5520000+01:00|1068703B|Tomo Uchuu|00505026|106478|106478|10000|10000|0|0|97.16302|104.3133|0|3.082953|9598|31|0|14016A|41F00000|E0000000|0A0168|41F00000|E0000000|071F|42700000|1068703B|28FE0030|450DBEFD|1068703B|0763|41307283|10675739|08A8|4000B431|107629AA|0|0|0|071D|425EE26B|1068703B|0737|425EE26B|1068703B|0|0|0|0|0|0|0|0|0|0|0|0|03BC|3F618991|10675739||b34fa501cdad377d92c4632238214d55
24|2021-09-26T12:08:42.5960000+01:00|107629AA|Joeson Lmoa|HoT|0|1155|100136|106059|10000|10000|0|1000|100.8683|103.4007|-0.002596474|0.2704688||69b8817b27f5b14c415870901cfff01c
38|2021-09-26T12:08:42.5960000+01:00|107401EC|Raesa Velan|00505019|96008|96887|1200|10000|0|0|101.5741|103.762|-0.002415378|-2.818823|1DF5|30|0|0A016D|41F00000|E0000000|0A0168|41F00000|E0000000|29020030|459142CE|107401EC|0763|412D913C|10675739|08A8|40A00000|107629AA|A4|418328F5|107401EC|0|0|0|0|0|0|0|0|0|0|0|0|0|0|0|03BC|3F560472|10675739||dea788e152e465f97baa3d1604597de3
26|2021-09-26T12:08:42.5960000+01:00|8a8|The Wanderer's Minuet|5.00|107629AA|Joeson Lmoa|107401EC|Raesa Velan|00|96887|106059||13f29d6bd78b7be3bbde7a78257773fa
38|2021-09-26T12:08:42.5970000+01:00|1057B8A2|Alex Knightfall|0050501C|97285|97285|1588|10000|0|0|99.46996|96.39479|-0.01531982|0.8558379|1DF5|30|0|0A016D|41F00000|E0000000|1E016C|41F00000|E0000000|28FE0030|44D1F86A|1057B8A2|0763|4133F7A1|10675739|0|0|0|0|0|0|0|0|0|08A8|40A00000|107629AA|0317|4152A395|1057B8A2|0|0|0|0|0|0|0|0|0|010130|0|1057B8A2|0|0|0|03BC|3F560472|10675739||3a9fbdab9f686ad7cdd49f10d5858e96
26|2021-09-26T12:08:42.5970000+01:00|8a8|The Wanderer's Minuet|5.00|107629AA|Joeson Lmoa|1057B8A2|Alex Knightfall|00|97285|106059||e06ce5f157c5d3d9bfedec3df827850f
38|2021-09-26T12:08:42.5970000+01:00|107629AA|Joeson Lmoa|00505017|104573|106059|10000|10000|0|0|100.8683|103.4007|-0.002596474|0.2704688|1DF5|30|0|0A016D|41F00000|E0000000|0A0168|41F00000|E0000000|28FE0030|450D1598|107629AA|0763|41361863|10675739|0|0|0|7A|41154BC9|107629AA|0|0|0|0|0|0|0|0|0|0|0|0|0|0|0|03BC|3F560472|10675739||ada958129a2164486094957fd3c7b421
38|2021-09-26T12:08:42.5970000+01:00|10675739|Jasy Heavensong|00505021|94140|97086|7684|10000|11|0|99.96179|103.1051|0|3.063427|1DF5|30|0|0A0168|41F00000|E0000000|0F016B|41F00000|E0000000|0763|412B6C60|10675739|28FE0030|450D1208|10675739|0129|4183ABE9|1057B8A2|08A8|409E8F5C|107629AA|0|0|0|0347|0|10675739|0|0|0|0|0|0|0|0|0|0|0|0|03BC|3F560472|10675739||93a53957e68633ac9c663d407643c8d4
26|2021-09-26T12:08:42.5970000+01:00|8a8|The Wanderer's Minuet|4.96|107629AA|Joeson Lmoa|10675739|Jasy Heavensong|00|97086|106059||9527d369340361988ce68221cadc8ce6
38|2021-09-26T12:08:42.5970000+01:00|1068703B|Tomo Uchuu|00505026|106478|106478|10000|10000|0|0|97.16302|104.3133|0|3.085047|1DF5|30|0|14016A|41F00000|E0000000|0A0168|41F00000|E0000000|071F|42700000|1068703B|28FE0030|450DBE45|1068703B|0763|412FBA31|10675739|08A8|409E8F5C|107629AA|0|0|0|071D|425EB457|1068703B|0737|425EB457|1068703B|0|0|0|0|0|0|0|0|0|0|0|0|03BC|3F560472|10675739||31fbf3eaa4e796b4ea3b2d63e262e95f
26|2021-09-26T12:08:42.5970000+01:00|8a8|The Wanderer's Minuet|4.96|107629AA|Joeson Lmoa|1068703B|Tomo Uchuu|00|106478|106059||0707110548830546a778af00cd2b869d
38|2021-09-26T12:08:42.5970000+01:00|10752D6C|Volkon Vysk|00505025|97882|152511|10000|10000|0|0|100.6261|100.1469|0|0.1698014|1DF5|30|0|14016A|41F00000|E0000000|0A0168|41F00000|E0000000|28FD0030|450E61E9|10752D6C|0728|411F99A0|10752D6C|08A8|409E8F5C|107629AA|0|0|0|0|0|0|0763|41384157|10675739|0|0|0|0|0|0|0|0|0|0|0|0|0|0|0|0|0|0|0|0|0|0729|0|10752D6C||93f79b9b9fac038df7dd548bc71fe965
26|2021-09-26T12:08:42.5970000+01:00|8a8|The Wanderer's Minuet|4.96|107629AA|Joeson Lmoa|10752D6C|Volkon Vysk|00|152511|106059||b95b99e1e5472a42fad4758ab65dff27
30|2021-09-26T12:08:42.5970000+01:00|13b|Whispering Dawn|0.00|40011E12|Eos|10752D6C|Volkon Vysk|00|152511|||c38f07f1d476f9950ce447d9a0dfa641
38|2021-09-26T12:08:42.5970000+01:00|107ABEEC|Greiyan Fletz|00505022|86292|106544|10000|10000|10|0|99.24352|103.9498|-0.001243756|-2.467391|1DF5|30|0|0720|42700000|1068703B|14016A|41F00000|E0000000|0A0168|41F00000|E0000000|28FE0030|450D1878|107ABEEC|0|0|0|0512|421C116D|107ABEEC|0|0|0|0839|425EB457|1068703B|0737|425EB457|1068703B|08A8|409E8F5C|107629AA|0513|4202F4F0|107ABEEC|0763|4131D6DE|10675739|0|0|0|0|0|0|0|0|0|0|0|0|03BC|3F560472|10675739|0|0|0|0129|4182976E|1057B8A2||6b60022cad6d2905cd3d2c40fec7ce70
26|2021-09-26T12:08:42.5970000+01:00|8a8|The Wanderer's Minuet|4.96|107629AA|Joeson Lmoa|107ABEEC|Greiyan Fletz|00|106544|106059||b022cb69a10aef226f62cbfbe8189cc4
24|2021-09-26T12:08:42.6390000+01:00|107ABEEC|Greiyan Fletz|HoT|0|1087|86292|106544|10000|10000|0|1000|99.24352|103.9498|-0.001243756|-2.467391||b44f67f0bfcebda18de6a9b8285cfe57
38|2021-09-26T12:08:42.6390000+01:00|107ABEEC|Greiyan Fletz|00505022|90523|106544|10000|10000|10|0|99.24352|103.9498|-0.001243756|-2.467391|1DF5|30|0|0720|42700000|1068703B|14016A|41F00000|E0000000|0A0168|41F00000|E0000000|28FE0030|450D17C8|107ABEEC|0|0|0|0512|421BE565|107ABEEC|0|0|0|0839|425E884F|1068703B|0737|425E884F|1068703B|08A8|409D2F1A|107629AA|0513|4202C8E8|107ABEEC|0763|413126BD|10675739|0|0|0|0|0|0|0|0|0|0|0|0|03BC|3F4B0266|10675739|0|0|0|0129|41823F5E|1057B8A2||0aa96859d40dc7b85cf4c932edf3e82d
24|2021-09-26T12:08:42.6850000+01:00|1057B8A2|Alex Knightfall|HoT|0|1195|97285|97285|1588|10000|0|1000|99.46284|96.40191|-0.0008608518|0.4653594||6e8f38c866813dae6d956315d7a56d4a
38|2021-09-26T12:08:42.6850000+01:00|1057B8A2|Alex Knightfall|0050501C|97285|97285|1588|10000|0|0|99.46284|96.40191|-0.0008608518|0.4653594|1DF5|30|0|0A016D|41F00000|E0000000|1E016C|41F00000|E0000000|28FE0030|44D1F591|1057B8A2|0763|41328B16|10675739|0|0|0|0|0|0|0|0|0|08A8|409D26E9|107629AA|0317|4151370A|1057B8A2|0|0|0|0|0|0|0|0|0|010130|0|1057B8A2|0|0|0|03BC|3F3F3BBE|10675739||0b7a8759e6cd05e996247b3f23cc87d5
24|2021-09-26T12:08:42.7290000+01:00|107401EC|Raesa Velan|HoT|0|113D|96008|96887|1200|10000|0|1000|102.0381|103.1978|0|-2.674033||ac4cf9e1e2d68b71e445e16b95637690
38|2021-09-26T12:08:42.7290000+01:00|107401EC|Raesa Velan|00505019|96887|96887|1200|10000|0|0|102.0381|103.1978|0|-2.674033|1DF5|30|0|0A016D|41F00000|E0000000|0A0168|41F00000|E0000000|29020030|459141C0|107401EC|0763|412B7490|10675739|08A8|409BC6A7|107629AA|A4|41821AA0|107401EC|0|0|0|0|0|0|0|0|0|0|0|0|0|0|0|03BC|3F3439B2|10675739||aaf571fbd9a73986397273ea9f338ece
37|2021-09-26T12:08:42.8170000+01:00|10752D6C|Volkon Vysk|00008E62|62738|152511|10000|10000|0||100.6622|101.5067|0|0.1089746|2500|0|0|0||907e02245ea19c1b0ef368cfe4a11936
25|2021-09-26T12:08:42.8630000+01:00|1075A2E4|Niru Summers|40011D69|Living Liquid||9035f3ff461fb765bc8d698870c13d92
21|2021-09-26T12:08:42.8630000+01:00|107ABEEC|Greiyan Fletz|07|Attack|40011D69|Living Liquid|710303|1FCF0000|0|0|0|0|0|0|0|0|0|0|0|0|0|0|1406922|12889320|10000|10000|0|1000|100.4196|100.328|0|-3.021653|90523|106544|10000|10000|0|1000|98.9486|103.8088|-0.001795492|-2.284966|00008E65|0|20e9fe4899c5d24473772dd5bc010d02
37|2021-09-26T12:08:42.9510000+01:00|40011D69|Living Liquid|00008E63|1397786|12889320|10000|10000|0||100.4196|100.328|0|-3.021653||53f21fdfe42f81264c464fad316ea87b
20|2021-09-26T12:08:43.0400000+01:00|40011DEA|Liquid Hand|482D|Hand Of Pain|40011DEA|Liquid Hand|2.70|97.94763|99.56506|0|1.315654||c78d9874754043accc7ce4b7924be01a
38|2021-09-26T12:08:43.0400000+01:00|40011D69|Living Liquid|00505000|1397786|12889320|10000|10000|0|0|100.4196|100.328|0|-3.021653|15BE|30|0|0767|417D6004|1057B8A2|2804B0|41D26456|107629AA|04CC|424264AB|107ABEEC|2804B1|41D26456|107629AA|0|0|0|0759|41969150|10675739||88cc464101facf43b09089e362719413
30|2021-09-26T12:08:43.0400000+01:00|a3|Thunder III|0.00|107401EC|Raesa Velan|40011D69|Living Liquid|0A|12889320|96887||f418d0be8cd1cae84490e4e15fe1ded7
37|2021-09-26T12:08:43.0840000+01:00|40011D69|Living Liquid|00008E64|1389211|12889320|10000|10000|0||100.4196|100.328|0|-3.021653||5e516464b75becbfbbcf926257e76ceb
21|2021-09-26T12:08:43.1730000+01:00|1068703B|Tomo Uchuu|3E76|Fountain|40011D69|Living Liquid|42720303|6A860000|F|7178000|11B|3E768000|0|0|0|0|0|0|0|0|0|0|1389211|12889320|10000|10000|0|1000|100.4196|100.328|0|-3.021653|106478|106478|10000|10000|0|1000|97.16302|104.3133|0|3.00546|00008E66|0|335b61fb0508eee02173b59d8eb22675
38|2021-09-26T12:08:43.1730000+01:00|1068703B|Tomo Uchuu|00505026|106478|106478|10000|10000|0|0|97.16302|104.3133|0|3.00546|15BE|30|0|14016A|41F00000|E0000000|0A0168|41F00000|E0000000|071F|42700000|1068703B|28FE0030|450DB50D|1068703B|0763|41267ECE|10675739|08A8|408C1890|107629AA|0717|C1A00000|1068703B|071D|425C6582|1068703B|0737|425C6582|1068703B|0|0|0|0|0|0|0|0|0|0|0|0|03BC|3E849C57|10675739||5b127f382963736deebeb3e51488c28d
26|2021-09-26T12:08:43.1730000+01:00|717|Flourishing Fountain|20.00|1068703B|Tomo Uchuu|1068703B|Tomo Uchuu|00|106478|106478||4e1040c23324243d6a8b47888f62cc5e
20|2021-09-26T12:08:43.2180000+01:00|107401EC|Raesa Velan|4079|Despair|40011D69|Living Liquid|2.81|103.5353|100.3195|-0.001935471|-1.997816||41da9d147b5afb537ec1c25cedf7e968
21|2021-09-26T12:08:43.2180000+01:00|107ABEEC|Greiyan Fletz|1D39|Gekko|40011D69|Living Liquid|4F710303|A0260000|23D|B88000|11B|1D398000|0|0|0|0|0|0|0|0|0|0|1389211|12889320|10000|10000|0|1000|100.4196|100.328|0|-3.021653|90523|106544|10000|10000|0|1000|97.52088|103.6887|0|-1.594769|00008E67|0|b679073a7cd6a8ab6cdcf1a520a1d50a
37|2021-09-26T12:08:43.3960000+01:00|40011D69|Living Liquid|00008E65|1381068|12889320|10000|10000|0||100.4196|100.328|0|-3.021653||9248a378b2756d3d6f3060be44bd7243
38|2021-09-26T12:08:43.4410000+01:00|107401EC|Raesa Velan|00505019|96887|96887|1200|10000|0|0|103.5776|100.0174|0|-1.731267|D7F7|30|0|0A016D|41F00000|E0000000|0A0168|41F00000|E0000000|29020030|45913C10|107401EC|0763|41201038|10675739|08A8|4084FDEF|107629AA|A4|4178D0E6|107401EC||baac7465c316fa74634c5c738cc2392c
30|2021-09-26T12:08:43.4410000+01:00|3bc|Wheel Of Fortune|0.00|10675739|Jasy Heavensong|107401EC|Raesa Velan|00|96887|97086||aa98dfac771cf37261b3c4ec686eb2fe
38|2021-09-26T12:08:43.4410000+01:00|1057B8A2|Alex Knightfall|0050501C|97285|97285|1588|10000|0|0|98.84689|98.11133|-0.001560511|2.249509|D7F7|30|0|0A016D|41F00000|E0000000|1E016C|41F00000|E0000000|28FE0030|44D1DD69|1057B8A2|0763|4126769D|10675739|0|0|0|0|0|0|0|0|0|08A8|4084FDEF|107629AA|0317|41452291|1057B8A2|0|0|0|0|0|0|0|0|0|010130|0|1057B8A2||86bb01c4b8ce75000c2310fcacffa180
30|2021-09-26T12:08:43.4410000+01:00|3bc|Wheel Of Fortune|0.00|10675739|Jasy Heavensong|1057B8A2|Alex Knightfall|00|97285|97086||1bd79c43109d37eae1a7bc99494af9ab
38|2021-09-26T12:08:43.4410000+01:00|107629AA|Joeson Lmoa|00505017|104573|106059|10000|10000|0|0|102.6168|103.502|0|1.431561|D7F7|30|0|0A016D|41F00000|E0000000|0A0168|41F00000|E0000000|28FE0030|450D081C|107629AA|0763|4128975F|10675739|0|0|0|7A|4107CAC5|107629AA||2a059dfc19392377ef4f334db9b2e5d4
30|2021-09-26T12:08:43.4410000+01:00|3bc|Wheel Of Fortune|0.00|10675739|Jasy Heavensong|107629AA|Joeson Lmoa|00|106059|97086||681e02327999e228c5e009475fa06f48
38|2021-09-26T12:08:43.4410000+01:00|10675739|Jasy Heavensong|00505021|94140|97086|7684|10000|11|0|102.7966|101.3132|-0.0008179051|2.154282|D7F7|30|0|0A0168|41F00000|E0000000|0F016B|41F00000|E0000000|0763|411DEB5C|10675739|28FE0030|450D048C|10675739|0129|4179D6CD|1057B8A2|08A8|40838D4B|107629AA|0|0|0|0347|0|10675739||64f0c45f82fa9efb0cab98b4babd0476
30|2021-09-26T12:08:43.4410000+01:00|3bc|Wheel Of Fortune|0.00|10675739|Jasy Heavensong|10675739|Jasy Heavensong|00|97086|97086||409ee1c3cbba58e04acd9676e2033487
38|2021-09-26T12:08:43.4410000+01:00|1068703B|Tomo Uchuu|00505026|106478|106478|10000|10000|0|0|97.16302|104.3133|0|2.984516|D7F7|30|0|14016A|41F00000|E0000000|0A0168|41F00000|E0000000|071F|42700000|1068703B|28FE0030|450DB0C9|1068703B|0763|4122392D|10675739|08A8|40838D4B|107629AA|0717|C1A00000|1068703B|071D|425B541C|1068703B|0737|425B541C|1068703B||ff055bd6d148e8f67dcac9bb584c756d
30|2021-09-26T12:08:43.4410000+01:00|3bc|Wheel Of Fortune|0.00|10675739|Jasy Heavensong|1068703B|Tomo Uchuu|00|106478|97086||5afe2d98cabbdd65e533ecdd3a9e082e
38|2021-09-26T12:08:43.4410000+01:00|107ABEEC|Greiyan Fletz|00505022|90523|106544|10000|10000|10|0|97.04109|103.6672|-0.001758402|2.450428|D7F7|30|0|0720|42700000|1068703B|14016A|41F00000|E0000000|0A0168|41F00000|E0000000|28FE0030|450D0AFC|107ABEEC|0|0|0|0512|4218B132|107ABEEC|0|0|0|0839|425B541C|1068703B|0737|425B541C|1068703B|08A8|40838D4B|107629AA|0513|41FF2967|107ABEEC|0763|412455DA|10675739|0|0|0|0|0|0|0|0|0|0|0|0|0|0|0|0|0|0|0129|4177ADD8|1057B8A2||feaecd05a5e4e6de956f43752a87737c
30|2021-09-26T12:08:43.4410000+01:00|3bc|Wheel Of Fortune|0.00|10675739|Jasy Heavensong|107ABEEC|Greiyan Fletz|00|106544|97086||731e3909298bd4923476c5637ce59f9a
37|2021-09-26T12:08:43.9730000+01:00|40011D69|Living Liquid|00008E67|1340070|12889320|10000|10000|0||100.4196|100.328|0|-3.021653||2b46c3e1d432435ff74a16614a743f6f
39|2021-09-26T12:08:43.9730000+01:00|10675739|Jasy Heavensong|95110|97086|7948|10000|0|0|102.6569|98.27969|-0.01531982|-2.682978||10d7fd171135ef236b14dd30ddbca4de
39|2021-09-26T12:08:43.9730000+01:00|10752D6C|Volkon Vysk|64263|152511|10000|10000|0|0|104.9707|107.3953|0|-0.2331334||ab97d24d1935accfe3a1498bc80b3a31
24|2021-09-26T12:08:44.0180000+01:00|40011D69|Living Liquid|DoT|0|3CB4|1340070|12889320|10000|10000|0|1000|100.4196|100.328|0|-3.021653||72ce95e26b382aa1eb1fd3ec133c008b
36|2021-09-26T12:08:44.0180000+01:00|2148|3|8d72115d7ec6826ee3a7e89e0c8a0cb0
38|2021-09-26T12:08:44.0180000+01:00|40011D69|Living Liquid|00505000|1324530|12889320|10000|10000|0|0|100.4196|100.328|0|-3.021653|1EA7|30|0|0767|416DBA24|1057B8A2|2804B0|41CA9160|107629AA|04CC|423E7B3B|107ABEEC|2804B1|41CA9160|107629AA|0|0|0|0759|418EBE5A|10675739||102c0d951260b550f12f30f41fc24253
39|2021-09-26T12:08:44.1080000+01:00|107629AA|Joeson Lmoa|105633|106059|10000|10000|0|0|104.2339|104.014|0|1.288898||d119f50c27a80d7b8d7740c13a3066a5
21|2021-09-26T12:08:44.1080000+01:00|40011D69|Living Liquid|4822|Protean Wave|E0000000||0|0|0|0|0|0|0|0|0|0|0|0|0|0|0|0|||||||||||1324530|12889320|10000|10000|0|1000|100.4196|100.328|0|-3.021653|00008E68|0|f438516afcd02949609e570cbe4c16c3
21|2021-09-26T12:08:44.1080000+01:00|40011D76|Living Liquid|4824|Protean Wave|E0000000||0|0|0|0|0|0|0|0|0|0|0|0|0|0|0|0|||||||||||44|44|0|10000|0|1000|100.4225|100.3544|0|-0.07924104|00008E69|0|503d3ef616cf3d819cc9aa5487894f5a
21|2021-09-26T12:08:44.1080000+01:00|40011D77|Living Liquid|4824|Protean Wave|E0000000||0|0|0|0|0|0|0|0|0|0|0|0|0|0|0|0|||||||||||44|44|0|10000|0|1000|100.4225|100.3544|0|-0.06169605|00008E6A|0|c2928d002e71bfb407fb4d50ced3c9f7
21|2021-09-26T12:08:44.1080000+01:00|40011D75|Living Liquid|4824|Protean Wave|E0000000||0|0|0|0|0|0|0|0|0|0|0|0|0|0|0|0|||||||||||44|44|0|10000|0|1000|100.4225|100.3544|0|-0.1585298|00008E6B|0|1a1528b69826e117eabfea945d158c9a
21|2021-09-26T12:08:44.1080000+01:00|40011D78|Living Liquid|4824|Protean Wave|E0000000||0|0|0|0|0|0|0|0|0|0|0|0|0|0|0|0|||||||||||44|44|0|10000|0|1000|100.4225|100.3544|0|-2.907849|00008E6C|0|15879b759def43371746b873eeda8bcf
21|2021-09-26T12:08:44.1080000+01:00|40011D7A|Living Liquid|4824|Protean Wave|E0000000||0|0|0|0|0|0|0|0|0|0|0|0|0|0|0|0|||||||||||44|44|0|10000|0|1000|100.4225|100.3544|0|-0.09995008|00008E6D|0|1382b129297d3b6673cdb11aa909ab03
21|2021-09-26T12:08:44.1080000+01:00|40011D79|Living Liquid|4824|Protean Wave|E0000000||0|0|0|0|0|0|0|0|0|0|0|0|0|0|0|0|||||||||||44|44|0|10000|0|1000|100.4225|100.3544|0|-1.746512|00008E6E|0|96e45a184a951ab9f58f0b9b42410c25
37|2021-09-26T12:08:44.1520000+01:00|40011D69|Living Liquid|00008E66|1297260|12889320|10000|10000|0||100.4196|100.328|0|-3.021653||3ddf6cdd0f96ea458de9b310806dd306
37|2021-09-26T12:08:44.1520000+01:00|1068703B|Tomo Uchuu|00008E66|106478|106478|10000|10000|0||97.96866|103.6714|0|3.034782|2600|0|0|01|06000757|0|41A00000|1068703B||d02db33cf350ca9e852ee7d1582fbbca
39|2021-09-26T12:08:44.1520000+01:00|107ABEEC|Greiyan Fletz|91588|106544|10000|10000|0|0|94.08809|106.0037|-0.003127503|-2.027205||96a7dda447b3758b1f62e0ac47527c61
21|2021-09-26T12:08:44.1520000+01:00|107629AA|Joeson Lmoa|08|Shot|40011DEA|Liquid Hand|720003|EFB0000|0|0|0|0|0|0|0|0|0|0|0|0|0|0|1805776|12889320|10000|10000|0|1000|97.94763|99.56506|0|0.9084656|104573|106059|10000|10000|0|1000|104.2339|104.014|0|1.288898|00008E6F|0|d3251f76704e7db42bb8a786127ce185
38|2021-09-26T12:08:44.1520000+01:00|1068703B|Tomo Uchuu|00505026|106478|106478|10000|10000|0|0|97.96866|103.6714|0|3.034782|DC3F|30|0|14016A|41F00000|E0000000|0A0168|41F00000|E0000000|071F|42700000|1068703B|28FE0030|450DA56D|1068703B|0763|4116D8EE|10675739|08A8|40599990|107629AA|0717|419FA5E3|1068703B|071D|42587C12|1068703B|0737|42587C12|1068703B||cd82145bed47c2d9299bbea6405cbca4
26|2021-09-26T12:08:44.1520000+01:00|71f|Closed Position|60.00|1068703B|Tomo Uchuu|1068703B|Tomo Uchuu|00|106478|106478||0a116ec24fad15c48b5ee5764eb00e0d
39|2021-09-26T12:08:44.1960000+01:00|1057B8A2|Alex Knightfall|97285|97285|1834|10000|0|0|98.00867|97.82556|0|-1.884572||2ca36b852a822c2c90495407a7e78258
39|2021-09-26T12:08:44.2400000+01:00|107401EC|Raesa Velan|96887|96887|1200|10000|0|0|103.6239|99.68713|0|-1.382761||a77dab9a7b8ffe07aa080cc52eb69f53
24|2021-09-26T12:08:44.5530000+01:00|40011DEA|Liquid Hand|DoT|0|25E9|1796071|12889320|10000|10000|0|1000|97.94763|99.56506|0|0.9084656||43ec0c5ed070a993ba6f43bab8752718
20|2021-09-26T12:08:44.5530000+01:00|1057B8A2|Alex Knightfall|BA|Succor|1057B8A2|Alex Knightfall|1.94|97.60268|99.06786|-0.001411584|-0.8670495||54ca5aa7e1044bfab07aed21720af894
38|2021-09-26T12:08:44.5530000+01:00|40011DEA|Liquid Hand|00505000|1796071|12889320|10000|10000|0|0|97.94763|99.56506|0|0.9084656|1AB8|30|0|0A00A3|41634378|107401EC|0|0|0|0|0|0|2804B1|41DAFDEE|107629AA|0|0|0|2804B0|41DAFDEE|107629AA||07896e631df99cf6ed070a3366b13a6a
37|2021-09-26T12:08:44.9080000+01:00|40011DEA|Liquid Hand|00008E6F|1792236|12889320|10000|10000|0||97.94763|99.56506|0|0.9084656||f5722d8cc77a9e79d1d860569fd16004
21|2021-09-26T12:08:45.1760000+01:00|10675739|Jasy Heavensong|E0B|Aspected Benefic|10752D6C|Volkon Vysk|4|20250000|DEFE0E|3430000|1B|E0B8000|0|0|0|0|0|0|0|0|0|0|64263|152511|10000|10000|0|1000|107.1863|110.7443|-0.00185312|-1.835886|95110|97086|7948|10000|0|1000|102.1896|97.27625|0|-1.717653|00008E70|0|8bb626fccb8dbb9f5904ee4a66905cb6
21|2021-09-26T12:08:45.3980000+01:00|107ABEEC|Greiyan Fletz|1D3E|Enpi|40011D69|Living Liquid|710003|113E0000|1B|1D3E8000|0|0|0|0|0|0|0|0|0|0|0|0|1297260|12889320|10000|10000|0|1000|100.4196|100.328|0|-3.021653|91588|106544|10000|10000|0|1000|87.38675|108.545|0|-1.351597|00008E71|0|b0a684e4018a1ba7f0b4b44c5d7fc534
21|2021-09-26T12:08:45.4880000+01:00|107401EC|Raesa Velan|4079|Despair|40011D69|Living Liquid|150003|ADDE0000|33D|438000|1B|40798000|0|0|0|0|0|0|0|0|0|0|1297260|12889320|10000|10000|0|1000|100.4196|100.328|0|-3.021653|96887|96887|1200|10000|0|1000|103.6239|99.68713|0|-1.382761|00008E72|0|da94edeb214d2a6ca36d379741fd4418
38|2021-09-26T12:08:45.5760000+01:00|107401EC|Raesa Velan|00505019|96887|96887|0|10000|0|0|103.6239|99.68713|0|-1.382761|D7F7|30|0|0A016D|41F00000|E0000000|0A0168|41F00000|E0000000|29020030|45912B00|107401EC|0763|40FBC65D|10675739|08A8|40A00000|107629AA|A4|4156A3DD|107401EC||3ad2c82509dd440333222c34e1a24d04
26|2021-09-26T12:08:45.5760000+01:00|8a8|The Wanderer's Minuet|5.00|107629AA|Joeson Lmoa|107401EC|Raesa Velan|00|96887|106059||82dd88f02f0404b6f90992c0f4d511fc
38|2021-09-26T12:08:45.5760000+01:00|1057B8A2|Alex Knightfall|0050501C|97285|97285|1834|10000|0|0|97.67297|99.68713|0|0.1310134|D7F7|30|0|0A016D|41F00000|E0000000|1E016C|41F00000|E0000000|28FE0030|44D19910|1057B8A2|0763|41044994|10675739|0|0|0|0|0|0|0|0|0|08A8|40A00000|107629AA|0317|4122F588|1057B8A2|0|0|0|0|0|0|0|0|0|010130|0|1057B8A2||7cefa34c62fba296ea872825278295eb
26|2021-09-26T12:08:45.5760000+01:00|8a8|The Wanderer's Minuet|5.00|107629AA|Joeson Lmoa|1057B8A2|Alex Knightfall|00|97285|106059||3bf429f1a1acbaf2821b964dd4e8ba97
38|2021-09-26T12:08:45.5760000+01:00|10675739|Jasy Heavensong|00505021|95110|97086|7548|10000|11|0|102.1896|97.27625|0|-0.5513932|D7F7|30|0|0A0168|41F00000|E0000000|0F016B|41F00000|E0000000|0763|40F77CA3|10675739|28FE0030|450CE26C|10675739|0129|4157A9C4|1057B8A2|08A8|409E8F5C|107629AA|0|0|0|0347|0|10675739||d09c032e174496d22f7b15280b9d957c
26|2021-09-26T12:08:45.5760000+01:00|8a8|The Wanderer's Minuet|4.96|107629AA|Joeson Lmoa|10675739|Jasy Heavensong|00|97086|106059||4dfa689d84729137a3ec1c256a2d6ae9
38|2021-09-26T12:08:45.5760000+01:00|1068703B|Tomo Uchuu|00505026|106478|106478|10000|10000|0|0|100.1727|103.4152|0|-3.108079|D7F7|30|0|14016A|41F00000|E0000000|0A0168|41F00000|E0000000|071F|42700000|1068703B|28FE0030|450D8EA9|1068703B|0763|41000C24|10675739|08A8|409E8F5C|107629AA|0717|41943F7A|1068703B|071D|4252C8EA|1068703B|0737|4252C8EA|1068703B||83412bae5b82b7064b8f6b9d7f276b89
26|2021-09-26T12:08:45.5760000+01:00|8a8|The Wanderer's Minuet|4.96|107629AA|Joeson Lmoa|1068703B|Tomo Uchuu|00|106478|106059||50eb0937286711e702cd05f61862727d
38|2021-09-26T12:08:45.5760000+01:00|10752D6C|Volkon Vysk|00505025|64263|152511|10000|10000|0|0|107.2683|110.8151|-0.00223971|-2.318166|D7F7|30|0|14016A|41F00000|E0000000|0A0168|41F00000|E0000000|28FD0030|450E324D|10752D6C|0728|40DFD71C|10752D6C|08A8|409E8F5C|107629AA|0|0|0|0|0|0|0763|4108934A|10675739|0|0|0|0|0|0|0|0|0|0|0|0|0|0|0|0|0|0|0|0|0|0729|0|10752D6C||02c54e86238ac586bf1815564df4e9ca
26|2021-09-26T12:08:45.5760000+01:00|8a8|The Wanderer's Minuet|4.96|107629AA|Joeson Lmoa|10752D6C|Volkon Vysk|00|152511|106059||e0bb209a5b9afe79f57284183e261998
38|2021-09-26T12:08:45.5760000+01:00|107ABEEC|Greiyan Fletz|00505022|91588|106544|10000|10000|10|0|87.12159|108.6235|-0.01531982|2.585419|D7F7|30|0|0720|42700000|1068703B|14016A|41F00000|E0000000|0A0168|41F00000|E0000000|28FE0030|450CE8DC|107ABEEC|0|0|0|0512|42102600|107ABEEC|0|0|0|0839|4252C8EA|1068703B|0737|4252C8EA|1068703B|08A8|409E8F5C|107629AA|0513|41EE12DA|107ABEEC|0763|410228D1|10675739|0|0|0|0|0|0|0|0|0|0|0|0|0|0|0|0|0|0|0129|415580CF|1057B8A2||d131c50296f0be0e83806edf8873c429
26|2021-09-26T12:08:45.5760000+01:00|720|Dance Partner|60.00|1068703B|Tomo Uchuu|107ABEEC|Greiyan Fletz|00|106544|106478||5d2dac49a61baee74555f32878212059
26|2021-09-26T12:08:45.5760000+01:00|8a8|The Wanderer's Minuet|4.96|107629AA|Joeson Lmoa|107ABEEC|Greiyan Fletz|00|106544|106059||f63a0e57a60623832c7e2663d350cfaa
22|2021-09-26T12:08:45.6660000+01:00|1068703B|Tomo Uchuu|3E85|Saber Dance|40011D69|Living Liquid|720103|A9C50000|0|0|0|0|0|0|0|0|0|0|0|0|0|0|1297260|12889320|10000|10000|0|1000|100.4196|100.328|0|-3.021653|106478|106478|10000|10000|0|1000|100.1727|103.4152|0|-3.097607|00008E73|0|115a3bca9066e13edf4bca8748873a7d
22|2021-09-26T12:08:45.6660000+01:00|1068703B|Tomo Uchuu|3E85|Saber Dance|40011DEA|Liquid Hand|720003|35020000|0|0|0|0|0|0|0|0|0|0|0|0|0|0|1792236|12889320|10000|10000|0|1000|97.94763|99.56506|0|0.9084656|106478|106478|10000|10000|0|1000|100.1727|103.4152|0|-3.097607|00008E73|1|94f3e387beb173fd04c5782be6320df2
31|2021-09-26T12:08:45.6660000+01:00|1068703B|280226|00|E0000000|00|47ae11dcb594430f422797e4e1e479fe
21|2021-09-26T12:08:45.7100000+01:00|1068703B|Tomo Uchuu|07|Attack|40011D69|Living Liquid|720003|11510000|0|0|0|0|0|0|0|0|0|0|0|0|0|0|1297260|12889320|10000|10000|0|1000|100.4196|100.328|0|-3.021653|106478|106478|10000|10000|0|1000|100.1727|103.4152|0|-3.091324|00008E74|0|5cb5652941b4190aa2a3eaa252383699
37|2021-09-26T12:08:45.9750000+01:00|40011D69|Living Liquid|00008E72|1252750|12889320|10000|10000|0||100.4196|100.328|0|-3.021653||3ea178632bd596ef8225872d4ca540c6
22|2021-09-26T12:08:45.9760000+01:00|1057B8A2|Alex Knightfall|BA|Succor|1057B8A2|Alex Knightfall|4|23B60000|A30E|1290000|1B|BA8000|0|0|0|0|0|0|0|0|0|0|97285|97285|1834|10000|0|1000|97.67297|99.68713|0|0.1310134|97285|97285|1834|10000|0|1000|97.67297|99.68713|0|0.1310134|00008E75|0|4b1cd8079d5c543225427992f99ceada
22|2021-09-26T12:08:45.9760000+01:00|1057B8A2|Alex Knightfall|BA|Succor|1068703B|Tomo Uchuu|4|23AA0000|940E|1290000|1B|BA8000|0|0|0|0|0|0|0|0|0|0|106478|106478|10000|10000|0|1000|100.1727|103.4152|0|-3.105985|97285|97285|1834|10000|0|1000|97.67297|99.68713|0|0.1310134|00008E75|1|7ed66b8dbc85480b4fa23345cc65c037
22|2021-09-26T12:08:45.9760000+01:00|1057B8A2|Alex Knightfall|BA|Succor|10675739|Jasy Heavensong|10004|384A0000|5C0E|1290000|1B|BA8000|0|0|0|0|0|0|0|0|0|0|95110|97086|7548|10000|0|1000|102.1896|97.27625|0|0.1179092|97285|97285|1834|10000|0|1000|97.67297|99.68713|0|0.1310134|00008E75|2|3fc6143c8e783b733181923478040934
22|2021-09-26T12:08:45.9760000+01:00|1057B8A2|Alex Knightfall|BA|Succor|107401EC|Raesa Velan|4|24540000|690E|1290000|1B|BA8000|0|0|0|0|0|0|0|0|0|0|96887|96887|0|10000|0|1000|103.6239|99.68713|0|-1.382761|97285|97285|1834|10000|0|1000|97.67297|99.68713|0|0.1310134|00008E75|3|03f1e477e86eb9f2c09a61b3c2acec69
22|2021-09-26T12:08:45.9760000+01:00|1057B8A2|Alex Knightfall|BA|Succor|107629AA|Joeson Lmoa|4|23B00000|9C0E|1290000|1B|BA8000|0|0|0|0|0|0|0|0|0|0|105633|106059|10000|10000|0|1000|110.0353|106.4011|-0.001402455|-0.8479596|97285|97285|1834|10000|0|1000|97.67297|99.68713|0|0.1310134|00008E75|4|019c9662024f8ae2c1217b821538e618
22|2021-09-26T12:08:45.9760000+01:00|1057B8A2|Alex Knightfall|BA|Succor|107ABEEC|Greiyan Fletz|4|22F00000|AC000014|1290000|1B|BA8000|0|0|0|0|0|0|0|0|0|0|91588|106544|10000|10000|0|1000|86.55258|108.7721|-0.01531982|-1.917344|97285|97285|1834|10000|0|1000|97.67297|99.68713|0|0.1310134|00008E75|5|1deab98c1f1d4a969099b9a9d02edc31
22|2021-09-26T12:08:45.9760000+01:00|1057B8A2|Alex Knightfall|BA|Succor|10752D6C|Volkon Vysk|4|23920000|760E|1290000|1B|BA8000|0|0|0|0|0|0|0|0|0|0|64263|152511|10000|10000|0|1000|107.3167|110.8568|0|-2.602774|97285|97285|1834|10000|0|1000|97.67297|99.68713|0|0.1310134|00008E75|6|64428d5548e8c1ca062a2576d2359128
22|2021-09-26T12:08:46.0210000+01:00|40011DEA|Liquid Hand|482D|Hand Of Pain|1057B8A2|Alex Knightfall|750003|2AA30000|1B|482D8000|0|0|0|0|0|0|0|0|0|0|0|0|97285|97285|834|10000|0|1000|97.67297|99.68713|0|0.1310134|1792236|12889320|10000|10000|0|1000|97.94763|99.56506|0|0.9084656|00008E76|0|052ba3f322ae19aa817e3a1bccf60209
22|2021-09-26T12:08:46.0210000+01:00|40011DEA|Liquid Hand|482D|Hand Of Pain|1068703B|Tomo Uchuu|750003|2D800000|1B|482D8000|0|0|0|0|0|0|0|0|0|0|0|0|106478|106478|10000|10000|0|1000|100.1727|103.4152|0|-3.120646|1792236|12889320|10000|10000|0|1000|97.94763|99.56506|0|0.9084656|00008E76|1|01bed4985b82322307e45f5abc3f5e22
22|2021-09-26T12:08:46.0210000+01:00|40011DEA|Liquid Hand|482D|Hand Of Pain|10675739|Jasy Heavensong|750003|400|1B|482D8000|0|0|0|0|0|0|0|0|0|0|0|0|95110|97086|7548|10000|0|1000|102.1896|97.27625|0|0.2110492|1792236|12889320|10000|10000|0|1000|97.94763|99.56506|0|0.9084656|00008E76|2|fbe389d73a9b32b16c8c27371abf3b55
22|2021-09-26T12:08:46.0210000+01:00|40011DEA|Liquid Hand|482D|Hand Of Pain|107401EC|Raesa Velan|750003|2C9D0000|1B|482D8000|0|0|0|0|0|0|0|0|0|0|0|0|96887|96887|0|10000|0|1000|103.6239|99.68713|0|-1.382761|1792236|12889320|10000|10000|0|1000|97.94763|99.56506|0|0.9084656|00008E76|3|42748fa38d9c241ed4d53acb13302045
22|2021-09-26T12:08:46.0210000+01:00|40011DEA|Liquid Hand|482D|Hand Of Pain|107629AA|Joeson Lmoa|750003|30A40000|1B|482D8000|0|0|0|0|0|0|0|0|0|0|0|0|105633|106059|10000|10000|0|1000|110.0252|106.4011|0|-1.091716|1792236|12889320|10000|10000|0|1000|97.94763|99.56506|0|0.9084656|00008E76|4|288a1d7ebb3d9683a66f808dc71cafa6
22|2021-09-26T12:08:46.0210000+01:00|40011DEA|Liquid Hand|482D|Hand Of Pain|10752D6C|Volkon Vysk|750003|1A060000|1B|482D8000|0|0|0|0|0|0|0|0|0|0|0|0|64263|152511|10000|10000|0|1000|107.3167|110.8568|0|-2.602774|1792236|12889320|10000|10000|0|1000|97.94763|99.56506|0|0.9084656|00008E76|5|d68a91dba3e670ca188bb8337866fce3
22|2021-09-26T12:08:46.0210000+01:00|40011DEA|Liquid Hand|482D|Hand Of Pain|107ABEEC|Greiyan Fletz|750003|17B0400|1B|482D8000|0|0|0|0|0|0|0|0|0|0|0|0|91588|106544|10000|10000|0|1000|86.4587|108.7893|-0.002136543|-1.710736|1792236|12889320|10000|10000|0|1000|97.94763|99.56506|0|0.9084656|00008E76|6|1997a36b925df43594188cdbc95e3f3a
37|2021-09-26T12:08:46.1100000+01:00|40011D69|Living Liquid|00008E73|1209289|12889320|10000|10000|0||100.4196|100.328|0|-3.021653||2a4e8b36e490ff3ac299a7e4665f04ac
37|2021-09-26T12:08:46.1100000+01:00|40011D69|Living Liquid|00008E71|1204875|12889320|10000|10000|0||100.4196|100.328|0|-3.021653||0c42b988ca1a5f8058304ffa0975b4a4
37|2021-09-26T12:08:46.1550000+01:00|10752D6C|Volkon Vysk|00008E70|72492|152511|10000|10000|0||107.3167|110.8568|0|-2.602774|2500|0|0|01|05000383|0|41700000|10675739||b6147bf9e36b0c25c4f870a0d946ecb7
26|2021-09-26T12:08:46.1550000+01:00|343|Aspected Benefic|15.00|10675739|Jasy Heavensong|10752D6C|Volkon Vysk|00|152511|97086||655a96629c21f3a1a684d5d7a950b632
21|2021-09-26T12:08:46.2010000+01:00|40011D69|Living Liquid|4823|Protean Wave|E0000000||0|0|0|0|0|0|0|0|0|0|0|0|0|0|0|0|||||||||||1204875|12889320|10000|10000|0|1000|100.4196|100.328|0|-3.021653|00008E77|0|2836115188dcfe90a8a1f1d2efde9602
20|2021-09-26T12:08:46.2010000+01:00|40011D73|Living Liquid|49B1|Sluice|E0000000||2.70|97.39545|108.3706|0|-4.792213E-05||0a060ab43a12c688b328669ab26ec3f8
20|2021-09-26T12:08:46.2010000+01:00|40011D74|Living Liquid|49B1|Sluice|E0000000||2.70|100.4225|100.3544|0|-0.1159613||7bf2de7caf58326fe8d3ee9ed1a7947e
20|2021-09-26T12:08:46.2010000+01:00|40011D76|Living Liquid|49B1|Sluice|E0000000||2.70|100.4225|100.3544|0|-0.07924104||01752b74367a01b942b2bd2a743e8dd9
21|2021-09-26T12:08:46.2010000+01:00|40011D77|Living Liquid|4825|Protean Wave|10675739|Jasy Heavensong|650003|F1040400|E|4010000|1B|48258000|0|0|0|0|0|0|0|0|0|0|95110|97086|7548|10000|0|1000|102.1896|97.27625|0|0.3010708|44|44|0|10000|0|1000|100.4225|100.3544|0|-0.06169605|00008E78|0|0fd076973c2aca4c3ea71277d6a38948
20|2021-09-26T12:08:46.2010000+01:00|40011D75|Living Liquid|49B1|Sluice|E0000000||2.70|100.4225|100.3544|0|-0.1585298||d899839267c987fdbda2f8c2523b6128
21|2021-09-26T12:08:46.2010000+01:00|40011D78|Living Liquid|4825|Protean Wave|107401EC|Raesa Velan|650003|EE1E0000|E|4010000|1B|48258000|0|0|0|0|0|0|0|0|0|0|96887|96887|0|10000|0|1000|103.6239|99.68713|0|-1.382761|44|44|0|10000|0|1000|100.4225|100.3544|0|-2.907849|00008E79|0|39afde8c311e1ce4b0b6126260574bed
21|2021-09-26T12:08:46.2010000+01:00|40011D7A|Living Liquid|4825|Protean Wave|1057B8A2|Alex Knightfall|650003|E5A30000|E|4010000|1B|48258000|0|0|0|0|0|0|0|0|0|0|97285|97285|834|10000|0|1000|97.67297|99.68713|0|0.1310134|44|44|0|10000|0|1000|100.4225|100.3544|0|-0.09995008|00008E7A|0|aba2740fa0cb2be7cfd9ad75c4bb1015
21|2021-09-26T12:08:46.2010000+01:00|40011D79|Living Liquid|4825|Protean Wave|1068703B|Tomo Uchuu|650003|7CF4001|E|4010000|1B|48258000|0|0|0|0|0|0|0|0|0|0|106478|106478|10000|10000|0|1000|100.1727|103.4152|0|-3.085041|44|44|0|10000|0|1000|100.4225|100.3544|0|-1.746512|00008E7B|0|48817775b0b181b2c442b21223f88e37
38|2021-09-26T12:08:46.2010000+01:00|107401EC|Raesa Velan|00505019|96887|96887|0|10000|0|0|103.6239|99.68713|0|-1.382761|1EA7|30|0|0A016D|41F00000|E0000000|0A0168|41F00000|E0000000|29020030|45912606|107401EC|0763|40E7D6BC|10675739|08A8|408C105F|107629AA|A4|414CAC10|107401EC|0401|407D1EB8|40011D78||23c40bf9e6716aacc191cb080f074754
26|2021-09-26T12:08:46.2010000+01:00|401|Water Resistance Down II|3.96|40011D78|Living Liquid|107401EC|Raesa Velan|00|96887|44||f0d046680a24787d36eab1f67e786454
38|2021-09-26T12:08:46.2010000+01:00|1057B8A2|Alex Knightfall|0050501C|97285|97285|834|10000|0|0|97.67297|99.68713|0|0.1310134|1EA7|30|0|0A016D|41F00000|E0000000|1E016C|41F00000|E0000000|28FE0030|44D18521|1057B8A2|0763|40F4A38B|10675739|0401|407D1EB8|40011D7A|0|0|0|0|0|0|08A8|408C105F|107629AA|0317|4118FDBB|1057B8A2|0|0|0|0|0|0|0|0|0|010130|0|1057B8A2||4c4a3f38ea1f39d978f09c05d91f7025
26|2021-09-26T12:08:46.2010000+01:00|401|Water Resistance Down II|3.96|40011D7A|Living Liquid|1057B8A2|Alex Knightfall|00|97285|44||7ef6d332fd79c21dc0bf920f28bdd7d1
38|2021-09-26T12:08:46.2010000+01:00|10675739|Jasy Heavensong|00505021|95110|97086|7548|10000|0|0|102.1896|97.27625|0|0.3010708|1EA7|30|0|0A0168|41F00000|E0000000|0F016B|41F00000|E0000000|0763|40E38D02|10675739|28FE0030|450CD878|10675739|0129|414DB1F7|1057B8A2|08A8|408A9FBB|107629AA|0401|407D1EB8|40011D77|0347|0|10675739||8df97629298c20bb6e7c5b7258d1d7cb
26|2021-09-26T12:08:46.2010000+01:00|401|Water Resistance Down II|3.96|40011D77|Living Liquid|10675739|Jasy Heavensong|00|97086|44||1a08d2cf39e0bc2af4739dd967e81078
38|2021-09-26T12:08:46.2010000+01:00|1068703B|Tomo Uchuu|00505026|106478|106478|10000|10000|0|0|100.1727|103.4152|0|-3.085041|1EA7|30|0|14016A|41F00000|E0000000|0A0168|41F00000|E0000000|071F|42700000|1068703B|28FE0030|450D84B5|1068703B|0763|40EC28A7|10675739|08A8|408A9FBB|107629AA|0717|418F4390|1068703B|071D|42504AFC|1068703B|0737|42504AFC|1068703B|0401|407D1EB8|40011D79||2dab2774be82d52e7f839afb72a83cb6
26|2021-09-26T12:08:46.2010000+01:00|71f|Closed Position|60.00|1068703B|Tomo Uchuu|1068703B|Tomo Uchuu|00|106478|106478||efb1eb36341ff71878bd601ba7b4a49e
26|2021-09-26T12:08:46.2010000+01:00|401|Water Resistance Down II|3.96|40011D79|Living Liquid|1068703B|Tomo Uchuu|00|106478|44||a60e2bd21a07fd241cbceaeb76776846
37|2021-09-26T12:08:46.2440000+01:00|40011D69|Living Liquid|00008E74|1200442|12889320|10000|10000|0||100.4196|100.328|0|-3.021653||a095e2c8ba5f82985bbfaf7f713c7e1a
37|2021-09-26T12:08:46.2440000+01:00|40011DEA|Liquid Hand|00008E73|1778666|12889320|10000|10000|0||97.94763|99.56506|0|0.9084656|01|0|0|0||e887f2c005da6737e42086a8662f0471
21|2021-09-26T12:08:46.2450000+01:00|107401EC|Raesa Velan|407B|Xenoglossy|40011D69|Living Liquid|750203|F52F0000|1B|407B8000|0|0|0|0|0|0|0|0|0|0|0|0|1200442|12889320|10000|10000|0|1000|100.4196|100.328|0|-3.021653|96887|96887|0|10000|0|1000|103.6239|99.68713|0|-1.382761|00008E7C|0|e426aa8d9bedbc81d6623a2a6b247f5d
21|2021-09-26T12:08:46.6920000+01:00|107ABEEC|Greiyan Fletz|1D44|Hissatsu: Gyoten|40011D69|Living Liquid|710203|156A0000|0|0|0|0|0|0|0|0|0|0|0|0|0|0|1200442|12889320|10000|10000|0|1000|100.4196|100.328|0|-3.021653|91588|106544|10000|10000|0|1000|86.1676|108.8425|0|-1.070112|00008E7D|0|8b2e38293a102ca930d8a3c524103b91
37|2021-09-26T12:08:46.8250000+01:00|1057B8A2|Alex Knightfall|00008E76|86370|97285|834|10000|0||97.67297|99.68713|0|0.1310134|1C00|0|0|0||27c7b13601fc57061e6a5262c5db1c42
37|2021-09-26T12:08:46.8700000+01:00|40011D69|Living Liquid|00008E7C|1137675|12889320|10000|10000|0||100.4196|100.328|0|-3.021653||06a21e69df3ff8774b65e7278f5bb7e6
37|2021-09-26T12:08:46.8700000+01:00|1068703B|Tomo Uchuu|00008E76|94830|106478|10000|10000|0||100.1727|103.4152|0|-3.082946|2601|0|0|0||a6937c14052e67e53b72cfb3d5588d11
37|2021-09-26T12:08:46.9150000+01:00|10675739|Jasy Heavensong|00008E76|95110|97086|7548|10000|0||101.8105|97.32717|-0.004429683|-1.223403|2102|0|0|01|04000040|0|0|E0000000||e2997f9f38c2d9516eaabc9b6cdf3ba1
38|2021-09-26T12:08:46.9150000+01:00|10675739|Jasy Heavensong|00505021|95110|97086|7548|10000|0|0|101.8105|97.32717|-0.004429683|-1.223403|948D|31|0|0A0168|41F00000|E0000000|0F016B|41F00000|E0000000|0763|40CCA386|10675739|28FE0030|450CCD08|10675739|0|0|0|08A8|40676C82|107629AA|0401|404F4BC6|40011D77|0347|0|10675739||dd220aa5abe1c7c3e9f7f2db10b29b74
30|2021-09-26T12:08:46.9150000+01:00|129|Galvanize|0.00|1057B8A2|Alex Knightfall|10675739|Jasy Heavensong|00|97086|97285||f36c4bce7bdb5684d3abaa92bc497b28
37|2021-09-26T12:08:46.9580000+01:00|107401EC|Raesa Velan|00008E76|85466|96887|0|10000|0||103.6239|99.68713|0|-1.382761|1903|0|0|0||2641f1f418fd0d74c3308eab079b1a80
39|2021-09-26T12:08:46.9580000+01:00|10675739|Jasy Heavensong|96080|97086|7812|10000|0|0|101.7683|97.33605|0|-1.345345||21bd50147354e886dbda008b7ff4d137
39|2021-09-26T12:08:46.9580000+01:00|10752D6C|Volkon Vysk|74017|152511|10000|10000|0|0|107.3167|110.8568|0|-2.602774||e1a5c68d7d081322784a2fb93f2ba3ed
37|2021-09-26T12:08:47.0020000+01:00|10675739|Jasy Heavensong|00008E78|34380|97086|7812|10000|0||101.7683|97.33605|0|-1.345345|2100|0|0|01|06000441|0|404C8B43|40011D77||ad4e1c44e3ada6c775f6e9dbabe2d864
37|2021-09-26T12:08:47.0020000+01:00|107401EC|Raesa Velan|00008E79|24508|96887|0|10000|0||103.6239|99.68713|0|-1.382761|1900|0|0|01|06000441|0|404C8B43|40011D78||3ecaa74aa8f38782e66b4854e6dd8940
37|2021-09-26T12:08:47.0020000+01:00|1057B8A2|Alex Knightfall|00008E7A|27583|97285|834|10000|0||97.67297|99.68713|0|0.1310134|1C00|0|0|01|04000441|0|404C8B43|40011D7A||9846f6302d50fd441fb63e7532b5919e
37|2021-09-26T12:08:47.0020000+01:00|1068703B|Tomo Uchuu|00008E7B|27295|106478|10000|10000|0||100.1727|103.4152|0|-3.087135|2600|0|0|01|09000441|0|404C8B43|40011D79||1ccb170e3f759252e0f9af41d4eb6fdb
37|2021-09-26T12:08:47.0020000+01:00|107629AA|Joeson Lmoa|00008E76|93181|106059|10000|10000|0||110.0022|106.4011|0|-1.645555|1704|0|0|0||61b62613637715d1a7e7f52dcfb0c40b
24|2021-09-26T12:08:47.0020000+01:00|40011D69|Living Liquid|DoT|0|4EF7|1137675|12889320|10000|10000|0|1000|100.4196|100.328|0|-3.021653||1ad3911da06d470ba1e4fab34bbfa317
21|2021-09-26T12:08:47.0020000+01:00|107401EC|Raesa Velan|DF6|Sharpcast|107401EC|Raesa Velan|E|3630000|0|0|0|0|0|0|0|0|0|0|0|0|0|0|96887|96887|0|10000|0|1000|103.6239|99.68713|0|-1.382761|96887|96887|0|10000|0|1000|103.6239|99.68713|0|-1.382761|00008E7E|0|a3cd8d8b89b36937afd0c3c7828a921f
36|2021-09-26T12:08:47.0020000+01:00|2224|3|57949d8d89389a8c7e46a5c23c56d083
38|2021-09-26T12:08:47.0020000+01:00|107401EC|Raesa Velan|00505019|24508|96887|0|10000|0|0|103.6239|99.68713|0|-1.382761|1AB8|30|0|0A016D|41F00000|E0000000|0A0168|41F00000|E0000000|29020030|45911F9C|107401EC|0763|40CE248B|10675739|08A8|4064BC62|107629AA|A4|413FD2FC|107401EC|0401|4049BA5E|40011D78|0363|C1700000|107401EC||a6528f9b0742c689052facdaa14a7b5b
26|2021-09-26T12:08:47.0020000+01:00|363|Sharpcast|15.00|107401EC|Raesa Velan|107401EC|Raesa Velan|00|96887|96887||9b3bd7545587916fc54fc93f2055ead0
38|2021-09-26T12:08:47.0020000+01:00|40011D69|Living Liquid|00505000|1117460|12889320|10000|10000|0|0|100.4196|100.328|0|-3.021653|1AB8|30|0|0767|413DFBB5|1057B8A2|2804B0|41B2B21D|107629AA|04CC|42328BB5|107ABEEC|2804B1|41B2B21D|107629AA|0|0|0|0759|416DBE37|10675739||db3f11fae029aadda9f65ab7321b9fb1
37|2021-09-26T12:08:47.0460000+01:00|10752D6C|Volkon Vysk|00008E76|67355|152511|10000|10000|0||107.3167|110.8568|0|-2.602774|2505|0|0|0||485105e016cc6d3677857096c619d017
39|2021-09-26T12:08:47.0460000+01:00|1068703B|Tomo Uchuu|28359|106478|10000|10000|0|0|100.1727|103.4152|0|-3.087135||1d84a622eb73d8817e847560a6e9e4a1
37|2021-09-26T12:08:47.0930000+01:00|1057B8A2|Alex Knightfall|00008E75|36725|97285|834|10000|11||97.67297|99.68713|0|0.1310134|1C00|0|0|01|05000169|0|41F00000|1057B8A2||c24c134004e4f5f409557be4427d5863
26|2021-09-26T12:08:47.0930000+01:00|129|Galvanize|30.00|1057B8A2|Alex Knightfall|1057B8A2|Alex Knightfall|00|97285|97285||42a7e1e16d638e1e85594e7ae1233510
37|2021-09-26T12:08:47.0930000+01:00|107ABEEC|Greiyan Fletz|00008E76|91209|106544|10000|10000|0||96.98569|102.3795|-0.0001000166|2.110934|2206|0|0|01|12000040|0|0|E0000000||fd1fa1ed37faa60c66c36e9ec6eb5562
39|2021-09-26T12:08:47.0930000+01:00|107629AA|Joeson Lmoa|94241|106059|10000|10000|0|0|109.969|106.3774|0|-1.727529||b9d17fd3eb68c39b68f0e2c806cbc7b2
21|2021-09-26T12:08:47.0940000+01:00|10752D6C|Volkon Vysk|3F1A|Rough Divide|40011DEA|Liquid Hand|710003|13700000|0|0|0|0|0|0|0|0|0|0|0|0|0|0|1778666|12889320|10000|10000|0|1000|97.94763|99.56506|0|0.9084656|67355|152511|10000|10000|0|1000|107.3167|110.8568|0|-2.602774|00008E7F|0|fdeaa50cfcb99c91f11af1c011ec5eaf
38|2021-09-26T12:08:47.0940000+01:00|1057B8A2|Alex Knightfall|0050501C|36725|97285|834|10000|11|0|97.67297|99.68713|0|0.1310134|1AB8|30|0|0A016D|41F00000|E0000000|1E016C|41F00000|E0000000|28FE0030|44D16886|1057B8A2|0763|40D807E1|10675739|0401|4043E76D|40011D7A|0129|41EF9FBE|1057B8A2|0|0|0|08A8|405EE971|107629AA|0317|410AAFEB|1057B8A2|0|0|0|0|0|0|0|0|0|010130|0|1057B8A2||cefbd2950af719e6c501a743bf665ade
38|2021-09-26T12:08:47.0940000+01:00|107ABEEC|Greiyan Fletz|00505022|91209|106544|10000|10000|0|0|96.98569|102.3795|-0.0001000166|2.110934|1AB8|30|0|0720|42700000|1068703B|14016A|41F00000|E0000000|0A0168|41F00000|E0000000|28FE0030|450CD09F|107ABEEC|0|0|0|0512|420A14A3|107ABEEC|0|0|0|0839|424CB78D|1068703B|0737|424CB78D|1068703B|08A8|405C0829|107629AA|0513|41E1F004|107ABEEC|0763|40D3C659|10675739||b1bdf0c36fd1e538321d3ef946be1194
30|2021-09-26T12:08:47.0940000+01:00|129|Galvanize|0.00|1057B8A2|Alex Knightfall|107ABEEC|Greiyan Fletz|00|106544|97285||2cb0a2f80e7f4c2cd9818f78bf9b60f9
39|2021-09-26T12:08:47.1380000+01:00|107ABEEC|Greiyan Fletz|92274|106544|10000|10000|0|0|96.98569|102.3795|-0.0001000166|2.110934||b4e26121ea788077a8a6f1f028962e00
37|2021-09-26T12:08:47.1810000+01:00|40011D69|Living Liquid|00008E7D|1111978|12889320|10000|10000|0||100.4196|100.328|0|-3.021653||7d5cbc7e756f28b835ed348c3fd619e3
20|2021-09-26T12:08:47.1810000+01:00|40011D70|Alexander Prime|49B5|Protean Wave|40011D70|Alexander Prime|2.70|97.39545|108.3706|0|-4.792213E-05||4eb9dc9e7e8976eef1488e9e76c6a8df
20|2021-09-26T12:08:47.1810000+01:00|40011D72|Alexander Prime|49B5|Protean Wave|40011D72|Alexander Prime|2.70|97.39545|108.3706|0|-4.792213E-05||1cb4005de6ccb0e7b03e6d03320ae3a3
20|2021-09-26T12:08:47.1810000+01:00|40011D71|Alexander Prime|49B5|Protean Wave|40011D71|Alexander Prime|2.70|97.39545|108.3706|0|-4.792213E-05||adab82700f96da354a4fce8363b25a34
39|2021-09-26T12:08:47.1810000+01:00|1057B8A2|Alex Knightfall|37697|97285|1080|10000|0|0|97.67297|99.68713|0|0.1310134||7f421b0ecb2ef8c33199986b34101f54
03|2021-09-26T12:08:46.8620000+01:00|40011d72|Liquid Rage|0|1|0|0||9213|9020|44|44|0|10000|0|0|115|100|0|-0.6623545||217962f0f5899dec4052cfa160ed2011
03|2021-09-26T12:08:46.8620000+01:00|40011d70|Liquid Rage|0|1|0|0||9213|9020|44|44|0|10000|0|0|100|115|0|2.083034||e1e91d60ac512f39d422795d8d45e703
03|2021-09-26T12:08:46.8620000+01:00|40011d71|Liquid Rage|0|1|0|0||9213|9020|44|44|0|10000|0|0|85|100|0|1.374324||70b50adb58b0baa732f2dce22c8aeb9d
37|2021-09-26T12:08:47.2260000+01:00|1068703B|Tomo Uchuu|00008E75|37489|106478|10000|10000|10||100.1475|103.4166|0|-3.087135|2601|0|0|01|0A000169|0|41F00000|1057B8A2||5e7cca8e877b98558ce92e3d065d3d77
26|2021-09-26T12:08:47.2260000+01:00|129|Galvanize|30.00|1057B8A2|Alex Knightfall|1068703B|Tomo Uchuu|00|106478|97285||24704ee84feae62e1aa4d34e1343bb06
39|2021-09-26T12:08:47.2260000+01:00|107401EC|Raesa Velan|25476|96887|0|10000|0|0|103.6239|99.68713|0|-1.465998||7986a0e01e9fd5291a967779c0c9e407
21|2021-09-26T12:08:47.2260000+01:00|10675739|Jasy Heavensong|1D89|Swiftcast|10675739|Jasy Heavensong|E|A70000|0|0|0|0|0|0|0|0|0|0|0|0|0|0|34380|97086|7812|10000|0|1000|101.7625|97.33728|0|-1.362244|34380|97086|7812|10000|0|1000|101.7625|97.33728|0|-1.362244|00008E80|0|ccb700fdb4b7e9df4659c19ed0484717
21|2021-09-26T12:08:47.2260000+01:00|107ABEEC|Greiyan Fletz|07|Attack|40011D69|Living Liquid|710203|13CC0000|0|0|0|0|0|0|0|0|0|0|0|0|0|0|1111978|12889320|10000|10000|0|1000|100.4196|100.328|0|-3.021653|92274|106544|10000|10000|0|1000|96.97107|102.3727|0|2.110934|00008E81|0|1a58026ca4517c8d61f3d63fdd0db967
38|2021-09-26T12:08:47.2260000+01:00|10675739|Jasy Heavensong|00505021|34380|97086|7812|10000|0|0|101.7625|97.33728|0|-1.362244|1AB8|30|0|0A0168|41F00000|E0000000|0F016B|41F00000|E0000000|0763|40C2AFCE|10675739|28FE0030|450CC80F|10675739|A7|C1200000|10675739|08A8|40538517|107629AA|0401|403B645B|40011D77|0347|0|10675739||d18de2c8ee12f7879fea63af33225ae9
26|2021-09-26T12:08:47.2260000+01:00|a7|Swiftcast|10.00|10675739|Jasy Heavensong|10675739|Jasy Heavensong|00|97086|97086||477b07402b45919e604f9c17d2a5d384
38|2021-09-26T12:08:47.2260000+01:00|1068703B|Tomo Uchuu|00505026|37489|106478|10000|10000|10|0|100.1475|103.4166|0|-3.087135|1AB8|30|0|14016A|41F00000|E0000000|0A0168|41F00000|E0000000|071F|42700000|1068703B|28FE0030|450D744C|1068703B|0763|40CB4B73|10675739|08A8|40538517|107629AA|0717|41870C41|1068703B|071D|424C2F5D|1068703B|0737|424C2F5D|1068703B|0401|403B645B|40011D79|0129|41EFA3D7|1057B8A2||950787ee564109981947f2f60b4befb4
37|2021-09-26T12:08:47.3600000+01:00|10675739|Jasy Heavensong|00008E75|48790|97086|7812|10000|18||101.7625|97.33728|0|-1.36234|2102|0|0|02|040000E7|0|C1200000|10675739|080027A9|0|41F00000|1057B8A2||47a8330e8b25c95b8edb4b62ec3f7e16
26|2021-09-26T12:08:47.3600000+01:00|129|Galvanize|30.00|1057B8A2|Alex Knightfall|10675739|Jasy Heavensong|00|97086|97285||afa82c4669a142987e5d9029ce0f541c
37|2021-09-26T12:08:47.3600000+01:00|10675739|Jasy Heavensong|00008E80|48790|97086|7812|10000|18||101.7625|97.33728|0|-1.36234|2100|0|0|01|040000E7|0|41200000|10675739||35565bdf37c17bf8cc289fcf86e2557f
21|2021-09-26T12:08:47.3600000+01:00|1057B8A2|Alex Knightfall|409C|Biolysis|40011DEA|Liquid Hand|D410E|7670000|1B|409C8000|0|0|0|0|0|0|0|0|0|0|0|0|1778666|12889320|10000|10000|0|1000|97.94763|99.56506|0|0.9084656|37697|97285|1080|10000|0|1000|97.66111|99.67527|-0.001652451|-0.7551901|00008E82|0|00dc96cf9e6b56a63150dcccf9ccb7dc
38|2021-09-26T12:08:47.3600000+01:00|10675739|Jasy Heavensong|00505021|48790|97086|7812|10000|18|0|101.7625|97.33728|0|-1.36234|18FB|30|0|0A0168|41F00000|E0000000|0F016B|41F00000|E0000000|0763|40BE6E44|10675739|28FE0030|450CC5EF|10675739|A7|411F47AE|10675739|08A8|404B0205|107629AA|0401|4032E149|40011D77|0347|0|10675739|0129|41EFA3D7|1057B8A2||1595572609e7d7b36543ed0fe70f88a7
37|2021-09-26T12:08:47.4940000+01:00|107401EC|Raesa Velan|00008E75|34776|96887|0|10000|11||103.6239|99.68713|0|-1.761281|1903|0|0|02|070003A3|0|C1700000|107401EC|080027A9|0|41F00000|1057B8A2||befd514d4718eca4318ca4a1b43eb9ee
26|2021-09-26T12:08:47.4940000+01:00|129|Galvanize|30.00|1057B8A2|Alex Knightfall|107401EC|Raesa Velan|00|96887|97285||d12c6c8afd55cb63a9e77981f49ef5c5
38|2021-09-26T12:08:47.4940000+01:00|107401EC|Raesa Velan|00505019|34776|96887|0|10000|11|0|103.6239|99.68713|0|-1.761281|1DF5|30|0|0A016D|41F00000|E0000000|0A0168|41F00000|E0000000|29020030|45911BB0|107401EC|0763|40BE6E43|10675739|08A8|40454FD8|107629AA|A4|4137F7DB|107401EC|0401|402A4DD4|40011D78|0363|C1700000|107401EC|0129|41EFA3D7|1057B8A2||83739c875d67923434017464599f1c36
24|2021-09-26T12:08:47.5370000+01:00|40011DEA|Liquid Hand|DoT|0|1E18|1778666|12889320|10000|10000|0|1000|97.94763|99.56506|0|0.9084656||6c67935431e9917e0c6b3478a9d7bc51
21|2021-09-26T12:08:47.5380000+01:00|107ABEEC|Greiyan Fletz|1D35|Hakaze|40011D69|Living Liquid|710003|226A0000|1B|1D358000|0|0|0|0|0|0|0|0|0|0|0|0|1111978|12889320|10000|10000|0|1000|100.4196|100.328|0|-3.021653|92274|106544|10000|10000|0|1000|96.97107|102.3727|0|2.110934|00008E83|0|2e420281947ded39c3753f5b5f63d60c
38|2021-09-26T12:08:47.5380000+01:00|40011DEA|Liquid Hand|00505000|1770962|12889320|10000|10000|0|0|97.94763|99.56506|0|0.9084656|1DF5|30|0|0A00A3|4133850A|107401EC|0|0|0|0|0|0|2804B1|41C31EAA|107629AA|0|0|0|2804B0|41C31EAA|107629AA||d16a06b78c7d7406ffbddcab1cde5fc9
37|2021-09-26T12:08:47.5820000+01:00|40011DEA|Liquid Hand|00008E7F|1765986|12889320|10000|10000|0||97.94763|99.56506|0|0.9084656||1c6caa630dd33f6ad3afaae9078684bd
37|2021-09-26T12:08:47.6270000+01:00|107401EC|Raesa Velan|00008E7E|34776|96887|0|10000|11||103.6309|99.67783|-0.01531982|-2.025667|1900|0|0|01|070003A3|0|41700000|107401EC||dbfb4f62772680d2b728b32b17bfb4bf
37|2021-09-26T12:08:47.6270000+01:00|107629AA|Joeson Lmoa|00008E75|103377|106059|10000|10000|10||108.0754|105.094|0|-2.11916|1704|0|0|01|04000169|0|41F00000|1057B8A2||e71d0c07edb442d8328fd2011af986b4
26|2021-09-26T12:08:47.6270000+01:00|129|Galvanize|30.00|1057B8A2|Alex Knightfall|107629AA|Joeson Lmoa|00|106059|97285||73093f04feb30437848b57745cb93606
38|2021-09-26T12:08:47.6270000+01:00|107401EC|Raesa Velan|00505019|34776|96887|0|10000|11|0|103.6309|99.67783|-0.01531982|-2.025667|948D|31|0|0A016D|41F00000|E0000000|0A0168|41F00000|E0000000|29020030|45911AA0|107401EC|0763|40BA2CB9|10675739|08A8|403CCCC6|107629AA|A4|4135D717|107401EC|0401|4021CAC2|40011D78|0363|416F4BC7|107401EC|0129|41EE9374|1057B8A2||e6c257ea7f323482b6b907fc582bf47d
38|2021-09-26T12:08:47.6270000+01:00|107629AA|Joeson Lmoa|00505017|103377|106059|10000|10000|10|0|108.0754|105.094|0|-2.11916|948D|31|0|0A016D|41F00000|E0000000|0A0168|41F00000|E0000000|28FE0030|450CC53B|107629AA|0763|40CB3B0E|10675739|0129|41EFA5E3|1057B8A2|7A|4089A1C4|107629AA||ca76e347987183e557eb53e3cfc203b0
37|2021-09-26T12:08:47.7600000+01:00|107ABEEC|Greiyan Fletz|00008E75|101218|106544|10000|10000|0||96.97107|102.3727|0|2.110934|2205|0|0|0||dbbcfae4e33249c9b33efb9d5ef9f930
37|2021-09-26T12:08:47.7600000+01:00|40011D69|Living Liquid|00008E81|1106910|12889320|10000|10000|0||100.4196|100.328|0|-3.021653||8024e0839b0017224c5d3fa44aa4a75e
21|2021-09-26T12:08:47.7600000+01:00|10752D6C|Volkon Vysk|07|Attack|40011DEA|Liquid Hand|710203|CDC0000|0|0|0|0|0|0|0|0|0|0|0|0|0|0|1765986|12889320|10000|10000|0|1000|97.94763|99.56506|0|0.9084656|67355|152511|10000|10000|0|1000|99.25989|101.1825|0|-2.45014|00008E84|0|d6530e5995ff8a4fa96d6565850e8519
22|2021-09-26T12:08:47.8060000+01:00|10752D6C|Volkon Vysk|3F0D|Demon Slice|40011D69|Living Liquid|710003|F050000|1B|3F0D8000|0|0|0|0|0|0|0|0|0|0|0|0|1111978|12889320|10000|10000|0|1000|100.4196|100.328|0|-3.021653|67355|152511|10000|10000|0|1000|99.25989|101.1825|0|-2.45014|00008E85|0|24e7085c1fa4e2a0a9a2b1b357ec2880
22|2021-09-26T12:08:47.8060000+01:00|10752D6C|Volkon Vysk|3F0D|Demon Slice|40011DEA|Liquid Hand|710203|134E0000|1B|3F0D8000|0|0|0|0|0|0|0|0|0|0|0|0|1765986|12889320|10000|10000|0|1000|97.94763|99.56506|0|0.9084656|67355|152511|10000|10000|0|1000|99.25989|101.1825|0|-2.45014|00008E85|1|bad93bffd9851bf18b0437e78a5af2a7
37|2021-09-26T12:08:47.8950000+01:00|10752D6C|Volkon Vysk|00008E75|76461|152511|10000|10000|7||99.1509|101.2725|-0.001845923|-2.45014|2506|0|0|01|06000169|0|41F00000|1057B8A2||c03a8a1b5edd72244a9df8c0edf01614
26|2021-09-26T12:08:47.8950000+01:00|129|Galvanize|30.00|1057B8A2|Alex Knightfall|10752D6C|Volkon Vysk|00|152511|97285||ab271ccc4778da33ea2e4d03cfc7a321
38|2021-09-26T12:08:47.8950000+01:00|10752D6C|Volkon Vysk|00505025|76461|152511|10000|10000|7|0|99.1509|101.2725|-0.001845923|-2.45014|D7F7|30|0|14016A|41F00000|E0000000|0A0168|41F00000|E0000000|28FD0030|450E0D40|10752D6C|0728|4095A1D1|10752D6C|08A8|4028B433|107629AA|0343|415370AB|10675739|0129|41EFA5E3|1057B8A2|0763|40C6F14F|10675739|0|0|0|0|0|0|0|0|0|0|0|0|0|0|0|0|0|0|0|0|0|0729|0|10752D6C||e83bdaec6714ca1135eeede1e7e0a4fd
37|2021-09-26T12:08:47.9830000+01:00|40011DEA|Liquid Hand|00008E82|1765986|12889320|10000|10000|0||97.94763|99.56506|0|0.9084656|0|0|0|01|010007A7|0|41F00000|1057B8A2||8d5431daf4e6bcffa58e62db9ccafca3
26|2021-09-26T12:08:47.9830000+01:00|767|Biolysis|30.00|1057B8A2|Alex Knightfall|40011DEA|Liquid Hand|00|12889320|97285||669ac6885acf51e9cfb8e0331784f6a2
37|2021-09-26T12:08:48.1620000+01:00|40011D69|Living Liquid|00008E83|1098100|12889320|10000|10000|0||100.4196|100.328|0|-3.021653||8b007fcfb0b17dc7f0c1cdf6b4dc57a9
21|2021-09-26T12:08:48.1620000+01:00|1068703B|Tomo Uchuu|3E75|Cascade|40011D69|Living Liquid|720003|2EBF0000|F|7168000|1B|3E758000|0|0|0|0|0|0|0|0|0|0|1106910|12889320|10000|10000|0|1000|100.4196|100.328|0|-3.021653|37489|106478|10000|10000|0|1000|95.52889|105.9782|0|-0.8754525|00008E86|0|b0b192c1fcc24028ad287c685af55e29
38|2021-09-26T12:08:48.1620000+01:00|1068703B|Tomo Uchuu|00505026|37489|106478|10000|10000|10|0|95.52889|105.9782|0|-0.8754525|15BE|30|0|14016A|41F00000|E0000000|0A0168|41F00000|E0000000|071F|42700000|1068703B|28FE0030|450D6558|1068703B|0763|40AD57B8|10675739|08A8|40179DAB|107629AA|0717|417F1EA4|1068703B|071D|424870EC|1068703B|0737|424870EC|1068703B|0401|3FFEF9DF|40011D79|0129|41E826E8|1057B8A2|0716|C1A00000|1068703B||d3ec02b900c76daf1133e2daa0ff1cc1
26|2021-09-26T12:08:48.1620000+01:00|716|Flourishing Cascade|20.00|1068703B|Tomo Uchuu|1068703B|Tomo Uchuu|00|106478|106478||9ee7d3733bafc45a1421b101971eb55e
21|2021-09-26T12:08:48.2060000+01:00|10675739|Jasy Heavensong|E13|Ascend|1075A2E4|Niru Summers|814000E|940000|1B|E138000|0|0|0|0|0|0|0|0|0|0|0|0|0|153077|0|10000|0|1000|99.8092|97.21521|0|0.008293152|48790|97086|7812|10000|0|1000|103.8511|95.2764|-0.000636577|2.450098|00008E87|0|1ced40bf4814427aaf976c64142518c8
38|2021-09-26T12:08:48.2060000+01:00|10675739|Jasy Heavensong|00505021|48790|97086|5412|10000|18|0|103.8511|95.2764|-0.000636577|2.450098|15BE|30|0|0A0168|41F00000|E0000000|0F016B|41F00000|E0000000|0763|40A35BD1|10675739|28FE0030|450CB86B|10675739|0|0|0|08A8|4014DD28|107629AA|0401|3FF978D9|40011D77|0347|0|10675739|0129|41E8DF3B|1057B8A2||248cae002d6b1f1764230d9d76b8a41e
30|2021-09-26T12:08:48.2060000+01:00|a7|Swiftcast|0.00|10675739|Jasy Heavensong|10675739|Jasy Heavensong|00|97086|97086||77a236c40a5a71530b051044acde5be3
37|2021-09-26T12:08:48.2950000+01:00|40011DEA|Liquid Hand|00008E84|1762694|12889320|10000|10000|0||97.94763|99.56506|0|0.8914672||aef89d7238af8199e11b5af76db861e1
21|2021-09-26T12:08:48.3400000+01:00|107ABEEC|Greiyan Fletz|1D4A|Third Eye|107ABEEC|Greiyan Fletz|F60F|4D08000|0|0|0|0|0|0|0|0|0|0|0|0|0|0|101218|106544|10000|10000|0|1000|96.96918|102.3736|-0.01531982|2.207806|101218|106544|10000|10000|0|1000|96.96918|102.3736|-0.01531982|2.207806|00008E88|0|6bcf582ff0ce03df9a2252673698166e
21|2021-09-26T12:08:48.3400000+01:00|40011DEA|Liquid Hand|4979|Unknown_4979|10752D6C|Volkon Vysk|730003|582F0400|0|0|0|0|0|0|0|0|0|0|0|0|0|0|76461|152511|10000|10000|0|1000|98.69548|101.6626|-0.0009756923|-2.45014|1762694|12889320|10000|10000|0|1000|97.94763|99.56506|0|0.8914672|00008E89|0|de70c4d82bffba697493331f97495ac5
38|2021-09-26T12:08:48.3400000+01:00|107ABEEC|Greiyan Fletz|00505022|101218|106544|10000|10000|0|0|96.96918|102.3736|-0.01531982|2.207806|1EA7|30|0|0720|42700000|1068703B|14016A|41F00000|E0000000|0A0168|41F00000|E0000000|28FE0030|450CBCB7|107ABEEC|04D0|C0400000|107ABEEC|0512|420518C4|107ABEEC|0|0|0|0839|4247BBAE|1068703B|0737|4247BBAE|1068703B|08A8|400C49B3|107629AA|0513|41D7F833|107ABEEC|0763|40ABE717|10675739||6c670902d935223235d7cd2bf7c4c575
26|2021-09-26T12:08:48.3400000+01:00|720|Dance Partner|60.00|1068703B|Tomo Uchuu|107ABEEC|Greiyan Fletz|00|106544|106478||0494123a6eb895d24eb2662396e38fd4
26|2021-09-26T12:08:48.3400000+01:00|4d0|Third Eye|3.00|107ABEEC|Greiyan Fletz|107ABEEC|Greiyan Fletz|00|106544|106544||076cc647c97c5e1942b8d4ae05818cb3
37|2021-09-26T12:08:48.4740000+01:00|40011D69|Living Liquid|00008E85|1094255|12889320|10000|10000|0||100.4196|100.328|0|-3.021653||561c43ec08c6aa5d8eb16c4cfb09efb3
24|2021-09-26T12:08:48.4740000+01:00|10752D6C|Volkon Vysk|HoT|0|330D|76461|152511|10000|10000|0|1000|98.64973|101.7053|-0.003519059|-2.45014||5bc425b34137b89c86da3efd6f3fa96e
38|2021-09-26T12:08:48.4740000+01:00|10752D6C|Volkon Vysk|00505025|89530|152511|10000|10000|7|0|98.64973|101.7053|-0.003519059|-2.45014|DE54|30|0|14016A|41F00000|E0000000|0A0168|41F00000|E0000000|28FD0030|450E0404|10752D6C|0728|408322D4|10752D6C|08A8|4003B63E|107629AA|0343|414A312E|10675739|0129|41EB0625|1057B8A2|0763|40B47252|10675739|0|0|0|0|0|0|0|0|0|0|0|0|0|0|0|0|0|0|0|0|0|0729|0|10752D6C||05eeb144606a8390eb9f38c9109776de
21|2021-09-26T12:08:48.5620000+01:00|107401EC|Raesa Velan|99|Thunder III|40011D69|Living Liquid|550003|63C60000|AF03D0E|A30000|11|3638000|F|A48000|1B|998000|0|0|0|0|0|0|1094255|12889320|10000|10000|0|1000|100.4196|100.328|0|-3.021653|34776|96887|0|10000|0|1000|106.6757|96.45632|-0.004276636|-2.336668|00008E8A|0|98b457812191f2f7baa08dd6ae0854e8
38|2021-09-26T12:08:48.5620000+01:00|107401EC|Raesa Velan|00505019|34776|96887|0|10000|11|0|106.6757|96.45632|-0.004276636|-2.336668|DE54|30|0|0A016D|41F00000|E0000000|0A0168|41F00000|E0000000|29020030|45911328|107401EC|0763|409C412F|10675739|08A8|4000F5BC|107629AA|A4|C1900000|107401EC|0401|3FCBE771|40011D78|0|0|0|0129|41E71892|1057B8A2||a1e7d0f277233662642c3d324e49801d
26|2021-09-26T12:08:48.5620000+01:00|a4|Thundercloud|18.00|107401EC|Raesa Velan|107401EC|Raesa Velan|00|96887|96887||b8bc767cfdb657450062c51c97398aa1
30|2021-09-26T12:08:48.5620000+01:00|363|Sharpcast|0.00|107401EC|Raesa Velan|107401EC|Raesa Velan|00|96887|96887||5fae88c2e1fd4253863f7195aaa755cc
38|2021-09-26T12:08:48.5620000+01:00|1068703B|Tomo Uchuu|00505026|37489|106478|10000|10000|10|0|94.26964|107.387|0|-0.5466328|DE54|30|0|14016A|41F00000|E0000000|0A0168|41F00000|E0000000|071F|42700000|1068703B|28FE0030|450D5EF8|1068703B|0763|40A0931A|10675739|08A8|3FFC28E7|107629AA|0717|4178BC57|1068703B|071D|4246D85C|1068703B|0737|4246D85C|1068703B|0401|3FCBE771|40011D79|0129|41E4F5C0|1057B8A2|0716|C1A00000|1068703B||2e84de677e6a9a989fbe37a00c243f5e
26|2021-09-26T12:08:48.5620000+01:00|71f|Closed Position|60.00|1068703B|Tomo Uchuu|1068703B|Tomo Uchuu|00|106478|106478||c13304947981da23f045dcd96db64337
37|2021-09-26T12:08:48.6070000+01:00|40011DEA|Liquid Hand|00008E85|1757752|12889320|10000|10000|0||97.94763|99.56506|0|0.5243157|01|0|0|0||d0d3325178f4caee6f86e57ccaadc98f
38|2021-09-26T12:08:48.6070000+01:00|107401EC|Raesa Velan|00505019|34776|96887|0|10000|11|0|107.0721|96.07634|-0.0006615181|-0.9565954|DE54|30|0|0A016D|41F00000|E0000000|0A0168|41F00000|E0000000|29020030|459112CA|107401EC|0763|409AC85A|10675739|08A8|40A00000|107629AA|A4|C1900000|107401EC|0401|3FC6041D|40011D78|0|0|0|0129|41E6BA5D|1057B8A2||741ca2457a6e7b438e0976b07dee20bd
26|2021-09-26T12:08:48.6070000+01:00|8a8|The Wanderer's Minuet|5.00|107629AA|Joeson Lmoa|107401EC|Raesa Velan|00|96887|106059||4145f56f560f4516cda07c3dc1225015
38|2021-09-26T12:08:48.6070000+01:00|1057B8A2|Alex Knightfall|0050501C|37697|97285|680|10000|11|0|91.99566|95.15035|-0.001550955|-2.313404|DE54|30|0|0A016D|41F00000|E0000000|1E016C|41F00000|E0000000|28FE0030|44D13815|1057B8A2|0763|40A79529|10675739|0401|3FC6041D|40011D7A|0129|41E3830F|1057B8A2|0|0|0|08A8|40A00000|107629AA|0317|40E4ED28|1057B8A2|0|0|0|0|0|0|0|0|0|010130|0|1057B8A2||d468f529d633eb2f7eba54cb22d56726
26|2021-09-26T12:08:48.6070000+01:00|8a8|The Wanderer's Minuet|5.00|107629AA|Joeson Lmoa|1057B8A2|Alex Knightfall|00|97285|106059||d07568143144f859b934838842dba5e0
38|2021-09-26T12:08:48.6070000+01:00|10675739|Jasy Heavensong|00505021|48790|97086|5412|10000|18|0|105.2227|94.4793|-0.00155096|3.095427|DE54|30|0|0A0168|41F00000|E0000000|0F016B|41F00000|E0000000|0763|40967EA0|10675739|28FE0030|450CB1FF|10675739|0|0|0|08A8|409E872B|107629AA|0401|3FC6041D|40011D77|0347|0|10675739|0129|41E5A7EE|1057B8A2||6f97b32934f84d024b54828406206f3f
26|2021-09-26T12:08:48.6070000+01:00|8a8|The Wanderer's Minuet|4.95|107629AA|Joeson Lmoa|10675739|Jasy Heavensong|00|97086|106059||a854bbb26887b1fab719741c4c55751e
38|2021-09-26T12:08:48.6070000+01:00|1068703B|Tomo Uchuu|00505026|37489|106478|10000|10000|10|0|93.95374|107.8982|0|-0.5571051|DE54|30|0|14016A|41F00000|E0000000|0A0168|41F00000|E0000000|071F|42700000|1068703B|28FE0030|450D5E3C|1068703B|0763|409F1A45|10675739|08A8|409E872B|107629AA|0717|4177FFED|1068703B|071D|4246A941|1068703B|0737|4246A941|1068703B|0401|3FC6041D|40011D79|0129|41E4978B|1057B8A2|0716|C1A00000|1068703B||7798fed1bc7055a3a8d15258fa58aa21
26|2021-09-26T12:08:48.6070000+01:00|8a8|The Wanderer's Minuet|4.95|107629AA|Joeson Lmoa|1068703B|Tomo Uchuu|00|106478|106059||4a0882a0272e51ccca44c78034e63d5b
38|2021-09-26T12:08:48.6070000+01:00|10752D6C|Volkon Vysk|00505025|89530|152511|10000|10000|7|0|98.96996|102.1644|-0.002594462|-2.45014|DE54|30|0|14016A|41F00000|E0000000|0A0168|41F00000|E0000000|28FD0030|450E01E0|10752D6C|0728|407DB232|10752D6C|08A8|409E872B|107629AA|0343|41480C52|10675739|0129|41E9F3B6|1057B8A2|0763|40B02897|10675739|0|0|0|0|0|0|0|0|0|0|0|0|0|0|0|0|0|0|0|0|0|0729|0|10752D6C||680c9d562b455790a1af090067048ef6
26|2021-09-26T12:08:48.6070000+01:00|8a8|The Wanderer's Minuet|4.95|107629AA|Joeson Lmoa|10752D6C|Volkon Vysk|00|152511|106059||82053b676fc333556e34b10d4abd7fd0
38|2021-09-26T12:08:48.6070000+01:00|107ABEEC|Greiyan Fletz|00505022|101218|106544|10000|10000|0|0|96.92641|102.395|-0.00464944|1.118145|DE54|30|0|0720|42700000|1068703B|14016A|41F00000|E0000000|0A0168|41F00000|E0000000|28FE0030|450CB86F|107ABEEC|04D0|C0400000|107ABEEC|0512|42040657|107ABEEC|0|0|0|0839|4246A941|1068703B|0737|4246A941|1068703B|08A8|409E872B|107629AA|0513|41D5D355|107ABEEC|0763|40A353A1|10675739||82cd15244613f882d2854a4ea4a75ac7
26|2021-09-26T12:08:48.6070000+01:00|8a8|The Wanderer's Minuet|4.95|107629AA|Joeson Lmoa|107ABEEC|Greiyan Fletz|00|106544|106059||41199d249899ea9a803cf524af4a0ba6
38|2021-09-26T12:08:48.6510000+01:00|107ABEEC|Greiyan Fletz|00505022|101218|106544|10000|10000|0|0|96.92641|102.395|-0.00464944|1.118145|DE54|30|0|0720|42700000|1068703B|14016A|41F00000|E0000000|0A0168|41F00000|E0000000|28FE0030|450CB7BB|107ABEEC|04D0|C0400000|107ABEEC|0512|4203D949|107ABEEC|0|0|0|0839|42467C33|1068703B|0737|42467C33|1068703B|08A8|409D1EB8|107629AA|0513|41D57938|107ABEEC|0763|40A1EB2E|10675739||7bbc91c24c5fe2c90be3bb7cdb7566ca
38|2021-09-26T12:08:48.7410000+01:00|107401EC|Raesa Velan|00505019|34776|96887|0|10000|11|0|107.6235|95.54784|0|-0.9565954|DE54|30|0|0A016D|41F00000|E0000000|0A0168|41F00000|E0000000|29020030|459111BA|107401EC|0763|409686D0|10675739|08A8|409BBE76|107629AA|A4|C1900000|107401EC|0401|3FB4FDF8|40011D78|0|0|0|0129|41E5A9FA|1057B8A2||114da093d288aa35e9f1bd4af5c7d9fb
21|2021-09-26T12:08:48.8320000+01:00|1068703B|Tomo Uchuu|07|Attack|40011D69|Living Liquid|720203|168D0000|0|0|0|0|0|0|0|0|0|0|0|0|0|0|1094255|12889320|10000|10000|0|1000|100.4196|100.328|0|-3.021653|37489|106478|10000|10000|0|1000|93.26721|109.0038|0|-0.5738597|00008E8B|0|be281f8daf60d9041120080b8c3cce1b
37|2021-09-26T12:08:48.8750000+01:00|10752D6C|Volkon Vysk|00008E89|66955|152511|10000|10000|0||99.34431|102.7034|0|-2.485361|2500|0|0|01|06000040|0|0|E0000000||bfedc5c1004097634ff3d768e4a5d6f1
38|2021-09-26T12:08:48.8750000+01:00|10752D6C|Volkon Vysk|00505025|66955|152511|10000|10000|0|0|99.34431|102.7034|0|-2.485361|1954|30|0|14016A|41F00000|E0000000|0A0168|41F00000|E0000000|28FD0030|450DFD9C|10752D6C|0728|406C9BAB|10752D6C|08A8|4095FBE6|107629AA|0343|4143C6B1|10675739|0|0|0|0763|40A79D52|10675739|0|0|0|0|0|0|0|0|0|0|0|0|0|0|0|0|0|0|0|0|0|0729|0|10752D6C||ba97692a29f00ddecf02d59cbe0105c0
30|2021-09-26T12:08:48.8750000+01:00|129|Galvanize|0.00|1057B8A2|Alex Knightfall|10752D6C|Volkon Vysk|00|152511|97285||064233df86afc88a423df8fb3f9341d0
37|2021-09-26T12:08:48.9630000+01:00|40011D69|Living Liquid|00008E86|1082288|12889320|10000|10000|0||100.4196|100.328|0|-3.021653||b2127fe7539480bcccc8d4a451dfe52e
37|2021-09-26T12:08:48.9630000+01:00|1068703B|Tomo Uchuu|00008E86|37489|106478|10000|10000|10||92.94107|109.511|0|-0.5759544|2600|0|0|01|0B000756|0|41A00000|1068703B||d0614c375c710101026289d48687950a
37|2021-09-26T12:08:48.9630000+01:00|107ABEEC|Greiyan Fletz|00008E88|101218|106544|10000|10000|0||95.46501|103.8621|-0.01531982|-0.06889|2200|0|0|01|04000510|0|40400000|107ABEEC||750f83bfeb2ec65424c032f8cae8ce0d
38|2021-09-26T12:08:48.9630000+01:00|1068703B|Tomo Uchuu|00505026|37489|106478|10000|10000|10|0|92.94107|109.511|0|-0.5759544|1954|30|0|14016A|41F00000|E0000000|0A0168|41F00000|E0000000|071F|42700000|1068703B|28FE0030|450D588C|1068703B|0763|4093B5E9|10675739|08A8|409322CF|107629AA|0717|41724DC1|1068703B|071D|42453CB8|1068703B|0737|42453CB8|1068703B|0401|3F9872B5|40011D79|0129|41E1BE74|1057B8A2|0716|419FA5E3|1068703B||fde76d608d2ebf6e5f1f629969060adb
38|2021-09-26T12:08:48.9630000+01:00|107ABEEC|Greiyan Fletz|00505022|101218|106544|10000|10000|0|0|95.46501|103.8621|-0.01531982|-0.06889|1954|30|0|0720|42700000|1068703B|14016A|41F00000|E0000000|0A0168|41F00000|E0000000|28FE0030|450CB2BF|107ABEEC|04D0|403D2F1B|107ABEEC|0512|420299CE|107ABEEC|0|0|0|0839|42453CB8|1068703B|0737|42453CB8|1068703B|08A8|409322CF|107629AA|0513|41D2FA3E|107ABEEC|0763|4097EF45|10675739||5b90379f90ecf306702d2b7400be4c19
21|2021-09-26T12:08:49.0530000+01:00|107629AA|Joeson Lmoa|1CEF|Stormbite|40011D69|Living Liquid|320003|10CD0000|28C4A60E|4B10000|1B|1CEF8000|0|0|0|0|0|0|0|0|0|0|1082288|12889320|10000|10000|0|1000|100.4196|100.328|0|-3.021653|103377|106059|10000|10000|0|1000|102.8929|103.3193|-0.01439589|-2.474524|00008E8C|0|ac0dcda1f5c3224c802c233728a4b667
21|2021-09-26T12:08:49.0530000+01:00|107629AA|Joeson Lmoa|08|Shot|40011D69|Living Liquid|720303|1B780000|0|0|0|0|0|0|0|0|0|0|0|0|0|0|1082288|12889320|10000|10000|0|1000|100.4196|100.328|0|-3.021653|103377|106059|10000|10000|0|1000|102.8929|103.3193|-0.01439589|-2.474524|00008E8D|0|a600c4ad4262fea7429fcbd493e7bcaa
21|2021-09-26T12:08:49.1870000+01:00|40011D73|Living Liquid|49B1|Sluice|E0000000||0|0|0|0|0|0|0|0|0|0|0|0|0|0|0|0|||||||||||44|44|0|10000|0|1000|97.39545|108.3706|0|-4.792213E-05|00008E8E|0|6c2c27edcdd5b23f681321edcaf9e459
21|2021-09-26T12:08:49.1870000+01:00|40011D74|Living Liquid|49B1|Sluice|E0000000||0|0|0|0|0|0|0|0|0|0|0|0|0|0|0|0|||||||||||44|44|0|10000|0|1000|100.4225|100.3544|0|-0.1159613|00008E8F|0|880e0de4bc1b15599a81b75bd5880539
21|2021-09-26T12:08:49.1870000+01:00|40011D76|Living Liquid|49B1|Sluice|E0000000||0|0|0|0|0|0|0|0|0|0|0|0|0|0|0|0|||||||||||44|44|0|10000|0|1000|100.4225|100.3544|0|-0.07924104|00008E90|0|3f3ca3d098577c71b2e5f8122bae2a9f
21|2021-09-26T12:08:49.1870000+01:00|40011D75|Living Liquid|49B1|Sluice|E0000000||0|0|0|0|0|0|0|0|0|0|0|0|0|0|0|0|||||||||||44|44|0|10000|0|1000|100.4225|100.3544|0|-0.1585298|00008E91|0|c328be653f754fefdbefcdfc2bab876e
37|2021-09-26T12:08:49.2770000+01:00|1075A2E4|Niru Summers|00008E87|0|153077|0|10000|0||99.8092|97.21521|0|0.008293152|1500|0|0|01|040000D4|08|42700000|10675739||607ea48efe2e164bfbe70d6fe6988545
26|2021-09-26T12:08:49.2770000+01:00|94|Raise|60.00|10675739|Jasy Heavensong|1075A2E4|Niru Summers|08|153077|97086||eff429b5674738743fd077d0926a0b49
21|2021-09-26T12:08:49.2770000+01:00|40011D69|Living Liquid|4823|Protean Wave|E0000000||0|0|0|0|0|0|0|0|0|0|0|0|0|0|0|0|||||||||||1082288|12889320|10000|10000|0|1000|100.4196|100.328|0|-3.021653|00008E92|0|07a7a3f19497c1d37511c018f3c2fe7e
22|2021-09-26T12:08:49.2770000+01:00|40011D77|Living Liquid|4825|Protean Wave|1068703B|Tomo Uchuu|650003|1C5B4409|E|4010000|1B|48258000|0|0|0|0|0|0|0|0|0|0|37489|106478|10000|10000|0|1000|91.95158|111.2414|0|-0.3602319|44|44|0|10000|0|1000|100.4225|100.3544|0|-0.6881447|00008E93|0|2bcd363c768c147512e8dd810faeae03
22|2021-09-26T12:08:49.2770000+01:00|40011D77|Living Liquid|4825|Protean Wave|107ABEEC|Greiyan Fletz|10|4D00000|650003|E1B20000|E|4010000|1B|48258000|0|0|0|0|0|0|0|0|101218|106544|10000|10000|0|1000|94.05046|105.0059|-0.001633498|-0.5514281|44|44|0|10000|0|1000|100.4225|100.3544|0|-0.6881447|00008E93|1|55d8629f65765f1a0b8adcad567406a8
22|2021-09-26T12:08:49.2770000+01:00|40011D78|Living Liquid|4825|Protean Wave|107ABEEC|Greiyan Fletz|650003|8C4C4009|14|4010000|1B|48258000|0|0|0|0|0|0|0|0|0|0|101218|106544|10000|10000|0|1000|94.05046|105.0059|-0.001633498|-0.5514281|44|44|0|10000|0|1000|100.4225|100.3544|0|-0.9209299|00008E94|0|d538f7b3d1a833612a649bc1485375bf
22|2021-09-26T12:08:49.2770000+01:00|40011D78|Living Liquid|4825|Protean Wave|1068703B|Tomo Uchuu|650003|F4C4409|14|4010000|1B|48258000|0|0|0|0|0|0|0|0|0|0|37489|106478|10000|10000|0|1000|91.95158|111.2414|0|-0.3602319|44|44|0|10000|0|1000|100.4225|100.3544|0|-0.9209299|00008E94|1|3ff137a1a6448c2f49419c2021dc4d29
21|2021-09-26T12:08:49.2770000+01:00|40011D7A|Living Liquid|4825|Protean Wave|10752D6C|Volkon Vysk|650003|93030000|E|4010000|1B|48258000|0|0|0|0|0|0|0|0|0|0|66955|152511|10000|10000|0|1000|99.87873|103.5581|-0.001344744|-2.501322|44|44|0|10000|0|1000|100.4225|100.3544|0|-0.1147149|00008E95|0|814c615f84f9ce351de494e3b0bc2b9a
21|2021-09-26T12:08:49.2770000+01:00|40011D79|Living Liquid|4825|Protean Wave|107629AA|Joeson Lmoa|650003|C36C0400|E|4010000|1B|48258000|0|0|0|0|0|0|0|0|0|0|103377|106059|10000|10000|0|1000|102.8915|103.3188|0|-2.450044|44|44|0|10000|0|1000|100.4225|100.3544|0|0.6952395|00008E96|0|8ef6213fc1ad6cf1c6ba5ce4f9749456
38|2021-09-26T12:08:49.2780000+01:00|107629AA|Joeson Lmoa|00505017|103377|106059|10000|10000|0|0|102.8915|103.3188|0|-2.450044|0|0|0|0A016D|41F00000|E0000000|0A0168|41F00000|E0000000|28FE0030|450CAADF|107629AA|0763|40966E39|10675739|0129|41E272AF|1057B8A2|7A|4029A9EB|107629AA|0401|407D1EB8|40011D79||d5ced496a7ef33ee4968bc786ec5b020
26|2021-09-26T12:08:49.2780000+01:00|401|Water Resistance Down II|3.96|40011D79|Living Liquid|107629AA|Joeson Lmoa|00|106059|44||479295c5537c29f671e5bd50008b74f6
38|2021-09-26T12:08:49.2780000+01:00|1068703B|Tomo Uchuu|00505026|37489|106478|10000|10000|0|0|91.95158|111.2414|0|-0.3602319|0|0|0|14016A|41F00000|E0000000|0A0168|41F00000|E0000000|071F|42700000|1068703B|28FE0030|450D538C|1068703B|0763|4089B1CF|10675739|08A8|40891EB5|107629AA|0717|416D4BB5|1068703B|071D|4243FC37|1068703B|0737|4243FC37|1068703B|0401|407D1EB8|40011D77|0129|41DF3D6E|1057B8A2|0716|419D24DD|1068703B||a87e3376f195921724c0a9635cd87efc
30|2021-09-26T12:08:49.2780000+01:00|401|Water Resistance Down II|0.00|40011D79|Living Liquid|1068703B|Tomo Uchuu|00|106478|44||c096817b06ab36ba7b3c19e255957018
26|2021-09-26T12:08:49.2780000+01:00|401|Water Resistance Down II|3.96|40011D77|Living Liquid|1068703B|Tomo Uchuu|00|106478|44||803185fc06f10fa34d2303019ea8ff9d
38|2021-09-26T12:08:49.2780000+01:00|10752D6C|Volkon Vysk|00505025|66955|152511|10000|10000|0|0|99.87873|103.5581|-0.001344744|-2.501322|0|0|0|14016A|41F00000|E0000000|0A0168|41F00000|E0000000|28FD0030|450DF730|10752D6C|0728|4052E14C|10752D6C|08A8|40891EB5|107629AA|0343|413D581A|10675739|0401|407D1EB8|40011D7A|0763|409AC021|10675739|0|0|0|0|0|0|0|0|0|0|0|0|0|0|0|0|0|0|0|0|0|0729|0|10752D6C||08faac74fd552827a68d72ce2efd8ece
26|2021-09-26T12:08:49.2780000+01:00|401|Water Resistance Down II|3.96|40011D7A|Living Liquid|10752D6C|Volkon Vysk|00|152511|44||c8914ace53ddbc5f756d637a8f590c50
38|2021-09-26T12:08:49.2780000+01:00|107ABEEC|Greiyan Fletz|00505022|101218|106544|10000|10000|0|0|94.05046|105.0059|-0.001633498|-0.5514281|0|0|0|0720|42700000|1068703B|14016A|41F00000|E0000000|0A0168|41F00000|E0000000|28FE0030|450CADBF|107ABEEC|04D0|402926E9|107ABEEC|0512|4201594D|107ABEEC|0401|407D1EB8|40011D77|0839|4243FC37|1068703B|0737|4243FC37|1068703B|08A8|40891EB5|107629AA|0513|41D07938|107ABEEC|0763|408DEB2B|10675739||9be5f295b151538e311b2aec3fcf9a88
26|2021-09-26T12:08:49.2780000+01:00|401|Water Resistance Down II|3.96|40011D77|Living Liquid|107ABEEC|Greiyan Fletz|00|106544|44||5cc57d7e169707dbad68681e748c5352
37|2021-09-26T12:08:49.3650000+01:00|40011D69|Living Liquid|00008E8B|1076515|12889320|10000|10000|0||100.4196|100.328|0|-3.021653||b74d0ac37fd8a93a8890c523ecb4c596
37|2021-09-26T12:08:49.5880000+01:00|40011D69|Living Liquid|00008E8A|1050973|12889320|10000|10000|0||100.4196|100.328|0|-3.021653|0|0|0|01|040000E3|0A|41C00000|107401EC||bf46411fc01403b5ff230b0bdfec96d8
26|2021-09-26T12:08:49.5880000+01:00|a3|Thunder III|24.00|107401EC|Raesa Velan|40011D69|Living Liquid|0A|12889320|96887||66a6e66c92ac82f349d5f9f8f4822044
37|2021-09-26T12:08:49.5880000+01:00|107401EC|Raesa Velan|00008E8A|34776|96887|0|10000|11||111.1266|92.28339|-0.001926638|-2.482373|1900|0|0|01|050000E4|0|41900000|107401EC||016720e2d71e51b9e115234698fadc11
38|2021-09-26T12:08:49.5880000+01:00|107401EC|Raesa Velan|00505019|34776|96887|0|10000|11|0|111.1266|92.28339|-0.001926638|-2.482373|1DF5|30|0|0A016D|41F00000|E0000000|0A0168|41F00000|E0000000|29020030|45910AF4|107401EC|0763|4076C7F8|10675739|08A8|40809BA1|107629AA|A4|418FA5E3|107401EC|0401|3F10E568|40011D78|0|0|0|0129|41DEE145|1057B8A2||08bd937dbdd10060551e1b40ce548547
21|2021-09-26T12:08:49.7210000+01:00|107629AA|Joeson Lmoa|6E|Bloodletter|40011D69|Living Liquid|720003|19DF0000|0|0|0|0|0|0|0|0|0|0|0|0|0|0|1050973|12889320|10000|10000|0|1000|100.4196|100.328|0|-3.021653|103377|106059|10000|10000|0|1000|102.8915|103.3188|0|-2.450044|00008E97|0|7a1e3a63a97b2cf70ea7fb54a51c5440
37|2021-09-26T12:08:49.8110000+01:00|40011D69|Living Liquid|00008E8D|1043941|12889320|10000|10000|0||100.4196|100.328|0|-3.021653||7a9534a0f9d78b8c9ee713c0610b2078
39|2021-09-26T12:08:49.9450000+01:00|10675739|Jasy Heavensong|49760|97086|5676|10000|0|0|108.1577|87.6609|0|2.696687||023854d615d98634daf08043a5d2cbd5
39|2021-09-26T12:08:49.9450000+01:00|10752D6C|Volkon Vysk|68480|152511|10000|10000|0|0|99.77371|106.1394|-0.0009039429|-1.516475||018abd41d16db8a8f599c886d89f0287
24|2021-09-26T12:08:49.9890000+01:00|40011D69|Living Liquid|DoT|0|6329|1043941|12889320|10000|10000|0|1000|100.4196|100.328|0|-3.021653||4c34d9924d7908d9262abad0452ec813
21|2021-09-26T12:08:49.9890000+01:00|1057B8A2|Alex Knightfall|45CE|Ruin II|40011D69|Living Liquid|750003|31F80000|1B|45CE8000|0|0|0|0|0|0|0|0|0|0|0|0|1043941|12889320|10000|10000|0|1000|100.4196|100.328|0|-3.021653|37697|97285|680|10000|0|1000|88.19448|92.26949|0|-2.095893|00008E98|0|5a559c932a95fce5ca7fc7953931a8f7
36|2021-09-26T12:08:49.9890000+01:00|2300|3|8526b6e96262f546651e0728608b6bf2
38|2021-09-26T12:08:49.9890000+01:00|40011D69|Living Liquid|00505000|1018556|12889320|10000|10000|0|0|100.4196|100.328|0|-3.021653|18FB|30|0|0767|410E30FD|1057B8A2|2804B0|419ACCB7|107629AA|04CC|42269919|107ABEEC|2804B1|419ACCB7|107629AA|0A00A3|41BC70A3|107401EC|0759|413DF37F|10675739||df68bda5d446340cc8e4c9c24ae9e24f
39|2021-09-26T12:08:50.0340000+01:00|1068703B|Tomo Uchuu|38553|106478|10000|10000|0|0|91.3203|115.5317|0|-0.1214714||f58ba73eee33dbc816a654d4ed37afa4
31|2021-09-26T12:08:50.0810000+01:00|1068703B|26|00|00|00|48e7b1f48dc6657076c84a54a57ef887
37|2021-09-26T12:08:50.0810000+01:00|1068703B|Tomo Uchuu|00008E93|0|106478|0|10000|0||91.26124|116.0294|0|-0.09005499|2600|0|0|04|04000040|0|0|E0000000|05002680|0|0|E0000000|06002100|0|0|E0000000|07000000|0|0|E0000000||762d6d0489fb95102c1cc209ef5e6875
38|2021-09-26T12:08:50.0810000+01:00|107ABEEC|Greiyan Fletz|00505022|0|106544|10000|10000|0|0|92.54259|105.2935|-0.001339854|-1.514829|B2A8|03|0|0720|42700000|1068703B|14016A|41F00000|E0000000|0A0168|41F00000|E0000000|28FE0030|450CA1A3|107ABEEC|04E4|41700000|107ABEEC|0512|41FCA23D|107ABEEC|0401|404C9BA5|40011D77|0839|4240F40C|1068703B|0737|4240F40C|1068703B|08A8|4061BA55|107629AA|0513|41CA68D4|107ABEEC|0763|406B533E|10675739||460f8efec46daca29cded64996a1b485
30|2021-09-26T12:08:50.0810000+01:00|4d0|Third Eye|0.00|107ABEEC|Greiyan Fletz|107ABEEC|Greiyan Fletz|00|106544|106544||6b1f3119a6f6016a60eadcb707ed4191
26|2021-09-26T12:08:50.0810000+01:00|4e4|Eyes Open|15.00|107ABEEC|Greiyan Fletz|107ABEEC|Greiyan Fletz|00|106544|106544||5f6d47b473a7eaaee095f0eaa072f2a4
37|2021-09-26T12:08:50.0810000+01:00|107ABEEC|Greiyan Fletz|00008E94|0|106544|0|10000|0||92.54259|105.2935|-0.001339854|-1.514829|2200|0|0|04|04000524|0|41700000|107ABEEC|05002680|0|0|E0000000|06002100|0|0|E0000000|07000000|0|0|E0000000||184e3c62adde155faae9c0ab93464358
37|2021-09-26T12:08:50.0810000+01:00|10752D6C|Volkon Vysk|00008E95|30845|152511|10000|10000|0||99.27409|106.5006|-0.01531982|-1.400555|2500|0|0|01|06000441|0|404C9BA5|40011D7A||bb2bc4edf759e851e1507d8bcd67d2f4
37|2021-09-26T12:08:50.0810000+01:00|107629AA|Joeson Lmoa|00008E96|53349|106059|10000|10000|0||102.8915|103.3188|0|-2.450044|1700|0|0|02|04000040|0|0|E0000000|06002A81|0|404C9BA5|40011D79||950ca852c50cc7657661106ae74f58b2
39|2021-09-26T12:08:50.0810000+01:00|107629AA|Joeson Lmoa|54409|106059|10000|10000|0|0|102.8915|103.3188|0|-2.450044||1f40c54add3e59857674897a0cdcbb98
38|2021-09-26T12:08:50.0810000+01:00|107629AA|Joeson Lmoa|00505017|54409|106059|10000|10000|0|0|102.8915|103.3188|0|-2.450044|D7F7|30|0|0A016D|41F00000|E0000000|0A0168|41F00000|E0000000|28FE0030|450C9E07|107629AA|0763|407967AE|10675739|0|0|0|7A|3FEC6A5E|107629AA|0401|4049A9FB|40011D79||6186f54171449d5e1bc80a1797a1a31a
30|2021-09-26T12:08:50.0810000+01:00|129|Galvanize|0.00|1057B8A2|Alex Knightfall|107629AA|Joeson Lmoa|00|106059|97285||bb5f51050fc4eb4080ba5f785f356289
38|2021-09-26T12:08:50.0810000+01:00|1068703B|Tomo Uchuu|00505026|0|106478|0|10000|0|0|91.26124|116.0294|0|-0.09005499|D7F7|30|0|14016A|41F00000|E0000000|0A0168|41F00000|E0000000|071F|42700000|1068703B|28FE0030|450D46B4|1068703B||62973161e13526b93053f7061619595c
30|2021-09-26T12:08:50.0810000+01:00|763|Horoscope Helios|0.00|10675739|Jasy Heavensong|1068703B|Tomo Uchuu|00|106478|97086||c68c78d4115bc03f5385375d9df473fc
30|2021-09-26T12:08:50.0810000+01:00|8a8|The Wanderer's Minuet|0.00|107629AA|Joeson Lmoa|1068703B|Tomo Uchuu|00|106478|106059||6b1232bb1fa4fdf112f0a622f3caefff
30|2021-09-26T12:08:50.0810000+01:00|717|Flourishing Fountain|0.00|1068703B|Tomo Uchuu|1068703B|Tomo Uchuu|00|106478|106478||4c425175e2c547ea329c39c43f3ae8f9
30|2021-09-26T12:08:50.0810000+01:00|71d|Standard Finish|0.00|1068703B|Tomo Uchuu|1068703B|Tomo Uchuu|00|106478|106478||892cf4834071e90ac4c4be050dc0fd61
30|2021-09-26T12:08:50.0810000+01:00|737|Esprit|0.00|1068703B|Tomo Uchuu|1068703B|Tomo Uchuu|00|106478|106478||58a16f7ec3a44d065fa906a1f586bfb6
30|2021-09-26T12:08:50.0810000+01:00|401|Water Resistance Down II|0.00|40011D77|Living Liquid|1068703B|Tomo Uchuu|00|106478|44||abbe5a3b121ac813c14fab2d7f1fdacb
30|2021-09-26T12:08:50.0810000+01:00|129|Galvanize|0.00|1057B8A2|Alex Knightfall|1068703B|Tomo Uchuu|00|106478|97285||bb38b2ca39f75d459aad2a2c8aebdfaf
30|2021-09-26T12:08:50.0810000+01:00|716|Flourishing Cascade|0.00|1068703B|Tomo Uchuu|1068703B|Tomo Uchuu|00|106478|106478||3c849dbea2eaf459b5c97bd40498c437
38|2021-09-26T12:08:50.0810000+01:00|107ABEEC|Greiyan Fletz|00505022|0|106544|0|10000|0|0|92.54259|105.2935|-0.001339854|-1.514829|D7F7|30|0|0720|42700000|1068703B|14016A|41F00000|E0000000|0A0168|41F00000|E0000000|28FE0030|450CA0E7|107ABEEC|04E4|416F4396|107ABEEC||35fd145602d3588495404dea29ce6b35
30|2021-09-26T12:08:50.0810000+01:00|512|Jinpu|0.00|107ABEEC|Greiyan Fletz|107ABEEC|Greiyan Fletz|00|106544|106544||c4a686e3228dc42257f6839a87b8a8a8
30|2021-09-26T12:08:50.0810000+01:00|401|Water Resistance Down II|0.00|40011D77|Living Liquid|107ABEEC|Greiyan Fletz|00|106544|44||3a477d518a6e514f71208131de5ffa9d
30|2021-09-26T12:08:50.0810000+01:00|839|Standard Finish|0.00|1068703B|Tomo Uchuu|107ABEEC|Greiyan Fletz|00|106544|106478||50e1692e07581158f900f511cc812800
30|2021-09-26T12:08:50.0810000+01:00|737|Esprit|0.00|1068703B|Tomo Uchuu|107ABEEC|Greiyan Fletz|00|106544|106478||c7bd9c06d50a7cc2588c93ee1b0d6ca7
30|2021-09-26T12:08:50.0810000+01:00|8a8|The Wanderer's Minuet|0.00|107629AA|Joeson Lmoa|107ABEEC|Greiyan Fletz|00|106544|106059||dd843dc36a0edf1df9e90358c54d92d4
30|2021-09-26T12:08:50.0810000+01:00|513|Shifu|0.00|107ABEEC|Greiyan Fletz|107ABEEC|Greiyan Fletz|00|106544|106544||5caddfbc20cb992a1cc71f8f774bbf86
30|2021-09-26T12:08:50.0810000+01:00|763|Horoscope Helios|0.00|10675739|Jasy Heavensong|107ABEEC|Greiyan Fletz|00|106544|97086||4dbeeebd7cfc05d4daa82af3c9e6e9c1
39|2021-09-26T12:08:50.1670000+01:00|1057B8A2|Alex Knightfall|38669|97285|526|10000|0|0|88.13198|92.25312|-0.001922498|0.9937952||e8c649866359f7aa3b678aac5e23ad61
21|2021-09-26T12:08:50.1680000+01:00|40011D70|Liquid Rage|49B5|Protean Wave|E0000000||0|0|0|0|0|0|0|0|0|0|0|0|0|0|0|0|||||||||||44|44|0|10000|0|1000|100|115|0|2.083034|00008E99|0|a8b17345ed99f563aa973a5a1c1e682a
21|2021-09-26T12:08:50.1680000+01:00|40011D72|Liquid Rage|49B5|Protean Wave|E0000000||0|0|0|0|0|0|0|0|0|0|0|0|0|0|0|0|||||||||||44|44|0|10000|0|1000|115|100|0|-0.6623545|00008E9A|0|4577b49a78e82f9105fbe94527b79349
21|2021-09-26T12:08:50.1680000+01:00|40011D71|Liquid Rage|49B5|Protean Wave|107629AA|Joeson Lmoa|650003|FB044008|20|50000|E|4010000|1B|49B58000|0|0|0|0|0|0|0|0|54409|106059|10000|10000|0|1000|102.8915|103.3188|0|-2.450044|44|44|0|10000|0|1000|85|100|0|1.374324|00008E9B|0|e2ff079c757f1788bfa460e2d33a2b60
38|2021-09-26T12:08:50.1680000+01:00|107401EC|Raesa Velan|00505019|34776|96887|0|10000|11|0|114.4568|91.62907|0|-2.904423|D7F7|30|0|0A016D|41F00000|E0000000|0A0168|41F00000|E0000000|29020030|45910656|107401EC|0763|4051CA04|10675739|08A8|405C394E|107629AA|A4|418B0624|107401EC|0|0|0|0|0|0|0129|41DA4186|1057B8A2||d5dd207b8816e72cea45115a5d8aed49
30|2021-09-26T12:08:50.1680000+01:00|401|Water Resistance Down II|0.00|40011D78|Living Liquid|107401EC|Raesa Velan|00|96887|44||90a64e56abe86e2cf57141dc19e0f5d2
38|2021-09-26T12:08:50.1680000+01:00|1057B8A2|Alex Knightfall|0050501C|38669|97285|526|10000|11|0|88.13198|92.25312|-0.001922498|0.9937952|D7F7|30|0|0A016D|41F00000|E0000000|1E016C|41F00000|E0000000|28FE0030|44D10631|1057B8A2|0763|406B639E|10675739|0|0|0|0129|41D70A38|1057B8A2|0|0|0|08A8|405C394E|107629AA|0317|40B309CD|1057B8A2|0|0|0|0|0|0|0|0|0|010130|0|1057B8A2||ae80495b50480a3c2cca8409a33f22dc
30|2021-09-26T12:08:50.1680000+01:00|401|Water Resistance Down II|0.00|40011D7A|Living Liquid|1057B8A2|Alex Knightfall|00|97285|44||6cd0e7d439e66b28c00a722f192f61af
38|2021-09-26T12:08:50.1680000+01:00|107629AA|Joeson Lmoa|00505017|54409|106059|10000|10000|0|0|102.8915|103.3188|0|-2.450044|D7F7|30|0|0A016D|41F00000|E0000000|0A0168|41F00000|E0000000|28FE0030|450C9CA7|107629AA|0763|4073E6A8|10675739|0|0|0|7A|3FE16851|107629AA|0401|40800000|40011D71||68384eb47b1cfd85725269aad2f8afdd
30|2021-09-26T12:08:50.1680000+01:00|401|Water Resistance Down II|0.00|40011D79|Living Liquid|107629AA|Joeson Lmoa|00|106059|44||0e2ac72dfe88e4e7e3e20d094e3d6a0b
26|2021-09-26T12:08:50.1680000+01:00|401|Water Resistance Down II|4.00|40011D71|Liquid Rage|107629AA|Joeson Lmoa|00|106059|44||050f296a68f2afe1cfc8cb9cca88446c
38|2021-09-26T12:08:50.1680000+01:00|10675739|Jasy Heavensong|00505021|49760|97086|5676|10000|18|0|108.4493|86.99328|-0.001292104|2.716566|D7F7|30|0|0A0168|41F00000|E0000000|0F016B|41F00000|E0000000|0763|40493691|10675739|28FE0030|450C9917|10675739|0|0|0|08A8|405947A5|107629AA|0|0|0|0347|0|10675739|0129|41D92F17|1057B8A2||764d6437f6c1d5c05eef0320c20411c7
30|2021-09-26T12:08:50.1680000+01:00|401|Water Resistance Down II|0.00|40011D77|Living Liquid|10675739|Jasy Heavensong|00|97086|44||4f9c02fc208e36eed0b610df4f896add
39|2021-09-26T12:08:50.2110000+01:00|107401EC|Raesa Velan|35744|96887|0|10000|0|0|114.8601|91.59985|-0.01531982|-2.951106||d067ec64f3416947b93907d87ec715a0
37|2021-09-26T12:08:50.3460000+01:00|40011D69|Living Liquid|00008E8C|1014255|12889320|10000|10000|0||100.4196|100.328|0|-3.021653|0|0|0|01|030004F1|28|41F00000|107629AA||d8e199fc840d2f26ddbb5492aa41091f
26|2021-09-26T12:08:50.3460000+01:00|4b1|Stormbite|30.00|107629AA|Joeson Lmoa|40011D69|Living Liquid|28|12889320|106059||19bbbe4be8c150ba7e58661e51731b89
24|2021-09-26T12:08:50.5230000+01:00|40011DEA|Liquid Hand|DoT|0|356F|1757752|12889320|10000|10000|0|1000|98.90691|102.4074|0|0.01117116||484a2f672469d7bb286d091217bd7a4a
38|2021-09-26T12:08:50.5230000+01:00|40011DEA|Liquid Hand|00505000|1744073|12889320|10000|10000|0|0|98.90691|102.4074|0|0.01117116|15BE|30|0|0A00A3|4103BE6A|107401EC|0767|41DB5601|1057B8A2|0|0|0|2804B1|41AB3B52|107629AA|0|0|0|2804B0|41AB3B52|107629AA||f0d4eee89d602293a464fd9bdd04c255
21|2021-09-26T12:08:50.5680000+01:00|10752D6C|Volkon Vysk|07|Attack|40011DEA|Liquid Hand|710203|CD30000|0|0|0|0|0|0|0|0|0|0|0|0|0|0|1757752|12889320|10000|10000|0|1000|98.90691|102.4074|0|0.01117116|30845|152511|10000|10000|0|1000|98.9145|106.9576|0|-1.325583|00008E9C|0|a75efd733c3878389e87c280086f4a96
21|2021-09-26T12:08:50.8810000+01:00|107401EC|Raesa Velan|99|Thunder III|40011D69|Living Liquid|550003|69FA0000|AF03D0E|A30000|1B|998000|0|0|0|0|0|0|0|0|0|0|1014255|12889320|10000|10000|0|1000|100.4196|100.328|0|-3.021653|35744|96887|0|10000|0|1000|115.7396|91.59985|0|-3.030569|00008E9D|0|1acff5e85b9a71f511f4276e5777d712
22|2021-09-26T12:08:50.8810000+01:00|10752D6C|Volkon Vysk|3F15|Demon Slaughter|40011DEA|Liquid Hand|3C710003|18CE0000|13D|ED8000|11B|3F158000|0|0|0|0|0|0|0|0|0|0|1744073|12889320|10000|10000|0|1000|99.01394|102.7934|0|-0.0453012|30845|152511|10000|10000|0|1000|98.85264|107.1049|-0.01531982|-1.676292|00008E9E|0|9fa3a571ea2f9c1711993c13e47c0f5c
22|2021-09-26T12:08:50.8810000+01:00|10752D6C|Volkon Vysk|3F15|Demon Slaughter|40011D69|Living Liquid|3C710003|19380000|0|0|0|0|0|0|0|0|0|0|0|0|0|0|1014255|12889320|10000|10000|0|1000|100.4196|100.328|0|-3.021653|30845|152511|10000|10000|0|1000|98.85264|107.1049|-0.01531982|-1.676292|00008E9E|1|245131aa562d0f565dff69459b2e15c1
38|2021-09-26T12:08:50.8810000+01:00|107401EC|Raesa Velan|00505019|35744|96887|0|10000|11|0|115.7396|91.59985|0|-3.030569|0|0|0|0A016D|41F00000|E0000000|0A0168|41F00000|E0000000|29020030|459100A2|107401EC|0763|402417D7|10675739|08A8|402E8721|107629AA|0|0|0|0|0|0|0|0|0|0129|41D48B3F|1057B8A2||8a43c8074eb0df8823f96c708854f337
30|2021-09-26T12:08:50.8810000+01:00|a4|Thundercloud|0.00|107401EC|Raesa Velan|107401EC|Raesa Velan|00|96887|96887||d9fb1f8bcf9ba23ddc44b7573bb72f95
37|2021-09-26T12:08:50.9250000+01:00|40011D69|Living Liquid|00008E98|1001463|12889320|10000|10000|0||100.4196|100.328|0|-3.021653||b10b4aed3f5f1563603cd82cb59badcd
37|2021-09-26T12:08:50.9710000+01:00|107629AA|Joeson Lmoa|00008E9B|0|106059|0|10000|0||103.036|103.4407|-0.002911427|0.3245704|1700|0|0|03|03000040|0|0|E0000000|05002680|0|0|E0000000|06002100|0|0|E0000000||4b34f43e614827f7ece65531ad4b77d0
38|2021-09-26T12:08:50.9710000+01:00|107629AA|Joeson Lmoa|00505017|0|106059|0|10000|0|0|103.036|103.4407|-0.002911427|0.3245704|9504|31|0|0A016D|41F00000|E0000000|0A0168|41F00000|E0000000|28FE0030|450C8FCF|107629AA||555e44f3cc4dd61ce285567023cc90e0
30|2021-09-26T12:08:50.9710000+01:00|763|Horoscope Helios|0.00|10675739|Jasy Heavensong|107629AA|Joeson Lmoa|00|106059|97086||abf3025454fe9401a9946b966a33cd3b
30|2021-09-26T12:08:50.9710000+01:00|7a|Straight Shot Ready|0.00|107629AA|Joeson Lmoa|107629AA|Joeson Lmoa|00|106059|106059||4653dd3855bdf2fd133f7dc600ec7e40
30|2021-09-26T12:08:50.9710000+01:00|401|Water Resistance Down II|0.00|40011D71|Liquid Rage|107629AA|Joeson Lmoa|00|106059|44||28943515ee7a6960b2c515ac70b4fcc1
37|2021-09-26T12:08:51.1040000+01:00|40011DEA|Liquid Hand|00008E9C|1740790|12889320|10000|10000|0||99.01575|102.7999|0|-0.0453012||a6aad6bf49a91efbc4c4f198ecf20558
21|2021-09-26T12:08:51.1040000+01:00|1057B8A2|Alex Knightfall|A7|Energy Drain|40011D69|Living Liquid|750003|17480000|104|7E38000|B|1F48000|0|0|0|0|0|0|0|0|0|0|1001463|12889320|10000|10000|0|1000|100.4196|100.328|0|-3.021653|38669|97285|526|10000|0|1000|87.96814|92.21021|0|0.9937952|00008E9F|0|4326c040ff4ca1194c619f6c1c4c4223
38|2021-09-26T12:08:51.1040000+01:00|1057B8A2|Alex Knightfall|0050501C|38669|97285|526|10000|11|0|87.96814|92.21021|0|0.9937952|9504|31|0|0A016D|41F00000|E0000000|1E016C|41F00000|E0000000|28FE0030|44D0E82C|1057B8A2|0763|402F5B6C|10675739|0|0|0|0129|41CF8931|1057B8A2|0|0|0|08A8|4020311C|107629AA|0317|409505B0|1057B8A2||a5c8d236efe178f713ebaacf8d128d4f
30|2021-09-26T12:08:51.1040000+01:00|130|Aetherflow|0.00|1057B8A2|Alex Knightfall|1057B8A2|Alex Knightfall|01|97285|97285||550800b8831a2804f2de35dc34b2db40
21|2021-09-26T12:08:51.3700000+01:00|40011DEA|Liquid Hand|4979|Unknown_4979|10752D6C|Volkon Vysk|F1730006|6AF20000|0|0|0|0|0|0|0|0|0|0|0|0|0|0|30845|152511|10000|10000|0|1000|98.80564|107.2167|0|-1.999814|1740790|12889320|10000|10000|0|1000|99.01575|102.7999|0|-0.0453012|00008EA0|0|9530bdb7aa0ffeb2f5c58f06e4991359
24|2021-09-26T12:08:51.4600000+01:00|10752D6C|Volkon Vysk|HoT|0|20B7|30845|152511|10000|10000|0|1000|98.80212|107.2251|0|-1.999814||dd76394147f2dd607ce83e19bb3be71d
38|2021-09-26T12:08:51.4600000+01:00|10752D6C|Volkon Vysk|00505025|39220|152511|10000|10000|0|0|98.80212|107.2251|0|-1.999814|989A|31|0|14016A|41F00000|E0000000|0A0168|41F00000|E0000000|28FD0030|450DD44C|10752D6C|0728|3F8E354B|10752D6C|08A8|400676BD|107629AA|0343|411A6674|10675739|0401|3FE2B01F|40011D7A|0763|4029B990|10675739|0|0|0|0|0|0|0|0|0|0|0|0|0|0|0|0|0|0|0|0|0|0729|0|10752D6C||91df079542543a2e3565902be32a939c
37|2021-09-26T12:08:51.5050000+01:00|40011DEA|Liquid Hand|00008E9E|1734440|12889320|10000|10000|0||99.01575|102.7999|0|-0.0453012||35df52fd4ec713bf9011b68baae058c5
37|2021-09-26T12:08:51.6390000+01:00|40011D69|Living Liquid|00008E9E|995007|12889320|10000|10000|0||100.4196|100.328|0|-3.021653|01|0|0|0||57ee143c478cec11d6a0bf50c1deae4c
37|2021-09-26T12:08:51.9060000+01:00|40011D69|Living Liquid|00008E9D|967877|12889320|10000|10000|0||100.4196|100.328|0|-3.021653|0|0|0|01|040026A3|0A|41C00000|107401EC||7b1951d7306ba9d206bdebbf96d4cfb9
26|2021-09-26T12:08:51.9060000+01:00|a3|Thunder III|24.00|107401EC|Raesa Velan|40011D69|Living Liquid|0A|12889320|96887||fbbe47c00458396771bcfef6e9242c96
37|2021-09-26T12:08:51.9060000+01:00|10752D6C|Volkon Vysk|00008EA0|11842|152511|10000|10000|0||98.80212|107.2251|0|-2.326451|2500|0|0|0||b6fc8cd907b981b757e7f51e84967ead
25|2021-09-26T12:08:52.0850000+01:00|1068703B|Tomo Uchuu|40011D77|Living Liquid||6f7983cddf089ea170da8007dabcbbd9
25|2021-09-26T12:08:52.0850000+01:00|107ABEEC|Greiyan Fletz|40011D78|Living Liquid||12fa78092139f7f7a5eee03f43430cbd
37|2021-09-26T12:08:52.1300000+01:00|40011D69|Living Liquid|00008E9F|961917|12889320|10000|10000|0||100.4196|100.328|0|-3.021653||cec05775baa201015a971205cae510f0
37|2021-09-26T12:08:52.1300000+01:00|1057B8A2|Alex Knightfall|00008E9F|40688|97285|1026|10000|11||87.96814|92.21021|0|0.9937952|1C00|0|0|0||0627141a2fc7c4b58232959b9380a1c2
03|2021-09-26T12:08:51.8070000+01:00|40011d7a|Liquid Rage|0|1|0|0||9213|9020|44|44|0|10000|0|0|100|115|0|-2.991931||676282f79ad83529c019697df411ebf7
03|2021-09-26T12:08:51.8070000+01:00|40011d79|Liquid Rage|0|1|0|0||9213|9020|44|44|0|10000|0|0|115|100|0|3.052429||fce398276f45bacc59ee3227e9292574
03|2021-09-26T12:08:51.8070000+01:00|40011d78|Liquid Rage|0|1|0|0||9213|9020|44|44|0|10000|0|0|85|100|0|2.773911||cdeba6d1ee94665e093e99b98b7d3576
21|2021-09-26T12:08:52.2640000+01:00|40011D78|Liquid Rage|49B6|Protean Wave|1057B8A2|Alex Knightfall|650003|B7CD0400|E|4010000|1B|49B68000|0|0|0|0|0|0|0|0|0|0|40688|97285|1026|10000|0|1000|87.96814|92.21021|0|0.9937952|44|44|0|10000|0|1000|85|100|0|2.773911|00008EA1|0|facadabb7b7e605851fb4e22a5579626
21|2021-09-26T12:08:52.2640000+01:00|40011D7A|Liquid Rage|49B6|Protean Wave|10752D6C|Volkon Vysk|650003|4F2C4005|E|4010000|1B|49B68000|0|0|0|0|0|0|0|0|0|0|11842|152511|10000|10000|0|1000|98.80212|107.218|-0.01531982|-2.816687|44|44|0|10000|0|1000|100|115|0|-2.991931|00008EA2|0|b3221caa715e67f6d2b739202ff3b472
21|2021-09-26T12:08:52.2640000+01:00|40011D79|Liquid Rage|49B6|Protean Wave|107401EC|Raesa Velan|650003|B8060400|E|4010000|1B|49B68000|0|0|0|0|0|0|0|0|0|0|35744|96887|0|10000|0|1000|115.7396|91.59985|0|-1.053813|44|44|0|10000|0|1000|115|100|0|3.052429|00008EA3|0|fdd90306f61b4189b934768ffa3b62e9
38|2021-09-26T12:08:52.2640000+01:00|107401EC|Raesa Velan|00505019|35744|96887|0|10000|0|0|115.7396|91.59985|0|-1.053813|1954|30|0|0A016D|41F00000|E0000000|0A0168|41F00000|E0000000|29020030|4590F596|107401EC|0763|3F972985|10675739|08A8|3FAC0819|107629AA|0401|407D1EB8|40011D79|0|0|0|0|0|0|0129|41C97ADB|1057B8A2||7fb58fb3503d4d1f4762916ccba9e4c7
26|2021-09-26T12:08:52.2640000+01:00|401|Water Resistance Down II|3.96|40011D79|Liquid Rage|107401EC|Raesa Velan|00|96887|44||f80d51364d7e0e79018ef59aaca9a034
38|2021-09-26T12:08:52.2640000+01:00|1057B8A2|Alex Knightfall|0050501C|40688|97285|1026|10000|0|0|87.96814|92.21021|0|0.9937952|1954|30|0|0A016D|41F00000|E0000000|1E016C|41F00000|E0000000|28FE0030|44D0C315|1057B8A2|0763|3FCA5CB9|10675739|0401|407D1EB8|40011D78|0129|41C6438D|1057B8A2|0|0|0|08A8|3FAC0819|107629AA|0317|405FDE4C|1057B8A2||efbe47800e732b47f4dbdaad6e83a893
26|2021-09-26T12:08:52.2640000+01:00|401|Water Resistance Down II|3.96|40011D78|Liquid Rage|1057B8A2|Alex Knightfall|00|97285|44||f321e94ce7dca8d885e477214ff846ce
38|2021-09-26T12:08:52.2640000+01:00|10752D6C|Volkon Vysk|00505025|11842|152511|10000|10000|0|0|98.80212|107.218|-0.01531982|-2.816687|1954|30|0|14016A|41F00000|E0000000|0A0168|41F00000|E0000000|28FD0030|450DC778|10752D6C|0728|3E9DB256|10752D6C|08A8|3FA624C6|107629AA|0343|410D8D61|10675739|0401|407D1EB8|40011D7A|0763|3FECAA6E|10675739|0|0|0|0|0|0|0|0|0|0|0|0|0|0|0|0|0|0|0|0|0|0729|0|10752D6C||476435fe2d0e791e8c4d5bc422678416
26|2021-09-26T12:08:52.2640000+01:00|401|Water Resistance Down II|3.96|40011D7A|Liquid Rage|10752D6C|Volkon Vysk|00|152511|44||edfa78e5a8083381252a450e05625029
21|2021-09-26T12:08:52.3080000+01:00|40011D69|Living Liquid|4978|Unknown_4978|10752D6C|Volkon Vysk|F1730006|6F270000|0|0|0|0|0|0|0|0|0|0|0|0|0|0|11842|152511|10000|10000|0|1000|98.80212|107.2037|-0.0008463654|-2.89682|961917|12889320|10000|10000|0|1000|100.4196|100.328|0|-3.021653|00008EA4|0|8f8550f1451f5684a8ec748fc4a7ecef
20|2021-09-26T12:08:52.4410000+01:00|1057B8A2|Alex Knightfall|409D|Broil III|40011D69|Living Liquid|2.43|87.96814|92.21021|0|0.9937952||3b7946bfa28bc5e8c567735c6e54b3ed
38|2021-09-26T12:08:52.5750000+01:00|10752D6C|Volkon Vysk|00505025|11842|152511|10000|10000|0|0|98.80212|107.1871|0|-2.990717|D7F7|30|0|14016A|41F00000|E0000000|0A0168|41F00000|E0000000|28FD0030|450DC27C|10752D6C|0|0|0|08A8|3F7C6A52|107629AA|0343|41088F6E|10675739|0401|406926E9|40011D7A|0763|3FC4BAD1|10675739|0|0|0|0|0|0|0|0|0|0|0|0|0|0|0|0|0|0|0|0|0|0729|0|10752D6C||5cacd3d819764fa699a822f4499b860d
30|2021-09-26T12:08:52.5750000+01:00|728|Camouflage|0.00|10752D6C|Volkon Vysk|10752D6C|Volkon Vysk|00|152511|152511||6baa2c499d652009a8b373979f96390e
37|2021-09-26T12:08:52.8450000+01:00|10752D6C|Volkon Vysk|00008EA4|0|152511|0|10000|0||99.72995|105.1538|-0.01531982|-3.099896|2500|0|0|04|04002600|0|0|E0000000|05000000|0|0|E0000000|06002600|0|0|E0000000|07000000|0|0|E0000000||9ed831d796d993e48715fd4629bd3999
38|2021-09-26T12:08:52.8450000+01:00|10752D6C|Volkon Vysk|00505025|0|152511|0|10000|0|0|99.72995|105.1538|-0.01531982|-3.099896|1EA7|30|0|14016A|41F00000|E0000000|0A0168|41F00000|E0000000|28FD0030|450DBE2C|10752D6C|0|0|0|0|0|0|0|0|0|0|0|0|0|0|0|0|0|0|0|0|0|0|0|0|0|0|0|0|0|0|0|0|0|0|0|0|0729|0|10752D6C||8cbab0089b296854aa8a9f2388766302
30|2021-09-26T12:08:52.8450000+01:00|8a8|The Wanderer's Minuet|0.00|107629AA|Joeson Lmoa|10752D6C|Volkon Vysk|00|152511|106059||74be032c1d05c70773eb8d6badf94689
30|2021-09-26T12:08:52.8450000+01:00|343|Aspected Benefic|0.00|10675739|Jasy Heavensong|10752D6C|Volkon Vysk|00|152511|97086||5e59a7ee7856fe80c09cd37fd5940b16
30|2021-09-26T12:08:52.8450000+01:00|401|Water Resistance Down II|0.00|40011D7A|Liquid Rage|10752D6C|Volkon Vysk|00|152511|44||a9826b3e4da5817cd513ba1e69f2fdb3
30|2021-09-26T12:08:52.8450000+01:00|763|Horoscope Helios|0.00|10675739|Jasy Heavensong|10752D6C|Volkon Vysk|00|152511|97086||0766d44ca02c098cd86705f9040633fa
39|2021-09-26T12:08:52.9320000+01:00|10675739|Jasy Heavensong|50730|97086|5940|10000|0|0|107.8354|85.25208|0|2.829327||ba70a76b10a3e739e722e6d44bfbc5e2
25|2021-09-26T12:08:52.9760000+01:00|107629AA|Joeson Lmoa|40011D71|Liquid Rage||0dba78760d13c95025dc55cd3a4643de
24|2021-09-26T12:08:53.0220000+01:00|40011D69|Living Liquid|DoT|0|4BA7|961917|12889320|10000|10000|0|1000|100.4196|100.328|0|-0.9814755||e6fd6e0c20ad63d4e63496f1bd96d93b
36|2021-09-26T12:08:53.0220000+01:00|23DC|3|36384c2fee6dbefa8fc28aa30e60378b
38|2021-09-26T12:08:53.0220000+01:00|40011D69|Living Liquid|00505000|942550|12889320|10000|10000|0|0|100.4196|100.328|0|-0.9814755|1EA7|30|0|0767|40BB53A0|1057B8A2|2804B0|4182891D|107629AA|04CC|421A7763|107ABEEC|2804B1|41DA3954|107629AA|0A00A3|41B6B643|107401EC|0759|410D6C5C|10675739||f7294dc53b337b95803d89a4db690ef1
23|2021-09-26T12:08:53.0680000+01:00|1057B8A2|Alex Knightfall|409D|Broil III|Interrupted||a367bbbe1ba8ee05c0e2098a40efe819
37|2021-09-26T12:08:53.0680000+01:00|1057B8A2|Alex Knightfall|00008EA1|0|97285|0|10000|0||87.96814|92.21021|0|0.9937952|1C00|0|0|04|03002600|0|0|E0000000|04000000|0|0|E0000000|05002600|0|0|E0000000|07000000|0|0|E0000000||399cd1ffba4cacfd7b5be786ce6bb5d2
37|2021-09-26T12:08:53.0680000+01:00|107401EC|Raesa Velan|00008EA3|0|96887|0|10000|0||115.7396|91.59985|0|-1.212505|1900|0|0|04|03002600|0|0|E0000000|04000000|0|0|E0000000|05002600|0|0|E0000000|08000000|0|0|E0000000||30a09d4ec124e30d396a7ec2c8e02676
38|2021-09-26T12:08:53.0680000+01:00|107401EC|Raesa Velan|00505019|0|96887|0|10000|0|0|115.7396|91.59985|0|-1.212505|1EA7|30|0|0A016D|41F00000|E0000000|0A0168|41F00000|E0000000|29020030|4590EF28|107401EC||c4124d735031bcf9cff9407f1670f88f
30|2021-09-26T12:08:53.0680000+01:00|763|Horoscope Helios|0.00|10675739|Jasy Heavensong|107401EC|Raesa Velan|00|96887|97086||0fe5e0bd37e6b56ae0dfd81fd3ab9eb1
30|2021-09-26T12:08:53.0680000+01:00|8a8|The Wanderer's Minuet|0.00|107629AA|Joeson Lmoa|107401EC|Raesa Velan|00|96887|106059||a7e4fd18a199f5ef2d7ded948dab3260
30|2021-09-26T12:08:53.0680000+01:00|401|Water Resistance Down II|0.00|40011D79|Liquid Rage|107401EC|Raesa Velan|00|96887|44||1363559fb895a1e2c0a07af41b9dd825
30|2021-09-26T12:08:53.0680000+01:00|129|Galvanize|0.00|1057B8A2|Alex Knightfall|107401EC|Raesa Velan|00|96887|97285||c5c811e7feebb9935c835d57784c93f7
38|2021-09-26T12:08:53.0680000+01:00|1057B8A2|Alex Knightfall|0050501C|0|97285|0|10000|0|0|87.96814|92.21021|0|0.9937952|1EA7|30|0|0A016D|41F00000|E0000000|1E016C|41F00000|E0000000|28FE0030|44D0A952|1057B8A2||b4267e659ed36d6337028ff9898afdb2
30|2021-09-26T12:08:53.0680000+01:00|763|Horoscope Helios|0.00|10675739|Jasy Heavensong|1057B8A2|Alex Knightfall|00|97285|97086||b6fe46f6c30cd01daac58f4651065587
30|2021-09-26T12:08:53.0680000+01:00|401|Water Resistance Down II|0.00|40011D78|Liquid Rage|1057B8A2|Alex Knightfall|00|97285|44||e87f3729549f861209356de262b126c2
30|2021-09-26T12:08:53.0680000+01:00|129|Galvanize|0.00|1057B8A2|Alex Knightfall|1057B8A2|Alex Knightfall|00|97285|97285||c32f0ea96ce5de58043c38a75635465a
30|2021-09-26T12:08:53.0680000+01:00|8a8|The Wanderer's Minuet|0.00|107629AA|Joeson Lmoa|1057B8A2|Alex Knightfall|00|97285|106059||40584894b0bd51e7f1acba9fcb2d2ea2
30|2021-09-26T12:08:53.0680000+01:00|317|Dissipation|0.00|1057B8A2|Alex Knightfall|1057B8A2|Alex Knightfall|00|97285|97285||a1455dde99aba01d02cb4f4f84cd5389
24|2021-09-26T12:08:53.3340000+01:00|10675739|Jasy Heavensong|HoT|763|426C|50730|97086|5940|10000|0|1000|107.8354|85.25208|0|2.829327||c1354333ae3d54a9689bf8d6499eeea5
38|2021-09-26T12:08:53.3340000+01:00|10675739|Jasy Heavensong|00505021|67734|97086|5940|10000|18|0|107.8354|85.25208|0|2.829327|0|0|0|0A0168|41F00000|E0000000|0F016B|41F00000|E0000000|0|0|0|28FE0030|450C667F|10675739|0|0|0|08A8|3E69781F|107629AA|0|0|0|0347|0|10675739|0129|41BFD90F|1057B8A2||c7024fb006e44d88833530a4cd9c8d97
30|2021-09-26T12:08:53.3340000+01:00|763|Horoscope Helios|0.00|10675739|Jasy Heavensong|10675739|Jasy Heavensong|00|97086|97086||39c963def40fba7f7b831bca6d6d77c3
24|2021-09-26T12:08:53.5560000+01:00|40011DEA|Liquid Hand|DoT|0|335A|1734440|12889320|10000|10000|0|1000|100.3609|101.2955|0|2.055766||eba97ddf44e7a5ba21925d961c6f37b6
38|2021-09-26T12:08:53.5560000+01:00|40011DEA|Liquid Hand|00505000|1721294|12889320|10000|10000|0|0|100.3609|101.2955|0|2.055766|DE36|30|0|0A00A3|40A66E73|107401EC|0767|41C31268|1057B8A2|0|0|0|2804B1|4192F7B9|107629AA|0|0|0|2804B0|4192F7B9|107629AA||f46afd093730b3337c04b03610580eec
38|2021-09-26T12:08:53.6000000+01:00|10675739|Jasy Heavensong|00505021|67734|97086|5940|10000|18|0|107.8354|85.25208|0|2.829327|DE36|30|0|0A0168|41F00000|E0000000|0F016B|41F00000|E0000000|0|0|0|28FE0030|450C623B|10675739|0|0|0|0|0|0|0|0|0|0347|0|10675739|0129|41BDB63D|1057B8A2||cbb78061d05164311b4ed5bed995096f
30|2021-09-26T12:08:53.6000000+01:00|8a8|The Wanderer's Minuet|0.00|107629AA|Joeson Lmoa|10675739|Jasy Heavensong|00|97086|106059||d7576cb880f445b7cfa271f759d0d915
25|2021-09-26T12:08:54.8470000+01:00|10752D6C|Volkon Vysk|40011D69|Living Liquid||3ef6876a1b7f97467bd932e668849dc1
25|2021-09-26T12:08:55.0700000+01:00|107401EC|Raesa Velan|40011D79|Liquid Rage||17d068f81b6b0dbb7ca276b8589e5e5b
25|2021-09-26T12:08:55.0700000+01:00|1057B8A2|Alex Knightfall|40011D78|Liquid Rage||2fcc422fd2ea0295f2c2539ad49dcb32
21|2021-09-26T12:08:55.3390000+01:00|40011D69|Living Liquid|4978|Unknown_4978|10675739|Jasy Heavensong|730003|B6AC0400|0|0|0|0|0|0|0|0|0|0|0|0|0|0|67734|97086|5940|10000|0|1000|110.8947|83.77666|-0.001200053|2.456897|942550|12889320|10000|10000|0|1000|105.7202|89.18404|0|2.423467|00008EA5|0|4358ed34611fd776bf71dc2dc5f01e75
21|2021-09-26T12:08:55.4270000+01:00|40011DEA|Liquid Hand|4979|Unknown_4979|10675739|Jasy Heavensong|730003|F0130400|0|0|0|0|0|0|0|0|0|0|0|0|0|0|67734|97086|5940|10000|0|1000|110.8947|83.77666|-0.001200053|2.456897|1721294|12889320|10000|10000|0|1000|106.7458|87.66609|0|2.525949|00008EA6|0|8f60b18e24470b21b5717f967b38c596
37|2021-09-26T12:08:55.8720000+01:00|10675739|Jasy Heavensong|00008EA5|20970|97086|5940|10000|0||110.959|83.52533|-0.01531982|2.678515|2100|0|0|01|08002600|0|0|E0000000||a613d19dd5d1bc7ad0275566db8ca8b8
38|2021-09-26T12:08:55.8720000+01:00|10675739|Jasy Heavensong|00505021|20970|97086|5940|10000|0|0|110.959|83.52533|-0.01531982|2.678515|DF7C|30|0|0A0168|41F00000|E0000000|0F016B|41F00000|E0000000|0|0|0|28FE0030|450C3DEF|10675739|0|0|0|0|0|0|0|0|0|0347|0|10675739||95cce4ed3503a29c186bf9ba44ac8402
30|2021-09-26T12:08:55.8720000+01:00|129|Galvanize|0.00|1057B8A2|Alex Knightfall|10675739|Jasy Heavensong|00|97086|97285||71fb38d798c69d1a6c5e803f1ce29aef
33|2021-09-26T12:08:55.9620000+01:00|80037586|40000005|00|00|00|00|69245cd1f8b71e5735c2cb22cbdf0d59
37|2021-09-26T12:08:55.9620000+01:00|10675739|Jasy Heavensong|00008EA6|0|97086|0|10000|0||110.9839|83.48376|-0.001728179|2.678515|2100|0|0|0||2e6102e6a5b20206b84f369fe122af82
38|2021-09-26T12:08:55.9620000+01:00|10675739|Jasy Heavensong|00505021|0|97086|0|10000|0|0|110.9839|83.48376|-0.001728179|2.678515|1DF5|30|0|0A0168|41F00000|E0000000|0F016B|41F00000|E0000000|0|0|0|28FE0030|450C3C83|10675739|0|0|0|0|0|0|0|0|0|0347|0|10675739||a374f065f0f88f68bc23ee4c99dd0471
21|2021-09-26T12:08:56.1830000+01:00|40011E45|Liquid Rage|4829|Pressurize|40011E45|Liquid Rage|3C|0|1B|48298000|0|0|0|0|0|0|0|0|0|0|0|0|11919920|11919920|10000|10000|0|1000|85|100|0|-4.792213E-05|11919920|11919920|10000|10000|0|1000|85|100|0|-4.792213E-05|00008EA7|0|1c521789785db44227954027b923c4f0
21|2021-09-26T12:08:56.1830000+01:00|40011E46|Liquid Rage|4829|Pressurize|40011E46|Liquid Rage|3C|0|1B|48298000|0|0|0|0|0|0|0|0|0|0|0|0|11919920|11919920|10000|10000|0|1000|115|100|0|-4.792213E-05|11919920|11919920|10000|10000|0|1000|115|100|0|-4.792213E-05|00008EA8|0|f4a7b14a53de5d518385ec5f37f60f04
03|2021-09-26T12:08:56.5950000+01:00|40011e7d|Embolus|0|50|0|0||9215|11339|14800000|14800000|10000|10000|0|0|115|100|0|-2.548988||800ec1b952fbfc33327381f23b2b55e5
03|2021-09-26T12:08:56.5950000+01:00|40011e7c|Embolus|0|50|0|0||9215|11339|14800000|14800000|10000|10000|0|0|85|100|0|2.1303||f780cd03567394e321870e808dddf223
25|2021-09-26T12:08:57.9640000+01:00|10675739|Jasy Heavensong|40011DEA|Liquid Hand||9c294388a545a3558331306af3ddd2b6
38|2021-09-26T12:08:58.7680000+01:00|40011DEA|Liquid Hand|00505000|1721294|12889320|10000|10000|0|0|107.5608|85.86243|0|2.165966|DE36|30|0|0|0|0|0767|4199623D|1057B8A2|0|0|0|2804B1|41528F27|107629AA|0|0|0|2804B0|41528F27|107629AA||eb48913897f7527af3f8cd1894029b80
30|2021-09-26T12:08:58.7680000+01:00|a3|Thunder III|0.00|107401EC|Raesa Velan|40011DEA|Liquid Hand|0A|12889320|96887||e9e80804b166d130eb998a4ee2635def
38|2021-09-26T12:08:58.9010000+01:00|40011D69|Living Liquid|00505000|942550|12889320|10000|10000|0|0|106.8894|87.96814|0|2.398655|DE36|30|0|0|0|0|2804B0|41270600|107629AA|04CC|4202F47B|107ABEEC|2804B1|41AB3324|107629AA|0A00A3|4187B013|107401EC|0759|403D8027|10675739||168122b42cd3fa60f07da8351632c7d7
30|2021-09-26T12:08:58.9010000+01:00|767|Biolysis|0.00|1057B8A2|Alex Knightfall|40011D69|Living Liquid|00|12889320|97285||ff6856e182f0741cb785ffcb127f5b4b
36|2021-09-26T12:08:58.9930000+01:00|23DC|2|66dea6a4189d6e349a1b3ad29584ee8f
36|2021-09-26T12:08:59.2140000+01:00|0000|2|14f8ea75df8a5e7a03c3514e16c72cb7